# Step 3 run log
# competitor : duolingo
# started_at : 2026-07-02T06:29:39
# input      : facebook/inputs/fb-ads-duolingo-2026-07-02-0628.csv
# videos     : facebook/videos/duolingo-2026-07-02
# master     : facebook/master/duolingo.csv  (updated)
# enriched   : facebook/inputs/fb-ads-duolingo-2026-07-02-0628_enriched.csv
# bucket     : video-ads
# public_base: https://pub-893b4a6a607b4221a894bf861da7914e.r2.dev
# dry_run    : False
#
# counts     : {'uploaded': 8, 'carried-forward': 12, 'image-pending': 1, 'video-missing': 0, 'no-creative': 0, 'error': 0}
#
carried-forward  870791105586044 c0  → https://pub-893b4a6a607b4221a894bf861da7914e.r2.dev/870791105586044.jpg
carried-forward  855822700785894 c0  → https://pub-893b4a6a607b4221a894bf861da7914e.r2.dev/855822700785894.jpg
carried-forward  931440739227131 c0  → https://pub-893b4a6a607b4221a894bf861da7914e.r2.dev/931440739227131.mp4
carried-forward  873410355318564 c0  → https://pub-893b4a6a607b4221a894bf861da7914e.r2.dev/873410355318564.mp4
carried-forward  4420167301545944 c0  → https://pub-893b4a6a607b4221a894bf861da7914e.r2.dev/4420167301545944.jpg
carried-forward  1393073786168344 c0  → https://pub-893b4a6a607b4221a894bf861da7914e.r2.dev/1393073786168344.jpg
carried-forward  854198787652805 c0  → https://pub-893b4a6a607b4221a894bf861da7914e.r2.dev/854198787652805.jpg
carried-forward  1187219770066761 c0  → https://pub-893b4a6a607b4221a894bf861da7914e.r2.dev/1187219770066761.mp4
carried-forward  1428449025623778 c0  → https://pub-893b4a6a607b4221a894bf861da7914e.r2.dev/1428449025623778.mp4
carried-forward  862072036697076 c0  → https://pub-893b4a6a607b4221a894bf861da7914e.r2.dev/862072036697076.mp4
carried-forward  4047050955534121 c0  → https://pub-893b4a6a607b4221a894bf861da7914e.r2.dev/4047050955534121.mp4
carried-forward  26572679392369522 c0  → https://pub-893b4a6a607b4221a894bf861da7914e.r2.dev/26572679392369522.mp4
uploaded         1454975033324122 c0  (video) ← 1454975033324122.mp4  → https://pub-893b4a6a607b4221a894bf861da7914e.r2.dev/1454975033324122.mp4
image-pending    1364532395612949 c0  (HANDOVER §8.5 — image handling not yet built)
uploaded         1494881322674687 c0  (video) ← 1494881322674687.mp4  → https://pub-893b4a6a607b4221a894bf861da7914e.r2.dev/1494881322674687.mp4
uploaded         3939394116369617 c0  (video) ← 3939394116369617.mp4  → https://pub-893b4a6a607b4221a894bf861da7914e.r2.dev/3939394116369617.mp4
uploaded         1340124641657794 c0  (video) ← 1340124641657794.mp4  → https://pub-893b4a6a607b4221a894bf861da7914e.r2.dev/1340124641657794.mp4
uploaded         872722692089728 c0  (video) ← 872722692089728.mp4  → https://pub-893b4a6a607b4221a894bf861da7914e.r2.dev/872722692089728.mp4
uploaded         1530352525167478 c0  (video) ← 1530352525167478.mp4  → https://pub-893b4a6a607b4221a894bf861da7914e.r2.dev/1530352525167478.mp4
uploaded         1065691319139064 c0  (video) ← 1065691319139064.mp4  → https://pub-893b4a6a607b4221a894bf861da7914e.r2.dev/1065691319139064.mp4
uploaded         1358473513046877 c0  (video) ← 1358473513046877.mp4  → https://pub-893b4a6a607b4221a894bf861da7914e.r2.dev/1358473513046877.mp4
