# Step 3 run log
# competitor : english-seekho
# started_at : 2026-07-22T06:50:37
# input      : facebook/inputs/fb-ads-english-seekho-2026-07-22-0632.csv
# videos     : facebook/videos/english-seekho-2026-07-22
# master     : facebook/master/english-seekho.csv  (updated)
# enriched   : facebook/inputs/fb-ads-english-seekho-2026-07-22-0632_enriched.csv
# bucket     : video-ads
# public_base: https://pub-893b4a6a607b4221a894bf861da7914e.r2.dev
# dry_run    : False
#
# counts     : {'uploaded': 111, 'carried-forward': 164, 'image-pending': 0, 'video-missing': 29, 'no-creative': 0, 'error': 0}
#
carried-forward  985533387662266 c0  → https://pub-893b4a6a607b4221a894bf861da7914e.r2.dev/985533387662266.mp4
carried-forward  873021038754328 c0  → https://pub-893b4a6a607b4221a894bf861da7914e.r2.dev/873021038754328.mp4
carried-forward  1054074483851039 c0  → https://pub-893b4a6a607b4221a894bf861da7914e.r2.dev/1054074483851039.mp4
carried-forward  1064443136246118 c0  → https://pub-893b4a6a607b4221a894bf861da7914e.r2.dev/1064443136246118.mp4
carried-forward  1366714225383108 c0  → https://pub-893b4a6a607b4221a894bf861da7914e.r2.dev/1366714225383108.mp4
carried-forward  1342745497312585 c0  → https://pub-893b4a6a607b4221a894bf861da7914e.r2.dev/1342745497312585.mp4
video-missing    1342745497312585 c0  (expected file not found in facebook/videos/english-seekho-2026-07-22)
carried-forward  1340768337559606 c0  → https://pub-893b4a6a607b4221a894bf861da7914e.r2.dev/1340768337559606.mp4
carried-forward  1042747258515987 c0  → https://pub-893b4a6a607b4221a894bf861da7914e.r2.dev/1042747258515987.mp4
video-missing    1042747258515987 c0  (expected file not found in facebook/videos/english-seekho-2026-07-22)
carried-forward  916813304778792 c0  → https://pub-893b4a6a607b4221a894bf861da7914e.r2.dev/916813304778792.mp4
carried-forward  1065938595853390 c0  → https://pub-893b4a6a607b4221a894bf861da7914e.r2.dev/1065938595853390.mp4
carried-forward  27591341017143460 c0  → https://pub-893b4a6a607b4221a894bf861da7914e.r2.dev/27591341017143460.mp4
carried-forward  1566236988412994 c0  → https://pub-893b4a6a607b4221a894bf861da7914e.r2.dev/1566236988412994.mp4
carried-forward  1221246250088062 c0  → https://pub-893b4a6a607b4221a894bf861da7914e.r2.dev/1221246250088062.mp4
carried-forward  1010706051970940 c0  → https://pub-893b4a6a607b4221a894bf861da7914e.r2.dev/1010706051970940.mp4
carried-forward  1647889789617946 c0  → https://pub-893b4a6a607b4221a894bf861da7914e.r2.dev/1647889789617946.mp4
carried-forward  1767474411280268 c0  → https://pub-893b4a6a607b4221a894bf861da7914e.r2.dev/1767474411280268.mp4
carried-forward  1361497661979072 c0  → https://pub-893b4a6a607b4221a894bf861da7914e.r2.dev/1361497661979072.mp4
carried-forward  1960061858003904 c0  → https://pub-893b4a6a607b4221a894bf861da7914e.r2.dev/1960061858003904.mp4
uploaded         1058537406702735 c0  (video) ← 1058537406702735.mp4  → https://pub-893b4a6a607b4221a894bf861da7914e.r2.dev/1058537406702735.mp4
carried-forward  883414924661759 c0  → https://pub-893b4a6a607b4221a894bf861da7914e.r2.dev/883414924661759.mp4
carried-forward  2152508018617561 c0  → https://pub-893b4a6a607b4221a894bf861da7914e.r2.dev/2152508018617561.mp4
carried-forward  27781493381462000 c0  → https://pub-893b4a6a607b4221a894bf861da7914e.r2.dev/27781493381462000.mp4
carried-forward  2231013954313138 c0  → https://pub-893b4a6a607b4221a894bf861da7914e.r2.dev/2231013954313138.mp4
carried-forward  1351311536406038 c0  → https://pub-893b4a6a607b4221a894bf861da7914e.r2.dev/1351311536406038.mp4
carried-forward  1700880501155696 c0  → https://pub-893b4a6a607b4221a894bf861da7914e.r2.dev/1700880501155696.mp4
video-missing    1700880501155696 c0  (expected file not found in facebook/videos/english-seekho-2026-07-22)
carried-forward  1014900067589638 c0  → https://pub-893b4a6a607b4221a894bf861da7914e.r2.dev/1014900067589638.mp4
carried-forward  1001931542652100 c0  → https://pub-893b4a6a607b4221a894bf861da7914e.r2.dev/1001931542652100.mp4
carried-forward  2210932513040298 c0  → https://pub-893b4a6a607b4221a894bf861da7914e.r2.dev/2210932513040298.mp4
carried-forward  2201883133941569 c0  → https://pub-893b4a6a607b4221a894bf861da7914e.r2.dev/2201883133941569.mp4
carried-forward  893703543799152 c0  → https://pub-893b4a6a607b4221a894bf861da7914e.r2.dev/893703543799152.mp4
video-missing    893703543799152 c0  (expected file not found in facebook/videos/english-seekho-2026-07-22)
carried-forward  1356443862481471 c0  → https://pub-893b4a6a607b4221a894bf861da7914e.r2.dev/1356443862481471.mp4
uploaded         1361260039312128 c0  (video) ← 1361260039312128.mp4  → https://pub-893b4a6a607b4221a894bf861da7914e.r2.dev/1361260039312128.mp4
carried-forward  1193274679606735 c0  → https://pub-893b4a6a607b4221a894bf861da7914e.r2.dev/1193274679606735.mp4
video-missing    1193274679606735 c0  (expected file not found in facebook/videos/english-seekho-2026-07-22)
uploaded         1020002360844503 c0  (video) ← 1020002360844503.mp4  → https://pub-893b4a6a607b4221a894bf861da7914e.r2.dev/1020002360844503.mp4
video-missing    1020002360844503 c0  (expected file not found in facebook/videos/english-seekho-2026-07-22)
carried-forward  1360454026018817 c0  → https://pub-893b4a6a607b4221a894bf861da7914e.r2.dev/1360454026018817.mp4
carried-forward  1414490704064865 c0  → https://pub-893b4a6a607b4221a894bf861da7914e.r2.dev/1414490704064865.mp4
carried-forward  1223700476600723 c0  → https://pub-893b4a6a607b4221a894bf861da7914e.r2.dev/1223700476600723.mp4
carried-forward  1548699226788927 c0  → https://pub-893b4a6a607b4221a894bf861da7914e.r2.dev/1548699226788927.mp4
video-missing    1548699226788927 c0  (expected file not found in facebook/videos/english-seekho-2026-07-22)
carried-forward  2250084872471619 c0  → https://pub-893b4a6a607b4221a894bf861da7914e.r2.dev/2250084872471619.mp4
carried-forward  2453287415158391 c0  → https://pub-893b4a6a607b4221a894bf861da7914e.r2.dev/2453287415158391.mp4
carried-forward  988958730629564 c0  → https://pub-893b4a6a607b4221a894bf861da7914e.r2.dev/988958730629564.mp4
carried-forward  1478126110733286 c0  → https://pub-893b4a6a607b4221a894bf861da7914e.r2.dev/1478126110733286.mp4
carried-forward  1641629937137441 c0  → https://pub-893b4a6a607b4221a894bf861da7914e.r2.dev/1641629937137441.mp4
uploaded         1566009114993427 c0  (video) ← 1566009114993427.mp4  → https://pub-893b4a6a607b4221a894bf861da7914e.r2.dev/1566009114993427.mp4
carried-forward  975696818620909 c0  → https://pub-893b4a6a607b4221a894bf861da7914e.r2.dev/975696818620909.mp4
carried-forward  1647176899685316 c0  → https://pub-893b4a6a607b4221a894bf861da7914e.r2.dev/1647176899685316.mp4
carried-forward  1538459244490621 c0  → https://pub-893b4a6a607b4221a894bf861da7914e.r2.dev/1538459244490621.mp4
carried-forward  1781211133045778 c0  → https://pub-893b4a6a607b4221a894bf861da7914e.r2.dev/1781211133045778.mp4
carried-forward  1808954107158548 c0  → https://pub-893b4a6a607b4221a894bf861da7914e.r2.dev/1808954107158548.mp4
carried-forward  1515389233401695 c0  → https://pub-893b4a6a607b4221a894bf861da7914e.r2.dev/1515389233401695.mp4
video-missing    1515389233401695 c0  (expected file not found in facebook/videos/english-seekho-2026-07-22)
carried-forward  1380227164013437 c0  → https://pub-893b4a6a607b4221a894bf861da7914e.r2.dev/1380227164013437.mp4
carried-forward  4404859313114775 c0  → https://pub-893b4a6a607b4221a894bf861da7914e.r2.dev/4404859313114775.mp4
uploaded         2550433898807550 c0  (video) ← 2550433898807550.mp4  → https://pub-893b4a6a607b4221a894bf861da7914e.r2.dev/2550433898807550.mp4
video-missing    2550433898807550 c0  (expected file not found in facebook/videos/english-seekho-2026-07-22)
carried-forward  1033037325739194 c0  → https://pub-893b4a6a607b4221a894bf861da7914e.r2.dev/1033037325739194.mp4
carried-forward  1961729674555213 c0  → https://pub-893b4a6a607b4221a894bf861da7914e.r2.dev/1961729674555213.mp4
carried-forward  1032793555915493 c0  → https://pub-893b4a6a607b4221a894bf861da7914e.r2.dev/1032793555915493.mp4
carried-forward  1369951375034457 c0  → https://pub-893b4a6a607b4221a894bf861da7914e.r2.dev/1369951375034457.mp4
video-missing    1369951375034457 c0  (expected file not found in facebook/videos/english-seekho-2026-07-22)
carried-forward  1044744307945374 c0  → https://pub-893b4a6a607b4221a894bf861da7914e.r2.dev/1044744307945374.mp4
carried-forward  1703849837598003 c0  → https://pub-893b4a6a607b4221a894bf861da7914e.r2.dev/1703849837598003.mp4
video-missing    1703849837598003 c0  (expected file not found in facebook/videos/english-seekho-2026-07-22)
carried-forward  1021299320653057 c0  → https://pub-893b4a6a607b4221a894bf861da7914e.r2.dev/1021299320653057.mp4
carried-forward  2491232341320020 c0  → https://pub-893b4a6a607b4221a894bf861da7914e.r2.dev/2491232341320020.mp4
carried-forward  1217608480437639 c0  → https://pub-893b4a6a607b4221a894bf861da7914e.r2.dev/1217608480437639.mp4
uploaded         918585787195326 c0  (video) ← 918585787195326.mp4  → https://pub-893b4a6a607b4221a894bf861da7914e.r2.dev/918585787195326.mp4
video-missing    918585787195326 c0  (expected file not found in facebook/videos/english-seekho-2026-07-22)
carried-forward  1569302308257783 c0  → https://pub-893b4a6a607b4221a894bf861da7914e.r2.dev/1569302308257783.mp4
carried-forward  1624973612669738 c0  → https://pub-893b4a6a607b4221a894bf861da7914e.r2.dev/1624973612669738.mp4
carried-forward  1103580098931885 c0  → https://pub-893b4a6a607b4221a894bf861da7914e.r2.dev/1103580098931885.mp4
carried-forward  2176109583183986 c0  → https://pub-893b4a6a607b4221a894bf861da7914e.r2.dev/2176109583183986.mp4
carried-forward  1588032462897555 c0  → https://pub-893b4a6a607b4221a894bf861da7914e.r2.dev/1588032462897555.mp4
carried-forward  2325452524528665 c0  → https://pub-893b4a6a607b4221a894bf861da7914e.r2.dev/2325452524528665.mp4
carried-forward  2449267882206681 c0  → https://pub-893b4a6a607b4221a894bf861da7914e.r2.dev/2449267882206681.mp4
carried-forward  889242263585010 c0  → https://pub-893b4a6a607b4221a894bf861da7914e.r2.dev/889242263585010.mp4
uploaded         2567207047033996 c0  (video) ← 2567207047033996.mp4  → https://pub-893b4a6a607b4221a894bf861da7914e.r2.dev/2567207047033996.mp4
video-missing    2567207047033996 c0  (expected file not found in facebook/videos/english-seekho-2026-07-22)
carried-forward  2037768870280868 c0  → https://pub-893b4a6a607b4221a894bf861da7914e.r2.dev/2037768870280868.mp4
carried-forward  3887006608101122 c0  → https://pub-893b4a6a607b4221a894bf861da7914e.r2.dev/3887006608101122.mp4
carried-forward  1487760063112866 c0  → https://pub-893b4a6a607b4221a894bf861da7914e.r2.dev/1487760063112866.mp4
carried-forward  1364770528875699 c0  → https://pub-893b4a6a607b4221a894bf861da7914e.r2.dev/1364770528875699.mp4
video-missing    1364770528875699 c0  (expected file not found in facebook/videos/english-seekho-2026-07-22)
carried-forward  1369237045130455 c0  → https://pub-893b4a6a607b4221a894bf861da7914e.r2.dev/1369237045130455.mp4
carried-forward  2538040990040598 c0  → https://pub-893b4a6a607b4221a894bf861da7914e.r2.dev/2538040990040598.mp4
carried-forward  999675176226854 c0  → https://pub-893b4a6a607b4221a894bf861da7914e.r2.dev/999675176226854.mp4
carried-forward  5201427430083462 c0  → https://pub-893b4a6a607b4221a894bf861da7914e.r2.dev/5201427430083462.mp4
carried-forward  1577673830585178 c0  → https://pub-893b4a6a607b4221a894bf861da7914e.r2.dev/1577673830585178.mp4
video-missing    1577673830585178 c0  (expected file not found in facebook/videos/english-seekho-2026-07-22)
carried-forward  1503255264431879 c0  → https://pub-893b4a6a607b4221a894bf861da7914e.r2.dev/1503255264431879.mp4
carried-forward  2289892785083094 c0  → https://pub-893b4a6a607b4221a894bf861da7914e.r2.dev/2289892785083094.mp4
carried-forward  1579060110306222 c0  → https://pub-893b4a6a607b4221a894bf861da7914e.r2.dev/1579060110306222.mp4
carried-forward  1485257069470905 c0  → https://pub-893b4a6a607b4221a894bf861da7914e.r2.dev/1485257069470905.mp4
carried-forward  1072852741972341 c0  → https://pub-893b4a6a607b4221a894bf861da7914e.r2.dev/1072852741972341.mp4
video-missing    1072852741972341 c0  (expected file not found in facebook/videos/english-seekho-2026-07-22)
carried-forward  863124303253980 c0  → https://pub-893b4a6a607b4221a894bf861da7914e.r2.dev/863124303253980.mp4
carried-forward  1548158910275403 c0  → https://pub-893b4a6a607b4221a894bf861da7914e.r2.dev/1548158910275403.mp4
carried-forward  2911781465840699 c0  → https://pub-893b4a6a607b4221a894bf861da7914e.r2.dev/2911781465840699.mp4
carried-forward  1058989673456910 c0  → https://pub-893b4a6a607b4221a894bf861da7914e.r2.dev/1058989673456910.mp4
carried-forward  1360549895753796 c0  → https://pub-893b4a6a607b4221a894bf861da7914e.r2.dev/1360549895753796.mp4
carried-forward  3098326293684794 c0  → https://pub-893b4a6a607b4221a894bf861da7914e.r2.dev/3098326293684794.mp4
carried-forward  28740456275544709 c0  → https://pub-893b4a6a607b4221a894bf861da7914e.r2.dev/28740456275544709.mp4
carried-forward  1717353739307487 c0  → https://pub-893b4a6a607b4221a894bf861da7914e.r2.dev/1717353739307487.mp4
uploaded         1014736277865039 c0  (video) ← 1014736277865039.mp4  → https://pub-893b4a6a607b4221a894bf861da7914e.r2.dev/1014736277865039.mp4
carried-forward  28501591809427557 c0  → https://pub-893b4a6a607b4221a894bf861da7914e.r2.dev/28501591809427557.mp4
carried-forward  1189008763391276 c0  → https://pub-893b4a6a607b4221a894bf861da7914e.r2.dev/1189008763391276.mp4
carried-forward  1607194384451503 c0  → https://pub-893b4a6a607b4221a894bf861da7914e.r2.dev/1607194384451503.mp4
uploaded         1563483762086534 c0  (video) ← 1563483762086534.mp4  → https://pub-893b4a6a607b4221a894bf861da7914e.r2.dev/1563483762086534.mp4
video-missing    1563483762086534 c0  (expected file not found in facebook/videos/english-seekho-2026-07-22)
carried-forward  2560261371075903 c0  → https://pub-893b4a6a607b4221a894bf861da7914e.r2.dev/2560261371075903.mp4
video-missing    2560261371075903 c0  (expected file not found in facebook/videos/english-seekho-2026-07-22)
uploaded         27805618329068374 c0  (video) ← 27805618329068374.mp4  → https://pub-893b4a6a607b4221a894bf861da7914e.r2.dev/27805618329068374.mp4
carried-forward  989043553899179 c0  → https://pub-893b4a6a607b4221a894bf861da7914e.r2.dev/989043553899179.mp4
carried-forward  1013834224460527 c0  → https://pub-893b4a6a607b4221a894bf861da7914e.r2.dev/1013834224460527.mp4
carried-forward  1029180789713678 c0  → https://pub-893b4a6a607b4221a894bf861da7914e.r2.dev/1029180789713678.mp4
carried-forward  2491978981265778 c0  → https://pub-893b4a6a607b4221a894bf861da7914e.r2.dev/2491978981265778.mp4
uploaded         2790349831340011 c0  (video) ← 2790349831340011.mp4  → https://pub-893b4a6a607b4221a894bf861da7914e.r2.dev/2790349831340011.mp4
carried-forward  922682520699920 c0  → https://pub-893b4a6a607b4221a894bf861da7914e.r2.dev/922682520699920.mp4
carried-forward  1500551291812263 c0  → https://pub-893b4a6a607b4221a894bf861da7914e.r2.dev/1500551291812263.mp4
uploaded         1301557168443513 c0  (video) ← 1301557168443513.mp4  → https://pub-893b4a6a607b4221a894bf861da7914e.r2.dev/1301557168443513.mp4
uploaded         1543479247457426 c0  (video) ← 1543479247457426.mp4  → https://pub-893b4a6a607b4221a894bf861da7914e.r2.dev/1543479247457426.mp4
carried-forward  1690364325606787 c0  → https://pub-893b4a6a607b4221a894bf861da7914e.r2.dev/1690364325606787.mp4
carried-forward  767456879118205 c0  → https://pub-893b4a6a607b4221a894bf861da7914e.r2.dev/767456879118205.mp4
carried-forward  1558750499203337 c0  → https://pub-893b4a6a607b4221a894bf861da7914e.r2.dev/1558750499203337.mp4
carried-forward  1908450636707359 c0  → https://pub-893b4a6a607b4221a894bf861da7914e.r2.dev/1908450636707359.mp4
uploaded         2832830660409112 c0  (video) ← 2832830660409112.mp4  → https://pub-893b4a6a607b4221a894bf861da7914e.r2.dev/2832830660409112.mp4
carried-forward  2674686452896226 c0  → https://pub-893b4a6a607b4221a894bf861da7914e.r2.dev/2674686452896226.mp4
uploaded         1780848243275234 c0  (video) ← 1780848243275234.mp4  → https://pub-893b4a6a607b4221a894bf861da7914e.r2.dev/1780848243275234.mp4
uploaded         1029868042787546 c0  (video) ← 1029868042787546.mp4  → https://pub-893b4a6a607b4221a894bf861da7914e.r2.dev/1029868042787546.mp4
uploaded         1692117042081233 c0  (video) ← 1692117042081233.mp4  → https://pub-893b4a6a607b4221a894bf861da7914e.r2.dev/1692117042081233.mp4
uploaded         1689880428792239 c0  (video) ← 1689880428792239.mp4  → https://pub-893b4a6a607b4221a894bf861da7914e.r2.dev/1689880428792239.mp4
uploaded         1561446272045512 c0  (video) ← 1561446272045512.mp4  → https://pub-893b4a6a607b4221a894bf861da7914e.r2.dev/1561446272045512.mp4
uploaded         1578770773668487 c0  (video) ← 1578770773668487.mp4  → https://pub-893b4a6a607b4221a894bf861da7914e.r2.dev/1578770773668487.mp4
uploaded         2161089867798229 c0  (video) ← 2161089867798229.mp4  → https://pub-893b4a6a607b4221a894bf861da7914e.r2.dev/2161089867798229.mp4
uploaded         4508111542810827 c0  (video) ← 4508111542810827.mp4  → https://pub-893b4a6a607b4221a894bf861da7914e.r2.dev/4508111542810827.mp4
uploaded         1346708156979337 c0  (video) ← 1346708156979337.mp4  → https://pub-893b4a6a607b4221a894bf861da7914e.r2.dev/1346708156979337.mp4
uploaded         1004577129018427 c0  (video) ← 1004577129018427.mp4  → https://pub-893b4a6a607b4221a894bf861da7914e.r2.dev/1004577129018427.mp4
carried-forward  1501154984318432 c0  → https://pub-893b4a6a607b4221a894bf861da7914e.r2.dev/1501154984318432.mp4
uploaded         1738962020570438 c0  (video) ← 1738962020570438.mp4  → https://pub-893b4a6a607b4221a894bf861da7914e.r2.dev/1738962020570438.mp4
uploaded         1045854721478312 c0  (video) ← 1045854721478312.mp4  → https://pub-893b4a6a607b4221a894bf861da7914e.r2.dev/1045854721478312.mp4
carried-forward  3805120676296226 c0  → https://pub-893b4a6a607b4221a894bf861da7914e.r2.dev/3805120676296226.mp4
video-missing    3805120676296226 c0  (expected file not found in facebook/videos/english-seekho-2026-07-22)
carried-forward  1740293920540298 c0  → https://pub-893b4a6a607b4221a894bf861da7914e.r2.dev/1740293920540298.mp4
video-missing    1740293920540298 c0  (expected file not found in facebook/videos/english-seekho-2026-07-22)
uploaded         1387693739884736 c0  (video) ← 1387693739884736.mp4  → https://pub-893b4a6a607b4221a894bf861da7914e.r2.dev/1387693739884736.mp4
uploaded         1455175446636371 c0  (video) ← 1455175446636371.mp4  → https://pub-893b4a6a607b4221a894bf861da7914e.r2.dev/1455175446636371.mp4
carried-forward  1476645587385501 c0  → https://pub-893b4a6a607b4221a894bf861da7914e.r2.dev/1476645587385501.mp4
uploaded         1353669576235766 c0  (video) ← 1353669576235766.mp4  → https://pub-893b4a6a607b4221a894bf861da7914e.r2.dev/1353669576235766.mp4
uploaded         1071342761914276 c0  (video) ← 1071342761914276.mp4  → https://pub-893b4a6a607b4221a894bf861da7914e.r2.dev/1071342761914276.mp4
uploaded         1019684633993026 c0  (video) ← 1019684633993026.mp4  → https://pub-893b4a6a607b4221a894bf861da7914e.r2.dev/1019684633993026.mp4
carried-forward  1244507290916309 c0  → https://pub-893b4a6a607b4221a894bf861da7914e.r2.dev/1244507290916309.mp4
carried-forward  1210251577301882 c0  → https://pub-893b4a6a607b4221a894bf861da7914e.r2.dev/1210251577301882.mp4
carried-forward  1011414701735975 c0  → https://pub-893b4a6a607b4221a894bf861da7914e.r2.dev/1011414701735975.mp4
carried-forward  4379825375635044 c0  → https://pub-893b4a6a607b4221a894bf861da7914e.r2.dev/4379825375635044.mp4
carried-forward  1662559071716567 c0  → https://pub-893b4a6a607b4221a894bf861da7914e.r2.dev/1662559071716567.mp4
video-missing    1662559071716567 c0  (expected file not found in facebook/videos/english-seekho-2026-07-22)
uploaded         2576826699438266 c0  (video) ← 2576826699438266.mp4  → https://pub-893b4a6a607b4221a894bf861da7914e.r2.dev/2576826699438266.mp4
uploaded         1170242405320113 c0  (video) ← 1170242405320113.mp4  → https://pub-893b4a6a607b4221a894bf861da7914e.r2.dev/1170242405320113.mp4
carried-forward  1798711957512384 c0  → https://pub-893b4a6a607b4221a894bf861da7914e.r2.dev/1798711957512384.mp4
carried-forward  1116123194536720 c0  → https://pub-893b4a6a607b4221a894bf861da7914e.r2.dev/1116123194536720.mp4
carried-forward  1217329830515440 c0  → https://pub-893b4a6a607b4221a894bf861da7914e.r2.dev/1217329830515440.mp4
carried-forward  1293551286094512 c0  → https://pub-893b4a6a607b4221a894bf861da7914e.r2.dev/1293551286094512.mp4
uploaded         1405517204802942 c0  (video) ← 1405517204802942.mp4  → https://pub-893b4a6a607b4221a894bf861da7914e.r2.dev/1405517204802942.mp4
uploaded         1067179655651439 c0  (video) ← 1067179655651439.mp4  → https://pub-893b4a6a607b4221a894bf861da7914e.r2.dev/1067179655651439.mp4
uploaded         1010497321859812 c0  (video) ← 1010497321859812.mp4  → https://pub-893b4a6a607b4221a894bf861da7914e.r2.dev/1010497321859812.mp4
carried-forward  769511858914323 c0  → https://pub-893b4a6a607b4221a894bf861da7914e.r2.dev/769511858914323.mp4
uploaded         1345124897168086 c0  (video) ← 1345124897168086.mp4  → https://pub-893b4a6a607b4221a894bf861da7914e.r2.dev/1345124897168086.mp4
uploaded         1124751833546335 c0  (video) ← 1124751833546335.mp4  → https://pub-893b4a6a607b4221a894bf861da7914e.r2.dev/1124751833546335.mp4
uploaded         1573722424267599 c0  (video) ← 1573722424267599.mp4  → https://pub-893b4a6a607b4221a894bf861da7914e.r2.dev/1573722424267599.mp4
carried-forward  2176910723137201 c0  → https://pub-893b4a6a607b4221a894bf861da7914e.r2.dev/2176910723137201.mp4
carried-forward  1868096310508725 c0  → https://pub-893b4a6a607b4221a894bf861da7914e.r2.dev/1868096310508725.mp4
uploaded         1688556362409027 c0  (video) ← 1688556362409027.mp4  → https://pub-893b4a6a607b4221a894bf861da7914e.r2.dev/1688556362409027.mp4
carried-forward  2442698549586664 c0  → https://pub-893b4a6a607b4221a894bf861da7914e.r2.dev/2442698549586664.mp4
uploaded         2236749893753136 c0  (video) ← 2236749893753136.mp4  → https://pub-893b4a6a607b4221a894bf861da7914e.r2.dev/2236749893753136.mp4
video-missing    2236749893753136 c0  (expected file not found in facebook/videos/english-seekho-2026-07-22)
uploaded         1805279597318002 c0  (video) ← 1805279597318002.mp4  → https://pub-893b4a6a607b4221a894bf861da7914e.r2.dev/1805279597318002.mp4
carried-forward  1419054459866080 c0  → https://pub-893b4a6a607b4221a894bf861da7914e.r2.dev/1419054459866080.mp4
carried-forward  1905133330090659 c0  → https://pub-893b4a6a607b4221a894bf861da7914e.r2.dev/1905133330090659.mp4
carried-forward  1545195047093296 c0  → https://pub-893b4a6a607b4221a894bf861da7914e.r2.dev/1545195047093296.mp4
video-missing    1545195047093296 c0  (expected file not found in facebook/videos/english-seekho-2026-07-22)
uploaded         1389815683024510 c0  (video) ← 1389815683024510.mp4  → https://pub-893b4a6a607b4221a894bf861da7914e.r2.dev/1389815683024510.mp4
uploaded         1008114168694514 c0  (video) ← 1008114168694514.mp4  → https://pub-893b4a6a607b4221a894bf861da7914e.r2.dev/1008114168694514.mp4
uploaded         1358737726198877 c0  (video) ← 1358737726198877.mp4  → https://pub-893b4a6a607b4221a894bf861da7914e.r2.dev/1358737726198877.mp4
uploaded         4010967419196523 c0  (video) ← 4010967419196523.mp4  → https://pub-893b4a6a607b4221a894bf861da7914e.r2.dev/4010967419196523.mp4
carried-forward  1502392968556177 c0  → https://pub-893b4a6a607b4221a894bf861da7914e.r2.dev/1502392968556177.mp4
uploaded         1412710217353138 c0  (video) ← 1412710217353138.mp4  → https://pub-893b4a6a607b4221a894bf861da7914e.r2.dev/1412710217353138.mp4
uploaded         1775202376969109 c0  (video) ← 1775202376969109.mp4  → https://pub-893b4a6a607b4221a894bf861da7914e.r2.dev/1775202376969109.mp4
uploaded         868272252706892 c0  (video) ← 868272252706892.mp4  → https://pub-893b4a6a607b4221a894bf861da7914e.r2.dev/868272252706892.mp4
uploaded         2245968809539780 c0  (video) ← 2245968809539780.mp4  → https://pub-893b4a6a607b4221a894bf861da7914e.r2.dev/2245968809539780.mp4
uploaded         924856637294012 c0  (video) ← 924856637294012.mp4  → https://pub-893b4a6a607b4221a894bf861da7914e.r2.dev/924856637294012.mp4
carried-forward  1251191153618197 c0  → https://pub-893b4a6a607b4221a894bf861da7914e.r2.dev/1251191153618197.mp4
carried-forward  1430826552137036 c0  → https://pub-893b4a6a607b4221a894bf861da7914e.r2.dev/1430826552137036.mp4
carried-forward  25537890735891271 c0  → https://pub-893b4a6a607b4221a894bf861da7914e.r2.dev/25537890735891271.mp4
carried-forward  1333571398986047 c0  → https://pub-893b4a6a607b4221a894bf861da7914e.r2.dev/1333571398986047.mp4
uploaded         1533039227955718 c0  (video) ← 1533039227955718.mp4  → https://pub-893b4a6a607b4221a894bf861da7914e.r2.dev/1533039227955718.mp4
uploaded         1758696795272053 c0  (video) ← 1758696795272053.mp4  → https://pub-893b4a6a607b4221a894bf861da7914e.r2.dev/1758696795272053.mp4
video-missing    1758696795272053 c0  (expected file not found in facebook/videos/english-seekho-2026-07-22)
carried-forward  2015119902365104 c0  → https://pub-893b4a6a607b4221a894bf861da7914e.r2.dev/2015119902365104.mp4
uploaded         1717961589537210 c0  (video) ← 1717961589537210.mp4  → https://pub-893b4a6a607b4221a894bf861da7914e.r2.dev/1717961589537210.mp4
uploaded         894626620361874 c0  (video) ← 894626620361874.mp4  → https://pub-893b4a6a607b4221a894bf861da7914e.r2.dev/894626620361874.mp4
carried-forward  884294820955142 c0  → https://pub-893b4a6a607b4221a894bf861da7914e.r2.dev/884294820955142.mp4
carried-forward  1568767791625500 c0  → https://pub-893b4a6a607b4221a894bf861da7914e.r2.dev/1568767791625500.mp4
uploaded         1988954471788042 c0  (video) ← 1988954471788042.mp4  → https://pub-893b4a6a607b4221a894bf861da7914e.r2.dev/1988954471788042.mp4
uploaded         1739393860615485 c0  (video) ← 1739393860615485.mp4  → https://pub-893b4a6a607b4221a894bf861da7914e.r2.dev/1739393860615485.mp4
carried-forward  1229348518532340 c0  → https://pub-893b4a6a607b4221a894bf861da7914e.r2.dev/1229348518532340.mp4
uploaded         1298735925444178 c0  (video) ← 1298735925444178.mp4  → https://pub-893b4a6a607b4221a894bf861da7914e.r2.dev/1298735925444178.mp4
uploaded         1376794551207729 c0  (video) ← 1376794551207729.mp4  → https://pub-893b4a6a607b4221a894bf861da7914e.r2.dev/1376794551207729.mp4
uploaded         1658741325226181 c0  (video) ← 1658741325226181.mp4  → https://pub-893b4a6a607b4221a894bf861da7914e.r2.dev/1658741325226181.mp4
carried-forward  608640915677208 c0  → https://pub-893b4a6a607b4221a894bf861da7914e.r2.dev/608640915677208.mp4
uploaded         1341133084803699 c0  (video) ← 1341133084803699.mp4  → https://pub-893b4a6a607b4221a894bf861da7914e.r2.dev/1341133084803699.mp4
video-missing    1341133084803699 c0  (expected file not found in facebook/videos/english-seekho-2026-07-22)
uploaded         1313540140767795 c0  (video) ← 1313540140767795.mp4  → https://pub-893b4a6a607b4221a894bf861da7914e.r2.dev/1313540140767795.mp4
carried-forward  890589943792591 c0  → https://pub-893b4a6a607b4221a894bf861da7914e.r2.dev/890589943792591.mp4
carried-forward  1360845202138659 c0  → https://pub-893b4a6a607b4221a894bf861da7914e.r2.dev/1360845202138659.mp4
carried-forward  1054948106795031 c0  → https://pub-893b4a6a607b4221a894bf861da7914e.r2.dev/1054948106795031.mp4
uploaded         1339207941657032 c0  (video) ← 1339207941657032.mp4  → https://pub-893b4a6a607b4221a894bf861da7914e.r2.dev/1339207941657032.mp4
uploaded         1025134960148138 c0  (video) ← 1025134960148138.mp4  → https://pub-893b4a6a607b4221a894bf861da7914e.r2.dev/1025134960148138.mp4
carried-forward  1947176409965500 c0  → https://pub-893b4a6a607b4221a894bf861da7914e.r2.dev/1947176409965500.mp4
uploaded         2004374540186508 c0  (video) ← 2004374540186508.mp4  → https://pub-893b4a6a607b4221a894bf861da7914e.r2.dev/2004374540186508.mp4
carried-forward  1304625014817778 c0  → https://pub-893b4a6a607b4221a894bf861da7914e.r2.dev/1304625014817778.mp4
video-missing    1304625014817778 c0  (expected file not found in facebook/videos/english-seekho-2026-07-22)
carried-forward  1224227439081919 c0  → https://pub-893b4a6a607b4221a894bf861da7914e.r2.dev/1224227439081919.mp4
carried-forward  1087493257297423 c0  → https://pub-893b4a6a607b4221a894bf861da7914e.r2.dev/1087493257297423.mp4
carried-forward  1559841751931772 c0  → https://pub-893b4a6a607b4221a894bf861da7914e.r2.dev/1559841751931772.mp4
carried-forward  1744746016698033 c0  → https://pub-893b4a6a607b4221a894bf861da7914e.r2.dev/1744746016698033.mp4
uploaded         1291294633081487 c0  (video) ← 1291294633081487.mp4  → https://pub-893b4a6a607b4221a894bf861da7914e.r2.dev/1291294633081487.mp4
carried-forward  874940122070171 c0  → https://pub-893b4a6a607b4221a894bf861da7914e.r2.dev/874940122070171.mp4
uploaded         2919001435127975 c0  (video) ← 2919001435127975.mp4  → https://pub-893b4a6a607b4221a894bf861da7914e.r2.dev/2919001435127975.mp4
uploaded         27566739616281997 c0  (video) ← 27566739616281997.mp4  → https://pub-893b4a6a607b4221a894bf861da7914e.r2.dev/27566739616281997.mp4
carried-forward  840752642285554 c0  → https://pub-893b4a6a607b4221a894bf861da7914e.r2.dev/840752642285554.mp4
uploaded         4913159335586024 c0  (video) ← 4913159335586024.mp4  → https://pub-893b4a6a607b4221a894bf861da7914e.r2.dev/4913159335586024.mp4
carried-forward  26372603382322992 c0  → https://pub-893b4a6a607b4221a894bf861da7914e.r2.dev/26372603382322992.mp4
uploaded         2226033697938981 c0  (video) ← 2226033697938981.mp4  → https://pub-893b4a6a607b4221a894bf861da7914e.r2.dev/2226033697938981.mp4
uploaded         2548904092197226 c0  (video) ← 2548904092197226.mp4  → https://pub-893b4a6a607b4221a894bf861da7914e.r2.dev/2548904092197226.mp4
carried-forward  1870547757684074 c0  → https://pub-893b4a6a607b4221a894bf861da7914e.r2.dev/1870547757684074.mp4
carried-forward  1945996112929486 c0  → https://pub-893b4a6a607b4221a894bf861da7914e.r2.dev/1945996112929486.mp4
uploaded         940567272386505 c0  (video) ← 940567272386505.mp4  → https://pub-893b4a6a607b4221a894bf861da7914e.r2.dev/940567272386505.mp4
uploaded         1314817570417906 c0  (video) ← 1314817570417906.mp4  → https://pub-893b4a6a607b4221a894bf861da7914e.r2.dev/1314817570417906.mp4
carried-forward  5195950473963815 c0  → https://pub-893b4a6a607b4221a894bf861da7914e.r2.dev/5195950473963815.mp4
carried-forward  1509527853448376 c0  → https://pub-893b4a6a607b4221a894bf861da7914e.r2.dev/1509527853448376.mp4
uploaded         1599767531772903 c0  (video) ← 1599767531772903.mp4  → https://pub-893b4a6a607b4221a894bf861da7914e.r2.dev/1599767531772903.mp4
uploaded         1699276714713548 c0  (video) ← 1699276714713548.mp4  → https://pub-893b4a6a607b4221a894bf861da7914e.r2.dev/1699276714713548.mp4
carried-forward  958304950573263 c0  → https://pub-893b4a6a607b4221a894bf861da7914e.r2.dev/958304950573263.mp4
video-missing    958304950573263 c0  (expected file not found in facebook/videos/english-seekho-2026-07-22)
carried-forward  1666152167999287 c0  → https://pub-893b4a6a607b4221a894bf861da7914e.r2.dev/1666152167999287.mp4
uploaded         1748006079560510 c0  (video) ← 1748006079560510.mp4  → https://pub-893b4a6a607b4221a894bf861da7914e.r2.dev/1748006079560510.mp4
uploaded         2532453963883743 c0  (video) ← 2532453963883743.mp4  → https://pub-893b4a6a607b4221a894bf861da7914e.r2.dev/2532453963883743.mp4
uploaded         1367935415273361 c0  (video) ← 1367935415273361.mp4  → https://pub-893b4a6a607b4221a894bf861da7914e.r2.dev/1367935415273361.mp4
uploaded         1506133454173604 c0  (video) ← 1506133454173604.mp4  → https://pub-893b4a6a607b4221a894bf861da7914e.r2.dev/1506133454173604.mp4
carried-forward  1014509124735276 c0  → https://pub-893b4a6a607b4221a894bf861da7914e.r2.dev/1014509124735276.mp4
uploaded         1663732581382539 c0  (video) ← 1663732581382539.mp4  → https://pub-893b4a6a607b4221a894bf861da7914e.r2.dev/1663732581382539.mp4
carried-forward  1427103212256894 c0  → https://pub-893b4a6a607b4221a894bf861da7914e.r2.dev/1427103212256894.mp4
uploaded         27434247539530821 c0  (video) ← 27434247539530821.mp4  → https://pub-893b4a6a607b4221a894bf861da7914e.r2.dev/27434247539530821.mp4
uploaded         1366188208201155 c0  (video) ← 1366188208201155.mp4  → https://pub-893b4a6a607b4221a894bf861da7914e.r2.dev/1366188208201155.mp4
uploaded         1679155726713601 c0  (video) ← 1679155726713601.mp4  → https://pub-893b4a6a607b4221a894bf861da7914e.r2.dev/1679155726713601.mp4
uploaded         1593222175489982 c0  (video) ← 1593222175489982.mp4  → https://pub-893b4a6a607b4221a894bf861da7914e.r2.dev/1593222175489982.mp4
carried-forward  2253030498553449 c0  → https://pub-893b4a6a607b4221a894bf861da7914e.r2.dev/2253030498553449.mp4
carried-forward  805915929154160 c0  → https://pub-893b4a6a607b4221a894bf861da7914e.r2.dev/805915929154160.mp4
uploaded         1012213614950548 c0  (video) ← 1012213614950548.mp4  → https://pub-893b4a6a607b4221a894bf861da7914e.r2.dev/1012213614950548.mp4
uploaded         1029716963139571 c0  (video) ← 1029716963139571.mp4  → https://pub-893b4a6a607b4221a894bf861da7914e.r2.dev/1029716963139571.mp4
uploaded         1459907842566352 c0  (video) ← 1459907842566352.mp4  → https://pub-893b4a6a607b4221a894bf861da7914e.r2.dev/1459907842566352.mp4
uploaded         1512043743936471 c0  (video) ← 1512043743936471.mp4  → https://pub-893b4a6a607b4221a894bf861da7914e.r2.dev/1512043743936471.mp4
uploaded         1069490129069774 c0  (video) ← 1069490129069774.mp4  → https://pub-893b4a6a607b4221a894bf861da7914e.r2.dev/1069490129069774.mp4
uploaded         1586260886546973 c0  (video) ← 1586260886546973.mp4  → https://pub-893b4a6a607b4221a894bf861da7914e.r2.dev/1586260886546973.mp4
uploaded         1419559733339198 c0  (video) ← 1419559733339198.mp4  → https://pub-893b4a6a607b4221a894bf861da7914e.r2.dev/1419559733339198.mp4
carried-forward  1873195333560021 c0  → https://pub-893b4a6a607b4221a894bf861da7914e.r2.dev/1873195333560021.mp4
uploaded         2225441144920417 c0  (video) ← 2225441144920417.mp4  → https://pub-893b4a6a607b4221a894bf861da7914e.r2.dev/2225441144920417.mp4
uploaded         1944456526512120 c0  (video) ← 1944456526512120.mp4  → https://pub-893b4a6a607b4221a894bf861da7914e.r2.dev/1944456526512120.mp4
carried-forward  861154453569534 c0  → https://pub-893b4a6a607b4221a894bf861da7914e.r2.dev/861154453569534.mp4
uploaded         2345556296180459 c0  (video) ← 2345556296180459.mp4  → https://pub-893b4a6a607b4221a894bf861da7914e.r2.dev/2345556296180459.mp4
carried-forward  902496572123981 c0  → https://pub-893b4a6a607b4221a894bf861da7914e.r2.dev/902496572123981.mp4
uploaded         1053932550721887 c0  (video) ← 1053932550721887.mp4  → https://pub-893b4a6a607b4221a894bf861da7914e.r2.dev/1053932550721887.mp4
uploaded         2445524972600880 c0  (video) ← 2445524972600880.mp4  → https://pub-893b4a6a607b4221a894bf861da7914e.r2.dev/2445524972600880.mp4
uploaded         1355263996583457 c0  (video) ← 1355263996583457.mp4  → https://pub-893b4a6a607b4221a894bf861da7914e.r2.dev/1355263996583457.mp4
carried-forward  1302125191954780 c0  → https://pub-893b4a6a607b4221a894bf861da7914e.r2.dev/1302125191954780.mp4
carried-forward  1524794081999765 c0  → https://pub-893b4a6a607b4221a894bf861da7914e.r2.dev/1524794081999765.mp4
uploaded         1019582194014392 c0  (video) ← 1019582194014392.mp4  → https://pub-893b4a6a607b4221a894bf861da7914e.r2.dev/1019582194014392.mp4
carried-forward  2017725382451838 c0  → https://pub-893b4a6a607b4221a894bf861da7914e.r2.dev/2017725382451838.mp4
uploaded         1287132713291901 c0  (video) ← 1287132713291901.mp4  → https://pub-893b4a6a607b4221a894bf861da7914e.r2.dev/1287132713291901.mp4
uploaded         2124124585190424 c0  (video) ← 2124124585190424.mp4  → https://pub-893b4a6a607b4221a894bf861da7914e.r2.dev/2124124585190424.mp4
carried-forward  1318436327115859 c0  → https://pub-893b4a6a607b4221a894bf861da7914e.r2.dev/1318436327115859.mp4
video-missing    1318436327115859 c0  (expected file not found in facebook/videos/english-seekho-2026-07-22)
uploaded         1730638864950009 c0  (video) ← 1730638864950009.mp4  → https://pub-893b4a6a607b4221a894bf861da7914e.r2.dev/1730638864950009.mp4
uploaded         4502058820079066 c0  (video) ← 4502058820079066.mp4  → https://pub-893b4a6a607b4221a894bf861da7914e.r2.dev/4502058820079066.mp4
uploaded         2921289934884389 c0  (video) ← 2921289934884389.mp4  → https://pub-893b4a6a607b4221a894bf861da7914e.r2.dev/2921289934884389.mp4
carried-forward  1566660068511123 c0  → https://pub-893b4a6a607b4221a894bf861da7914e.r2.dev/1566660068511123.mp4
video-missing    1566660068511123 c0  (expected file not found in facebook/videos/english-seekho-2026-07-22)
uploaded         899950639241275 c0  (video) ← 899950639241275.mp4  → https://pub-893b4a6a607b4221a894bf861da7914e.r2.dev/899950639241275.mp4
uploaded         1668485140932439 c0  (video) ← 1668485140932439.mp4  → https://pub-893b4a6a607b4221a894bf861da7914e.r2.dev/1668485140932439.mp4
uploaded         1772593390860898 c0  (video) ← 1772593390860898.mp4  → https://pub-893b4a6a607b4221a894bf861da7914e.r2.dev/1772593390860898.mp4
uploaded         3130034207196031 c0  (video) ← 3130034207196031.mp4  → https://pub-893b4a6a607b4221a894bf861da7914e.r2.dev/3130034207196031.mp4
uploaded         1670202430714794 c0  (video) ← 1670202430714794.mp4  → https://pub-893b4a6a607b4221a894bf861da7914e.r2.dev/1670202430714794.mp4
uploaded         27768351576189945 c0  (video) ← 27768351576189945.mp4  → https://pub-893b4a6a607b4221a894bf861da7914e.r2.dev/27768351576189945.mp4
uploaded         1806228690802623 c0  (video) ← 1806228690802623.mp4  → https://pub-893b4a6a607b4221a894bf861da7914e.r2.dev/1806228690802623.mp4
carried-forward  1578088707350298 c0  → https://pub-893b4a6a607b4221a894bf861da7914e.r2.dev/1578088707350298.mp4
carried-forward  1603127634567667 c0  → https://pub-893b4a6a607b4221a894bf861da7914e.r2.dev/1603127634567667.mp4
uploaded         2255541385299440 c0  (video) ← 2255541385299440.mp4  → https://pub-893b4a6a607b4221a894bf861da7914e.r2.dev/2255541385299440.mp4
