# Step 3 run log
# competitor : english-seekho
# started_at : 2026-07-01T06:35:38
# input      : facebook/inputs/fb-ads-english-seekho-2026-07-01-0630.csv
# videos     : facebook/videos/english-seekho-2026-07-01
# master     : facebook/master/english-seekho.csv  (updated)
# enriched   : facebook/inputs/fb-ads-english-seekho-2026-07-01-0630_enriched.csv
# bucket     : video-ads
# public_base: https://pub-893b4a6a607b4221a894bf861da7914e.r2.dev
# dry_run    : False
#
# counts     : {'uploaded': 28, 'carried-forward': 292, 'image-pending': 0, 'video-missing': 45, 'no-creative': 0, 'error': 0}
#
carried-forward  985533387662266 c0  → https://pub-893b4a6a607b4221a894bf861da7914e.r2.dev/985533387662266.mp4
video-missing    985533387662266 c0  (expected file not found in facebook/videos/english-seekho-2026-07-01)
carried-forward  989474957025076 c0  → https://pub-893b4a6a607b4221a894bf861da7914e.r2.dev/989474957025076.mp4
video-missing    989474957025076 c0  (expected file not found in facebook/videos/english-seekho-2026-07-01)
carried-forward  2018888478732564 c0  → https://pub-893b4a6a607b4221a894bf861da7914e.r2.dev/2018888478732564.mp4
carried-forward  873021038754328 c0  → https://pub-893b4a6a607b4221a894bf861da7914e.r2.dev/873021038754328.mp4
carried-forward  885862810591427 c0  → https://pub-893b4a6a607b4221a894bf861da7914e.r2.dev/885862810591427.mp4
carried-forward  1289129073383437 c0  → https://pub-893b4a6a607b4221a894bf861da7914e.r2.dev/1289129073383437.mp4
carried-forward  1030481159453297 c0  → https://pub-893b4a6a607b4221a894bf861da7914e.r2.dev/1030481159453297.mp4
carried-forward  1681179916439914 c0  → https://pub-893b4a6a607b4221a894bf861da7914e.r2.dev/1681179916439914.mp4
video-missing    1681179916439914 c0  (expected file not found in facebook/videos/english-seekho-2026-07-01)
video-missing    1681179916439914 c0  (expected file not found in facebook/videos/english-seekho-2026-07-01)
carried-forward  1021041514250343 c0  → https://pub-893b4a6a607b4221a894bf861da7914e.r2.dev/1021041514250343.mp4
carried-forward  1518594126387614 c0  → https://pub-893b4a6a607b4221a894bf861da7914e.r2.dev/1518594126387614.mp4
carried-forward  1551327579687774 c0  → https://pub-893b4a6a607b4221a894bf861da7914e.r2.dev/1551327579687774.mp4
video-missing    1551327579687774 c0  (expected file not found in facebook/videos/english-seekho-2026-07-01)
carried-forward  1019280954396091 c0  → https://pub-893b4a6a607b4221a894bf861da7914e.r2.dev/1019280954396091.mp4
video-missing    1019280954396091 c0  (expected file not found in facebook/videos/english-seekho-2026-07-01)
carried-forward  4355411478052722 c0  → https://pub-893b4a6a607b4221a894bf861da7914e.r2.dev/4355411478052722.mp4
carried-forward  2205834800200196 c0  → https://pub-893b4a6a607b4221a894bf861da7914e.r2.dev/2205834800200196.mp4
carried-forward  1014456487800871 c0  → https://pub-893b4a6a607b4221a894bf861da7914e.r2.dev/1014456487800871.mp4
video-missing    1014456487800871 c0  (expected file not found in facebook/videos/english-seekho-2026-07-01)
carried-forward  992773516690548 c0  → https://pub-893b4a6a607b4221a894bf861da7914e.r2.dev/992773516690548.mp4
carried-forward  883414924661759 c0  → https://pub-893b4a6a607b4221a894bf861da7914e.r2.dev/883414924661759.mp4
carried-forward  2152508018617561 c0  → https://pub-893b4a6a607b4221a894bf861da7914e.r2.dev/2152508018617561.mp4
carried-forward  1260469682675863 c0  → https://pub-893b4a6a607b4221a894bf861da7914e.r2.dev/1260469682675863.mp4
carried-forward  2209878306413733 c0  → https://pub-893b4a6a607b4221a894bf861da7914e.r2.dev/2209878306413733.mp4
video-missing    2209878306413733 c0  (expected file not found in facebook/videos/english-seekho-2026-07-01)
carried-forward  1566236988412994 c0  → https://pub-893b4a6a607b4221a894bf861da7914e.r2.dev/1566236988412994.mp4
carried-forward  999994179437771 c0  → https://pub-893b4a6a607b4221a894bf861da7914e.r2.dev/999994179437771.mp4
video-missing    999994179437771 c0  (expected file not found in facebook/videos/english-seekho-2026-07-01)
carried-forward  2057759528145315 c0  → https://pub-893b4a6a607b4221a894bf861da7914e.r2.dev/2057759528145315.mp4
carried-forward  2415562212279006 c0  → https://pub-893b4a6a607b4221a894bf861da7914e.r2.dev/2415562212279006.mp4
carried-forward  871564259326574 c0  → https://pub-893b4a6a607b4221a894bf861da7914e.r2.dev/871564259326574.mp4
carried-forward  995004486736404 c0  → https://pub-893b4a6a607b4221a894bf861da7914e.r2.dev/995004486736404.mp4
carried-forward  1748285756361960 c0  → https://pub-893b4a6a607b4221a894bf861da7914e.r2.dev/1748285756361960.mp4
video-missing    1748285756361960 c0  (expected file not found in facebook/videos/english-seekho-2026-07-01)
carried-forward  1699760197792223 c0  → https://pub-893b4a6a607b4221a894bf861da7914e.r2.dev/1699760197792223.mp4
carried-forward  1549761863456981 c0  → https://pub-893b4a6a607b4221a894bf861da7914e.r2.dev/1549761863456981.mp4
carried-forward  2289139638526849 c0  → https://pub-893b4a6a607b4221a894bf861da7914e.r2.dev/2289139638526849.mp4
video-missing    2289139638526849 c0  (expected file not found in facebook/videos/english-seekho-2026-07-01)
carried-forward  1223700476600723 c0  → https://pub-893b4a6a607b4221a894bf861da7914e.r2.dev/1223700476600723.mp4
carried-forward  4462667594015020 c0  → https://pub-893b4a6a607b4221a894bf861da7914e.r2.dev/4462667594015020.mp4
carried-forward  1329716809342445 c0  → https://pub-893b4a6a607b4221a894bf861da7914e.r2.dev/1329716809342445.mp4
carried-forward  1037885932008729 c0  → https://pub-893b4a6a607b4221a894bf861da7914e.r2.dev/1037885932008729.mp4
video-missing    1037885932008729 c0  (expected file not found in facebook/videos/english-seekho-2026-07-01)
carried-forward  4595374774118114 c0  → https://pub-893b4a6a607b4221a894bf861da7914e.r2.dev/4595374774118114.mp4
carried-forward  1073974488628392 c0  → https://pub-893b4a6a607b4221a894bf861da7914e.r2.dev/1073974488628392.mp4
uploaded         1366714225383108 c0  (video) ← 1366714225383108.mp4  → https://pub-893b4a6a607b4221a894bf861da7914e.r2.dev/1366714225383108.mp4
carried-forward  2284073262000543 c0  → https://pub-893b4a6a607b4221a894bf861da7914e.r2.dev/2284073262000543.mp4
carried-forward  3163699757156529 c0  → https://pub-893b4a6a607b4221a894bf861da7914e.r2.dev/3163699757156529.mp4
carried-forward  1525437235985669 c0  → https://pub-893b4a6a607b4221a894bf861da7914e.r2.dev/1525437235985669.mp4
carried-forward  2152429472156703 c0  → https://pub-893b4a6a607b4221a894bf861da7914e.r2.dev/2152429472156703.mp4
carried-forward  1013882284521219 c0  → https://pub-893b4a6a607b4221a894bf861da7914e.r2.dev/1013882284521219.mp4
carried-forward  988958730629564 c0  → https://pub-893b4a6a607b4221a894bf861da7914e.r2.dev/988958730629564.mp4
carried-forward  1414490704064865 c0  → https://pub-893b4a6a607b4221a894bf861da7914e.r2.dev/1414490704064865.mp4
carried-forward  4404859313114775 c0  → https://pub-893b4a6a607b4221a894bf861da7914e.r2.dev/4404859313114775.mp4
carried-forward  2250084872471619 c0  → https://pub-893b4a6a607b4221a894bf861da7914e.r2.dev/2250084872471619.mp4
video-missing    2250084872471619 c0  (expected file not found in facebook/videos/english-seekho-2026-07-01)
carried-forward  1533195354964644 c0  → https://pub-893b4a6a607b4221a894bf861da7914e.r2.dev/1533195354964644.mp4
carried-forward  1641629937137441 c0  → https://pub-893b4a6a607b4221a894bf861da7914e.r2.dev/1641629937137441.mp4
carried-forward  1364784788843978 c0  → https://pub-893b4a6a607b4221a894bf861da7914e.r2.dev/1364784788843978.mp4
carried-forward  888335133660166 c0  → https://pub-893b4a6a607b4221a894bf861da7914e.r2.dev/888335133660166.mp4
carried-forward  1014900067589638 c0  → https://pub-893b4a6a607b4221a894bf861da7914e.r2.dev/1014900067589638.mp4
carried-forward  2591967137926271 c0  → https://pub-893b4a6a607b4221a894bf861da7914e.r2.dev/2591967137926271.mp4
carried-forward  3187076728157852 c0  → https://pub-893b4a6a607b4221a894bf861da7914e.r2.dev/3187076728157852.mp4
carried-forward  1961729674555213 c0  → https://pub-893b4a6a607b4221a894bf861da7914e.r2.dev/1961729674555213.mp4
carried-forward  1025441466769457 c0  → https://pub-893b4a6a607b4221a894bf861da7914e.r2.dev/1025441466769457.mp4
video-missing    1025441466769457 c0  (expected file not found in facebook/videos/english-seekho-2026-07-01)
carried-forward  2158276205120740 c0  → https://pub-893b4a6a607b4221a894bf861da7914e.r2.dev/2158276205120740.mp4
carried-forward  989974220692229 c0  → https://pub-893b4a6a607b4221a894bf861da7914e.r2.dev/989974220692229.mp4
video-missing    989974220692229 c0  (expected file not found in facebook/videos/english-seekho-2026-07-01)
carried-forward  1511433867191268 c0  → https://pub-893b4a6a607b4221a894bf861da7914e.r2.dev/1511433867191268.mp4
video-missing    1511433867191268 c0  (expected file not found in facebook/videos/english-seekho-2026-07-01)
carried-forward  2457739524747956 c0  → https://pub-893b4a6a607b4221a894bf861da7914e.r2.dev/2457739524747956.mp4
carried-forward  1472313281246256 c0  → https://pub-893b4a6a607b4221a894bf861da7914e.r2.dev/1472313281246256.mp4
uploaded         1561914735451606 c0  (video) ← 1561914735451606.mp4  → https://pub-893b4a6a607b4221a894bf861da7914e.r2.dev/1561914735451606.mp4
carried-forward  1550767846941355 c0  → https://pub-893b4a6a607b4221a894bf861da7914e.r2.dev/1550767846941355.mp4
carried-forward  1808954107158548 c0  → https://pub-893b4a6a607b4221a894bf861da7914e.r2.dev/1808954107158548.mp4
carried-forward  2854895638221000 c0  → https://pub-893b4a6a607b4221a894bf861da7914e.r2.dev/2854895638221000.mp4
carried-forward  2449267882206681 c0  → https://pub-893b4a6a607b4221a894bf861da7914e.r2.dev/2449267882206681.mp4
carried-forward  1052103567500135 c0  → https://pub-893b4a6a607b4221a894bf861da7914e.r2.dev/1052103567500135.mp4
carried-forward  1742223770287191 c0  → https://pub-893b4a6a607b4221a894bf861da7914e.r2.dev/1742223770287191.mp4
video-missing    1742223770287191 c0  (expected file not found in facebook/videos/english-seekho-2026-07-01)
carried-forward  1331978341738560 c0  → https://pub-893b4a6a607b4221a894bf861da7914e.r2.dev/1331978341738560.mp4
carried-forward  1569302308257783 c0  → https://pub-893b4a6a607b4221a894bf861da7914e.r2.dev/1569302308257783.mp4
video-missing    1569302308257783 c0  (expected file not found in facebook/videos/english-seekho-2026-07-01)
carried-forward  2453287415158391 c0  → https://pub-893b4a6a607b4221a894bf861da7914e.r2.dev/2453287415158391.mp4
carried-forward  855269107269308 c0  → https://pub-893b4a6a607b4221a894bf861da7914e.r2.dev/855269107269308.mp4
video-missing    855269107269308 c0  (expected file not found in facebook/videos/english-seekho-2026-07-01)
carried-forward  27355896097398956 c0  → https://pub-893b4a6a607b4221a894bf861da7914e.r2.dev/27355896097398956.mp4
video-missing    27355896097398956 c0  (expected file not found in facebook/videos/english-seekho-2026-07-01)
carried-forward  1030350836005309 c0  → https://pub-893b4a6a607b4221a894bf861da7914e.r2.dev/1030350836005309.mp4
video-missing    1030350836005309 c0  (expected file not found in facebook/videos/english-seekho-2026-07-01)
video-missing    1030350836005309 c0  (expected file not found in facebook/videos/english-seekho-2026-07-01)
carried-forward  1021299320653057 c0  → https://pub-893b4a6a607b4221a894bf861da7914e.r2.dev/1021299320653057.mp4
carried-forward  994055896811811 c0  → https://pub-893b4a6a607b4221a894bf861da7914e.r2.dev/994055896811811.mp4
carried-forward  846746431580534 c0  → https://pub-893b4a6a607b4221a894bf861da7914e.r2.dev/846746431580534.mp4
carried-forward  4395085614099165 c0  → https://pub-893b4a6a607b4221a894bf861da7914e.r2.dev/4395085614099165.mp4
video-missing    4395085614099165 c0  (expected file not found in facebook/videos/english-seekho-2026-07-01)
carried-forward  2289892785083094 c0  → https://pub-893b4a6a607b4221a894bf861da7914e.r2.dev/2289892785083094.mp4
carried-forward  2086474589415548 c0  → https://pub-893b4a6a607b4221a894bf861da7914e.r2.dev/2086474589415548.mp4
carried-forward  1360549895753796 c0  → https://pub-893b4a6a607b4221a894bf861da7914e.r2.dev/1360549895753796.mp4
carried-forward  1466382221844827 c0  → https://pub-893b4a6a607b4221a894bf861da7914e.r2.dev/1466382221844827.mp4
carried-forward  3098326293684794 c0  → https://pub-893b4a6a607b4221a894bf861da7914e.r2.dev/3098326293684794.mp4
carried-forward  1781211133045778 c0  → https://pub-893b4a6a607b4221a894bf861da7914e.r2.dev/1781211133045778.mp4
carried-forward  2280391339164492 c0  → https://pub-893b4a6a607b4221a894bf861da7914e.r2.dev/2280391339164492.mp4
carried-forward  2069551497104811 c0  → https://pub-893b4a6a607b4221a894bf861da7914e.r2.dev/2069551497104811.mp4
carried-forward  1548158910275403 c0  → https://pub-893b4a6a607b4221a894bf861da7914e.r2.dev/1548158910275403.mp4
carried-forward  1004855445700058 c0  → https://pub-893b4a6a607b4221a894bf861da7914e.r2.dev/1004855445700058.mp4
video-missing    1004855445700058 c0  (expected file not found in facebook/videos/english-seekho-2026-07-01)
carried-forward  841180405485967 c0  → https://pub-893b4a6a607b4221a894bf861da7914e.r2.dev/841180405485967.mp4
carried-forward  2201883133941569 c0  → https://pub-893b4a6a607b4221a894bf861da7914e.r2.dev/2201883133941569.mp4
carried-forward  1033037325739194 c0  → https://pub-893b4a6a607b4221a894bf861da7914e.r2.dev/1033037325739194.mp4
carried-forward  28740456275544709 c0  → https://pub-893b4a6a607b4221a894bf861da7914e.r2.dev/28740456275544709.mp4
carried-forward  922682520699920 c0  → https://pub-893b4a6a607b4221a894bf861da7914e.r2.dev/922682520699920.mp4
carried-forward  1485257069470905 c0  → https://pub-893b4a6a607b4221a894bf861da7914e.r2.dev/1485257069470905.mp4
carried-forward  2062686851122576 c0  → https://pub-893b4a6a607b4221a894bf861da7914e.r2.dev/2062686851122576.mp4
video-missing    2062686851122576 c0  (expected file not found in facebook/videos/english-seekho-2026-07-01)
carried-forward  1018511234269314 c0  → https://pub-893b4a6a607b4221a894bf861da7914e.r2.dev/1018511234269314.mp4
carried-forward  767456879118205 c0  → https://pub-893b4a6a607b4221a894bf861da7914e.r2.dev/767456879118205.mp4
carried-forward  2262866804533252 c0  → https://pub-893b4a6a607b4221a894bf861da7914e.r2.dev/2262866804533252.mp4
carried-forward  1908450636707359 c0  → https://pub-893b4a6a607b4221a894bf861da7914e.r2.dev/1908450636707359.mp4
carried-forward  1558750499203337 c0  → https://pub-893b4a6a607b4221a894bf861da7914e.r2.dev/1558750499203337.mp4
carried-forward  1034778562358924 c0  → https://pub-893b4a6a607b4221a894bf861da7914e.r2.dev/1034778562358924.mp4
carried-forward  2674686452896226 c0  → https://pub-893b4a6a607b4221a894bf861da7914e.r2.dev/2674686452896226.mp4
carried-forward  1370316518351776 c0  → https://pub-893b4a6a607b4221a894bf861da7914e.r2.dev/1370316518351776.mp4
carried-forward  2710465069347261 c0  → https://pub-893b4a6a607b4221a894bf861da7914e.r2.dev/2710465069347261.mp4
carried-forward  1767661237933180 c0  → https://pub-893b4a6a607b4221a894bf861da7914e.r2.dev/1767661237933180.mp4
video-missing    1767661237933180 c0  (expected file not found in facebook/videos/english-seekho-2026-07-01)
carried-forward  1016711277501426 c0  → https://pub-893b4a6a607b4221a894bf861da7914e.r2.dev/1016711277501426.mp4
carried-forward  1506917687899008 c0  → https://pub-893b4a6a607b4221a894bf861da7914e.r2.dev/1506917687899008.mp4
carried-forward  2299324837553512 c0  → https://pub-893b4a6a607b4221a894bf861da7914e.r2.dev/2299324837553512.mp4
carried-forward  1501154984318432 c0  → https://pub-893b4a6a607b4221a894bf861da7914e.r2.dev/1501154984318432.mp4
carried-forward  1683181803008249 c0  → https://pub-893b4a6a607b4221a894bf861da7914e.r2.dev/1683181803008249.mp4
carried-forward  1013834224460527 c0  → https://pub-893b4a6a607b4221a894bf861da7914e.r2.dev/1013834224460527.mp4
carried-forward  1362248205857349 c0  → https://pub-893b4a6a607b4221a894bf861da7914e.r2.dev/1362248205857349.mp4
carried-forward  2476132529526143 c0  → https://pub-893b4a6a607b4221a894bf861da7914e.r2.dev/2476132529526143.mp4
carried-forward  1552152966609413 c0  → https://pub-893b4a6a607b4221a894bf861da7914e.r2.dev/1552152966609413.mp4
video-missing    1552152966609413 c0  (expected file not found in facebook/videos/english-seekho-2026-07-01)
carried-forward  1476645587385501 c0  → https://pub-893b4a6a607b4221a894bf861da7914e.r2.dev/1476645587385501.mp4
carried-forward  1478126110733286 c0  → https://pub-893b4a6a607b4221a894bf861da7914e.r2.dev/1478126110733286.mp4
carried-forward  2491978981265778 c0  → https://pub-893b4a6a607b4221a894bf861da7914e.r2.dev/2491978981265778.mp4
video-missing    2491978981265778 c0  (expected file not found in facebook/videos/english-seekho-2026-07-01)
carried-forward  1244507290916309 c0  → https://pub-893b4a6a607b4221a894bf861da7914e.r2.dev/1244507290916309.mp4
carried-forward  4379825375635044 c0  → https://pub-893b4a6a607b4221a894bf861da7914e.r2.dev/4379825375635044.mp4
carried-forward  1798711957512384 c0  → https://pub-893b4a6a607b4221a894bf861da7914e.r2.dev/1798711957512384.mp4
carried-forward  1217329830515440 c0  → https://pub-893b4a6a607b4221a894bf861da7914e.r2.dev/1217329830515440.mp4
carried-forward  980161078224519 c0  → https://pub-893b4a6a607b4221a894bf861da7914e.r2.dev/980161078224519.mp4
carried-forward  1058989673456910 c0  → https://pub-893b4a6a607b4221a894bf861da7914e.r2.dev/1058989673456910.mp4
carried-forward  27596942579922918 c0  → https://pub-893b4a6a607b4221a894bf861da7914e.r2.dev/27596942579922918.mp4
carried-forward  1210251577301882 c0  → https://pub-893b4a6a607b4221a894bf861da7914e.r2.dev/1210251577301882.mp4
carried-forward  1516820150138394 c0  → https://pub-893b4a6a607b4221a894bf861da7914e.r2.dev/1516820150138394.mp4
carried-forward  1116123194536720 c0  → https://pub-893b4a6a607b4221a894bf861da7914e.r2.dev/1116123194536720.mp4
carried-forward  1868096310508725 c0  → https://pub-893b4a6a607b4221a894bf861da7914e.r2.dev/1868096310508725.mp4
carried-forward  2176910723137201 c0  → https://pub-893b4a6a607b4221a894bf861da7914e.r2.dev/2176910723137201.mp4
carried-forward  769511858914323 c0  → https://pub-893b4a6a607b4221a894bf861da7914e.r2.dev/769511858914323.mp4
carried-forward  1375587744419500 c0  → https://pub-893b4a6a607b4221a894bf861da7914e.r2.dev/1375587744419500.mp4
carried-forward  1419054459866080 c0  → https://pub-893b4a6a607b4221a894bf861da7914e.r2.dev/1419054459866080.mp4
carried-forward  1905133330090659 c0  → https://pub-893b4a6a607b4221a894bf861da7914e.r2.dev/1905133330090659.mp4
carried-forward  1493158025464613 c0  → https://pub-893b4a6a607b4221a894bf861da7914e.r2.dev/1493158025464613.mp4
video-missing    1493158025464613 c0  (expected file not found in facebook/videos/english-seekho-2026-07-01)
carried-forward  992565223765491 c0  → https://pub-893b4a6a607b4221a894bf861da7914e.r2.dev/992565223765491.mp4
carried-forward  4449032692079781 c0  → https://pub-893b4a6a607b4221a894bf861da7914e.r2.dev/4449032692079781.mp4
carried-forward  992003716779713 c0  → https://pub-893b4a6a607b4221a894bf861da7914e.r2.dev/992003716779713.mp4
carried-forward  989043553899179 c0  → https://pub-893b4a6a607b4221a894bf861da7914e.r2.dev/989043553899179.mp4
carried-forward  28328076060127742 c0  → https://pub-893b4a6a607b4221a894bf861da7914e.r2.dev/28328076060127742.mp4
carried-forward  1517554036505986 c0  → https://pub-893b4a6a607b4221a894bf861da7914e.r2.dev/1517554036505986.mp4
carried-forward  1251191153618197 c0  → https://pub-893b4a6a607b4221a894bf861da7914e.r2.dev/1251191153618197.mp4
uploaded         1310820357871751 c0  (video) ← 1310820357871751.mp4  → https://pub-893b4a6a607b4221a894bf861da7914e.r2.dev/1310820357871751.mp4
carried-forward  1725067598623459 c0  → https://pub-893b4a6a607b4221a894bf861da7914e.r2.dev/1725067598623459.mp4
carried-forward  2015119902365104 c0  → https://pub-893b4a6a607b4221a894bf861da7914e.r2.dev/2015119902365104.mp4
carried-forward  1502392968556177 c0  → https://pub-893b4a6a607b4221a894bf861da7914e.r2.dev/1502392968556177.mp4
carried-forward  1293551286094512 c0  → https://pub-893b4a6a607b4221a894bf861da7914e.r2.dev/1293551286094512.mp4
carried-forward  608640915677208 c0  → https://pub-893b4a6a607b4221a894bf861da7914e.r2.dev/608640915677208.mp4
uploaded         1634590185335796 c0  (video) ← 1634590185335796.mp4  → https://pub-893b4a6a607b4221a894bf861da7914e.r2.dev/1634590185335796.mp4
video-missing    1634590185335796 c0  (expected file not found in facebook/videos/english-seekho-2026-07-01)
carried-forward  1527705102238953 c0  → https://pub-893b4a6a607b4221a894bf861da7914e.r2.dev/1527705102238953.mp4
carried-forward  1229348518532340 c0  → https://pub-893b4a6a607b4221a894bf861da7914e.r2.dev/1229348518532340.mp4
carried-forward  2307285850076149 c0  → https://pub-893b4a6a607b4221a894bf861da7914e.r2.dev/2307285850076149.mp4
carried-forward  1054948106795031 c0  → https://pub-893b4a6a607b4221a894bf861da7914e.r2.dev/1054948106795031.mp4
carried-forward  1897670861193161 c0  → https://pub-893b4a6a607b4221a894bf861da7914e.r2.dev/1897670861193161.mp4
video-missing    1897670861193161 c0  (expected file not found in facebook/videos/english-seekho-2026-07-01)
carried-forward  25537890735891271 c0  → https://pub-893b4a6a607b4221a894bf861da7914e.r2.dev/25537890735891271.mp4
carried-forward  1013210904906007 c0  → https://pub-893b4a6a607b4221a894bf861da7914e.r2.dev/1013210904906007.mp4
carried-forward  1566419131498516 c0  → https://pub-893b4a6a607b4221a894bf861da7914e.r2.dev/1566419131498516.mp4
carried-forward  1776427543722557 c0  → https://pub-893b4a6a607b4221a894bf861da7914e.r2.dev/1776427543722557.mp4
carried-forward  1541821427355269 c0  → https://pub-893b4a6a607b4221a894bf861da7914e.r2.dev/1541821427355269.mp4
video-missing    1541821427355269 c0  (expected file not found in facebook/videos/english-seekho-2026-07-01)
carried-forward  996894339611386 c0  → https://pub-893b4a6a607b4221a894bf861da7914e.r2.dev/996894339611386.mp4
carried-forward  1522254569489888 c0  → https://pub-893b4a6a607b4221a894bf861da7914e.r2.dev/1522254569489888.mp4
carried-forward  1018848650896202 c0  → https://pub-893b4a6a607b4221a894bf861da7914e.r2.dev/1018848650896202.mp4
video-missing    1018848650896202 c0  (expected file not found in facebook/videos/english-seekho-2026-07-01)
carried-forward  871249576054640 c0  → https://pub-893b4a6a607b4221a894bf861da7914e.r2.dev/871249576054640.mp4
carried-forward  890589943792591 c0  → https://pub-893b4a6a607b4221a894bf861da7914e.r2.dev/890589943792591.mp4
carried-forward  1224227439081919 c0  → https://pub-893b4a6a607b4221a894bf861da7914e.r2.dev/1224227439081919.mp4
uploaded         1013023587804896 c0  (video) ← 1013023587804896.mp4  → https://pub-893b4a6a607b4221a894bf861da7914e.r2.dev/1013023587804896.mp4
video-missing    1013023587804896 c0  (expected file not found in facebook/videos/english-seekho-2026-07-01)
carried-forward  1580206837058054 c0  → https://pub-893b4a6a607b4221a894bf861da7914e.r2.dev/1580206837058054.mp4
video-missing    1580206837058054 c0  (expected file not found in facebook/videos/english-seekho-2026-07-01)
carried-forward  1044803961306359 c0  → https://pub-893b4a6a607b4221a894bf861da7914e.r2.dev/1044803961306359.mp4
carried-forward  1925971998080083 c0  → https://pub-893b4a6a607b4221a894bf861da7914e.r2.dev/1925971998080083.mp4
carried-forward  1559841751931772 c0  → https://pub-893b4a6a607b4221a894bf861da7914e.r2.dev/1559841751931772.mp4
carried-forward  840752642285554 c0  → https://pub-893b4a6a607b4221a894bf861da7914e.r2.dev/840752642285554.mp4
carried-forward  1715246889521220 c0  → https://pub-893b4a6a607b4221a894bf861da7914e.r2.dev/1715246889521220.mp4
carried-forward  2564002100698936 c0  → https://pub-893b4a6a607b4221a894bf861da7914e.r2.dev/2564002100698936.mp4
uploaded         1008695968233040 c0  (video) ← 1008695968233040.mp4  → https://pub-893b4a6a607b4221a894bf861da7914e.r2.dev/1008695968233040.mp4
video-missing    1008695968233040 c0  (expected file not found in facebook/videos/english-seekho-2026-07-01)
carried-forward  1379767887344638 c0  → https://pub-893b4a6a607b4221a894bf861da7914e.r2.dev/1379767887344638.mp4
carried-forward  874940122070171 c0  → https://pub-893b4a6a607b4221a894bf861da7914e.r2.dev/874940122070171.mp4
carried-forward  4302892766687435 c0  → https://pub-893b4a6a607b4221a894bf861da7914e.r2.dev/4302892766687435.mp4
carried-forward  2074955680119215 c0  → https://pub-893b4a6a607b4221a894bf861da7914e.r2.dev/2074955680119215.mp4
carried-forward  1029018226306071 c0  → https://pub-893b4a6a607b4221a894bf861da7914e.r2.dev/1029018226306071.mp4
carried-forward  1430826552137036 c0  → https://pub-893b4a6a607b4221a894bf861da7914e.r2.dev/1430826552137036.mp4
carried-forward  1509527853448376 c0  → https://pub-893b4a6a607b4221a894bf861da7914e.r2.dev/1509527853448376.mp4
carried-forward  2118739369061878 c0  → https://pub-893b4a6a607b4221a894bf861da7914e.r2.dev/2118739369061878.mp4
carried-forward  1450032943549973 c0  → https://pub-893b4a6a607b4221a894bf861da7914e.r2.dev/1450032943549973.mp4
carried-forward  758261500703263 c0  → https://pub-893b4a6a607b4221a894bf861da7914e.r2.dev/758261500703263.mp4
carried-forward  1945996112929486 c0  → https://pub-893b4a6a607b4221a894bf861da7914e.r2.dev/1945996112929486.mp4
carried-forward  26372603382322992 c0  → https://pub-893b4a6a607b4221a894bf861da7914e.r2.dev/26372603382322992.mp4
carried-forward  27014277688243328 c0  → https://pub-893b4a6a607b4221a894bf861da7914e.r2.dev/27014277688243328.mp4
video-missing    27014277688243328 c0  (expected file not found in facebook/videos/english-seekho-2026-07-01)
carried-forward  1057833703249477 c0  → https://pub-893b4a6a607b4221a894bf861da7914e.r2.dev/1057833703249477.mp4
video-missing    1057833703249477 c0  (expected file not found in facebook/videos/english-seekho-2026-07-01)
carried-forward  2471083830074670 c0  → https://pub-893b4a6a607b4221a894bf861da7914e.r2.dev/2471083830074670.mp4
carried-forward  5195950473963815 c0  → https://pub-893b4a6a607b4221a894bf861da7914e.r2.dev/5195950473963815.mp4
carried-forward  1816455899317350 c0  → https://pub-893b4a6a607b4221a894bf861da7914e.r2.dev/1816455899317350.mp4
carried-forward  1550387139803494 c0  → https://pub-893b4a6a607b4221a894bf861da7914e.r2.dev/1550387139803494.mp4
carried-forward  1373903987920898 c0  → https://pub-893b4a6a607b4221a894bf861da7914e.r2.dev/1373903987920898.mp4
carried-forward  27689527757344642 c0  → https://pub-893b4a6a607b4221a894bf861da7914e.r2.dev/27689527757344642.mp4
carried-forward  1193274679606735 c0  → https://pub-893b4a6a607b4221a894bf861da7914e.r2.dev/1193274679606735.mp4
video-missing    1193274679606735 c0  (expected file not found in facebook/videos/english-seekho-2026-07-01)
carried-forward  1737094637719334 c0  → https://pub-893b4a6a607b4221a894bf861da7914e.r2.dev/1737094637719334.mp4
carried-forward  2037768870280868 c0  → https://pub-893b4a6a607b4221a894bf861da7914e.r2.dev/2037768870280868.mp4
carried-forward  1009591835126667 c0  → https://pub-893b4a6a607b4221a894bf861da7914e.r2.dev/1009591835126667.mp4
carried-forward  1714300106270908 c0  → https://pub-893b4a6a607b4221a894bf861da7914e.r2.dev/1714300106270908.mp4
carried-forward  1001021056169153 c0  → https://pub-893b4a6a607b4221a894bf861da7914e.r2.dev/1001021056169153.mp4
carried-forward  1371089134938141 c0  → https://pub-893b4a6a607b4221a894bf861da7914e.r2.dev/1371089134938141.mp4
carried-forward  1016664210770922 c0  → https://pub-893b4a6a607b4221a894bf861da7914e.r2.dev/1016664210770922.mp4
carried-forward  1372305451440500 c0  → https://pub-893b4a6a607b4221a894bf861da7914e.r2.dev/1372305451440500.mp4
carried-forward  1327079042275821 c0  → https://pub-893b4a6a607b4221a894bf861da7914e.r2.dev/1327079042275821.mp4
carried-forward  1888989385104466 c0  → https://pub-893b4a6a607b4221a894bf861da7914e.r2.dev/1888989385104466.mp4
carried-forward  1745554799947259 c0  → https://pub-893b4a6a607b4221a894bf861da7914e.r2.dev/1745554799947259.mp4
carried-forward  4606675376325303 c0  → https://pub-893b4a6a607b4221a894bf861da7914e.r2.dev/4606675376325303.mp4
carried-forward  1448206524007617 c0  → https://pub-893b4a6a607b4221a894bf861da7914e.r2.dev/1448206524007617.mp4
carried-forward  1427103212256894 c0  → https://pub-893b4a6a607b4221a894bf861da7914e.r2.dev/1427103212256894.mp4
carried-forward  1949116122455857 c0  → https://pub-893b4a6a607b4221a894bf861da7914e.r2.dev/1949116122455857.mp4
carried-forward  888340387034695 c0  → https://pub-893b4a6a607b4221a894bf861da7914e.r2.dev/888340387034695.mp4
carried-forward  1754687252206659 c0  → https://pub-893b4a6a607b4221a894bf861da7914e.r2.dev/1754687252206659.mp4
video-missing    1754687252206659 c0  (expected file not found in facebook/videos/english-seekho-2026-07-01)
carried-forward  1345117571055296 c0  → https://pub-893b4a6a607b4221a894bf861da7914e.r2.dev/1345117571055296.mp4
uploaded         1385296530129167 c0  (video) ← 1385296530129167.mp4  → https://pub-893b4a6a607b4221a894bf861da7914e.r2.dev/1385296530129167.mp4
carried-forward  1923249195030529 c0  → https://pub-893b4a6a607b4221a894bf861da7914e.r2.dev/1923249195030529.mp4
carried-forward  1021399587076954 c0  → https://pub-893b4a6a607b4221a894bf861da7914e.r2.dev/1021399587076954.mp4
carried-forward  697816340093894 c0  → https://pub-893b4a6a607b4221a894bf861da7914e.r2.dev/697816340093894.mp4
carried-forward  1666152167999287 c0  → https://pub-893b4a6a607b4221a894bf861da7914e.r2.dev/1666152167999287.mp4
carried-forward  2460448161124282 c0  → https://pub-893b4a6a607b4221a894bf861da7914e.r2.dev/2460448161124282.mp4
carried-forward  3887006608101122 c0  → https://pub-893b4a6a607b4221a894bf861da7914e.r2.dev/3887006608101122.mp4
carried-forward  2253030498553449 c0  → https://pub-893b4a6a607b4221a894bf861da7914e.r2.dev/2253030498553449.mp4
uploaded         3738019016337432 c0  (video) ← 3738019016337432.mp4  → https://pub-893b4a6a607b4221a894bf861da7914e.r2.dev/3738019016337432.mp4
carried-forward  935488209549155 c0  → https://pub-893b4a6a607b4221a894bf861da7914e.r2.dev/935488209549155.mp4
carried-forward  1599953378390361 c0  → https://pub-893b4a6a607b4221a894bf861da7914e.r2.dev/1599953378390361.mp4
carried-forward  889242263585010 c0  → https://pub-893b4a6a607b4221a894bf861da7914e.r2.dev/889242263585010.mp4
video-missing    889242263585010 c0  (expected file not found in facebook/videos/english-seekho-2026-07-01)
carried-forward  2726248684442131 c0  → https://pub-893b4a6a607b4221a894bf861da7914e.r2.dev/2726248684442131.mp4
carried-forward  2240311443468915 c0  → https://pub-893b4a6a607b4221a894bf861da7914e.r2.dev/2240311443468915.mp4
carried-forward  2309110689621211 c0  → https://pub-893b4a6a607b4221a894bf861da7914e.r2.dev/2309110689621211.mp4
carried-forward  1721045179236691 c0  → https://pub-893b4a6a607b4221a894bf861da7914e.r2.dev/1721045179236691.mp4
carried-forward  1592037615820024 c0  → https://pub-893b4a6a607b4221a894bf861da7914e.r2.dev/1592037615820024.mp4
carried-forward  1011236058497179 c0  → https://pub-893b4a6a607b4221a894bf861da7914e.r2.dev/1011236058497179.mp4
carried-forward  1031821289502647 c0  → https://pub-893b4a6a607b4221a894bf861da7914e.r2.dev/1031821289502647.mp4
carried-forward  1004888342246930 c0  → https://pub-893b4a6a607b4221a894bf861da7914e.r2.dev/1004888342246930.mp4
carried-forward  1873195333560021 c0  → https://pub-893b4a6a607b4221a894bf861da7914e.r2.dev/1873195333560021.mp4
carried-forward  3343646045818207 c0  → https://pub-893b4a6a607b4221a894bf861da7914e.r2.dev/3343646045818207.mp4
carried-forward  1432601425298442 c0  → https://pub-893b4a6a607b4221a894bf861da7914e.r2.dev/1432601425298442.mp4
carried-forward  1163677526831374 c0  → https://pub-893b4a6a607b4221a894bf861da7914e.r2.dev/1163677526831374.mp4
carried-forward  1455851686368336 c0  → https://pub-893b4a6a607b4221a894bf861da7914e.r2.dev/1455851686368336.mp4
carried-forward  1738037087335267 c0  → https://pub-893b4a6a607b4221a894bf861da7914e.r2.dev/1738037087335267.mp4
carried-forward  2453355138475943 c0  → https://pub-893b4a6a607b4221a894bf861da7914e.r2.dev/2453355138475943.mp4
carried-forward  3805916236217765 c0  → https://pub-893b4a6a607b4221a894bf861da7914e.r2.dev/3805916236217765.mp4
uploaded         992134860252420 c0  (video) ← 992134860252420.mp4  → https://pub-893b4a6a607b4221a894bf861da7914e.r2.dev/992134860252420.mp4
carried-forward  861154453569534 c0  → https://pub-893b4a6a607b4221a894bf861da7914e.r2.dev/861154453569534.mp4
uploaded         1565854425161369 c0  (video) ← 1565854425161369.mp4  → https://pub-893b4a6a607b4221a894bf861da7914e.r2.dev/1565854425161369.mp4
carried-forward  1051194634531152 c0  → https://pub-893b4a6a607b4221a894bf861da7914e.r2.dev/1051194634531152.mp4
uploaded         1392932499474612 c0  (video) ← 1392932499474612.mp4  → https://pub-893b4a6a607b4221a894bf861da7914e.r2.dev/1392932499474612.mp4
carried-forward  27381670001496536 c0  → https://pub-893b4a6a607b4221a894bf861da7914e.r2.dev/27381670001496536.mp4
carried-forward  805915929154160 c0  → https://pub-893b4a6a607b4221a894bf861da7914e.r2.dev/805915929154160.mp4
carried-forward  1663600331420909 c0  → https://pub-893b4a6a607b4221a894bf861da7914e.r2.dev/1663600331420909.mp4
carried-forward  1024008110115931 c0  → https://pub-893b4a6a607b4221a894bf861da7914e.r2.dev/1024008110115931.mp4
uploaded         1597888551785705 c0  (video) ← 1597888551785705.mp4  → https://pub-893b4a6a607b4221a894bf861da7914e.r2.dev/1597888551785705.mp4
carried-forward  1353119973651027 c0  → https://pub-893b4a6a607b4221a894bf861da7914e.r2.dev/1353119973651027.mp4
uploaded         2535424746879075 c0  (video) ← 2535424746879075.mp4  → https://pub-893b4a6a607b4221a894bf861da7914e.r2.dev/2535424746879075.mp4
carried-forward  902496572123981 c0  → https://pub-893b4a6a607b4221a894bf861da7914e.r2.dev/902496572123981.mp4
uploaded         4458237891109283 c0  (video) ← 4458237891109283.mp4  → https://pub-893b4a6a607b4221a894bf861da7914e.r2.dev/4458237891109283.mp4
carried-forward  1662559071716567 c0  → https://pub-893b4a6a607b4221a894bf861da7914e.r2.dev/1662559071716567.mp4
video-missing    1662559071716567 c0  (expected file not found in facebook/videos/english-seekho-2026-07-01)
carried-forward  1524179569172967 c0  → https://pub-893b4a6a607b4221a894bf861da7914e.r2.dev/1524179569172967.mp4
carried-forward  929730543486575 c0  → https://pub-893b4a6a607b4221a894bf861da7914e.r2.dev/929730543486575.mp4
carried-forward  1343160993857585 c0  → https://pub-893b4a6a607b4221a894bf861da7914e.r2.dev/1343160993857585.mp4
carried-forward  1015345331246570 c0  → https://pub-893b4a6a607b4221a894bf861da7914e.r2.dev/1015345331246570.mp4
carried-forward  999869049497465 c0  → https://pub-893b4a6a607b4221a894bf861da7914e.r2.dev/999869049497465.mp4
video-missing    999869049497465 c0  (expected file not found in facebook/videos/english-seekho-2026-07-01)
uploaded         1437806384778302 c0  (video) ← 1437806384778302.mp4  → https://pub-893b4a6a607b4221a894bf861da7914e.r2.dev/1437806384778302.mp4
uploaded         1338970468348134 c0  (video) ← 1338970468348134.mp4  → https://pub-893b4a6a607b4221a894bf861da7914e.r2.dev/1338970468348134.mp4
carried-forward  1022345260482484 c0  → https://pub-893b4a6a607b4221a894bf861da7914e.r2.dev/1022345260482484.mp4
carried-forward  1535159614825120 c0  → https://pub-893b4a6a607b4221a894bf861da7914e.r2.dev/1535159614825120.mp4
carried-forward  2214942989329751 c0  → https://pub-893b4a6a607b4221a894bf861da7914e.r2.dev/2214942989329751.mp4
carried-forward  1302125191954780 c0  → https://pub-893b4a6a607b4221a894bf861da7914e.r2.dev/1302125191954780.mp4
uploaded         2101031297465197 c0  (video) ← 2101031297465197.mp4  → https://pub-893b4a6a607b4221a894bf861da7914e.r2.dev/2101031297465197.mp4
uploaded         895878273572625 c0  (video) ← 895878273572625.mp4  → https://pub-893b4a6a607b4221a894bf861da7914e.r2.dev/895878273572625.mp4
carried-forward  982402694706387 c0  → https://pub-893b4a6a607b4221a894bf861da7914e.r2.dev/982402694706387.mp4
carried-forward  1905489713469525 c0  → https://pub-893b4a6a607b4221a894bf861da7914e.r2.dev/1905489713469525.mp4
carried-forward  1528378065309084 c0  → https://pub-893b4a6a607b4221a894bf861da7914e.r2.dev/1528378065309084.mp4
carried-forward  2525775137880225 c0  → https://pub-893b4a6a607b4221a894bf861da7914e.r2.dev/2525775137880225.mp4
uploaded         2006480336628924 c0  (video) ← 2006480336628924.mp4  → https://pub-893b4a6a607b4221a894bf861da7914e.r2.dev/2006480336628924.mp4
carried-forward  1717353739307487 c0  → https://pub-893b4a6a607b4221a894bf861da7914e.r2.dev/1717353739307487.mp4
carried-forward  1314891207516757 c0  → https://pub-893b4a6a607b4221a894bf861da7914e.r2.dev/1314891207516757.mp4
video-missing    1314891207516757 c0  (expected file not found in facebook/videos/english-seekho-2026-07-01)
video-missing    1314891207516757 c0  (expected file not found in facebook/videos/english-seekho-2026-07-01)
carried-forward  1555719136160099 c0  → https://pub-893b4a6a607b4221a894bf861da7914e.r2.dev/1555719136160099.mp4
carried-forward  1111579925381064 c0  → https://pub-893b4a6a607b4221a894bf861da7914e.r2.dev/1111579925381064.mp4
carried-forward  2419005698593757 c0  → https://pub-893b4a6a607b4221a894bf861da7914e.r2.dev/2419005698593757.mp4
carried-forward  1207813628104720 c0  → https://pub-893b4a6a607b4221a894bf861da7914e.r2.dev/1207813628104720.mp4
carried-forward  4374030316245221 c0  → https://pub-893b4a6a607b4221a894bf861da7914e.r2.dev/4374030316245221.mp4
carried-forward  1017565317433478 c0  → https://pub-893b4a6a607b4221a894bf861da7914e.r2.dev/1017565317433478.mp4
carried-forward  978936488281633 c0  → https://pub-893b4a6a607b4221a894bf861da7914e.r2.dev/978936488281633.mp4
carried-forward  1001162866163659 c0  → https://pub-893b4a6a607b4221a894bf861da7914e.r2.dev/1001162866163659.mp4
carried-forward  1630399688642141 c0  → https://pub-893b4a6a607b4221a894bf861da7914e.r2.dev/1630399688642141.mp4
uploaded         1777741150337556 c0  (video) ← 1777741150337556.mp4  → https://pub-893b4a6a607b4221a894bf861da7914e.r2.dev/1777741150337556.mp4
carried-forward  1560361762282319 c0  → https://pub-893b4a6a607b4221a894bf861da7914e.r2.dev/1560361762282319.mp4
uploaded         4530892640533002 c0  (video) ← 4530892640533002.mp4  → https://pub-893b4a6a607b4221a894bf861da7914e.r2.dev/4530892640533002.mp4
carried-forward  28567683666154285 c0  → https://pub-893b4a6a607b4221a894bf861da7914e.r2.dev/28567683666154285.mp4
carried-forward  1538472508012536 c0  → https://pub-893b4a6a607b4221a894bf861da7914e.r2.dev/1538472508012536.mp4
carried-forward  2017725382451838 c0  → https://pub-893b4a6a607b4221a894bf861da7914e.r2.dev/2017725382451838.mp4
carried-forward  1688950885654154 c0  → https://pub-893b4a6a607b4221a894bf861da7914e.r2.dev/1688950885654154.mp4
carried-forward  940652455663725 c0  → https://pub-893b4a6a607b4221a894bf861da7914e.r2.dev/940652455663725.mp4
carried-forward  4269718399956786 c0  → https://pub-893b4a6a607b4221a894bf861da7914e.r2.dev/4269718399956786.mp4
carried-forward  1330467881962589 c0  → https://pub-893b4a6a607b4221a894bf861da7914e.r2.dev/1330467881962589.mp4
carried-forward  2509735886160155 c0  → https://pub-893b4a6a607b4221a894bf861da7914e.r2.dev/2509735886160155.mp4
uploaded         3382105481971159 c0  (video) ← 3382105481971159.mp4  → https://pub-893b4a6a607b4221a894bf861da7914e.r2.dev/3382105481971159.mp4
carried-forward  1378445657484836 c0  → https://pub-893b4a6a607b4221a894bf861da7914e.r2.dev/1378445657484836.mp4
carried-forward  4419361311611834 c0  → https://pub-893b4a6a607b4221a894bf861da7914e.r2.dev/4419361311611834.mp4
carried-forward  1506087570683420 c0  → https://pub-893b4a6a607b4221a894bf861da7914e.r2.dev/1506087570683420.mp4
carried-forward  2170940920336825 c0  → https://pub-893b4a6a607b4221a894bf861da7914e.r2.dev/2170940920336825.mp4
carried-forward  1027893896488146 c0  → https://pub-893b4a6a607b4221a894bf861da7914e.r2.dev/1027893896488146.mp4
carried-forward  4593334350903175 c0  → https://pub-893b4a6a607b4221a894bf861da7914e.r2.dev/4593334350903175.mp4
uploaded         1532376115095418 c0  (video) ← 1532376115095418.mp4  → https://pub-893b4a6a607b4221a894bf861da7914e.r2.dev/1532376115095418.mp4
uploaded         1803840914109343 c0  (video) ← 1803840914109343.mp4  → https://pub-893b4a6a607b4221a894bf861da7914e.r2.dev/1803840914109343.mp4
carried-forward  1576649194044983 c0  → https://pub-893b4a6a607b4221a894bf861da7914e.r2.dev/1576649194044983.mp4
carried-forward  2897154517297988 c0  → https://pub-893b4a6a607b4221a894bf861da7914e.r2.dev/2897154517297988.mp4
carried-forward  2498152363990605 c0  → https://pub-893b4a6a607b4221a894bf861da7914e.r2.dev/2498152363990605.mp4
uploaded         1352366157035260 c0  (video) ← 1352366157035260.mp4  → https://pub-893b4a6a607b4221a894bf861da7914e.r2.dev/1352366157035260.mp4
carried-forward  975268145345971 c0  → https://pub-893b4a6a607b4221a894bf861da7914e.r2.dev/975268145345971.mp4
carried-forward  1764669821239433 c0  → https://pub-893b4a6a607b4221a894bf861da7914e.r2.dev/1764669821239433.mp4
carried-forward  1981211102758395 c0  → https://pub-893b4a6a607b4221a894bf861da7914e.r2.dev/1981211102758395.mp4
carried-forward  1009419671474140 c0  → https://pub-893b4a6a607b4221a894bf861da7914e.r2.dev/1009419671474140.mp4
carried-forward  1360985826159824 c0  → https://pub-893b4a6a607b4221a894bf861da7914e.r2.dev/1360985826159824.mp4
carried-forward  2203629803825194 c0  → https://pub-893b4a6a607b4221a894bf861da7914e.r2.dev/2203629803825194.mp4
uploaded         1082352251117527 c0  (video) ← 1082352251117527.mp4  → https://pub-893b4a6a607b4221a894bf861da7914e.r2.dev/1082352251117527.mp4
carried-forward  4281977572067914 c0  → https://pub-893b4a6a607b4221a894bf861da7914e.r2.dev/4281977572067914.mp4
carried-forward  2213888059444513 c0  → https://pub-893b4a6a607b4221a894bf861da7914e.r2.dev/2213888059444513.mp4
uploaded         2728416744225369 c0  (video) ← 2728416744225369.mp4  → https://pub-893b4a6a607b4221a894bf861da7914e.r2.dev/2728416744225369.mp4
carried-forward  2254299112052580 c0  → https://pub-893b4a6a607b4221a894bf861da7914e.r2.dev/2254299112052580.mp4
carried-forward  1323849876545623 c0  → https://pub-893b4a6a607b4221a894bf861da7914e.r2.dev/1323849876545623.mp4
uploaded         1547898393355937 c0  (video) ← 1547898393355937.mp4  → https://pub-893b4a6a607b4221a894bf861da7914e.r2.dev/1547898393355937.mp4
