# Step 3 run log
# competitor : english-seekho
# started_at : 2026-07-10T06:38:16
# input      : facebook/inputs/fb-ads-english-seekho-2026-07-10-0631.csv
# videos     : facebook/videos/english-seekho-2026-07-10
# master     : facebook/master/english-seekho.csv  (updated)
# enriched   : facebook/inputs/fb-ads-english-seekho-2026-07-10-0631_enriched.csv
# bucket     : video-ads
# public_base: https://pub-893b4a6a607b4221a894bf861da7914e.r2.dev
# dry_run    : False
#
# counts     : {'uploaded': 48, 'carried-forward': 187, 'image-pending': 0, 'video-missing': 30, 'no-creative': 0, 'error': 0}
#
carried-forward  985533387662266 c0  → https://pub-893b4a6a607b4221a894bf861da7914e.r2.dev/985533387662266.mp4
video-missing    985533387662266 c0  (expected file not found in facebook/videos/english-seekho-2026-07-10)
carried-forward  989474957025076 c0  → https://pub-893b4a6a607b4221a894bf861da7914e.r2.dev/989474957025076.mp4
carried-forward  873021038754328 c0  → https://pub-893b4a6a607b4221a894bf861da7914e.r2.dev/873021038754328.mp4
carried-forward  3033559160166599 c0  → https://pub-893b4a6a607b4221a894bf861da7914e.r2.dev/3033559160166599.mp4
carried-forward  1699760197792223 c0  → https://pub-893b4a6a607b4221a894bf861da7914e.r2.dev/1699760197792223.mp4
carried-forward  885862810591427 c0  → https://pub-893b4a6a607b4221a894bf861da7914e.r2.dev/885862810591427.mp4
carried-forward  1289129073383437 c0  → https://pub-893b4a6a607b4221a894bf861da7914e.r2.dev/1289129073383437.mp4
carried-forward  1030481159453297 c0  → https://pub-893b4a6a607b4221a894bf861da7914e.r2.dev/1030481159453297.mp4
carried-forward  1518594126387614 c0  → https://pub-893b4a6a607b4221a894bf861da7914e.r2.dev/1518594126387614.mp4
carried-forward  1331978341738560 c0  → https://pub-893b4a6a607b4221a894bf861da7914e.r2.dev/1331978341738560.mp4
carried-forward  1366714225383108 c0  → https://pub-893b4a6a607b4221a894bf861da7914e.r2.dev/1366714225383108.mp4
carried-forward  1777270433616585 c0  → https://pub-893b4a6a607b4221a894bf861da7914e.r2.dev/1777270433616585.mp4
video-missing    1777270433616585 c0  (expected file not found in facebook/videos/english-seekho-2026-07-10)
carried-forward  1260469682675863 c0  → https://pub-893b4a6a607b4221a894bf861da7914e.r2.dev/1260469682675863.mp4
carried-forward  1013023587804896 c0  → https://pub-893b4a6a607b4221a894bf861da7914e.r2.dev/1013023587804896.mp4
video-missing    1013023587804896 c0  (expected file not found in facebook/videos/english-seekho-2026-07-10)
carried-forward  3607823459368677 c0  → https://pub-893b4a6a607b4221a894bf861da7914e.r2.dev/3607823459368677.mp4
carried-forward  1342745497312585 c0  → https://pub-893b4a6a607b4221a894bf861da7914e.r2.dev/1342745497312585.mp4
video-missing    1342745497312585 c0  (expected file not found in facebook/videos/english-seekho-2026-07-10)
carried-forward  27770311949260226 c0  → https://pub-893b4a6a607b4221a894bf861da7914e.r2.dev/27770311949260226.mp4
carried-forward  1566236988412994 c0  → https://pub-893b4a6a607b4221a894bf861da7914e.r2.dev/1566236988412994.mp4
carried-forward  1064443136246118 c0  → https://pub-893b4a6a607b4221a894bf861da7914e.r2.dev/1064443136246118.mp4
carried-forward  2284073262000543 c0  → https://pub-893b4a6a607b4221a894bf861da7914e.r2.dev/2284073262000543.mp4
carried-forward  1472313281246256 c0  → https://pub-893b4a6a607b4221a894bf861da7914e.r2.dev/1472313281246256.mp4
carried-forward  1043173955166157 c0  → https://pub-893b4a6a607b4221a894bf861da7914e.r2.dev/1043173955166157.mp4
video-missing    1043173955166157 c0  (expected file not found in facebook/videos/english-seekho-2026-07-10)
carried-forward  1014456487800871 c0  → https://pub-893b4a6a607b4221a894bf861da7914e.r2.dev/1014456487800871.mp4
carried-forward  1018511234269314 c0  → https://pub-893b4a6a607b4221a894bf861da7914e.r2.dev/1018511234269314.mp4
uploaded         1654481422515098 c0  (video) ← 1654481422515098.mp4  → https://pub-893b4a6a607b4221a894bf861da7914e.r2.dev/1654481422515098.mp4
carried-forward  1207813628104720 c0  → https://pub-893b4a6a607b4221a894bf861da7914e.r2.dev/1207813628104720.mp4
carried-forward  1598189468399583 c0  → https://pub-893b4a6a607b4221a894bf861da7914e.r2.dev/1598189468399583.mp4
carried-forward  846746431580534 c0  → https://pub-893b4a6a607b4221a894bf861da7914e.r2.dev/846746431580534.mp4
carried-forward  999994179437771 c0  → https://pub-893b4a6a607b4221a894bf861da7914e.r2.dev/999994179437771.mp4
carried-forward  992773516690548 c0  → https://pub-893b4a6a607b4221a894bf861da7914e.r2.dev/992773516690548.mp4
carried-forward  1008695968233040 c0  → https://pub-893b4a6a607b4221a894bf861da7914e.r2.dev/1008695968233040.mp4
video-missing    1008695968233040 c0  (expected file not found in facebook/videos/english-seekho-2026-07-10)
carried-forward  888335133660166 c0  → https://pub-893b4a6a607b4221a894bf861da7914e.r2.dev/888335133660166.mp4
carried-forward  871564259326574 c0  → https://pub-893b4a6a607b4221a894bf861da7914e.r2.dev/871564259326574.mp4
carried-forward  883414924661759 c0  → https://pub-893b4a6a607b4221a894bf861da7914e.r2.dev/883414924661759.mp4
carried-forward  2057759528145315 c0  → https://pub-893b4a6a607b4221a894bf861da7914e.r2.dev/2057759528145315.mp4
carried-forward  1073974488628392 c0  → https://pub-893b4a6a607b4221a894bf861da7914e.r2.dev/1073974488628392.mp4
carried-forward  1550767846941355 c0  → https://pub-893b4a6a607b4221a894bf861da7914e.r2.dev/1550767846941355.mp4
carried-forward  2152508018617561 c0  → https://pub-893b4a6a607b4221a894bf861da7914e.r2.dev/2152508018617561.mp4
carried-forward  1005111732532270 c0  → https://pub-893b4a6a607b4221a894bf861da7914e.r2.dev/1005111732532270.mp4
video-missing    1005111732532270 c0  (expected file not found in facebook/videos/english-seekho-2026-07-10)
carried-forward  4595374774118114 c0  → https://pub-893b4a6a607b4221a894bf861da7914e.r2.dev/4595374774118114.mp4
carried-forward  2129938227571573 c0  → https://pub-893b4a6a607b4221a894bf861da7914e.r2.dev/2129938227571573.mp4
carried-forward  1767661237933180 c0  → https://pub-893b4a6a607b4221a894bf861da7914e.r2.dev/1767661237933180.mp4
carried-forward  995004486736404 c0  → https://pub-893b4a6a607b4221a894bf861da7914e.r2.dev/995004486736404.mp4
carried-forward  2567796306984370 c0  → https://pub-893b4a6a607b4221a894bf861da7914e.r2.dev/2567796306984370.mp4
video-missing    2567796306984370 c0  (expected file not found in facebook/videos/english-seekho-2026-07-10)
carried-forward  2152429472156703 c0  → https://pub-893b4a6a607b4221a894bf861da7914e.r2.dev/2152429472156703.mp4
carried-forward  3163699757156529 c0  → https://pub-893b4a6a607b4221a894bf861da7914e.r2.dev/3163699757156529.mp4
carried-forward  1329716809342445 c0  → https://pub-893b4a6a607b4221a894bf861da7914e.r2.dev/1329716809342445.mp4
carried-forward  2710465069347261 c0  → https://pub-893b4a6a607b4221a894bf861da7914e.r2.dev/2710465069347261.mp4
carried-forward  1375587744419500 c0  → https://pub-893b4a6a607b4221a894bf861da7914e.r2.dev/1375587744419500.mp4
carried-forward  1466382221844827 c0  → https://pub-893b4a6a607b4221a894bf861da7914e.r2.dev/1466382221844827.mp4
carried-forward  1016711277501426 c0  → https://pub-893b4a6a607b4221a894bf861da7914e.r2.dev/1016711277501426.mp4
carried-forward  1037885932008729 c0  → https://pub-893b4a6a607b4221a894bf861da7914e.r2.dev/1037885932008729.mp4
carried-forward  2201883133941569 c0  → https://pub-893b4a6a607b4221a894bf861da7914e.r2.dev/2201883133941569.mp4
carried-forward  1018848650896202 c0  → https://pub-893b4a6a607b4221a894bf861da7914e.r2.dev/1018848650896202.mp4
carried-forward  1193274679606735 c0  → https://pub-893b4a6a607b4221a894bf861da7914e.r2.dev/1193274679606735.mp4
video-missing    1193274679606735 c0  (expected file not found in facebook/videos/english-seekho-2026-07-10)
carried-forward  1409418321235946 c0  → https://pub-893b4a6a607b4221a894bf861da7914e.r2.dev/1409418321235946.mp4
carried-forward  27610138462004095 c0  → https://pub-893b4a6a607b4221a894bf861da7914e.r2.dev/27610138462004095.mp4
carried-forward  1223700476600723 c0  → https://pub-893b4a6a607b4221a894bf861da7914e.r2.dev/1223700476600723.mp4
carried-forward  1014900067589638 c0  → https://pub-893b4a6a607b4221a894bf861da7914e.r2.dev/1014900067589638.mp4
carried-forward  2250084872471619 c0  → https://pub-893b4a6a607b4221a894bf861da7914e.r2.dev/2250084872471619.mp4
carried-forward  1533195354964644 c0  → https://pub-893b4a6a607b4221a894bf861da7914e.r2.dev/1533195354964644.mp4
carried-forward  1745554799947259 c0  → https://pub-893b4a6a607b4221a894bf861da7914e.r2.dev/1745554799947259.mp4
carried-forward  1414490704064865 c0  → https://pub-893b4a6a607b4221a894bf861da7914e.r2.dev/1414490704064865.mp4
carried-forward  1641629937137441 c0  → https://pub-893b4a6a607b4221a894bf861da7914e.r2.dev/1641629937137441.mp4
carried-forward  988958730629564 c0  → https://pub-893b4a6a607b4221a894bf861da7914e.r2.dev/988958730629564.mp4
carried-forward  998522093056058 c0  → https://pub-893b4a6a607b4221a894bf861da7914e.r2.dev/998522093056058.mp4
carried-forward  1752275316212862 c0  → https://pub-893b4a6a607b4221a894bf861da7914e.r2.dev/1752275316212862.mp4
video-missing    1752275316212862 c0  (expected file not found in facebook/videos/english-seekho-2026-07-10)
carried-forward  1364784788843978 c0  → https://pub-893b4a6a607b4221a894bf861da7914e.r2.dev/1364784788843978.mp4
carried-forward  2453287415158391 c0  → https://pub-893b4a6a607b4221a894bf861da7914e.r2.dev/2453287415158391.mp4
carried-forward  4404859313114775 c0  → https://pub-893b4a6a607b4221a894bf861da7914e.r2.dev/4404859313114775.mp4
carried-forward  1930588960964996 c0  → https://pub-893b4a6a607b4221a894bf861da7914e.r2.dev/1930588960964996.mp4
video-missing    1930588960964996 c0  (expected file not found in facebook/videos/english-seekho-2026-07-10)
carried-forward  1478126110733286 c0  → https://pub-893b4a6a607b4221a894bf861da7914e.r2.dev/1478126110733286.mp4
carried-forward  1787336072112202 c0  → https://pub-893b4a6a607b4221a894bf861da7914e.r2.dev/1787336072112202.mp4
carried-forward  1932228970822184 c0  → https://pub-893b4a6a607b4221a894bf861da7914e.r2.dev/1932228970822184.mp4
carried-forward  2299324837553512 c0  → https://pub-893b4a6a607b4221a894bf861da7914e.r2.dev/2299324837553512.mp4
carried-forward  1781211133045778 c0  → https://pub-893b4a6a607b4221a894bf861da7914e.r2.dev/1781211133045778.mp4
carried-forward  1961729674555213 c0  → https://pub-893b4a6a607b4221a894bf861da7914e.r2.dev/1961729674555213.mp4
carried-forward  1413347247278794 c0  → https://pub-893b4a6a607b4221a894bf861da7914e.r2.dev/1413347247278794.mp4
carried-forward  1021299320653057 c0  → https://pub-893b4a6a607b4221a894bf861da7914e.r2.dev/1021299320653057.mp4
carried-forward  1808954107158548 c0  → https://pub-893b4a6a607b4221a894bf861da7914e.r2.dev/1808954107158548.mp4
carried-forward  4522631138019783 c0  → https://pub-893b4a6a607b4221a894bf861da7914e.r2.dev/4522631138019783.mp4
carried-forward  1703849837598003 c0  → https://pub-893b4a6a607b4221a894bf861da7914e.r2.dev/1703849837598003.mp4
video-missing    1703849837598003 c0  (expected file not found in facebook/videos/english-seekho-2026-07-10)
carried-forward  27611761595115516 c0  → https://pub-893b4a6a607b4221a894bf861da7914e.r2.dev/27611761595115516.mp4
carried-forward  1515389233401695 c0  → https://pub-893b4a6a607b4221a894bf861da7914e.r2.dev/1515389233401695.mp4
video-missing    1515389233401695 c0  (expected file not found in facebook/videos/english-seekho-2026-07-10)
carried-forward  4470188226555544 c0  → https://pub-893b4a6a607b4221a894bf861da7914e.r2.dev/4470188226555544.mp4
video-missing    4470188226555544 c0  (expected file not found in facebook/videos/english-seekho-2026-07-10)
carried-forward  1548699226788927 c0  → https://pub-893b4a6a607b4221a894bf861da7914e.r2.dev/1548699226788927.mp4
video-missing    1548699226788927 c0  (expected file not found in facebook/videos/english-seekho-2026-07-10)
carried-forward  1569302308257783 c0  → https://pub-893b4a6a607b4221a894bf861da7914e.r2.dev/1569302308257783.mp4
carried-forward  1033037325739194 c0  → https://pub-893b4a6a607b4221a894bf861da7914e.r2.dev/1033037325739194.mp4
carried-forward  887849477178298 c0  → https://pub-893b4a6a607b4221a894bf861da7914e.r2.dev/887849477178298.mp4
carried-forward  1338366918251153 c0  → https://pub-893b4a6a607b4221a894bf861da7914e.r2.dev/1338366918251153.mp4
carried-forward  2449267882206681 c0  → https://pub-893b4a6a607b4221a894bf861da7914e.r2.dev/2449267882206681.mp4
carried-forward  4395085614099165 c0  → https://pub-893b4a6a607b4221a894bf861da7914e.r2.dev/4395085614099165.mp4
carried-forward  27355896097398956 c0  → https://pub-893b4a6a607b4221a894bf861da7914e.r2.dev/27355896097398956.mp4
carried-forward  1020004360632310 c0  → https://pub-893b4a6a607b4221a894bf861da7914e.r2.dev/1020004360632310.mp4
uploaded         1533311895232520 c0  (video) ← 1533311895232520.mp4  → https://pub-893b4a6a607b4221a894bf861da7914e.r2.dev/1533311895232520.mp4
video-missing    1533311895232520 c0  (expected file not found in facebook/videos/english-seekho-2026-07-10)
carried-forward  859441310265159 c0  → https://pub-893b4a6a607b4221a894bf861da7914e.r2.dev/859441310265159.mp4
carried-forward  1581331226744167 c0  → https://pub-893b4a6a607b4221a894bf861da7914e.r2.dev/1581331226744167.mp4
video-missing    1581331226744167 c0  (expected file not found in facebook/videos/english-seekho-2026-07-10)
carried-forward  1700880501155696 c0  → https://pub-893b4a6a607b4221a894bf861da7914e.r2.dev/1700880501155696.mp4
video-missing    1700880501155696 c0  (expected file not found in facebook/videos/english-seekho-2026-07-10)
uploaded         2150762295466364 c0  (video) ← 2150762295466364.mp4  → https://pub-893b4a6a607b4221a894bf861da7914e.r2.dev/2150762295466364.mp4
carried-forward  1292250529655887 c0  → https://pub-893b4a6a607b4221a894bf861da7914e.r2.dev/1292250529655887.mp4
carried-forward  2086474589415548 c0  → https://pub-893b4a6a607b4221a894bf861da7914e.r2.dev/2086474589415548.mp4
uploaded         2538040990040598 c0  (video) ← 2538040990040598.mp4  → https://pub-893b4a6a607b4221a894bf861da7914e.r2.dev/2538040990040598.mp4
carried-forward  1683181803008249 c0  → https://pub-893b4a6a607b4221a894bf861da7914e.r2.dev/1683181803008249.mp4
carried-forward  1370316518351776 c0  → https://pub-893b4a6a607b4221a894bf861da7914e.r2.dev/1370316518351776.mp4
carried-forward  2289892785083094 c0  → https://pub-893b4a6a607b4221a894bf861da7914e.r2.dev/2289892785083094.mp4
carried-forward  1364770528875699 c0  → https://pub-893b4a6a607b4221a894bf861da7914e.r2.dev/1364770528875699.mp4
video-missing    1364770528875699 c0  (expected file not found in facebook/videos/english-seekho-2026-07-10)
uploaded         899535979898551 c0  (video) ← 899535979898551.mp4  → https://pub-893b4a6a607b4221a894bf861da7914e.r2.dev/899535979898551.mp4
carried-forward  1493158025464613 c0  → https://pub-893b4a6a607b4221a894bf861da7914e.r2.dev/1493158025464613.mp4
carried-forward  1360549895753796 c0  → https://pub-893b4a6a607b4221a894bf861da7914e.r2.dev/1360549895753796.mp4
carried-forward  1316414663908077 c0  → https://pub-893b4a6a607b4221a894bf861da7914e.r2.dev/1316414663908077.mp4
carried-forward  1485257069470905 c0  → https://pub-893b4a6a607b4221a894bf861da7914e.r2.dev/1485257069470905.mp4
carried-forward  2069551497104811 c0  → https://pub-893b4a6a607b4221a894bf861da7914e.r2.dev/2069551497104811.mp4
carried-forward  1548158910275403 c0  → https://pub-893b4a6a607b4221a894bf861da7914e.r2.dev/1548158910275403.mp4
carried-forward  1103580098931885 c0  → https://pub-893b4a6a607b4221a894bf861da7914e.r2.dev/1103580098931885.mp4
carried-forward  3098326293684794 c0  → https://pub-893b4a6a607b4221a894bf861da7914e.r2.dev/3098326293684794.mp4
carried-forward  2340160886791390 c0  → https://pub-893b4a6a607b4221a894bf861da7914e.r2.dev/2340160886791390.mp4
video-missing    2340160886791390 c0  (expected file not found in facebook/videos/english-seekho-2026-07-10)
carried-forward  1747037196719891 c0  → https://pub-893b4a6a607b4221a894bf861da7914e.r2.dev/1747037196719891.mp4
video-missing    1747037196719891 c0  (expected file not found in facebook/videos/english-seekho-2026-07-10)
uploaded         975696818620909 c0  (video) ← 975696818620909.mp4  → https://pub-893b4a6a607b4221a894bf861da7914e.r2.dev/975696818620909.mp4
carried-forward  28740456275544709 c0  → https://pub-893b4a6a607b4221a894bf861da7914e.r2.dev/28740456275544709.mp4
carried-forward  1015159127936911 c0  → https://pub-893b4a6a607b4221a894bf861da7914e.r2.dev/1015159127936911.mp4
carried-forward  5201427430083462 c0  → https://pub-893b4a6a607b4221a894bf861da7914e.r2.dev/5201427430083462.mp4
video-missing    5201427430083462 c0  (expected file not found in facebook/videos/english-seekho-2026-07-10)
carried-forward  3945125475794543 c0  → https://pub-893b4a6a607b4221a894bf861da7914e.r2.dev/3945125475794543.mp4
video-missing    3945125475794543 c0  (expected file not found in facebook/videos/english-seekho-2026-07-10)
carried-forward  1013834224460527 c0  → https://pub-893b4a6a607b4221a894bf861da7914e.r2.dev/1013834224460527.mp4
carried-forward  922682520699920 c0  → https://pub-893b4a6a607b4221a894bf861da7914e.r2.dev/922682520699920.mp4
uploaded         1004143472233527 c0  (video) ← 1004143472233527.mp4  → https://pub-893b4a6a607b4221a894bf861da7914e.r2.dev/1004143472233527.mp4
video-missing    1004143472233527 c0  (expected file not found in facebook/videos/english-seekho-2026-07-10)
uploaded         1708410670406482 c0  (video) ← 1708410670406482.mp4  → https://pub-893b4a6a607b4221a894bf861da7914e.r2.dev/1708410670406482.mp4
carried-forward  4163955287082426 c0  → https://pub-893b4a6a607b4221a894bf861da7914e.r2.dev/4163955287082426.mp4
carried-forward  767456879118205 c0  → https://pub-893b4a6a607b4221a894bf861da7914e.r2.dev/767456879118205.mp4
carried-forward  1908450636707359 c0  → https://pub-893b4a6a607b4221a894bf861da7914e.r2.dev/1908450636707359.mp4
carried-forward  1558750499203337 c0  → https://pub-893b4a6a607b4221a894bf861da7914e.r2.dev/1558750499203337.mp4
carried-forward  989043553899179 c0  → https://pub-893b4a6a607b4221a894bf861da7914e.r2.dev/989043553899179.mp4
carried-forward  1932057400796789 c0  → https://pub-893b4a6a607b4221a894bf861da7914e.r2.dev/1932057400796789.mp4
carried-forward  1058989673456910 c0  → https://pub-893b4a6a607b4221a894bf861da7914e.r2.dev/1058989673456910.mp4
carried-forward  2674686452896226 c0  → https://pub-893b4a6a607b4221a894bf861da7914e.r2.dev/2674686452896226.mp4
uploaded         1032793555915493 c0  (video) ← 1032793555915493.mp4  → https://pub-893b4a6a607b4221a894bf861da7914e.r2.dev/1032793555915493.mp4
carried-forward  2491978981265778 c0  → https://pub-893b4a6a607b4221a894bf861da7914e.r2.dev/2491978981265778.mp4
carried-forward  1501154984318432 c0  → https://pub-893b4a6a607b4221a894bf861da7914e.r2.dev/1501154984318432.mp4
uploaded         868864679196620 c0  (video) ← 868864679196620.mp4  → https://pub-893b4a6a607b4221a894bf861da7914e.r2.dev/868864679196620.mp4
video-missing    868864679196620 c0  (expected file not found in facebook/videos/english-seekho-2026-07-10)
carried-forward  1476645587385501 c0  → https://pub-893b4a6a607b4221a894bf861da7914e.r2.dev/1476645587385501.mp4
carried-forward  1244507290916309 c0  → https://pub-893b4a6a607b4221a894bf861da7914e.r2.dev/1244507290916309.mp4
carried-forward  4379825375635044 c0  → https://pub-893b4a6a607b4221a894bf861da7914e.r2.dev/4379825375635044.mp4
carried-forward  1798711957512384 c0  → https://pub-893b4a6a607b4221a894bf861da7914e.r2.dev/1798711957512384.mp4
carried-forward  1217329830515440 c0  → https://pub-893b4a6a607b4221a894bf861da7914e.r2.dev/1217329830515440.mp4
carried-forward  2037768870280868 c0  → https://pub-893b4a6a607b4221a894bf861da7914e.r2.dev/2037768870280868.mp4
carried-forward  1210251577301882 c0  → https://pub-893b4a6a607b4221a894bf861da7914e.r2.dev/1210251577301882.mp4
carried-forward  1662559071716567 c0  → https://pub-893b4a6a607b4221a894bf861da7914e.r2.dev/1662559071716567.mp4
video-missing    1662559071716567 c0  (expected file not found in facebook/videos/english-seekho-2026-07-10)
carried-forward  1577673830585178 c0  → https://pub-893b4a6a607b4221a894bf861da7914e.r2.dev/1577673830585178.mp4
video-missing    1577673830585178 c0  (expected file not found in facebook/videos/english-seekho-2026-07-10)
carried-forward  3210777502449318 c0  → https://pub-893b4a6a607b4221a894bf861da7914e.r2.dev/3210777502449318.mp4
carried-forward  1522254569489888 c0  → https://pub-893b4a6a607b4221a894bf861da7914e.r2.dev/1522254569489888.mp4
carried-forward  1551066236465892 c0  → https://pub-893b4a6a607b4221a894bf861da7914e.r2.dev/1551066236465892.mp4
carried-forward  1116123194536720 c0  → https://pub-893b4a6a607b4221a894bf861da7914e.r2.dev/1116123194536720.mp4
carried-forward  769511858914323 c0  → https://pub-893b4a6a607b4221a894bf861da7914e.r2.dev/769511858914323.mp4
carried-forward  2176910723137201 c0  → https://pub-893b4a6a607b4221a894bf861da7914e.r2.dev/2176910723137201.mp4
carried-forward  1868096310508725 c0  → https://pub-893b4a6a607b4221a894bf861da7914e.r2.dev/1868096310508725.mp4
carried-forward  1293551286094512 c0  → https://pub-893b4a6a607b4221a894bf861da7914e.r2.dev/1293551286094512.mp4
carried-forward  1690364325606787 c0  → https://pub-893b4a6a607b4221a894bf861da7914e.r2.dev/1690364325606787.mp4
carried-forward  1419054459866080 c0  → https://pub-893b4a6a607b4221a894bf861da7914e.r2.dev/1419054459866080.mp4
carried-forward  1905133330090659 c0  → https://pub-893b4a6a607b4221a894bf861da7914e.r2.dev/1905133330090659.mp4
carried-forward  1003708222509528 c0  → https://pub-893b4a6a607b4221a894bf861da7914e.r2.dev/1003708222509528.mp4
uploaded         2551795111920687 c0  (video) ← 2551795111920687.mp4  → https://pub-893b4a6a607b4221a894bf861da7914e.r2.dev/2551795111920687.mp4
carried-forward  1251191153618197 c0  → https://pub-893b4a6a607b4221a894bf861da7914e.r2.dev/1251191153618197.mp4
carried-forward  1502392968556177 c0  → https://pub-893b4a6a607b4221a894bf861da7914e.r2.dev/1502392968556177.mp4
carried-forward  1430826552137036 c0  → https://pub-893b4a6a607b4221a894bf861da7914e.r2.dev/1430826552137036.mp4
carried-forward  2015119902365104 c0  → https://pub-893b4a6a607b4221a894bf861da7914e.r2.dev/2015119902365104.mp4
carried-forward  608640915677208 c0  → https://pub-893b4a6a607b4221a894bf861da7914e.r2.dev/608640915677208.mp4
carried-forward  1229348518532340 c0  → https://pub-893b4a6a607b4221a894bf861da7914e.r2.dev/1229348518532340.mp4
carried-forward  1314891207516757 c0  → https://pub-893b4a6a607b4221a894bf861da7914e.r2.dev/1314891207516757.mp4
video-missing    1314891207516757 c0  (expected file not found in facebook/videos/english-seekho-2026-07-10)
carried-forward  1487760063112866 c0  → https://pub-893b4a6a607b4221a894bf861da7914e.r2.dev/1487760063112866.mp4
carried-forward  1054948106795031 c0  → https://pub-893b4a6a607b4221a894bf861da7914e.r2.dev/1054948106795031.mp4
carried-forward  25537890735891271 c0  → https://pub-893b4a6a607b4221a894bf861da7914e.r2.dev/25537890735891271.mp4
carried-forward  890589943792591 c0  → https://pub-893b4a6a607b4221a894bf861da7914e.r2.dev/890589943792591.mp4
carried-forward  1224227439081919 c0  → https://pub-893b4a6a607b4221a894bf861da7914e.r2.dev/1224227439081919.mp4
carried-forward  889242263585010 c0  → https://pub-893b4a6a607b4221a894bf861da7914e.r2.dev/889242263585010.mp4
carried-forward  874940122070171 c0  → https://pub-893b4a6a607b4221a894bf861da7914e.r2.dev/874940122070171.mp4
carried-forward  1559841751931772 c0  → https://pub-893b4a6a607b4221a894bf861da7914e.r2.dev/1559841751931772.mp4
carried-forward  840752642285554 c0  → https://pub-893b4a6a607b4221a894bf861da7914e.r2.dev/840752642285554.mp4
carried-forward  3887006608101122 c0  → https://pub-893b4a6a607b4221a894bf861da7914e.r2.dev/3887006608101122.mp4
carried-forward  1945996112929486 c0  → https://pub-893b4a6a607b4221a894bf861da7914e.r2.dev/1945996112929486.mp4
carried-forward  26372603382322992 c0  → https://pub-893b4a6a607b4221a894bf861da7914e.r2.dev/26372603382322992.mp4
carried-forward  1509527853448376 c0  → https://pub-893b4a6a607b4221a894bf861da7914e.r2.dev/1509527853448376.mp4
carried-forward  5195950473963815 c0  → https://pub-893b4a6a607b4221a894bf861da7914e.r2.dev/5195950473963815.mp4
carried-forward  1500551291812263 c0  → https://pub-893b4a6a607b4221a894bf861da7914e.r2.dev/1500551291812263.mp4
uploaded         1180761750891866 c0  (video) ← 1180761750891866.mp4  → https://pub-893b4a6a607b4221a894bf861da7914e.r2.dev/1180761750891866.mp4
carried-forward  1427103212256894 c0  → https://pub-893b4a6a607b4221a894bf861da7914e.r2.dev/1427103212256894.mp4
uploaded         1781323349519121 c0  (video) ← 1781323349519121.mp4  → https://pub-893b4a6a607b4221a894bf861da7914e.r2.dev/1781323349519121.mp4
carried-forward  1666152167999287 c0  → https://pub-893b4a6a607b4221a894bf861da7914e.r2.dev/1666152167999287.mp4
carried-forward  1031591646005316 c0  → https://pub-893b4a6a607b4221a894bf861da7914e.r2.dev/1031591646005316.mp4
carried-forward  2253030498553449 c0  → https://pub-893b4a6a607b4221a894bf861da7914e.r2.dev/2253030498553449.mp4
uploaded         1005512692087675 c0  (video) ← 1005512692087675.mp4  → https://pub-893b4a6a607b4221a894bf861da7914e.r2.dev/1005512692087675.mp4
uploaded         1932236930784428 c0  (video) ← 1932236930784428.mp4  → https://pub-893b4a6a607b4221a894bf861da7914e.r2.dev/1932236930784428.mp4
uploaded         1495786361811102 c0  (video) ← 1495786361811102.mp4  → https://pub-893b4a6a607b4221a894bf861da7914e.r2.dev/1495786361811102.mp4
carried-forward  805915929154160 c0  → https://pub-893b4a6a607b4221a894bf861da7914e.r2.dev/805915929154160.mp4
carried-forward  1873195333560021 c0  → https://pub-893b4a6a607b4221a894bf861da7914e.r2.dev/1873195333560021.mp4
carried-forward  4597956650448919 c0  → https://pub-893b4a6a607b4221a894bf861da7914e.r2.dev/4597956650448919.mp4
video-missing    4597956650448919 c0  (expected file not found in facebook/videos/english-seekho-2026-07-10)
uploaded         1925571051493373 c0  (video) ← 1925571051493373.mp4  → https://pub-893b4a6a607b4221a894bf861da7914e.r2.dev/1925571051493373.mp4
carried-forward  861154453569534 c0  → https://pub-893b4a6a607b4221a894bf861da7914e.r2.dev/861154453569534.mp4
uploaded         3589515767873253 c0  (video) ← 3589515767873253.mp4  → https://pub-893b4a6a607b4221a894bf861da7914e.r2.dev/3589515767873253.mp4
carried-forward  902496572123981 c0  → https://pub-893b4a6a607b4221a894bf861da7914e.r2.dev/902496572123981.mp4
uploaded         1006359568817240 c0  (video) ← 1006359568817240.mp4  → https://pub-893b4a6a607b4221a894bf861da7914e.r2.dev/1006359568817240.mp4
carried-forward  1717353739307487 c0  → https://pub-893b4a6a607b4221a894bf861da7914e.r2.dev/1717353739307487.mp4
carried-forward  1302125191954780 c0  → https://pub-893b4a6a607b4221a894bf861da7914e.r2.dev/1302125191954780.mp4
uploaded         900872706390281 c0  (video) ← 900872706390281.mp4  → https://pub-893b4a6a607b4221a894bf861da7914e.r2.dev/900872706390281.mp4
uploaded         1569250738190473 c0  (video) ← 1569250738190473.mp4  → https://pub-893b4a6a607b4221a894bf861da7914e.r2.dev/1569250738190473.mp4
carried-forward  2017725382451838 c0  → https://pub-893b4a6a607b4221a894bf861da7914e.r2.dev/2017725382451838.mp4
uploaded         1412461200708813 c0  (video) ← 1412461200708813.mp4  → https://pub-893b4a6a607b4221a894bf861da7914e.r2.dev/1412461200708813.mp4
uploaded         1008148261936720 c0  (video) ← 1008148261936720.mp4  → https://pub-893b4a6a607b4221a894bf861da7914e.r2.dev/1008148261936720.mp4
carried-forward  1433011138873457 c0  → https://pub-893b4a6a607b4221a894bf861da7914e.r2.dev/1433011138873457.mp4
uploaded         1706302014011415 c0  (video) ← 1706302014011415.mp4  → https://pub-893b4a6a607b4221a894bf861da7914e.r2.dev/1706302014011415.mp4
uploaded         1062924663066384 c0  (video) ← 1062924663066384.mp4  → https://pub-893b4a6a607b4221a894bf861da7914e.r2.dev/1062924663066384.mp4
uploaded         2250394778831923 c0  (video) ← 2250394778831923.mp4  → https://pub-893b4a6a607b4221a894bf861da7914e.r2.dev/2250394778831923.mp4
uploaded         1614652967331652 c0  (video) ← 1614652967331652.mp4  → https://pub-893b4a6a607b4221a894bf861da7914e.r2.dev/1614652967331652.mp4
uploaded         2943087349382024 c0  (video) ← 2943087349382024.mp4  → https://pub-893b4a6a607b4221a894bf861da7914e.r2.dev/2943087349382024.mp4
uploaded         1592770852861568 c0  (video) ← 1592770852861568.mp4  → https://pub-893b4a6a607b4221a894bf861da7914e.r2.dev/1592770852861568.mp4
uploaded         2254677711966106 c0  (video) ← 2254677711966106.mp4  → https://pub-893b4a6a607b4221a894bf861da7914e.r2.dev/2254677711966106.mp4
uploaded         1383455910359280 c0  (video) ← 1383455910359280.mp4  → https://pub-893b4a6a607b4221a894bf861da7914e.r2.dev/1383455910359280.mp4
carried-forward  1566660068511123 c0  → https://pub-893b4a6a607b4221a894bf861da7914e.r2.dev/1566660068511123.mp4
video-missing    1566660068511123 c0  (expected file not found in facebook/videos/english-seekho-2026-07-10)
uploaded         4494541497481925 c0  (video) ← 4494541497481925.mp4  → https://pub-893b4a6a607b4221a894bf861da7914e.r2.dev/4494541497481925.mp4
uploaded         1306358977924829 c0  (video) ← 1306358977924829.mp4  → https://pub-893b4a6a607b4221a894bf861da7914e.r2.dev/1306358977924829.mp4
carried-forward  1023850853354102 c0  → https://pub-893b4a6a607b4221a894bf861da7914e.r2.dev/1023850853354102.mp4
carried-forward  2167758337338733 c0  → https://pub-893b4a6a607b4221a894bf861da7914e.r2.dev/2167758337338733.mp4
uploaded         2046775282879460 c0  (video) ← 2046775282879460.mp4  → https://pub-893b4a6a607b4221a894bf861da7914e.r2.dev/2046775282879460.mp4
uploaded         2068879217338236 c0  (video) ← 2068879217338236.mp4  → https://pub-893b4a6a607b4221a894bf861da7914e.r2.dev/2068879217338236.mp4
uploaded         27790143213942460 c0  (video) ← 27790143213942460.mp4  → https://pub-893b4a6a607b4221a894bf861da7914e.r2.dev/27790143213942460.mp4
uploaded         1570346344755878 c0  (video) ← 1570346344755878.mp4  → https://pub-893b4a6a607b4221a894bf861da7914e.r2.dev/1570346344755878.mp4
uploaded         1629378638162959 c0  (video) ← 1629378638162959.mp4  → https://pub-893b4a6a607b4221a894bf861da7914e.r2.dev/1629378638162959.mp4
uploaded         1330564128703918 c0  (video) ← 1330564128703918.mp4  → https://pub-893b4a6a607b4221a894bf861da7914e.r2.dev/1330564128703918.mp4
uploaded         1703743097604069 c0  (video) ← 1703743097604069.mp4  → https://pub-893b4a6a607b4221a894bf861da7914e.r2.dev/1703743097604069.mp4
uploaded         1660878378546522 c0  (video) ← 1660878378546522.mp4  → https://pub-893b4a6a607b4221a894bf861da7914e.r2.dev/1660878378546522.mp4
uploaded         889560403628653 c0  (video) ← 889560403628653.mp4  → https://pub-893b4a6a607b4221a894bf861da7914e.r2.dev/889560403628653.mp4
uploaded         1576795697456238 c0  (video) ← 1576795697456238.mp4  → https://pub-893b4a6a607b4221a894bf861da7914e.r2.dev/1576795697456238.mp4
uploaded         1033587399037813 c0  (video) ← 1033587399037813.mp4  → https://pub-893b4a6a607b4221a894bf861da7914e.r2.dev/1033587399037813.mp4
uploaded         3439514832876921 c0  (video) ← 3439514832876921.mp4  → https://pub-893b4a6a607b4221a894bf861da7914e.r2.dev/3439514832876921.mp4
uploaded         1442957451208825 c0  (video) ← 1442957451208825.mp4  → https://pub-893b4a6a607b4221a894bf861da7914e.r2.dev/1442957451208825.mp4
uploaded         1324193956369993 c0  (video) ← 1324193956369993.mp4  → https://pub-893b4a6a607b4221a894bf861da7914e.r2.dev/1324193956369993.mp4
uploaded         27378628308497193 c0  (video) ← 27378628308497193.mp4  → https://pub-893b4a6a607b4221a894bf861da7914e.r2.dev/27378628308497193.mp4
