# Step 3 run log
# competitor : english-seekho
# started_at : 2026-07-12T07:27:22
# input      : facebook/inputs/fb-ads-english-seekho-2026-07-12-0632.csv
# videos     : facebook/videos/english-seekho-2026-07-12
# master     : facebook/master/english-seekho.csv  (updated)
# enriched   : facebook/inputs/fb-ads-english-seekho-2026-07-12-0632_enriched.csv
# bucket     : video-ads
# public_base: https://pub-893b4a6a607b4221a894bf861da7914e.r2.dev
# dry_run    : False
#
# counts     : {'uploaded': 99, 'carried-forward': 207, 'image-pending': 0, 'video-missing': 29, 'no-creative': 0, 'error': 1}
#
carried-forward  985533387662266 c0  → https://pub-893b4a6a607b4221a894bf861da7914e.r2.dev/985533387662266.mp4
carried-forward  989474957025076 c0  → https://pub-893b4a6a607b4221a894bf861da7914e.r2.dev/989474957025076.mp4
carried-forward  873021038754328 c0  → https://pub-893b4a6a607b4221a894bf861da7914e.r2.dev/873021038754328.mp4
carried-forward  3033559160166599 c0  → https://pub-893b4a6a607b4221a894bf861da7914e.r2.dev/3033559160166599.mp4
carried-forward  885862810591427 c0  → https://pub-893b4a6a607b4221a894bf861da7914e.r2.dev/885862810591427.mp4
carried-forward  1289129073383437 c0  → https://pub-893b4a6a607b4221a894bf861da7914e.r2.dev/1289129073383437.mp4
carried-forward  1518594126387614 c0  → https://pub-893b4a6a607b4221a894bf861da7914e.r2.dev/1518594126387614.mp4
carried-forward  1366714225383108 c0  → https://pub-893b4a6a607b4221a894bf861da7914e.r2.dev/1366714225383108.mp4
carried-forward  1030481159453297 c0  → https://pub-893b4a6a607b4221a894bf861da7914e.r2.dev/1030481159453297.mp4
carried-forward  3607823459368677 c0  → https://pub-893b4a6a607b4221a894bf861da7914e.r2.dev/3607823459368677.mp4
carried-forward  1013023587804896 c0  → https://pub-893b4a6a607b4221a894bf861da7914e.r2.dev/1013023587804896.mp4
video-missing    1013023587804896 c0  (expected file not found in facebook/videos/english-seekho-2026-07-12)
carried-forward  1260469682675863 c0  → https://pub-893b4a6a607b4221a894bf861da7914e.r2.dev/1260469682675863.mp4
carried-forward  27770311949260226 c0  → https://pub-893b4a6a607b4221a894bf861da7914e.r2.dev/27770311949260226.mp4
carried-forward  1342745497312585 c0  → https://pub-893b4a6a607b4221a894bf861da7914e.r2.dev/1342745497312585.mp4
video-missing    1342745497312585 c0  (expected file not found in facebook/videos/english-seekho-2026-07-12)
carried-forward  1064443136246118 c0  → https://pub-893b4a6a607b4221a894bf861da7914e.r2.dev/1064443136246118.mp4
carried-forward  1598189468399583 c0  → https://pub-893b4a6a607b4221a894bf861da7914e.r2.dev/1598189468399583.mp4
carried-forward  1533311895232520 c0  → https://pub-893b4a6a607b4221a894bf861da7914e.r2.dev/1533311895232520.mp4
video-missing    1533311895232520 c0  (expected file not found in facebook/videos/english-seekho-2026-07-12)
carried-forward  1566236988412994 c0  → https://pub-893b4a6a607b4221a894bf861da7914e.r2.dev/1566236988412994.mp4
carried-forward  1004143472233527 c0  → https://pub-893b4a6a607b4221a894bf861da7914e.r2.dev/1004143472233527.mp4
video-missing    1004143472233527 c0  (expected file not found in facebook/videos/english-seekho-2026-07-12)
carried-forward  1008148261936720 c0  → https://pub-893b4a6a607b4221a894bf861da7914e.r2.dev/1008148261936720.mp4
carried-forward  2284073262000543 c0  → https://pub-893b4a6a607b4221a894bf861da7914e.r2.dev/2284073262000543.mp4
carried-forward  1018511234269314 c0  → https://pub-893b4a6a607b4221a894bf861da7914e.r2.dev/1018511234269314.mp4
carried-forward  1043173955166157 c0  → https://pub-893b4a6a607b4221a894bf861da7914e.r2.dev/1043173955166157.mp4
video-missing    1043173955166157 c0  (expected file not found in facebook/videos/english-seekho-2026-07-12)
carried-forward  1340768337559606 c0  → https://pub-893b4a6a607b4221a894bf861da7914e.r2.dev/1340768337559606.mp4
carried-forward  1014456487800871 c0  → https://pub-893b4a6a607b4221a894bf861da7914e.r2.dev/1014456487800871.mp4
carried-forward  1654481422515098 c0  → https://pub-893b4a6a607b4221a894bf861da7914e.r2.dev/1654481422515098.mp4
carried-forward  1555604229303962 c0  → https://pub-893b4a6a607b4221a894bf861da7914e.r2.dev/1555604229303962.mp4
video-missing    1555604229303962 c0  (expected file not found in facebook/videos/english-seekho-2026-07-12)
carried-forward  1008695968233040 c0  → https://pub-893b4a6a607b4221a894bf861da7914e.r2.dev/1008695968233040.mp4
video-missing    1008695968233040 c0  (expected file not found in facebook/videos/english-seekho-2026-07-12)
carried-forward  4103084183315352 c0  → https://pub-893b4a6a607b4221a894bf861da7914e.r2.dev/4103084183315352.mp4
carried-forward  846746431580534 c0  → https://pub-893b4a6a607b4221a894bf861da7914e.r2.dev/846746431580534.mp4
carried-forward  992773516690548 c0  → https://pub-893b4a6a607b4221a894bf861da7914e.r2.dev/992773516690548.mp4
carried-forward  999994179437771 c0  → https://pub-893b4a6a607b4221a894bf861da7914e.r2.dev/999994179437771.mp4
carried-forward  2129938227571573 c0  → https://pub-893b4a6a607b4221a894bf861da7914e.r2.dev/2129938227571573.mp4
carried-forward  2494629114318819 c0  → https://pub-893b4a6a607b4221a894bf861da7914e.r2.dev/2494629114318819.mp4
carried-forward  888335133660166 c0  → https://pub-893b4a6a607b4221a894bf861da7914e.r2.dev/888335133660166.mp4
carried-forward  1578508493878005 c0  → https://pub-893b4a6a607b4221a894bf861da7914e.r2.dev/1578508493878005.mp4
video-missing    1578508493878005 c0  (expected file not found in facebook/videos/english-seekho-2026-07-12)
carried-forward  871564259326574 c0  → https://pub-893b4a6a607b4221a894bf861da7914e.r2.dev/871564259326574.mp4
carried-forward  1073974488628392 c0  → https://pub-893b4a6a607b4221a894bf861da7914e.r2.dev/1073974488628392.mp4
carried-forward  1005111732532270 c0  → https://pub-893b4a6a607b4221a894bf861da7914e.r2.dev/1005111732532270.mp4
carried-forward  883414924661759 c0  → https://pub-893b4a6a607b4221a894bf861da7914e.r2.dev/883414924661759.mp4
carried-forward  2152508018617561 c0  → https://pub-893b4a6a607b4221a894bf861da7914e.r2.dev/2152508018617561.mp4
carried-forward  995004486736404 c0  → https://pub-893b4a6a607b4221a894bf861da7914e.r2.dev/995004486736404.mp4
carried-forward  1767661237933180 c0  → https://pub-893b4a6a607b4221a894bf861da7914e.r2.dev/1767661237933180.mp4
carried-forward  2152429472156703 c0  → https://pub-893b4a6a607b4221a894bf861da7914e.r2.dev/2152429472156703.mp4
carried-forward  2567796306984370 c0  → https://pub-893b4a6a607b4221a894bf861da7914e.r2.dev/2567796306984370.mp4
video-missing    2567796306984370 c0  (expected file not found in facebook/videos/english-seekho-2026-07-12)
carried-forward  1932228970822184 c0  → https://pub-893b4a6a607b4221a894bf861da7914e.r2.dev/1932228970822184.mp4
carried-forward  1290271209672259 c0  → https://pub-893b4a6a607b4221a894bf861da7914e.r2.dev/1290271209672259.mp4
carried-forward  1016711277501426 c0  → https://pub-893b4a6a607b4221a894bf861da7914e.r2.dev/1016711277501426.mp4
carried-forward  3163699757156529 c0  → https://pub-893b4a6a607b4221a894bf861da7914e.r2.dev/3163699757156529.mp4
carried-forward  1329716809342445 c0  → https://pub-893b4a6a607b4221a894bf861da7914e.r2.dev/1329716809342445.mp4
carried-forward  1466382221844827 c0  → https://pub-893b4a6a607b4221a894bf861da7914e.r2.dev/1466382221844827.mp4
carried-forward  2710465069347261 c0  → https://pub-893b4a6a607b4221a894bf861da7914e.r2.dev/2710465069347261.mp4
carried-forward  1037885932008729 c0  → https://pub-893b4a6a607b4221a894bf861da7914e.r2.dev/1037885932008729.mp4
carried-forward  2201883133941569 c0  → https://pub-893b4a6a607b4221a894bf861da7914e.r2.dev/2201883133941569.mp4
carried-forward  1018848650896202 c0  → https://pub-893b4a6a607b4221a894bf861da7914e.r2.dev/1018848650896202.mp4
carried-forward  1745554799947259 c0  → https://pub-893b4a6a607b4221a894bf861da7914e.r2.dev/1745554799947259.mp4
carried-forward  1193274679606735 c0  → https://pub-893b4a6a607b4221a894bf861da7914e.r2.dev/1193274679606735.mp4
video-missing    1193274679606735 c0  (expected file not found in facebook/videos/english-seekho-2026-07-12)
carried-forward  1014900067589638 c0  → https://pub-893b4a6a607b4221a894bf861da7914e.r2.dev/1014900067589638.mp4
carried-forward  1223700476600723 c0  → https://pub-893b4a6a607b4221a894bf861da7914e.r2.dev/1223700476600723.mp4
carried-forward  1369333515293510 c0  → https://pub-893b4a6a607b4221a894bf861da7914e.r2.dev/1369333515293510.mp4
carried-forward  1533195354964644 c0  → https://pub-893b4a6a607b4221a894bf861da7914e.r2.dev/1533195354964644.mp4
carried-forward  2250084872471619 c0  → https://pub-893b4a6a607b4221a894bf861da7914e.r2.dev/2250084872471619.mp4
carried-forward  1647889789617946 c0  → https://pub-893b4a6a607b4221a894bf861da7914e.r2.dev/1647889789617946.mp4
carried-forward  2150762295466364 c0  → https://pub-893b4a6a607b4221a894bf861da7914e.r2.dev/2150762295466364.mp4
carried-forward  1414490704064865 c0  → https://pub-893b4a6a607b4221a894bf861da7914e.r2.dev/1414490704064865.mp4
carried-forward  1641629937137441 c0  → https://pub-893b4a6a607b4221a894bf861da7914e.r2.dev/1641629937137441.mp4
carried-forward  2453287415158391 c0  → https://pub-893b4a6a607b4221a894bf861da7914e.r2.dev/2453287415158391.mp4
carried-forward  988958730629564 c0  → https://pub-893b4a6a607b4221a894bf861da7914e.r2.dev/988958730629564.mp4
carried-forward  1364784788843978 c0  → https://pub-893b4a6a607b4221a894bf861da7914e.r2.dev/1364784788843978.mp4
carried-forward  1930588960964996 c0  → https://pub-893b4a6a607b4221a894bf861da7914e.r2.dev/1930588960964996.mp4
video-missing    1930588960964996 c0  (expected file not found in facebook/videos/english-seekho-2026-07-12)
carried-forward  4404859313114775 c0  → https://pub-893b4a6a607b4221a894bf861da7914e.r2.dev/4404859313114775.mp4
carried-forward  1681939326411381 c0  → https://pub-893b4a6a607b4221a894bf861da7914e.r2.dev/1681939326411381.mp4
carried-forward  1700880501155696 c0  → https://pub-893b4a6a607b4221a894bf861da7914e.r2.dev/1700880501155696.mp4
video-missing    1700880501155696 c0  (expected file not found in facebook/videos/english-seekho-2026-07-12)
carried-forward  1781211133045778 c0  → https://pub-893b4a6a607b4221a894bf861da7914e.r2.dev/1781211133045778.mp4
carried-forward  2299324837553512 c0  → https://pub-893b4a6a607b4221a894bf861da7914e.r2.dev/2299324837553512.mp4
carried-forward  1478126110733286 c0  → https://pub-893b4a6a607b4221a894bf861da7914e.r2.dev/1478126110733286.mp4
carried-forward  1690151285438245 c0  → https://pub-893b4a6a607b4221a894bf861da7914e.r2.dev/1690151285438245.mp4
carried-forward  899535979898551 c0  → https://pub-893b4a6a607b4221a894bf861da7914e.r2.dev/899535979898551.mp4
carried-forward  1961729674555213 c0  → https://pub-893b4a6a607b4221a894bf861da7914e.r2.dev/1961729674555213.mp4
carried-forward  1180761750891866 c0  → https://pub-893b4a6a607b4221a894bf861da7914e.r2.dev/1180761750891866.mp4
carried-forward  1515389233401695 c0  → https://pub-893b4a6a607b4221a894bf861da7914e.r2.dev/1515389233401695.mp4
video-missing    1515389233401695 c0  (expected file not found in facebook/videos/english-seekho-2026-07-12)
carried-forward  1021299320653057 c0  → https://pub-893b4a6a607b4221a894bf861da7914e.r2.dev/1021299320653057.mp4
carried-forward  1703849837598003 c0  → https://pub-893b4a6a607b4221a894bf861da7914e.r2.dev/1703849837598003.mp4
video-missing    1703849837598003 c0  (expected file not found in facebook/videos/english-seekho-2026-07-12)
carried-forward  1020004360632310 c0  → https://pub-893b4a6a607b4221a894bf861da7914e.r2.dev/1020004360632310.mp4
carried-forward  1808954107158548 c0  → https://pub-893b4a6a607b4221a894bf861da7914e.r2.dev/1808954107158548.mp4
carried-forward  1548699226788927 c0  → https://pub-893b4a6a607b4221a894bf861da7914e.r2.dev/1548699226788927.mp4
video-missing    1548699226788927 c0  (expected file not found in facebook/videos/english-seekho-2026-07-12)
carried-forward  3649535581851775 c0  → https://pub-893b4a6a607b4221a894bf861da7914e.r2.dev/3649535581851775.mp4
carried-forward  1569302308257783 c0  → https://pub-893b4a6a607b4221a894bf861da7914e.r2.dev/1569302308257783.mp4
carried-forward  2943087349382024 c0  → https://pub-893b4a6a607b4221a894bf861da7914e.r2.dev/2943087349382024.mp4
carried-forward  1033037325739194 c0  → https://pub-893b4a6a607b4221a894bf861da7914e.r2.dev/1033037325739194.mp4
carried-forward  1339707481615735 c0  → https://pub-893b4a6a607b4221a894bf861da7914e.r2.dev/1339707481615735.mp4
carried-forward  2449267882206681 c0  → https://pub-893b4a6a607b4221a894bf861da7914e.r2.dev/2449267882206681.mp4
carried-forward  27355896097398956 c0  → https://pub-893b4a6a607b4221a894bf861da7914e.r2.dev/27355896097398956.mp4
carried-forward  1581331226744167 c0  → https://pub-893b4a6a607b4221a894bf861da7914e.r2.dev/1581331226744167.mp4
carried-forward  1217608480437639 c0  → https://pub-893b4a6a607b4221a894bf861da7914e.r2.dev/1217608480437639.mp4
carried-forward  1683181803008249 c0  → https://pub-893b4a6a607b4221a894bf861da7914e.r2.dev/1683181803008249.mp4
carried-forward  900872706390281 c0  → https://pub-893b4a6a607b4221a894bf861da7914e.r2.dev/900872706390281.mp4
carried-forward  1370316518351776 c0  → https://pub-893b4a6a607b4221a894bf861da7914e.r2.dev/1370316518351776.mp4
carried-forward  1022822213670559 c0  → https://pub-893b4a6a607b4221a894bf861da7914e.r2.dev/1022822213670559.mp4
carried-forward  2538040990040598 c0  → https://pub-893b4a6a607b4221a894bf861da7914e.r2.dev/2538040990040598.mp4
carried-forward  2086474589415548 c0  → https://pub-893b4a6a607b4221a894bf861da7914e.r2.dev/2086474589415548.mp4
carried-forward  1364770528875699 c0  → https://pub-893b4a6a607b4221a894bf861da7914e.r2.dev/1364770528875699.mp4
video-missing    1364770528875699 c0  (expected file not found in facebook/videos/english-seekho-2026-07-12)
carried-forward  2289892785083094 c0  → https://pub-893b4a6a607b4221a894bf861da7914e.r2.dev/2289892785083094.mp4
carried-forward  1360549895753796 c0  → https://pub-893b4a6a607b4221a894bf861da7914e.r2.dev/1360549895753796.mp4
carried-forward  2069551497104811 c0  → https://pub-893b4a6a607b4221a894bf861da7914e.r2.dev/2069551497104811.mp4
carried-forward  2911781465840699 c0  → https://pub-893b4a6a607b4221a894bf861da7914e.r2.dev/2911781465840699.mp4
carried-forward  1485257069470905 c0  → https://pub-893b4a6a607b4221a894bf861da7914e.r2.dev/1485257069470905.mp4
carried-forward  2340160886791390 c0  → https://pub-893b4a6a607b4221a894bf861da7914e.r2.dev/2340160886791390.mp4
video-missing    2340160886791390 c0  (expected file not found in facebook/videos/english-seekho-2026-07-12)
carried-forward  1548158910275403 c0  → https://pub-893b4a6a607b4221a894bf861da7914e.r2.dev/1548158910275403.mp4
carried-forward  2767163170333388 c0  → https://pub-893b4a6a607b4221a894bf861da7914e.r2.dev/2767163170333388.mp4
carried-forward  3098326293684794 c0  → https://pub-893b4a6a607b4221a894bf861da7914e.r2.dev/3098326293684794.mp4
carried-forward  1103580098931885 c0  → https://pub-893b4a6a607b4221a894bf861da7914e.r2.dev/1103580098931885.mp4
carried-forward  2551795111920687 c0  → https://pub-893b4a6a607b4221a894bf861da7914e.r2.dev/2551795111920687.mp4
carried-forward  975696818620909 c0  → https://pub-893b4a6a607b4221a894bf861da7914e.r2.dev/975696818620909.mp4
carried-forward  1747037196719891 c0  → https://pub-893b4a6a607b4221a894bf861da7914e.r2.dev/1747037196719891.mp4
video-missing    1747037196719891 c0  (expected file not found in facebook/videos/english-seekho-2026-07-12)
carried-forward  28740456275544709 c0  → https://pub-893b4a6a607b4221a894bf861da7914e.r2.dev/28740456275544709.mp4
carried-forward  5201427430083462 c0  → https://pub-893b4a6a607b4221a894bf861da7914e.r2.dev/5201427430083462.mp4
carried-forward  1781323349519121 c0  → https://pub-893b4a6a607b4221a894bf861da7914e.r2.dev/1781323349519121.mp4
carried-forward  922938894154066 c0  → https://pub-893b4a6a607b4221a894bf861da7914e.r2.dev/922938894154066.mp4
carried-forward  3945125475794543 c0  → https://pub-893b4a6a607b4221a894bf861da7914e.r2.dev/3945125475794543.mp4
video-missing    3945125475794543 c0  (expected file not found in facebook/videos/english-seekho-2026-07-12)
carried-forward  1369951375034457 c0  → https://pub-893b4a6a607b4221a894bf861da7914e.r2.dev/1369951375034457.mp4
video-missing    1369951375034457 c0  (expected file not found in facebook/videos/english-seekho-2026-07-12)
carried-forward  1708410670406482 c0  → https://pub-893b4a6a607b4221a894bf861da7914e.r2.dev/1708410670406482.mp4
carried-forward  1647176899685316 c0  → https://pub-893b4a6a607b4221a894bf861da7914e.r2.dev/1647176899685316.mp4
video-missing    1647176899685316 c0  (expected file not found in facebook/videos/english-seekho-2026-07-12)
carried-forward  1013834224460527 c0  → https://pub-893b4a6a607b4221a894bf861da7914e.r2.dev/1013834224460527.mp4
carried-forward  922682520699920 c0  → https://pub-893b4a6a607b4221a894bf861da7914e.r2.dev/922682520699920.mp4
uploaded         2074041103193162 c0  (video) ← 2074041103193162.mp4  → https://pub-893b4a6a607b4221a894bf861da7914e.r2.dev/2074041103193162.mp4
carried-forward  767456879118205 c0  → https://pub-893b4a6a607b4221a894bf861da7914e.r2.dev/767456879118205.mp4
carried-forward  1908450636707359 c0  → https://pub-893b4a6a607b4221a894bf861da7914e.r2.dev/1908450636707359.mp4
carried-forward  1558750499203337 c0  → https://pub-893b4a6a607b4221a894bf861da7914e.r2.dev/1558750499203337.mp4
carried-forward  989043553899179 c0  → https://pub-893b4a6a607b4221a894bf861da7914e.r2.dev/989043553899179.mp4
carried-forward  1058989673456910 c0  → https://pub-893b4a6a607b4221a894bf861da7914e.r2.dev/1058989673456910.mp4
carried-forward  2491978981265778 c0  → https://pub-893b4a6a607b4221a894bf861da7914e.r2.dev/2491978981265778.mp4
uploaded         986446764388478 c0  (video) ← 986446764388478.mp4  → https://pub-893b4a6a607b4221a894bf861da7914e.r2.dev/986446764388478.mp4
carried-forward  2674686452896226 c0  → https://pub-893b4a6a607b4221a894bf861da7914e.r2.dev/2674686452896226.mp4
uploaded         1266084588784941 c0  (video) ← 1266084588784941.mp4  → https://pub-893b4a6a607b4221a894bf861da7914e.r2.dev/1266084588784941.mp4
carried-forward  1497241481662186 c0  → https://pub-893b4a6a607b4221a894bf861da7914e.r2.dev/1497241481662186.mp4
carried-forward  1032793555915493 c0  → https://pub-893b4a6a607b4221a894bf861da7914e.r2.dev/1032793555915493.mp4
carried-forward  1360454026018817 c0  → https://pub-893b4a6a607b4221a894bf861da7914e.r2.dev/1360454026018817.mp4
uploaded         1035003315652107 c0  (video) ← 1035003315652107.mp4  → https://pub-893b4a6a607b4221a894bf861da7914e.r2.dev/1035003315652107.mp4
uploaded         2257504285079453 c0  (video) ← 2257504285079453.mp4  → https://pub-893b4a6a607b4221a894bf861da7914e.r2.dev/2257504285079453.mp4
carried-forward  2030280791029193 c0  → https://pub-893b4a6a607b4221a894bf861da7914e.r2.dev/2030280791029193.mp4
carried-forward  1501154984318432 c0  → https://pub-893b4a6a607b4221a894bf861da7914e.r2.dev/1501154984318432.mp4
uploaded         2596912787391811 c0  (video) ← 2596912787391811.mp4  → https://pub-893b4a6a607b4221a894bf861da7914e.r2.dev/2596912787391811.mp4
uploaded         1746113169747432 c0  (video) ← 1746113169747432.mp4  → https://pub-893b4a6a607b4221a894bf861da7914e.r2.dev/1746113169747432.mp4
uploaded         1093272399776074 c0  (video) ← 1093272399776074.mp4  → https://pub-893b4a6a607b4221a894bf861da7914e.r2.dev/1093272399776074.mp4
carried-forward  903039262849402 c0  → https://pub-893b4a6a607b4221a894bf861da7914e.r2.dev/903039262849402.mp4
video-missing    903039262849402 c0  (expected file not found in facebook/videos/english-seekho-2026-07-12)
uploaded         1539470020972076 c0  (video) ← 1539470020972076.mp4  → https://pub-893b4a6a607b4221a894bf861da7914e.r2.dev/1539470020972076.mp4
uploaded         1306476287909601 c0  (video) ← 1306476287909601.mp4  → https://pub-893b4a6a607b4221a894bf861da7914e.r2.dev/1306476287909601.mp4
uploaded         1370844104937242 c0  (video) ← 1370844104937242.mp4  → https://pub-893b4a6a607b4221a894bf861da7914e.r2.dev/1370844104937242.mp4
uploaded         1045979094538529 c0  (video) ← 1045979094538529.mp4  → https://pub-893b4a6a607b4221a894bf861da7914e.r2.dev/1045979094538529.mp4
uploaded         1518680399215608 c0  (video) ← 1518680399215608.mp4  → https://pub-893b4a6a607b4221a894bf861da7914e.r2.dev/1518680399215608.mp4
uploaded         1734113701152074 c0  (video) ← 1734113701152074.mp4  → https://pub-893b4a6a607b4221a894bf861da7914e.r2.dev/1734113701152074.mp4
uploaded         1559865665640009 c0  (video) ← 1559865665640009.mp4  → https://pub-893b4a6a607b4221a894bf861da7914e.r2.dev/1559865665640009.mp4
uploaded         1699685877739107 c0  (video) ← 1699685877739107.mp4  → https://pub-893b4a6a607b4221a894bf861da7914e.r2.dev/1699685877739107.mp4
uploaded         1513356313347614 c0  (video) ← 1513356313347614.mp4  → https://pub-893b4a6a607b4221a894bf861da7914e.r2.dev/1513356313347614.mp4
uploaded         892733559974358 c0  (video) ← 892733559974358.mp4  → https://pub-893b4a6a607b4221a894bf861da7914e.r2.dev/892733559974358.mp4
carried-forward  1476645587385501 c0  → https://pub-893b4a6a607b4221a894bf861da7914e.r2.dev/1476645587385501.mp4
carried-forward  1577673830585178 c0  → https://pub-893b4a6a607b4221a894bf861da7914e.r2.dev/1577673830585178.mp4
video-missing    1577673830585178 c0  (expected file not found in facebook/videos/english-seekho-2026-07-12)
uploaded         1571875524721823 c0  (video) ← 1571875524721823.mp4  → https://pub-893b4a6a607b4221a894bf861da7914e.r2.dev/1571875524721823.mp4
carried-forward  1244507290916309 c0  → https://pub-893b4a6a607b4221a894bf861da7914e.r2.dev/1244507290916309.mp4
uploaded         1027681312994322 c0  (video) ← 1027681312994322.mp4  → https://pub-893b4a6a607b4221a894bf861da7914e.r2.dev/1027681312994322.mp4
uploaded         2003075577007442 c0  (video) ← 2003075577007442.mp4  → https://pub-893b4a6a607b4221a894bf861da7914e.r2.dev/2003075577007442.mp4
video-missing    2003075577007442 c0  (expected file not found in facebook/videos/english-seekho-2026-07-12)
carried-forward  4379825375635044 c0  → https://pub-893b4a6a607b4221a894bf861da7914e.r2.dev/4379825375635044.mp4
carried-forward  1798711957512384 c0  → https://pub-893b4a6a607b4221a894bf861da7914e.r2.dev/1798711957512384.mp4
uploaded         1331540271994898 c0  (video) ← 1331540271994898.mp4  → https://pub-893b4a6a607b4221a894bf861da7914e.r2.dev/1331540271994898.mp4
carried-forward  2037768870280868 c0  → https://pub-893b4a6a607b4221a894bf861da7914e.r2.dev/2037768870280868.mp4
carried-forward  1217329830515440 c0  → https://pub-893b4a6a607b4221a894bf861da7914e.r2.dev/1217329830515440.mp4
carried-forward  1210251577301882 c0  → https://pub-893b4a6a607b4221a894bf861da7914e.r2.dev/1210251577301882.mp4
carried-forward  1522254569489888 c0  → https://pub-893b4a6a607b4221a894bf861da7914e.r2.dev/1522254569489888.mp4
carried-forward  1662559071716567 c0  → https://pub-893b4a6a607b4221a894bf861da7914e.r2.dev/1662559071716567.mp4
video-missing    1662559071716567 c0  (expected file not found in facebook/videos/english-seekho-2026-07-12)
uploaded         1527366239124226 c0  (video) ← 1527366239124226.mp4  → https://pub-893b4a6a607b4221a894bf861da7914e.r2.dev/1527366239124226.mp4
carried-forward  1116123194536720 c0  → https://pub-893b4a6a607b4221a894bf861da7914e.r2.dev/1116123194536720.mp4
carried-forward  769511858914323 c0  → https://pub-893b4a6a607b4221a894bf861da7914e.r2.dev/769511858914323.mp4
uploaded         1564449971901473 c0  (video) ← 1564449971901473.mp4  → https://pub-893b4a6a607b4221a894bf861da7914e.r2.dev/1564449971901473.mp4
uploaded         1333505908981538 c0  (video) ← 1333505908981538.mp4  → https://pub-893b4a6a607b4221a894bf861da7914e.r2.dev/1333505908981538.mp4
uploaded         1373278954688219 c0  (video) ← 1373278954688219.mp4  → https://pub-893b4a6a607b4221a894bf861da7914e.r2.dev/1373278954688219.mp4
uploaded         1625056585845809 c0  (video) ← 1625056585845809.mp4  → https://pub-893b4a6a607b4221a894bf861da7914e.r2.dev/1625056585845809.mp4
uploaded         1502275511673890 c0  (video) ← 1502275511673890.mp4  → https://pub-893b4a6a607b4221a894bf861da7914e.r2.dev/1502275511673890.mp4
carried-forward  2176910723137201 c0  → https://pub-893b4a6a607b4221a894bf861da7914e.r2.dev/2176910723137201.mp4
carried-forward  1868096310508725 c0  → https://pub-893b4a6a607b4221a894bf861da7914e.r2.dev/1868096310508725.mp4
uploaded         1322807760041743 c0  (video) ← 1322807760041743.mp4  → https://pub-893b4a6a607b4221a894bf861da7914e.r2.dev/1322807760041743.mp4
carried-forward  1293551286094512 c0  → https://pub-893b4a6a607b4221a894bf861da7914e.r2.dev/1293551286094512.mp4
carried-forward  1690364325606787 c0  → https://pub-893b4a6a607b4221a894bf861da7914e.r2.dev/1690364325606787.mp4
uploaded         1717943059352800 c0  (video) ← 1717943059352800.mp4  → https://pub-893b4a6a607b4221a894bf861da7914e.r2.dev/1717943059352800.mp4
uploaded         2302178707190016 c0  (video) ← 2302178707190016.mp4  → https://pub-893b4a6a607b4221a894bf861da7914e.r2.dev/2302178707190016.mp4
uploaded         1028514069571512 c0  (video) ← 1028514069571512.mp4  → https://pub-893b4a6a607b4221a894bf861da7914e.r2.dev/1028514069571512.mp4
uploaded         1349912196473620 c0  (video) ← 1349912196473620.mp4  → https://pub-893b4a6a607b4221a894bf861da7914e.r2.dev/1349912196473620.mp4
carried-forward  1419054459866080 c0  → https://pub-893b4a6a607b4221a894bf861da7914e.r2.dev/1419054459866080.mp4
uploaded         1513956017173426 c0  (video) ← 1513956017173426.mp4  → https://pub-893b4a6a607b4221a894bf861da7914e.r2.dev/1513956017173426.mp4
carried-forward  1905133330090659 c0  → https://pub-893b4a6a607b4221a894bf861da7914e.r2.dev/1905133330090659.mp4
uploaded         1963886250934016 c0  (video) ← 1963886250934016.mp4  → https://pub-893b4a6a607b4221a894bf861da7914e.r2.dev/1963886250934016.mp4
uploaded         1717989625914615 c0  (video) ← 1717989625914615.mp4  → https://pub-893b4a6a607b4221a894bf861da7914e.r2.dev/1717989625914615.mp4
carried-forward  1502392968556177 c0  → https://pub-893b4a6a607b4221a894bf861da7914e.r2.dev/1502392968556177.mp4
uploaded         961136710279102 c0  (video) ← 961136710279102.mp4  → https://pub-893b4a6a607b4221a894bf861da7914e.r2.dev/961136710279102.mp4
carried-forward  1314891207516757 c0  → https://pub-893b4a6a607b4221a894bf861da7914e.r2.dev/1314891207516757.mp4
video-missing    1314891207516757 c0  (expected file not found in facebook/videos/english-seekho-2026-07-12)
uploaded         1561903845669412 c0  (video) ← 1561903845669412.mp4  → https://pub-893b4a6a607b4221a894bf861da7914e.r2.dev/1561903845669412.mp4
uploaded         2638718456631464 c0  (video) ← 2638718456631464.mp4  → https://pub-893b4a6a607b4221a894bf861da7914e.r2.dev/2638718456631464.mp4
carried-forward  889242263585010 c0  → https://pub-893b4a6a607b4221a894bf861da7914e.r2.dev/889242263585010.mp4
uploaded         2057529274875053 c0  (video) ← 2057529274875053.mp4  → https://pub-893b4a6a607b4221a894bf861da7914e.r2.dev/2057529274875053.mp4
carried-forward  1251191153618197 c0  → https://pub-893b4a6a607b4221a894bf861da7914e.r2.dev/1251191153618197.mp4
uploaded         1990239875256896 c0  (video) ← 1990239875256896.mp4  → https://pub-893b4a6a607b4221a894bf861da7914e.r2.dev/1990239875256896.mp4
carried-forward  1430826552137036 c0  → https://pub-893b4a6a607b4221a894bf861da7914e.r2.dev/1430826552137036.mp4
uploaded         2075252363202103 c0  (video) ← 2075252363202103.mp4  → https://pub-893b4a6a607b4221a894bf861da7914e.r2.dev/2075252363202103.mp4
carried-forward  2015119902365104 c0  → https://pub-893b4a6a607b4221a894bf861da7914e.r2.dev/2015119902365104.mp4
uploaded         1809842663725401 c0  (video) ← 1809842663725401.mp4  → https://pub-893b4a6a607b4221a894bf861da7914e.r2.dev/1809842663725401.mp4
uploaded         2456413321522780 c0  (video) ← 2456413321522780.mp4  → https://pub-893b4a6a607b4221a894bf861da7914e.r2.dev/2456413321522780.mp4
carried-forward  3626263604197475 c0  → https://pub-893b4a6a607b4221a894bf861da7914e.r2.dev/3626263604197475.mp4
uploaded         1452284863393110 c0  (video) ← 1452284863393110.mp4  → https://pub-893b4a6a607b4221a894bf861da7914e.r2.dev/1452284863393110.mp4
uploaded         1470678398390511 c0  (video) ← 1470678398390511.mp4  → https://pub-893b4a6a607b4221a894bf861da7914e.r2.dev/1470678398390511.mp4
uploaded         1030206466468669 c0  (video) ← 1030206466468669.mp4  → https://pub-893b4a6a607b4221a894bf861da7914e.r2.dev/1030206466468669.mp4
uploaded         1611125187248290 c0  (video) ← 1611125187248290.mp4  → https://pub-893b4a6a607b4221a894bf861da7914e.r2.dev/1611125187248290.mp4
carried-forward  1487760063112866 c0  → https://pub-893b4a6a607b4221a894bf861da7914e.r2.dev/1487760063112866.mp4
uploaded         1590642095841623 c0  (video) ← 1590642095841623.mp4  → https://pub-893b4a6a607b4221a894bf861da7914e.r2.dev/1590642095841623.mp4
uploaded         1710036726875641 c0  (video) ← 1710036726875641.mp4  → https://pub-893b4a6a607b4221a894bf861da7914e.r2.dev/1710036726875641.mp4
carried-forward  608640915677208 c0  → https://pub-893b4a6a607b4221a894bf861da7914e.r2.dev/608640915677208.mp4
uploaded         804181512689453 c0  (video) ← 804181512689453.mp4  → https://pub-893b4a6a607b4221a894bf861da7914e.r2.dev/804181512689453.mp4
uploaded         1035702565595390 c0  (video) ← 1035702565595390.mp4  → https://pub-893b4a6a607b4221a894bf861da7914e.r2.dev/1035702565595390.mp4
carried-forward  1229348518532340 c0  → https://pub-893b4a6a607b4221a894bf861da7914e.r2.dev/1229348518532340.mp4
uploaded         923735007415682 c0  (video) ← 923735007415682.mp4  → https://pub-893b4a6a607b4221a894bf861da7914e.r2.dev/923735007415682.mp4
carried-forward  25537890735891271 c0  → https://pub-893b4a6a607b4221a894bf861da7914e.r2.dev/25537890735891271.mp4
uploaded         1792594538762166 c0  (video) ← 1792594538762166.mp4  → https://pub-893b4a6a607b4221a894bf861da7914e.r2.dev/1792594538762166.mp4
carried-forward  1054948106795031 c0  → https://pub-893b4a6a607b4221a894bf861da7914e.r2.dev/1054948106795031.mp4
uploaded         2236055533874211 c0  (video) ← 2236055533874211.mp4  → https://pub-893b4a6a607b4221a894bf861da7914e.r2.dev/2236055533874211.mp4
carried-forward  1442957451208825 c0  → https://pub-893b4a6a607b4221a894bf861da7914e.r2.dev/1442957451208825.mp4
uploaded         2068597417389739 c0  (video) ← 2068597417389739.mp4  → https://pub-893b4a6a607b4221a894bf861da7914e.r2.dev/2068597417389739.mp4
carried-forward  890589943792591 c0  → https://pub-893b4a6a607b4221a894bf861da7914e.r2.dev/890589943792591.mp4
carried-forward  1495786361811102 c0  → https://pub-893b4a6a607b4221a894bf861da7914e.r2.dev/1495786361811102.mp4
carried-forward  3887006608101122 c0  → https://pub-893b4a6a607b4221a894bf861da7914e.r2.dev/3887006608101122.mp4
uploaded         869075896276450 c0  (video) ← 869075896276450.mp4  → https://pub-893b4a6a607b4221a894bf861da7914e.r2.dev/869075896276450.mp4
carried-forward  1224227439081919 c0  → https://pub-893b4a6a607b4221a894bf861da7914e.r2.dev/1224227439081919.mp4
carried-forward  874940122070171 c0  → https://pub-893b4a6a607b4221a894bf861da7914e.r2.dev/874940122070171.mp4
uploaded         1443928484425707 c0  (video) ← 1443928484425707.mp4  → https://pub-893b4a6a607b4221a894bf861da7914e.r2.dev/1443928484425707.mp4
uploaded         1398846682220930 c0  (video) ← 1398846682220930.mp4  → https://pub-893b4a6a607b4221a894bf861da7914e.r2.dev/1398846682220930.mp4
carried-forward  1559841751931772 c0  → https://pub-893b4a6a607b4221a894bf861da7914e.r2.dev/1559841751931772.mp4
carried-forward  1043064638448992 c0  → https://pub-893b4a6a607b4221a894bf861da7914e.r2.dev/1043064638448992.mp4
carried-forward  840752642285554 c0  → https://pub-893b4a6a607b4221a894bf861da7914e.r2.dev/840752642285554.mp4
carried-forward  1629378638162959 c0  → https://pub-893b4a6a607b4221a894bf861da7914e.r2.dev/1629378638162959.mp4
uploaded         2231680590914342 c0  (video) ← 2231680590914342.mp4  → https://pub-893b4a6a607b4221a894bf861da7914e.r2.dev/2231680590914342.mp4
carried-forward  26372603382322992 c0  → https://pub-893b4a6a607b4221a894bf861da7914e.r2.dev/26372603382322992.mp4
carried-forward  1945996112929486 c0  → https://pub-893b4a6a607b4221a894bf861da7914e.r2.dev/1945996112929486.mp4
carried-forward  1500551291812263 c0  → https://pub-893b4a6a607b4221a894bf861da7914e.r2.dev/1500551291812263.mp4
carried-forward  3589515767873253 c0  → https://pub-893b4a6a607b4221a894bf861da7914e.r2.dev/3589515767873253.mp4
carried-forward  1509527853448376 c0  → https://pub-893b4a6a607b4221a894bf861da7914e.r2.dev/1509527853448376.mp4
carried-forward  5195950473963815 c0  → https://pub-893b4a6a607b4221a894bf861da7914e.r2.dev/5195950473963815.mp4
uploaded         2142517916297251 c0  (video) ← 2142517916297251.mp4  → https://pub-893b4a6a607b4221a894bf861da7914e.r2.dev/2142517916297251.mp4
uploaded         1552248589633242 c0  (video) ← 1552248589633242.mp4  → https://pub-893b4a6a607b4221a894bf861da7914e.r2.dev/1552248589633242.mp4
uploaded         2539125103189398 c0  (video) ← 2539125103189398.mp4  → https://pub-893b4a6a607b4221a894bf861da7914e.r2.dev/2539125103189398.mp4
uploaded         1336169722036306 c0  (video) ← 1336169722036306.mp4  → https://pub-893b4a6a607b4221a894bf861da7914e.r2.dev/1336169722036306.mp4
uploaded         2177297459794723 c0  (video) ← 2177297459794723.mp4  → https://pub-893b4a6a607b4221a894bf861da7914e.r2.dev/2177297459794723.mp4
carried-forward  2068879217338236 c0  → https://pub-893b4a6a607b4221a894bf861da7914e.r2.dev/2068879217338236.mp4
carried-forward  884294820955142 c0  → https://pub-893b4a6a607b4221a894bf861da7914e.r2.dev/884294820955142.mp4
video-missing    884294820955142 c0  (expected file not found in facebook/videos/english-seekho-2026-07-12)
uploaded         1700950387877290 c0  (video) ← 1700950387877290.mp4  → https://pub-893b4a6a607b4221a894bf861da7914e.r2.dev/1700950387877290.mp4
uploaded         2050028178934087 c0  (video) ← 2050028178934087.mp4  → https://pub-893b4a6a607b4221a894bf861da7914e.r2.dev/2050028178934087.mp4
carried-forward  1870547757684074 c0  → https://pub-893b4a6a607b4221a894bf861da7914e.r2.dev/1870547757684074.mp4
uploaded         28038841199053239 c0  (video) ← 28038841199053239.mp4  → https://pub-893b4a6a607b4221a894bf861da7914e.r2.dev/28038841199053239.mp4
carried-forward  1717353739307487 c0  → https://pub-893b4a6a607b4221a894bf861da7914e.r2.dev/1717353739307487.mp4
uploaded         1317756543861267 c0  (video) ← 1317756543861267.mp4  → https://pub-893b4a6a607b4221a894bf861da7914e.r2.dev/1317756543861267.mp4
carried-forward  1427103212256894 c0  → https://pub-893b4a6a607b4221a894bf861da7914e.r2.dev/1427103212256894.mp4
carried-forward  1666152167999287 c0  → https://pub-893b4a6a607b4221a894bf861da7914e.r2.dev/1666152167999287.mp4
uploaded         2467411597004103 c0  (video) ← 2467411597004103.mp4  → https://pub-893b4a6a607b4221a894bf861da7914e.r2.dev/2467411597004103.mp4
carried-forward  1570346344755878 c0  → https://pub-893b4a6a607b4221a894bf861da7914e.r2.dev/1570346344755878.mp4
uploaded         1031879286090398 c0  (video) ← 1031879286090398.mp4  → https://pub-893b4a6a607b4221a894bf861da7914e.r2.dev/1031879286090398.mp4
uploaded         869006329615822 c0  (video) ← 869006329615822.mp4  → https://pub-893b4a6a607b4221a894bf861da7914e.r2.dev/869006329615822.mp4
uploaded         1514624150414843 c0  (video) ← 1514624150414843.mp4  → https://pub-893b4a6a607b4221a894bf861da7914e.r2.dev/1514624150414843.mp4
carried-forward  2253030498553449 c0  → https://pub-893b4a6a607b4221a894bf861da7914e.r2.dev/2253030498553449.mp4
uploaded         2622940588108244 c0  (video) ← 2622940588108244.mp4  → https://pub-893b4a6a607b4221a894bf861da7914e.r2.dev/2622940588108244.mp4
uploaded         2936696983356405 c0  (video) ← 2936696983356405.mp4  → https://pub-893b4a6a607b4221a894bf861da7914e.r2.dev/2936696983356405.mp4
carried-forward  805915929154160 c0  → https://pub-893b4a6a607b4221a894bf861da7914e.r2.dev/805915929154160.mp4
carried-forward  958304950573263 c0  → https://pub-893b4a6a607b4221a894bf861da7914e.r2.dev/958304950573263.mp4
video-missing    958304950573263 c0  (expected file not found in facebook/videos/english-seekho-2026-07-12)
carried-forward  1873195333560021 c0  → https://pub-893b4a6a607b4221a894bf861da7914e.r2.dev/1873195333560021.mp4
uploaded         1296926822266081 c0  (video) ← 1296926822266081.mp4  → https://pub-893b4a6a607b4221a894bf861da7914e.r2.dev/1296926822266081.mp4
uploaded         1369148625139393 c0  (video) ← 1369148625139393.mp4  → https://pub-893b4a6a607b4221a894bf861da7914e.r2.dev/1369148625139393.mp4
error-upload     1398161142174979 c0  ← 1398161142174979.mp4  : ReadTimeoutError: Read timeout on endpoint URL: "https://dcfd27564ef899969db9a562c7e1945f.r2.cloudflarestorage.com/video-ads/1398161142174979.mp4"
uploaded         1008587358628011 c0  (video) ← 1008587358628011.mp4  → https://pub-893b4a6a607b4221a894bf861da7914e.r2.dev/1008587358628011.mp4
carried-forward  861154453569534 c0  → https://pub-893b4a6a607b4221a894bf861da7914e.r2.dev/861154453569534.mp4
carried-forward  4494541497481925 c0  → https://pub-893b4a6a607b4221a894bf861da7914e.r2.dev/4494541497481925.mp4
carried-forward  902496572123981 c0  → https://pub-893b4a6a607b4221a894bf861da7914e.r2.dev/902496572123981.mp4
uploaded         996855082967680 c0  (video) ← 996855082967680.mp4  → https://pub-893b4a6a607b4221a894bf861da7914e.r2.dev/996855082967680.mp4
uploaded         1355472569248898 c0  (video) ← 1355472569248898.mp4  → https://pub-893b4a6a607b4221a894bf861da7914e.r2.dev/1355472569248898.mp4
uploaded         1341935488048277 c0  (video) ← 1341935488048277.mp4  → https://pub-893b4a6a607b4221a894bf861da7914e.r2.dev/1341935488048277.mp4
carried-forward  2442698549586664 c0  → https://pub-893b4a6a607b4221a894bf861da7914e.r2.dev/2442698549586664.mp4
carried-forward  1302125191954780 c0  → https://pub-893b4a6a607b4221a894bf861da7914e.r2.dev/1302125191954780.mp4
uploaded         1346070270982376 c0  (video) ← 1346070270982376.mp4  → https://pub-893b4a6a607b4221a894bf861da7914e.r2.dev/1346070270982376.mp4
uploaded         3276371869231042 c0  (video) ← 3276371869231042.mp4  → https://pub-893b4a6a607b4221a894bf861da7914e.r2.dev/3276371869231042.mp4
uploaded         1733743760987427 c0  (video) ← 1733743760987427.mp4  → https://pub-893b4a6a607b4221a894bf861da7914e.r2.dev/1733743760987427.mp4
uploaded         3619178701569814 c0  (video) ← 3619178701569814.mp4  → https://pub-893b4a6a607b4221a894bf861da7914e.r2.dev/3619178701569814.mp4
uploaded         1259807772762958 c0  (video) ← 1259807772762958.mp4  → https://pub-893b4a6a607b4221a894bf861da7914e.r2.dev/1259807772762958.mp4
uploaded         1002160392592648 c0  (video) ← 1002160392592648.mp4  → https://pub-893b4a6a607b4221a894bf861da7914e.r2.dev/1002160392592648.mp4
carried-forward  2017725382451838 c0  → https://pub-893b4a6a607b4221a894bf861da7914e.r2.dev/2017725382451838.mp4
carried-forward  2017910682445150 c0  → https://pub-893b4a6a607b4221a894bf861da7914e.r2.dev/2017910682445150.mp4
carried-forward  1433011138873457 c0  → https://pub-893b4a6a607b4221a894bf861da7914e.r2.dev/1433011138873457.mp4
uploaded         1328658395567285 c0  (video) ← 1328658395567285.mp4  → https://pub-893b4a6a607b4221a894bf861da7914e.r2.dev/1328658395567285.mp4
uploaded         1000845756183430 c0  (video) ← 1000845756183430.mp4  → https://pub-893b4a6a607b4221a894bf861da7914e.r2.dev/1000845756183430.mp4
uploaded         1014910164802442 c0  (video) ← 1014910164802442.mp4  → https://pub-893b4a6a607b4221a894bf861da7914e.r2.dev/1014910164802442.mp4
uploaded         834574406255155 c0  (video) ← 834574406255155.mp4  → https://pub-893b4a6a607b4221a894bf861da7914e.r2.dev/834574406255155.mp4
uploaded         954743377593887 c0  (video) ← 954743377593887.mp4  → https://pub-893b4a6a607b4221a894bf861da7914e.r2.dev/954743377593887.mp4
uploaded         2485504025249024 c0  (video) ← 2485504025249024.mp4  → https://pub-893b4a6a607b4221a894bf861da7914e.r2.dev/2485504025249024.mp4
uploaded         3120010318389458 c0  (video) ← 3120010318389458.mp4  → https://pub-893b4a6a607b4221a894bf861da7914e.r2.dev/3120010318389458.mp4
carried-forward  1023850853354102 c0  → https://pub-893b4a6a607b4221a894bf861da7914e.r2.dev/1023850853354102.mp4
uploaded         1717071966161662 c0  (video) ← 1717071966161662.mp4  → https://pub-893b4a6a607b4221a894bf861da7914e.r2.dev/1717071966161662.mp4
carried-forward  1566660068511123 c0  → https://pub-893b4a6a607b4221a894bf861da7914e.r2.dev/1566660068511123.mp4
video-missing    1566660068511123 c0  (expected file not found in facebook/videos/english-seekho-2026-07-12)
uploaded         955430697518432 c0  (video) ← 955430697518432.mp4  → https://pub-893b4a6a607b4221a894bf861da7914e.r2.dev/955430697518432.mp4
carried-forward  27378628308497193 c0  → https://pub-893b4a6a607b4221a894bf861da7914e.r2.dev/27378628308497193.mp4
carried-forward  1557928316052104 c0  → https://pub-893b4a6a607b4221a894bf861da7914e.r2.dev/1557928316052104.mp4
uploaded         2311862489593723 c0  (video) ← 2311862489593723.mp4  → https://pub-893b4a6a607b4221a894bf861da7914e.r2.dev/2311862489593723.mp4
uploaded         1677728953457844 c0  (video) ← 1677728953457844.mp4  → https://pub-893b4a6a607b4221a894bf861da7914e.r2.dev/1677728953457844.mp4
uploaded         1603129031433791 c0  (video) ← 1603129031433791.mp4  → https://pub-893b4a6a607b4221a894bf861da7914e.r2.dev/1603129031433791.mp4
