# Step 3 run log
# competitor : english-seekho
# started_at : 2026-06-26T13:44:35
# input      : facebook/inputs/fb-ads-english-seekho-2026-06-26-0631.csv
# videos     : facebook/videos/english-seekho-2026-06-26
# master     : facebook/master/english-seekho.csv  (updated)
# enriched   : facebook/inputs/fb-ads-english-seekho-2026-06-26-0631_enriched.csv
# bucket     : video-ads
# public_base: https://pub-893b4a6a607b4221a894bf861da7914e.r2.dev
# dry_run    : False
#
# counts     : {'uploaded': 0, 'carried-forward': 407, 'image-pending': 0, 'video-missing': 55, 'no-creative': 0, 'error': 0}
#
carried-forward  985533387662266 c0  → https://pub-893b4a6a607b4221a894bf861da7914e.r2.dev/985533387662266.mp4
video-missing    985533387662266 c0  (expected file not found in facebook/videos/english-seekho-2026-06-26)
carried-forward  2018888478732564 c0  → https://pub-893b4a6a607b4221a894bf861da7914e.r2.dev/2018888478732564.mp4
carried-forward  873021038754328 c0  → https://pub-893b4a6a607b4221a894bf861da7914e.r2.dev/873021038754328.mp4
carried-forward  998788752795051 c0  → https://pub-893b4a6a607b4221a894bf861da7914e.r2.dev/998788752795051.mp4
video-missing    998788752795051 c0  (expected file not found in facebook/videos/english-seekho-2026-06-26)
carried-forward  1021041514250343 c0  → https://pub-893b4a6a607b4221a894bf861da7914e.r2.dev/1021041514250343.mp4
carried-forward  1039538911746398 c0  → https://pub-893b4a6a607b4221a894bf861da7914e.r2.dev/1039538911746398.mp4
video-missing    1039538911746398 c0  (expected file not found in facebook/videos/english-seekho-2026-06-26)
video-missing    1039538911746398 c0  (expected file not found in facebook/videos/english-seekho-2026-06-26)
carried-forward  1168354552139693 c0  → https://pub-893b4a6a607b4221a894bf861da7914e.r2.dev/1168354552139693.mp4
video-missing    1168354552139693 c0  (expected file not found in facebook/videos/english-seekho-2026-06-26)
carried-forward  1926900574736867 c0  → https://pub-893b4a6a607b4221a894bf861da7914e.r2.dev/1926900574736867.mp4
video-missing    1926900574736867 c0  (expected file not found in facebook/videos/english-seekho-2026-06-26)
carried-forward  883414924661759 c0  → https://pub-893b4a6a607b4221a894bf861da7914e.r2.dev/883414924661759.mp4
carried-forward  992773516690548 c0  → https://pub-893b4a6a607b4221a894bf861da7914e.r2.dev/992773516690548.mp4
carried-forward  2152508018617561 c0  → https://pub-893b4a6a607b4221a894bf861da7914e.r2.dev/2152508018617561.mp4
carried-forward  885862810591427 c0  → https://pub-893b4a6a607b4221a894bf861da7914e.r2.dev/885862810591427.mp4
carried-forward  1701302134235622 c0  → https://pub-893b4a6a607b4221a894bf861da7914e.r2.dev/1701302134235622.mp4
carried-forward  1882698255616575 c0  → https://pub-893b4a6a607b4221a894bf861da7914e.r2.dev/1882698255616575.mp4
carried-forward  2057759528145315 c0  → https://pub-893b4a6a607b4221a894bf861da7914e.r2.dev/2057759528145315.mp4
carried-forward  1551327579687774 c0  → https://pub-893b4a6a607b4221a894bf861da7914e.r2.dev/1551327579687774.mp4
video-missing    1551327579687774 c0  (expected file not found in facebook/videos/english-seekho-2026-06-26)
carried-forward  1014456487800871 c0  → https://pub-893b4a6a607b4221a894bf861da7914e.r2.dev/1014456487800871.mp4
video-missing    1014456487800871 c0  (expected file not found in facebook/videos/english-seekho-2026-06-26)
carried-forward  995004486736404 c0  → https://pub-893b4a6a607b4221a894bf861da7914e.r2.dev/995004486736404.mp4
carried-forward  1223700476600723 c0  → https://pub-893b4a6a607b4221a894bf861da7914e.r2.dev/1223700476600723.mp4
carried-forward  871564259326574 c0  → https://pub-893b4a6a607b4221a894bf861da7914e.r2.dev/871564259326574.mp4
carried-forward  840617208849283 c0  → https://pub-893b4a6a607b4221a894bf861da7914e.r2.dev/840617208849283.mp4
carried-forward  1561329068897668 c0  → https://pub-893b4a6a607b4221a894bf861da7914e.r2.dev/1561329068897668.mp4
carried-forward  1549761863456981 c0  → https://pub-893b4a6a607b4221a894bf861da7914e.r2.dev/1549761863456981.mp4
carried-forward  2152429472156703 c0  → https://pub-893b4a6a607b4221a894bf861da7914e.r2.dev/2152429472156703.mp4
carried-forward  1002399022714860 c0  → https://pub-893b4a6a607b4221a894bf861da7914e.r2.dev/1002399022714860.mp4
carried-forward  1762074481809257 c0  → https://pub-893b4a6a607b4221a894bf861da7914e.r2.dev/1762074481809257.mp4
carried-forward  1162912550244958 c0  → https://pub-893b4a6a607b4221a894bf861da7914e.r2.dev/1162912550244958.mp4
carried-forward  3187076728157852 c0  → https://pub-893b4a6a607b4221a894bf861da7914e.r2.dev/3187076728157852.mp4
video-missing    3187076728157852 c0  (expected file not found in facebook/videos/english-seekho-2026-06-26)
carried-forward  4355411478052722 c0  → https://pub-893b4a6a607b4221a894bf861da7914e.r2.dev/4355411478052722.mp4
carried-forward  1961729674555213 c0  → https://pub-893b4a6a607b4221a894bf861da7914e.r2.dev/1961729674555213.mp4
carried-forward  2191388001773316 c0  → https://pub-893b4a6a607b4221a894bf861da7914e.r2.dev/2191388001773316.mp4
video-missing    2191388001773316 c0  (expected file not found in facebook/videos/english-seekho-2026-06-26)
carried-forward  1364784788843978 c0  → https://pub-893b4a6a607b4221a894bf861da7914e.r2.dev/1364784788843978.mp4
carried-forward  1051946797264333 c0  → https://pub-893b4a6a607b4221a894bf861da7914e.r2.dev/1051946797264333.mp4
carried-forward  1013882284521219 c0  → https://pub-893b4a6a607b4221a894bf861da7914e.r2.dev/1013882284521219.mp4
carried-forward  1337467545244005 c0  → https://pub-893b4a6a607b4221a894bf861da7914e.r2.dev/1337467545244005.mp4
carried-forward  2598032390630805 c0  → https://pub-893b4a6a607b4221a894bf861da7914e.r2.dev/2598032390630805.mp4
carried-forward  1025822196672066 c0  → https://pub-893b4a6a607b4221a894bf861da7914e.r2.dev/1025822196672066.mp4
carried-forward  3163699757156529 c0  → https://pub-893b4a6a607b4221a894bf861da7914e.r2.dev/3163699757156529.mp4
carried-forward  1808954107158548 c0  → https://pub-893b4a6a607b4221a894bf861da7914e.r2.dev/1808954107158548.mp4
carried-forward  999994179437771 c0  → https://pub-893b4a6a607b4221a894bf861da7914e.r2.dev/999994179437771.mp4
video-missing    999994179437771 c0  (expected file not found in facebook/videos/english-seekho-2026-06-26)
carried-forward  1739759297475313 c0  → https://pub-893b4a6a607b4221a894bf861da7914e.r2.dev/1739759297475313.mp4
video-missing    1739759297475313 c0  (expected file not found in facebook/videos/english-seekho-2026-06-26)
carried-forward  2415562212279006 c0  → https://pub-893b4a6a607b4221a894bf861da7914e.r2.dev/2415562212279006.mp4
video-missing    2415562212279006 c0  (expected file not found in facebook/videos/english-seekho-2026-06-26)
carried-forward  1352821206821597 c0  → https://pub-893b4a6a607b4221a894bf861da7914e.r2.dev/1352821206821597.mp4
carried-forward  1730935764921929 c0  → https://pub-893b4a6a607b4221a894bf861da7914e.r2.dev/1730935764921929.mp4
video-missing    1730935764921929 c0  (expected file not found in facebook/videos/english-seekho-2026-06-26)
video-missing    1730935764921929 c0  (expected file not found in facebook/videos/english-seekho-2026-06-26)
carried-forward  1005748238514133 c0  → https://pub-893b4a6a607b4221a894bf861da7914e.r2.dev/1005748238514133.mp4
carried-forward  860935546665161 c0  → https://pub-893b4a6a607b4221a894bf861da7914e.r2.dev/860935546665161.mp4
video-missing    860935546665161 c0  (expected file not found in facebook/videos/english-seekho-2026-06-26)
carried-forward  1711652826546037 c0  → https://pub-893b4a6a607b4221a894bf861da7914e.r2.dev/1711652826546037.mp4
carried-forward  2577522882678116 c0  → https://pub-893b4a6a607b4221a894bf861da7914e.r2.dev/2577522882678116.mp4
carried-forward  1929088581083541 c0  → https://pub-893b4a6a607b4221a894bf861da7914e.r2.dev/1929088581083541.mp4
carried-forward  4595374774118114 c0  → https://pub-893b4a6a607b4221a894bf861da7914e.r2.dev/4595374774118114.mp4
carried-forward  1556532882484856 c0  → https://pub-893b4a6a607b4221a894bf861da7914e.r2.dev/1556532882484856.mp4
carried-forward  1925713674813279 c0  → https://pub-893b4a6a607b4221a894bf861da7914e.r2.dev/1925713674813279.mp4
carried-forward  1561092105377334 c0  → https://pub-893b4a6a607b4221a894bf861da7914e.r2.dev/1561092105377334.mp4
carried-forward  1472313281246256 c0  → https://pub-893b4a6a607b4221a894bf861da7914e.r2.dev/1472313281246256.mp4
carried-forward  1015543491226232 c0  → https://pub-893b4a6a607b4221a894bf861da7914e.r2.dev/1015543491226232.mp4
carried-forward  2623728131357423 c0  → https://pub-893b4a6a607b4221a894bf861da7914e.r2.dev/2623728131357423.mp4
carried-forward  1744907007145803 c0  → https://pub-893b4a6a607b4221a894bf861da7914e.r2.dev/1744907007145803.mp4
carried-forward  1037885932008729 c0  → https://pub-893b4a6a607b4221a894bf861da7914e.r2.dev/1037885932008729.mp4
video-missing    1037885932008729 c0  (expected file not found in facebook/videos/english-seekho-2026-06-26)
carried-forward  1319926239768074 c0  → https://pub-893b4a6a607b4221a894bf861da7914e.r2.dev/1319926239768074.mp4
video-missing    1319926239768074 c0  (expected file not found in facebook/videos/english-seekho-2026-06-26)
carried-forward  2289892785083094 c0  → https://pub-893b4a6a607b4221a894bf861da7914e.r2.dev/2289892785083094.mp4
video-missing    2289892785083094 c0  (expected file not found in facebook/videos/english-seekho-2026-06-26)
carried-forward  1569302308257783 c0  → https://pub-893b4a6a607b4221a894bf861da7914e.r2.dev/1569302308257783.mp4
video-missing    1569302308257783 c0  (expected file not found in facebook/videos/english-seekho-2026-06-26)
carried-forward  1360549895753796 c0  → https://pub-893b4a6a607b4221a894bf861da7914e.r2.dev/1360549895753796.mp4
carried-forward  2457739524747956 c0  → https://pub-893b4a6a607b4221a894bf861da7914e.r2.dev/2457739524747956.mp4
carried-forward  3098326293684794 c0  → https://pub-893b4a6a607b4221a894bf861da7914e.r2.dev/3098326293684794.mp4
carried-forward  27317689501249767 c0  → https://pub-893b4a6a607b4221a894bf861da7914e.r2.dev/27317689501249767.mp4
video-missing    27317689501249767 c0  (expected file not found in facebook/videos/english-seekho-2026-06-26)
carried-forward  1654990182427395 c0  → https://pub-893b4a6a607b4221a894bf861da7914e.r2.dev/1654990182427395.mp4
carried-forward  1826736778733928 c0  → https://pub-893b4a6a607b4221a894bf861da7914e.r2.dev/1826736778733928.mp4
video-missing    1826736778733928 c0  (expected file not found in facebook/videos/english-seekho-2026-06-26)
carried-forward  1527063848884646 c0  → https://pub-893b4a6a607b4221a894bf861da7914e.r2.dev/1527063848884646.mp4
carried-forward  1030641109518301 c0  → https://pub-893b4a6a607b4221a894bf861da7914e.r2.dev/1030641109518301.mp4
carried-forward  1414490704064865 c0  → https://pub-893b4a6a607b4221a894bf861da7914e.r2.dev/1414490704064865.mp4
carried-forward  4462667594015020 c0  → https://pub-893b4a6a607b4221a894bf861da7914e.r2.dev/4462667594015020.mp4
carried-forward  2284073262000543 c0  → https://pub-893b4a6a607b4221a894bf861da7914e.r2.dev/2284073262000543.mp4
carried-forward  1019280954396091 c0  → https://pub-893b4a6a607b4221a894bf861da7914e.r2.dev/1019280954396091.mp4
video-missing    1019280954396091 c0  (expected file not found in facebook/videos/english-seekho-2026-06-26)
carried-forward  922682520699920 c0  → https://pub-893b4a6a607b4221a894bf861da7914e.r2.dev/922682520699920.mp4
carried-forward  2785296485181094 c0  → https://pub-893b4a6a607b4221a894bf861da7914e.r2.dev/2785296485181094.mp4
carried-forward  767456879118205 c0  → https://pub-893b4a6a607b4221a894bf861da7914e.r2.dev/767456879118205.mp4
carried-forward  1908450636707359 c0  → https://pub-893b4a6a607b4221a894bf861da7914e.r2.dev/1908450636707359.mp4
carried-forward  2201883133941569 c0  → https://pub-893b4a6a607b4221a894bf861da7914e.r2.dev/2201883133941569.mp4
carried-forward  1485257069470905 c0  → https://pub-893b4a6a607b4221a894bf861da7914e.r2.dev/1485257069470905.mp4
carried-forward  1523119236146137 c0  → https://pub-893b4a6a607b4221a894bf861da7914e.r2.dev/1523119236146137.mp4
carried-forward  994055896811811 c0  → https://pub-893b4a6a607b4221a894bf861da7914e.r2.dev/994055896811811.mp4
carried-forward  2062686851122576 c0  → https://pub-893b4a6a607b4221a894bf861da7914e.r2.dev/2062686851122576.mp4
video-missing    2062686851122576 c0  (expected file not found in facebook/videos/english-seekho-2026-06-26)
carried-forward  2026711951385254 c0  → https://pub-893b4a6a607b4221a894bf861da7914e.r2.dev/2026711951385254.mp4
carried-forward  1681179916439914 c0  → https://pub-893b4a6a607b4221a894bf861da7914e.r2.dev/1681179916439914.mp4
video-missing    1681179916439914 c0  (expected file not found in facebook/videos/english-seekho-2026-06-26)
video-missing    1681179916439914 c0  (expected file not found in facebook/videos/english-seekho-2026-06-26)
carried-forward  1699760197792223 c0  → https://pub-893b4a6a607b4221a894bf861da7914e.r2.dev/1699760197792223.mp4
carried-forward  1329716809342445 c0  → https://pub-893b4a6a607b4221a894bf861da7914e.r2.dev/1329716809342445.mp4
carried-forward  2674686452896226 c0  → https://pub-893b4a6a607b4221a894bf861da7914e.r2.dev/2674686452896226.mp4
carried-forward  1349796443951224 c0  → https://pub-893b4a6a607b4221a894bf861da7914e.r2.dev/1349796443951224.mp4
carried-forward  841180405485967 c0  → https://pub-893b4a6a607b4221a894bf861da7914e.r2.dev/841180405485967.mp4
carried-forward  2111776449762311 c0  → https://pub-893b4a6a607b4221a894bf861da7914e.r2.dev/2111776449762311.mp4
carried-forward  2453287415158391 c0  → https://pub-893b4a6a607b4221a894bf861da7914e.r2.dev/2453287415158391.mp4
carried-forward  2215664709231668 c0  → https://pub-893b4a6a607b4221a894bf861da7914e.r2.dev/2215664709231668.mp4
carried-forward  1952053775510855 c0  → https://pub-893b4a6a607b4221a894bf861da7914e.r2.dev/1952053775510855.mp4
carried-forward  938934152528073 c0  → https://pub-893b4a6a607b4221a894bf861da7914e.r2.dev/938934152528073.mp4
video-missing    938934152528073 c0  (expected file not found in facebook/videos/english-seekho-2026-06-26)
carried-forward  1052103567500135 c0  → https://pub-893b4a6a607b4221a894bf861da7914e.r2.dev/1052103567500135.mp4
carried-forward  1501154984318432 c0  → https://pub-893b4a6a607b4221a894bf861da7914e.r2.dev/1501154984318432.mp4
carried-forward  1896406691056779 c0  → https://pub-893b4a6a607b4221a894bf861da7914e.r2.dev/1896406691056779.mp4
carried-forward  988958730629564 c0  → https://pub-893b4a6a607b4221a894bf861da7914e.r2.dev/988958730629564.mp4
video-missing    988958730629564 c0  (expected file not found in facebook/videos/english-seekho-2026-06-26)
carried-forward  1481488779968384 c0  → https://pub-893b4a6a607b4221a894bf861da7914e.r2.dev/1481488779968384.mp4
video-missing    1481488779968384 c0  (expected file not found in facebook/videos/english-seekho-2026-06-26)
carried-forward  1045429161250936 c0  → https://pub-893b4a6a607b4221a894bf861da7914e.r2.dev/1045429161250936.mp4
carried-forward  1013834224460527 c0  → https://pub-893b4a6a607b4221a894bf861da7914e.r2.dev/1013834224460527.mp4
carried-forward  1277909244174863 c0  → https://pub-893b4a6a607b4221a894bf861da7914e.r2.dev/1277909244174863.mp4
video-missing    1277909244174863 c0  (expected file not found in facebook/videos/english-seekho-2026-06-26)
carried-forward  1580590853449315 c0  → https://pub-893b4a6a607b4221a894bf861da7914e.r2.dev/1580590853449315.mp4
carried-forward  27207851418873472 c0  → https://pub-893b4a6a607b4221a894bf861da7914e.r2.dev/27207851418873472.mp4
carried-forward  1034778562358924 c0  → https://pub-893b4a6a607b4221a894bf861da7914e.r2.dev/1034778562358924.mp4
carried-forward  27205126365846000 c0  → https://pub-893b4a6a607b4221a894bf861da7914e.r2.dev/27205126365846000.mp4
carried-forward  1716358092837891 c0  → https://pub-893b4a6a607b4221a894bf861da7914e.r2.dev/1716358092837891.mp4
carried-forward  1494898681753456 c0  → https://pub-893b4a6a607b4221a894bf861da7914e.r2.dev/1494898681753456.mp4
carried-forward  2896344007393670 c0  → https://pub-893b4a6a607b4221a894bf861da7914e.r2.dev/2896344007393670.mp4
carried-forward  1476645587385501 c0  → https://pub-893b4a6a607b4221a894bf861da7914e.r2.dev/1476645587385501.mp4
carried-forward  2854895638221000 c0  → https://pub-893b4a6a607b4221a894bf861da7914e.r2.dev/2854895638221000.mp4
carried-forward  1534868921436342 c0  → https://pub-893b4a6a607b4221a894bf861da7914e.r2.dev/1534868921436342.mp4
carried-forward  1244507290916309 c0  → https://pub-893b4a6a607b4221a894bf861da7914e.r2.dev/1244507290916309.mp4
carried-forward  4379825375635044 c0  → https://pub-893b4a6a607b4221a894bf861da7914e.r2.dev/4379825375635044.mp4
carried-forward  1798711957512384 c0  → https://pub-893b4a6a607b4221a894bf861da7914e.r2.dev/1798711957512384.mp4
carried-forward  1992773944712664 c0  → https://pub-893b4a6a607b4221a894bf861da7914e.r2.dev/1992773944712664.mp4
carried-forward  1217329830515440 c0  → https://pub-893b4a6a607b4221a894bf861da7914e.r2.dev/1217329830515440.mp4
carried-forward  1016711277501426 c0  → https://pub-893b4a6a607b4221a894bf861da7914e.r2.dev/1016711277501426.mp4
carried-forward  1705191137393534 c0  → https://pub-893b4a6a607b4221a894bf861da7914e.r2.dev/1705191137393534.mp4
carried-forward  869294805765618 c0  → https://pub-893b4a6a607b4221a894bf861da7914e.r2.dev/869294805765618.mp4
carried-forward  27355896097398956 c0  → https://pub-893b4a6a607b4221a894bf861da7914e.r2.dev/27355896097398956.mp4
video-missing    27355896097398956 c0  (expected file not found in facebook/videos/english-seekho-2026-06-26)
carried-forward  27432751813028621 c0  → https://pub-893b4a6a607b4221a894bf861da7914e.r2.dev/27432751813028621.mp4
carried-forward  2262866804533252 c0  → https://pub-893b4a6a607b4221a894bf861da7914e.r2.dev/2262866804533252.mp4
carried-forward  1210251577301882 c0  → https://pub-893b4a6a607b4221a894bf861da7914e.r2.dev/1210251577301882.mp4
carried-forward  1490585519049497 c0  → https://pub-893b4a6a607b4221a894bf861da7914e.r2.dev/1490585519049497.mp4
carried-forward  985758804456396 c0  → https://pub-893b4a6a607b4221a894bf861da7914e.r2.dev/985758804456396.mp4
video-missing    985758804456396 c0  (expected file not found in facebook/videos/english-seekho-2026-06-26)
carried-forward  858729813560508 c0  → https://pub-893b4a6a607b4221a894bf861da7914e.r2.dev/858729813560508.mp4
carried-forward  1559583142343308 c0  → https://pub-893b4a6a607b4221a894bf861da7914e.r2.dev/1559583142343308.mp4
carried-forward  1868096310508725 c0  → https://pub-893b4a6a607b4221a894bf861da7914e.r2.dev/1868096310508725.mp4
carried-forward  1116123194536720 c0  → https://pub-893b4a6a607b4221a894bf861da7914e.r2.dev/1116123194536720.mp4
carried-forward  974009038785366 c0  → https://pub-893b4a6a607b4221a894bf861da7914e.r2.dev/974009038785366.mp4
video-missing    974009038785366 c0  (expected file not found in facebook/videos/english-seekho-2026-06-26)
carried-forward  2176910723137201 c0  → https://pub-893b4a6a607b4221a894bf861da7914e.r2.dev/2176910723137201.mp4
carried-forward  1325511349705004 c0  → https://pub-893b4a6a607b4221a894bf861da7914e.r2.dev/1325511349705004.mp4
carried-forward  3045812932291006 c0  → https://pub-893b4a6a607b4221a894bf861da7914e.r2.dev/3045812932291006.mp4
carried-forward  1793226725174191 c0  → https://pub-893b4a6a607b4221a894bf861da7914e.r2.dev/1793226725174191.mp4
carried-forward  1683181803008249 c0  → https://pub-893b4a6a607b4221a894bf861da7914e.r2.dev/1683181803008249.mp4
carried-forward  769511858914323 c0  → https://pub-893b4a6a607b4221a894bf861da7914e.r2.dev/769511858914323.mp4
carried-forward  1630908624644899 c0  → https://pub-893b4a6a607b4221a894bf861da7914e.r2.dev/1630908624644899.mp4
carried-forward  2146045392918516 c0  → https://pub-893b4a6a607b4221a894bf861da7914e.r2.dev/2146045392918516.mp4
carried-forward  1419054459866080 c0  → https://pub-893b4a6a607b4221a894bf861da7914e.r2.dev/1419054459866080.mp4
carried-forward  1069510465399414 c0  → https://pub-893b4a6a607b4221a894bf861da7914e.r2.dev/1069510465399414.mp4
carried-forward  987755824176870 c0  → https://pub-893b4a6a607b4221a894bf861da7914e.r2.dev/987755824176870.mp4
carried-forward  1552152966609413 c0  → https://pub-893b4a6a607b4221a894bf861da7914e.r2.dev/1552152966609413.mp4
carried-forward  1905133330090659 c0  → https://pub-893b4a6a607b4221a894bf861da7914e.r2.dev/1905133330090659.mp4
carried-forward  775702548913493 c0  → https://pub-893b4a6a607b4221a894bf861da7914e.r2.dev/775702548913493.mp4
video-missing    775702548913493 c0  (expected file not found in facebook/videos/english-seekho-2026-06-26)
carried-forward  1495102955143773 c0  → https://pub-893b4a6a607b4221a894bf861da7914e.r2.dev/1495102955143773.mp4
carried-forward  992760670237361 c0  → https://pub-893b4a6a607b4221a894bf861da7914e.r2.dev/992760670237361.mp4
carried-forward  2250084872471619 c0  → https://pub-893b4a6a607b4221a894bf861da7914e.r2.dev/2250084872471619.mp4
video-missing    2250084872471619 c0  (expected file not found in facebook/videos/english-seekho-2026-06-26)
carried-forward  1533269784842368 c0  → https://pub-893b4a6a607b4221a894bf861da7914e.r2.dev/1533269784842368.mp4
carried-forward  2064119427649231 c0  → https://pub-893b4a6a607b4221a894bf861da7914e.r2.dev/2064119427649231.mp4
carried-forward  1543637377245741 c0  → https://pub-893b4a6a607b4221a894bf861da7914e.r2.dev/1543637377245741.mp4
carried-forward  2221524828688599 c0  → https://pub-893b4a6a607b4221a894bf861da7914e.r2.dev/2221524828688599.mp4
carried-forward  1035936529387284 c0  → https://pub-893b4a6a607b4221a894bf861da7914e.r2.dev/1035936529387284.mp4
carried-forward  1665768624725922 c0  → https://pub-893b4a6a607b4221a894bf861da7914e.r2.dev/1665768624725922.mp4
carried-forward  1251191153618197 c0  → https://pub-893b4a6a607b4221a894bf861da7914e.r2.dev/1251191153618197.mp4
carried-forward  1260469682675863 c0  → https://pub-893b4a6a607b4221a894bf861da7914e.r2.dev/1260469682675863.mp4
carried-forward  1344819281163677 c0  → https://pub-893b4a6a607b4221a894bf861da7914e.r2.dev/1344819281163677.mp4
carried-forward  1942353893065605 c0  → https://pub-893b4a6a607b4221a894bf861da7914e.r2.dev/1942353893065605.mp4
carried-forward  1340184930843488 c0  → https://pub-893b4a6a607b4221a894bf861da7914e.r2.dev/1340184930843488.mp4
carried-forward  949995208067383 c0  → https://pub-893b4a6a607b4221a894bf861da7914e.r2.dev/949995208067383.mp4
carried-forward  1641629937137441 c0  → https://pub-893b4a6a607b4221a894bf861da7914e.r2.dev/1641629937137441.mp4
carried-forward  1021956876954897 c0  → https://pub-893b4a6a607b4221a894bf861da7914e.r2.dev/1021956876954897.mp4
carried-forward  2015119902365104 c0  → https://pub-893b4a6a607b4221a894bf861da7914e.r2.dev/2015119902365104.mp4
carried-forward  1574064871174983 c0  → https://pub-893b4a6a607b4221a894bf861da7914e.r2.dev/1574064871174983.mp4
carried-forward  2834404380253959 c0  → https://pub-893b4a6a607b4221a894bf861da7914e.r2.dev/2834404380253959.mp4
carried-forward  992003716779713 c0  → https://pub-893b4a6a607b4221a894bf861da7914e.r2.dev/992003716779713.mp4
carried-forward  1805631653741929 c0  → https://pub-893b4a6a607b4221a894bf861da7914e.r2.dev/1805631653741929.mp4
carried-forward  1902357910427989 c0  → https://pub-893b4a6a607b4221a894bf861da7914e.r2.dev/1902357910427989.mp4
carried-forward  910970308706304 c0  → https://pub-893b4a6a607b4221a894bf861da7914e.r2.dev/910970308706304.mp4
carried-forward  1502392968556177 c0  → https://pub-893b4a6a607b4221a894bf861da7914e.r2.dev/1502392968556177.mp4
carried-forward  999462886323027 c0  → https://pub-893b4a6a607b4221a894bf861da7914e.r2.dev/999462886323027.mp4
carried-forward  2481474042340232 c0  → https://pub-893b4a6a607b4221a894bf861da7914e.r2.dev/2481474042340232.mp4
carried-forward  27422826400699733 c0  → https://pub-893b4a6a607b4221a894bf861da7914e.r2.dev/27422826400699733.mp4
carried-forward  1952634185456619 c0  → https://pub-893b4a6a607b4221a894bf861da7914e.r2.dev/1952634185456619.mp4
video-missing    1952634185456619 c0  (expected file not found in facebook/videos/english-seekho-2026-06-26)
carried-forward  1596067035279908 c0  → https://pub-893b4a6a607b4221a894bf861da7914e.r2.dev/1596067035279908.mp4
carried-forward  608640915677208 c0  → https://pub-893b4a6a607b4221a894bf861da7914e.r2.dev/608640915677208.mp4
carried-forward  868894045834718 c0  → https://pub-893b4a6a607b4221a894bf861da7914e.r2.dev/868894045834718.mp4
carried-forward  1030481159453297 c0  → https://pub-893b4a6a607b4221a894bf861da7914e.r2.dev/1030481159453297.mp4
carried-forward  3407134212798672 c0  → https://pub-893b4a6a607b4221a894bf861da7914e.r2.dev/3407134212798672.mp4
carried-forward  1229348518532340 c0  → https://pub-893b4a6a607b4221a894bf861da7914e.r2.dev/1229348518532340.mp4
carried-forward  1054948106795031 c0  → https://pub-893b4a6a607b4221a894bf861da7914e.r2.dev/1054948106795031.mp4
carried-forward  25537890735891271 c0  → https://pub-893b4a6a607b4221a894bf861da7914e.r2.dev/25537890735891271.mp4
carried-forward  1424455663045423 c0  → https://pub-893b4a6a607b4221a894bf861da7914e.r2.dev/1424455663045423.mp4
carried-forward  1776427543722557 c0  → https://pub-893b4a6a607b4221a894bf861da7914e.r2.dev/1776427543722557.mp4
carried-forward  1008648735466064 c0  → https://pub-893b4a6a607b4221a894bf861da7914e.r2.dev/1008648735466064.mp4
carried-forward  1677697000184178 c0  → https://pub-893b4a6a607b4221a894bf861da7914e.r2.dev/1677697000184178.mp4
carried-forward  2221059061975452 c0  → https://pub-893b4a6a607b4221a894bf861da7914e.r2.dev/2221059061975452.mp4
carried-forward  1621125992313271 c0  → https://pub-893b4a6a607b4221a894bf861da7914e.r2.dev/1621125992313271.mp4
carried-forward  1033037325739194 c0  → https://pub-893b4a6a607b4221a894bf861da7914e.r2.dev/1033037325739194.mp4
carried-forward  1695096548492240 c0  → https://pub-893b4a6a607b4221a894bf861da7914e.r2.dev/1695096548492240.mp4
carried-forward  968777632805938 c0  → https://pub-893b4a6a607b4221a894bf861da7914e.r2.dev/968777632805938.mp4
carried-forward  1522254569489888 c0  → https://pub-893b4a6a607b4221a894bf861da7914e.r2.dev/1522254569489888.mp4
carried-forward  1363129315738895 c0  → https://pub-893b4a6a607b4221a894bf861da7914e.r2.dev/1363129315738895.mp4
carried-forward  1242610717842026 c0  → https://pub-893b4a6a607b4221a894bf861da7914e.r2.dev/1242610717842026.mp4
carried-forward  885717154582707 c0  → https://pub-893b4a6a607b4221a894bf861da7914e.r2.dev/885717154582707.mp4
carried-forward  1224227439081919 c0  → https://pub-893b4a6a607b4221a894bf861da7914e.r2.dev/1224227439081919.mp4
carried-forward  1270883268453201 c0  → https://pub-893b4a6a607b4221a894bf861da7914e.r2.dev/1270883268453201.mp4
carried-forward  1328088512770369 c0  → https://pub-893b4a6a607b4221a894bf861da7914e.r2.dev/1328088512770369.mp4
carried-forward  890589943792591 c0  → https://pub-893b4a6a607b4221a894bf861da7914e.r2.dev/890589943792591.mp4
carried-forward  1558673602713164 c0  → https://pub-893b4a6a607b4221a894bf861da7914e.r2.dev/1558673602713164.mp4
carried-forward  1363806278945070 c0  → https://pub-893b4a6a607b4221a894bf861da7914e.r2.dev/1363806278945070.mp4
carried-forward  1872538386776161 c0  → https://pub-893b4a6a607b4221a894bf861da7914e.r2.dev/1872538386776161.mp4
carried-forward  1044245161282404 c0  → https://pub-893b4a6a607b4221a894bf861da7914e.r2.dev/1044245161282404.mp4
video-missing    1044245161282404 c0  (expected file not found in facebook/videos/english-seekho-2026-06-26)
carried-forward  4404859313114775 c0  → https://pub-893b4a6a607b4221a894bf861da7914e.r2.dev/4404859313114775.mp4
video-missing    4404859313114775 c0  (expected file not found in facebook/videos/english-seekho-2026-06-26)
carried-forward  840752642285554 c0  → https://pub-893b4a6a607b4221a894bf861da7914e.r2.dev/840752642285554.mp4
carried-forward  1559841751931772 c0  → https://pub-893b4a6a607b4221a894bf861da7914e.r2.dev/1559841751931772.mp4
carried-forward  1319365866496780 c0  → https://pub-893b4a6a607b4221a894bf861da7914e.r2.dev/1319365866496780.mp4
carried-forward  1382926783724817 c0  → https://pub-893b4a6a607b4221a894bf861da7914e.r2.dev/1382926783724817.mp4
carried-forward  2227939014639570 c0  → https://pub-893b4a6a607b4221a894bf861da7914e.r2.dev/2227939014639570.mp4
carried-forward  1017942337291277 c0  → https://pub-893b4a6a607b4221a894bf861da7914e.r2.dev/1017942337291277.mp4
carried-forward  1329247255983759 c0  → https://pub-893b4a6a607b4221a894bf861da7914e.r2.dev/1329247255983759.mp4
carried-forward  27407263028935075 c0  → https://pub-893b4a6a607b4221a894bf861da7914e.r2.dev/27407263028935075.mp4
carried-forward  1582915460213186 c0  → https://pub-893b4a6a607b4221a894bf861da7914e.r2.dev/1582915460213186.mp4
carried-forward  27555619824065988 c0  → https://pub-893b4a6a607b4221a894bf861da7914e.r2.dev/27555619824065988.mp4
carried-forward  1681501689825622 c0  → https://pub-893b4a6a607b4221a894bf861da7914e.r2.dev/1681501689825622.mp4
carried-forward  2147783045797943 c0  → https://pub-893b4a6a607b4221a894bf861da7914e.r2.dev/2147783045797943.mp4
carried-forward  1515946419741663 c0  → https://pub-893b4a6a607b4221a894bf861da7914e.r2.dev/1515946419741663.mp4
carried-forward  1119136263772404 c0  → https://pub-893b4a6a607b4221a894bf861da7914e.r2.dev/1119136263772404.mp4
carried-forward  1656086448980332 c0  → https://pub-893b4a6a607b4221a894bf861da7914e.r2.dev/1656086448980332.mp4
carried-forward  1008205348470296 c0  → https://pub-893b4a6a607b4221a894bf861da7914e.r2.dev/1008205348470296.mp4
carried-forward  1686169769262124 c0  → https://pub-893b4a6a607b4221a894bf861da7914e.r2.dev/1686169769262124.mp4
video-missing    1686169769262124 c0  (expected file not found in facebook/videos/english-seekho-2026-06-26)
carried-forward  874940122070171 c0  → https://pub-893b4a6a607b4221a894bf861da7914e.r2.dev/874940122070171.mp4
carried-forward  1020398320972649 c0  → https://pub-893b4a6a607b4221a894bf861da7914e.r2.dev/1020398320972649.mp4
carried-forward  2491978981265778 c0  → https://pub-893b4a6a607b4221a894bf861da7914e.r2.dev/2491978981265778.mp4
video-missing    2491978981265778 c0  (expected file not found in facebook/videos/english-seekho-2026-06-26)
carried-forward  2069551497104811 c0  → https://pub-893b4a6a607b4221a894bf861da7914e.r2.dev/2069551497104811.mp4
carried-forward  1004127515746308 c0  → https://pub-893b4a6a607b4221a894bf861da7914e.r2.dev/1004127515746308.mp4
carried-forward  989043553899179 c0  → https://pub-893b4a6a607b4221a894bf861da7914e.r2.dev/989043553899179.mp4
carried-forward  1447447370425241 c0  → https://pub-893b4a6a607b4221a894bf861da7914e.r2.dev/1447447370425241.mp4
carried-forward  1509527853448376 c0  → https://pub-893b4a6a607b4221a894bf861da7914e.r2.dev/1509527853448376.mp4
carried-forward  1566236988412994 c0  → https://pub-893b4a6a607b4221a894bf861da7914e.r2.dev/1566236988412994.mp4
carried-forward  1699280597967250 c0  → https://pub-893b4a6a607b4221a894bf861da7914e.r2.dev/1699280597967250.mp4
carried-forward  989196977257706 c0  → https://pub-893b4a6a607b4221a894bf861da7914e.r2.dev/989196977257706.mp4
carried-forward  2591967137926271 c0  → https://pub-893b4a6a607b4221a894bf861da7914e.r2.dev/2591967137926271.mp4
carried-forward  1553426336423539 c0  → https://pub-893b4a6a607b4221a894bf861da7914e.r2.dev/1553426336423539.mp4
carried-forward  4436947229852158 c0  → https://pub-893b4a6a607b4221a894bf861da7914e.r2.dev/4436947229852158.mp4
carried-forward  26372603382322992 c0  → https://pub-893b4a6a607b4221a894bf861da7914e.r2.dev/26372603382322992.mp4
carried-forward  1550767846941355 c0  → https://pub-893b4a6a607b4221a894bf861da7914e.r2.dev/1550767846941355.mp4
carried-forward  993269620169290 c0  → https://pub-893b4a6a607b4221a894bf861da7914e.r2.dev/993269620169290.mp4
carried-forward  1732801257845456 c0  → https://pub-893b4a6a607b4221a894bf861da7914e.r2.dev/1732801257845456.mp4
carried-forward  1753847069392505 c0  → https://pub-893b4a6a607b4221a894bf861da7914e.r2.dev/1753847069392505.mp4
carried-forward  997472599592105 c0  → https://pub-893b4a6a607b4221a894bf861da7914e.r2.dev/997472599592105.mp4
carried-forward  3098588263866064 c0  → https://pub-893b4a6a607b4221a894bf861da7914e.r2.dev/3098588263866064.mp4
carried-forward  1332097468519640 c0  → https://pub-893b4a6a607b4221a894bf861da7914e.r2.dev/1332097468519640.mp4
carried-forward  5195950473963815 c0  → https://pub-893b4a6a607b4221a894bf861da7914e.r2.dev/5195950473963815.mp4
carried-forward  1333585298955815 c0  → https://pub-893b4a6a607b4221a894bf861da7914e.r2.dev/1333585298955815.mp4
carried-forward  2169990790424508 c0  → https://pub-893b4a6a607b4221a894bf861da7914e.r2.dev/2169990790424508.mp4
video-missing    2169990790424508 c0  (expected file not found in facebook/videos/english-seekho-2026-06-26)
carried-forward  1548158910275403 c0  → https://pub-893b4a6a607b4221a894bf861da7914e.r2.dev/1548158910275403.mp4
carried-forward  980161078224519 c0  → https://pub-893b4a6a607b4221a894bf861da7914e.r2.dev/980161078224519.mp4
carried-forward  1058989673456910 c0  → https://pub-893b4a6a607b4221a894bf861da7914e.r2.dev/1058989673456910.mp4
carried-forward  1706197273920385 c0  → https://pub-893b4a6a607b4221a894bf861da7914e.r2.dev/1706197273920385.mp4
carried-forward  1945996112929486 c0  → https://pub-893b4a6a607b4221a894bf861da7914e.r2.dev/1945996112929486.mp4
carried-forward  1745270143309710 c0  → https://pub-893b4a6a607b4221a894bf861da7914e.r2.dev/1745270143309710.mp4
carried-forward  1698169721469014 c0  → https://pub-893b4a6a607b4221a894bf861da7914e.r2.dev/1698169721469014.mp4
carried-forward  1990616828235436 c0  → https://pub-893b4a6a607b4221a894bf861da7914e.r2.dev/1990616828235436.mp4
carried-forward  1014766887620545 c0  → https://pub-893b4a6a607b4221a894bf861da7914e.r2.dev/1014766887620545.mp4
carried-forward  983818354547545 c0  → https://pub-893b4a6a607b4221a894bf861da7914e.r2.dev/983818354547545.mp4
carried-forward  1561629282244743 c0  → https://pub-893b4a6a607b4221a894bf861da7914e.r2.dev/1561629282244743.mp4
carried-forward  1433143288576522 c0  → https://pub-893b4a6a607b4221a894bf861da7914e.r2.dev/1433143288576522.mp4
carried-forward  1208089104736468 c0  → https://pub-893b4a6a607b4221a894bf861da7914e.r2.dev/1208089104736468.mp4
carried-forward  1467551115125932 c0  → https://pub-893b4a6a607b4221a894bf861da7914e.r2.dev/1467551115125932.mp4
video-missing    1467551115125932 c0  (expected file not found in facebook/videos/english-seekho-2026-06-26)
carried-forward  1379767887344638 c0  → https://pub-893b4a6a607b4221a894bf861da7914e.r2.dev/1379767887344638.mp4
carried-forward  1550695633350676 c0  → https://pub-893b4a6a607b4221a894bf861da7914e.r2.dev/1550695633350676.mp4
carried-forward  1044908534625978 c0  → https://pub-893b4a6a607b4221a894bf861da7914e.r2.dev/1044908534625978.mp4
carried-forward  1562420405249025 c0  → https://pub-893b4a6a607b4221a894bf861da7914e.r2.dev/1562420405249025.mp4
carried-forward  4395085614099165 c0  → https://pub-893b4a6a607b4221a894bf861da7914e.r2.dev/4395085614099165.mp4
video-missing    4395085614099165 c0  (expected file not found in facebook/videos/english-seekho-2026-06-26)
carried-forward  2459989331133158 c0  → https://pub-893b4a6a607b4221a894bf861da7914e.r2.dev/2459989331133158.mp4
video-missing    2459989331133158 c0  (expected file not found in facebook/videos/english-seekho-2026-06-26)
carried-forward  1688447862243837 c0  → https://pub-893b4a6a607b4221a894bf861da7914e.r2.dev/1688447862243837.mp4
video-missing    1688447862243837 c0  (expected file not found in facebook/videos/english-seekho-2026-06-26)
carried-forward  1368590465119581 c0  → https://pub-893b4a6a607b4221a894bf861da7914e.r2.dev/1368590465119581.mp4
carried-forward  1643770476925443 c0  → https://pub-893b4a6a607b4221a894bf861da7914e.r2.dev/1643770476925443.mp4
carried-forward  3030759767113624 c0  → https://pub-893b4a6a607b4221a894bf861da7914e.r2.dev/3030759767113624.mp4
carried-forward  1517554036505986 c0  → https://pub-893b4a6a607b4221a894bf861da7914e.r2.dev/1517554036505986.mp4
carried-forward  1427103212256894 c0  → https://pub-893b4a6a607b4221a894bf861da7914e.r2.dev/1427103212256894.mp4
carried-forward  2058312818403465 c0  → https://pub-893b4a6a607b4221a894bf861da7914e.r2.dev/2058312818403465.mp4
carried-forward  4028801277424057 c0  → https://pub-893b4a6a607b4221a894bf861da7914e.r2.dev/4028801277424057.mp4
carried-forward  1021781447215299 c0  → https://pub-893b4a6a607b4221a894bf861da7914e.r2.dev/1021781447215299.mp4
carried-forward  1578897467244377 c0  → https://pub-893b4a6a607b4221a894bf861da7914e.r2.dev/1578897467244377.mp4
carried-forward  1009368268142899 c0  → https://pub-893b4a6a607b4221a894bf861da7914e.r2.dev/1009368268142899.mp4
carried-forward  988161937540286 c0  → https://pub-893b4a6a607b4221a894bf861da7914e.r2.dev/988161937540286.mp4
carried-forward  1327079042275821 c0  → https://pub-893b4a6a607b4221a894bf861da7914e.r2.dev/1327079042275821.mp4
carried-forward  1021051900335139 c0  → https://pub-893b4a6a607b4221a894bf861da7914e.r2.dev/1021051900335139.mp4
carried-forward  860252803820059 c0  → https://pub-893b4a6a607b4221a894bf861da7914e.r2.dev/860252803820059.mp4
carried-forward  4982615451950571 c0  → https://pub-893b4a6a607b4221a894bf861da7914e.r2.dev/4982615451950571.mp4
carried-forward  1726070268386502 c0  → https://pub-893b4a6a607b4221a894bf861da7914e.r2.dev/1726070268386502.mp4
carried-forward  879461981287260 c0  → https://pub-893b4a6a607b4221a894bf861da7914e.r2.dev/879461981287260.mp4
carried-forward  2253030498553449 c0  → https://pub-893b4a6a607b4221a894bf861da7914e.r2.dev/2253030498553449.mp4
carried-forward  2230567081111195 c0  → https://pub-893b4a6a607b4221a894bf861da7914e.r2.dev/2230567081111195.mp4
carried-forward  869204186258411 c0  → https://pub-893b4a6a607b4221a894bf861da7914e.r2.dev/869204186258411.mp4
carried-forward  1370316518351776 c0  → https://pub-893b4a6a607b4221a894bf861da7914e.r2.dev/1370316518351776.mp4
carried-forward  1714456046374420 c0  → https://pub-893b4a6a607b4221a894bf861da7914e.r2.dev/1714456046374420.mp4
carried-forward  1501968230952976 c0  → https://pub-893b4a6a607b4221a894bf861da7914e.r2.dev/1501968230952976.mp4
carried-forward  991962493442794 c0  → https://pub-893b4a6a607b4221a894bf861da7914e.r2.dev/991962493442794.mp4
video-missing    991962493442794 c0  (expected file not found in facebook/videos/english-seekho-2026-06-26)
carried-forward  1050462637493314 c0  → https://pub-893b4a6a607b4221a894bf861da7914e.r2.dev/1050462637493314.mp4
carried-forward  1014900067589638 c0  → https://pub-893b4a6a607b4221a894bf861da7914e.r2.dev/1014900067589638.mp4
carried-forward  1558750499203337 c0  → https://pub-893b4a6a607b4221a894bf861da7914e.r2.dev/1558750499203337.mp4
video-missing    1558750499203337 c0  (expected file not found in facebook/videos/english-seekho-2026-06-26)
video-missing    1558750499203337 c0  (expected file not found in facebook/videos/english-seekho-2026-06-26)
carried-forward  1004923642450093 c0  → https://pub-893b4a6a607b4221a894bf861da7914e.r2.dev/1004923642450093.mp4
carried-forward  1235005135279364 c0  → https://pub-893b4a6a607b4221a894bf861da7914e.r2.dev/1235005135279364.mp4
carried-forward  989974220692229 c0  → https://pub-893b4a6a607b4221a894bf861da7914e.r2.dev/989974220692229.mp4
video-missing    989974220692229 c0  (expected file not found in facebook/videos/english-seekho-2026-06-26)
carried-forward  989866650327478 c0  → https://pub-893b4a6a607b4221a894bf861da7914e.r2.dev/989866650327478.mp4
carried-forward  1373903987920898 c0  → https://pub-893b4a6a607b4221a894bf861da7914e.r2.dev/1373903987920898.mp4
carried-forward  1725067598623459 c0  → https://pub-893b4a6a607b4221a894bf861da7914e.r2.dev/1725067598623459.mp4
carried-forward  888335133660166 c0  → https://pub-893b4a6a607b4221a894bf861da7914e.r2.dev/888335133660166.mp4
carried-forward  2086474589415548 c0  → https://pub-893b4a6a607b4221a894bf861da7914e.r2.dev/2086474589415548.mp4
carried-forward  1873195333560021 c0  → https://pub-893b4a6a607b4221a894bf861da7914e.r2.dev/1873195333560021.mp4
carried-forward  1714300106270908 c0  → https://pub-893b4a6a607b4221a894bf861da7914e.r2.dev/1714300106270908.mp4
carried-forward  2306352906781920 c0  → https://pub-893b4a6a607b4221a894bf861da7914e.r2.dev/2306352906781920.mp4
carried-forward  1666152167999287 c0  → https://pub-893b4a6a607b4221a894bf861da7914e.r2.dev/1666152167999287.mp4
carried-forward  1320370950284865 c0  → https://pub-893b4a6a607b4221a894bf861da7914e.r2.dev/1320370950284865.mp4
carried-forward  2037768870280868 c0  → https://pub-893b4a6a607b4221a894bf861da7914e.r2.dev/2037768870280868.mp4
carried-forward  1353115583451603 c0  → https://pub-893b4a6a607b4221a894bf861da7914e.r2.dev/1353115583451603.mp4
carried-forward  1745078976494370 c0  → https://pub-893b4a6a607b4221a894bf861da7914e.r2.dev/1745078976494370.mp4
carried-forward  861154453569534 c0  → https://pub-893b4a6a607b4221a894bf861da7914e.r2.dev/861154453569534.mp4
carried-forward  1512701410299971 c0  → https://pub-893b4a6a607b4221a894bf861da7914e.r2.dev/1512701410299971.mp4
carried-forward  890964710704617 c0  → https://pub-893b4a6a607b4221a894bf861da7914e.r2.dev/890964710704617.mp4
video-missing    890964710704617 c0  (expected file not found in facebook/videos/english-seekho-2026-06-26)
carried-forward  1499543331319094 c0  → https://pub-893b4a6a607b4221a894bf861da7914e.r2.dev/1499543331319094.mp4
carried-forward  1859291145047756 c0  → https://pub-893b4a6a607b4221a894bf861da7914e.r2.dev/1859291145047756.mp4
carried-forward  1566419131498516 c0  → https://pub-893b4a6a607b4221a894bf861da7914e.r2.dev/1566419131498516.mp4
carried-forward  1001705955900470 c0  → https://pub-893b4a6a607b4221a894bf861da7914e.r2.dev/1001705955900470.mp4
carried-forward  2075542136506734 c0  → https://pub-893b4a6a607b4221a894bf861da7914e.r2.dev/2075542136506734.mp4
carried-forward  880448181191776 c0  → https://pub-893b4a6a607b4221a894bf861da7914e.r2.dev/880448181191776.mp4
carried-forward  1010613921700679 c0  → https://pub-893b4a6a607b4221a894bf861da7914e.r2.dev/1010613921700679.mp4
carried-forward  1483119543131211 c0  → https://pub-893b4a6a607b4221a894bf861da7914e.r2.dev/1483119543131211.mp4
carried-forward  27175529162139877 c0  → https://pub-893b4a6a607b4221a894bf861da7914e.r2.dev/27175529162139877.mp4
carried-forward  902496572123981 c0  → https://pub-893b4a6a607b4221a894bf861da7914e.r2.dev/902496572123981.mp4
carried-forward  2833096413706836 c0  → https://pub-893b4a6a607b4221a894bf861da7914e.r2.dev/2833096413706836.mp4
carried-forward  1015345331246570 c0  → https://pub-893b4a6a607b4221a894bf861da7914e.r2.dev/1015345331246570.mp4
carried-forward  875247275637810 c0  → https://pub-893b4a6a607b4221a894bf861da7914e.r2.dev/875247275637810.mp4
carried-forward  28740456275544709 c0  → https://pub-893b4a6a607b4221a894bf861da7914e.r2.dev/28740456275544709.mp4
carried-forward  1018511234269314 c0  → https://pub-893b4a6a607b4221a894bf861da7914e.r2.dev/1018511234269314.mp4
carried-forward  1612724600451077 c0  → https://pub-893b4a6a607b4221a894bf861da7914e.r2.dev/1612724600451077.mp4
carried-forward  1531791441875816 c0  → https://pub-893b4a6a607b4221a894bf861da7914e.r2.dev/1531791441875816.mp4
carried-forward  990590060257495 c0  → https://pub-893b4a6a607b4221a894bf861da7914e.r2.dev/990590060257495.mp4
carried-forward  2209878306413733 c0  → https://pub-893b4a6a607b4221a894bf861da7914e.r2.dev/2209878306413733.mp4
video-missing    2209878306413733 c0  (expected file not found in facebook/videos/english-seekho-2026-06-26)
carried-forward  1539215730978455 c0  → https://pub-893b4a6a607b4221a894bf861da7914e.r2.dev/1539215730978455.mp4
carried-forward  1302125191954780 c0  → https://pub-893b4a6a607b4221a894bf861da7914e.r2.dev/1302125191954780.mp4
carried-forward  3805916236217765 c0  → https://pub-893b4a6a607b4221a894bf861da7914e.r2.dev/3805916236217765.mp4
carried-forward  1561102669063516 c0  → https://pub-893b4a6a607b4221a894bf861da7914e.r2.dev/1561102669063516.mp4
carried-forward  1344151504308820 c0  → https://pub-893b4a6a607b4221a894bf861da7914e.r2.dev/1344151504308820.mp4
carried-forward  1430826552137036 c0  → https://pub-893b4a6a607b4221a894bf861da7914e.r2.dev/1430826552137036.mp4
carried-forward  1735080201280338 c0  → https://pub-893b4a6a607b4221a894bf861da7914e.r2.dev/1735080201280338.mp4
carried-forward  1340359514726112 c0  → https://pub-893b4a6a607b4221a894bf861da7914e.r2.dev/1340359514726112.mp4
carried-forward  2299324837553512 c0  → https://pub-893b4a6a607b4221a894bf861da7914e.r2.dev/2299324837553512.mp4
carried-forward  1331978341738560 c0  → https://pub-893b4a6a607b4221a894bf861da7914e.r2.dev/1331978341738560.mp4
carried-forward  1504170984537704 c0  → https://pub-893b4a6a607b4221a894bf861da7914e.r2.dev/1504170984537704.mp4
carried-forward  1649522149672468 c0  → https://pub-893b4a6a607b4221a894bf861da7914e.r2.dev/1649522149672468.mp4
carried-forward  988240170661321 c0  → https://pub-893b4a6a607b4221a894bf861da7914e.r2.dev/988240170661321.mp4
carried-forward  2592288627840397 c0  → https://pub-893b4a6a607b4221a894bf861da7914e.r2.dev/2592288627840397.mp4
carried-forward  805915929154160 c0  → https://pub-893b4a6a607b4221a894bf861da7914e.r2.dev/805915929154160.mp4
carried-forward  2187311122058750 c0  → https://pub-893b4a6a607b4221a894bf861da7914e.r2.dev/2187311122058750.mp4
carried-forward  1210535425470177 c0  → https://pub-893b4a6a607b4221a894bf861da7914e.r2.dev/1210535425470177.mp4
carried-forward  1802374050727050 c0  → https://pub-893b4a6a607b4221a894bf861da7914e.r2.dev/1802374050727050.mp4
carried-forward  1057833703249477 c0  → https://pub-893b4a6a607b4221a894bf861da7914e.r2.dev/1057833703249477.mp4
video-missing    1057833703249477 c0  (expected file not found in facebook/videos/english-seekho-2026-06-26)
video-missing    1057833703249477 c0  (expected file not found in facebook/videos/english-seekho-2026-06-26)
carried-forward  977068448269941 c0  → https://pub-893b4a6a607b4221a894bf861da7914e.r2.dev/977068448269941.mp4
carried-forward  2257983795014666 c0  → https://pub-893b4a6a607b4221a894bf861da7914e.r2.dev/2257983795014666.mp4
carried-forward  1491590802118530 c0  → https://pub-893b4a6a607b4221a894bf861da7914e.r2.dev/1491590802118530.mp4
carried-forward  1432601425298442 c0  → https://pub-893b4a6a607b4221a894bf861da7914e.r2.dev/1432601425298442.mp4
carried-forward  1181452441719053 c0  → https://pub-893b4a6a607b4221a894bf861da7914e.r2.dev/1181452441719053.mp4
carried-forward  1003880022623611 c0  → https://pub-893b4a6a607b4221a894bf861da7914e.r2.dev/1003880022623611.mp4
carried-forward  1021299320653057 c0  → https://pub-893b4a6a607b4221a894bf861da7914e.r2.dev/1021299320653057.mp4
carried-forward  3887006608101122 c0  → https://pub-893b4a6a607b4221a894bf861da7914e.r2.dev/3887006608101122.mp4
carried-forward  2394180130993110 c0  → https://pub-893b4a6a607b4221a894bf861da7914e.r2.dev/2394180130993110.mp4
carried-forward  2650304785426426 c0  → https://pub-893b4a6a607b4221a894bf861da7914e.r2.dev/2650304785426426.mp4
carried-forward  1111579925381064 c0  → https://pub-893b4a6a607b4221a894bf861da7914e.r2.dev/1111579925381064.mp4
carried-forward  1860251558268020 c0  → https://pub-893b4a6a607b4221a894bf861da7914e.r2.dev/1860251558268020.mp4
carried-forward  3470262133120764 c0  → https://pub-893b4a6a607b4221a894bf861da7914e.r2.dev/3470262133120764.mp4
carried-forward  1547745166862663 c0  → https://pub-893b4a6a607b4221a894bf861da7914e.r2.dev/1547745166862663.mp4
carried-forward  1029412962948129 c0  → https://pub-893b4a6a607b4221a894bf861da7914e.r2.dev/1029412962948129.mp4
carried-forward  2133403870549871 c0  → https://pub-893b4a6a607b4221a894bf861da7914e.r2.dev/2133403870549871.mp4
carried-forward  1031821289502647 c0  → https://pub-893b4a6a607b4221a894bf861da7914e.r2.dev/1031821289502647.mp4
carried-forward  3907456816051144 c0  → https://pub-893b4a6a607b4221a894bf861da7914e.r2.dev/3907456816051144.mp4
carried-forward  1021637166903688 c0  → https://pub-893b4a6a607b4221a894bf861da7914e.r2.dev/1021637166903688.mp4
carried-forward  1293551286094512 c0  → https://pub-893b4a6a607b4221a894bf861da7914e.r2.dev/1293551286094512.mp4
carried-forward  4419361311611834 c0  → https://pub-893b4a6a607b4221a894bf861da7914e.r2.dev/4419361311611834.mp4
carried-forward  1943605213005896 c0  → https://pub-893b4a6a607b4221a894bf861da7914e.r2.dev/1943605213005896.mp4
carried-forward  2319241231943171 c0  → https://pub-893b4a6a607b4221a894bf861da7914e.r2.dev/2319241231943171.mp4
carried-forward  1754687252206659 c0  → https://pub-893b4a6a607b4221a894bf861da7914e.r2.dev/1754687252206659.mp4
video-missing    1754687252206659 c0  (expected file not found in facebook/videos/english-seekho-2026-06-26)
carried-forward  1378445657484836 c0  → https://pub-893b4a6a607b4221a894bf861da7914e.r2.dev/1378445657484836.mp4
carried-forward  1781211133045778 c0  → https://pub-893b4a6a607b4221a894bf861da7914e.r2.dev/1781211133045778.mp4
carried-forward  3607823459368677 c0  → https://pub-893b4a6a607b4221a894bf861da7914e.r2.dev/3607823459368677.mp4
carried-forward  1717353739307487 c0  → https://pub-893b4a6a607b4221a894bf861da7914e.r2.dev/1717353739307487.mp4
carried-forward  1848795909431602 c0  → https://pub-893b4a6a607b4221a894bf861da7914e.r2.dev/1848795909431602.mp4
carried-forward  1314891207516757 c0  → https://pub-893b4a6a607b4221a894bf861da7914e.r2.dev/1314891207516757.mp4
video-missing    1314891207516757 c0  (expected file not found in facebook/videos/english-seekho-2026-06-26)
carried-forward  1915623526004087 c0  → https://pub-893b4a6a607b4221a894bf861da7914e.r2.dev/1915623526004087.mp4
carried-forward  2207005887362893 c0  → https://pub-893b4a6a607b4221a894bf861da7914e.r2.dev/2207005887362893.mp4
carried-forward  1327008125654508 c0  → https://pub-893b4a6a607b4221a894bf861da7914e.r2.dev/1327008125654508.mp4
carried-forward  1371816351472059 c0  → https://pub-893b4a6a607b4221a894bf861da7914e.r2.dev/1371816351472059.mp4
carried-forward  1561928775318709 c0  → https://pub-893b4a6a607b4221a894bf861da7914e.r2.dev/1561928775318709.mp4
carried-forward  4593334350903175 c0  → https://pub-893b4a6a607b4221a894bf861da7914e.r2.dev/4593334350903175.mp4
carried-forward  975268145345971 c0  → https://pub-893b4a6a607b4221a894bf861da7914e.r2.dev/975268145345971.mp4
carried-forward  2115994966463969 c0  → https://pub-893b4a6a607b4221a894bf861da7914e.r2.dev/2115994966463969.mp4
carried-forward  1745554799947259 c0  → https://pub-893b4a6a607b4221a894bf861da7914e.r2.dev/1745554799947259.mp4
carried-forward  1440194517913945 c0  → https://pub-893b4a6a607b4221a894bf861da7914e.r2.dev/1440194517913945.mp4
carried-forward  2498152363990605 c0  → https://pub-893b4a6a607b4221a894bf861da7914e.r2.dev/2498152363990605.mp4
carried-forward  1027893896488146 c0  → https://pub-893b4a6a607b4221a894bf861da7914e.r2.dev/1027893896488146.mp4
carried-forward  2844095835932261 c0  → https://pub-893b4a6a607b4221a894bf861da7914e.r2.dev/2844095835932261.mp4
carried-forward  2489340338177655 c0  → https://pub-893b4a6a607b4221a894bf861da7914e.r2.dev/2489340338177655.mp4
carried-forward  1981211102758395 c0  → https://pub-893b4a6a607b4221a894bf861da7914e.r2.dev/1981211102758395.mp4
carried-forward  1544212420736078 c0  → https://pub-893b4a6a607b4221a894bf861da7914e.r2.dev/1544212420736078.mp4
carried-forward  1009419671474140 c0  → https://pub-893b4a6a607b4221a894bf861da7914e.r2.dev/1009419671474140.mp4
carried-forward  2074670960093029 c0  → https://pub-893b4a6a607b4221a894bf861da7914e.r2.dev/2074670960093029.mp4
carried-forward  2203629803825194 c0  → https://pub-893b4a6a607b4221a894bf861da7914e.r2.dev/2203629803825194.mp4
carried-forward  2967603190114168 c0  → https://pub-893b4a6a607b4221a894bf861da7914e.r2.dev/2967603190114168.mp4
carried-forward  1378652727505034 c0  → https://pub-893b4a6a607b4221a894bf861da7914e.r2.dev/1378652727505034.mp4
carried-forward  857055417087987 c0  → https://pub-893b4a6a607b4221a894bf861da7914e.r2.dev/857055417087987.mp4
carried-forward  1323849876545623 c0  → https://pub-893b4a6a607b4221a894bf861da7914e.r2.dev/1323849876545623.mp4
carried-forward  1660584601896563 c0  → https://pub-893b4a6a607b4221a894bf861da7914e.r2.dev/1660584601896563.mp4
carried-forward  991029173743364 c0  → https://pub-893b4a6a607b4221a894bf861da7914e.r2.dev/991029173743364.mp4
carried-forward  1437905001693178 c0  → https://pub-893b4a6a607b4221a894bf861da7914e.r2.dev/1437905001693178.mp4
