# Step 3 run log
# competitor : english-seekho
# started_at : 2026-06-25T06:38:07
# input      : facebook/inputs/fb-ads-english-seekho-2026-06-25-0630.csv
# videos     : facebook/videos/english-seekho-2026-06-25
# master     : facebook/master/english-seekho.csv  (updated)
# enriched   : facebook/inputs/fb-ads-english-seekho-2026-06-25-0630_enriched.csv
# bucket     : video-ads
# public_base: https://pub-893b4a6a607b4221a894bf861da7914e.r2.dev
# dry_run    : False
#
# counts     : {'uploaded': 67, 'carried-forward': 276, 'image-pending': 0, 'video-missing': 57, 'no-creative': 0, 'error': 0}
#
carried-forward  985533387662266 c0  → https://pub-893b4a6a607b4221a894bf861da7914e.r2.dev/985533387662266.mp4
video-missing    985533387662266 c0  (expected file not found in facebook/videos/english-seekho-2026-06-25)
carried-forward  817826454744592 c0  → https://pub-893b4a6a607b4221a894bf861da7914e.r2.dev/817826454744592.mp4
video-missing    817826454744592 c0  (expected file not found in facebook/videos/english-seekho-2026-06-25)
carried-forward  27364573159862444 c0  → https://pub-893b4a6a607b4221a894bf861da7914e.r2.dev/27364573159862444.mp4
video-missing    27364573159862444 c0  (expected file not found in facebook/videos/english-seekho-2026-06-25)
carried-forward  2018888478732564 c0  → https://pub-893b4a6a607b4221a894bf861da7914e.r2.dev/2018888478732564.mp4
carried-forward  1021041514250343 c0  → https://pub-893b4a6a607b4221a894bf861da7914e.r2.dev/1021041514250343.mp4
carried-forward  873021038754328 c0  → https://pub-893b4a6a607b4221a894bf861da7914e.r2.dev/873021038754328.mp4
carried-forward  1526173339018159 c0  → https://pub-893b4a6a607b4221a894bf861da7914e.r2.dev/1526173339018159.mp4
video-missing    1526173339018159 c0  (expected file not found in facebook/videos/english-seekho-2026-06-25)
carried-forward  883414924661759 c0  → https://pub-893b4a6a607b4221a894bf861da7914e.r2.dev/883414924661759.mp4
carried-forward  2152508018617561 c0  → https://pub-893b4a6a607b4221a894bf861da7914e.r2.dev/2152508018617561.mp4
carried-forward  982252277769319 c0  → https://pub-893b4a6a607b4221a894bf861da7914e.r2.dev/982252277769319.mp4
video-missing    982252277769319 c0  (expected file not found in facebook/videos/english-seekho-2026-06-25)
video-missing    982252277769319 c0  (expected file not found in facebook/videos/english-seekho-2026-06-25)
video-missing    982252277769319 c0  (expected file not found in facebook/videos/english-seekho-2026-06-25)
carried-forward  1926900574736867 c0  → https://pub-893b4a6a607b4221a894bf861da7914e.r2.dev/1926900574736867.mp4
video-missing    1926900574736867 c0  (expected file not found in facebook/videos/english-seekho-2026-06-25)
uploaded         2057759528145315 c0  (video) ← 2057759528145315.mp4  → https://pub-893b4a6a607b4221a894bf861da7914e.r2.dev/2057759528145315.mp4
carried-forward  2124468154947673 c0  → https://pub-893b4a6a607b4221a894bf861da7914e.r2.dev/2124468154947673.mp4
carried-forward  2850540315306173 c0  → https://pub-893b4a6a607b4221a894bf861da7914e.r2.dev/2850540315306173.mp4
video-missing    2850540315306173 c0  (expected file not found in facebook/videos/english-seekho-2026-06-25)
carried-forward  1022376317001690 c0  → https://pub-893b4a6a607b4221a894bf861da7914e.r2.dev/1022376317001690.mp4
carried-forward  1518594126387614 c0  → https://pub-893b4a6a607b4221a894bf861da7914e.r2.dev/1518594126387614.mp4
carried-forward  1223700476600723 c0  → https://pub-893b4a6a607b4221a894bf861da7914e.r2.dev/1223700476600723.mp4
carried-forward  1563420601827250 c0  → https://pub-893b4a6a607b4221a894bf861da7914e.r2.dev/1563420601827250.mp4
video-missing    1563420601827250 c0  (expected file not found in facebook/videos/english-seekho-2026-06-25)
video-missing    1563420601827250 c0  (expected file not found in facebook/videos/english-seekho-2026-06-25)
carried-forward  995004486736404 c0  → https://pub-893b4a6a607b4221a894bf861da7914e.r2.dev/995004486736404.mp4
carried-forward  810625605338063 c0  → https://pub-893b4a6a607b4221a894bf861da7914e.r2.dev/810625605338063.mp4
video-missing    810625605338063 c0  (expected file not found in facebook/videos/english-seekho-2026-06-25)
video-missing    810625605338063 c0  (expected file not found in facebook/videos/english-seekho-2026-06-25)
carried-forward  1793407744963818 c0  → https://pub-893b4a6a607b4221a894bf861da7914e.r2.dev/1793407744963818.mp4
video-missing    1793407744963818 c0  (expected file not found in facebook/videos/english-seekho-2026-06-25)
video-missing    1793407744963818 c0  (expected file not found in facebook/videos/english-seekho-2026-06-25)
video-missing    1793407744963818 c0  (expected file not found in facebook/videos/english-seekho-2026-06-25)
carried-forward  2260187944721046 c0  → https://pub-893b4a6a607b4221a894bf861da7914e.r2.dev/2260187944721046.mp4
video-missing    2260187944721046 c0  (expected file not found in facebook/videos/english-seekho-2026-06-25)
carried-forward  1985248485686173 c0  → https://pub-893b4a6a607b4221a894bf861da7914e.r2.dev/1985248485686173.mp4
video-missing    1985248485686173 c0  (expected file not found in facebook/videos/english-seekho-2026-06-25)
uploaded         885862810591427 c0  (video) ← 885862810591427.mp4  → https://pub-893b4a6a607b4221a894bf861da7914e.r2.dev/885862810591427.mp4
uploaded         2152429472156703 c0  (video) ← 2152429472156703.mp4  → https://pub-893b4a6a607b4221a894bf861da7914e.r2.dev/2152429472156703.mp4
carried-forward  913586715100718 c0  → https://pub-893b4a6a607b4221a894bf861da7914e.r2.dev/913586715100718.mp4
video-missing    913586715100718 c0  (expected file not found in facebook/videos/english-seekho-2026-06-25)
carried-forward  976247658643508 c0  → https://pub-893b4a6a607b4221a894bf861da7914e.r2.dev/976247658643508.mp4
carried-forward  1364506482308320 c0  → https://pub-893b4a6a607b4221a894bf861da7914e.r2.dev/1364506482308320.mp4
video-missing    1364506482308320 c0  (expected file not found in facebook/videos/english-seekho-2026-06-25)
video-missing    1364506482308320 c0  (expected file not found in facebook/videos/english-seekho-2026-06-25)
uploaded         991926386792507 c0  (video) ← 991926386792507.mp4  → https://pub-893b4a6a607b4221a894bf861da7914e.r2.dev/991926386792507.mp4
video-missing    991926386792507 c0  (expected file not found in facebook/videos/english-seekho-2026-06-25)
carried-forward  840617208849283 c0  → https://pub-893b4a6a607b4221a894bf861da7914e.r2.dev/840617208849283.mp4
carried-forward  3187076728157852 c0  → https://pub-893b4a6a607b4221a894bf861da7914e.r2.dev/3187076728157852.mp4
video-missing    3187076728157852 c0  (expected file not found in facebook/videos/english-seekho-2026-06-25)
carried-forward  1961729674555213 c0  → https://pub-893b4a6a607b4221a894bf861da7914e.r2.dev/1961729674555213.mp4
uploaded         1039538911746398 c0  (video) ← 1039538911746398.mp4  → https://pub-893b4a6a607b4221a894bf861da7914e.r2.dev/1039538911746398.mp4
video-missing    1039538911746398 c0  (expected file not found in facebook/videos/english-seekho-2026-06-25)
carried-forward  1677084740219793 c0  → https://pub-893b4a6a607b4221a894bf861da7914e.r2.dev/1677084740219793.mp4
video-missing    1677084740219793 c0  (expected file not found in facebook/videos/english-seekho-2026-06-25)
carried-forward  1534796794981596 c0  → https://pub-893b4a6a607b4221a894bf861da7914e.r2.dev/1534796794981596.mp4
carried-forward  871564259326574 c0  → https://pub-893b4a6a607b4221a894bf861da7914e.r2.dev/871564259326574.mp4
carried-forward  1364784788843978 c0  → https://pub-893b4a6a607b4221a894bf861da7914e.r2.dev/1364784788843978.mp4
carried-forward  1808954107158548 c0  → https://pub-893b4a6a607b4221a894bf861da7914e.r2.dev/1808954107158548.mp4
uploaded         2001844244028007 c0  (video) ← 2001844244028007.mp4  → https://pub-893b4a6a607b4221a894bf861da7914e.r2.dev/2001844244028007.mp4
carried-forward  865120769995614 c0  → https://pub-893b4a6a607b4221a894bf861da7914e.r2.dev/865120769995614.mp4
video-missing    865120769995614 c0  (expected file not found in facebook/videos/english-seekho-2026-06-25)
carried-forward  1025822196672066 c0  → https://pub-893b4a6a607b4221a894bf861da7914e.r2.dev/1025822196672066.mp4
carried-forward  1549761863456981 c0  → https://pub-893b4a6a607b4221a894bf861da7914e.r2.dev/1549761863456981.mp4
uploaded         999994179437771 c0  (video) ← 999994179437771.mp4  → https://pub-893b4a6a607b4221a894bf861da7914e.r2.dev/999994179437771.mp4
video-missing    999994179437771 c0  (expected file not found in facebook/videos/english-seekho-2026-06-25)
carried-forward  1762074481809257 c0  → https://pub-893b4a6a607b4221a894bf861da7914e.r2.dev/1762074481809257.mp4
carried-forward  1360549895753796 c0  → https://pub-893b4a6a607b4221a894bf861da7914e.r2.dev/1360549895753796.mp4
carried-forward  1332170168357693 c0  → https://pub-893b4a6a607b4221a894bf861da7914e.r2.dev/1332170168357693.mp4
uploaded         1721845649232241 c0  (video) ← 1721845649232241.mp4  → https://pub-893b4a6a607b4221a894bf861da7914e.r2.dev/1721845649232241.mp4
video-missing    1721845649232241 c0  (expected file not found in facebook/videos/english-seekho-2026-06-25)
carried-forward  3098326293684794 c0  → https://pub-893b4a6a607b4221a894bf861da7914e.r2.dev/3098326293684794.mp4
carried-forward  1883699672590517 c0  → https://pub-893b4a6a607b4221a894bf861da7914e.r2.dev/1883699672590517.mp4
carried-forward  2059990487983120 c0  → https://pub-893b4a6a607b4221a894bf861da7914e.r2.dev/2059990487983120.mp4
carried-forward  1015543491226232 c0  → https://pub-893b4a6a607b4221a894bf861da7914e.r2.dev/1015543491226232.mp4
carried-forward  1692102615344361 c0  → https://pub-893b4a6a607b4221a894bf861da7914e.r2.dev/1692102615344361.mp4
carried-forward  948897454859996 c0  → https://pub-893b4a6a607b4221a894bf861da7914e.r2.dev/948897454859996.mp4
uploaded         1472313281246256 c0  (video) ← 1472313281246256.mp4  → https://pub-893b4a6a607b4221a894bf861da7914e.r2.dev/1472313281246256.mp4
uploaded         1561329068897668 c0  (video) ← 1561329068897668.mp4  → https://pub-893b4a6a607b4221a894bf861da7914e.r2.dev/1561329068897668.mp4
uploaded         1414490704064865 c0  (video) ← 1414490704064865.mp4  → https://pub-893b4a6a607b4221a894bf861da7914e.r2.dev/1414490704064865.mp4
carried-forward  1031914312710770 c0  → https://pub-893b4a6a607b4221a894bf861da7914e.r2.dev/1031914312710770.mp4
carried-forward  1315186450735522 c0  → https://pub-893b4a6a607b4221a894bf861da7914e.r2.dev/1315186450735522.mp4
carried-forward  1005748238514133 c0  → https://pub-893b4a6a607b4221a894bf861da7914e.r2.dev/1005748238514133.mp4
carried-forward  964925059704674 c0  → https://pub-893b4a6a607b4221a894bf861da7914e.r2.dev/964925059704674.mp4
carried-forward  1925713674813279 c0  → https://pub-893b4a6a607b4221a894bf861da7914e.r2.dev/1925713674813279.mp4
carried-forward  1690200915582478 c0  → https://pub-893b4a6a607b4221a894bf861da7914e.r2.dev/1690200915582478.mp4
video-missing    1690200915582478 c0  (expected file not found in facebook/videos/english-seekho-2026-06-25)
carried-forward  992773516690548 c0  → https://pub-893b4a6a607b4221a894bf861da7914e.r2.dev/992773516690548.mp4
carried-forward  1274853231388164 c0  → https://pub-893b4a6a607b4221a894bf861da7914e.r2.dev/1274853231388164.mp4
carried-forward  922682520699920 c0  → https://pub-893b4a6a607b4221a894bf861da7914e.r2.dev/922682520699920.mp4
carried-forward  1288777649689918 c0  → https://pub-893b4a6a607b4221a894bf861da7914e.r2.dev/1288777649689918.mp4
carried-forward  3072941649569067 c0  → https://pub-893b4a6a607b4221a894bf861da7914e.r2.dev/3072941649569067.mp4
carried-forward  1908801449786903 c0  → https://pub-893b4a6a607b4221a894bf861da7914e.r2.dev/1908801449786903.mp4
carried-forward  2177740319677244 c0  → https://pub-893b4a6a607b4221a894bf861da7914e.r2.dev/2177740319677244.mp4
carried-forward  1955149235059522 c0  → https://pub-893b4a6a607b4221a894bf861da7914e.r2.dev/1955149235059522.mp4
carried-forward  767456879118205 c0  → https://pub-893b4a6a607b4221a894bf861da7914e.r2.dev/767456879118205.mp4
carried-forward  1908450636707359 c0  → https://pub-893b4a6a607b4221a894bf861da7914e.r2.dev/1908450636707359.mp4
carried-forward  2149239312638471 c0  → https://pub-893b4a6a607b4221a894bf861da7914e.r2.dev/2149239312638471.mp4
carried-forward  2284073262000543 c0  → https://pub-893b4a6a607b4221a894bf861da7914e.r2.dev/2284073262000543.mp4
carried-forward  27366439689673451 c0  → https://pub-893b4a6a607b4221a894bf861da7914e.r2.dev/27366439689673451.mp4
carried-forward  1644151976879134 c0  → https://pub-893b4a6a607b4221a894bf861da7914e.r2.dev/1644151976879134.mp4
carried-forward  27511799785106068 c0  → https://pub-893b4a6a607b4221a894bf861da7914e.r2.dev/27511799785106068.mp4
carried-forward  766128486556385 c0  → https://pub-893b4a6a607b4221a894bf861da7914e.r2.dev/766128486556385.mp4
carried-forward  3286929574811248 c0  → https://pub-893b4a6a607b4221a894bf861da7914e.r2.dev/3286929574811248.mp4
carried-forward  4595374774118114 c0  → https://pub-893b4a6a607b4221a894bf861da7914e.r2.dev/4595374774118114.mp4
carried-forward  2674686452896226 c0  → https://pub-893b4a6a607b4221a894bf861da7914e.r2.dev/2674686452896226.mp4
carried-forward  2705849676465830 c0  → https://pub-893b4a6a607b4221a894bf861da7914e.r2.dev/2705849676465830.mp4
carried-forward  1688597285691390 c0  → https://pub-893b4a6a607b4221a894bf861da7914e.r2.dev/1688597285691390.mp4
carried-forward  1310984397829993 c0  → https://pub-893b4a6a607b4221a894bf861da7914e.r2.dev/1310984397829993.mp4
carried-forward  1323533596629346 c0  → https://pub-893b4a6a607b4221a894bf861da7914e.r2.dev/1323533596629346.mp4
uploaded         1337467545244005 c0  (video) ← 1337467545244005.mp4  → https://pub-893b4a6a607b4221a894bf861da7914e.r2.dev/1337467545244005.mp4
carried-forward  1929088581083541 c0  → https://pub-893b4a6a607b4221a894bf861da7914e.r2.dev/1929088581083541.mp4
carried-forward  1655454802386298 c0  → https://pub-893b4a6a607b4221a894bf861da7914e.r2.dev/1655454802386298.mp4
uploaded         1329716809342445 c0  (video) ← 1329716809342445.mp4  → https://pub-893b4a6a607b4221a894bf861da7914e.r2.dev/1329716809342445.mp4
carried-forward  2201883133941569 c0  → https://pub-893b4a6a607b4221a894bf861da7914e.r2.dev/2201883133941569.mp4
carried-forward  4462667594015020 c0  → https://pub-893b4a6a607b4221a894bf861da7914e.r2.dev/4462667594015020.mp4
carried-forward  3801161286691042 c0  → https://pub-893b4a6a607b4221a894bf861da7914e.r2.dev/3801161286691042.mp4
carried-forward  1531895075149443 c0  → https://pub-893b4a6a607b4221a894bf861da7914e.r2.dev/1531895075149443.mp4
carried-forward  1752889565892298 c0  → https://pub-893b4a6a607b4221a894bf861da7914e.r2.dev/1752889565892298.mp4
carried-forward  1350187887309659 c0  → https://pub-893b4a6a607b4221a894bf861da7914e.r2.dev/1350187887309659.mp4
uploaded         1704681880728213 c0  (video) ← 1704681880728213.mp4  → https://pub-893b4a6a607b4221a894bf861da7914e.r2.dev/1704681880728213.mp4
video-missing    1704681880728213 c0  (expected file not found in facebook/videos/english-seekho-2026-06-25)
video-missing    1704681880728213 c0  (expected file not found in facebook/videos/english-seekho-2026-06-25)
carried-forward  1501154984318432 c0  → https://pub-893b4a6a607b4221a894bf861da7914e.r2.dev/1501154984318432.mp4
carried-forward  1354296026799956 c0  → https://pub-893b4a6a607b4221a894bf861da7914e.r2.dev/1354296026799956.mp4
uploaded         1585310353121942 c0  (video) ← 1585310353121942.mp4  → https://pub-893b4a6a607b4221a894bf861da7914e.r2.dev/1585310353121942.mp4
video-missing    1585310353121942 c0  (expected file not found in facebook/videos/english-seekho-2026-06-25)
carried-forward  1427707752496363 c0  → https://pub-893b4a6a607b4221a894bf861da7914e.r2.dev/1427707752496363.mp4
carried-forward  2102321024014354 c0  → https://pub-893b4a6a607b4221a894bf861da7914e.r2.dev/2102321024014354.mp4
carried-forward  1485257069470905 c0  → https://pub-893b4a6a607b4221a894bf861da7914e.r2.dev/1485257069470905.mp4
uploaded         1701302134235622 c0  (video) ← 1701302134235622.mp4  → https://pub-893b4a6a607b4221a894bf861da7914e.r2.dev/1701302134235622.mp4
carried-forward  2055157115432114 c0  → https://pub-893b4a6a607b4221a894bf861da7914e.r2.dev/2055157115432114.mp4
carried-forward  1368936822080614 c0  → https://pub-893b4a6a607b4221a894bf861da7914e.r2.dev/1368936822080614.mp4
carried-forward  1744907007145803 c0  → https://pub-893b4a6a607b4221a894bf861da7914e.r2.dev/1744907007145803.mp4
carried-forward  1001620612856526 c0  → https://pub-893b4a6a607b4221a894bf861da7914e.r2.dev/1001620612856526.mp4
carried-forward  1476645587385501 c0  → https://pub-893b4a6a607b4221a894bf861da7914e.r2.dev/1476645587385501.mp4
carried-forward  1244507290916309 c0  → https://pub-893b4a6a607b4221a894bf861da7914e.r2.dev/1244507290916309.mp4
carried-forward  4379825375635044 c0  → https://pub-893b4a6a607b4221a894bf861da7914e.r2.dev/4379825375635044.mp4
carried-forward  1013834224460527 c0  → https://pub-893b4a6a607b4221a894bf861da7914e.r2.dev/1013834224460527.mp4
carried-forward  4538698336365128 c0  → https://pub-893b4a6a607b4221a894bf861da7914e.r2.dev/4538698336365128.mp4
carried-forward  1798711957512384 c0  → https://pub-893b4a6a607b4221a894bf861da7914e.r2.dev/1798711957512384.mp4
carried-forward  4302322243363607 c0  → https://pub-893b4a6a607b4221a894bf861da7914e.r2.dev/4302322243363607.mp4
carried-forward  1217329830515440 c0  → https://pub-893b4a6a607b4221a894bf861da7914e.r2.dev/1217329830515440.mp4
carried-forward  1231146343406658 c0  → https://pub-893b4a6a607b4221a894bf861da7914e.r2.dev/1231146343406658.mp4
carried-forward  1567956411487226 c0  → https://pub-893b4a6a607b4221a894bf861da7914e.r2.dev/1567956411487226.mp4
carried-forward  1911627232882479 c0  → https://pub-893b4a6a607b4221a894bf861da7914e.r2.dev/1911627232882479.mp4
carried-forward  919639617804436 c0  → https://pub-893b4a6a607b4221a894bf861da7914e.r2.dev/919639617804436.mp4
carried-forward  1051946797264333 c0  → https://pub-893b4a6a607b4221a894bf861da7914e.r2.dev/1051946797264333.mp4
carried-forward  1210251577301882 c0  → https://pub-893b4a6a607b4221a894bf861da7914e.r2.dev/1210251577301882.mp4
carried-forward  1573467391022779 c0  → https://pub-893b4a6a607b4221a894bf861da7914e.r2.dev/1573467391022779.mp4
uploaded         981638277990103 c0  (video) ← 981638277990103.mp4  → https://pub-893b4a6a607b4221a894bf861da7914e.r2.dev/981638277990103.mp4
carried-forward  26724338833910151 c0  → https://pub-893b4a6a607b4221a894bf861da7914e.r2.dev/26724338833910151.mp4
carried-forward  1750624229704158 c0  → https://pub-893b4a6a607b4221a894bf861da7914e.r2.dev/1750624229704158.mp4
carried-forward  1868096310508725 c0  → https://pub-893b4a6a607b4221a894bf861da7914e.r2.dev/1868096310508725.mp4
carried-forward  1116123194536720 c0  → https://pub-893b4a6a607b4221a894bf861da7914e.r2.dev/1116123194536720.mp4
carried-forward  1531200991866557 c0  → https://pub-893b4a6a607b4221a894bf861da7914e.r2.dev/1531200991866557.mp4
carried-forward  2176910723137201 c0  → https://pub-893b4a6a607b4221a894bf861da7914e.r2.dev/2176910723137201.mp4
uploaded         3163699757156529 c0  (video) ← 3163699757156529.mp4  → https://pub-893b4a6a607b4221a894bf861da7914e.r2.dev/3163699757156529.mp4
carried-forward  769511858914323 c0  → https://pub-893b4a6a607b4221a894bf861da7914e.r2.dev/769511858914323.mp4
carried-forward  1016711277501426 c0  → https://pub-893b4a6a607b4221a894bf861da7914e.r2.dev/1016711277501426.mp4
uploaded         1826736778733928 c0  (video) ← 1826736778733928.mp4  → https://pub-893b4a6a607b4221a894bf861da7914e.r2.dev/1826736778733928.mp4
video-missing    1826736778733928 c0  (expected file not found in facebook/videos/english-seekho-2026-06-25)
carried-forward  1677777446778594 c0  → https://pub-893b4a6a607b4221a894bf861da7914e.r2.dev/1677777446778594.mp4
carried-forward  883288724824381 c0  → https://pub-893b4a6a607b4221a894bf861da7914e.r2.dev/883288724824381.mp4
uploaded         1352821206821597 c0  (video) ← 1352821206821597.mp4  → https://pub-893b4a6a607b4221a894bf861da7914e.r2.dev/1352821206821597.mp4
carried-forward  1973912613239380 c0  → https://pub-893b4a6a607b4221a894bf861da7914e.r2.dev/1973912613239380.mp4
carried-forward  1361834795342178 c0  → https://pub-893b4a6a607b4221a894bf861da7914e.r2.dev/1361834795342178.mp4
carried-forward  1923924918304447 c0  → https://pub-893b4a6a607b4221a894bf861da7914e.r2.dev/1923924918304447.mp4
carried-forward  2045339786064003 c0  → https://pub-893b4a6a607b4221a894bf861da7914e.r2.dev/2045339786064003.mp4
carried-forward  1659256455375364 c0  → https://pub-893b4a6a607b4221a894bf861da7914e.r2.dev/1659256455375364.mp4
carried-forward  1419054459866080 c0  → https://pub-893b4a6a607b4221a894bf861da7914e.r2.dev/1419054459866080.mp4
carried-forward  4316724308542469 c0  → https://pub-893b4a6a607b4221a894bf861da7914e.r2.dev/4316724308542469.mp4
carried-forward  1905133330090659 c0  → https://pub-893b4a6a607b4221a894bf861da7914e.r2.dev/1905133330090659.mp4
carried-forward  1338064287820878 c0  → https://pub-893b4a6a607b4221a894bf861da7914e.r2.dev/1338064287820878.mp4
carried-forward  1536846801512930 c0  → https://pub-893b4a6a607b4221a894bf861da7914e.r2.dev/1536846801512930.mp4
carried-forward  875655158940170 c0  → https://pub-893b4a6a607b4221a894bf861da7914e.r2.dev/875655158940170.mp4
carried-forward  1487075122617460 c0  → https://pub-893b4a6a607b4221a894bf861da7914e.r2.dev/1487075122617460.mp4
carried-forward  994055896811811 c0  → https://pub-893b4a6a607b4221a894bf861da7914e.r2.dev/994055896811811.mp4
carried-forward  1733125784360299 c0  → https://pub-893b4a6a607b4221a894bf861da7914e.r2.dev/1733125784360299.mp4
carried-forward  1910403406309096 c0  → https://pub-893b4a6a607b4221a894bf861da7914e.r2.dev/1910403406309096.mp4
carried-forward  899028249116275 c0  → https://pub-893b4a6a607b4221a894bf861da7914e.r2.dev/899028249116275.mp4
uploaded         1569302308257783 c0  (video) ← 1569302308257783.mp4  → https://pub-893b4a6a607b4221a894bf861da7914e.r2.dev/1569302308257783.mp4
video-missing    1569302308257783 c0  (expected file not found in facebook/videos/english-seekho-2026-06-25)
uploaded         1319926239768074 c0  (video) ← 1319926239768074.mp4  → https://pub-893b4a6a607b4221a894bf861da7914e.r2.dev/1319926239768074.mp4
carried-forward  4343895115863908 c0  → https://pub-893b4a6a607b4221a894bf861da7914e.r2.dev/4343895115863908.mp4
carried-forward  1251191153618197 c0  → https://pub-893b4a6a607b4221a894bf861da7914e.r2.dev/1251191153618197.mp4
carried-forward  1683181803008249 c0  → https://pub-893b4a6a607b4221a894bf861da7914e.r2.dev/1683181803008249.mp4
carried-forward  2070440240486671 c0  → https://pub-893b4a6a607b4221a894bf861da7914e.r2.dev/2070440240486671.mp4
carried-forward  980787168082850 c0  → https://pub-893b4a6a607b4221a894bf861da7914e.r2.dev/980787168082850.mp4
carried-forward  1162912550244958 c0  → https://pub-893b4a6a607b4221a894bf861da7914e.r2.dev/1162912550244958.mp4
carried-forward  1016530467412065 c0  → https://pub-893b4a6a607b4221a894bf861da7914e.r2.dev/1016530467412065.mp4
carried-forward  2015119902365104 c0  → https://pub-893b4a6a607b4221a894bf861da7914e.r2.dev/2015119902365104.mp4
uploaded         1013882284521219 c0  (video) ← 1013882284521219.mp4  → https://pub-893b4a6a607b4221a894bf861da7914e.r2.dev/1013882284521219.mp4
uploaded         1882698255616575 c0  (video) ← 1882698255616575.mp4  → https://pub-893b4a6a607b4221a894bf861da7914e.r2.dev/1882698255616575.mp4
carried-forward  1516937052797350 c0  → https://pub-893b4a6a607b4221a894bf861da7914e.r2.dev/1516937052797350.mp4
carried-forward  1502392968556177 c0  → https://pub-893b4a6a607b4221a894bf861da7914e.r2.dev/1502392968556177.mp4
carried-forward  1515503336880515 c0  → https://pub-893b4a6a607b4221a894bf861da7914e.r2.dev/1515503336880515.mp4
carried-forward  608640915677208 c0  → https://pub-893b4a6a607b4221a894bf861da7914e.r2.dev/608640915677208.mp4
carried-forward  1338220788412360 c0  → https://pub-893b4a6a607b4221a894bf861da7914e.r2.dev/1338220788412360.mp4
carried-forward  1229348518532340 c0  → https://pub-893b4a6a607b4221a894bf861da7914e.r2.dev/1229348518532340.mp4
carried-forward  895595066172251 c0  → https://pub-893b4a6a607b4221a894bf861da7914e.r2.dev/895595066172251.mp4
carried-forward  1054948106795031 c0  → https://pub-893b4a6a607b4221a894bf861da7914e.r2.dev/1054948106795031.mp4
carried-forward  963811456622332 c0  → https://pub-893b4a6a607b4221a894bf861da7914e.r2.dev/963811456622332.mp4
carried-forward  25537890735891271 c0  → https://pub-893b4a6a607b4221a894bf861da7914e.r2.dev/25537890735891271.mp4
carried-forward  1524159809105462 c0  → https://pub-893b4a6a607b4221a894bf861da7914e.r2.dev/1524159809105462.mp4
carried-forward  1776427543722557 c0  → https://pub-893b4a6a607b4221a894bf861da7914e.r2.dev/1776427543722557.mp4
carried-forward  2250084872471619 c0  → https://pub-893b4a6a607b4221a894bf861da7914e.r2.dev/2250084872471619.mp4
video-missing    2250084872471619 c0  (expected file not found in facebook/videos/english-seekho-2026-06-25)
carried-forward  1641629937137441 c0  → https://pub-893b4a6a607b4221a894bf861da7914e.r2.dev/1641629937137441.mp4
carried-forward  2453287415158391 c0  → https://pub-893b4a6a607b4221a894bf861da7914e.r2.dev/2453287415158391.mp4
carried-forward  1335527277926012 c0  → https://pub-893b4a6a607b4221a894bf861da7914e.r2.dev/1335527277926012.mp4
carried-forward  1733643217968457 c0  → https://pub-893b4a6a607b4221a894bf861da7914e.r2.dev/1733643217968457.mp4
uploaded         1522254569489888 c0  (video) ← 1522254569489888.mp4  → https://pub-893b4a6a607b4221a894bf861da7914e.r2.dev/1522254569489888.mp4
carried-forward  1224227439081919 c0  → https://pub-893b4a6a607b4221a894bf861da7914e.r2.dev/1224227439081919.mp4
carried-forward  2000620550570371 c0  → https://pub-893b4a6a607b4221a894bf861da7914e.r2.dev/2000620550570371.mp4
uploaded         2785296485181094 c0  (video) ← 2785296485181094.mp4  → https://pub-893b4a6a607b4221a894bf861da7914e.r2.dev/2785296485181094.mp4
carried-forward  2598032390630805 c0  → https://pub-893b4a6a607b4221a894bf861da7914e.r2.dev/2598032390630805.mp4
carried-forward  2182001929200730 c0  → https://pub-893b4a6a607b4221a894bf861da7914e.r2.dev/2182001929200730.mp4
carried-forward  2424268211374812 c0  → https://pub-893b4a6a607b4221a894bf861da7914e.r2.dev/2424268211374812.mp4
uploaded         1654990182427395 c0  (video) ← 1654990182427395.mp4  → https://pub-893b4a6a607b4221a894bf861da7914e.r2.dev/1654990182427395.mp4
carried-forward  890589943792591 c0  → https://pub-893b4a6a607b4221a894bf861da7914e.r2.dev/890589943792591.mp4
carried-forward  840752642285554 c0  → https://pub-893b4a6a607b4221a894bf861da7914e.r2.dev/840752642285554.mp4
carried-forward  2062686851122576 c0  → https://pub-893b4a6a607b4221a894bf861da7914e.r2.dev/2062686851122576.mp4
carried-forward  1559841751931772 c0  → https://pub-893b4a6a607b4221a894bf861da7914e.r2.dev/1559841751931772.mp4
carried-forward  1360834475961445 c0  → https://pub-893b4a6a607b4221a894bf861da7914e.r2.dev/1360834475961445.mp4
carried-forward  881757097701266 c0  → https://pub-893b4a6a607b4221a894bf861da7914e.r2.dev/881757097701266.mp4
uploaded         1730935764921929 c0  (video) ← 1730935764921929.mp4  → https://pub-893b4a6a607b4221a894bf861da7914e.r2.dev/1730935764921929.mp4
video-missing    1730935764921929 c0  (expected file not found in facebook/videos/english-seekho-2026-06-25)
video-missing    1730935764921929 c0  (expected file not found in facebook/videos/english-seekho-2026-06-25)
carried-forward  1366358398924408 c0  → https://pub-893b4a6a607b4221a894bf861da7914e.r2.dev/1366358398924408.mp4
carried-forward  874940122070171 c0  → https://pub-893b4a6a607b4221a894bf861da7914e.r2.dev/874940122070171.mp4
uploaded         2491978981265778 c0  (video) ← 2491978981265778.mp4  → https://pub-893b4a6a607b4221a894bf861da7914e.r2.dev/2491978981265778.mp4
video-missing    2491978981265778 c0  (expected file not found in facebook/videos/english-seekho-2026-06-25)
carried-forward  1509527853448376 c0  → https://pub-893b4a6a607b4221a894bf861da7914e.r2.dev/1509527853448376.mp4
uploaded         1037885932008729 c0  (video) ← 1037885932008729.mp4  → https://pub-893b4a6a607b4221a894bf861da7914e.r2.dev/1037885932008729.mp4
video-missing    1037885932008729 c0  (expected file not found in facebook/videos/english-seekho-2026-06-25)
carried-forward  4500003973544398 c0  → https://pub-893b4a6a607b4221a894bf861da7914e.r2.dev/4500003973544398.mp4
carried-forward  1010402288013146 c0  → https://pub-893b4a6a607b4221a894bf861da7914e.r2.dev/1010402288013146.mp4
carried-forward  879493064627151 c0  → https://pub-893b4a6a607b4221a894bf861da7914e.r2.dev/879493064627151.mp4
carried-forward  992593346966439 c0  → https://pub-893b4a6a607b4221a894bf861da7914e.r2.dev/992593346966439.mp4
carried-forward  26372603382322992 c0  → https://pub-893b4a6a607b4221a894bf861da7914e.r2.dev/26372603382322992.mp4
carried-forward  1021221817271413 c0  → https://pub-893b4a6a607b4221a894bf861da7914e.r2.dev/1021221817271413.mp4
carried-forward  1012047304706438 c0  → https://pub-893b4a6a607b4221a894bf861da7914e.r2.dev/1012047304706438.mp4
carried-forward  992878336969111 c0  → https://pub-893b4a6a607b4221a894bf861da7914e.r2.dev/992878336969111.mp4
carried-forward  5195950473963815 c0  → https://pub-893b4a6a607b4221a894bf861da7914e.r2.dev/5195950473963815.mp4
carried-forward  1945996112929486 c0  → https://pub-893b4a6a607b4221a894bf861da7914e.r2.dev/1945996112929486.mp4
carried-forward  882053494334377 c0  → https://pub-893b4a6a607b4221a894bf861da7914e.r2.dev/882053494334377.mp4
carried-forward  2108972643348879 c0  → https://pub-893b4a6a607b4221a894bf861da7914e.r2.dev/2108972643348879.mp4
carried-forward  1715157213159613 c0  → https://pub-893b4a6a607b4221a894bf861da7914e.r2.dev/1715157213159613.mp4
carried-forward  1337078727836336 c0  → https://pub-893b4a6a607b4221a894bf861da7914e.r2.dev/1337078727836336.mp4
carried-forward  1523490962589214 c0  → https://pub-893b4a6a607b4221a894bf861da7914e.r2.dev/1523490962589214.mp4
carried-forward  1046962041235767 c0  → https://pub-893b4a6a607b4221a894bf861da7914e.r2.dev/1046962041235767.mp4
carried-forward  1652801759112126 c0  → https://pub-893b4a6a607b4221a894bf861da7914e.r2.dev/1652801759112126.mp4
carried-forward  1041658511938638 c0  → https://pub-893b4a6a607b4221a894bf861da7914e.r2.dev/1041658511938638.mp4
carried-forward  1094581613267174 c0  → https://pub-893b4a6a607b4221a894bf861da7914e.r2.dev/1094581613267174.mp4
carried-forward  1952634185456619 c0  → https://pub-893b4a6a607b4221a894bf861da7914e.r2.dev/1952634185456619.mp4
video-missing    1952634185456619 c0  (expected file not found in facebook/videos/english-seekho-2026-06-25)
carried-forward  2854895638221000 c0  → https://pub-893b4a6a607b4221a894bf861da7914e.r2.dev/2854895638221000.mp4
uploaded         1058989673456910 c0  (video) ← 1058989673456910.mp4  → https://pub-893b4a6a607b4221a894bf861da7914e.r2.dev/1058989673456910.mp4
carried-forward  967571686256461 c0  → https://pub-893b4a6a607b4221a894bf861da7914e.r2.dev/967571686256461.mp4
carried-forward  1427103212256894 c0  → https://pub-893b4a6a607b4221a894bf861da7914e.r2.dev/1427103212256894.mp4
carried-forward  1483068073105319 c0  → https://pub-893b4a6a607b4221a894bf861da7914e.r2.dev/1483068073105319.mp4
carried-forward  1873167916952933 c0  → https://pub-893b4a6a607b4221a894bf861da7914e.r2.dev/1873167916952933.mp4
carried-forward  1753094149017141 c0  → https://pub-893b4a6a607b4221a894bf861da7914e.r2.dev/1753094149017141.mp4
carried-forward  1556532882484856 c0  → https://pub-893b4a6a607b4221a894bf861da7914e.r2.dev/1556532882484856.mp4
carried-forward  1041193768479189 c0  → https://pub-893b4a6a607b4221a894bf861da7914e.r2.dev/1041193768479189.mp4
carried-forward  1620447125683471 c0  → https://pub-893b4a6a607b4221a894bf861da7914e.r2.dev/1620447125683471.mp4
carried-forward  2133790913851895 c0  → https://pub-893b4a6a607b4221a894bf861da7914e.r2.dev/2133790913851895.mp4
carried-forward  2223660845140870 c0  → https://pub-893b4a6a607b4221a894bf861da7914e.r2.dev/2223660845140870.mp4
carried-forward  2458943071202777 c0  → https://pub-893b4a6a607b4221a894bf861da7914e.r2.dev/2458943071202777.mp4
carried-forward  2120779831832021 c0  → https://pub-893b4a6a607b4221a894bf861da7914e.r2.dev/2120779831832021.mp4
uploaded         989043553899179 c0  (video) ← 989043553899179.mp4  → https://pub-893b4a6a607b4221a894bf861da7914e.r2.dev/989043553899179.mp4
carried-forward  985758804456396 c0  → https://pub-893b4a6a607b4221a894bf861da7914e.r2.dev/985758804456396.mp4
carried-forward  1373016841363616 c0  → https://pub-893b4a6a607b4221a894bf861da7914e.r2.dev/1373016841363616.mp4
carried-forward  2253030498553449 c0  → https://pub-893b4a6a607b4221a894bf861da7914e.r2.dev/2253030498553449.mp4
carried-forward  1335230861918980 c0  → https://pub-893b4a6a607b4221a894bf861da7914e.r2.dev/1335230861918980.mp4
uploaded         1561092105377334 c0  (video) ← 1561092105377334.mp4  → https://pub-893b4a6a607b4221a894bf861da7914e.r2.dev/1561092105377334.mp4
carried-forward  1032747329405616 c0  → https://pub-893b4a6a607b4221a894bf861da7914e.r2.dev/1032747329405616.mp4
uploaded         1552152966609413 c0  (video) ← 1552152966609413.mp4  → https://pub-893b4a6a607b4221a894bf861da7914e.r2.dev/1552152966609413.mp4
carried-forward  1418938056934721 c0  → https://pub-893b4a6a607b4221a894bf861da7914e.r2.dev/1418938056934721.mp4
carried-forward  938934152528073 c0  → https://pub-893b4a6a607b4221a894bf861da7914e.r2.dev/938934152528073.mp4
video-missing    938934152528073 c0  (expected file not found in facebook/videos/english-seekho-2026-06-25)
carried-forward  1330352279072802 c0  → https://pub-893b4a6a607b4221a894bf861da7914e.r2.dev/1330352279072802.mp4
carried-forward  1873195333560021 c0  → https://pub-893b4a6a607b4221a894bf861da7914e.r2.dev/1873195333560021.mp4
uploaded         989974220692229 c0  (video) ← 989974220692229.mp4  → https://pub-893b4a6a607b4221a894bf861da7914e.r2.dev/989974220692229.mp4
video-missing    989974220692229 c0  (expected file not found in facebook/videos/english-seekho-2026-06-25)
carried-forward  1558443252316977 c0  → https://pub-893b4a6a607b4221a894bf861da7914e.r2.dev/1558443252316977.mp4
carried-forward  4379400572301651 c0  → https://pub-893b4a6a607b4221a894bf861da7914e.r2.dev/4379400572301651.mp4
carried-forward  961207856907156 c0  → https://pub-893b4a6a607b4221a894bf861da7914e.r2.dev/961207856907156.mp4
carried-forward  861154453569534 c0  → https://pub-893b4a6a607b4221a894bf861da7914e.r2.dev/861154453569534.mp4
uploaded         2069551497104811 c0  (video) ← 2069551497104811.mp4  → https://pub-893b4a6a607b4221a894bf861da7914e.r2.dev/2069551497104811.mp4
carried-forward  1538798037705845 c0  → https://pub-893b4a6a607b4221a894bf861da7914e.r2.dev/1538798037705845.mp4
carried-forward  999387099536369 c0  → https://pub-893b4a6a607b4221a894bf861da7914e.r2.dev/999387099536369.mp4
carried-forward  1686169769262124 c0  → https://pub-893b4a6a607b4221a894bf861da7914e.r2.dev/1686169769262124.mp4
video-missing    1686169769262124 c0  (expected file not found in facebook/videos/english-seekho-2026-06-25)
carried-forward  3202962799905763 c0  → https://pub-893b4a6a607b4221a894bf861da7914e.r2.dev/3202962799905763.mp4
carried-forward  2086474589415548 c0  → https://pub-893b4a6a607b4221a894bf861da7914e.r2.dev/2086474589415548.mp4
carried-forward  1034778562358924 c0  → https://pub-893b4a6a607b4221a894bf861da7914e.r2.dev/1034778562358924.mp4
carried-forward  2085915648966264 c0  → https://pub-893b4a6a607b4221a894bf861da7914e.r2.dev/2085915648966264.mp4
carried-forward  2188192018645448 c0  → https://pub-893b4a6a607b4221a894bf861da7914e.r2.dev/2188192018645448.mp4
carried-forward  1595067655957647 c0  → https://pub-893b4a6a607b4221a894bf861da7914e.r2.dev/1595067655957647.mp4
carried-forward  902496572123981 c0  → https://pub-893b4a6a607b4221a894bf861da7914e.r2.dev/902496572123981.mp4
carried-forward  990687027182901 c0  → https://pub-893b4a6a607b4221a894bf861da7914e.r2.dev/990687027182901.mp4
carried-forward  1015345331246570 c0  → https://pub-893b4a6a607b4221a894bf861da7914e.r2.dev/1015345331246570.mp4
uploaded         890964710704617 c0  (video) ← 890964710704617.mp4  → https://pub-893b4a6a607b4221a894bf861da7914e.r2.dev/890964710704617.mp4
video-missing    890964710704617 c0  (expected file not found in facebook/videos/english-seekho-2026-06-25)
uploaded         1725067598623459 c0  (video) ← 1725067598623459.mp4  → https://pub-893b4a6a607b4221a894bf861da7914e.r2.dev/1725067598623459.mp4
carried-forward  2169990790424508 c0  → https://pub-893b4a6a607b4221a894bf861da7914e.r2.dev/2169990790424508.mp4
video-missing    2169990790424508 c0  (expected file not found in facebook/videos/english-seekho-2026-06-25)
uploaded         1714300106270908 c0  (video) ← 1714300106270908.mp4  → https://pub-893b4a6a607b4221a894bf861da7914e.r2.dev/1714300106270908.mp4
carried-forward  1517554036505986 c0  → https://pub-893b4a6a607b4221a894bf861da7914e.r2.dev/1517554036505986.mp4
uploaded         1666152167999287 c0  (video) ← 1666152167999287.mp4  → https://pub-893b4a6a607b4221a894bf861da7914e.r2.dev/1666152167999287.mp4
carried-forward  1025694253275945 c0  → https://pub-893b4a6a607b4221a894bf861da7914e.r2.dev/1025694253275945.mp4
uploaded         1370316518351776 c0  (video) ← 1370316518351776.mp4  → https://pub-893b4a6a607b4221a894bf861da7914e.r2.dev/1370316518351776.mp4
uploaded         988958730629564 c0  (video) ← 988958730629564.mp4  → https://pub-893b4a6a607b4221a894bf861da7914e.r2.dev/988958730629564.mp4
video-missing    988958730629564 c0  (expected file not found in facebook/videos/english-seekho-2026-06-25)
uploaded         1033037325739194 c0  (video) ← 1033037325739194.mp4  → https://pub-893b4a6a607b4221a894bf861da7914e.r2.dev/1033037325739194.mp4
carried-forward  1379767887344638 c0  → https://pub-893b4a6a607b4221a894bf861da7914e.r2.dev/1379767887344638.mp4
carried-forward  1544003584137719 c0  → https://pub-893b4a6a607b4221a894bf861da7914e.r2.dev/1544003584137719.mp4
carried-forward  2265023264327733 c0  → https://pub-893b4a6a607b4221a894bf861da7914e.r2.dev/2265023264327733.mp4
carried-forward  4491755677746535 c0  → https://pub-893b4a6a607b4221a894bf861da7914e.r2.dev/4491755677746535.mp4
carried-forward  1302125191954780 c0  → https://pub-893b4a6a607b4221a894bf861da7914e.r2.dev/1302125191954780.mp4
uploaded         2459989331133158 c0  (video) ← 2459989331133158.mp4  → https://pub-893b4a6a607b4221a894bf861da7914e.r2.dev/2459989331133158.mp4
video-missing    2459989331133158 c0  (expected file not found in facebook/videos/english-seekho-2026-06-25)
uploaded         1002399022714860 c0  (video) ← 1002399022714860.mp4  → https://pub-893b4a6a607b4221a894bf861da7914e.r2.dev/1002399022714860.mp4
carried-forward  1046788934677841 c0  → https://pub-893b4a6a607b4221a894bf861da7914e.r2.dev/1046788934677841.mp4
carried-forward  1052103567500135 c0  → https://pub-893b4a6a607b4221a894bf861da7914e.r2.dev/1052103567500135.mp4
carried-forward  1373903987920898 c0  → https://pub-893b4a6a607b4221a894bf861da7914e.r2.dev/1373903987920898.mp4
carried-forward  2261710671330967 c0  → https://pub-893b4a6a607b4221a894bf861da7914e.r2.dev/2261710671330967.mp4
carried-forward  1498052845351971 c0  → https://pub-893b4a6a607b4221a894bf861da7914e.r2.dev/1498052845351971.mp4
uploaded         2037768870280868 c0  (video) ← 2037768870280868.mp4  → https://pub-893b4a6a607b4221a894bf861da7914e.r2.dev/2037768870280868.mp4
uploaded         2191388001773316 c0  (video) ← 2191388001773316.mp4  → https://pub-893b4a6a607b4221a894bf861da7914e.r2.dev/2191388001773316.mp4
video-missing    2191388001773316 c0  (expected file not found in facebook/videos/english-seekho-2026-06-25)
uploaded         4404859313114775 c0  (video) ← 4404859313114775.mp4  → https://pub-893b4a6a607b4221a894bf861da7914e.r2.dev/4404859313114775.mp4
video-missing    4404859313114775 c0  (expected file not found in facebook/videos/english-seekho-2026-06-25)
carried-forward  1643770476925443 c0  → https://pub-893b4a6a607b4221a894bf861da7914e.r2.dev/1643770476925443.mp4
uploaded         1057833703249477 c0  (video) ← 1057833703249477.mp4  → https://pub-893b4a6a607b4221a894bf861da7914e.r2.dev/1057833703249477.mp4
video-missing    1057833703249477 c0  (expected file not found in facebook/videos/english-seekho-2026-06-25)
carried-forward  1566419131498516 c0  → https://pub-893b4a6a607b4221a894bf861da7914e.r2.dev/1566419131498516.mp4
carried-forward  2479958372445611 c0  → https://pub-893b4a6a607b4221a894bf861da7914e.r2.dev/2479958372445611.mp4
carried-forward  1002874225960964 c0  → https://pub-893b4a6a607b4221a894bf861da7914e.r2.dev/1002874225960964.mp4
carried-forward  1327079042275821 c0  → https://pub-893b4a6a607b4221a894bf861da7914e.r2.dev/1327079042275821.mp4
carried-forward  1047625584875968 c0  → https://pub-893b4a6a607b4221a894bf861da7914e.r2.dev/1047625584875968.mp4
carried-forward  2457739524747956 c0  → https://pub-893b4a6a607b4221a894bf861da7914e.r2.dev/2457739524747956.mp4
uploaded         2623728131357423 c0  (video) ← 2623728131357423.mp4  → https://pub-893b4a6a607b4221a894bf861da7914e.r2.dev/2623728131357423.mp4
carried-forward  3887006608101122 c0  → https://pub-893b4a6a607b4221a894bf861da7914e.r2.dev/3887006608101122.mp4
uploaded         860935546665161 c0  (video) ← 860935546665161.mp4  → https://pub-893b4a6a607b4221a894bf861da7914e.r2.dev/860935546665161.mp4
video-missing    860935546665161 c0  (expected file not found in facebook/videos/english-seekho-2026-06-25)
uploaded         2577522882678116 c0  (video) ← 2577522882678116.mp4  → https://pub-893b4a6a607b4221a894bf861da7914e.r2.dev/2577522882678116.mp4
carried-forward  4419361311611834 c0  → https://pub-893b4a6a607b4221a894bf861da7914e.r2.dev/4419361311611834.mp4
uploaded         1548158910275403 c0  (video) ← 1548158910275403.mp4  → https://pub-893b4a6a607b4221a894bf861da7914e.r2.dev/1548158910275403.mp4
carried-forward  1432601425298442 c0  → https://pub-893b4a6a607b4221a894bf861da7914e.r2.dev/1432601425298442.mp4
uploaded         1293551286094512 c0  (video) ← 1293551286094512.mp4  → https://pub-893b4a6a607b4221a894bf861da7914e.r2.dev/1293551286094512.mp4
carried-forward  27355896097398956 c0  → https://pub-893b4a6a607b4221a894bf861da7914e.r2.dev/27355896097398956.mp4
video-missing    27355896097398956 c0  (expected file not found in facebook/videos/english-seekho-2026-06-25)
carried-forward  1430826552137036 c0  → https://pub-893b4a6a607b4221a894bf861da7914e.r2.dev/1430826552137036.mp4
carried-forward  1111579925381064 c0  → https://pub-893b4a6a607b4221a894bf861da7914e.r2.dev/1111579925381064.mp4
uploaded         1371816351472059 c0  (video) ← 1371816351472059.mp4  → https://pub-893b4a6a607b4221a894bf861da7914e.r2.dev/1371816351472059.mp4
uploaded         27317689501249767 c0  (video) ← 27317689501249767.mp4  → https://pub-893b4a6a607b4221a894bf861da7914e.r2.dev/27317689501249767.mp4
video-missing    27317689501249767 c0  (expected file not found in facebook/videos/english-seekho-2026-06-25)
carried-forward  2133403870549871 c0  → https://pub-893b4a6a607b4221a894bf861da7914e.r2.dev/2133403870549871.mp4
carried-forward  1561928775318709 c0  → https://pub-893b4a6a607b4221a894bf861da7914e.r2.dev/1561928775318709.mp4
carried-forward  2299324837553512 c0  → https://pub-893b4a6a607b4221a894bf861da7914e.r2.dev/2299324837553512.mp4
uploaded         1314891207516757 c0  (video) ← 1314891207516757.mp4  → https://pub-893b4a6a607b4221a894bf861da7914e.r2.dev/1314891207516757.mp4
video-missing    1314891207516757 c0  (expected file not found in facebook/videos/english-seekho-2026-06-25)
carried-forward  4395085614099165 c0  → https://pub-893b4a6a607b4221a894bf861da7914e.r2.dev/4395085614099165.mp4
video-missing    4395085614099165 c0  (expected file not found in facebook/videos/english-seekho-2026-06-25)
carried-forward  980161078224519 c0  → https://pub-893b4a6a607b4221a894bf861da7914e.r2.dev/980161078224519.mp4
carried-forward  1378445657484836 c0  → https://pub-893b4a6a607b4221a894bf861da7914e.r2.dev/1378445657484836.mp4
carried-forward  841180405485967 c0  → https://pub-893b4a6a607b4221a894bf861da7914e.r2.dev/841180405485967.mp4
uploaded         1504170984537704 c0  (video) ← 1504170984537704.mp4  → https://pub-893b4a6a607b4221a894bf861da7914e.r2.dev/1504170984537704.mp4
uploaded         3607823459368677 c0  (video) ← 3607823459368677.mp4  → https://pub-893b4a6a607b4221a894bf861da7914e.r2.dev/3607823459368677.mp4
uploaded         991962493442794 c0  (video) ← 991962493442794.mp4  → https://pub-893b4a6a607b4221a894bf861da7914e.r2.dev/991962493442794.mp4
video-missing    991962493442794 c0  (expected file not found in facebook/videos/english-seekho-2026-06-25)
carried-forward  1848795909431602 c0  → https://pub-893b4a6a607b4221a894bf861da7914e.r2.dev/1848795909431602.mp4
carried-forward  2498152363990605 c0  → https://pub-893b4a6a607b4221a894bf861da7914e.r2.dev/2498152363990605.mp4
carried-forward  4593334350903175 c0  → https://pub-893b4a6a607b4221a894bf861da7914e.r2.dev/4593334350903175.mp4
carried-forward  1027893896488146 c0  → https://pub-893b4a6a607b4221a894bf861da7914e.r2.dev/1027893896488146.mp4
carried-forward  975268145345971 c0  → https://pub-893b4a6a607b4221a894bf861da7914e.r2.dev/975268145345971.mp4
uploaded         1717353739307487 c0  (video) ← 1717353739307487.mp4  → https://pub-893b4a6a607b4221a894bf861da7914e.r2.dev/1717353739307487.mp4
uploaded         805915929154160 c0  (video) ← 805915929154160.mp4  → https://pub-893b4a6a607b4221a894bf861da7914e.r2.dev/805915929154160.mp4
carried-forward  992003716779713 c0  → https://pub-893b4a6a607b4221a894bf861da7914e.r2.dev/992003716779713.mp4
carried-forward  1009419671474140 c0  → https://pub-893b4a6a607b4221a894bf861da7914e.r2.dev/1009419671474140.mp4
carried-forward  1621125992313271 c0  → https://pub-893b4a6a607b4221a894bf861da7914e.r2.dev/1621125992313271.mp4
carried-forward  1631231877980337 c0  → https://pub-893b4a6a607b4221a894bf861da7914e.r2.dev/1631231877980337.mp4
carried-forward  2203629803825194 c0  → https://pub-893b4a6a607b4221a894bf861da7914e.r2.dev/2203629803825194.mp4
uploaded         3805916236217765 c0  (video) ← 3805916236217765.mp4  → https://pub-893b4a6a607b4221a894bf861da7914e.r2.dev/3805916236217765.mp4
carried-forward  1044245161282404 c0  → https://pub-893b4a6a607b4221a894bf861da7914e.r2.dev/1044245161282404.mp4
uploaded         1580590853449315 c0  (video) ← 1580590853449315.mp4  → https://pub-893b4a6a607b4221a894bf861da7914e.r2.dev/1580590853449315.mp4
carried-forward  1754687252206659 c0  → https://pub-893b4a6a607b4221a894bf861da7914e.r2.dev/1754687252206659.mp4
video-missing    1754687252206659 c0  (expected file not found in facebook/videos/english-seekho-2026-06-25)
uploaded         1018511234269314 c0  (video) ← 1018511234269314.mp4  → https://pub-893b4a6a607b4221a894bf861da7914e.r2.dev/1018511234269314.mp4
carried-forward  1029412962948129 c0  → https://pub-893b4a6a607b4221a894bf861da7914e.r2.dev/1029412962948129.mp4
carried-forward  1323849876545623 c0  → https://pub-893b4a6a607b4221a894bf861da7914e.r2.dev/1323849876545623.mp4
uploaded         1544212420736078 c0  (video) ← 1544212420736078.mp4  → https://pub-893b4a6a607b4221a894bf861da7914e.r2.dev/1544212420736078.mp4
uploaded         1981211102758395 c0  (video) ← 1981211102758395.mp4  → https://pub-893b4a6a607b4221a894bf861da7914e.r2.dev/1981211102758395.mp4
