# Step 3 run log
# competitor : english-seekho
# started_at : 2026-07-02T06:40:17
# input      : facebook/inputs/fb-ads-english-seekho-2026-07-02-0631.csv
# videos     : facebook/videos/english-seekho-2026-07-02
# master     : facebook/master/english-seekho.csv  (updated)
# enriched   : facebook/inputs/fb-ads-english-seekho-2026-07-02-0631_enriched.csv
# bucket     : video-ads
# public_base: https://pub-893b4a6a607b4221a894bf861da7914e.r2.dev
# dry_run    : False
#
# counts     : {'uploaded': 82, 'carried-forward': 218, 'image-pending': 0, 'video-missing': 40, 'no-creative': 0, 'error': 0}
#
carried-forward  985533387662266 c0  → https://pub-893b4a6a607b4221a894bf861da7914e.r2.dev/985533387662266.mp4
video-missing    985533387662266 c0  (expected file not found in facebook/videos/english-seekho-2026-07-02)
carried-forward  989474957025076 c0  → https://pub-893b4a6a607b4221a894bf861da7914e.r2.dev/989474957025076.mp4
video-missing    989474957025076 c0  (expected file not found in facebook/videos/english-seekho-2026-07-02)
carried-forward  2018888478732564 c0  → https://pub-893b4a6a607b4221a894bf861da7914e.r2.dev/2018888478732564.mp4
carried-forward  873021038754328 c0  → https://pub-893b4a6a607b4221a894bf861da7914e.r2.dev/873021038754328.mp4
carried-forward  885862810591427 c0  → https://pub-893b4a6a607b4221a894bf861da7914e.r2.dev/885862810591427.mp4
carried-forward  1289129073383437 c0  → https://pub-893b4a6a607b4221a894bf861da7914e.r2.dev/1289129073383437.mp4
carried-forward  1030481159453297 c0  → https://pub-893b4a6a607b4221a894bf861da7914e.r2.dev/1030481159453297.mp4
uploaded         1406417581323446 c0  (video) ← 1406417581323446.mp4  → https://pub-893b4a6a607b4221a894bf861da7914e.r2.dev/1406417581323446.mp4
video-missing    1406417581323446 c0  (expected file not found in facebook/videos/english-seekho-2026-07-02)
carried-forward  1551327579687774 c0  → https://pub-893b4a6a607b4221a894bf861da7914e.r2.dev/1551327579687774.mp4
video-missing    1551327579687774 c0  (expected file not found in facebook/videos/english-seekho-2026-07-02)
uploaded         1560695732431858 c0  (video) ← 1560695732431858.mp4  → https://pub-893b4a6a607b4221a894bf861da7914e.r2.dev/1560695732431858.mp4
video-missing    1560695732431858 c0  (expected file not found in facebook/videos/english-seekho-2026-07-02)
carried-forward  2209878306413733 c0  → https://pub-893b4a6a607b4221a894bf861da7914e.r2.dev/2209878306413733.mp4
video-missing    2209878306413733 c0  (expected file not found in facebook/videos/english-seekho-2026-07-02)
carried-forward  1681179916439914 c0  → https://pub-893b4a6a607b4221a894bf861da7914e.r2.dev/1681179916439914.mp4
video-missing    1681179916439914 c0  (expected file not found in facebook/videos/english-seekho-2026-07-02)
video-missing    1681179916439914 c0  (expected file not found in facebook/videos/english-seekho-2026-07-02)
carried-forward  1518594126387614 c0  → https://pub-893b4a6a607b4221a894bf861da7914e.r2.dev/1518594126387614.mp4
carried-forward  1019280954396091 c0  → https://pub-893b4a6a607b4221a894bf861da7914e.r2.dev/1019280954396091.mp4
video-missing    1019280954396091 c0  (expected file not found in facebook/videos/english-seekho-2026-07-02)
carried-forward  4355411478052722 c0  → https://pub-893b4a6a607b4221a894bf861da7914e.r2.dev/4355411478052722.mp4
carried-forward  1021041514250343 c0  → https://pub-893b4a6a607b4221a894bf861da7914e.r2.dev/1021041514250343.mp4
carried-forward  1260469682675863 c0  → https://pub-893b4a6a607b4221a894bf861da7914e.r2.dev/1260469682675863.mp4
carried-forward  1699760197792223 c0  → https://pub-893b4a6a607b4221a894bf861da7914e.r2.dev/1699760197792223.mp4
carried-forward  2205834800200196 c0  → https://pub-893b4a6a607b4221a894bf861da7914e.r2.dev/2205834800200196.mp4
carried-forward  1748285756361960 c0  → https://pub-893b4a6a607b4221a894bf861da7914e.r2.dev/1748285756361960.mp4
video-missing    1748285756361960 c0  (expected file not found in facebook/videos/english-seekho-2026-07-02)
carried-forward  1014456487800871 c0  → https://pub-893b4a6a607b4221a894bf861da7914e.r2.dev/1014456487800871.mp4
video-missing    1014456487800871 c0  (expected file not found in facebook/videos/english-seekho-2026-07-02)
carried-forward  1580206837058054 c0  → https://pub-893b4a6a607b4221a894bf861da7914e.r2.dev/1580206837058054.mp4
video-missing    1580206837058054 c0  (expected file not found in facebook/videos/english-seekho-2026-07-02)
carried-forward  992773516690548 c0  → https://pub-893b4a6a607b4221a894bf861da7914e.r2.dev/992773516690548.mp4
carried-forward  883414924661759 c0  → https://pub-893b4a6a607b4221a894bf861da7914e.r2.dev/883414924661759.mp4
carried-forward  1566236988412994 c0  → https://pub-893b4a6a607b4221a894bf861da7914e.r2.dev/1566236988412994.mp4
carried-forward  999994179437771 c0  → https://pub-893b4a6a607b4221a894bf861da7914e.r2.dev/999994179437771.mp4
video-missing    999994179437771 c0  (expected file not found in facebook/videos/english-seekho-2026-07-02)
carried-forward  1013023587804896 c0  → https://pub-893b4a6a607b4221a894bf861da7914e.r2.dev/1013023587804896.mp4
video-missing    1013023587804896 c0  (expected file not found in facebook/videos/english-seekho-2026-07-02)
carried-forward  2152508018617561 c0  → https://pub-893b4a6a607b4221a894bf861da7914e.r2.dev/2152508018617561.mp4
carried-forward  846746431580534 c0  → https://pub-893b4a6a607b4221a894bf861da7914e.r2.dev/846746431580534.mp4
carried-forward  871564259326574 c0  → https://pub-893b4a6a607b4221a894bf861da7914e.r2.dev/871564259326574.mp4
carried-forward  4449032692079781 c0  → https://pub-893b4a6a607b4221a894bf861da7914e.r2.dev/4449032692079781.mp4
uploaded         1006570045559226 c0  (video) ← 1006570045559226.mp4  → https://pub-893b4a6a607b4221a894bf861da7914e.r2.dev/1006570045559226.mp4
video-missing    1006570045559226 c0  (expected file not found in facebook/videos/english-seekho-2026-07-02)
carried-forward  1549761863456981 c0  → https://pub-893b4a6a607b4221a894bf861da7914e.r2.dev/1549761863456981.mp4
carried-forward  2057759528145315 c0  → https://pub-893b4a6a607b4221a894bf861da7914e.r2.dev/2057759528145315.mp4
carried-forward  4462667594015020 c0  → https://pub-893b4a6a607b4221a894bf861da7914e.r2.dev/4462667594015020.mp4
carried-forward  995004486736404 c0  → https://pub-893b4a6a607b4221a894bf861da7914e.r2.dev/995004486736404.mp4
carried-forward  1525437235985669 c0  → https://pub-893b4a6a607b4221a894bf861da7914e.r2.dev/1525437235985669.mp4
carried-forward  1329716809342445 c0  → https://pub-893b4a6a607b4221a894bf861da7914e.r2.dev/1329716809342445.mp4
carried-forward  1073974488628392 c0  → https://pub-893b4a6a607b4221a894bf861da7914e.r2.dev/1073974488628392.mp4
carried-forward  1037885932008729 c0  → https://pub-893b4a6a607b4221a894bf861da7914e.r2.dev/1037885932008729.mp4
video-missing    1037885932008729 c0  (expected file not found in facebook/videos/english-seekho-2026-07-02)
carried-forward  2284073262000543 c0  → https://pub-893b4a6a607b4221a894bf861da7914e.r2.dev/2284073262000543.mp4
carried-forward  989974220692229 c0  → https://pub-893b4a6a607b4221a894bf861da7914e.r2.dev/989974220692229.mp4
video-missing    989974220692229 c0  (expected file not found in facebook/videos/english-seekho-2026-07-02)
carried-forward  1193274679606735 c0  → https://pub-893b4a6a607b4221a894bf861da7914e.r2.dev/1193274679606735.mp4
video-missing    1193274679606735 c0  (expected file not found in facebook/videos/english-seekho-2026-07-02)
carried-forward  4595374774118114 c0  → https://pub-893b4a6a607b4221a894bf861da7914e.r2.dev/4595374774118114.mp4
carried-forward  3163699757156529 c0  → https://pub-893b4a6a607b4221a894bf861da7914e.r2.dev/3163699757156529.mp4
carried-forward  1223700476600723 c0  → https://pub-893b4a6a607b4221a894bf861da7914e.r2.dev/1223700476600723.mp4
carried-forward  1366714225383108 c0  → https://pub-893b4a6a607b4221a894bf861da7914e.r2.dev/1366714225383108.mp4
carried-forward  2152429472156703 c0  → https://pub-893b4a6a607b4221a894bf861da7914e.r2.dev/2152429472156703.mp4
carried-forward  1472313281246256 c0  → https://pub-893b4a6a607b4221a894bf861da7914e.r2.dev/1472313281246256.mp4
carried-forward  2710465069347261 c0  → https://pub-893b4a6a607b4221a894bf861da7914e.r2.dev/2710465069347261.mp4
carried-forward  1392932499474612 c0  → https://pub-893b4a6a607b4221a894bf861da7914e.r2.dev/1392932499474612.mp4
carried-forward  988958730629564 c0  → https://pub-893b4a6a607b4221a894bf861da7914e.r2.dev/988958730629564.mp4
carried-forward  1533195354964644 c0  → https://pub-893b4a6a607b4221a894bf861da7914e.r2.dev/1533195354964644.mp4
carried-forward  2250084872471619 c0  → https://pub-893b4a6a607b4221a894bf861da7914e.r2.dev/2250084872471619.mp4
video-missing    2250084872471619 c0  (expected file not found in facebook/videos/english-seekho-2026-07-02)
carried-forward  1013882284521219 c0  → https://pub-893b4a6a607b4221a894bf861da7914e.r2.dev/1013882284521219.mp4
carried-forward  1414490704064865 c0  → https://pub-893b4a6a607b4221a894bf861da7914e.r2.dev/1414490704064865.mp4
carried-forward  1550767846941355 c0  → https://pub-893b4a6a607b4221a894bf861da7914e.r2.dev/1550767846941355.mp4
carried-forward  1014900067589638 c0  → https://pub-893b4a6a607b4221a894bf861da7914e.r2.dev/1014900067589638.mp4
carried-forward  888335133660166 c0  → https://pub-893b4a6a607b4221a894bf861da7914e.r2.dev/888335133660166.mp4
carried-forward  4404859313114775 c0  → https://pub-893b4a6a607b4221a894bf861da7914e.r2.dev/4404859313114775.mp4
carried-forward  1364784788843978 c0  → https://pub-893b4a6a607b4221a894bf861da7914e.r2.dev/1364784788843978.mp4
uploaded         964312089944828 c0  (video) ← 964312089944828.mp4  → https://pub-893b4a6a607b4221a894bf861da7914e.r2.dev/964312089944828.mp4
video-missing    964312089944828 c0  (expected file not found in facebook/videos/english-seekho-2026-07-02)
carried-forward  1025441466769457 c0  → https://pub-893b4a6a607b4221a894bf861da7914e.r2.dev/1025441466769457.mp4
video-missing    1025441466769457 c0  (expected file not found in facebook/videos/english-seekho-2026-07-02)
carried-forward  2280391339164492 c0  → https://pub-893b4a6a607b4221a894bf861da7914e.r2.dev/2280391339164492.mp4
carried-forward  1331978341738560 c0  → https://pub-893b4a6a607b4221a894bf861da7914e.r2.dev/1331978341738560.mp4
carried-forward  1561914735451606 c0  → https://pub-893b4a6a607b4221a894bf861da7914e.r2.dev/1561914735451606.mp4
carried-forward  1641629937137441 c0  → https://pub-893b4a6a607b4221a894bf861da7914e.r2.dev/1641629937137441.mp4
carried-forward  2591967137926271 c0  → https://pub-893b4a6a607b4221a894bf861da7914e.r2.dev/2591967137926271.mp4
carried-forward  3187076728157852 c0  → https://pub-893b4a6a607b4221a894bf861da7914e.r2.dev/3187076728157852.mp4
carried-forward  1961729674555213 c0  → https://pub-893b4a6a607b4221a894bf861da7914e.r2.dev/1961729674555213.mp4
carried-forward  1478126110733286 c0  → https://pub-893b4a6a607b4221a894bf861da7914e.r2.dev/1478126110733286.mp4
carried-forward  1052103567500135 c0  → https://pub-893b4a6a607b4221a894bf861da7914e.r2.dev/1052103567500135.mp4
carried-forward  1466382221844827 c0  → https://pub-893b4a6a607b4221a894bf861da7914e.r2.dev/1466382221844827.mp4
carried-forward  2307285850076149 c0  → https://pub-893b4a6a607b4221a894bf861da7914e.r2.dev/2307285850076149.mp4
carried-forward  2158276205120740 c0  → https://pub-893b4a6a607b4221a894bf861da7914e.r2.dev/2158276205120740.mp4
carried-forward  2854895638221000 c0  → https://pub-893b4a6a607b4221a894bf861da7914e.r2.dev/2854895638221000.mp4
carried-forward  2453287415158391 c0  → https://pub-893b4a6a607b4221a894bf861da7914e.r2.dev/2453287415158391.mp4
carried-forward  1599953378390361 c0  → https://pub-893b4a6a607b4221a894bf861da7914e.r2.dev/1599953378390361.mp4
carried-forward  1742223770287191 c0  → https://pub-893b4a6a607b4221a894bf861da7914e.r2.dev/1742223770287191.mp4
video-missing    1742223770287191 c0  (expected file not found in facebook/videos/english-seekho-2026-07-02)
carried-forward  1569302308257783 c0  → https://pub-893b4a6a607b4221a894bf861da7914e.r2.dev/1569302308257783.mp4
video-missing    1569302308257783 c0  (expected file not found in facebook/videos/english-seekho-2026-07-02)
carried-forward  1371089134938141 c0  → https://pub-893b4a6a607b4221a894bf861da7914e.r2.dev/1371089134938141.mp4
carried-forward  1310820357871751 c0  → https://pub-893b4a6a607b4221a894bf861da7914e.r2.dev/1310820357871751.mp4
carried-forward  1016711277501426 c0  → https://pub-893b4a6a607b4221a894bf861da7914e.r2.dev/1016711277501426.mp4
carried-forward  1925971998080083 c0  → https://pub-893b4a6a607b4221a894bf861da7914e.r2.dev/1925971998080083.mp4
carried-forward  1808954107158548 c0  → https://pub-893b4a6a607b4221a894bf861da7914e.r2.dev/1808954107158548.mp4
carried-forward  2449267882206681 c0  → https://pub-893b4a6a607b4221a894bf861da7914e.r2.dev/2449267882206681.mp4
carried-forward  1448206524007617 c0  → https://pub-893b4a6a607b4221a894bf861da7914e.r2.dev/1448206524007617.mp4
carried-forward  1550387139803494 c0  → https://pub-893b4a6a607b4221a894bf861da7914e.r2.dev/1550387139803494.mp4
carried-forward  1021299320653057 c0  → https://pub-893b4a6a607b4221a894bf861da7914e.r2.dev/1021299320653057.mp4
carried-forward  855269107269308 c0  → https://pub-893b4a6a607b4221a894bf861da7914e.r2.dev/855269107269308.mp4
carried-forward  27596942579922918 c0  → https://pub-893b4a6a607b4221a894bf861da7914e.r2.dev/27596942579922918.mp4
carried-forward  27355896097398956 c0  → https://pub-893b4a6a607b4221a894bf861da7914e.r2.dev/27355896097398956.mp4
carried-forward  1385296530129167 c0  → https://pub-893b4a6a607b4221a894bf861da7914e.r2.dev/1385296530129167.mp4
carried-forward  1030350836005309 c0  → https://pub-893b4a6a607b4221a894bf861da7914e.r2.dev/1030350836005309.mp4
video-missing    1030350836005309 c0  (expected file not found in facebook/videos/english-seekho-2026-07-02)
carried-forward  1634590185335796 c0  → https://pub-893b4a6a607b4221a894bf861da7914e.r2.dev/1634590185335796.mp4
video-missing    1634590185335796 c0  (expected file not found in facebook/videos/english-seekho-2026-07-02)
carried-forward  1008695968233040 c0  → https://pub-893b4a6a607b4221a894bf861da7914e.r2.dev/1008695968233040.mp4
video-missing    1008695968233040 c0  (expected file not found in facebook/videos/english-seekho-2026-07-02)
carried-forward  1375587744419500 c0  → https://pub-893b4a6a607b4221a894bf861da7914e.r2.dev/1375587744419500.mp4
carried-forward  935488209549155 c0  → https://pub-893b4a6a607b4221a894bf861da7914e.r2.dev/935488209549155.mp4
carried-forward  1018511234269314 c0  → https://pub-893b4a6a607b4221a894bf861da7914e.r2.dev/1018511234269314.mp4
carried-forward  2201883133941569 c0  → https://pub-893b4a6a607b4221a894bf861da7914e.r2.dev/2201883133941569.mp4
carried-forward  4395085614099165 c0  → https://pub-893b4a6a607b4221a894bf861da7914e.r2.dev/4395085614099165.mp4
video-missing    4395085614099165 c0  (expected file not found in facebook/videos/english-seekho-2026-07-02)
carried-forward  2101031297465197 c0  → https://pub-893b4a6a607b4221a894bf861da7914e.r2.dev/2101031297465197.mp4
carried-forward  1781211133045778 c0  → https://pub-893b4a6a607b4221a894bf861da7914e.r2.dev/1781211133045778.mp4
carried-forward  4458237891109283 c0  → https://pub-893b4a6a607b4221a894bf861da7914e.r2.dev/4458237891109283.mp4
carried-forward  2086474589415548 c0  → https://pub-893b4a6a607b4221a894bf861da7914e.r2.dev/2086474589415548.mp4
carried-forward  2289892785083094 c0  → https://pub-893b4a6a607b4221a894bf861da7914e.r2.dev/2289892785083094.mp4
carried-forward  1803840914109343 c0  → https://pub-893b4a6a607b4221a894bf861da7914e.r2.dev/1803840914109343.mp4
carried-forward  3738019016337432 c0  → https://pub-893b4a6a607b4221a894bf861da7914e.r2.dev/3738019016337432.mp4
carried-forward  1360549895753796 c0  → https://pub-893b4a6a607b4221a894bf861da7914e.r2.dev/1360549895753796.mp4
carried-forward  3607823459368677 c0  → https://pub-893b4a6a607b4221a894bf861da7914e.r2.dev/3607823459368677.mp4
carried-forward  1338970468348134 c0  → https://pub-893b4a6a607b4221a894bf861da7914e.r2.dev/1338970468348134.mp4
uploaded         1036594879320365 c0  (video) ← 1036594879320365.mp4  → https://pub-893b4a6a607b4221a894bf861da7914e.r2.dev/1036594879320365.mp4
video-missing    1036594879320365 c0  (expected file not found in facebook/videos/english-seekho-2026-07-02)
carried-forward  1548158910275403 c0  → https://pub-893b4a6a607b4221a894bf861da7914e.r2.dev/1548158910275403.mp4
carried-forward  3382105481971159 c0  → https://pub-893b4a6a607b4221a894bf861da7914e.r2.dev/3382105481971159.mp4
carried-forward  2069551497104811 c0  → https://pub-893b4a6a607b4221a894bf861da7914e.r2.dev/2069551497104811.mp4
carried-forward  3098326293684794 c0  → https://pub-893b4a6a607b4221a894bf861da7914e.r2.dev/3098326293684794.mp4
uploaded         2069089776978031 c0  (video) ← 2069089776978031.mp4  → https://pub-893b4a6a607b4221a894bf861da7914e.r2.dev/2069089776978031.mp4
carried-forward  28740456275544709 c0  → https://pub-893b4a6a607b4221a894bf861da7914e.r2.dev/28740456275544709.mp4
carried-forward  2299324837553512 c0  → https://pub-893b4a6a607b4221a894bf861da7914e.r2.dev/2299324837553512.mp4
carried-forward  1565854425161369 c0  → https://pub-893b4a6a607b4221a894bf861da7914e.r2.dev/1565854425161369.mp4
carried-forward  1033037325739194 c0  → https://pub-893b4a6a607b4221a894bf861da7914e.r2.dev/1033037325739194.mp4
uploaded         5201427430083462 c0  (video) ← 5201427430083462.mp4  → https://pub-893b4a6a607b4221a894bf861da7914e.r2.dev/5201427430083462.mp4
video-missing    5201427430083462 c0  (expected file not found in facebook/videos/english-seekho-2026-07-02)
carried-forward  922682520699920 c0  → https://pub-893b4a6a607b4221a894bf861da7914e.r2.dev/922682520699920.mp4
carried-forward  1370316518351776 c0  → https://pub-893b4a6a607b4221a894bf861da7914e.r2.dev/1370316518351776.mp4
carried-forward  1485257069470905 c0  → https://pub-893b4a6a607b4221a894bf861da7914e.r2.dev/1485257069470905.mp4
carried-forward  2062686851122576 c0  → https://pub-893b4a6a607b4221a894bf861da7914e.r2.dev/2062686851122576.mp4
video-missing    2062686851122576 c0  (expected file not found in facebook/videos/english-seekho-2026-07-02)
carried-forward  767456879118205 c0  → https://pub-893b4a6a607b4221a894bf861da7914e.r2.dev/767456879118205.mp4
carried-forward  2262866804533252 c0  → https://pub-893b4a6a607b4221a894bf861da7914e.r2.dev/2262866804533252.mp4
carried-forward  1663600331420909 c0  → https://pub-893b4a6a607b4221a894bf861da7914e.r2.dev/1663600331420909.mp4
carried-forward  1908450636707359 c0  → https://pub-893b4a6a607b4221a894bf861da7914e.r2.dev/1908450636707359.mp4
carried-forward  1437806384778302 c0  → https://pub-893b4a6a607b4221a894bf861da7914e.r2.dev/1437806384778302.mp4
carried-forward  1558750499203337 c0  → https://pub-893b4a6a607b4221a894bf861da7914e.r2.dev/1558750499203337.mp4
carried-forward  1949116122455857 c0  → https://pub-893b4a6a607b4221a894bf861da7914e.r2.dev/1949116122455857.mp4
carried-forward  1552152966609413 c0  → https://pub-893b4a6a607b4221a894bf861da7914e.r2.dev/1552152966609413.mp4
carried-forward  2674686452896226 c0  → https://pub-893b4a6a607b4221a894bf861da7914e.r2.dev/2674686452896226.mp4
carried-forward  1057833703249477 c0  → https://pub-893b4a6a607b4221a894bf861da7914e.r2.dev/1057833703249477.mp4
video-missing    1057833703249477 c0  (expected file not found in facebook/videos/english-seekho-2026-07-02)
carried-forward  1013834224460527 c0  → https://pub-893b4a6a607b4221a894bf861da7914e.r2.dev/1013834224460527.mp4
uploaded         2424533128026043 c0  (video) ← 2424533128026043.mp4  → https://pub-893b4a6a607b4221a894bf861da7914e.r2.dev/2424533128026043.mp4
carried-forward  989043553899179 c0  → https://pub-893b4a6a607b4221a894bf861da7914e.r2.dev/989043553899179.mp4
carried-forward  1506917687899008 c0  → https://pub-893b4a6a607b4221a894bf861da7914e.r2.dev/1506917687899008.mp4
carried-forward  1501154984318432 c0  → https://pub-893b4a6a607b4221a894bf861da7914e.r2.dev/1501154984318432.mp4
carried-forward  1683181803008249 c0  → https://pub-893b4a6a607b4221a894bf861da7914e.r2.dev/1683181803008249.mp4
carried-forward  1688950885654154 c0  → https://pub-893b4a6a607b4221a894bf861da7914e.r2.dev/1688950885654154.mp4
uploaded         1564818325074026 c0  (video) ← 1564818325074026.mp4  → https://pub-893b4a6a607b4221a894bf861da7914e.r2.dev/1564818325074026.mp4
carried-forward  1476645587385501 c0  → https://pub-893b4a6a607b4221a894bf861da7914e.r2.dev/1476645587385501.mp4
carried-forward  2240311443468915 c0  → https://pub-893b4a6a607b4221a894bf861da7914e.r2.dev/2240311443468915.mp4
carried-forward  2491978981265778 c0  → https://pub-893b4a6a607b4221a894bf861da7914e.r2.dev/2491978981265778.mp4
video-missing    2491978981265778 c0  (expected file not found in facebook/videos/english-seekho-2026-07-02)
uploaded         2007033040176007 c0  (video) ← 2007033040176007.mp4  → https://pub-893b4a6a607b4221a894bf861da7914e.r2.dev/2007033040176007.mp4
carried-forward  1244507290916309 c0  → https://pub-893b4a6a607b4221a894bf861da7914e.r2.dev/1244507290916309.mp4
carried-forward  4379825375635044 c0  → https://pub-893b4a6a607b4221a894bf861da7914e.r2.dev/4379825375635044.mp4
carried-forward  1058989673456910 c0  → https://pub-893b4a6a607b4221a894bf861da7914e.r2.dev/1058989673456910.mp4
carried-forward  1798711957512384 c0  → https://pub-893b4a6a607b4221a894bf861da7914e.r2.dev/1798711957512384.mp4
carried-forward  980161078224519 c0  → https://pub-893b4a6a607b4221a894bf861da7914e.r2.dev/980161078224519.mp4
carried-forward  940652455663725 c0  → https://pub-893b4a6a607b4221a894bf861da7914e.r2.dev/940652455663725.mp4
carried-forward  1217329830515440 c0  → https://pub-893b4a6a607b4221a894bf861da7914e.r2.dev/1217329830515440.mp4
uploaded         909641275488956 c0  (video) ← 909641275488956.mp4  → https://pub-893b4a6a607b4221a894bf861da7914e.r2.dev/909641275488956.mp4
carried-forward  1082352251117527 c0  → https://pub-893b4a6a607b4221a894bf861da7914e.r2.dev/1082352251117527.mp4
carried-forward  1210251577301882 c0  → https://pub-893b4a6a607b4221a894bf861da7914e.r2.dev/1210251577301882.mp4
carried-forward  992134860252420 c0  → https://pub-893b4a6a607b4221a894bf861da7914e.r2.dev/992134860252420.mp4
uploaded         27972836402302070 c0  (video) ← 27972836402302070.mp4  → https://pub-893b4a6a607b4221a894bf861da7914e.r2.dev/27972836402302070.mp4
carried-forward  1116123194536720 c0  → https://pub-893b4a6a607b4221a894bf861da7914e.r2.dev/1116123194536720.mp4
carried-forward  1868096310508725 c0  → https://pub-893b4a6a607b4221a894bf861da7914e.r2.dev/1868096310508725.mp4
carried-forward  2176910723137201 c0  → https://pub-893b4a6a607b4221a894bf861da7914e.r2.dev/2176910723137201.mp4
carried-forward  769511858914323 c0  → https://pub-893b4a6a607b4221a894bf861da7914e.r2.dev/769511858914323.mp4
uploaded         1059458330098024 c0  (video) ← 1059458330098024.mp4  → https://pub-893b4a6a607b4221a894bf861da7914e.r2.dev/1059458330098024.mp4
carried-forward  1419054459866080 c0  → https://pub-893b4a6a607b4221a894bf861da7914e.r2.dev/1419054459866080.mp4
carried-forward  1293551286094512 c0  → https://pub-893b4a6a607b4221a894bf861da7914e.r2.dev/1293551286094512.mp4
carried-forward  1905133330090659 c0  → https://pub-893b4a6a607b4221a894bf861da7914e.r2.dev/1905133330090659.mp4
uploaded         843984608591122 c0  (video) ← 843984608591122.mp4  → https://pub-893b4a6a607b4221a894bf861da7914e.r2.dev/843984608591122.mp4
uploaded         1041889355462447 c0  (video) ← 1041889355462447.mp4  → https://pub-893b4a6a607b4221a894bf861da7914e.r2.dev/1041889355462447.mp4
video-missing    1041889355462447 c0  (expected file not found in facebook/videos/english-seekho-2026-07-02)
carried-forward  1517554036505986 c0  → https://pub-893b4a6a607b4221a894bf861da7914e.r2.dev/1517554036505986.mp4
carried-forward  1522254569489888 c0  → https://pub-893b4a6a607b4221a894bf861da7914e.r2.dev/1522254569489888.mp4
carried-forward  1251191153618197 c0  → https://pub-893b4a6a607b4221a894bf861da7914e.r2.dev/1251191153618197.mp4
uploaded         1650177822714192 c0  (video) ← 1650177822714192.mp4  → https://pub-893b4a6a607b4221a894bf861da7914e.r2.dev/1650177822714192.mp4
uploaded         3101750373549308 c0  (video) ← 3101750373549308.mp4  → https://pub-893b4a6a607b4221a894bf861da7914e.r2.dev/3101750373549308.mp4
uploaded         27416435604714687 c0  (video) ← 27416435604714687.mp4  → https://pub-893b4a6a607b4221a894bf861da7914e.r2.dev/27416435604714687.mp4
carried-forward  1897670861193161 c0  → https://pub-893b4a6a607b4221a894bf861da7914e.r2.dev/1897670861193161.mp4
carried-forward  1725067598623459 c0  → https://pub-893b4a6a607b4221a894bf861da7914e.r2.dev/1725067598623459.mp4
carried-forward  1502392968556177 c0  → https://pub-893b4a6a607b4221a894bf861da7914e.r2.dev/1502392968556177.mp4
uploaded         954975917572893 c0  (video) ← 954975917572893.mp4  → https://pub-893b4a6a607b4221a894bf861da7914e.r2.dev/954975917572893.mp4
uploaded         1554885109672384 c0  (video) ← 1554885109672384.mp4  → https://pub-893b4a6a607b4221a894bf861da7914e.r2.dev/1554885109672384.mp4
carried-forward  2015119902365104 c0  → https://pub-893b4a6a607b4221a894bf861da7914e.r2.dev/2015119902365104.mp4
uploaded         2093326528225883 c0  (video) ← 2093326528225883.mp4  → https://pub-893b4a6a607b4221a894bf861da7914e.r2.dev/2093326528225883.mp4
carried-forward  2535424746879075 c0  → https://pub-893b4a6a607b4221a894bf861da7914e.r2.dev/2535424746879075.mp4
uploaded         1020647043879241 c0  (video) ← 1020647043879241.mp4  → https://pub-893b4a6a607b4221a894bf861da7914e.r2.dev/1020647043879241.mp4
carried-forward  1430826552137036 c0  → https://pub-893b4a6a607b4221a894bf861da7914e.r2.dev/1430826552137036.mp4
carried-forward  1745554799947259 c0  → https://pub-893b4a6a607b4221a894bf861da7914e.r2.dev/1745554799947259.mp4
uploaded         1532204182032533 c0  (video) ← 1532204182032533.mp4  → https://pub-893b4a6a607b4221a894bf861da7914e.r2.dev/1532204182032533.mp4
uploaded         4350025138579948 c0  (video) ← 4350025138579948.mp4  → https://pub-893b4a6a607b4221a894bf861da7914e.r2.dev/4350025138579948.mp4
carried-forward  1776427543722557 c0  → https://pub-893b4a6a607b4221a894bf861da7914e.r2.dev/1776427543722557.mp4
carried-forward  608640915677208 c0  → https://pub-893b4a6a607b4221a894bf861da7914e.r2.dev/608640915677208.mp4
uploaded         1704514020596559 c0  (video) ← 1704514020596559.mp4  → https://pub-893b4a6a607b4221a894bf861da7914e.r2.dev/1704514020596559.mp4
carried-forward  1777741150337556 c0  → https://pub-893b4a6a607b4221a894bf861da7914e.r2.dev/1777741150337556.mp4
carried-forward  1229348518532340 c0  → https://pub-893b4a6a607b4221a894bf861da7914e.r2.dev/1229348518532340.mp4
uploaded         1653238445742575 c0  (video) ← 1653238445742575.mp4  → https://pub-893b4a6a607b4221a894bf861da7914e.r2.dev/1653238445742575.mp4
uploaded         2057028644939830 c0  (video) ← 2057028644939830.mp4  → https://pub-893b4a6a607b4221a894bf861da7914e.r2.dev/2057028644939830.mp4
uploaded         1340681007609453 c0  (video) ← 1340681007609453.mp4  → https://pub-893b4a6a607b4221a894bf861da7914e.r2.dev/1340681007609453.mp4
uploaded         2694182044311579 c0  (video) ← 2694182044311579.mp4  → https://pub-893b4a6a607b4221a894bf861da7914e.r2.dev/2694182044311579.mp4
carried-forward  1054948106795031 c0  → https://pub-893b4a6a607b4221a894bf861da7914e.r2.dev/1054948106795031.mp4
carried-forward  25537890735891271 c0  → https://pub-893b4a6a607b4221a894bf861da7914e.r2.dev/25537890735891271.mp4
carried-forward  1207813628104720 c0  → https://pub-893b4a6a607b4221a894bf861da7914e.r2.dev/1207813628104720.mp4
uploaded         1031148335935961 c0  (video) ← 1031148335935961.mp4  → https://pub-893b4a6a607b4221a894bf861da7914e.r2.dev/1031148335935961.mp4
uploaded         1521345795589166 c0  (video) ← 1521345795589166.mp4  → https://pub-893b4a6a607b4221a894bf861da7914e.r2.dev/1521345795589166.mp4
uploaded         1541362084004262 c0  (video) ← 1541362084004262.mp4  → https://pub-893b4a6a607b4221a894bf861da7914e.r2.dev/1541362084004262.mp4
uploaded         2721210311608477 c0  (video) ← 2721210311608477.mp4  → https://pub-893b4a6a607b4221a894bf861da7914e.r2.dev/2721210311608477.mp4
carried-forward  1379767887344638 c0  → https://pub-893b4a6a607b4221a894bf861da7914e.r2.dev/1379767887344638.mp4
uploaded         993247290179332 c0  (video) ← 993247290179332.mp4  → https://pub-893b4a6a607b4221a894bf861da7914e.r2.dev/993247290179332.mp4
uploaded         1573865457671254 c0  (video) ← 1573865457671254.mp4  → https://pub-893b4a6a607b4221a894bf861da7914e.r2.dev/1573865457671254.mp4
carried-forward  1224227439081919 c0  → https://pub-893b4a6a607b4221a894bf861da7914e.r2.dev/1224227439081919.mp4
uploaded         4376454109234640 c0  (video) ← 4376454109234640.mp4  → https://pub-893b4a6a607b4221a894bf861da7914e.r2.dev/4376454109234640.mp4
carried-forward  890589943792591 c0  → https://pub-893b4a6a607b4221a894bf861da7914e.r2.dev/890589943792591.mp4
uploaded         27517519284577543 c0  (video) ← 27517519284577543.mp4  → https://pub-893b4a6a607b4221a894bf861da7914e.r2.dev/27517519284577543.mp4
uploaded         4044088055722579 c0  (video) ← 4044088055722579.mp4  → https://pub-893b4a6a607b4221a894bf861da7914e.r2.dev/4044088055722579.mp4
uploaded         866420169423706 c0  (video) ← 866420169423706.mp4  → https://pub-893b4a6a607b4221a894bf861da7914e.r2.dev/866420169423706.mp4
uploaded         1931149754266239 c0  (video) ← 1931149754266239.mp4  → https://pub-893b4a6a607b4221a894bf861da7914e.r2.dev/1931149754266239.mp4
carried-forward  1327079042275821 c0  → https://pub-893b4a6a607b4221a894bf861da7914e.r2.dev/1327079042275821.mp4
uploaded         1273113118022115 c0  (video) ← 1273113118022115.mp4  → https://pub-893b4a6a607b4221a894bf861da7914e.r2.dev/1273113118022115.mp4
uploaded         1018977860509617 c0  (video) ← 1018977860509617.mp4  → https://pub-893b4a6a607b4221a894bf861da7914e.r2.dev/1018977860509617.mp4
carried-forward  1559841751931772 c0  → https://pub-893b4a6a607b4221a894bf861da7914e.r2.dev/1559841751931772.mp4
uploaded         1052824313979451 c0  (video) ← 1052824313979451.mp4  → https://pub-893b4a6a607b4221a894bf861da7914e.r2.dev/1052824313979451.mp4
carried-forward  27014277688243328 c0  → https://pub-893b4a6a607b4221a894bf861da7914e.r2.dev/27014277688243328.mp4
video-missing    27014277688243328 c0  (expected file not found in facebook/videos/english-seekho-2026-07-02)
uploaded         1563255002251750 c0  (video) ← 1563255002251750.mp4  → https://pub-893b4a6a607b4221a894bf861da7914e.r2.dev/1563255002251750.mp4
carried-forward  840752642285554 c0  → https://pub-893b4a6a607b4221a894bf861da7914e.r2.dev/840752642285554.mp4
uploaded         3488935787940659 c0  (video) ← 3488935787940659.mp4  → https://pub-893b4a6a607b4221a894bf861da7914e.r2.dev/3488935787940659.mp4
uploaded         1059703313249322 c0  (video) ← 1059703313249322.mp4  → https://pub-893b4a6a607b4221a894bf861da7914e.r2.dev/1059703313249322.mp4
uploaded         1748149839706511 c0  (video) ← 1748149839706511.mp4  → https://pub-893b4a6a607b4221a894bf861da7914e.r2.dev/1748149839706511.mp4
uploaded         3525218270960592 c0  (video) ← 3525218270960592.mp4  → https://pub-893b4a6a607b4221a894bf861da7914e.r2.dev/3525218270960592.mp4
carried-forward  874940122070171 c0  → https://pub-893b4a6a607b4221a894bf861da7914e.r2.dev/874940122070171.mp4
carried-forward  2006480336628924 c0  → https://pub-893b4a6a607b4221a894bf861da7914e.r2.dev/2006480336628924.mp4
uploaded         2274835143262276 c0  (video) ← 2274835143262276.mp4  → https://pub-893b4a6a607b4221a894bf861da7914e.r2.dev/2274835143262276.mp4
carried-forward  895878273572625 c0  → https://pub-893b4a6a607b4221a894bf861da7914e.r2.dev/895878273572625.mp4
uploaded         2334093823663685 c0  (video) ← 2334093823663685.mp4  → https://pub-893b4a6a607b4221a894bf861da7914e.r2.dev/2334093823663685.mp4
carried-forward  1509527853448376 c0  → https://pub-893b4a6a607b4221a894bf861da7914e.r2.dev/1509527853448376.mp4
carried-forward  1945996112929486 c0  → https://pub-893b4a6a607b4221a894bf861da7914e.r2.dev/1945996112929486.mp4
carried-forward  26372603382322992 c0  → https://pub-893b4a6a607b4221a894bf861da7914e.r2.dev/26372603382322992.mp4
carried-forward  5195950473963815 c0  → https://pub-893b4a6a607b4221a894bf861da7914e.r2.dev/5195950473963815.mp4
uploaded         865017992934344 c0  (video) ← 865017992934344.mp4  → https://pub-893b4a6a607b4221a894bf861da7914e.r2.dev/865017992934344.mp4
uploaded         1571486288021228 c0  (video) ← 1571486288021228.mp4  → https://pub-893b4a6a607b4221a894bf861da7914e.r2.dev/1571486288021228.mp4
carried-forward  2037768870280868 c0  → https://pub-893b4a6a607b4221a894bf861da7914e.r2.dev/2037768870280868.mp4
uploaded         1757981528968530 c0  (video) ← 1757981528968530.mp4  → https://pub-893b4a6a607b4221a894bf861da7914e.r2.dev/1757981528968530.mp4
uploaded         1900181983978067 c0  (video) ← 1900181983978067.mp4  → https://pub-893b4a6a607b4221a894bf861da7914e.r2.dev/1900181983978067.mp4
carried-forward  1714300106270908 c0  → https://pub-893b4a6a607b4221a894bf861da7914e.r2.dev/1714300106270908.mp4
uploaded         1507524134189383 c0  (video) ← 1507524134189383.mp4  → https://pub-893b4a6a607b4221a894bf861da7914e.r2.dev/1507524134189383.mp4
uploaded         1782794666213411 c0  (video) ← 1782794666213411.mp4  → https://pub-893b4a6a607b4221a894bf861da7914e.r2.dev/1782794666213411.mp4
uploaded         1041780308515837 c0  (video) ← 1041780308515837.mp4  → https://pub-893b4a6a607b4221a894bf861da7914e.r2.dev/1041780308515837.mp4
carried-forward  4530892640533002 c0  → https://pub-893b4a6a607b4221a894bf861da7914e.r2.dev/4530892640533002.mp4
carried-forward  1427103212256894 c0  → https://pub-893b4a6a607b4221a894bf861da7914e.r2.dev/1427103212256894.mp4
carried-forward  2453355138475943 c0  → https://pub-893b4a6a607b4221a894bf861da7914e.r2.dev/2453355138475943.mp4
carried-forward  3887006608101122 c0  → https://pub-893b4a6a607b4221a894bf861da7914e.r2.dev/3887006608101122.mp4
uploaded         1032464495814028 c0  (video) ← 1032464495814028.mp4  → https://pub-893b4a6a607b4221a894bf861da7914e.r2.dev/1032464495814028.mp4
carried-forward  1666152167999287 c0  → https://pub-893b4a6a607b4221a894bf861da7914e.r2.dev/1666152167999287.mp4
uploaded         1318202187161119 c0  (video) ← 1318202187161119.mp4  → https://pub-893b4a6a607b4221a894bf861da7914e.r2.dev/1318202187161119.mp4
carried-forward  889242263585010 c0  → https://pub-893b4a6a607b4221a894bf861da7914e.r2.dev/889242263585010.mp4
video-missing    889242263585010 c0  (expected file not found in facebook/videos/english-seekho-2026-07-02)
carried-forward  2253030498553449 c0  → https://pub-893b4a6a607b4221a894bf861da7914e.r2.dev/2253030498553449.mp4
uploaded         2010199909618957 c0  (video) ← 2010199909618957.mp4  → https://pub-893b4a6a607b4221a894bf861da7914e.r2.dev/2010199909618957.mp4
carried-forward  3805916236217765 c0  → https://pub-893b4a6a607b4221a894bf861da7914e.r2.dev/3805916236217765.mp4
carried-forward  1873195333560021 c0  → https://pub-893b4a6a607b4221a894bf861da7914e.r2.dev/1873195333560021.mp4
carried-forward  1352366157035260 c0  → https://pub-893b4a6a607b4221a894bf861da7914e.r2.dev/1352366157035260.mp4
carried-forward  1360985826159824 c0  → https://pub-893b4a6a607b4221a894bf861da7914e.r2.dev/1360985826159824.mp4
carried-forward  805915929154160 c0  → https://pub-893b4a6a607b4221a894bf861da7914e.r2.dev/805915929154160.mp4
carried-forward  861154453569534 c0  → https://pub-893b4a6a607b4221a894bf861da7914e.r2.dev/861154453569534.mp4
uploaded         1372849538044668 c0  (video) ← 1372849538044668.mp4  → https://pub-893b4a6a607b4221a894bf861da7914e.r2.dev/1372849538044668.mp4
carried-forward  902496572123981 c0  → https://pub-893b4a6a607b4221a894bf861da7914e.r2.dev/902496572123981.mp4
uploaded         1512888047516561 c0  (video) ← 1512888047516561.mp4  → https://pub-893b4a6a607b4221a894bf861da7914e.r2.dev/1512888047516561.mp4
carried-forward  1015345331246570 c0  → https://pub-893b4a6a607b4221a894bf861da7914e.r2.dev/1015345331246570.mp4
uploaded         3728206427337765 c0  (video) ← 3728206427337765.mp4  → https://pub-893b4a6a607b4221a894bf861da7914e.r2.dev/3728206427337765.mp4
carried-forward  1111579925381064 c0  → https://pub-893b4a6a607b4221a894bf861da7914e.r2.dev/1111579925381064.mp4
carried-forward  1302125191954780 c0  → https://pub-893b4a6a607b4221a894bf861da7914e.r2.dev/1302125191954780.mp4
carried-forward  2525775137880225 c0  → https://pub-893b4a6a607b4221a894bf861da7914e.r2.dev/2525775137880225.mp4
carried-forward  1532376115095418 c0  → https://pub-893b4a6a607b4221a894bf861da7914e.r2.dev/1532376115095418.mp4
uploaded         1016502220859835 c0  (video) ← 1016502220859835.mp4  → https://pub-893b4a6a607b4221a894bf861da7914e.r2.dev/1016502220859835.mp4
video-missing    1016502220859835 c0  (expected file not found in facebook/videos/english-seekho-2026-07-02)
carried-forward  1717353739307487 c0  → https://pub-893b4a6a607b4221a894bf861da7914e.r2.dev/1717353739307487.mp4
carried-forward  2017725382451838 c0  → https://pub-893b4a6a607b4221a894bf861da7914e.r2.dev/2017725382451838.mp4
uploaded         2231013954313138 c0  (video) ← 2231013954313138.mp4  → https://pub-893b4a6a607b4221a894bf861da7914e.r2.dev/2231013954313138.mp4
video-missing    2231013954313138 c0  (expected file not found in facebook/videos/english-seekho-2026-07-02)
uploaded         1552487759920707 c0  (video) ← 1552487759920707.mp4  → https://pub-893b4a6a607b4221a894bf861da7914e.r2.dev/1552487759920707.mp4
uploaded         2157147361808417 c0  (video) ← 2157147361808417.mp4  → https://pub-893b4a6a607b4221a894bf861da7914e.r2.dev/2157147361808417.mp4
uploaded         1021379950647828 c0  (video) ← 1021379950647828.mp4  → https://pub-893b4a6a607b4221a894bf861da7914e.r2.dev/1021379950647828.mp4
uploaded         27523110880665178 c0  (video) ← 27523110880665178.mp4  → https://pub-893b4a6a607b4221a894bf861da7914e.r2.dev/27523110880665178.mp4
uploaded         1450811100399419 c0  (video) ← 1450811100399419.mp4  → https://pub-893b4a6a607b4221a894bf861da7914e.r2.dev/1450811100399419.mp4
uploaded         3945125475794543 c0  (video) ← 3945125475794543.mp4  → https://pub-893b4a6a607b4221a894bf861da7914e.r2.dev/3945125475794543.mp4
video-missing    3945125475794543 c0  (expected file not found in facebook/videos/english-seekho-2026-07-02)
uploaded         1791214312046208 c0  (video) ← 1791214312046208.mp4  → https://pub-893b4a6a607b4221a894bf861da7914e.r2.dev/1791214312046208.mp4
uploaded         1325720405809601 c0  (video) ← 1325720405809601.mp4  → https://pub-893b4a6a607b4221a894bf861da7914e.r2.dev/1325720405809601.mp4
video-missing    1325720405809601 c0  (expected file not found in facebook/videos/english-seekho-2026-07-02)
carried-forward  4419361311611834 c0  → https://pub-893b4a6a607b4221a894bf861da7914e.r2.dev/4419361311611834.mp4
carried-forward  1027893896488146 c0  → https://pub-893b4a6a607b4221a894bf861da7914e.r2.dev/1027893896488146.mp4
uploaded         2565195814306100 c0  (video) ← 2565195814306100.mp4  → https://pub-893b4a6a607b4221a894bf861da7914e.r2.dev/2565195814306100.mp4
uploaded         1908309500556618 c0  (video) ← 1908309500556618.mp4  → https://pub-893b4a6a607b4221a894bf861da7914e.r2.dev/1908309500556618.mp4
uploaded         1006418815166578 c0  (video) ← 1006418815166578.mp4  → https://pub-893b4a6a607b4221a894bf861da7914e.r2.dev/1006418815166578.mp4
carried-forward  1009419671474140 c0  → https://pub-893b4a6a607b4221a894bf861da7914e.r2.dev/1009419671474140.mp4
uploaded         1541399900816315 c0  (video) ← 1541399900816315.mp4  → https://pub-893b4a6a607b4221a894bf861da7914e.r2.dev/1541399900816315.mp4
carried-forward  2728416744225369 c0  → https://pub-893b4a6a607b4221a894bf861da7914e.r2.dev/2728416744225369.mp4
carried-forward  1547898393355937 c0  → https://pub-893b4a6a607b4221a894bf861da7914e.r2.dev/1547898393355937.mp4
carried-forward  2203629803825194 c0  → https://pub-893b4a6a607b4221a894bf861da7914e.r2.dev/2203629803825194.mp4
uploaded         1718720812505823 c0  (video) ← 1718720812505823.mp4  → https://pub-893b4a6a607b4221a894bf861da7914e.r2.dev/1718720812505823.mp4
carried-forward  1981211102758395 c0  → https://pub-893b4a6a607b4221a894bf861da7914e.r2.dev/1981211102758395.mp4
uploaded         1663740721521652 c0  (video) ← 1663740721521652.mp4  → https://pub-893b4a6a607b4221a894bf861da7914e.r2.dev/1663740721521652.mp4
uploaded         997354286402216 c0  (video) ← 997354286402216.mp4  → https://pub-893b4a6a607b4221a894bf861da7914e.r2.dev/997354286402216.mp4
video-missing    997354286402216 c0  (expected file not found in facebook/videos/english-seekho-2026-07-02)
uploaded         1006551082090856 c0  (video) ← 1006551082090856.mp4  → https://pub-893b4a6a607b4221a894bf861da7914e.r2.dev/1006551082090856.mp4
uploaded         1574709897400748 c0  (video) ← 1574709897400748.mp4  → https://pub-893b4a6a607b4221a894bf861da7914e.r2.dev/1574709897400748.mp4
carried-forward  2254299112052580 c0  → https://pub-893b4a6a607b4221a894bf861da7914e.r2.dev/2254299112052580.mp4
carried-forward  1323849876545623 c0  → https://pub-893b4a6a607b4221a894bf861da7914e.r2.dev/1323849876545623.mp4
