# Step 3 run log
# competitor : english-seekho
# started_at : 2026-07-25T06:37:27
# input      : facebook/inputs/fb-ads-english-seekho-2026-07-25-0633.csv
# videos     : facebook/videos/english-seekho-2026-07-25
# master     : facebook/master/english-seekho.csv  (updated)
# enriched   : facebook/inputs/fb-ads-english-seekho-2026-07-25-0633_enriched.csv
# bucket     : video-ads
# public_base: https://pub-893b4a6a607b4221a894bf861da7914e.r2.dev
# dry_run    : False
#
# counts     : {'uploaded': 14, 'carried-forward': 251, 'image-pending': 0, 'video-missing': 23, 'no-creative': 0, 'error': 0}
#
carried-forward  985533387662266 c0  → https://pub-893b4a6a607b4221a894bf861da7914e.r2.dev/985533387662266.mp4
carried-forward  873021038754328 c0  → https://pub-893b4a6a607b4221a894bf861da7914e.r2.dev/873021038754328.mp4
carried-forward  1064443136246118 c0  → https://pub-893b4a6a607b4221a894bf861da7914e.r2.dev/1064443136246118.mp4
carried-forward  1342745497312585 c0  → https://pub-893b4a6a607b4221a894bf861da7914e.r2.dev/1342745497312585.mp4
carried-forward  1340768337559606 c0  → https://pub-893b4a6a607b4221a894bf861da7914e.r2.dev/1340768337559606.mp4
carried-forward  1042747258515987 c0  → https://pub-893b4a6a607b4221a894bf861da7914e.r2.dev/1042747258515987.mp4
video-missing    1042747258515987 c0  (expected file not found in facebook/videos/english-seekho-2026-07-25)
carried-forward  916813304778792 c0  → https://pub-893b4a6a607b4221a894bf861da7914e.r2.dev/916813304778792.mp4
carried-forward  1566236988412994 c0  → https://pub-893b4a6a607b4221a894bf861da7914e.r2.dev/1566236988412994.mp4
carried-forward  1960061858003904 c0  → https://pub-893b4a6a607b4221a894bf861da7914e.r2.dev/1960061858003904.mp4
carried-forward  2550433898807550 c0  → https://pub-893b4a6a607b4221a894bf861da7914e.r2.dev/2550433898807550.mp4
carried-forward  822763070921142 c0  → https://pub-893b4a6a607b4221a894bf861da7914e.r2.dev/822763070921142.mp4
carried-forward  1221246250088062 c0  → https://pub-893b4a6a607b4221a894bf861da7914e.r2.dev/1221246250088062.mp4
carried-forward  1010706051970940 c0  → https://pub-893b4a6a607b4221a894bf861da7914e.r2.dev/1010706051970940.mp4
carried-forward  1356443862481471 c0  → https://pub-893b4a6a607b4221a894bf861da7914e.r2.dev/1356443862481471.mp4
carried-forward  1724464922125682 c0  → https://pub-893b4a6a607b4221a894bf861da7914e.r2.dev/1724464922125682.mp4
video-missing    1724464922125682 c0  (expected file not found in facebook/videos/english-seekho-2026-07-25)
carried-forward  1767474411280268 c0  → https://pub-893b4a6a607b4221a894bf861da7914e.r2.dev/1767474411280268.mp4
carried-forward  1361497661979072 c0  → https://pub-893b4a6a607b4221a894bf861da7914e.r2.dev/1361497661979072.mp4
carried-forward  1058537406702735 c0  → https://pub-893b4a6a607b4221a894bf861da7914e.r2.dev/1058537406702735.mp4
carried-forward  1647889789617946 c0  → https://pub-893b4a6a607b4221a894bf861da7914e.r2.dev/1647889789617946.mp4
carried-forward  1772405513757440 c0  → https://pub-893b4a6a607b4221a894bf861da7914e.r2.dev/1772405513757440.mp4
carried-forward  3887006608101122 c0  → https://pub-893b4a6a607b4221a894bf861da7914e.r2.dev/3887006608101122.mp4
carried-forward  2231013954313138 c0  → https://pub-893b4a6a607b4221a894bf861da7914e.r2.dev/2231013954313138.mp4
carried-forward  883414924661759 c0  → https://pub-893b4a6a607b4221a894bf861da7914e.r2.dev/883414924661759.mp4
carried-forward  27781493381462000 c0  → https://pub-893b4a6a607b4221a894bf861da7914e.r2.dev/27781493381462000.mp4
carried-forward  1563483762086534 c0  → https://pub-893b4a6a607b4221a894bf861da7914e.r2.dev/1563483762086534.mp4
video-missing    1563483762086534 c0  (expected file not found in facebook/videos/english-seekho-2026-07-25)
carried-forward  1351311536406038 c0  → https://pub-893b4a6a607b4221a894bf861da7914e.r2.dev/1351311536406038.mp4
carried-forward  2152508018617561 c0  → https://pub-893b4a6a607b4221a894bf861da7914e.r2.dev/2152508018617561.mp4
carried-forward  1748760629482945 c0  → https://pub-893b4a6a607b4221a894bf861da7914e.r2.dev/1748760629482945.mp4
carried-forward  893703543799152 c0  → https://pub-893b4a6a607b4221a894bf861da7914e.r2.dev/893703543799152.mp4
video-missing    893703543799152 c0  (expected file not found in facebook/videos/english-seekho-2026-07-25)
carried-forward  1360454026018817 c0  → https://pub-893b4a6a607b4221a894bf861da7914e.r2.dev/1360454026018817.mp4
carried-forward  1548699226788927 c0  → https://pub-893b4a6a607b4221a894bf861da7914e.r2.dev/1548699226788927.mp4
video-missing    1548699226788927 c0  (expected file not found in facebook/videos/english-seekho-2026-07-25)
carried-forward  1700880501155696 c0  → https://pub-893b4a6a607b4221a894bf861da7914e.r2.dev/1700880501155696.mp4
video-missing    1700880501155696 c0  (expected file not found in facebook/videos/english-seekho-2026-07-25)
carried-forward  1014900067589638 c0  → https://pub-893b4a6a607b4221a894bf861da7914e.r2.dev/1014900067589638.mp4
carried-forward  1001931542652100 c0  → https://pub-893b4a6a607b4221a894bf861da7914e.r2.dev/1001931542652100.mp4
carried-forward  2210932513040298 c0  → https://pub-893b4a6a607b4221a894bf861da7914e.r2.dev/2210932513040298.mp4
carried-forward  2201883133941569 c0  → https://pub-893b4a6a607b4221a894bf861da7914e.r2.dev/2201883133941569.mp4
carried-forward  1542262527910981 c0  → https://pub-893b4a6a607b4221a894bf861da7914e.r2.dev/1542262527910981.mp4
carried-forward  1217608480437639 c0  → https://pub-893b4a6a607b4221a894bf861da7914e.r2.dev/1217608480437639.mp4
carried-forward  1566009114993427 c0  → https://pub-893b4a6a607b4221a894bf861da7914e.r2.dev/1566009114993427.mp4
uploaded         1622265686121941 c0  (video) ← 1622265686121941.mp4  → https://pub-893b4a6a607b4221a894bf861da7914e.r2.dev/1622265686121941.mp4
carried-forward  1414490704064865 c0  → https://pub-893b4a6a607b4221a894bf861da7914e.r2.dev/1414490704064865.mp4
carried-forward  1193274679606735 c0  → https://pub-893b4a6a607b4221a894bf861da7914e.r2.dev/1193274679606735.mp4
video-missing    1193274679606735 c0  (expected file not found in facebook/videos/english-seekho-2026-07-25)
carried-forward  1223700476600723 c0  → https://pub-893b4a6a607b4221a894bf861da7914e.r2.dev/1223700476600723.mp4
carried-forward  1478126110733286 c0  → https://pub-893b4a6a607b4221a894bf861da7914e.r2.dev/1478126110733286.mp4
carried-forward  2250084872471619 c0  → https://pub-893b4a6a607b4221a894bf861da7914e.r2.dev/2250084872471619.mp4
carried-forward  975696818620909 c0  → https://pub-893b4a6a607b4221a894bf861da7914e.r2.dev/975696818620909.mp4
carried-forward  988958730629564 c0  → https://pub-893b4a6a607b4221a894bf861da7914e.r2.dev/988958730629564.mp4
carried-forward  2453287415158391 c0  → https://pub-893b4a6a607b4221a894bf861da7914e.r2.dev/2453287415158391.mp4
carried-forward  1647176899685316 c0  → https://pub-893b4a6a607b4221a894bf861da7914e.r2.dev/1647176899685316.mp4
carried-forward  1641629937137441 c0  → https://pub-893b4a6a607b4221a894bf861da7914e.r2.dev/1641629937137441.mp4
carried-forward  1032793555915493 c0  → https://pub-893b4a6a607b4221a894bf861da7914e.r2.dev/1032793555915493.mp4
carried-forward  1380227164013437 c0  → https://pub-893b4a6a607b4221a894bf861da7914e.r2.dev/1380227164013437.mp4
carried-forward  1808954107158548 c0  → https://pub-893b4a6a607b4221a894bf861da7914e.r2.dev/1808954107158548.mp4
carried-forward  2435186190292506 c0  → https://pub-893b4a6a607b4221a894bf861da7914e.r2.dev/2435186190292506.mp4
carried-forward  1781211133045778 c0  → https://pub-893b4a6a607b4221a894bf861da7914e.r2.dev/1781211133045778.mp4
carried-forward  1369951375034457 c0  → https://pub-893b4a6a607b4221a894bf861da7914e.r2.dev/1369951375034457.mp4
video-missing    1369951375034457 c0  (expected file not found in facebook/videos/english-seekho-2026-07-25)
carried-forward  1515389233401695 c0  → https://pub-893b4a6a607b4221a894bf861da7914e.r2.dev/1515389233401695.mp4
video-missing    1515389233401695 c0  (expected file not found in facebook/videos/english-seekho-2026-07-25)
carried-forward  4404859313114775 c0  → https://pub-893b4a6a607b4221a894bf861da7914e.r2.dev/4404859313114775.mp4
carried-forward  1033037325739194 c0  → https://pub-893b4a6a607b4221a894bf861da7914e.r2.dev/1033037325739194.mp4
carried-forward  2037768870280868 c0  → https://pub-893b4a6a607b4221a894bf861da7914e.r2.dev/2037768870280868.mp4
carried-forward  1961729674555213 c0  → https://pub-893b4a6a607b4221a894bf861da7914e.r2.dev/1961729674555213.mp4
carried-forward  1021299320653057 c0  → https://pub-893b4a6a607b4221a894bf861da7914e.r2.dev/1021299320653057.mp4
carried-forward  1703849837598003 c0  → https://pub-893b4a6a607b4221a894bf861da7914e.r2.dev/1703849837598003.mp4
video-missing    1703849837598003 c0  (expected file not found in facebook/videos/english-seekho-2026-07-25)
carried-forward  1103580098931885 c0  → https://pub-893b4a6a607b4221a894bf861da7914e.r2.dev/1103580098931885.mp4
carried-forward  5201427430083462 c0  → https://pub-893b4a6a607b4221a894bf861da7914e.r2.dev/5201427430083462.mp4
carried-forward  1577673830585178 c0  → https://pub-893b4a6a607b4221a894bf861da7914e.r2.dev/1577673830585178.mp4
video-missing    1577673830585178 c0  (expected file not found in facebook/videos/english-seekho-2026-07-25)
carried-forward  2072714703342656 c0  → https://pub-893b4a6a607b4221a894bf861da7914e.r2.dev/2072714703342656.mp4
video-missing    2072714703342656 c0  (expected file not found in facebook/videos/english-seekho-2026-07-25)
carried-forward  1569302308257783 c0  → https://pub-893b4a6a607b4221a894bf861da7914e.r2.dev/1569302308257783.mp4
carried-forward  2567207047033996 c0  → https://pub-893b4a6a607b4221a894bf861da7914e.r2.dev/2567207047033996.mp4
carried-forward  2449267882206681 c0  → https://pub-893b4a6a607b4221a894bf861da7914e.r2.dev/2449267882206681.mp4
carried-forward  889242263585010 c0  → https://pub-893b4a6a607b4221a894bf861da7914e.r2.dev/889242263585010.mp4
carried-forward  1364770528875699 c0  → https://pub-893b4a6a607b4221a894bf861da7914e.r2.dev/1364770528875699.mp4
video-missing    1364770528875699 c0  (expected file not found in facebook/videos/english-seekho-2026-07-25)
carried-forward  2538040990040598 c0  → https://pub-893b4a6a607b4221a894bf861da7914e.r2.dev/2538040990040598.mp4
carried-forward  1485257069470905 c0  → https://pub-893b4a6a607b4221a894bf861da7914e.r2.dev/1485257069470905.mp4
carried-forward  2289892785083094 c0  → https://pub-893b4a6a607b4221a894bf861da7914e.r2.dev/2289892785083094.mp4
carried-forward  1072852741972341 c0  → https://pub-893b4a6a607b4221a894bf861da7914e.r2.dev/1072852741972341.mp4
video-missing    1072852741972341 c0  (expected file not found in facebook/videos/english-seekho-2026-07-25)
carried-forward  1758696795272053 c0  → https://pub-893b4a6a607b4221a894bf861da7914e.r2.dev/1758696795272053.mp4
carried-forward  1040434908845313 c0  → https://pub-893b4a6a607b4221a894bf861da7914e.r2.dev/1040434908845313.mp4
carried-forward  863124303253980 c0  → https://pub-893b4a6a607b4221a894bf861da7914e.r2.dev/863124303253980.mp4
carried-forward  1058989673456910 c0  → https://pub-893b4a6a607b4221a894bf861da7914e.r2.dev/1058989673456910.mp4
carried-forward  2911781465840699 c0  → https://pub-893b4a6a607b4221a894bf861da7914e.r2.dev/2911781465840699.mp4
carried-forward  1548158910275403 c0  → https://pub-893b4a6a607b4221a894bf861da7914e.r2.dev/1548158910275403.mp4
carried-forward  28501591809427557 c0  → https://pub-893b4a6a607b4221a894bf861da7914e.r2.dev/28501591809427557.mp4
carried-forward  1360549895753796 c0  → https://pub-893b4a6a607b4221a894bf861da7914e.r2.dev/1360549895753796.mp4
carried-forward  1029180789713678 c0  → https://pub-893b4a6a607b4221a894bf861da7914e.r2.dev/1029180789713678.mp4
carried-forward  3098326293684794 c0  → https://pub-893b4a6a607b4221a894bf861da7914e.r2.dev/3098326293684794.mp4
carried-forward  992832193583946 c0  → https://pub-893b4a6a607b4221a894bf861da7914e.r2.dev/992832193583946.mp4
carried-forward  28740456275544709 c0  → https://pub-893b4a6a607b4221a894bf861da7914e.r2.dev/28740456275544709.mp4
carried-forward  2560261371075903 c0  → https://pub-893b4a6a607b4221a894bf861da7914e.r2.dev/2560261371075903.mp4
video-missing    2560261371075903 c0  (expected file not found in facebook/videos/english-seekho-2026-07-25)
carried-forward  989043553899179 c0  → https://pub-893b4a6a607b4221a894bf861da7914e.r2.dev/989043553899179.mp4
carried-forward  1500551291812263 c0  → https://pub-893b4a6a607b4221a894bf861da7914e.r2.dev/1500551291812263.mp4
carried-forward  1013834224460527 c0  → https://pub-893b4a6a607b4221a894bf861da7914e.r2.dev/1013834224460527.mp4
carried-forward  1371391838285808 c0  → https://pub-893b4a6a607b4221a894bf861da7914e.r2.dev/1371391838285808.mp4
carried-forward  2491978981265778 c0  → https://pub-893b4a6a607b4221a894bf861da7914e.r2.dev/2491978981265778.mp4
carried-forward  1690364325606787 c0  → https://pub-893b4a6a607b4221a894bf861da7914e.r2.dev/1690364325606787.mp4
carried-forward  922682520699920 c0  → https://pub-893b4a6a607b4221a894bf861da7914e.r2.dev/922682520699920.mp4
carried-forward  2435390743613844 c0  → https://pub-893b4a6a607b4221a894bf861da7914e.r2.dev/2435390743613844.mp4
carried-forward  1558750499203337 c0  → https://pub-893b4a6a607b4221a894bf861da7914e.r2.dev/1558750499203337.mp4
carried-forward  767456879118205 c0  → https://pub-893b4a6a607b4221a894bf861da7914e.r2.dev/767456879118205.mp4
carried-forward  1908450636707359 c0  → https://pub-893b4a6a607b4221a894bf861da7914e.r2.dev/1908450636707359.mp4
carried-forward  1017181991125826 c0  → https://pub-893b4a6a607b4221a894bf861da7914e.r2.dev/1017181991125826.mp4
carried-forward  2674686452896226 c0  → https://pub-893b4a6a607b4221a894bf861da7914e.r2.dev/2674686452896226.mp4
carried-forward  2236749893753136 c0  → https://pub-893b4a6a607b4221a894bf861da7914e.r2.dev/2236749893753136.mp4
uploaded         1057519216624226 c0  (video) ← 1057519216624226.mp4  → https://pub-893b4a6a607b4221a894bf861da7914e.r2.dev/1057519216624226.mp4
video-missing    1057519216624226 c0  (expected file not found in facebook/videos/english-seekho-2026-07-25)
carried-forward  3805120676296226 c0  → https://pub-893b4a6a607b4221a894bf861da7914e.r2.dev/3805120676296226.mp4
video-missing    3805120676296226 c0  (expected file not found in facebook/videos/english-seekho-2026-07-25)
carried-forward  4537774239777965 c0  → https://pub-893b4a6a607b4221a894bf861da7914e.r2.dev/4537774239777965.mp4
carried-forward  1501154984318432 c0  → https://pub-893b4a6a607b4221a894bf861da7914e.r2.dev/1501154984318432.mp4
carried-forward  2265689560844036 c0  → https://pub-893b4a6a607b4221a894bf861da7914e.r2.dev/2265689560844036.mp4
carried-forward  1012266951728779 c0  → https://pub-893b4a6a607b4221a894bf861da7914e.r2.dev/1012266951728779.mp4
carried-forward  1016368541393831 c0  → https://pub-893b4a6a607b4221a894bf861da7914e.r2.dev/1016368541393831.mp4
carried-forward  1698225914776986 c0  → https://pub-893b4a6a607b4221a894bf861da7914e.r2.dev/1698225914776986.mp4
carried-forward  1603914944493837 c0  → https://pub-893b4a6a607b4221a894bf861da7914e.r2.dev/1603914944493837.mp4
carried-forward  1423141536539326 c0  → https://pub-893b4a6a607b4221a894bf861da7914e.r2.dev/1423141536539326.mp4
carried-forward  814173948353571 c0  → https://pub-893b4a6a607b4221a894bf861da7914e.r2.dev/814173948353571.mp4
carried-forward  1662559071716567 c0  → https://pub-893b4a6a607b4221a894bf861da7914e.r2.dev/1662559071716567.mp4
video-missing    1662559071716567 c0  (expected file not found in facebook/videos/english-seekho-2026-07-25)
carried-forward  890681093628908 c0  → https://pub-893b4a6a607b4221a894bf861da7914e.r2.dev/890681093628908.mp4
carried-forward  1476645587385501 c0  → https://pub-893b4a6a607b4221a894bf861da7914e.r2.dev/1476645587385501.mp4
carried-forward  1743741033491586 c0  → https://pub-893b4a6a607b4221a894bf861da7914e.r2.dev/1743741033491586.mp4
carried-forward  1548611159952037 c0  → https://pub-893b4a6a607b4221a894bf861da7914e.r2.dev/1548611159952037.mp4
carried-forward  1244507290916309 c0  → https://pub-893b4a6a607b4221a894bf861da7914e.r2.dev/1244507290916309.mp4
carried-forward  1368098158596540 c0  → https://pub-893b4a6a607b4221a894bf861da7914e.r2.dev/1368098158596540.mp4
carried-forward  1210251577301882 c0  → https://pub-893b4a6a607b4221a894bf861da7914e.r2.dev/1210251577301882.mp4
carried-forward  2442698549586664 c0  → https://pub-893b4a6a607b4221a894bf861da7914e.r2.dev/2442698549586664.mp4
carried-forward  1721252998997570 c0  → https://pub-893b4a6a607b4221a894bf861da7914e.r2.dev/1721252998997570.mp4
carried-forward  1116123194536720 c0  → https://pub-893b4a6a607b4221a894bf861da7914e.r2.dev/1116123194536720.mp4
carried-forward  4379825375635044 c0  → https://pub-893b4a6a607b4221a894bf861da7914e.r2.dev/4379825375635044.mp4
carried-forward  1798711957512384 c0  → https://pub-893b4a6a607b4221a894bf861da7914e.r2.dev/1798711957512384.mp4
carried-forward  1217329830515440 c0  → https://pub-893b4a6a607b4221a894bf861da7914e.r2.dev/1217329830515440.mp4
carried-forward  1009417901858994 c0  → https://pub-893b4a6a607b4221a894bf861da7914e.r2.dev/1009417901858994.mp4
carried-forward  1293551286094512 c0  → https://pub-893b4a6a607b4221a894bf861da7914e.r2.dev/1293551286094512.mp4
uploaded         1359583749481241 c0  (video) ← 1359583749481241.mp4  → https://pub-893b4a6a607b4221a894bf861da7914e.r2.dev/1359583749481241.mp4
carried-forward  2131561487781547 c0  → https://pub-893b4a6a607b4221a894bf861da7914e.r2.dev/2131561487781547.mp4
carried-forward  769511858914323 c0  → https://pub-893b4a6a607b4221a894bf861da7914e.r2.dev/769511858914323.mp4
carried-forward  1441433651149063 c0  → https://pub-893b4a6a607b4221a894bf861da7914e.r2.dev/1441433651149063.mp4
carried-forward  900979062468978 c0  → https://pub-893b4a6a607b4221a894bf861da7914e.r2.dev/900979062468978.mp4
carried-forward  2176910723137201 c0  → https://pub-893b4a6a607b4221a894bf861da7914e.r2.dev/2176910723137201.mp4
carried-forward  1325253026475734 c0  → https://pub-893b4a6a607b4221a894bf861da7914e.r2.dev/1325253026475734.mp4
carried-forward  1868096310508725 c0  → https://pub-893b4a6a607b4221a894bf861da7914e.r2.dev/1868096310508725.mp4
carried-forward  1522197796319142 c0  → https://pub-893b4a6a607b4221a894bf861da7914e.r2.dev/1522197796319142.mp4
carried-forward  1388801836501710 c0  → https://pub-893b4a6a607b4221a894bf861da7914e.r2.dev/1388801836501710.mp4
carried-forward  1419054459866080 c0  → https://pub-893b4a6a607b4221a894bf861da7914e.r2.dev/1419054459866080.mp4
carried-forward  1545195047093296 c0  → https://pub-893b4a6a607b4221a894bf861da7914e.r2.dev/1545195047093296.mp4
video-missing    1545195047093296 c0  (expected file not found in facebook/videos/english-seekho-2026-07-25)
carried-forward  1590258465854497 c0  → https://pub-893b4a6a607b4221a894bf861da7914e.r2.dev/1590258465854497.mp4
carried-forward  1333571398986047 c0  → https://pub-893b4a6a607b4221a894bf861da7914e.r2.dev/1333571398986047.mp4
carried-forward  884658551380774 c0  → https://pub-893b4a6a607b4221a894bf861da7914e.r2.dev/884658551380774.mp4
carried-forward  1905133330090659 c0  → https://pub-893b4a6a607b4221a894bf861da7914e.r2.dev/1905133330090659.mp4
carried-forward  1502392968556177 c0  → https://pub-893b4a6a607b4221a894bf861da7914e.r2.dev/1502392968556177.mp4
carried-forward  1050630560952205 c0  → https://pub-893b4a6a607b4221a894bf861da7914e.r2.dev/1050630560952205.mp4
carried-forward  1503749717728246 c0  → https://pub-893b4a6a607b4221a894bf861da7914e.r2.dev/1503749717728246.mp4
carried-forward  25537890735891271 c0  → https://pub-893b4a6a607b4221a894bf861da7914e.r2.dev/25537890735891271.mp4
carried-forward  1227740392774847 c0  → https://pub-893b4a6a607b4221a894bf861da7914e.r2.dev/1227740392774847.mp4
carried-forward  1430826552137036 c0  → https://pub-893b4a6a607b4221a894bf861da7914e.r2.dev/1430826552137036.mp4
carried-forward  884294820955142 c0  → https://pub-893b4a6a607b4221a894bf861da7914e.r2.dev/884294820955142.mp4
carried-forward  1251191153618197 c0  → https://pub-893b4a6a607b4221a894bf861da7914e.r2.dev/1251191153618197.mp4
carried-forward  1530055284796997 c0  → https://pub-893b4a6a607b4221a894bf861da7914e.r2.dev/1530055284796997.mp4
carried-forward  1717162259517776 c0  → https://pub-893b4a6a607b4221a894bf861da7914e.r2.dev/1717162259517776.mp4
carried-forward  27945756105041194 c0  → https://pub-893b4a6a607b4221a894bf861da7914e.r2.dev/27945756105041194.mp4
uploaded         1586936072766868 c0  (video) ← 1586936072766868.mp4  → https://pub-893b4a6a607b4221a894bf861da7914e.r2.dev/1586936072766868.mp4
uploaded         2020296768609674 c0  (video) ← 2020296768609674.mp4  → https://pub-893b4a6a607b4221a894bf861da7914e.r2.dev/2020296768609674.mp4
carried-forward  4541815879478067 c0  → https://pub-893b4a6a607b4221a894bf861da7914e.r2.dev/4541815879478067.mp4
carried-forward  1471608968322676 c0  → https://pub-893b4a6a607b4221a894bf861da7914e.r2.dev/1471608968322676.mp4
carried-forward  2015119902365104 c0  → https://pub-893b4a6a607b4221a894bf861da7914e.r2.dev/2015119902365104.mp4
carried-forward  1568767791625500 c0  → https://pub-893b4a6a607b4221a894bf861da7914e.r2.dev/1568767791625500.mp4
carried-forward  1628428778867534 c0  → https://pub-893b4a6a607b4221a894bf861da7914e.r2.dev/1628428778867534.mp4
uploaded         1068144418903024 c0  (video) ← 1068144418903024.mp4  → https://pub-893b4a6a607b4221a894bf861da7914e.r2.dev/1068144418903024.mp4
carried-forward  1763695471455002 c0  → https://pub-893b4a6a607b4221a894bf861da7914e.r2.dev/1763695471455002.mp4
carried-forward  1351740106470739 c0  → https://pub-893b4a6a607b4221a894bf861da7914e.r2.dev/1351740106470739.mp4
carried-forward  1229348518532340 c0  → https://pub-893b4a6a607b4221a894bf861da7914e.r2.dev/1229348518532340.mp4
carried-forward  3181648072223045 c0  → https://pub-893b4a6a607b4221a894bf861da7914e.r2.dev/3181648072223045.mp4
carried-forward  608640915677208 c0  → https://pub-893b4a6a607b4221a894bf861da7914e.r2.dev/608640915677208.mp4
carried-forward  1912970376037675 c0  → https://pub-893b4a6a607b4221a894bf861da7914e.r2.dev/1912970376037675.mp4
carried-forward  890589943792591 c0  → https://pub-893b4a6a607b4221a894bf861da7914e.r2.dev/890589943792591.mp4
carried-forward  1465997825255993 c0  → https://pub-893b4a6a607b4221a894bf861da7914e.r2.dev/1465997825255993.mp4
carried-forward  1675039640278614 c0  → https://pub-893b4a6a607b4221a894bf861da7914e.r2.dev/1675039640278614.mp4
carried-forward  1054948106795031 c0  → https://pub-893b4a6a607b4221a894bf861da7914e.r2.dev/1054948106795031.mp4
carried-forward  4278397748973693 c0  → https://pub-893b4a6a607b4221a894bf861da7914e.r2.dev/4278397748973693.mp4
carried-forward  1070222325336728 c0  → https://pub-893b4a6a607b4221a894bf861da7914e.r2.dev/1070222325336728.mp4
carried-forward  972314075850457 c0  → https://pub-893b4a6a607b4221a894bf861da7914e.r2.dev/972314075850457.mp4
carried-forward  1341456734850327 c0  → https://pub-893b4a6a607b4221a894bf861da7914e.r2.dev/1341456734850327.mp4
carried-forward  1081226931452403 c0  → https://pub-893b4a6a607b4221a894bf861da7914e.r2.dev/1081226931452403.mp4
carried-forward  1676329466765392 c0  → https://pub-893b4a6a607b4221a894bf861da7914e.r2.dev/1676329466765392.mp4
carried-forward  1304625014817778 c0  → https://pub-893b4a6a607b4221a894bf861da7914e.r2.dev/1304625014817778.mp4
video-missing    1304625014817778 c0  (expected file not found in facebook/videos/english-seekho-2026-07-25)
carried-forward  1744746016698033 c0  → https://pub-893b4a6a607b4221a894bf861da7914e.r2.dev/1744746016698033.mp4
carried-forward  1820534945598853 c0  → https://pub-893b4a6a607b4221a894bf861da7914e.r2.dev/1820534945598853.mp4
carried-forward  27488029807534517 c0  → https://pub-893b4a6a607b4221a894bf861da7914e.r2.dev/27488029807534517.mp4
carried-forward  1967393193948632 c0  → https://pub-893b4a6a607b4221a894bf861da7914e.r2.dev/1967393193948632.mp4
carried-forward  1870547757684074 c0  → https://pub-893b4a6a607b4221a894bf861da7914e.r2.dev/1870547757684074.mp4
carried-forward  874940122070171 c0  → https://pub-893b4a6a607b4221a894bf861da7914e.r2.dev/874940122070171.mp4
carried-forward  1565993354990230 c0  → https://pub-893b4a6a607b4221a894bf861da7914e.r2.dev/1565993354990230.mp4
carried-forward  1030750943037702 c0  → https://pub-893b4a6a607b4221a894bf861da7914e.r2.dev/1030750943037702.mp4
carried-forward  1224227439081919 c0  → https://pub-893b4a6a607b4221a894bf861da7914e.r2.dev/1224227439081919.mp4
carried-forward  1559841751931772 c0  → https://pub-893b4a6a607b4221a894bf861da7914e.r2.dev/1559841751931772.mp4
carried-forward  4416420078686402 c0  → https://pub-893b4a6a607b4221a894bf861da7914e.r2.dev/4416420078686402.mp4
carried-forward  1906424583329280 c0  → https://pub-893b4a6a607b4221a894bf861da7914e.r2.dev/1906424583329280.mp4
carried-forward  2721182484949051 c0  → https://pub-893b4a6a607b4221a894bf861da7914e.r2.dev/2721182484949051.mp4
carried-forward  840752642285554 c0  → https://pub-893b4a6a607b4221a894bf861da7914e.r2.dev/840752642285554.mp4
carried-forward  3804713819666845 c0  → https://pub-893b4a6a607b4221a894bf861da7914e.r2.dev/3804713819666845.mp4
carried-forward  1945996112929486 c0  → https://pub-893b4a6a607b4221a894bf861da7914e.r2.dev/1945996112929486.mp4
carried-forward  26372603382322992 c0  → https://pub-893b4a6a607b4221a894bf861da7914e.r2.dev/26372603382322992.mp4
carried-forward  2132053877724928 c0  → https://pub-893b4a6a607b4221a894bf861da7914e.r2.dev/2132053877724928.mp4
carried-forward  2229454404539693 c0  → https://pub-893b4a6a607b4221a894bf861da7914e.r2.dev/2229454404539693.mp4
carried-forward  858821853767032 c0  → https://pub-893b4a6a607b4221a894bf861da7914e.r2.dev/858821853767032.mp4
carried-forward  1535276801481307 c0  → https://pub-893b4a6a607b4221a894bf861da7914e.r2.dev/1535276801481307.mp4
uploaded         904797822689731 c0  (video) ← 904797822689731.mp4  → https://pub-893b4a6a607b4221a894bf861da7914e.r2.dev/904797822689731.mp4
carried-forward  5195950473963815 c0  → https://pub-893b4a6a607b4221a894bf861da7914e.r2.dev/5195950473963815.mp4
carried-forward  1566660068511123 c0  → https://pub-893b4a6a607b4221a894bf861da7914e.r2.dev/1566660068511123.mp4
video-missing    1566660068511123 c0  (expected file not found in facebook/videos/english-seekho-2026-07-25)
carried-forward  958304950573263 c0  → https://pub-893b4a6a607b4221a894bf861da7914e.r2.dev/958304950573263.mp4
video-missing    958304950573263 c0  (expected file not found in facebook/videos/english-seekho-2026-07-25)
carried-forward  1034684872476325 c0  → https://pub-893b4a6a607b4221a894bf861da7914e.r2.dev/1034684872476325.mp4
carried-forward  1509527853448376 c0  → https://pub-893b4a6a607b4221a894bf861da7914e.r2.dev/1509527853448376.mp4
uploaded         2319778035493007 c0  (video) ← 2319778035493007.mp4  → https://pub-893b4a6a607b4221a894bf861da7914e.r2.dev/2319778035493007.mp4
carried-forward  1666152167999287 c0  → https://pub-893b4a6a607b4221a894bf861da7914e.r2.dev/1666152167999287.mp4
carried-forward  1016928110968217 c0  → https://pub-893b4a6a607b4221a894bf861da7914e.r2.dev/1016928110968217.mp4
carried-forward  1068773575662117 c0  → https://pub-893b4a6a607b4221a894bf861da7914e.r2.dev/1068773575662117.mp4
carried-forward  1756777615325615 c0  → https://pub-893b4a6a607b4221a894bf861da7914e.r2.dev/1756777615325615.mp4
carried-forward  1055447153587812 c0  → https://pub-893b4a6a607b4221a894bf861da7914e.r2.dev/1055447153587812.mp4
carried-forward  1014509124735276 c0  → https://pub-893b4a6a607b4221a894bf861da7914e.r2.dev/1014509124735276.mp4
carried-forward  1716088442774586 c0  → https://pub-893b4a6a607b4221a894bf861da7914e.r2.dev/1716088442774586.mp4
carried-forward  1361902699225369 c0  → https://pub-893b4a6a607b4221a894bf861da7914e.r2.dev/1361902699225369.mp4
carried-forward  1428294575792925 c0  → https://pub-893b4a6a607b4221a894bf861da7914e.r2.dev/1428294575792925.mp4
carried-forward  1427103212256894 c0  → https://pub-893b4a6a607b4221a894bf861da7914e.r2.dev/1427103212256894.mp4
carried-forward  1330441485871245 c0  → https://pub-893b4a6a607b4221a894bf861da7914e.r2.dev/1330441485871245.mp4
carried-forward  1020242430932909 c0  → https://pub-893b4a6a607b4221a894bf861da7914e.r2.dev/1020242430932909.mp4
carried-forward  1576853030699004 c0  → https://pub-893b4a6a607b4221a894bf861da7914e.r2.dev/1576853030699004.mp4
carried-forward  861154453569534 c0  → https://pub-893b4a6a607b4221a894bf861da7914e.r2.dev/861154453569534.mp4
carried-forward  2345556296180459 c0  → https://pub-893b4a6a607b4221a894bf861da7914e.r2.dev/2345556296180459.mp4
uploaded         1049769558025301 c0  (video) ← 1049769558025301.mp4  → https://pub-893b4a6a607b4221a894bf861da7914e.r2.dev/1049769558025301.mp4
carried-forward  2253030498553449 c0  → https://pub-893b4a6a607b4221a894bf861da7914e.r2.dev/2253030498553449.mp4
carried-forward  805915929154160 c0  → https://pub-893b4a6a607b4221a894bf861da7914e.r2.dev/805915929154160.mp4
carried-forward  1538173211041750 c0  → https://pub-893b4a6a607b4221a894bf861da7914e.r2.dev/1538173211041750.mp4
carried-forward  1640080243754234 c0  → https://pub-893b4a6a607b4221a894bf861da7914e.r2.dev/1640080243754234.mp4
carried-forward  2273658846794844 c0  → https://pub-893b4a6a607b4221a894bf861da7914e.r2.dev/2273658846794844.mp4
carried-forward  1873195333560021 c0  → https://pub-893b4a6a607b4221a894bf861da7914e.r2.dev/1873195333560021.mp4
carried-forward  2017725382451838 c0  → https://pub-893b4a6a607b4221a894bf861da7914e.r2.dev/2017725382451838.mp4
carried-forward  902496572123981 c0  → https://pub-893b4a6a607b4221a894bf861da7914e.r2.dev/902496572123981.mp4
carried-forward  1511423780196879 c0  → https://pub-893b4a6a607b4221a894bf861da7914e.r2.dev/1511423780196879.mp4
carried-forward  1451647100062532 c0  → https://pub-893b4a6a607b4221a894bf861da7914e.r2.dev/1451647100062532.mp4
carried-forward  2797889630580587 c0  → https://pub-893b4a6a607b4221a894bf861da7914e.r2.dev/2797889630580587.mp4
carried-forward  1079690261395668 c0  → https://pub-893b4a6a607b4221a894bf861da7914e.r2.dev/1079690261395668.mp4
carried-forward  1043879301709330 c0  → https://pub-893b4a6a607b4221a894bf861da7914e.r2.dev/1043879301709330.mp4
carried-forward  3524560591055542 c0  → https://pub-893b4a6a607b4221a894bf861da7914e.r2.dev/3524560591055542.mp4
carried-forward  2279206102935344 c0  → https://pub-893b4a6a607b4221a894bf861da7914e.r2.dev/2279206102935344.mp4
carried-forward  1302125191954780 c0  → https://pub-893b4a6a607b4221a894bf861da7914e.r2.dev/1302125191954780.mp4
carried-forward  1318436327115859 c0  → https://pub-893b4a6a607b4221a894bf861da7914e.r2.dev/1318436327115859.mp4
video-missing    1318436327115859 c0  (expected file not found in facebook/videos/english-seekho-2026-07-25)
carried-forward  1865490024414639 c0  → https://pub-893b4a6a607b4221a894bf861da7914e.r2.dev/1865490024414639.mp4
carried-forward  2119075732040848 c0  → https://pub-893b4a6a607b4221a894bf861da7914e.r2.dev/2119075732040848.mp4
carried-forward  1013503004982240 c0  → https://pub-893b4a6a607b4221a894bf861da7914e.r2.dev/1013503004982240.mp4
carried-forward  1343903744615372 c0  → https://pub-893b4a6a607b4221a894bf861da7914e.r2.dev/1343903744615372.mp4
uploaded         1012394121637272 c0  (video) ← 1012394121637272.mp4  → https://pub-893b4a6a607b4221a894bf861da7914e.r2.dev/1012394121637272.mp4
carried-forward  2125574988338567 c0  → https://pub-893b4a6a607b4221a894bf861da7914e.r2.dev/2125574988338567.mp4
carried-forward  3587601094721895 c0  → https://pub-893b4a6a607b4221a894bf861da7914e.r2.dev/3587601094721895.mp4
carried-forward  1045587671199071 c0  → https://pub-893b4a6a607b4221a894bf861da7914e.r2.dev/1045587671199071.mp4
carried-forward  1450837070403103 c0  → https://pub-893b4a6a607b4221a894bf861da7914e.r2.dev/1450837070403103.mp4
carried-forward  1338583461820392 c0  → https://pub-893b4a6a607b4221a894bf861da7914e.r2.dev/1338583461820392.mp4
uploaded         878073875031446 c0  (video) ← 878073875031446.mp4  → https://pub-893b4a6a607b4221a894bf861da7914e.r2.dev/878073875031446.mp4
carried-forward  1016459024630426 c0  → https://pub-893b4a6a607b4221a894bf861da7914e.r2.dev/1016459024630426.mp4
carried-forward  4374691079457462 c0  → https://pub-893b4a6a607b4221a894bf861da7914e.r2.dev/4374691079457462.mp4
carried-forward  947375518391436 c0  → https://pub-893b4a6a607b4221a894bf861da7914e.r2.dev/947375518391436.mp4
carried-forward  1554632116400112 c0  → https://pub-893b4a6a607b4221a894bf861da7914e.r2.dev/1554632116400112.mp4
uploaded         888987657136713 c0  (video) ← 888987657136713.mp4  → https://pub-893b4a6a607b4221a894bf861da7914e.r2.dev/888987657136713.mp4
uploaded         1556940892586518 c0  (video) ← 1556940892586518.mp4  → https://pub-893b4a6a607b4221a894bf861da7914e.r2.dev/1556940892586518.mp4
carried-forward  1597508611755580 c0  → https://pub-893b4a6a607b4221a894bf861da7914e.r2.dev/1597508611755580.mp4
carried-forward  974162685659137 c0  → https://pub-893b4a6a607b4221a894bf861da7914e.r2.dev/974162685659137.mp4
uploaded         2383927238768233 c0  (video) ← 2383927238768233.mp4  → https://pub-893b4a6a607b4221a894bf861da7914e.r2.dev/2383927238768233.mp4
carried-forward  1043427205206272 c0  → https://pub-893b4a6a607b4221a894bf861da7914e.r2.dev/1043427205206272.mp4
carried-forward  2250203355757602 c0  → https://pub-893b4a6a607b4221a894bf861da7914e.r2.dev/2250203355757602.mp4
