# Step 3 run log
# competitor : english-seekho
# started_at : 2026-07-05T06:31:11
# input      : facebook/inputs/fb-ads-english-seekho-2026-07-05-0628.csv
# videos     : facebook/videos/english-seekho-2026-07-05
# master     : facebook/master/english-seekho.csv  (updated)
# enriched   : facebook/inputs/fb-ads-english-seekho-2026-07-05-0628_enriched.csv
# bucket     : video-ads
# public_base: https://pub-893b4a6a607b4221a894bf861da7914e.r2.dev
# dry_run    : False
#
# counts     : {'uploaded': 9, 'carried-forward': 237, 'image-pending': 0, 'video-missing': 31, 'no-creative': 0, 'error': 0}
#
carried-forward  985533387662266 c0  → https://pub-893b4a6a607b4221a894bf861da7914e.r2.dev/985533387662266.mp4
video-missing    985533387662266 c0  (expected file not found in facebook/videos/english-seekho-2026-07-05)
carried-forward  989474957025076 c0  → https://pub-893b4a6a607b4221a894bf861da7914e.r2.dev/989474957025076.mp4
video-missing    989474957025076 c0  (expected file not found in facebook/videos/english-seekho-2026-07-05)
carried-forward  2018888478732564 c0  → https://pub-893b4a6a607b4221a894bf861da7914e.r2.dev/2018888478732564.mp4
carried-forward  873021038754328 c0  → https://pub-893b4a6a607b4221a894bf861da7914e.r2.dev/873021038754328.mp4
carried-forward  885862810591427 c0  → https://pub-893b4a6a607b4221a894bf861da7914e.r2.dev/885862810591427.mp4
carried-forward  1289129073383437 c0  → https://pub-893b4a6a607b4221a894bf861da7914e.r2.dev/1289129073383437.mp4
carried-forward  1406417581323446 c0  → https://pub-893b4a6a607b4221a894bf861da7914e.r2.dev/1406417581323446.mp4
video-missing    1406417581323446 c0  (expected file not found in facebook/videos/english-seekho-2026-07-05)
carried-forward  1030481159453297 c0  → https://pub-893b4a6a607b4221a894bf861da7914e.r2.dev/1030481159453297.mp4
carried-forward  2209878306413733 c0  → https://pub-893b4a6a607b4221a894bf861da7914e.r2.dev/2209878306413733.mp4
video-missing    2209878306413733 c0  (expected file not found in facebook/videos/english-seekho-2026-07-05)
carried-forward  1699760197792223 c0  → https://pub-893b4a6a607b4221a894bf861da7914e.r2.dev/1699760197792223.mp4
carried-forward  1560695732431858 c0  → https://pub-893b4a6a607b4221a894bf861da7914e.r2.dev/1560695732431858.mp4
video-missing    1560695732431858 c0  (expected file not found in facebook/videos/english-seekho-2026-07-05)
carried-forward  1518594126387614 c0  → https://pub-893b4a6a607b4221a894bf861da7914e.r2.dev/1518594126387614.mp4
carried-forward  1260469682675863 c0  → https://pub-893b4a6a607b4221a894bf861da7914e.r2.dev/1260469682675863.mp4
carried-forward  1019280954396091 c0  → https://pub-893b4a6a607b4221a894bf861da7914e.r2.dev/1019280954396091.mp4
video-missing    1019280954396091 c0  (expected file not found in facebook/videos/english-seekho-2026-07-05)
carried-forward  1013023587804896 c0  → https://pub-893b4a6a607b4221a894bf861da7914e.r2.dev/1013023587804896.mp4
video-missing    1013023587804896 c0  (expected file not found in facebook/videos/english-seekho-2026-07-05)
carried-forward  4449032692079781 c0  → https://pub-893b4a6a607b4221a894bf861da7914e.r2.dev/4449032692079781.mp4
carried-forward  1681179916439914 c0  → https://pub-893b4a6a607b4221a894bf861da7914e.r2.dev/1681179916439914.mp4
video-missing    1681179916439914 c0  (expected file not found in facebook/videos/english-seekho-2026-07-05)
carried-forward  4355411478052722 c0  → https://pub-893b4a6a607b4221a894bf861da7914e.r2.dev/4355411478052722.mp4
carried-forward  2205834800200196 c0  → https://pub-893b4a6a607b4221a894bf861da7914e.r2.dev/2205834800200196.mp4
carried-forward  1566236988412994 c0  → https://pub-893b4a6a607b4221a894bf861da7914e.r2.dev/1566236988412994.mp4
carried-forward  1014456487800871 c0  → https://pub-893b4a6a607b4221a894bf861da7914e.r2.dev/1014456487800871.mp4
carried-forward  846746431580534 c0  → https://pub-893b4a6a607b4221a894bf861da7914e.r2.dev/846746431580534.mp4
carried-forward  1549761863456981 c0  → https://pub-893b4a6a607b4221a894bf861da7914e.r2.dev/1549761863456981.mp4
carried-forward  992773516690548 c0  → https://pub-893b4a6a607b4221a894bf861da7914e.r2.dev/992773516690548.mp4
carried-forward  999994179437771 c0  → https://pub-893b4a6a607b4221a894bf861da7914e.r2.dev/999994179437771.mp4
carried-forward  883414924661759 c0  → https://pub-893b4a6a607b4221a894bf861da7914e.r2.dev/883414924661759.mp4
carried-forward  2284073262000543 c0  → https://pub-893b4a6a607b4221a894bf861da7914e.r2.dev/2284073262000543.mp4
carried-forward  4462667594015020 c0  → https://pub-893b4a6a607b4221a894bf861da7914e.r2.dev/4462667594015020.mp4
carried-forward  1366714225383108 c0  → https://pub-893b4a6a607b4221a894bf861da7914e.r2.dev/1366714225383108.mp4
carried-forward  2152508018617561 c0  → https://pub-893b4a6a607b4221a894bf861da7914e.r2.dev/2152508018617561.mp4
carried-forward  1025441466769457 c0  → https://pub-893b4a6a607b4221a894bf861da7914e.r2.dev/1025441466769457.mp4
carried-forward  871564259326574 c0  → https://pub-893b4a6a607b4221a894bf861da7914e.r2.dev/871564259326574.mp4
carried-forward  1006570045559226 c0  → https://pub-893b4a6a607b4221a894bf861da7914e.r2.dev/1006570045559226.mp4
video-missing    1006570045559226 c0  (expected file not found in facebook/videos/english-seekho-2026-07-05)
carried-forward  1634590185335796 c0  → https://pub-893b4a6a607b4221a894bf861da7914e.r2.dev/1634590185335796.mp4
carried-forward  3607823459368677 c0  → https://pub-893b4a6a607b4221a894bf861da7914e.r2.dev/3607823459368677.mp4
carried-forward  2280391339164492 c0  → https://pub-893b4a6a607b4221a894bf861da7914e.r2.dev/2280391339164492.mp4
carried-forward  1018511234269314 c0  → https://pub-893b4a6a607b4221a894bf861da7914e.r2.dev/1018511234269314.mp4
carried-forward  3033559160166599 c0  → https://pub-893b4a6a607b4221a894bf861da7914e.r2.dev/3033559160166599.mp4
video-missing    3033559160166599 c0  (expected file not found in facebook/videos/english-seekho-2026-07-05)
carried-forward  995004486736404 c0  → https://pub-893b4a6a607b4221a894bf861da7914e.r2.dev/995004486736404.mp4
carried-forward  2057759528145315 c0  → https://pub-893b4a6a607b4221a894bf861da7914e.r2.dev/2057759528145315.mp4
carried-forward  1043173955166157 c0  → https://pub-893b4a6a607b4221a894bf861da7914e.r2.dev/1043173955166157.mp4
video-missing    1043173955166157 c0  (expected file not found in facebook/videos/english-seekho-2026-07-05)
carried-forward  989974220692229 c0  → https://pub-893b4a6a607b4221a894bf861da7914e.r2.dev/989974220692229.mp4
video-missing    989974220692229 c0  (expected file not found in facebook/videos/english-seekho-2026-07-05)
carried-forward  1329716809342445 c0  → https://pub-893b4a6a607b4221a894bf861da7914e.r2.dev/1329716809342445.mp4
carried-forward  1472313281246256 c0  → https://pub-893b4a6a607b4221a894bf861da7914e.r2.dev/1472313281246256.mp4
carried-forward  1073974488628392 c0  → https://pub-893b4a6a607b4221a894bf861da7914e.r2.dev/1073974488628392.mp4
carried-forward  2069089776978031 c0  → https://pub-893b4a6a607b4221a894bf861da7914e.r2.dev/2069089776978031.mp4
carried-forward  2710465069347261 c0  → https://pub-893b4a6a607b4221a894bf861da7914e.r2.dev/2710465069347261.mp4
carried-forward  4595374774118114 c0  → https://pub-893b4a6a607b4221a894bf861da7914e.r2.dev/4595374774118114.mp4
carried-forward  888335133660166 c0  → https://pub-893b4a6a607b4221a894bf861da7914e.r2.dev/888335133660166.mp4
carried-forward  1331978341738560 c0  → https://pub-893b4a6a607b4221a894bf861da7914e.r2.dev/1331978341738560.mp4
carried-forward  3163699757156529 c0  → https://pub-893b4a6a607b4221a894bf861da7914e.r2.dev/3163699757156529.mp4
carried-forward  1037885932008729 c0  → https://pub-893b4a6a607b4221a894bf861da7914e.r2.dev/1037885932008729.mp4
carried-forward  1193274679606735 c0  → https://pub-893b4a6a607b4221a894bf861da7914e.r2.dev/1193274679606735.mp4
video-missing    1193274679606735 c0  (expected file not found in facebook/videos/english-seekho-2026-07-05)
carried-forward  964312089944828 c0  → https://pub-893b4a6a607b4221a894bf861da7914e.r2.dev/964312089944828.mp4
video-missing    964312089944828 c0  (expected file not found in facebook/videos/english-seekho-2026-07-05)
carried-forward  1223700476600723 c0  → https://pub-893b4a6a607b4221a894bf861da7914e.r2.dev/1223700476600723.mp4
carried-forward  1466382221844827 c0  → https://pub-893b4a6a607b4221a894bf861da7914e.r2.dev/1466382221844827.mp4
carried-forward  1550767846941355 c0  → https://pub-893b4a6a607b4221a894bf861da7914e.r2.dev/1550767846941355.mp4
carried-forward  2152429472156703 c0  → https://pub-893b4a6a607b4221a894bf861da7914e.r2.dev/2152429472156703.mp4
carried-forward  1014900067589638 c0  → https://pub-893b4a6a607b4221a894bf861da7914e.r2.dev/1014900067589638.mp4
carried-forward  2250084872471619 c0  → https://pub-893b4a6a607b4221a894bf861da7914e.r2.dev/2250084872471619.mp4
carried-forward  2591967137926271 c0  → https://pub-893b4a6a607b4221a894bf861da7914e.r2.dev/2591967137926271.mp4
carried-forward  1008695968233040 c0  → https://pub-893b4a6a607b4221a894bf861da7914e.r2.dev/1008695968233040.mp4
video-missing    1008695968233040 c0  (expected file not found in facebook/videos/english-seekho-2026-07-05)
carried-forward  988958730629564 c0  → https://pub-893b4a6a607b4221a894bf861da7914e.r2.dev/988958730629564.mp4
carried-forward  1533195354964644 c0  → https://pub-893b4a6a607b4221a894bf861da7914e.r2.dev/1533195354964644.mp4
carried-forward  1742223770287191 c0  → https://pub-893b4a6a607b4221a894bf861da7914e.r2.dev/1742223770287191.mp4
carried-forward  1414490704064865 c0  → https://pub-893b4a6a607b4221a894bf861da7914e.r2.dev/1414490704064865.mp4
carried-forward  1016711277501426 c0  → https://pub-893b4a6a607b4221a894bf861da7914e.r2.dev/1016711277501426.mp4
carried-forward  2201883133941569 c0  → https://pub-893b4a6a607b4221a894bf861da7914e.r2.dev/2201883133941569.mp4
carried-forward  4404859313114775 c0  → https://pub-893b4a6a607b4221a894bf861da7914e.r2.dev/4404859313114775.mp4
carried-forward  1364784788843978 c0  → https://pub-893b4a6a607b4221a894bf861da7914e.r2.dev/1364784788843978.mp4
carried-forward  1478126110733286 c0  → https://pub-893b4a6a607b4221a894bf861da7914e.r2.dev/1478126110733286.mp4
carried-forward  1641629937137441 c0  → https://pub-893b4a6a607b4221a894bf861da7914e.r2.dev/1641629937137441.mp4
carried-forward  1961729674555213 c0  → https://pub-893b4a6a607b4221a894bf861da7914e.r2.dev/1961729674555213.mp4
carried-forward  1325720405809601 c0  → https://pub-893b4a6a607b4221a894bf861da7914e.r2.dev/1325720405809601.mp4
video-missing    1325720405809601 c0  (expected file not found in facebook/videos/english-seekho-2026-07-05)
carried-forward  2453287415158391 c0  → https://pub-893b4a6a607b4221a894bf861da7914e.r2.dev/2453287415158391.mp4
carried-forward  1781211133045778 c0  → https://pub-893b4a6a607b4221a894bf861da7914e.r2.dev/1781211133045778.mp4
carried-forward  1569302308257783 c0  → https://pub-893b4a6a607b4221a894bf861da7914e.r2.dev/1569302308257783.mp4
carried-forward  1021299320653057 c0  → https://pub-893b4a6a607b4221a894bf861da7914e.r2.dev/1021299320653057.mp4
carried-forward  1808954107158548 c0  → https://pub-893b4a6a607b4221a894bf861da7914e.r2.dev/1808954107158548.mp4
carried-forward  1930588960964996 c0  → https://pub-893b4a6a607b4221a894bf861da7914e.r2.dev/1930588960964996.mp4
video-missing    1930588960964996 c0  (expected file not found in facebook/videos/english-seekho-2026-07-05)
carried-forward  2449267882206681 c0  → https://pub-893b4a6a607b4221a894bf861da7914e.r2.dev/2449267882206681.mp4
carried-forward  27355896097398956 c0  → https://pub-893b4a6a607b4221a894bf861da7914e.r2.dev/27355896097398956.mp4
carried-forward  1375587744419500 c0  → https://pub-893b4a6a607b4221a894bf861da7914e.r2.dev/1375587744419500.mp4
carried-forward  2299324837553512 c0  → https://pub-893b4a6a607b4221a894bf861da7914e.r2.dev/2299324837553512.mp4
carried-forward  1745554799947259 c0  → https://pub-893b4a6a607b4221a894bf861da7914e.r2.dev/1745554799947259.mp4
carried-forward  4395085614099165 c0  → https://pub-893b4a6a607b4221a894bf861da7914e.r2.dev/4395085614099165.mp4
carried-forward  2086474589415548 c0  → https://pub-893b4a6a607b4221a894bf861da7914e.r2.dev/2086474589415548.mp4
carried-forward  1017371664597859 c0  → https://pub-893b4a6a607b4221a894bf861da7914e.r2.dev/1017371664597859.mp4
carried-forward  2289892785083094 c0  → https://pub-893b4a6a607b4221a894bf861da7914e.r2.dev/2289892785083094.mp4
uploaded         1252200364623839 c0  (video) ← 1252200364623839.mp4  → https://pub-893b4a6a607b4221a894bf861da7914e.r2.dev/1252200364623839.mp4
carried-forward  1360549895753796 c0  → https://pub-893b4a6a607b4221a894bf861da7914e.r2.dev/1360549895753796.mp4
carried-forward  1735180221264898 c0  → https://pub-893b4a6a607b4221a894bf861da7914e.r2.dev/1735180221264898.mp4
carried-forward  1548158910275403 c0  → https://pub-893b4a6a607b4221a894bf861da7914e.r2.dev/1548158910275403.mp4
carried-forward  2069551497104811 c0  → https://pub-893b4a6a607b4221a894bf861da7914e.r2.dev/2069551497104811.mp4
carried-forward  3098326293684794 c0  → https://pub-893b4a6a607b4221a894bf861da7914e.r2.dev/3098326293684794.mp4
carried-forward  2129938227571573 c0  → https://pub-893b4a6a607b4221a894bf861da7914e.r2.dev/2129938227571573.mp4
carried-forward  1057833703249477 c0  → https://pub-893b4a6a607b4221a894bf861da7914e.r2.dev/1057833703249477.mp4
video-missing    1057833703249477 c0  (expected file not found in facebook/videos/english-seekho-2026-07-05)
carried-forward  1033037325739194 c0  → https://pub-893b4a6a607b4221a894bf861da7914e.r2.dev/1033037325739194.mp4
carried-forward  1064443136246118 c0  → https://pub-893b4a6a607b4221a894bf861da7914e.r2.dev/1064443136246118.mp4
carried-forward  1947103012628286 c0  → https://pub-893b4a6a607b4221a894bf861da7914e.r2.dev/1947103012628286.mp4
carried-forward  28740456275544709 c0  → https://pub-893b4a6a607b4221a894bf861da7914e.r2.dev/28740456275544709.mp4
carried-forward  1370316518351776 c0  → https://pub-893b4a6a607b4221a894bf861da7914e.r2.dev/1370316518351776.mp4
carried-forward  3945125475794543 c0  → https://pub-893b4a6a607b4221a894bf861da7914e.r2.dev/3945125475794543.mp4
video-missing    3945125475794543 c0  (expected file not found in facebook/videos/english-seekho-2026-07-05)
carried-forward  5201427430083462 c0  → https://pub-893b4a6a607b4221a894bf861da7914e.r2.dev/5201427430083462.mp4
video-missing    5201427430083462 c0  (expected file not found in facebook/videos/english-seekho-2026-07-05)
uploaded         1777270433616585 c0  (video) ← 1777270433616585.mp4  → https://pub-893b4a6a607b4221a894bf861da7914e.r2.dev/1777270433616585.mp4
video-missing    1777270433616585 c0  (expected file not found in facebook/videos/english-seekho-2026-07-05)
carried-forward  1485257069470905 c0  → https://pub-893b4a6a607b4221a894bf861da7914e.r2.dev/1485257069470905.mp4
carried-forward  922682520699920 c0  → https://pub-893b4a6a607b4221a894bf861da7914e.r2.dev/922682520699920.mp4
carried-forward  767456879118205 c0  → https://pub-893b4a6a607b4221a894bf861da7914e.r2.dev/767456879118205.mp4
carried-forward  1908450636707359 c0  → https://pub-893b4a6a607b4221a894bf861da7914e.r2.dev/1908450636707359.mp4
carried-forward  1558750499203337 c0  → https://pub-893b4a6a607b4221a894bf861da7914e.r2.dev/1558750499203337.mp4
carried-forward  1013834224460527 c0  → https://pub-893b4a6a607b4221a894bf861da7914e.r2.dev/1013834224460527.mp4
carried-forward  989043553899179 c0  → https://pub-893b4a6a607b4221a894bf861da7914e.r2.dev/989043553899179.mp4
carried-forward  2674686452896226 c0  → https://pub-893b4a6a607b4221a894bf861da7914e.r2.dev/2674686452896226.mp4
carried-forward  3359906510858048 c0  → https://pub-893b4a6a607b4221a894bf861da7914e.r2.dev/3359906510858048.mp4
carried-forward  1683181803008249 c0  → https://pub-893b4a6a607b4221a894bf861da7914e.r2.dev/1683181803008249.mp4
carried-forward  1058989673456910 c0  → https://pub-893b4a6a607b4221a894bf861da7914e.r2.dev/1058989673456910.mp4
carried-forward  1501154984318432 c0  → https://pub-893b4a6a607b4221a894bf861da7914e.r2.dev/1501154984318432.mp4
carried-forward  1068077548877737 c0  → https://pub-893b4a6a607b4221a894bf861da7914e.r2.dev/1068077548877737.mp4
carried-forward  1476645587385501 c0  → https://pub-893b4a6a607b4221a894bf861da7914e.r2.dev/1476645587385501.mp4
carried-forward  2491978981265778 c0  → https://pub-893b4a6a607b4221a894bf861da7914e.r2.dev/2491978981265778.mp4
carried-forward  1244507290916309 c0  → https://pub-893b4a6a607b4221a894bf861da7914e.r2.dev/1244507290916309.mp4
carried-forward  4379825375635044 c0  → https://pub-893b4a6a607b4221a894bf861da7914e.r2.dev/4379825375635044.mp4
uploaded         27455353024148705 c0  (video) ← 27455353024148705.mp4  → https://pub-893b4a6a607b4221a894bf861da7914e.r2.dev/27455353024148705.mp4
video-missing    27455353024148705 c0  (expected file not found in facebook/videos/english-seekho-2026-07-05)
carried-forward  1798711957512384 c0  → https://pub-893b4a6a607b4221a894bf861da7914e.r2.dev/1798711957512384.mp4
carried-forward  1217329830515440 c0  → https://pub-893b4a6a607b4221a894bf861da7914e.r2.dev/1217329830515440.mp4
carried-forward  1210251577301882 c0  → https://pub-893b4a6a607b4221a894bf861da7914e.r2.dev/1210251577301882.mp4
carried-forward  2814623868931139 c0  → https://pub-893b4a6a607b4221a894bf861da7914e.r2.dev/2814623868931139.mp4
carried-forward  1116123194536720 c0  → https://pub-893b4a6a607b4221a894bf861da7914e.r2.dev/1116123194536720.mp4
carried-forward  2176910723137201 c0  → https://pub-893b4a6a607b4221a894bf861da7914e.r2.dev/2176910723137201.mp4
carried-forward  1868096310508725 c0  → https://pub-893b4a6a607b4221a894bf861da7914e.r2.dev/1868096310508725.mp4
carried-forward  769511858914323 c0  → https://pub-893b4a6a607b4221a894bf861da7914e.r2.dev/769511858914323.mp4
carried-forward  1293551286094512 c0  → https://pub-893b4a6a607b4221a894bf861da7914e.r2.dev/1293551286094512.mp4
carried-forward  1419054459866080 c0  → https://pub-893b4a6a607b4221a894bf861da7914e.r2.dev/1419054459866080.mp4
carried-forward  1905133330090659 c0  → https://pub-893b4a6a607b4221a894bf861da7914e.r2.dev/1905133330090659.mp4
carried-forward  1522254569489888 c0  → https://pub-893b4a6a607b4221a894bf861da7914e.r2.dev/1522254569489888.mp4
carried-forward  1552757849814464 c0  → https://pub-893b4a6a607b4221a894bf861da7914e.r2.dev/1552757849814464.mp4
carried-forward  1041889355462447 c0  → https://pub-893b4a6a607b4221a894bf861da7914e.r2.dev/1041889355462447.mp4
video-missing    1041889355462447 c0  (expected file not found in facebook/videos/english-seekho-2026-07-05)
carried-forward  744109285461592 c0  → https://pub-893b4a6a607b4221a894bf861da7914e.r2.dev/744109285461592.mp4
carried-forward  1251191153618197 c0  → https://pub-893b4a6a607b4221a894bf861da7914e.r2.dev/1251191153618197.mp4
carried-forward  1207813628104720 c0  → https://pub-893b4a6a607b4221a894bf861da7914e.r2.dev/1207813628104720.mp4
carried-forward  1467644515190078 c0  → https://pub-893b4a6a607b4221a894bf861da7914e.r2.dev/1467644515190078.mp4
carried-forward  1381173417244178 c0  → https://pub-893b4a6a607b4221a894bf861da7914e.r2.dev/1381173417244178.mp4
carried-forward  1502392968556177 c0  → https://pub-893b4a6a607b4221a894bf861da7914e.r2.dev/1502392968556177.mp4
carried-forward  2015119902365104 c0  → https://pub-893b4a6a607b4221a894bf861da7914e.r2.dev/2015119902365104.mp4
carried-forward  1430826552137036 c0  → https://pub-893b4a6a607b4221a894bf861da7914e.r2.dev/1430826552137036.mp4
carried-forward  829188403458073 c0  → https://pub-893b4a6a607b4221a894bf861da7914e.r2.dev/829188403458073.mp4
carried-forward  861280263723451 c0  → https://pub-893b4a6a607b4221a894bf861da7914e.r2.dev/861280263723451.mp4
carried-forward  995544983284916 c0  → https://pub-893b4a6a607b4221a894bf861da7914e.r2.dev/995544983284916.mp4
carried-forward  608640915677208 c0  → https://pub-893b4a6a607b4221a894bf861da7914e.r2.dev/608640915677208.mp4
carried-forward  4088868154744700 c0  → https://pub-893b4a6a607b4221a894bf861da7914e.r2.dev/4088868154744700.mp4
carried-forward  2107296563998915 c0  → https://pub-893b4a6a607b4221a894bf861da7914e.r2.dev/2107296563998915.mp4
carried-forward  1229348518532340 c0  → https://pub-893b4a6a607b4221a894bf861da7914e.r2.dev/1229348518532340.mp4
carried-forward  1731878221177480 c0  → https://pub-893b4a6a607b4221a894bf861da7914e.r2.dev/1731878221177480.mp4
carried-forward  1054948106795031 c0  → https://pub-893b4a6a607b4221a894bf861da7914e.r2.dev/1054948106795031.mp4
carried-forward  2150177005566310 c0  → https://pub-893b4a6a607b4221a894bf861da7914e.r2.dev/2150177005566310.mp4
carried-forward  1237982938337799 c0  → https://pub-893b4a6a607b4221a894bf861da7914e.r2.dev/1237982938337799.mp4
carried-forward  27888728864065668 c0  → https://pub-893b4a6a607b4221a894bf861da7914e.r2.dev/27888728864065668.mp4
carried-forward  25537890735891271 c0  → https://pub-893b4a6a607b4221a894bf861da7914e.r2.dev/25537890735891271.mp4
carried-forward  1743034903789845 c0  → https://pub-893b4a6a607b4221a894bf861da7914e.r2.dev/1743034903789845.mp4
carried-forward  4541880356136294 c0  → https://pub-893b4a6a607b4221a894bf861da7914e.r2.dev/4541880356136294.mp4
carried-forward  1409524567891529 c0  → https://pub-893b4a6a607b4221a894bf861da7914e.r2.dev/1409524567891529.mp4
carried-forward  2060323628693990 c0  → https://pub-893b4a6a607b4221a894bf861da7914e.r2.dev/2060323628693990.mp4
carried-forward  890589943792591 c0  → https://pub-893b4a6a607b4221a894bf861da7914e.r2.dev/890589943792591.mp4
carried-forward  875326845163056 c0  → https://pub-893b4a6a607b4221a894bf861da7914e.r2.dev/875326845163056.mp4
carried-forward  1224227439081919 c0  → https://pub-893b4a6a607b4221a894bf861da7914e.r2.dev/1224227439081919.mp4
carried-forward  1077610054694294 c0  → https://pub-893b4a6a607b4221a894bf861da7914e.r2.dev/1077610054694294.mp4
uploaded         1002646462656082 c0  (video) ← 1002646462656082.mp4  → https://pub-893b4a6a607b4221a894bf861da7914e.r2.dev/1002646462656082.mp4
video-missing    1002646462656082 c0  (expected file not found in facebook/videos/english-seekho-2026-07-05)
carried-forward  2247893232629100 c0  → https://pub-893b4a6a607b4221a894bf861da7914e.r2.dev/2247893232629100.mp4
carried-forward  2080308449362918 c0  → https://pub-893b4a6a607b4221a894bf861da7914e.r2.dev/2080308449362918.mp4
carried-forward  1380227164013437 c0  → https://pub-893b4a6a607b4221a894bf861da7914e.r2.dev/1380227164013437.mp4
video-missing    1380227164013437 c0  (expected file not found in facebook/videos/english-seekho-2026-07-05)
carried-forward  1559841751931772 c0  → https://pub-893b4a6a607b4221a894bf861da7914e.r2.dev/1559841751931772.mp4
carried-forward  840752642285554 c0  → https://pub-893b4a6a607b4221a894bf861da7914e.r2.dev/840752642285554.mp4
carried-forward  1474638901289031 c0  → https://pub-893b4a6a607b4221a894bf861da7914e.r2.dev/1474638901289031.mp4
carried-forward  1690364325606787 c0  → https://pub-893b4a6a607b4221a894bf861da7914e.r2.dev/1690364325606787.mp4
carried-forward  2180961199359491 c0  → https://pub-893b4a6a607b4221a894bf861da7914e.r2.dev/2180961199359491.mp4
carried-forward  4543952635890139 c0  → https://pub-893b4a6a607b4221a894bf861da7914e.r2.dev/4543952635890139.mp4
carried-forward  4126279167669826 c0  → https://pub-893b4a6a607b4221a894bf861da7914e.r2.dev/4126279167669826.mp4
carried-forward  874940122070171 c0  → https://pub-893b4a6a607b4221a894bf861da7914e.r2.dev/874940122070171.mp4
carried-forward  1945996112929486 c0  → https://pub-893b4a6a607b4221a894bf861da7914e.r2.dev/1945996112929486.mp4
carried-forward  1273752324662155 c0  → https://pub-893b4a6a607b4221a894bf861da7914e.r2.dev/1273752324662155.mp4
carried-forward  889242263585010 c0  → https://pub-893b4a6a607b4221a894bf861da7914e.r2.dev/889242263585010.mp4
carried-forward  2037768870280868 c0  → https://pub-893b4a6a607b4221a894bf861da7914e.r2.dev/2037768870280868.mp4
carried-forward  1509527853448376 c0  → https://pub-893b4a6a607b4221a894bf861da7914e.r2.dev/1509527853448376.mp4
carried-forward  854104154162256 c0  → https://pub-893b4a6a607b4221a894bf861da7914e.r2.dev/854104154162256.mp4
carried-forward  991672040294415 c0  → https://pub-893b4a6a607b4221a894bf861da7914e.r2.dev/991672040294415.mp4
carried-forward  1624757115652080 c0  → https://pub-893b4a6a607b4221a894bf861da7914e.r2.dev/1624757115652080.mp4
carried-forward  26372603382322992 c0  → https://pub-893b4a6a607b4221a894bf861da7914e.r2.dev/26372603382322992.mp4
carried-forward  27770311949260226 c0  → https://pub-893b4a6a607b4221a894bf861da7914e.r2.dev/27770311949260226.mp4
carried-forward  5195950473963815 c0  → https://pub-893b4a6a607b4221a894bf861da7914e.r2.dev/5195950473963815.mp4
carried-forward  999876562854568 c0  → https://pub-893b4a6a607b4221a894bf861da7914e.r2.dev/999876562854568.mp4
carried-forward  1041993124842338 c0  → https://pub-893b4a6a607b4221a894bf861da7914e.r2.dev/1041993124842338.mp4
carried-forward  1496683412498808 c0  → https://pub-893b4a6a607b4221a894bf861da7914e.r2.dev/1496683412498808.mp4
carried-forward  1932228970822184 c0  → https://pub-893b4a6a607b4221a894bf861da7914e.r2.dev/1932228970822184.mp4
carried-forward  1343885830522157 c0  → https://pub-893b4a6a607b4221a894bf861da7914e.r2.dev/1343885830522157.mp4
carried-forward  1021857783569128 c0  → https://pub-893b4a6a607b4221a894bf861da7914e.r2.dev/1021857783569128.mp4
carried-forward  1400291601942229 c0  → https://pub-893b4a6a607b4221a894bf861da7914e.r2.dev/1400291601942229.mp4
carried-forward  2078151889787626 c0  → https://pub-893b4a6a607b4221a894bf861da7914e.r2.dev/2078151889787626.mp4
carried-forward  1587837942738975 c0  → https://pub-893b4a6a607b4221a894bf861da7914e.r2.dev/1587837942738975.mp4
carried-forward  2427985181013010 c0  → https://pub-893b4a6a607b4221a894bf861da7914e.r2.dev/2427985181013010.mp4
carried-forward  1033485019644682 c0  → https://pub-893b4a6a607b4221a894bf861da7914e.r2.dev/1033485019644682.mp4
carried-forward  4483650758629048 c0  → https://pub-893b4a6a607b4221a894bf861da7914e.r2.dev/4483650758629048.mp4
carried-forward  1427103212256894 c0  → https://pub-893b4a6a607b4221a894bf861da7914e.r2.dev/1427103212256894.mp4
carried-forward  2814595102246678 c0  → https://pub-893b4a6a607b4221a894bf861da7914e.r2.dev/2814595102246678.mp4
carried-forward  1323225666117121 c0  → https://pub-893b4a6a607b4221a894bf861da7914e.r2.dev/1323225666117121.mp4
uploaded         1487760063112866 c0  (video) ← 1487760063112866.mp4  → https://pub-893b4a6a607b4221a894bf861da7914e.r2.dev/1487760063112866.mp4
carried-forward  3887006608101122 c0  → https://pub-893b4a6a607b4221a894bf861da7914e.r2.dev/3887006608101122.mp4
carried-forward  1666152167999287 c0  → https://pub-893b4a6a607b4221a894bf861da7914e.r2.dev/1666152167999287.mp4
carried-forward  1747654436483907 c0  → https://pub-893b4a6a607b4221a894bf861da7914e.r2.dev/1747654436483907.mp4
carried-forward  1542625204190827 c0  → https://pub-893b4a6a607b4221a894bf861da7914e.r2.dev/1542625204190827.mp4
carried-forward  1530782258503223 c0  → https://pub-893b4a6a607b4221a894bf861da7914e.r2.dev/1530782258503223.mp4
carried-forward  2253030498553449 c0  → https://pub-893b4a6a607b4221a894bf861da7914e.r2.dev/2253030498553449.mp4
carried-forward  2018451682119322 c0  → https://pub-893b4a6a607b4221a894bf861da7914e.r2.dev/2018451682119322.mp4
carried-forward  1581331226744167 c0  → https://pub-893b4a6a607b4221a894bf861da7914e.r2.dev/1581331226744167.mp4
video-missing    1581331226744167 c0  (expected file not found in facebook/videos/english-seekho-2026-07-05)
carried-forward  1977033072998466 c0  → https://pub-893b4a6a607b4221a894bf861da7914e.r2.dev/1977033072998466.mp4
carried-forward  1357447506586333 c0  → https://pub-893b4a6a607b4221a894bf861da7914e.r2.dev/1357447506586333.mp4
carried-forward  1765150721580425 c0  → https://pub-893b4a6a607b4221a894bf861da7914e.r2.dev/1765150721580425.mp4
carried-forward  1873195333560021 c0  → https://pub-893b4a6a607b4221a894bf861da7914e.r2.dev/1873195333560021.mp4
carried-forward  1643616323419294 c0  → https://pub-893b4a6a607b4221a894bf861da7914e.r2.dev/1643616323419294.mp4
carried-forward  1451227996765574 c0  → https://pub-893b4a6a607b4221a894bf861da7914e.r2.dev/1451227996765574.mp4
carried-forward  1342956820588372 c0  → https://pub-893b4a6a607b4221a894bf861da7914e.r2.dev/1342956820588372.mp4
carried-forward  805915929154160 c0  → https://pub-893b4a6a607b4221a894bf861da7914e.r2.dev/805915929154160.mp4
carried-forward  2475200226329759 c0  → https://pub-893b4a6a607b4221a894bf861da7914e.r2.dev/2475200226329759.mp4
carried-forward  2259848371446942 c0  → https://pub-893b4a6a607b4221a894bf861da7914e.r2.dev/2259848371446942.mp4
carried-forward  861154453569534 c0  → https://pub-893b4a6a607b4221a894bf861da7914e.r2.dev/861154453569534.mp4
carried-forward  1047747831278757 c0  → https://pub-893b4a6a607b4221a894bf861da7914e.r2.dev/1047747831278757.mp4
carried-forward  879981268519598 c0  → https://pub-893b4a6a607b4221a894bf861da7914e.r2.dev/879981268519598.mp4
carried-forward  902496572123981 c0  → https://pub-893b4a6a607b4221a894bf861da7914e.r2.dev/902496572123981.mp4
carried-forward  1542916847365938 c0  → https://pub-893b4a6a607b4221a894bf861da7914e.r2.dev/1542916847365938.mp4
video-missing    1542916847365938 c0  (expected file not found in facebook/videos/english-seekho-2026-07-05)
carried-forward  1348259173466679 c0  → https://pub-893b4a6a607b4221a894bf861da7914e.r2.dev/1348259173466679.mp4
carried-forward  1325771862501053 c0  → https://pub-893b4a6a607b4221a894bf861da7914e.r2.dev/1325771862501053.mp4
carried-forward  4409743082616301 c0  → https://pub-893b4a6a607b4221a894bf861da7914e.r2.dev/4409743082616301.mp4
carried-forward  1302125191954780 c0  → https://pub-893b4a6a607b4221a894bf861da7914e.r2.dev/1302125191954780.mp4
carried-forward  1717353739307487 c0  → https://pub-893b4a6a607b4221a894bf861da7914e.r2.dev/1717353739307487.mp4
carried-forward  1016502220859835 c0  → https://pub-893b4a6a607b4221a894bf861da7914e.r2.dev/1016502220859835.mp4
video-missing    1016502220859835 c0  (expected file not found in facebook/videos/english-seekho-2026-07-05)
uploaded         2911781465840699 c0  (video) ← 2911781465840699.mp4  → https://pub-893b4a6a607b4221a894bf861da7914e.r2.dev/2911781465840699.mp4
video-missing    2911781465840699 c0  (expected file not found in facebook/videos/english-seekho-2026-07-05)
carried-forward  2017725382451838 c0  → https://pub-893b4a6a607b4221a894bf861da7914e.r2.dev/2017725382451838.mp4
carried-forward  1037574918722441 c0  → https://pub-893b4a6a607b4221a894bf861da7914e.r2.dev/1037574918722441.mp4
carried-forward  895773400231904 c0  → https://pub-893b4a6a607b4221a894bf861da7914e.r2.dev/895773400231904.mp4
carried-forward  997825846384220 c0  → https://pub-893b4a6a607b4221a894bf861da7914e.r2.dev/997825846384220.mp4
carried-forward  26605419505801522 c0  → https://pub-893b4a6a607b4221a894bf861da7914e.r2.dev/26605419505801522.mp4
uploaded         1543704014221508 c0  (video) ← 1543704014221508.mp4  → https://pub-893b4a6a607b4221a894bf861da7914e.r2.dev/1543704014221508.mp4
carried-forward  1715147456185960 c0  → https://pub-893b4a6a607b4221a894bf861da7914e.r2.dev/1715147456185960.mp4
video-missing    1715147456185960 c0  (expected file not found in facebook/videos/english-seekho-2026-07-05)
carried-forward  2269754987102210 c0  → https://pub-893b4a6a607b4221a894bf861da7914e.r2.dev/2269754987102210.mp4
video-missing    2269754987102210 c0  (expected file not found in facebook/videos/english-seekho-2026-07-05)
carried-forward  2182768722504526 c0  → https://pub-893b4a6a607b4221a894bf861da7914e.r2.dev/2182768722504526.mp4
uploaded         1433011138873457 c0  (video) ← 1433011138873457.mp4  → https://pub-893b4a6a607b4221a894bf861da7914e.r2.dev/1433011138873457.mp4
uploaded         1023850853354102 c0  (video) ← 1023850853354102.mp4  → https://pub-893b4a6a607b4221a894bf861da7914e.r2.dev/1023850853354102.mp4
