# Step 3 run log
# competitor : english-seekho
# started_at : 2026-06-15T06:22:26
# input      : facebook/inputs/fb-ads-english-seekho-2026-06-15-0620.csv
# videos     : facebook/videos/english-seekho-2026-06-15
# master     : facebook/master/english-seekho.csv  (updated)
# enriched   : facebook/inputs/fb-ads-english-seekho-2026-06-15-0620_enriched.csv
# bucket     : video-ads
# public_base: https://dcfd27564ef899969db9a562c7e1945f.r2.cloudflarestorage.com
# dry_run    : False
#
# counts     : {'uploaded': 2, 'carried-forward': 234, 'image-pending': 0, 'video-missing': 16, 'no-creative': 0, 'error': 0}
#
carried-forward  1503697738097799 c0  → https://pub-893b4a6a607b4221a894bf861da7914e.r2.dev/1503697738097799.mp4
carried-forward  1271047411639492 c0  → https://pub-893b4a6a607b4221a894bf861da7914e.r2.dev/1271047411639492.mp4
carried-forward  990018286870707 c0  → https://dcfd27564ef899969db9a562c7e1945f.r2.cloudflarestorage.com/990018286870707.mp4
carried-forward  1513255320189298 c0  → https://pub-893b4a6a607b4221a894bf861da7914e.r2.dev/1513255320189298.mp4
carried-forward  1304663088473953 c0  → https://pub-893b4a6a607b4221a894bf861da7914e.r2.dev/1304663088473953.mp4
carried-forward  882040494892409 c0  → https://pub-893b4a6a607b4221a894bf861da7914e.r2.dev/882040494892409.mp4
carried-forward  1603965631335488 c0  → https://dcfd27564ef899969db9a562c7e1945f.r2.cloudflarestorage.com/1603965631335488.mp4
carried-forward  859593329883730 c0  → https://pub-893b4a6a607b4221a894bf861da7914e.r2.dev/859593329883730.mp4
carried-forward  1028015442984226 c0  → https://dcfd27564ef899969db9a562c7e1945f.r2.cloudflarestorage.com/1028015442984226.mp4
video-missing    1028015442984226 c0  (expected file not found in facebook/videos/english-seekho-2026-06-15)
carried-forward  1961301468092363 c0  → https://pub-893b4a6a607b4221a894bf861da7914e.r2.dev/1961301468092363.mp4
carried-forward  1008376008280324 c0  → https://pub-893b4a6a607b4221a894bf861da7914e.r2.dev/1008376008280324.mp4
carried-forward  1343543300957920 c0  → https://pub-893b4a6a607b4221a894bf861da7914e.r2.dev/1343543300957920.mp4
carried-forward  845261814500751 c0  → https://pub-893b4a6a607b4221a894bf861da7914e.r2.dev/845261814500751.mp4
carried-forward  1022674277084766 c0  → https://pub-893b4a6a607b4221a894bf861da7914e.r2.dev/1022674277084766.mp4
video-missing    1022674277084766 c0  (expected file not found in facebook/videos/english-seekho-2026-06-15)
carried-forward  2157206811736735 c0  → https://pub-893b4a6a607b4221a894bf861da7914e.r2.dev/2157206811736735.mp4
carried-forward  2483997988715225 c0  → https://dcfd27564ef899969db9a562c7e1945f.r2.cloudflarestorage.com/2483997988715225.mp4
carried-forward  1445447133927643 c0  → https://pub-893b4a6a607b4221a894bf861da7914e.r2.dev/1445447133927643.mp4
carried-forward  1525891568990663 c0  → https://pub-893b4a6a607b4221a894bf861da7914e.r2.dev/1525891568990663.mp4
video-missing    1525891568990663 c0  (expected file not found in facebook/videos/english-seekho-2026-06-15)
carried-forward  1363154838960011 c0  → https://pub-893b4a6a607b4221a894bf861da7914e.r2.dev/1363154838960011.mp4
carried-forward  998909686118850 c0  → https://pub-893b4a6a607b4221a894bf861da7914e.r2.dev/998909686118850.mp4
carried-forward  2388747072037615 c0  → https://pub-893b4a6a607b4221a894bf861da7914e.r2.dev/2388747072037615.mp4
carried-forward  941734938861838 c0  → https://pub-893b4a6a607b4221a894bf861da7914e.r2.dev/941734938861838.mp4
carried-forward  1625019875269302 c0  → https://dcfd27564ef899969db9a562c7e1945f.r2.cloudflarestorage.com/1625019875269302.mp4
carried-forward  2023887941855843 c0  → https://dcfd27564ef899969db9a562c7e1945f.r2.cloudflarestorage.com/2023887941855843.mp4
video-missing    2023887941855843 c0  (expected file not found in facebook/videos/english-seekho-2026-06-15)
carried-forward  999972472416365 c0  → https://pub-893b4a6a607b4221a894bf861da7914e.r2.dev/999972472416365.mp4
video-missing    999972472416365 c0  (expected file not found in facebook/videos/english-seekho-2026-06-15)
carried-forward  1195431255950589 c0  → https://pub-893b4a6a607b4221a894bf861da7914e.r2.dev/1195431255950589.mp4
carried-forward  835603072955889 c0  → https://pub-893b4a6a607b4221a894bf861da7914e.r2.dev/835603072955889.mp4
carried-forward  923485210505551 c0  → https://pub-893b4a6a607b4221a894bf861da7914e.r2.dev/923485210505551.mp4
carried-forward  858733843910538 c0  → https://pub-893b4a6a607b4221a894bf861da7914e.r2.dev/858733843910538.mp4
carried-forward  1719939115662673 c0  → https://pub-893b4a6a607b4221a894bf861da7914e.r2.dev/1719939115662673.mp4
carried-forward  4045096479121226 c0  → https://dcfd27564ef899969db9a562c7e1945f.r2.cloudflarestorage.com/4045096479121226.mp4
carried-forward  1019378727292833 c0  → https://pub-893b4a6a607b4221a894bf861da7914e.r2.dev/1019378727292833.mp4
carried-forward  883414924661759 c0  → https://pub-893b4a6a607b4221a894bf861da7914e.r2.dev/883414924661759.mp4
carried-forward  1161138129534140 c0  → https://dcfd27564ef899969db9a562c7e1945f.r2.cloudflarestorage.com/1161138129534140.mp4
carried-forward  1536594971183889 c0  → https://dcfd27564ef899969db9a562c7e1945f.r2.cloudflarestorage.com/1536594971183889.mp4
carried-forward  1018262830627096 c0  → https://pub-893b4a6a607b4221a894bf861da7914e.r2.dev/1018262830627096.mp4
carried-forward  954483154257513 c0  → https://dcfd27564ef899969db9a562c7e1945f.r2.cloudflarestorage.com/954483154257513.mp4
carried-forward  2033177030607948 c0  → https://dcfd27564ef899969db9a562c7e1945f.r2.cloudflarestorage.com/2033177030607948.mp4
video-missing    2033177030607948 c0  (expected file not found in facebook/videos/english-seekho-2026-06-15)
carried-forward  1389687782990041 c0  → https://dcfd27564ef899969db9a562c7e1945f.r2.cloudflarestorage.com/1389687782990041.mp4
video-missing    1389687782990041 c0  (expected file not found in facebook/videos/english-seekho-2026-06-15)
carried-forward  1000523962730989 c0  → https://dcfd27564ef899969db9a562c7e1945f.r2.cloudflarestorage.com/1000523962730989.mp4
carried-forward  1003049005798358 c0  → https://dcfd27564ef899969db9a562c7e1945f.r2.cloudflarestorage.com/1003049005798358.mp4
carried-forward  2152508018617561 c0  → https://pub-893b4a6a607b4221a894bf861da7914e.r2.dev/2152508018617561.mp4
carried-forward  1543346810477427 c0  → https://dcfd27564ef899969db9a562c7e1945f.r2.cloudflarestorage.com/1543346810477427.mp4
carried-forward  1356697299666743 c0  → https://dcfd27564ef899969db9a562c7e1945f.r2.cloudflarestorage.com/1356697299666743.mp4
carried-forward  1665314457865218 c0  → https://dcfd27564ef899969db9a562c7e1945f.r2.cloudflarestorage.com/1665314457865218.mp4
carried-forward  1328633246049728 c0  → https://dcfd27564ef899969db9a562c7e1945f.r2.cloudflarestorage.com/1328633246049728.mp4
video-missing    1328633246049728 c0  (expected file not found in facebook/videos/english-seekho-2026-06-15)
carried-forward  2078950623024665 c0  → https://pub-893b4a6a607b4221a894bf861da7914e.r2.dev/2078950623024665.mp4
carried-forward  2281482145591769 c0  → https://dcfd27564ef899969db9a562c7e1945f.r2.cloudflarestorage.com/2281482145591769.mp4
carried-forward  1701299787729897 c0  → https://pub-893b4a6a607b4221a894bf861da7914e.r2.dev/1701299787729897.mp4
carried-forward  2505471363291833 c0  → https://pub-893b4a6a607b4221a894bf861da7914e.r2.dev/2505471363291833.mp4
carried-forward  1504011217832296 c0  → https://pub-893b4a6a607b4221a894bf861da7914e.r2.dev/1504011217832296.mp4
carried-forward  1487410989520803 c0  → https://pub-893b4a6a607b4221a894bf861da7914e.r2.dev/1487410989520803.mp4
carried-forward  1223700476600723 c0  → https://pub-893b4a6a607b4221a894bf861da7914e.r2.dev/1223700476600723.mp4
carried-forward  1011300708130761 c0  → https://dcfd27564ef899969db9a562c7e1945f.r2.cloudflarestorage.com/1011300708130761.mp4
video-missing    1011300708130761 c0  (expected file not found in facebook/videos/english-seekho-2026-06-15)
carried-forward  1019346871031325 c0  → https://dcfd27564ef899969db9a562c7e1945f.r2.cloudflarestorage.com/1019346871031325.mp4
carried-forward  2537354666679942 c0  → https://pub-893b4a6a607b4221a894bf861da7914e.r2.dev/2537354666679942.mp4
carried-forward  1632229781167786 c0  → https://dcfd27564ef899969db9a562c7e1945f.r2.cloudflarestorage.com/1632229781167786.mp4
carried-forward  1852368735445229 c0  → https://pub-893b4a6a607b4221a894bf861da7914e.r2.dev/1852368735445229.mp4
carried-forward  1492356832542306 c0  → https://pub-893b4a6a607b4221a894bf861da7914e.r2.dev/1492356832542306.mp4
carried-forward  944481151793509 c0  → https://pub-893b4a6a607b4221a894bf861da7914e.r2.dev/944481151793509.mp4
carried-forward  1406691644630557 c0  → https://dcfd27564ef899969db9a562c7e1945f.r2.cloudflarestorage.com/1406691644630557.mp4
carried-forward  1540174657524420 c0  → https://pub-893b4a6a607b4221a894bf861da7914e.r2.dev/1540174657524420.mp4
video-missing    1540174657524420 c0  (expected file not found in facebook/videos/english-seekho-2026-06-15)
carried-forward  960519010069920 c0  → https://pub-893b4a6a607b4221a894bf861da7914e.r2.dev/960519010069920.mp4
carried-forward  984431433971622 c0  → https://pub-893b4a6a607b4221a894bf861da7914e.r2.dev/984431433971622.mp4
video-missing    984431433971622 c0  (expected file not found in facebook/videos/english-seekho-2026-06-15)
carried-forward  1447369716630978 c0  → https://pub-893b4a6a607b4221a894bf861da7914e.r2.dev/1447369716630978.mp4
carried-forward  971792018958076 c0  → https://dcfd27564ef899969db9a562c7e1945f.r2.cloudflarestorage.com/971792018958076.mp4
carried-forward  3903564523285126 c0  → https://dcfd27564ef899969db9a562c7e1945f.r2.cloudflarestorage.com/3903564523285126.mp4
carried-forward  1003514292166877 c0  → https://dcfd27564ef899969db9a562c7e1945f.r2.cloudflarestorage.com/1003514292166877.mp4
carried-forward  1961729674555213 c0  → https://pub-893b4a6a607b4221a894bf861da7914e.r2.dev/1961729674555213.mp4
carried-forward  2441724282959846 c0  → https://dcfd27564ef899969db9a562c7e1945f.r2.cloudflarestorage.com/2441724282959846.mp4
video-missing    2441724282959846 c0  (expected file not found in facebook/videos/english-seekho-2026-06-15)
uploaded         1046740708036998 c0  (video) ← 1046740708036998.mp4  → https://dcfd27564ef899969db9a562c7e1945f.r2.cloudflarestorage.com/1046740708036998.mp4
carried-forward  942218902196420 c0  → https://dcfd27564ef899969db9a562c7e1945f.r2.cloudflarestorage.com/942218902196420.mp4
carried-forward  1965576304350514 c0  → https://pub-893b4a6a607b4221a894bf861da7914e.r2.dev/1965576304350514.mp4
carried-forward  1371188878397753 c0  → https://dcfd27564ef899969db9a562c7e1945f.r2.cloudflarestorage.com/1371188878397753.mp4
carried-forward  990836973669314 c0  → https://dcfd27564ef899969db9a562c7e1945f.r2.cloudflarestorage.com/990836973669314.mp4
carried-forward  1555436146233455 c0  → https://dcfd27564ef899969db9a562c7e1945f.r2.cloudflarestorage.com/1555436146233455.mp4
video-missing    1555436146233455 c0  (expected file not found in facebook/videos/english-seekho-2026-06-15)
carried-forward  1755584038966985 c0  → https://dcfd27564ef899969db9a562c7e1945f.r2.cloudflarestorage.com/1755584038966985.mp4
carried-forward  812140348389276 c0  → https://pub-893b4a6a607b4221a894bf861da7914e.r2.dev/812140348389276.mp4
carried-forward  3022003484664842 c0  → https://dcfd27564ef899969db9a562c7e1945f.r2.cloudflarestorage.com/3022003484664842.mp4
carried-forward  1708177286868160 c0  → https://pub-893b4a6a607b4221a894bf861da7914e.r2.dev/1708177286868160.mp4
carried-forward  999500705960297 c0  → https://pub-893b4a6a607b4221a894bf861da7914e.r2.dev/999500705960297.mp4
carried-forward  1481600617048122 c0  → https://pub-893b4a6a607b4221a894bf861da7914e.r2.dev/1481600617048122.mp4
carried-forward  1648274926458912 c0  → https://dcfd27564ef899969db9a562c7e1945f.r2.cloudflarestorage.com/1648274926458912.mp4
carried-forward  1808954107158548 c0  → https://pub-893b4a6a607b4221a894bf861da7914e.r2.dev/1808954107158548.mp4
carried-forward  1232439765357445 c0  → https://pub-893b4a6a607b4221a894bf861da7914e.r2.dev/1232439765357445.mp4
carried-forward  36186474537666969 c0  → https://dcfd27564ef899969db9a562c7e1945f.r2.cloudflarestorage.com/36186474537666969.mp4
carried-forward  899891885965557 c0  → https://dcfd27564ef899969db9a562c7e1945f.r2.cloudflarestorage.com/899891885965557.mp4
carried-forward  27790818957191525 c0  → https://dcfd27564ef899969db9a562c7e1945f.r2.cloudflarestorage.com/27790818957191525.mp4
carried-forward  2230315987725301 c0  → https://pub-893b4a6a607b4221a894bf861da7914e.r2.dev/2230315987725301.mp4
video-missing    2230315987725301 c0  (expected file not found in facebook/videos/english-seekho-2026-06-15)
carried-forward  1295675962756393 c0  → https://pub-893b4a6a607b4221a894bf861da7914e.r2.dev/1295675962756393.mp4
carried-forward  979245955022411 c0  → https://dcfd27564ef899969db9a562c7e1945f.r2.cloudflarestorage.com/979245955022411.mp4
carried-forward  27532860639682185 c0  → https://dcfd27564ef899969db9a562c7e1945f.r2.cloudflarestorage.com/27532860639682185.mp4
carried-forward  1673868487068872 c0  → https://dcfd27564ef899969db9a562c7e1945f.r2.cloudflarestorage.com/1673868487068872.mp4
carried-forward  1881573335840054 c0  → https://dcfd27564ef899969db9a562c7e1945f.r2.cloudflarestorage.com/1881573335840054.mp4
carried-forward  1313747330354233 c0  → https://dcfd27564ef899969db9a562c7e1945f.r2.cloudflarestorage.com/1313747330354233.mp4
carried-forward  983643497710063 c0  → https://dcfd27564ef899969db9a562c7e1945f.r2.cloudflarestorage.com/983643497710063.mp4
carried-forward  1492999052622057 c0  → https://dcfd27564ef899969db9a562c7e1945f.r2.cloudflarestorage.com/1492999052622057.mp4
carried-forward  985323620546558 c0  → https://pub-893b4a6a607b4221a894bf861da7914e.r2.dev/985323620546558.mp4
carried-forward  905751582548300 c0  → https://dcfd27564ef899969db9a562c7e1945f.r2.cloudflarestorage.com/905751582548300.mp4
carried-forward  1620402635724438 c0  → https://dcfd27564ef899969db9a562c7e1945f.r2.cloudflarestorage.com/1620402635724438.mp4
carried-forward  1544379733768460 c0  → https://dcfd27564ef899969db9a562c7e1945f.r2.cloudflarestorage.com/1544379733768460.mp4
carried-forward  1526957075637460 c0  → https://pub-893b4a6a607b4221a894bf861da7914e.r2.dev/1526957075637460.mp4
carried-forward  1671316657522052 c0  → https://dcfd27564ef899969db9a562c7e1945f.r2.cloudflarestorage.com/1671316657522052.mp4
carried-forward  2099316814268459 c0  → https://dcfd27564ef899969db9a562c7e1945f.r2.cloudflarestorage.com/2099316814268459.mp4
carried-forward  4424486961118171 c0  → https://dcfd27564ef899969db9a562c7e1945f.r2.cloudflarestorage.com/4424486961118171.mp4
carried-forward  1336165217955587 c0  → https://dcfd27564ef899969db9a562c7e1945f.r2.cloudflarestorage.com/1336165217955587.mp4
carried-forward  1576350230571641 c0  → https://dcfd27564ef899969db9a562c7e1945f.r2.cloudflarestorage.com/1576350230571641.mp4
carried-forward  1405574977998244 c0  → https://dcfd27564ef899969db9a562c7e1945f.r2.cloudflarestorage.com/1405574977998244.mp4
carried-forward  1466136302218692 c0  → https://dcfd27564ef899969db9a562c7e1945f.r2.cloudflarestorage.com/1466136302218692.mp4
carried-forward  2129862314463758 c0  → https://dcfd27564ef899969db9a562c7e1945f.r2.cloudflarestorage.com/2129862314463758.mp4
carried-forward  1505899207667490 c0  → https://dcfd27564ef899969db9a562c7e1945f.r2.cloudflarestorage.com/1505899207667490.mp4
carried-forward  1360549895753796 c0  → https://pub-893b4a6a607b4221a894bf861da7914e.r2.dev/1360549895753796.mp4
carried-forward  1733348211427054 c0  → https://dcfd27564ef899969db9a562c7e1945f.r2.cloudflarestorage.com/1733348211427054.mp4
carried-forward  972424205425575 c0  → https://dcfd27564ef899969db9a562c7e1945f.r2.cloudflarestorage.com/972424205425575.mp4
carried-forward  3098326293684794 c0  → https://pub-893b4a6a607b4221a894bf861da7914e.r2.dev/3098326293684794.mp4
carried-forward  993724173607458 c0  → https://pub-893b4a6a607b4221a894bf861da7914e.r2.dev/993724173607458.mp4
carried-forward  4112442375720100 c0  → https://dcfd27564ef899969db9a562c7e1945f.r2.cloudflarestorage.com/4112442375720100.mp4
video-missing    4112442375720100 c0  (expected file not found in facebook/videos/english-seekho-2026-06-15)
carried-forward  1001176696004682 c0  → https://dcfd27564ef899969db9a562c7e1945f.r2.cloudflarestorage.com/1001176696004682.mp4
carried-forward  1335755781981127 c0  → https://dcfd27564ef899969db9a562c7e1945f.r2.cloudflarestorage.com/1335755781981127.mp4
uploaded         1001357272270495 c0  (video) ← 1001357272270495.mp4  → https://dcfd27564ef899969db9a562c7e1945f.r2.cloudflarestorage.com/1001357272270495.mp4
carried-forward  2745159825869186 c0  → https://dcfd27564ef899969db9a562c7e1945f.r2.cloudflarestorage.com/2745159825869186.mp4
carried-forward  2239797586835770 c0  → https://dcfd27564ef899969db9a562c7e1945f.r2.cloudflarestorage.com/2239797586835770.mp4
carried-forward  1715606886123446 c0  → https://dcfd27564ef899969db9a562c7e1945f.r2.cloudflarestorage.com/1715606886123446.mp4
carried-forward  1634958147985807 c0  → https://dcfd27564ef899969db9a562c7e1945f.r2.cloudflarestorage.com/1634958147985807.mp4
carried-forward  896308530164120 c0  → https://dcfd27564ef899969db9a562c7e1945f.r2.cloudflarestorage.com/896308530164120.mp4
carried-forward  1272279901643475 c0  → https://dcfd27564ef899969db9a562c7e1945f.r2.cloudflarestorage.com/1272279901643475.mp4
carried-forward  2738800799813855 c0  → https://pub-893b4a6a607b4221a894bf861da7914e.r2.dev/2738800799813855.mp4
carried-forward  3132241386979300 c0  → https://dcfd27564ef899969db9a562c7e1945f.r2.cloudflarestorage.com/3132241386979300.mp4
carried-forward  4526978114291365 c0  → https://dcfd27564ef899969db9a562c7e1945f.r2.cloudflarestorage.com/4526978114291365.mp4
carried-forward  1544558360369298 c0  → https://pub-893b4a6a607b4221a894bf861da7914e.r2.dev/1544558360369298.mp4
video-missing    1544558360369298 c0  (expected file not found in facebook/videos/english-seekho-2026-06-15)
carried-forward  922682520699920 c0  → https://pub-893b4a6a607b4221a894bf861da7914e.r2.dev/922682520699920.mp4
carried-forward  1309536078044009 c0  → https://dcfd27564ef899969db9a562c7e1945f.r2.cloudflarestorage.com/1309536078044009.mp4
carried-forward  1726702032101827 c0  → https://dcfd27564ef899969db9a562c7e1945f.r2.cloudflarestorage.com/1726702032101827.mp4
carried-forward  1334606518618473 c0  → https://dcfd27564ef899969db9a562c7e1945f.r2.cloudflarestorage.com/1334606518618473.mp4
carried-forward  1323135575922787 c0  → https://dcfd27564ef899969db9a562c7e1945f.r2.cloudflarestorage.com/1323135575922787.mp4
carried-forward  767456879118205 c0  → https://pub-893b4a6a607b4221a894bf861da7914e.r2.dev/767456879118205.mp4
carried-forward  1908450636707359 c0  → https://pub-893b4a6a607b4221a894bf861da7914e.r2.dev/1908450636707359.mp4
carried-forward  2456598014858856 c0  → https://dcfd27564ef899969db9a562c7e1945f.r2.cloudflarestorage.com/2456598014858856.mp4
carried-forward  1698112201434588 c0  → https://dcfd27564ef899969db9a562c7e1945f.r2.cloudflarestorage.com/1698112201434588.mp4
carried-forward  4415426418702988 c0  → https://dcfd27564ef899969db9a562c7e1945f.r2.cloudflarestorage.com/4415426418702988.mp4
carried-forward  1403757831409828 c0  → https://dcfd27564ef899969db9a562c7e1945f.r2.cloudflarestorage.com/1403757831409828.mp4
carried-forward  1352224066791360 c0  → https://dcfd27564ef899969db9a562c7e1945f.r2.cloudflarestorage.com/1352224066791360.mp4
carried-forward  4547652658888509 c0  → https://dcfd27564ef899969db9a562c7e1945f.r2.cloudflarestorage.com/4547652658888509.mp4
carried-forward  3474870519347308 c0  → https://dcfd27564ef899969db9a562c7e1945f.r2.cloudflarestorage.com/3474870519347308.mp4
carried-forward  1330007445767303 c0  → https://dcfd27564ef899969db9a562c7e1945f.r2.cloudflarestorage.com/1330007445767303.mp4
carried-forward  922563197508009 c0  → https://dcfd27564ef899969db9a562c7e1945f.r2.cloudflarestorage.com/922563197508009.mp4
carried-forward  1859781248741100 c0  → https://dcfd27564ef899969db9a562c7e1945f.r2.cloudflarestorage.com/1859781248741100.mp4
carried-forward  2022316295339015 c0  → https://dcfd27564ef899969db9a562c7e1945f.r2.cloudflarestorage.com/2022316295339015.mp4
carried-forward  1030022866643673 c0  → https://dcfd27564ef899969db9a562c7e1945f.r2.cloudflarestorage.com/1030022866643673.mp4
carried-forward  1929680877700827 c0  → https://dcfd27564ef899969db9a562c7e1945f.r2.cloudflarestorage.com/1929680877700827.mp4
carried-forward  1663824114906716 c0  → https://dcfd27564ef899969db9a562c7e1945f.r2.cloudflarestorage.com/1663824114906716.mp4
carried-forward  2674686452896226 c0  → https://pub-893b4a6a607b4221a894bf861da7914e.r2.dev/2674686452896226.mp4
carried-forward  2501343360304887 c0  → https://dcfd27564ef899969db9a562c7e1945f.r2.cloudflarestorage.com/2501343360304887.mp4
carried-forward  980603678174030 c0  → https://dcfd27564ef899969db9a562c7e1945f.r2.cloudflarestorage.com/980603678174030.mp4
carried-forward  1501154984318432 c0  → https://pub-893b4a6a607b4221a894bf861da7914e.r2.dev/1501154984318432.mp4
carried-forward  983563384566909 c0  → https://dcfd27564ef899969db9a562c7e1945f.r2.cloudflarestorage.com/983563384566909.mp4
carried-forward  884869517992534 c0  → https://dcfd27564ef899969db9a562c7e1945f.r2.cloudflarestorage.com/884869517992534.mp4
carried-forward  1022758773604361 c0  → https://dcfd27564ef899969db9a562c7e1945f.r2.cloudflarestorage.com/1022758773604361.mp4
carried-forward  1476645587385501 c0  → https://pub-893b4a6a607b4221a894bf861da7914e.r2.dev/1476645587385501.mp4
carried-forward  4379825375635044 c0  → https://pub-893b4a6a607b4221a894bf861da7914e.r2.dev/4379825375635044.mp4
carried-forward  1244507290916309 c0  → https://pub-893b4a6a607b4221a894bf861da7914e.r2.dev/1244507290916309.mp4
carried-forward  1798711957512384 c0  → https://pub-893b4a6a607b4221a894bf861da7914e.r2.dev/1798711957512384.mp4
carried-forward  2027108991526041 c0  → https://dcfd27564ef899969db9a562c7e1945f.r2.cloudflarestorage.com/2027108991526041.mp4
carried-forward  1217329830515440 c0  → https://pub-893b4a6a607b4221a894bf861da7914e.r2.dev/1217329830515440.mp4
carried-forward  989324960521214 c0  → https://dcfd27564ef899969db9a562c7e1945f.r2.cloudflarestorage.com/989324960521214.mp4
carried-forward  1669795037584536 c0  → https://dcfd27564ef899969db9a562c7e1945f.r2.cloudflarestorage.com/1669795037584536.mp4
carried-forward  991782720490101 c0  → https://dcfd27564ef899969db9a562c7e1945f.r2.cloudflarestorage.com/991782720490101.mp4
carried-forward  2402262933512712 c0  → https://dcfd27564ef899969db9a562c7e1945f.r2.cloudflarestorage.com/2402262933512712.mp4
carried-forward  1868096310508725 c0  → https://pub-893b4a6a607b4221a894bf861da7914e.r2.dev/1868096310508725.mp4
carried-forward  980972577867560 c0  → https://pub-893b4a6a607b4221a894bf861da7914e.r2.dev/980972577867560.mp4
carried-forward  1116123194536720 c0  → https://pub-893b4a6a607b4221a894bf861da7914e.r2.dev/1116123194536720.mp4
carried-forward  2176910723137201 c0  → https://pub-893b4a6a607b4221a894bf861da7914e.r2.dev/2176910723137201.mp4
carried-forward  1210251577301882 c0  → https://pub-893b4a6a607b4221a894bf861da7914e.r2.dev/1210251577301882.mp4
carried-forward  956045813922623 c0  → https://dcfd27564ef899969db9a562c7e1945f.r2.cloudflarestorage.com/956045813922623.mp4
carried-forward  982078151388066 c0  → https://dcfd27564ef899969db9a562c7e1945f.r2.cloudflarestorage.com/982078151388066.mp4
carried-forward  784291864676002 c0  → https://dcfd27564ef899969db9a562c7e1945f.r2.cloudflarestorage.com/784291864676002.mp4
carried-forward  769511858914323 c0  → https://pub-893b4a6a607b4221a894bf861da7914e.r2.dev/769511858914323.mp4
carried-forward  1334434508827788 c0  → https://dcfd27564ef899969db9a562c7e1945f.r2.cloudflarestorage.com/1334434508827788.mp4
carried-forward  1905133330090659 c0  → https://pub-893b4a6a607b4221a894bf861da7914e.r2.dev/1905133330090659.mp4
carried-forward  854162583974170 c0  → https://dcfd27564ef899969db9a562c7e1945f.r2.cloudflarestorage.com/854162583974170.mp4
carried-forward  866692159290649 c0  → https://dcfd27564ef899969db9a562c7e1945f.r2.cloudflarestorage.com/866692159290649.mp4
carried-forward  2055782472016906 c0  → https://dcfd27564ef899969db9a562c7e1945f.r2.cloudflarestorage.com/2055782472016906.mp4
carried-forward  1251191153618197 c0  → https://pub-893b4a6a607b4221a894bf861da7914e.r2.dev/1251191153618197.mp4
carried-forward  1891672861505701 c0  → https://dcfd27564ef899969db9a562c7e1945f.r2.cloudflarestorage.com/1891672861505701.mp4
carried-forward  1519110823336923 c0  → https://dcfd27564ef899969db9a562c7e1945f.r2.cloudflarestorage.com/1519110823336923.mp4
carried-forward  1419054459866080 c0  → https://pub-893b4a6a607b4221a894bf861da7914e.r2.dev/1419054459866080.mp4
carried-forward  1502392968556177 c0  → https://pub-893b4a6a607b4221a894bf861da7914e.r2.dev/1502392968556177.mp4
carried-forward  2015119902365104 c0  → https://pub-893b4a6a607b4221a894bf861da7914e.r2.dev/2015119902365104.mp4
carried-forward  608640915677208 c0  → https://pub-893b4a6a607b4221a894bf861da7914e.r2.dev/608640915677208.mp4
carried-forward  1054948106795031 c0  → https://pub-893b4a6a607b4221a894bf861da7914e.r2.dev/1054948106795031.mp4
carried-forward  2198319764373917 c0  → https://dcfd27564ef899969db9a562c7e1945f.r2.cloudflarestorage.com/2198319764373917.mp4
carried-forward  25537890735891271 c0  → https://pub-893b4a6a607b4221a894bf861da7914e.r2.dev/25537890735891271.mp4
carried-forward  1229348518532340 c0  → https://pub-893b4a6a607b4221a894bf861da7914e.r2.dev/1229348518532340.mp4
carried-forward  1560636722119834 c0  → https://dcfd27564ef899969db9a562c7e1945f.r2.cloudflarestorage.com/1560636722119834.mp4
carried-forward  1316284770675915 c0  → https://dcfd27564ef899969db9a562c7e1945f.r2.cloudflarestorage.com/1316284770675915.mp4
carried-forward  4685315905087654 c0  → https://pub-893b4a6a607b4221a894bf861da7914e.r2.dev/4685315905087654.mp4
carried-forward  1224227439081919 c0  → https://pub-893b4a6a607b4221a894bf861da7914e.r2.dev/1224227439081919.mp4
carried-forward  941526071921361 c0  → https://pub-893b4a6a607b4221a894bf861da7914e.r2.dev/941526071921361.mp4
carried-forward  880462167884407 c0  → https://dcfd27564ef899969db9a562c7e1945f.r2.cloudflarestorage.com/880462167884407.mp4
carried-forward  840752642285554 c0  → https://pub-893b4a6a607b4221a894bf861da7914e.r2.dev/840752642285554.mp4
carried-forward  1559841751931772 c0  → https://pub-893b4a6a607b4221a894bf861da7914e.r2.dev/1559841751931772.mp4
carried-forward  890589943792591 c0  → https://pub-893b4a6a607b4221a894bf861da7914e.r2.dev/890589943792591.mp4
carried-forward  1474803617287316 c0  → https://dcfd27564ef899969db9a562c7e1945f.r2.cloudflarestorage.com/1474803617287316.mp4
carried-forward  1509527853448376 c0  → https://pub-893b4a6a607b4221a894bf861da7914e.r2.dev/1509527853448376.mp4
carried-forward  874940122070171 c0  → https://pub-893b4a6a607b4221a894bf861da7914e.r2.dev/874940122070171.mp4
carried-forward  1064411756012272 c0  → https://dcfd27564ef899969db9a562c7e1945f.r2.cloudflarestorage.com/1064411756012272.mp4
carried-forward  1683927056192086 c0  → https://dcfd27564ef899969db9a562c7e1945f.r2.cloudflarestorage.com/1683927056192086.mp4
carried-forward  26372603382322992 c0  → https://pub-893b4a6a607b4221a894bf861da7914e.r2.dev/26372603382322992.mp4
carried-forward  4722556757973324 c0  → https://dcfd27564ef899969db9a562c7e1945f.r2.cloudflarestorage.com/4722556757973324.mp4
carried-forward  2349007295629898 c0  → https://dcfd27564ef899969db9a562c7e1945f.r2.cloudflarestorage.com/2349007295629898.mp4
carried-forward  5195950473963815 c0  → https://pub-893b4a6a607b4221a894bf861da7914e.r2.dev/5195950473963815.mp4
carried-forward  906890209075307 c0  → https://pub-893b4a6a607b4221a894bf861da7914e.r2.dev/906890209075307.mp4
carried-forward  1945996112929486 c0  → https://pub-893b4a6a607b4221a894bf861da7914e.r2.dev/1945996112929486.mp4
carried-forward  1698307001362825 c0  → https://dcfd27564ef899969db9a562c7e1945f.r2.cloudflarestorage.com/1698307001362825.mp4
carried-forward  1427103212256894 c0  → https://pub-893b4a6a607b4221a894bf861da7914e.r2.dev/1427103212256894.mp4
carried-forward  1525833275872737 c0  → https://pub-893b4a6a607b4221a894bf861da7914e.r2.dev/1525833275872737.mp4
carried-forward  856318170870772 c0  → https://dcfd27564ef899969db9a562c7e1945f.r2.cloudflarestorage.com/856318170870772.mp4
carried-forward  4330384010533156 c0  → https://dcfd27564ef899969db9a562c7e1945f.r2.cloudflarestorage.com/4330384010533156.mp4
carried-forward  2245980109523828 c0  → https://dcfd27564ef899969db9a562c7e1945f.r2.cloudflarestorage.com/2245980109523828.mp4
carried-forward  1873195333560021 c0  → https://pub-893b4a6a607b4221a894bf861da7914e.r2.dev/1873195333560021.mp4
carried-forward  4539332442969258 c0  → https://dcfd27564ef899969db9a562c7e1945f.r2.cloudflarestorage.com/4539332442969258.mp4
carried-forward  27684869524439116 c0  → https://dcfd27564ef899969db9a562c7e1945f.r2.cloudflarestorage.com/27684869524439116.mp4
carried-forward  2253030498553449 c0  → https://pub-893b4a6a607b4221a894bf861da7914e.r2.dev/2253030498553449.mp4
carried-forward  861154453569534 c0  → https://pub-893b4a6a607b4221a894bf861da7914e.r2.dev/861154453569534.mp4
carried-forward  1375484684464342 c0  → https://dcfd27564ef899969db9a562c7e1945f.r2.cloudflarestorage.com/1375484684464342.mp4
carried-forward  1881962853247966 c0  → https://dcfd27564ef899969db9a562c7e1945f.r2.cloudflarestorage.com/1881962853247966.mp4
carried-forward  902496572123981 c0  → https://pub-893b4a6a607b4221a894bf861da7914e.r2.dev/902496572123981.mp4
carried-forward  1631658434604080 c0  → https://dcfd27564ef899969db9a562c7e1945f.r2.cloudflarestorage.com/1631658434604080.mp4
carried-forward  1302125191954780 c0  → https://pub-893b4a6a607b4221a894bf861da7914e.r2.dev/1302125191954780.mp4
carried-forward  1537809917693327 c0  → https://dcfd27564ef899969db9a562c7e1945f.r2.cloudflarestorage.com/1537809917693327.mp4
carried-forward  1142996851503981 c0  → https://dcfd27564ef899969db9a562c7e1945f.r2.cloudflarestorage.com/1142996851503981.mp4
carried-forward  1555200289554353 c0  → https://dcfd27564ef899969db9a562c7e1945f.r2.cloudflarestorage.com/1555200289554353.mp4
carried-forward  1009499741469794 c0  → https://dcfd27564ef899969db9a562c7e1945f.r2.cloudflarestorage.com/1009499741469794.mp4
carried-forward  2512530829206792 c0  → https://dcfd27564ef899969db9a562c7e1945f.r2.cloudflarestorage.com/2512530829206792.mp4
carried-forward  2058788614731278 c0  → https://dcfd27564ef899969db9a562c7e1945f.r2.cloudflarestorage.com/2058788614731278.mp4
carried-forward  1485129796264251 c0  → https://dcfd27564ef899969db9a562c7e1945f.r2.cloudflarestorage.com/1485129796264251.mp4
