# Step 3 run log
# competitor : english-seekho
# started_at : 2026-07-06T18:04:36
# input      : facebook/inputs/fb-ads-english-seekho-2026-07-06-0826.csv
# videos     : facebook/videos/english-seekho-2026-07-06
# master     : facebook/master/english-seekho.csv  (updated)
# enriched   : facebook/inputs/fb-ads-english-seekho-2026-07-06-0826_enriched.csv
# bucket     : video-ads
# public_base: https://pub-893b4a6a607b4221a894bf861da7914e.r2.dev
# dry_run    : False
#
# counts     : {'uploaded': 0, 'carried-forward': 306, 'image-pending': 0, 'video-missing': 32, 'no-creative': 0, 'error': 0}
#
carried-forward  985533387662266 c0  → https://pub-893b4a6a607b4221a894bf861da7914e.r2.dev/985533387662266.mp4
video-missing    985533387662266 c0  (expected file not found in facebook/videos/english-seekho-2026-07-06)
carried-forward  989474957025076 c0  → https://pub-893b4a6a607b4221a894bf861da7914e.r2.dev/989474957025076.mp4
video-missing    989474957025076 c0  (expected file not found in facebook/videos/english-seekho-2026-07-06)
carried-forward  873021038754328 c0  → https://pub-893b4a6a607b4221a894bf861da7914e.r2.dev/873021038754328.mp4
carried-forward  2018888478732564 c0  → https://pub-893b4a6a607b4221a894bf861da7914e.r2.dev/2018888478732564.mp4
carried-forward  1406417581323446 c0  → https://pub-893b4a6a607b4221a894bf861da7914e.r2.dev/1406417581323446.mp4
video-missing    1406417581323446 c0  (expected file not found in facebook/videos/english-seekho-2026-07-06)
carried-forward  885862810591427 c0  → https://pub-893b4a6a607b4221a894bf861da7914e.r2.dev/885862810591427.mp4
carried-forward  1289129073383437 c0  → https://pub-893b4a6a607b4221a894bf861da7914e.r2.dev/1289129073383437.mp4
carried-forward  2209878306413733 c0  → https://pub-893b4a6a607b4221a894bf861da7914e.r2.dev/2209878306413733.mp4
video-missing    2209878306413733 c0  (expected file not found in facebook/videos/english-seekho-2026-07-06)
carried-forward  1030481159453297 c0  → https://pub-893b4a6a607b4221a894bf861da7914e.r2.dev/1030481159453297.mp4
carried-forward  1699760197792223 c0  → https://pub-893b4a6a607b4221a894bf861da7914e.r2.dev/1699760197792223.mp4
carried-forward  1560695732431858 c0  → https://pub-893b4a6a607b4221a894bf861da7914e.r2.dev/1560695732431858.mp4
video-missing    1560695732431858 c0  (expected file not found in facebook/videos/english-seekho-2026-07-06)
carried-forward  3033559160166599 c0  → https://pub-893b4a6a607b4221a894bf861da7914e.r2.dev/3033559160166599.mp4
video-missing    3033559160166599 c0  (expected file not found in facebook/videos/english-seekho-2026-07-06)
carried-forward  1518594126387614 c0  → https://pub-893b4a6a607b4221a894bf861da7914e.r2.dev/1518594126387614.mp4
carried-forward  4449032692079781 c0  → https://pub-893b4a6a607b4221a894bf861da7914e.r2.dev/4449032692079781.mp4
carried-forward  1260469682675863 c0  → https://pub-893b4a6a607b4221a894bf861da7914e.r2.dev/1260469682675863.mp4
carried-forward  1019280954396091 c0  → https://pub-893b4a6a607b4221a894bf861da7914e.r2.dev/1019280954396091.mp4
video-missing    1019280954396091 c0  (expected file not found in facebook/videos/english-seekho-2026-07-06)
carried-forward  4355411478052722 c0  → https://pub-893b4a6a607b4221a894bf861da7914e.r2.dev/4355411478052722.mp4
carried-forward  1013023587804896 c0  → https://pub-893b4a6a607b4221a894bf861da7914e.r2.dev/1013023587804896.mp4
video-missing    1013023587804896 c0  (expected file not found in facebook/videos/english-seekho-2026-07-06)
carried-forward  1681179916439914 c0  → https://pub-893b4a6a607b4221a894bf861da7914e.r2.dev/1681179916439914.mp4
video-missing    1681179916439914 c0  (expected file not found in facebook/videos/english-seekho-2026-07-06)
carried-forward  2205834800200196 c0  → https://pub-893b4a6a607b4221a894bf861da7914e.r2.dev/2205834800200196.mp4
carried-forward  2280391339164492 c0  → https://pub-893b4a6a607b4221a894bf861da7914e.r2.dev/2280391339164492.mp4
carried-forward  1566236988412994 c0  → https://pub-893b4a6a607b4221a894bf861da7914e.r2.dev/1566236988412994.mp4
carried-forward  1549761863456981 c0  → https://pub-893b4a6a607b4221a894bf861da7914e.r2.dev/1549761863456981.mp4
carried-forward  1366714225383108 c0  → https://pub-893b4a6a607b4221a894bf861da7914e.r2.dev/1366714225383108.mp4
carried-forward  1043173955166157 c0  → https://pub-893b4a6a607b4221a894bf861da7914e.r2.dev/1043173955166157.mp4
video-missing    1043173955166157 c0  (expected file not found in facebook/videos/english-seekho-2026-07-06)
carried-forward  2284073262000543 c0  → https://pub-893b4a6a607b4221a894bf861da7914e.r2.dev/2284073262000543.mp4
carried-forward  1634590185335796 c0  → https://pub-893b4a6a607b4221a894bf861da7914e.r2.dev/1634590185335796.mp4
carried-forward  1331978341738560 c0  → https://pub-893b4a6a607b4221a894bf861da7914e.r2.dev/1331978341738560.mp4
carried-forward  3607823459368677 c0  → https://pub-893b4a6a607b4221a894bf861da7914e.r2.dev/3607823459368677.mp4
carried-forward  1025441466769457 c0  → https://pub-893b4a6a607b4221a894bf861da7914e.r2.dev/1025441466769457.mp4
carried-forward  1014456487800871 c0  → https://pub-893b4a6a607b4221a894bf861da7914e.r2.dev/1014456487800871.mp4
carried-forward  4462667594015020 c0  → https://pub-893b4a6a607b4221a894bf861da7914e.r2.dev/4462667594015020.mp4
carried-forward  846746431580534 c0  → https://pub-893b4a6a607b4221a894bf861da7914e.r2.dev/846746431580534.mp4
carried-forward  992773516690548 c0  → https://pub-893b4a6a607b4221a894bf861da7914e.r2.dev/992773516690548.mp4
carried-forward  999994179437771 c0  → https://pub-893b4a6a607b4221a894bf861da7914e.r2.dev/999994179437771.mp4
carried-forward  2069089776978031 c0  → https://pub-893b4a6a607b4221a894bf861da7914e.r2.dev/2069089776978031.mp4
carried-forward  1006570045559226 c0  → https://pub-893b4a6a607b4221a894bf861da7914e.r2.dev/1006570045559226.mp4
video-missing    1006570045559226 c0  (expected file not found in facebook/videos/english-seekho-2026-07-06)
carried-forward  1018511234269314 c0  → https://pub-893b4a6a607b4221a894bf861da7914e.r2.dev/1018511234269314.mp4
carried-forward  883414924661759 c0  → https://pub-893b4a6a607b4221a894bf861da7914e.r2.dev/883414924661759.mp4
carried-forward  871564259326574 c0  → https://pub-893b4a6a607b4221a894bf861da7914e.r2.dev/871564259326574.mp4
carried-forward  2152508018617561 c0  → https://pub-893b4a6a607b4221a894bf861da7914e.r2.dev/2152508018617561.mp4
carried-forward  1472313281246256 c0  → https://pub-893b4a6a607b4221a894bf861da7914e.r2.dev/1472313281246256.mp4
carried-forward  888335133660166 c0  → https://pub-893b4a6a607b4221a894bf861da7914e.r2.dev/888335133660166.mp4
carried-forward  964312089944828 c0  → https://pub-893b4a6a607b4221a894bf861da7914e.r2.dev/964312089944828.mp4
video-missing    964312089944828 c0  (expected file not found in facebook/videos/english-seekho-2026-07-06)
carried-forward  995004486736404 c0  → https://pub-893b4a6a607b4221a894bf861da7914e.r2.dev/995004486736404.mp4
carried-forward  2057759528145315 c0  → https://pub-893b4a6a607b4221a894bf861da7914e.r2.dev/2057759528145315.mp4
carried-forward  1073974488628392 c0  → https://pub-893b4a6a607b4221a894bf861da7914e.r2.dev/1073974488628392.mp4
carried-forward  989974220692229 c0  → https://pub-893b4a6a607b4221a894bf861da7914e.r2.dev/989974220692229.mp4
video-missing    989974220692229 c0  (expected file not found in facebook/videos/english-seekho-2026-07-06)
carried-forward  1777270433616585 c0  → https://pub-893b4a6a607b4221a894bf861da7914e.r2.dev/1777270433616585.mp4
video-missing    1777270433616585 c0  (expected file not found in facebook/videos/english-seekho-2026-07-06)
carried-forward  1008695968233040 c0  → https://pub-893b4a6a607b4221a894bf861da7914e.r2.dev/1008695968233040.mp4
video-missing    1008695968233040 c0  (expected file not found in facebook/videos/english-seekho-2026-07-06)
carried-forward  4595374774118114 c0  → https://pub-893b4a6a607b4221a894bf861da7914e.r2.dev/4595374774118114.mp4
carried-forward  1329716809342445 c0  → https://pub-893b4a6a607b4221a894bf861da7914e.r2.dev/1329716809342445.mp4
carried-forward  2710465069347261 c0  → https://pub-893b4a6a607b4221a894bf861da7914e.r2.dev/2710465069347261.mp4
carried-forward  3163699757156529 c0  → https://pub-893b4a6a607b4221a894bf861da7914e.r2.dev/3163699757156529.mp4
carried-forward  1552757849814464 c0  → https://pub-893b4a6a607b4221a894bf861da7914e.r2.dev/1552757849814464.mp4
carried-forward  1252200364623839 c0  → https://pub-893b4a6a607b4221a894bf861da7914e.r2.dev/1252200364623839.mp4
carried-forward  1466382221844827 c0  → https://pub-893b4a6a607b4221a894bf861da7914e.r2.dev/1466382221844827.mp4
carried-forward  1550767846941355 c0  → https://pub-893b4a6a607b4221a894bf861da7914e.r2.dev/1550767846941355.mp4
carried-forward  1037885932008729 c0  → https://pub-893b4a6a607b4221a894bf861da7914e.r2.dev/1037885932008729.mp4
carried-forward  27770311949260226 c0  → https://pub-893b4a6a607b4221a894bf861da7914e.r2.dev/27770311949260226.mp4
carried-forward  1193274679606735 c0  → https://pub-893b4a6a607b4221a894bf861da7914e.r2.dev/1193274679606735.mp4
video-missing    1193274679606735 c0  (expected file not found in facebook/videos/english-seekho-2026-07-06)
carried-forward  1742223770287191 c0  → https://pub-893b4a6a607b4221a894bf861da7914e.r2.dev/1742223770287191.mp4
carried-forward  1223700476600723 c0  → https://pub-893b4a6a607b4221a894bf861da7914e.r2.dev/1223700476600723.mp4
carried-forward  2567796306984370 c0  → https://pub-893b4a6a607b4221a894bf861da7914e.r2.dev/2567796306984370.mp4
video-missing    2567796306984370 c0  (expected file not found in facebook/videos/english-seekho-2026-07-06)
carried-forward  2201883133941569 c0  → https://pub-893b4a6a607b4221a894bf861da7914e.r2.dev/2201883133941569.mp4
carried-forward  2152429472156703 c0  → https://pub-893b4a6a607b4221a894bf861da7914e.r2.dev/2152429472156703.mp4
carried-forward  2591967137926271 c0  → https://pub-893b4a6a607b4221a894bf861da7914e.r2.dev/2591967137926271.mp4
carried-forward  2250084872471619 c0  → https://pub-893b4a6a607b4221a894bf861da7914e.r2.dev/2250084872471619.mp4
carried-forward  1014900067589638 c0  → https://pub-893b4a6a607b4221a894bf861da7914e.r2.dev/1014900067589638.mp4
carried-forward  1016711277501426 c0  → https://pub-893b4a6a607b4221a894bf861da7914e.r2.dev/1016711277501426.mp4
carried-forward  1735180221264898 c0  → https://pub-893b4a6a607b4221a894bf861da7914e.r2.dev/1735180221264898.mp4
carried-forward  1533195354964644 c0  → https://pub-893b4a6a607b4221a894bf861da7914e.r2.dev/1533195354964644.mp4
carried-forward  988958730629564 c0  → https://pub-893b4a6a607b4221a894bf861da7914e.r2.dev/988958730629564.mp4
carried-forward  1414490704064865 c0  → https://pub-893b4a6a607b4221a894bf861da7914e.r2.dev/1414490704064865.mp4
carried-forward  1325720405809601 c0  → https://pub-893b4a6a607b4221a894bf861da7914e.r2.dev/1325720405809601.mp4
video-missing    1325720405809601 c0  (expected file not found in facebook/videos/english-seekho-2026-07-06)
carried-forward  4404859313114775 c0  → https://pub-893b4a6a607b4221a894bf861da7914e.r2.dev/4404859313114775.mp4
carried-forward  1641629937137441 c0  → https://pub-893b4a6a607b4221a894bf861da7914e.r2.dev/1641629937137441.mp4
carried-forward  1364784788843978 c0  → https://pub-893b4a6a607b4221a894bf861da7914e.r2.dev/1364784788843978.mp4
carried-forward  1068077548877737 c0  → https://pub-893b4a6a607b4221a894bf861da7914e.r2.dev/1068077548877737.mp4
carried-forward  1478126110733286 c0  → https://pub-893b4a6a607b4221a894bf861da7914e.r2.dev/1478126110733286.mp4
carried-forward  1930588960964996 c0  → https://pub-893b4a6a607b4221a894bf861da7914e.r2.dev/1930588960964996.mp4
video-missing    1930588960964996 c0  (expected file not found in facebook/videos/english-seekho-2026-07-06)
carried-forward  1961729674555213 c0  → https://pub-893b4a6a607b4221a894bf861da7914e.r2.dev/1961729674555213.mp4
carried-forward  2453287415158391 c0  → https://pub-893b4a6a607b4221a894bf861da7914e.r2.dev/2453287415158391.mp4
carried-forward  4541880356136294 c0  → https://pub-893b4a6a607b4221a894bf861da7914e.r2.dev/4541880356136294.mp4
carried-forward  1064443136246118 c0  → https://pub-893b4a6a607b4221a894bf861da7914e.r2.dev/1064443136246118.mp4
carried-forward  829188403458073 c0  → https://pub-893b4a6a607b4221a894bf861da7914e.r2.dev/829188403458073.mp4
carried-forward  1781211133045778 c0  → https://pub-893b4a6a607b4221a894bf861da7914e.r2.dev/1781211133045778.mp4
carried-forward  1017371664597859 c0  → https://pub-893b4a6a607b4221a894bf861da7914e.r2.dev/1017371664597859.mp4
carried-forward  1021299320653057 c0  → https://pub-893b4a6a607b4221a894bf861da7914e.r2.dev/1021299320653057.mp4
carried-forward  854104154162256 c0  → https://pub-893b4a6a607b4221a894bf861da7914e.r2.dev/854104154162256.mp4
carried-forward  1569302308257783 c0  → https://pub-893b4a6a607b4221a894bf861da7914e.r2.dev/1569302308257783.mp4
carried-forward  2129938227571573 c0  → https://pub-893b4a6a607b4221a894bf861da7914e.r2.dev/2129938227571573.mp4
carried-forward  2107296563998915 c0  → https://pub-893b4a6a607b4221a894bf861da7914e.r2.dev/2107296563998915.mp4
carried-forward  1808954107158548 c0  → https://pub-893b4a6a607b4221a894bf861da7914e.r2.dev/1808954107158548.mp4
carried-forward  1715147456185960 c0  → https://pub-893b4a6a607b4221a894bf861da7914e.r2.dev/1715147456185960.mp4
video-missing    1715147456185960 c0  (expected file not found in facebook/videos/english-seekho-2026-07-06)
carried-forward  1409524567891529 c0  → https://pub-893b4a6a607b4221a894bf861da7914e.r2.dev/1409524567891529.mp4
carried-forward  2299324837553512 c0  → https://pub-893b4a6a607b4221a894bf861da7914e.r2.dev/2299324837553512.mp4
carried-forward  1745554799947259 c0  → https://pub-893b4a6a607b4221a894bf861da7914e.r2.dev/1745554799947259.mp4
carried-forward  1643616323419294 c0  → https://pub-893b4a6a607b4221a894bf861da7914e.r2.dev/1643616323419294.mp4
carried-forward  2449267882206681 c0  → https://pub-893b4a6a607b4221a894bf861da7914e.r2.dev/2449267882206681.mp4
carried-forward  1467644515190078 c0  → https://pub-893b4a6a607b4221a894bf861da7914e.r2.dev/1467644515190078.mp4
carried-forward  27355896097398956 c0  → https://pub-893b4a6a607b4221a894bf861da7914e.r2.dev/27355896097398956.mp4
carried-forward  1375587744419500 c0  → https://pub-893b4a6a607b4221a894bf861da7914e.r2.dev/1375587744419500.mp4
carried-forward  2078151889787626 c0  → https://pub-893b4a6a607b4221a894bf861da7914e.r2.dev/2078151889787626.mp4
carried-forward  1530782258503223 c0  → https://pub-893b4a6a607b4221a894bf861da7914e.r2.dev/1530782258503223.mp4
carried-forward  1947103012628286 c0  → https://pub-893b4a6a607b4221a894bf861da7914e.r2.dev/1947103012628286.mp4
carried-forward  4395085614099165 c0  → https://pub-893b4a6a607b4221a894bf861da7914e.r2.dev/4395085614099165.mp4
carried-forward  1581331226744167 c0  → https://pub-893b4a6a607b4221a894bf861da7914e.r2.dev/1581331226744167.mp4
video-missing    1581331226744167 c0  (expected file not found in facebook/videos/english-seekho-2026-07-06)
carried-forward  1548699226788927 c0  → https://pub-893b4a6a607b4221a894bf861da7914e.r2.dev/1548699226788927.mp4
video-missing    1548699226788927 c0  (expected file not found in facebook/videos/english-seekho-2026-07-06)
carried-forward  4470188226555544 c0  → https://pub-893b4a6a607b4221a894bf861da7914e.r2.dev/4470188226555544.mp4
video-missing    4470188226555544 c0  (expected file not found in facebook/videos/english-seekho-2026-07-06)
carried-forward  1033037325739194 c0  → https://pub-893b4a6a607b4221a894bf861da7914e.r2.dev/1033037325739194.mp4
carried-forward  2086474589415548 c0  → https://pub-893b4a6a607b4221a894bf861da7914e.r2.dev/2086474589415548.mp4
carried-forward  2289892785083094 c0  → https://pub-893b4a6a607b4221a894bf861da7914e.r2.dev/2289892785083094.mp4
carried-forward  1360549895753796 c0  → https://pub-893b4a6a607b4221a894bf861da7914e.r2.dev/1360549895753796.mp4
carried-forward  1057833703249477 c0  → https://pub-893b4a6a607b4221a894bf861da7914e.r2.dev/1057833703249477.mp4
video-missing    1057833703249477 c0  (expected file not found in facebook/videos/english-seekho-2026-07-06)
carried-forward  1548158910275403 c0  → https://pub-893b4a6a607b4221a894bf861da7914e.r2.dev/1548158910275403.mp4
carried-forward  2069551497104811 c0  → https://pub-893b4a6a607b4221a894bf861da7914e.r2.dev/2069551497104811.mp4
carried-forward  3098326293684794 c0  → https://pub-893b4a6a607b4221a894bf861da7914e.r2.dev/3098326293684794.mp4
carried-forward  28740456275544709 c0  → https://pub-893b4a6a607b4221a894bf861da7914e.r2.dev/28740456275544709.mp4
carried-forward  1370316518351776 c0  → https://pub-893b4a6a607b4221a894bf861da7914e.r2.dev/1370316518351776.mp4
carried-forward  1932228970822184 c0  → https://pub-893b4a6a607b4221a894bf861da7914e.r2.dev/1932228970822184.mp4
carried-forward  3945125475794543 c0  → https://pub-893b4a6a607b4221a894bf861da7914e.r2.dev/3945125475794543.mp4
video-missing    3945125475794543 c0  (expected file not found in facebook/videos/english-seekho-2026-07-06)
carried-forward  1485257069470905 c0  → https://pub-893b4a6a607b4221a894bf861da7914e.r2.dev/1485257069470905.mp4
carried-forward  5201427430083462 c0  → https://pub-893b4a6a607b4221a894bf861da7914e.r2.dev/5201427430083462.mp4
video-missing    5201427430083462 c0  (expected file not found in facebook/videos/english-seekho-2026-07-06)
carried-forward  922682520699920 c0  → https://pub-893b4a6a607b4221a894bf861da7914e.r2.dev/922682520699920.mp4
carried-forward  767456879118205 c0  → https://pub-893b4a6a607b4221a894bf861da7914e.r2.dev/767456879118205.mp4
carried-forward  1013834224460527 c0  → https://pub-893b4a6a607b4221a894bf861da7914e.r2.dev/1013834224460527.mp4
carried-forward  1908450636707359 c0  → https://pub-893b4a6a607b4221a894bf861da7914e.r2.dev/1908450636707359.mp4
carried-forward  1558750499203337 c0  → https://pub-893b4a6a607b4221a894bf861da7914e.r2.dev/1558750499203337.mp4
carried-forward  989043553899179 c0  → https://pub-893b4a6a607b4221a894bf861da7914e.r2.dev/989043553899179.mp4
carried-forward  2674686452896226 c0  → https://pub-893b4a6a607b4221a894bf861da7914e.r2.dev/2674686452896226.mp4
carried-forward  1058989673456910 c0  → https://pub-893b4a6a607b4221a894bf861da7914e.r2.dev/1058989673456910.mp4
carried-forward  2814623868931139 c0  → https://pub-893b4a6a607b4221a894bf861da7914e.r2.dev/2814623868931139.mp4
carried-forward  1683181803008249 c0  → https://pub-893b4a6a607b4221a894bf861da7914e.r2.dev/1683181803008249.mp4
carried-forward  2824287471302911 c0  → https://pub-893b4a6a607b4221a894bf861da7914e.r2.dev/2824287471302911.mp4
video-missing    2824287471302911 c0  (expected file not found in facebook/videos/english-seekho-2026-07-06)
carried-forward  1501154984318432 c0  → https://pub-893b4a6a607b4221a894bf861da7914e.r2.dev/1501154984318432.mp4
carried-forward  991672040294415 c0  → https://pub-893b4a6a607b4221a894bf861da7914e.r2.dev/991672040294415.mp4
carried-forward  2491978981265778 c0  → https://pub-893b4a6a607b4221a894bf861da7914e.r2.dev/2491978981265778.mp4
carried-forward  1476645587385501 c0  → https://pub-893b4a6a607b4221a894bf861da7914e.r2.dev/1476645587385501.mp4
carried-forward  1244507290916309 c0  → https://pub-893b4a6a607b4221a894bf861da7914e.r2.dev/1244507290916309.mp4
carried-forward  4379825375635044 c0  → https://pub-893b4a6a607b4221a894bf861da7914e.r2.dev/4379825375635044.mp4
carried-forward  1798711957512384 c0  → https://pub-893b4a6a607b4221a894bf861da7914e.r2.dev/1798711957512384.mp4
carried-forward  1217329830515440 c0  → https://pub-893b4a6a607b4221a894bf861da7914e.r2.dev/1217329830515440.mp4
carried-forward  1624757115652080 c0  → https://pub-893b4a6a607b4221a894bf861da7914e.r2.dev/1624757115652080.mp4
carried-forward  2150177005566310 c0  → https://pub-893b4a6a607b4221a894bf861da7914e.r2.dev/2150177005566310.mp4
carried-forward  1210251577301882 c0  → https://pub-893b4a6a607b4221a894bf861da7914e.r2.dev/1210251577301882.mp4
carried-forward  1116123194536720 c0  → https://pub-893b4a6a607b4221a894bf861da7914e.r2.dev/1116123194536720.mp4
carried-forward  769511858914323 c0  → https://pub-893b4a6a607b4221a894bf861da7914e.r2.dev/769511858914323.mp4
carried-forward  2176910723137201 c0  → https://pub-893b4a6a607b4221a894bf861da7914e.r2.dev/2176910723137201.mp4
carried-forward  1868096310508725 c0  → https://pub-893b4a6a607b4221a894bf861da7914e.r2.dev/1868096310508725.mp4
carried-forward  1004465665725150 c0  → https://pub-893b4a6a607b4221a894bf861da7914e.r2.dev/1004465665725150.mp4
carried-forward  1662559071716567 c0  → https://pub-893b4a6a607b4221a894bf861da7914e.r2.dev/1662559071716567.mp4
video-missing    1662559071716567 c0  (expected file not found in facebook/videos/english-seekho-2026-07-06)
carried-forward  1207813628104720 c0  → https://pub-893b4a6a607b4221a894bf861da7914e.r2.dev/1207813628104720.mp4
carried-forward  1293551286094512 c0  → https://pub-893b4a6a607b4221a894bf861da7914e.r2.dev/1293551286094512.mp4
carried-forward  1522254569489888 c0  → https://pub-893b4a6a607b4221a894bf861da7914e.r2.dev/1522254569489888.mp4
carried-forward  1419054459866080 c0  → https://pub-893b4a6a607b4221a894bf861da7914e.r2.dev/1419054459866080.mp4
carried-forward  1342745497312585 c0  → https://pub-893b4a6a607b4221a894bf861da7914e.r2.dev/1342745497312585.mp4
video-missing    1342745497312585 c0  (expected file not found in facebook/videos/english-seekho-2026-07-06)
carried-forward  1905133330090659 c0  → https://pub-893b4a6a607b4221a894bf861da7914e.r2.dev/1905133330090659.mp4
carried-forward  2247893232629100 c0  → https://pub-893b4a6a607b4221a894bf861da7914e.r2.dev/2247893232629100.mp4
carried-forward  1251191153618197 c0  → https://pub-893b4a6a607b4221a894bf861da7914e.r2.dev/1251191153618197.mp4
carried-forward  879981268519598 c0  → https://pub-893b4a6a607b4221a894bf861da7914e.r2.dev/879981268519598.mp4
carried-forward  1502392968556177 c0  → https://pub-893b4a6a607b4221a894bf861da7914e.r2.dev/1502392968556177.mp4
carried-forward  2015119902365104 c0  → https://pub-893b4a6a607b4221a894bf861da7914e.r2.dev/2015119902365104.mp4
carried-forward  2037768870280868 c0  → https://pub-893b4a6a607b4221a894bf861da7914e.r2.dev/2037768870280868.mp4
carried-forward  1430826552137036 c0  → https://pub-893b4a6a607b4221a894bf861da7914e.r2.dev/1430826552137036.mp4
carried-forward  4543952635890139 c0  → https://pub-893b4a6a607b4221a894bf861da7914e.r2.dev/4543952635890139.mp4
carried-forward  1690364325606787 c0  → https://pub-893b4a6a607b4221a894bf861da7914e.r2.dev/1690364325606787.mp4
carried-forward  4603195273293626 c0  → https://pub-893b4a6a607b4221a894bf861da7914e.r2.dev/4603195273293626.mp4
video-missing    4603195273293626 c0  (expected file not found in facebook/videos/english-seekho-2026-07-06)
carried-forward  608640915677208 c0  → https://pub-893b4a6a607b4221a894bf861da7914e.r2.dev/608640915677208.mp4
carried-forward  1229348518532340 c0  → https://pub-893b4a6a607b4221a894bf861da7914e.r2.dev/1229348518532340.mp4
carried-forward  1054948106795031 c0  → https://pub-893b4a6a607b4221a894bf861da7914e.r2.dev/1054948106795031.mp4
carried-forward  25537890735891271 c0  → https://pub-893b4a6a607b4221a894bf861da7914e.r2.dev/25537890735891271.mp4
carried-forward  1034612718953783 c0  → https://pub-893b4a6a607b4221a894bf861da7914e.r2.dev/1034612718953783.mp4
carried-forward  890589943792591 c0  → https://pub-893b4a6a607b4221a894bf861da7914e.r2.dev/890589943792591.mp4
carried-forward  1742753746742149 c0  → https://pub-893b4a6a607b4221a894bf861da7914e.r2.dev/1742753746742149.mp4
carried-forward  1224227439081919 c0  → https://pub-893b4a6a607b4221a894bf861da7914e.r2.dev/1224227439081919.mp4
carried-forward  1342572634634906 c0  → https://pub-893b4a6a607b4221a894bf861da7914e.r2.dev/1342572634634906.mp4
carried-forward  2458489147982008 c0  → https://pub-893b4a6a607b4221a894bf861da7914e.r2.dev/2458489147982008.mp4
carried-forward  1940642593293825 c0  → https://pub-893b4a6a607b4221a894bf861da7914e.r2.dev/1940642593293825.mp4
carried-forward  1559841751931772 c0  → https://pub-893b4a6a607b4221a894bf861da7914e.r2.dev/1559841751931772.mp4
carried-forward  1011454544813843 c0  → https://pub-893b4a6a607b4221a894bf861da7914e.r2.dev/1011454544813843.mp4
carried-forward  840752642285554 c0  → https://pub-893b4a6a607b4221a894bf861da7914e.r2.dev/840752642285554.mp4
carried-forward  874940122070171 c0  → https://pub-893b4a6a607b4221a894bf861da7914e.r2.dev/874940122070171.mp4
carried-forward  2053803868863762 c0  → https://pub-893b4a6a607b4221a894bf861da7914e.r2.dev/2053803868863762.mp4
carried-forward  1038035185375960 c0  → https://pub-893b4a6a607b4221a894bf861da7914e.r2.dev/1038035185375960.mp4
carried-forward  889242263585010 c0  → https://pub-893b4a6a607b4221a894bf861da7914e.r2.dev/889242263585010.mp4
carried-forward  1945996112929486 c0  → https://pub-893b4a6a607b4221a894bf861da7914e.r2.dev/1945996112929486.mp4
carried-forward  1509527853448376 c0  → https://pub-893b4a6a607b4221a894bf861da7914e.r2.dev/1509527853448376.mp4
carried-forward  27765516659740005 c0  → https://pub-893b4a6a607b4221a894bf861da7914e.r2.dev/27765516659740005.mp4
carried-forward  1612645117101223 c0  → https://pub-893b4a6a607b4221a894bf861da7914e.r2.dev/1612645117101223.mp4
carried-forward  5195950473963815 c0  → https://pub-893b4a6a607b4221a894bf861da7914e.r2.dev/5195950473963815.mp4
carried-forward  26372603382322992 c0  → https://pub-893b4a6a607b4221a894bf861da7914e.r2.dev/26372603382322992.mp4
carried-forward  3887006608101122 c0  → https://pub-893b4a6a607b4221a894bf861da7914e.r2.dev/3887006608101122.mp4
carried-forward  1500625748530295 c0  → https://pub-893b4a6a607b4221a894bf861da7914e.r2.dev/1500625748530295.mp4
carried-forward  2009135093304442 c0  → https://pub-893b4a6a607b4221a894bf861da7914e.r2.dev/2009135093304442.mp4
carried-forward  2302955316777611 c0  → https://pub-893b4a6a607b4221a894bf861da7914e.r2.dev/2302955316777611.mp4
carried-forward  2475200226329759 c0  → https://pub-893b4a6a607b4221a894bf861da7914e.r2.dev/2475200226329759.mp4
carried-forward  3782102921928704 c0  → https://pub-893b4a6a607b4221a894bf861da7914e.r2.dev/3782102921928704.mp4
carried-forward  1753691119135510 c0  → https://pub-893b4a6a607b4221a894bf861da7914e.r2.dev/1753691119135510.mp4
carried-forward  1530179168485053 c0  → https://pub-893b4a6a607b4221a894bf861da7914e.r2.dev/1530179168485053.mp4
carried-forward  1326091975851443 c0  → https://pub-893b4a6a607b4221a894bf861da7914e.r2.dev/1326091975851443.mp4
carried-forward  1636538987404408 c0  → https://pub-893b4a6a607b4221a894bf861da7914e.r2.dev/1636538987404408.mp4
carried-forward  1387054826669714 c0  → https://pub-893b4a6a607b4221a894bf861da7914e.r2.dev/1387054826669714.mp4
carried-forward  1487760063112866 c0  → https://pub-893b4a6a607b4221a894bf861da7914e.r2.dev/1487760063112866.mp4
carried-forward  1051080770767370 c0  → https://pub-893b4a6a607b4221a894bf861da7914e.r2.dev/1051080770767370.mp4
carried-forward  1505811384017507 c0  → https://pub-893b4a6a607b4221a894bf861da7914e.r2.dev/1505811384017507.mp4
carried-forward  1725536895021076 c0  → https://pub-893b4a6a607b4221a894bf861da7914e.r2.dev/1725536895021076.mp4
carried-forward  1427103212256894 c0  → https://pub-893b4a6a607b4221a894bf861da7914e.r2.dev/1427103212256894.mp4
carried-forward  2886562231693228 c0  → https://pub-893b4a6a607b4221a894bf861da7914e.r2.dev/2886562231693228.mp4
carried-forward  1666152167999287 c0  → https://pub-893b4a6a607b4221a894bf861da7914e.r2.dev/1666152167999287.mp4
carried-forward  2164485654410210 c0  → https://pub-893b4a6a607b4221a894bf861da7914e.r2.dev/2164485654410210.mp4
carried-forward  1543704014221508 c0  → https://pub-893b4a6a607b4221a894bf861da7914e.r2.dev/1543704014221508.mp4
carried-forward  931237932709797 c0  → https://pub-893b4a6a607b4221a894bf861da7914e.r2.dev/931237932709797.mp4
carried-forward  2253030498553449 c0  → https://pub-893b4a6a607b4221a894bf861da7914e.r2.dev/2253030498553449.mp4
carried-forward  27877574481868439 c0  → https://pub-893b4a6a607b4221a894bf861da7914e.r2.dev/27877574481868439.mp4
carried-forward  1018856057556644 c0  → https://pub-893b4a6a607b4221a894bf861da7914e.r2.dev/1018856057556644.mp4
carried-forward  1350375499770961 c0  → https://pub-893b4a6a607b4221a894bf861da7914e.r2.dev/1350375499770961.mp4
carried-forward  1538181171364721 c0  → https://pub-893b4a6a607b4221a894bf861da7914e.r2.dev/1538181171364721.mp4
carried-forward  1668127867628570 c0  → https://pub-893b4a6a607b4221a894bf861da7914e.r2.dev/1668127867628570.mp4
carried-forward  2033552170596629 c0  → https://pub-893b4a6a607b4221a894bf861da7914e.r2.dev/2033552170596629.mp4
carried-forward  1375784784425834 c0  → https://pub-893b4a6a607b4221a894bf861da7914e.r2.dev/1375784784425834.mp4
carried-forward  894470469817062 c0  → https://pub-893b4a6a607b4221a894bf861da7914e.r2.dev/894470469817062.mp4
carried-forward  1736550124460163 c0  → https://pub-893b4a6a607b4221a894bf861da7914e.r2.dev/1736550124460163.mp4
carried-forward  4411162119124845 c0  → https://pub-893b4a6a607b4221a894bf861da7914e.r2.dev/4411162119124845.mp4
carried-forward  1984184339126033 c0  → https://pub-893b4a6a607b4221a894bf861da7914e.r2.dev/1984184339126033.mp4
carried-forward  1004207079199559 c0  → https://pub-893b4a6a607b4221a894bf861da7914e.r2.dev/1004207079199559.mp4
carried-forward  1093204269900787 c0  → https://pub-893b4a6a607b4221a894bf861da7914e.r2.dev/1093204269900787.mp4
carried-forward  2113564896248008 c0  → https://pub-893b4a6a607b4221a894bf861da7914e.r2.dev/2113564896248008.mp4
carried-forward  2177130096551486 c0  → https://pub-893b4a6a607b4221a894bf861da7914e.r2.dev/2177130096551486.mp4
carried-forward  1873195333560021 c0  → https://pub-893b4a6a607b4221a894bf861da7914e.r2.dev/1873195333560021.mp4
carried-forward  2955177314831872 c0  → https://pub-893b4a6a607b4221a894bf861da7914e.r2.dev/2955177314831872.mp4
carried-forward  1015275987757070 c0  → https://pub-893b4a6a607b4221a894bf861da7914e.r2.dev/1015275987757070.mp4
carried-forward  1036879252206826 c0  → https://pub-893b4a6a607b4221a894bf861da7914e.r2.dev/1036879252206826.mp4
carried-forward  2508128026275448 c0  → https://pub-893b4a6a607b4221a894bf861da7914e.r2.dev/2508128026275448.mp4
carried-forward  999868486342789 c0  → https://pub-893b4a6a607b4221a894bf861da7914e.r2.dev/999868486342789.mp4
carried-forward  1524246532439003 c0  → https://pub-893b4a6a607b4221a894bf861da7914e.r2.dev/1524246532439003.mp4
carried-forward  1650891919311052 c0  → https://pub-893b4a6a607b4221a894bf861da7914e.r2.dev/1650891919311052.mp4
carried-forward  27262177620071675 c0  → https://pub-893b4a6a607b4221a894bf861da7914e.r2.dev/27262177620071675.mp4
carried-forward  805915929154160 c0  → https://pub-893b4a6a607b4221a894bf861da7914e.r2.dev/805915929154160.mp4
carried-forward  1514799456553352 c0  → https://pub-893b4a6a607b4221a894bf861da7914e.r2.dev/1514799456553352.mp4
carried-forward  3520925384739150 c0  → https://pub-893b4a6a607b4221a894bf861da7914e.r2.dev/3520925384739150.mp4
carried-forward  1373903751359074 c0  → https://pub-893b4a6a607b4221a894bf861da7914e.r2.dev/1373903751359074.mp4
carried-forward  861154453569534 c0  → https://pub-893b4a6a607b4221a894bf861da7914e.r2.dev/861154453569534.mp4
carried-forward  902496572123981 c0  → https://pub-893b4a6a607b4221a894bf861da7914e.r2.dev/902496572123981.mp4
carried-forward  1038803601834508 c0  → https://pub-893b4a6a607b4221a894bf861da7914e.r2.dev/1038803601834508.mp4
carried-forward  1413696543907852 c0  → https://pub-893b4a6a607b4221a894bf861da7914e.r2.dev/1413696543907852.mp4
carried-forward  1512938270582778 c0  → https://pub-893b4a6a607b4221a894bf861da7914e.r2.dev/1512938270582778.mp4
carried-forward  1382335380413875 c0  → https://pub-893b4a6a607b4221a894bf861da7914e.r2.dev/1382335380413875.mp4
carried-forward  887862813808470 c0  → https://pub-893b4a6a607b4221a894bf861da7914e.r2.dev/887862813808470.mp4
carried-forward  1314891207516757 c0  → https://pub-893b4a6a607b4221a894bf861da7914e.r2.dev/1314891207516757.mp4
video-missing    1314891207516757 c0  (expected file not found in facebook/videos/english-seekho-2026-07-06)
carried-forward  1302125191954780 c0  → https://pub-893b4a6a607b4221a894bf861da7914e.r2.dev/1302125191954780.mp4
carried-forward  941390658914119 c0  → https://pub-893b4a6a607b4221a894bf861da7914e.r2.dev/941390658914119.mp4
carried-forward  4752190318255411 c0  → https://pub-893b4a6a607b4221a894bf861da7914e.r2.dev/4752190318255411.mp4
carried-forward  898446400002676 c0  → https://pub-893b4a6a607b4221a894bf861da7914e.r2.dev/898446400002676.mp4
carried-forward  1563395578533170 c0  → https://pub-893b4a6a607b4221a894bf861da7914e.r2.dev/1563395578533170.mp4
carried-forward  2570884076682161 c0  → https://pub-893b4a6a607b4221a894bf861da7914e.r2.dev/2570884076682161.mp4
carried-forward  3123328304532044 c0  → https://pub-893b4a6a607b4221a894bf861da7914e.r2.dev/3123328304532044.mp4
carried-forward  1024056176706639 c0  → https://pub-893b4a6a607b4221a894bf861da7914e.r2.dev/1024056176706639.mp4
carried-forward  1717353739307487 c0  → https://pub-893b4a6a607b4221a894bf861da7914e.r2.dev/1717353739307487.mp4
carried-forward  1032803926353579 c0  → https://pub-893b4a6a607b4221a894bf861da7914e.r2.dev/1032803926353579.mp4
carried-forward  27317923321233700 c0  → https://pub-893b4a6a607b4221a894bf861da7914e.r2.dev/27317923321233700.mp4
carried-forward  1448030557088027 c0  → https://pub-893b4a6a607b4221a894bf861da7914e.r2.dev/1448030557088027.mp4
carried-forward  2751730151868354 c0  → https://pub-893b4a6a607b4221a894bf861da7914e.r2.dev/2751730151868354.mp4
carried-forward  5355700044655696 c0  → https://pub-893b4a6a607b4221a894bf861da7914e.r2.dev/5355700044655696.mp4
carried-forward  2017725382451838 c0  → https://pub-893b4a6a607b4221a894bf861da7914e.r2.dev/2017725382451838.mp4
carried-forward  1695781784805616 c0  → https://pub-893b4a6a607b4221a894bf861da7914e.r2.dev/1695781784805616.mp4
carried-forward  1801283880855792 c0  → https://pub-893b4a6a607b4221a894bf861da7914e.r2.dev/1801283880855792.mp4
carried-forward  1043041118193282 c0  → https://pub-893b4a6a607b4221a894bf861da7914e.r2.dev/1043041118193282.mp4
carried-forward  1011546298253690 c0  → https://pub-893b4a6a607b4221a894bf861da7914e.r2.dev/1011546298253690.mp4
carried-forward  2443278619483458 c0  → https://pub-893b4a6a607b4221a894bf861da7914e.r2.dev/2443278619483458.mp4
carried-forward  28271148882491249 c0  → https://pub-893b4a6a607b4221a894bf861da7914e.r2.dev/28271148882491249.mp4
carried-forward  1052899487091130 c0  → https://pub-893b4a6a607b4221a894bf861da7914e.r2.dev/1052899487091130.mp4
carried-forward  997825846384220 c0  → https://pub-893b4a6a607b4221a894bf861da7914e.r2.dev/997825846384220.mp4
carried-forward  978083455225532 c0  → https://pub-893b4a6a607b4221a894bf861da7914e.r2.dev/978083455225532.mp4
carried-forward  2026403054654772 c0  → https://pub-893b4a6a607b4221a894bf861da7914e.r2.dev/2026403054654772.mp4
carried-forward  1733729247807925 c0  → https://pub-893b4a6a607b4221a894bf861da7914e.r2.dev/1733729247807925.mp4
carried-forward  2218725595552145 c0  → https://pub-893b4a6a607b4221a894bf861da7914e.r2.dev/2218725595552145.mp4
carried-forward  2573253006425761 c0  → https://pub-893b4a6a607b4221a894bf861da7914e.r2.dev/2573253006425761.mp4
carried-forward  1433011138873457 c0  → https://pub-893b4a6a607b4221a894bf861da7914e.r2.dev/1433011138873457.mp4
carried-forward  1515119519776463 c0  → https://pub-893b4a6a607b4221a894bf861da7914e.r2.dev/1515119519776463.mp4
carried-forward  4634827403441374 c0  → https://pub-893b4a6a607b4221a894bf861da7914e.r2.dev/4634827403441374.mp4
carried-forward  1669317190956962 c0  → https://pub-893b4a6a607b4221a894bf861da7914e.r2.dev/1669317190956962.mp4
carried-forward  1704137510895242 c0  → https://pub-893b4a6a607b4221a894bf861da7914e.r2.dev/1704137510895242.mp4
carried-forward  867178106032184 c0  → https://pub-893b4a6a607b4221a894bf861da7914e.r2.dev/867178106032184.mp4
carried-forward  1956401028406736 c0  → https://pub-893b4a6a607b4221a894bf861da7914e.r2.dev/1956401028406736.mp4
carried-forward  3116864031838951 c0  → https://pub-893b4a6a607b4221a894bf861da7914e.r2.dev/3116864031838951.mp4
carried-forward  2836777156666220 c0  → https://pub-893b4a6a607b4221a894bf861da7914e.r2.dev/2836777156666220.mp4
carried-forward  1462319929269074 c0  → https://pub-893b4a6a607b4221a894bf861da7914e.r2.dev/1462319929269074.mp4
carried-forward  2896651730678324 c0  → https://pub-893b4a6a607b4221a894bf861da7914e.r2.dev/2896651730678324.mp4
carried-forward  1701383574232858 c0  → https://pub-893b4a6a607b4221a894bf861da7914e.r2.dev/1701383574232858.mp4
carried-forward  1358058463118717 c0  → https://pub-893b4a6a607b4221a894bf861da7914e.r2.dev/1358058463118717.mp4
carried-forward  958304950573263 c0  → https://pub-893b4a6a607b4221a894bf861da7914e.r2.dev/958304950573263.mp4
video-missing    958304950573263 c0  (expected file not found in facebook/videos/english-seekho-2026-07-06)
carried-forward  1582063970260441 c0  → https://pub-893b4a6a607b4221a894bf861da7914e.r2.dev/1582063970260441.mp4
carried-forward  1472688571542291 c0  → https://pub-893b4a6a607b4221a894bf861da7914e.r2.dev/1472688571542291.mp4
carried-forward  1014457824526138 c0  → https://pub-893b4a6a607b4221a894bf861da7914e.r2.dev/1014457824526138.mp4
carried-forward  1023850853354102 c0  → https://pub-893b4a6a607b4221a894bf861da7914e.r2.dev/1023850853354102.mp4
carried-forward  1560290629141642 c0  → https://pub-893b4a6a607b4221a894bf861da7914e.r2.dev/1560290629141642.mp4
carried-forward  2284628108966883 c0  → https://pub-893b4a6a607b4221a894bf861da7914e.r2.dev/2284628108966883.mp4
carried-forward  1906215230068649 c0  → https://pub-893b4a6a607b4221a894bf861da7914e.r2.dev/1906215230068649.mp4
carried-forward  1331345672449013 c0  → https://pub-893b4a6a607b4221a894bf861da7914e.r2.dev/1331345672449013.mp4
carried-forward  27064999633201331 c0  → https://pub-893b4a6a607b4221a894bf861da7914e.r2.dev/27064999633201331.mp4
carried-forward  1517483082671686 c0  → https://pub-893b4a6a607b4221a894bf861da7914e.r2.dev/1517483082671686.mp4
carried-forward  1322311686772870 c0  → https://pub-893b4a6a607b4221a894bf861da7914e.r2.dev/1322311686772870.mp4
carried-forward  1663426281607267 c0  → https://pub-893b4a6a607b4221a894bf861da7914e.r2.dev/1663426281607267.mp4
carried-forward  1007004285641112 c0  → https://pub-893b4a6a607b4221a894bf861da7914e.r2.dev/1007004285641112.mp4
carried-forward  1678637130091914 c0  → https://pub-893b4a6a607b4221a894bf861da7914e.r2.dev/1678637130091914.mp4
