# Step 3 run log
# competitor : english-seekho
# started_at : 2026-07-14T06:55:17
# input      : facebook/inputs/fb-ads-english-seekho-2026-07-14-0638.csv
# videos     : facebook/videos/english-seekho-2026-07-14
# master     : facebook/master/english-seekho.csv  (updated)
# enriched   : facebook/inputs/fb-ads-english-seekho-2026-07-14-0638_enriched.csv
# bucket     : video-ads
# public_base: https://pub-893b4a6a607b4221a894bf861da7914e.r2.dev
# dry_run    : False
#
# counts     : {'uploaded': 114, 'carried-forward': 194, 'image-pending': 0, 'video-missing': 36, 'no-creative': 0, 'error': 0}
#
carried-forward  985533387662266 c0  → https://pub-893b4a6a607b4221a894bf861da7914e.r2.dev/985533387662266.mp4
carried-forward  873021038754328 c0  → https://pub-893b4a6a607b4221a894bf861da7914e.r2.dev/873021038754328.mp4
carried-forward  3033559160166599 c0  → https://pub-893b4a6a607b4221a894bf861da7914e.r2.dev/3033559160166599.mp4
carried-forward  2494629114318819 c0  → https://pub-893b4a6a607b4221a894bf861da7914e.r2.dev/2494629114318819.mp4
carried-forward  1366714225383108 c0  → https://pub-893b4a6a607b4221a894bf861da7914e.r2.dev/1366714225383108.mp4
carried-forward  1518594126387614 c0  → https://pub-893b4a6a607b4221a894bf861da7914e.r2.dev/1518594126387614.mp4
carried-forward  3607823459368677 c0  → https://pub-893b4a6a607b4221a894bf861da7914e.r2.dev/3607823459368677.mp4
carried-forward  1598189468399583 c0  → https://pub-893b4a6a607b4221a894bf861da7914e.r2.dev/1598189468399583.mp4
carried-forward  1008148261936720 c0  → https://pub-893b4a6a607b4221a894bf861da7914e.r2.dev/1008148261936720.mp4
carried-forward  1013023587804896 c0  → https://pub-893b4a6a607b4221a894bf861da7914e.r2.dev/1013023587804896.mp4
video-missing    1013023587804896 c0  (expected file not found in facebook/videos/english-seekho-2026-07-14)
carried-forward  27770311949260226 c0  → https://pub-893b4a6a607b4221a894bf861da7914e.r2.dev/27770311949260226.mp4
carried-forward  1260469682675863 c0  → https://pub-893b4a6a607b4221a894bf861da7914e.r2.dev/1260469682675863.mp4
carried-forward  1064443136246118 c0  → https://pub-893b4a6a607b4221a894bf861da7914e.r2.dev/1064443136246118.mp4
carried-forward  1342745497312585 c0  → https://pub-893b4a6a607b4221a894bf861da7914e.r2.dev/1342745497312585.mp4
video-missing    1342745497312585 c0  (expected file not found in facebook/videos/english-seekho-2026-07-14)
carried-forward  4103084183315352 c0  → https://pub-893b4a6a607b4221a894bf861da7914e.r2.dev/4103084183315352.mp4
carried-forward  1340768337559606 c0  → https://pub-893b4a6a607b4221a894bf861da7914e.r2.dev/1340768337559606.mp4
carried-forward  1004143472233527 c0  → https://pub-893b4a6a607b4221a894bf861da7914e.r2.dev/1004143472233527.mp4
video-missing    1004143472233527 c0  (expected file not found in facebook/videos/english-seekho-2026-07-14)
carried-forward  1566236988412994 c0  → https://pub-893b4a6a607b4221a894bf861da7914e.r2.dev/1566236988412994.mp4
carried-forward  1578508493878005 c0  → https://pub-893b4a6a607b4221a894bf861da7914e.r2.dev/1578508493878005.mp4
carried-forward  2284073262000543 c0  → https://pub-893b4a6a607b4221a894bf861da7914e.r2.dev/2284073262000543.mp4
carried-forward  1043173955166157 c0  → https://pub-893b4a6a607b4221a894bf861da7914e.r2.dev/1043173955166157.mp4
video-missing    1043173955166157 c0  (expected file not found in facebook/videos/english-seekho-2026-07-14)
carried-forward  1008695968233040 c0  → https://pub-893b4a6a607b4221a894bf861da7914e.r2.dev/1008695968233040.mp4
video-missing    1008695968233040 c0  (expected file not found in facebook/videos/english-seekho-2026-07-14)
carried-forward  1654481422515098 c0  → https://pub-893b4a6a607b4221a894bf861da7914e.r2.dev/1654481422515098.mp4
carried-forward  992773516690548 c0  → https://pub-893b4a6a607b4221a894bf861da7914e.r2.dev/992773516690548.mp4
carried-forward  3911596029134849 c0  → https://pub-893b4a6a607b4221a894bf861da7914e.r2.dev/3911596029134849.mp4
carried-forward  2129938227571573 c0  → https://pub-893b4a6a607b4221a894bf861da7914e.r2.dev/2129938227571573.mp4
carried-forward  1014456487800871 c0  → https://pub-893b4a6a607b4221a894bf861da7914e.r2.dev/1014456487800871.mp4
carried-forward  1005111732532270 c0  → https://pub-893b4a6a607b4221a894bf861da7914e.r2.dev/1005111732532270.mp4
carried-forward  846746431580534 c0  → https://pub-893b4a6a607b4221a894bf861da7914e.r2.dev/846746431580534.mp4
carried-forward  1073974488628392 c0  → https://pub-893b4a6a607b4221a894bf861da7914e.r2.dev/1073974488628392.mp4
carried-forward  871564259326574 c0  → https://pub-893b4a6a607b4221a894bf861da7914e.r2.dev/871564259326574.mp4
carried-forward  2152429472156703 c0  → https://pub-893b4a6a607b4221a894bf861da7914e.r2.dev/2152429472156703.mp4
carried-forward  883414924661759 c0  → https://pub-893b4a6a607b4221a894bf861da7914e.r2.dev/883414924661759.mp4
carried-forward  995004486736404 c0  → https://pub-893b4a6a607b4221a894bf861da7914e.r2.dev/995004486736404.mp4
carried-forward  3649535581851775 c0  → https://pub-893b4a6a607b4221a894bf861da7914e.r2.dev/3649535581851775.mp4
carried-forward  2152508018617561 c0  → https://pub-893b4a6a607b4221a894bf861da7914e.r2.dev/2152508018617561.mp4
carried-forward  1016711277501426 c0  → https://pub-893b4a6a607b4221a894bf861da7914e.r2.dev/1016711277501426.mp4
carried-forward  2567796306984370 c0  → https://pub-893b4a6a607b4221a894bf861da7914e.r2.dev/2567796306984370.mp4
video-missing    2567796306984370 c0  (expected file not found in facebook/videos/english-seekho-2026-07-14)
carried-forward  3163699757156529 c0  → https://pub-893b4a6a607b4221a894bf861da7914e.r2.dev/3163699757156529.mp4
carried-forward  1466382221844827 c0  → https://pub-893b4a6a607b4221a894bf861da7914e.r2.dev/1466382221844827.mp4
carried-forward  1681939326411381 c0  → https://pub-893b4a6a607b4221a894bf861da7914e.r2.dev/1681939326411381.mp4
carried-forward  1533195354964644 c0  → https://pub-893b4a6a607b4221a894bf861da7914e.r2.dev/1533195354964644.mp4
uploaded         1054074483851039 c0  (video) ← 1054074483851039.mp4  → https://pub-893b4a6a607b4221a894bf861da7914e.r2.dev/1054074483851039.mp4
video-missing    1054074483851039 c0  (expected file not found in facebook/videos/english-seekho-2026-07-14)
carried-forward  2710465069347261 c0  → https://pub-893b4a6a607b4221a894bf861da7914e.r2.dev/2710465069347261.mp4
carried-forward  1037885932008729 c0  → https://pub-893b4a6a607b4221a894bf861da7914e.r2.dev/1037885932008729.mp4
carried-forward  1502275511673890 c0  → https://pub-893b4a6a607b4221a894bf861da7914e.r2.dev/1502275511673890.mp4
video-missing    1502275511673890 c0  (expected file not found in facebook/videos/english-seekho-2026-07-14)
carried-forward  1647889789617946 c0  → https://pub-893b4a6a607b4221a894bf861da7914e.r2.dev/1647889789617946.mp4
carried-forward  2150762295466364 c0  → https://pub-893b4a6a607b4221a894bf861da7914e.r2.dev/2150762295466364.mp4
carried-forward  2201883133941569 c0  → https://pub-893b4a6a607b4221a894bf861da7914e.r2.dev/2201883133941569.mp4
carried-forward  1018848650896202 c0  → https://pub-893b4a6a607b4221a894bf861da7914e.r2.dev/1018848650896202.mp4
carried-forward  1014900067589638 c0  → https://pub-893b4a6a607b4221a894bf861da7914e.r2.dev/1014900067589638.mp4
carried-forward  1700880501155696 c0  → https://pub-893b4a6a607b4221a894bf861da7914e.r2.dev/1700880501155696.mp4
video-missing    1700880501155696 c0  (expected file not found in facebook/videos/english-seekho-2026-07-14)
carried-forward  3198459307024573 c0  → https://pub-893b4a6a607b4221a894bf861da7914e.r2.dev/3198459307024573.mp4
video-missing    3198459307024573 c0  (expected file not found in facebook/videos/english-seekho-2026-07-14)
carried-forward  1193274679606735 c0  → https://pub-893b4a6a607b4221a894bf861da7914e.r2.dev/1193274679606735.mp4
video-missing    1193274679606735 c0  (expected file not found in facebook/videos/english-seekho-2026-07-14)
carried-forward  1223700476600723 c0  → https://pub-893b4a6a607b4221a894bf861da7914e.r2.dev/1223700476600723.mp4
carried-forward  1690151285438245 c0  → https://pub-893b4a6a607b4221a894bf861da7914e.r2.dev/1690151285438245.mp4
carried-forward  2250084872471619 c0  → https://pub-893b4a6a607b4221a894bf861da7914e.r2.dev/2250084872471619.mp4
carried-forward  1414490704064865 c0  → https://pub-893b4a6a607b4221a894bf861da7914e.r2.dev/1414490704064865.mp4
carried-forward  902875915615428 c0  → https://pub-893b4a6a607b4221a894bf861da7914e.r2.dev/902875915615428.mp4
video-missing    902875915615428 c0  (expected file not found in facebook/videos/english-seekho-2026-07-14)
carried-forward  1364784788843978 c0  → https://pub-893b4a6a607b4221a894bf861da7914e.r2.dev/1364784788843978.mp4
carried-forward  1180761750891866 c0  → https://pub-893b4a6a607b4221a894bf861da7914e.r2.dev/1180761750891866.mp4
carried-forward  2453287415158391 c0  → https://pub-893b4a6a607b4221a894bf861da7914e.r2.dev/2453287415158391.mp4
carried-forward  1930588960964996 c0  → https://pub-893b4a6a607b4221a894bf861da7914e.r2.dev/1930588960964996.mp4
video-missing    1930588960964996 c0  (expected file not found in facebook/videos/english-seekho-2026-07-14)
carried-forward  1641629937137441 c0  → https://pub-893b4a6a607b4221a894bf861da7914e.r2.dev/1641629937137441.mp4
carried-forward  988958730629564 c0  → https://pub-893b4a6a607b4221a894bf861da7914e.r2.dev/988958730629564.mp4
carried-forward  899535979898551 c0  → https://pub-893b4a6a607b4221a894bf861da7914e.r2.dev/899535979898551.mp4
carried-forward  1497241481662186 c0  → https://pub-893b4a6a607b4221a894bf861da7914e.r2.dev/1497241481662186.mp4
carried-forward  4404859313114775 c0  → https://pub-893b4a6a607b4221a894bf861da7914e.r2.dev/4404859313114775.mp4
carried-forward  1781211133045778 c0  → https://pub-893b4a6a607b4221a894bf861da7914e.r2.dev/1781211133045778.mp4
carried-forward  1339707481615735 c0  → https://pub-893b4a6a607b4221a894bf861da7914e.r2.dev/1339707481615735.mp4
carried-forward  2236055533874211 c0  → https://pub-893b4a6a607b4221a894bf861da7914e.r2.dev/2236055533874211.mp4
carried-forward  1515389233401695 c0  → https://pub-893b4a6a607b4221a894bf861da7914e.r2.dev/1515389233401695.mp4
video-missing    1515389233401695 c0  (expected file not found in facebook/videos/english-seekho-2026-07-14)
carried-forward  2299324837553512 c0  → https://pub-893b4a6a607b4221a894bf861da7914e.r2.dev/2299324837553512.mp4
carried-forward  1478126110733286 c0  → https://pub-893b4a6a607b4221a894bf861da7914e.r2.dev/1478126110733286.mp4
carried-forward  1961729674555213 c0  → https://pub-893b4a6a607b4221a894bf861da7914e.r2.dev/1961729674555213.mp4
carried-forward  1548699226788927 c0  → https://pub-893b4a6a607b4221a894bf861da7914e.r2.dev/1548699226788927.mp4
video-missing    1548699226788927 c0  (expected file not found in facebook/videos/english-seekho-2026-07-14)
carried-forward  1527366239124226 c0  → https://pub-893b4a6a607b4221a894bf861da7914e.r2.dev/1527366239124226.mp4
carried-forward  1703849837598003 c0  → https://pub-893b4a6a607b4221a894bf861da7914e.r2.dev/1703849837598003.mp4
video-missing    1703849837598003 c0  (expected file not found in facebook/videos/english-seekho-2026-07-14)
carried-forward  1808954107158548 c0  → https://pub-893b4a6a607b4221a894bf861da7914e.r2.dev/1808954107158548.mp4
carried-forward  1021299320653057 c0  → https://pub-893b4a6a607b4221a894bf861da7914e.r2.dev/1021299320653057.mp4
carried-forward  2191099401503354 c0  → https://pub-893b4a6a607b4221a894bf861da7914e.r2.dev/2191099401503354.mp4
video-missing    2191099401503354 c0  (expected file not found in facebook/videos/english-seekho-2026-07-14)
carried-forward  900872706390281 c0  → https://pub-893b4a6a607b4221a894bf861da7914e.r2.dev/900872706390281.mp4
carried-forward  1747037196719891 c0  → https://pub-893b4a6a607b4221a894bf861da7914e.r2.dev/1747037196719891.mp4
video-missing    1747037196719891 c0  (expected file not found in facebook/videos/english-seekho-2026-07-14)
carried-forward  1683181803008249 c0  → https://pub-893b4a6a607b4221a894bf861da7914e.r2.dev/1683181803008249.mp4
carried-forward  1033037325739194 c0  → https://pub-893b4a6a607b4221a894bf861da7914e.r2.dev/1033037325739194.mp4
carried-forward  903039262849402 c0  → https://pub-893b4a6a607b4221a894bf861da7914e.r2.dev/903039262849402.mp4
video-missing    903039262849402 c0  (expected file not found in facebook/videos/english-seekho-2026-07-14)
carried-forward  1314891207516757 c0  → https://pub-893b4a6a607b4221a894bf861da7914e.r2.dev/1314891207516757.mp4
video-missing    1314891207516757 c0  (expected file not found in facebook/videos/english-seekho-2026-07-14)
carried-forward  1569302308257783 c0  → https://pub-893b4a6a607b4221a894bf861da7914e.r2.dev/1569302308257783.mp4
carried-forward  1370316518351776 c0  → https://pub-893b4a6a607b4221a894bf861da7914e.r2.dev/1370316518351776.mp4
uploaded         27846376808289805 c0  (video) ← 27846376808289805.mp4  → https://pub-893b4a6a607b4221a894bf861da7914e.r2.dev/27846376808289805.mp4
video-missing    27846376808289805 c0  (expected file not found in facebook/videos/english-seekho-2026-07-14)
carried-forward  1217608480437639 c0  → https://pub-893b4a6a607b4221a894bf861da7914e.r2.dev/1217608480437639.mp4
carried-forward  2449267882206681 c0  → https://pub-893b4a6a607b4221a894bf861da7914e.r2.dev/2449267882206681.mp4
carried-forward  27355896097398956 c0  → https://pub-893b4a6a607b4221a894bf861da7914e.r2.dev/27355896097398956.mp4
carried-forward  2030280791029193 c0  → https://pub-893b4a6a607b4221a894bf861da7914e.r2.dev/2030280791029193.mp4
carried-forward  1581331226744167 c0  → https://pub-893b4a6a607b4221a894bf861da7914e.r2.dev/1581331226744167.mp4
carried-forward  1364770528875699 c0  → https://pub-893b4a6a607b4221a894bf861da7914e.r2.dev/1364770528875699.mp4
video-missing    1364770528875699 c0  (expected file not found in facebook/videos/english-seekho-2026-07-14)
carried-forward  2538040990040598 c0  → https://pub-893b4a6a607b4221a894bf861da7914e.r2.dev/2538040990040598.mp4
carried-forward  2086474589415548 c0  → https://pub-893b4a6a607b4221a894bf861da7914e.r2.dev/2086474589415548.mp4
carried-forward  1360454026018817 c0  → https://pub-893b4a6a607b4221a894bf861da7914e.r2.dev/1360454026018817.mp4
uploaded         1532439125302898 c0  (video) ← 1532439125302898.mp4  → https://pub-893b4a6a607b4221a894bf861da7914e.r2.dev/1532439125302898.mp4
uploaded         902372695693097 c0  (video) ← 902372695693097.mp4  → https://pub-893b4a6a607b4221a894bf861da7914e.r2.dev/902372695693097.mp4
video-missing    902372695693097 c0  (expected file not found in facebook/videos/english-seekho-2026-07-14)
carried-forward  2289892785083094 c0  → https://pub-893b4a6a607b4221a894bf861da7914e.r2.dev/2289892785083094.mp4
uploaded         1038876518679148 c0  (video) ← 1038876518679148.mp4  → https://pub-893b4a6a607b4221a894bf861da7914e.r2.dev/1038876518679148.mp4
video-missing    1038876518679148 c0  (expected file not found in facebook/videos/english-seekho-2026-07-14)
carried-forward  1781323349519121 c0  → https://pub-893b4a6a607b4221a894bf861da7914e.r2.dev/1781323349519121.mp4
carried-forward  1369951375034457 c0  → https://pub-893b4a6a607b4221a894bf861da7914e.r2.dev/1369951375034457.mp4
video-missing    1369951375034457 c0  (expected file not found in facebook/videos/english-seekho-2026-07-14)
carried-forward  1103580098931885 c0  → https://pub-893b4a6a607b4221a894bf861da7914e.r2.dev/1103580098931885.mp4
carried-forward  2069551497104811 c0  → https://pub-893b4a6a607b4221a894bf861da7914e.r2.dev/2069551497104811.mp4
carried-forward  1360549895753796 c0  → https://pub-893b4a6a607b4221a894bf861da7914e.r2.dev/1360549895753796.mp4
carried-forward  1485257069470905 c0  → https://pub-893b4a6a607b4221a894bf861da7914e.r2.dev/1485257069470905.mp4
carried-forward  2911781465840699 c0  → https://pub-893b4a6a607b4221a894bf861da7914e.r2.dev/2911781465840699.mp4
carried-forward  2340160886791390 c0  → https://pub-893b4a6a607b4221a894bf861da7914e.r2.dev/2340160886791390.mp4
video-missing    2340160886791390 c0  (expected file not found in facebook/videos/english-seekho-2026-07-14)
carried-forward  1548158910275403 c0  → https://pub-893b4a6a607b4221a894bf861da7914e.r2.dev/1548158910275403.mp4
carried-forward  975696818620909 c0  → https://pub-893b4a6a607b4221a894bf861da7914e.r2.dev/975696818620909.mp4
carried-forward  3098326293684794 c0  → https://pub-893b4a6a607b4221a894bf861da7914e.r2.dev/3098326293684794.mp4
carried-forward  2551795111920687 c0  → https://pub-893b4a6a607b4221a894bf861da7914e.r2.dev/2551795111920687.mp4
carried-forward  5201427430083462 c0  → https://pub-893b4a6a607b4221a894bf861da7914e.r2.dev/5201427430083462.mp4
carried-forward  28740456275544709 c0  → https://pub-893b4a6a607b4221a894bf861da7914e.r2.dev/28740456275544709.mp4
carried-forward  3945125475794543 c0  → https://pub-893b4a6a607b4221a894bf861da7914e.r2.dev/3945125475794543.mp4
video-missing    3945125475794543 c0  (expected file not found in facebook/videos/english-seekho-2026-07-14)
carried-forward  1579060110306222 c0  → https://pub-893b4a6a607b4221a894bf861da7914e.r2.dev/1579060110306222.mp4
carried-forward  1013834224460527 c0  → https://pub-893b4a6a607b4221a894bf861da7914e.r2.dev/1013834224460527.mp4
carried-forward  922682520699920 c0  → https://pub-893b4a6a607b4221a894bf861da7914e.r2.dev/922682520699920.mp4
carried-forward  767456879118205 c0  → https://pub-893b4a6a607b4221a894bf861da7914e.r2.dev/767456879118205.mp4
carried-forward  989043553899179 c0  → https://pub-893b4a6a607b4221a894bf861da7914e.r2.dev/989043553899179.mp4
carried-forward  1908450636707359 c0  → https://pub-893b4a6a607b4221a894bf861da7914e.r2.dev/1908450636707359.mp4
carried-forward  1558750499203337 c0  → https://pub-893b4a6a607b4221a894bf861da7914e.r2.dev/1558750499203337.mp4
carried-forward  889242263585010 c0  → https://pub-893b4a6a607b4221a894bf861da7914e.r2.dev/889242263585010.mp4
carried-forward  2491978981265778 c0  → https://pub-893b4a6a607b4221a894bf861da7914e.r2.dev/2491978981265778.mp4
carried-forward  1058989673456910 c0  → https://pub-893b4a6a607b4221a894bf861da7914e.r2.dev/1058989673456910.mp4
uploaded         1043159251914053 c0  (video) ← 1043159251914053.mp4  → https://pub-893b4a6a607b4221a894bf861da7914e.r2.dev/1043159251914053.mp4
carried-forward  2037768870280868 c0  → https://pub-893b4a6a607b4221a894bf861da7914e.r2.dev/2037768870280868.mp4
carried-forward  2674686452896226 c0  → https://pub-893b4a6a607b4221a894bf861da7914e.r2.dev/2674686452896226.mp4
carried-forward  1032793555915493 c0  → https://pub-893b4a6a607b4221a894bf861da7914e.r2.dev/1032793555915493.mp4
uploaded         1588907696090534 c0  (video) ← 1588907696090534.mp4  → https://pub-893b4a6a607b4221a894bf861da7914e.r2.dev/1588907696090534.mp4
uploaded         27430556469945148 c0  (video) ← 27430556469945148.mp4  → https://pub-893b4a6a607b4221a894bf861da7914e.r2.dev/27430556469945148.mp4
video-missing    27430556469945148 c0  (expected file not found in facebook/videos/english-seekho-2026-07-14)
uploaded         1006373715543408 c0  (video) ← 1006373715543408.mp4  → https://pub-893b4a6a607b4221a894bf861da7914e.r2.dev/1006373715543408.mp4
uploaded         2064477487437458 c0  (video) ← 2064477487437458.mp4  → https://pub-893b4a6a607b4221a894bf861da7914e.r2.dev/2064477487437458.mp4
carried-forward  1501154984318432 c0  → https://pub-893b4a6a607b4221a894bf861da7914e.r2.dev/1501154984318432.mp4
carried-forward  1690364325606787 c0  → https://pub-893b4a6a607b4221a894bf861da7914e.r2.dev/1690364325606787.mp4
uploaded         921669877615055 c0  (video) ← 921669877615055.mp4  → https://pub-893b4a6a607b4221a894bf861da7914e.r2.dev/921669877615055.mp4
uploaded         1355022089317795 c0  (video) ← 1355022089317795.mp4  → https://pub-893b4a6a607b4221a894bf861da7914e.r2.dev/1355022089317795.mp4
uploaded         1577629670465941 c0  (video) ← 1577629670465941.mp4  → https://pub-893b4a6a607b4221a894bf861da7914e.r2.dev/1577629670465941.mp4
uploaded         3370941749751480 c0  (video) ← 3370941749751480.mp4  → https://pub-893b4a6a607b4221a894bf861da7914e.r2.dev/3370941749751480.mp4
uploaded         1350816627006861 c0  (video) ← 1350816627006861.mp4  → https://pub-893b4a6a607b4221a894bf861da7914e.r2.dev/1350816627006861.mp4
uploaded         1720093005693522 c0  (video) ← 1720093005693522.mp4  → https://pub-893b4a6a607b4221a894bf861da7914e.r2.dev/1720093005693522.mp4
uploaded         4459387377664925 c0  (video) ← 4459387377664925.mp4  → https://pub-893b4a6a607b4221a894bf861da7914e.r2.dev/4459387377664925.mp4
uploaded         1391067842892448 c0  (video) ← 1391067842892448.mp4  → https://pub-893b4a6a607b4221a894bf861da7914e.r2.dev/1391067842892448.mp4
uploaded         1029587306434561 c0  (video) ← 1029587306434561.mp4  → https://pub-893b4a6a607b4221a894bf861da7914e.r2.dev/1029587306434561.mp4
uploaded         909935638085913 c0  (video) ← 909935638085913.mp4  → https://pub-893b4a6a607b4221a894bf861da7914e.r2.dev/909935638085913.mp4
carried-forward  1476645587385501 c0  → https://pub-893b4a6a607b4221a894bf861da7914e.r2.dev/1476645587385501.mp4
carried-forward  1577673830585178 c0  → https://pub-893b4a6a607b4221a894bf861da7914e.r2.dev/1577673830585178.mp4
video-missing    1577673830585178 c0  (expected file not found in facebook/videos/english-seekho-2026-07-14)
uploaded         3356691287825453 c0  (video) ← 3356691287825453.mp4  → https://pub-893b4a6a607b4221a894bf861da7914e.r2.dev/3356691287825453.mp4
uploaded         1055108063633010 c0  (video) ← 1055108063633010.mp4  → https://pub-893b4a6a607b4221a894bf861da7914e.r2.dev/1055108063633010.mp4
carried-forward  1244507290916309 c0  → https://pub-893b4a6a607b4221a894bf861da7914e.r2.dev/1244507290916309.mp4
uploaded         846688375190122 c0  (video) ← 846688375190122.mp4  → https://pub-893b4a6a607b4221a894bf861da7914e.r2.dev/846688375190122.mp4
uploaded         965704609857709 c0  (video) ← 965704609857709.mp4  → https://pub-893b4a6a607b4221a894bf861da7914e.r2.dev/965704609857709.mp4
carried-forward  4379825375635044 c0  → https://pub-893b4a6a607b4221a894bf861da7914e.r2.dev/4379825375635044.mp4
carried-forward  1798711957512384 c0  → https://pub-893b4a6a607b4221a894bf861da7914e.r2.dev/1798711957512384.mp4
carried-forward  1217329830515440 c0  → https://pub-893b4a6a607b4221a894bf861da7914e.r2.dev/1217329830515440.mp4
carried-forward  1210251577301882 c0  → https://pub-893b4a6a607b4221a894bf861da7914e.r2.dev/1210251577301882.mp4
uploaded         1329041666053874 c0  (video) ← 1329041666053874.mp4  → https://pub-893b4a6a607b4221a894bf861da7914e.r2.dev/1329041666053874.mp4
carried-forward  1522254569489888 c0  → https://pub-893b4a6a607b4221a894bf861da7914e.r2.dev/1522254569489888.mp4
uploaded         2463183460852601 c0  (video) ← 2463183460852601.mp4  → https://pub-893b4a6a607b4221a894bf861da7914e.r2.dev/2463183460852601.mp4
carried-forward  1662559071716567 c0  → https://pub-893b4a6a607b4221a894bf861da7914e.r2.dev/1662559071716567.mp4
video-missing    1662559071716567 c0  (expected file not found in facebook/videos/english-seekho-2026-07-14)
uploaded         2107199030154280 c0  (video) ← 2107199030154280.mp4  → https://pub-893b4a6a607b4221a894bf861da7914e.r2.dev/2107199030154280.mp4
uploaded         921419797635046 c0  (video) ← 921419797635046.mp4  → https://pub-893b4a6a607b4221a894bf861da7914e.r2.dev/921419797635046.mp4
carried-forward  1116123194536720 c0  → https://pub-893b4a6a607b4221a894bf861da7914e.r2.dev/1116123194536720.mp4
uploaded         903182612174414 c0  (video) ← 903182612174414.mp4  → https://pub-893b4a6a607b4221a894bf861da7914e.r2.dev/903182612174414.mp4
carried-forward  769511858914323 c0  → https://pub-893b4a6a607b4221a894bf861da7914e.r2.dev/769511858914323.mp4
uploaded         1043467324812896 c0  (video) ← 1043467324812896.mp4  → https://pub-893b4a6a607b4221a894bf861da7914e.r2.dev/1043467324812896.mp4
uploaded         1336137388649856 c0  (video) ← 1336137388649856.mp4  → https://pub-893b4a6a607b4221a894bf861da7914e.r2.dev/1336137388649856.mp4
carried-forward  2176910723137201 c0  → https://pub-893b4a6a607b4221a894bf861da7914e.r2.dev/2176910723137201.mp4
uploaded         930978979314227 c0  (video) ← 930978979314227.mp4  → https://pub-893b4a6a607b4221a894bf861da7914e.r2.dev/930978979314227.mp4
carried-forward  1868096310508725 c0  → https://pub-893b4a6a607b4221a894bf861da7914e.r2.dev/1868096310508725.mp4
carried-forward  1293551286094512 c0  → https://pub-893b4a6a607b4221a894bf861da7914e.r2.dev/1293551286094512.mp4
uploaded         793707373767953 c0  (video) ← 793707373767953.mp4  → https://pub-893b4a6a607b4221a894bf861da7914e.r2.dev/793707373767953.mp4
uploaded         1313737617168135 c0  (video) ← 1313737617168135.mp4  → https://pub-893b4a6a607b4221a894bf861da7914e.r2.dev/1313737617168135.mp4
uploaded         1444829160737791 c0  (video) ← 1444829160737791.mp4  → https://pub-893b4a6a607b4221a894bf861da7914e.r2.dev/1444829160737791.mp4
carried-forward  2177297459794723 c0  → https://pub-893b4a6a607b4221a894bf861da7914e.r2.dev/2177297459794723.mp4
uploaded         1745864269936230 c0  (video) ← 1745864269936230.mp4  → https://pub-893b4a6a607b4221a894bf861da7914e.r2.dev/1745864269936230.mp4
carried-forward  1419054459866080 c0  → https://pub-893b4a6a607b4221a894bf861da7914e.r2.dev/1419054459866080.mp4
uploaded         1287989799832621 c0  (video) ← 1287989799832621.mp4  → https://pub-893b4a6a607b4221a894bf861da7914e.r2.dev/1287989799832621.mp4
carried-forward  1905133330090659 c0  → https://pub-893b4a6a607b4221a894bf861da7914e.r2.dev/1905133330090659.mp4
carried-forward  1502392968556177 c0  → https://pub-893b4a6a607b4221a894bf861da7914e.r2.dev/1502392968556177.mp4
uploaded         2068537100706954 c0  (video) ← 2068537100706954.mp4  → https://pub-893b4a6a607b4221a894bf861da7914e.r2.dev/2068537100706954.mp4
carried-forward  3626263604197475 c0  → https://pub-893b4a6a607b4221a894bf861da7914e.r2.dev/3626263604197475.mp4
uploaded         1515600932903698 c0  (video) ← 1515600932903698.mp4  → https://pub-893b4a6a607b4221a894bf861da7914e.r2.dev/1515600932903698.mp4
uploaded         1931093280893148 c0  (video) ← 1931093280893148.mp4  → https://pub-893b4a6a607b4221a894bf861da7914e.r2.dev/1931093280893148.mp4
uploaded         2054100855220143 c0  (video) ← 2054100855220143.mp4  → https://pub-893b4a6a607b4221a894bf861da7914e.r2.dev/2054100855220143.mp4
uploaded         1739631670407768 c0  (video) ← 1739631670407768.mp4  → https://pub-893b4a6a607b4221a894bf861da7914e.r2.dev/1739631670407768.mp4
uploaded         1031531226089216 c0  (video) ← 1031531226089216.mp4  → https://pub-893b4a6a607b4221a894bf861da7914e.r2.dev/1031531226089216.mp4
carried-forward  1251191153618197 c0  → https://pub-893b4a6a607b4221a894bf861da7914e.r2.dev/1251191153618197.mp4
carried-forward  1328658395567285 c0  → https://pub-893b4a6a607b4221a894bf861da7914e.r2.dev/1328658395567285.mp4
uploaded         1009528221868706 c0  (video) ← 1009528221868706.mp4  → https://pub-893b4a6a607b4221a894bf861da7914e.r2.dev/1009528221868706.mp4
uploaded         1810057157014936 c0  (video) ← 1810057157014936.mp4  → https://pub-893b4a6a607b4221a894bf861da7914e.r2.dev/1810057157014936.mp4
uploaded         1717388416075095 c0  (video) ← 1717388416075095.mp4  → https://pub-893b4a6a607b4221a894bf861da7914e.r2.dev/1717388416075095.mp4
uploaded         1340434024877403 c0  (video) ← 1340434024877403.mp4  → https://pub-893b4a6a607b4221a894bf861da7914e.r2.dev/1340434024877403.mp4
carried-forward  1487760063112866 c0  → https://pub-893b4a6a607b4221a894bf861da7914e.r2.dev/1487760063112866.mp4
carried-forward  1430826552137036 c0  → https://pub-893b4a6a607b4221a894bf861da7914e.r2.dev/1430826552137036.mp4
carried-forward  1717353739307487 c0  → https://pub-893b4a6a607b4221a894bf861da7914e.r2.dev/1717353739307487.mp4
uploaded         1061540989562521 c0  (video) ← 1061540989562521.mp4  → https://pub-893b4a6a607b4221a894bf861da7914e.r2.dev/1061540989562521.mp4
uploaded         1565807881568576 c0  (video) ← 1565807881568576.mp4  → https://pub-893b4a6a607b4221a894bf861da7914e.r2.dev/1565807881568576.mp4
uploaded         2258281471634852 c0  (video) ← 2258281471634852.mp4  → https://pub-893b4a6a607b4221a894bf861da7914e.r2.dev/2258281471634852.mp4
uploaded         1012703408207169 c0  (video) ← 1012703408207169.mp4  → https://pub-893b4a6a607b4221a894bf861da7914e.r2.dev/1012703408207169.mp4
carried-forward  2015119902365104 c0  → https://pub-893b4a6a607b4221a894bf861da7914e.r2.dev/2015119902365104.mp4
uploaded         1704291267490365 c0  (video) ← 1704291267490365.mp4  → https://pub-893b4a6a607b4221a894bf861da7914e.r2.dev/1704291267490365.mp4
video-missing    1704291267490365 c0  (expected file not found in facebook/videos/english-seekho-2026-07-14)
uploaded         1352788519516162 c0  (video) ← 1352788519516162.mp4  → https://pub-893b4a6a607b4221a894bf861da7914e.r2.dev/1352788519516162.mp4
uploaded         2537149716745258 c0  (video) ← 2537149716745258.mp4  → https://pub-893b4a6a607b4221a894bf861da7914e.r2.dev/2537149716745258.mp4
uploaded         2595327140898453 c0  (video) ← 2595327140898453.mp4  → https://pub-893b4a6a607b4221a894bf861da7914e.r2.dev/2595327140898453.mp4
uploaded         1056429343493402 c0  (video) ← 1056429343493402.mp4  → https://pub-893b4a6a607b4221a894bf861da7914e.r2.dev/1056429343493402.mp4
uploaded         1059537777024370 c0  (video) ← 1059537777024370.mp4  → https://pub-893b4a6a607b4221a894bf861da7914e.r2.dev/1059537777024370.mp4
uploaded         1293827666165495 c0  (video) ← 1293827666165495.mp4  → https://pub-893b4a6a607b4221a894bf861da7914e.r2.dev/1293827666165495.mp4
carried-forward  608640915677208 c0  → https://pub-893b4a6a607b4221a894bf861da7914e.r2.dev/608640915677208.mp4
carried-forward  25537890735891271 c0  → https://pub-893b4a6a607b4221a894bf861da7914e.r2.dev/25537890735891271.mp4
carried-forward  1043064638448992 c0  → https://pub-893b4a6a607b4221a894bf861da7914e.r2.dev/1043064638448992.mp4
uploaded         1037872805639068 c0  (video) ← 1037872805639068.mp4  → https://pub-893b4a6a607b4221a894bf861da7914e.r2.dev/1037872805639068.mp4
carried-forward  1229348518532340 c0  → https://pub-893b4a6a607b4221a894bf861da7914e.r2.dev/1229348518532340.mp4
carried-forward  1054948106795031 c0  → https://pub-893b4a6a607b4221a894bf861da7914e.r2.dev/1054948106795031.mp4
carried-forward  1500551291812263 c0  → https://pub-893b4a6a607b4221a894bf861da7914e.r2.dev/1500551291812263.mp4
uploaded         1847817999998577 c0  (video) ← 1847817999998577.mp4  → https://pub-893b4a6a607b4221a894bf861da7914e.r2.dev/1847817999998577.mp4
carried-forward  1442957451208825 c0  → https://pub-893b4a6a607b4221a894bf861da7914e.r2.dev/1442957451208825.mp4
carried-forward  3887006608101122 c0  → https://pub-893b4a6a607b4221a894bf861da7914e.r2.dev/3887006608101122.mp4
uploaded         1331365655861588 c0  (video) ← 1331365655861588.mp4  → https://pub-893b4a6a607b4221a894bf861da7914e.r2.dev/1331365655861588.mp4
uploaded         998739062972272 c0  (video) ← 998739062972272.mp4  → https://pub-893b4a6a607b4221a894bf861da7914e.r2.dev/998739062972272.mp4
carried-forward  890589943792591 c0  → https://pub-893b4a6a607b4221a894bf861da7914e.r2.dev/890589943792591.mp4
uploaded         1604129838162515 c0  (video) ← 1604129838162515.mp4  → https://pub-893b4a6a607b4221a894bf861da7914e.r2.dev/1604129838162515.mp4
carried-forward  1495786361811102 c0  → https://pub-893b4a6a607b4221a894bf861da7914e.r2.dev/1495786361811102.mp4
uploaded         1824283135203732 c0  (video) ← 1824283135203732.mp4  → https://pub-893b4a6a607b4221a894bf861da7914e.r2.dev/1824283135203732.mp4
uploaded         988922544203566 c0  (video) ← 988922544203566.mp4  → https://pub-893b4a6a607b4221a894bf861da7914e.r2.dev/988922544203566.mp4
carried-forward  1224227439081919 c0  → https://pub-893b4a6a607b4221a894bf861da7914e.r2.dev/1224227439081919.mp4
carried-forward  884294820955142 c0  → https://pub-893b4a6a607b4221a894bf861da7914e.r2.dev/884294820955142.mp4
video-missing    884294820955142 c0  (expected file not found in facebook/videos/english-seekho-2026-07-14)
carried-forward  874940122070171 c0  → https://pub-893b4a6a607b4221a894bf861da7914e.r2.dev/874940122070171.mp4
carried-forward  1559841751931772 c0  → https://pub-893b4a6a607b4221a894bf861da7914e.r2.dev/1559841751931772.mp4
carried-forward  840752642285554 c0  → https://pub-893b4a6a607b4221a894bf861da7914e.r2.dev/840752642285554.mp4
uploaded         960727840353629 c0  (video) ← 960727840353629.mp4  → https://pub-893b4a6a607b4221a894bf861da7914e.r2.dev/960727840353629.mp4
uploaded         2222949158472368 c0  (video) ← 2222949158472368.mp4  → https://pub-893b4a6a607b4221a894bf861da7914e.r2.dev/2222949158472368.mp4
carried-forward  1629378638162959 c0  → https://pub-893b4a6a607b4221a894bf861da7914e.r2.dev/1629378638162959.mp4
uploaded         1008106005349845 c0  (video) ← 1008106005349845.mp4  → https://pub-893b4a6a607b4221a894bf861da7914e.r2.dev/1008106005349845.mp4
uploaded         1969791850635040 c0  (video) ← 1969791850635040.mp4  → https://pub-893b4a6a607b4221a894bf861da7914e.r2.dev/1969791850635040.mp4
carried-forward  1945996112929486 c0  → https://pub-893b4a6a607b4221a894bf861da7914e.r2.dev/1945996112929486.mp4
carried-forward  26372603382322992 c0  → https://pub-893b4a6a607b4221a894bf861da7914e.r2.dev/26372603382322992.mp4
uploaded         1920613208531568 c0  (video) ← 1920613208531568.mp4  → https://pub-893b4a6a607b4221a894bf861da7914e.r2.dev/1920613208531568.mp4
uploaded         1071527738882071 c0  (video) ← 1071527738882071.mp4  → https://pub-893b4a6a607b4221a894bf861da7914e.r2.dev/1071527738882071.mp4
carried-forward  1304625014817778 c0  → https://pub-893b4a6a607b4221a894bf861da7914e.r2.dev/1304625014817778.mp4
video-missing    1304625014817778 c0  (expected file not found in facebook/videos/english-seekho-2026-07-14)
carried-forward  1509527853448376 c0  → https://pub-893b4a6a607b4221a894bf861da7914e.r2.dev/1509527853448376.mp4
carried-forward  5195950473963815 c0  → https://pub-893b4a6a607b4221a894bf861da7914e.r2.dev/5195950473963815.mp4
uploaded         1046878434962303 c0  (video) ← 1046878434962303.mp4  → https://pub-893b4a6a607b4221a894bf861da7914e.r2.dev/1046878434962303.mp4
uploaded         1425717872724026 c0  (video) ← 1425717872724026.mp4  → https://pub-893b4a6a607b4221a894bf861da7914e.r2.dev/1425717872724026.mp4
carried-forward  2442698549586664 c0  → https://pub-893b4a6a607b4221a894bf861da7914e.r2.dev/2442698549586664.mp4
carried-forward  1870547757684074 c0  → https://pub-893b4a6a607b4221a894bf861da7914e.r2.dev/1870547757684074.mp4
uploaded         28195721820014202 c0  (video) ← 28195721820014202.mp4  → https://pub-893b4a6a607b4221a894bf861da7914e.r2.dev/28195721820014202.mp4
uploaded         873214535436666 c0  (video) ← 873214535436666.mp4  → https://pub-893b4a6a607b4221a894bf861da7914e.r2.dev/873214535436666.mp4
uploaded         1682691146292247 c0  (video) ← 1682691146292247.mp4  → https://pub-893b4a6a607b4221a894bf861da7914e.r2.dev/1682691146292247.mp4
carried-forward  1427103212256894 c0  → https://pub-893b4a6a607b4221a894bf861da7914e.r2.dev/1427103212256894.mp4
carried-forward  1666152167999287 c0  → https://pub-893b4a6a607b4221a894bf861da7914e.r2.dev/1666152167999287.mp4
uploaded         1020146730995444 c0  (video) ← 1020146730995444.mp4  → https://pub-893b4a6a607b4221a894bf861da7914e.r2.dev/1020146730995444.mp4
uploaded         1734107907714324 c0  (video) ← 1734107907714324.mp4  → https://pub-893b4a6a607b4221a894bf861da7914e.r2.dev/1734107907714324.mp4
uploaded         1742489680240599 c0  (video) ← 1742489680240599.mp4  → https://pub-893b4a6a607b4221a894bf861da7914e.r2.dev/1742489680240599.mp4
carried-forward  1570346344755878 c0  → https://pub-893b4a6a607b4221a894bf861da7914e.r2.dev/1570346344755878.mp4
uploaded         1014509124735276 c0  (video) ← 1014509124735276.mp4  → https://pub-893b4a6a607b4221a894bf861da7914e.r2.dev/1014509124735276.mp4
uploaded         1311396537731302 c0  (video) ← 1311396537731302.mp4  → https://pub-893b4a6a607b4221a894bf861da7914e.r2.dev/1311396537731302.mp4
uploaded         1733004074363433 c0  (video) ← 1733004074363433.mp4  → https://pub-893b4a6a607b4221a894bf861da7914e.r2.dev/1733004074363433.mp4
uploaded         1036657252174211 c0  (video) ← 1036657252174211.mp4  → https://pub-893b4a6a607b4221a894bf861da7914e.r2.dev/1036657252174211.mp4
carried-forward  2253030498553449 c0  → https://pub-893b4a6a607b4221a894bf861da7914e.r2.dev/2253030498553449.mp4
uploaded         1725650925438907 c0  (video) ← 1725650925438907.mp4  → https://pub-893b4a6a607b4221a894bf861da7914e.r2.dev/1725650925438907.mp4
uploaded         1061696826543588 c0  (video) ← 1061696826543588.mp4  → https://pub-893b4a6a607b4221a894bf861da7914e.r2.dev/1061696826543588.mp4
uploaded         2279770456088838 c0  (video) ← 2279770456088838.mp4  → https://pub-893b4a6a607b4221a894bf861da7914e.r2.dev/2279770456088838.mp4
uploaded         1412698370701150 c0  (video) ← 1412698370701150.mp4  → https://pub-893b4a6a607b4221a894bf861da7914e.r2.dev/1412698370701150.mp4
uploaded         4009106065886527 c0  (video) ← 4009106065886527.mp4  → https://pub-893b4a6a607b4221a894bf861da7914e.r2.dev/4009106065886527.mp4
uploaded         836490279395599 c0  (video) ← 836490279395599.mp4  → https://pub-893b4a6a607b4221a894bf861da7914e.r2.dev/836490279395599.mp4
carried-forward  958304950573263 c0  → https://pub-893b4a6a607b4221a894bf861da7914e.r2.dev/958304950573263.mp4
video-missing    958304950573263 c0  (expected file not found in facebook/videos/english-seekho-2026-07-14)
uploaded         2968400796824595 c0  (video) ← 2968400796824595.mp4  → https://pub-893b4a6a607b4221a894bf861da7914e.r2.dev/2968400796824595.mp4
carried-forward  805915929154160 c0  → https://pub-893b4a6a607b4221a894bf861da7914e.r2.dev/805915929154160.mp4
uploaded         1742019576980927 c0  (video) ← 1742019576980927.mp4  → https://pub-893b4a6a607b4221a894bf861da7914e.r2.dev/1742019576980927.mp4
uploaded         2783827065331265 c0  (video) ← 2783827065331265.mp4  → https://pub-893b4a6a607b4221a894bf861da7914e.r2.dev/2783827065331265.mp4
carried-forward  1873195333560021 c0  → https://pub-893b4a6a607b4221a894bf861da7914e.r2.dev/1873195333560021.mp4
uploaded         2126963031194458 c0  (video) ← 2126963031194458.mp4  → https://pub-893b4a6a607b4221a894bf861da7914e.r2.dev/2126963031194458.mp4
carried-forward  4494541497481925 c0  → https://pub-893b4a6a607b4221a894bf861da7914e.r2.dev/4494541497481925.mp4
carried-forward  861154453569534 c0  → https://pub-893b4a6a607b4221a894bf861da7914e.r2.dev/861154453569534.mp4
carried-forward  902496572123981 c0  → https://pub-893b4a6a607b4221a894bf861da7914e.r2.dev/902496572123981.mp4
uploaded         4393675984218411 c0  (video) ← 4393675984218411.mp4  → https://pub-893b4a6a607b4221a894bf861da7914e.r2.dev/4393675984218411.mp4
uploaded         1761727981907925 c0  (video) ← 1761727981907925.mp4  → https://pub-893b4a6a607b4221a894bf861da7914e.r2.dev/1761727981907925.mp4
carried-forward  1302125191954780 c0  → https://pub-893b4a6a607b4221a894bf861da7914e.r2.dev/1302125191954780.mp4
uploaded         2560261371075903 c0  (video) ← 2560261371075903.mp4  → https://pub-893b4a6a607b4221a894bf861da7914e.r2.dev/2560261371075903.mp4
video-missing    2560261371075903 c0  (expected file not found in facebook/videos/english-seekho-2026-07-14)
carried-forward  1433011138873457 c0  → https://pub-893b4a6a607b4221a894bf861da7914e.r2.dev/1433011138873457.mp4
uploaded         2838334183231817 c0  (video) ← 2838334183231817.mp4  → https://pub-893b4a6a607b4221a894bf861da7914e.r2.dev/2838334183231817.mp4
uploaded         1013485385003583 c0  (video) ← 1013485385003583.mp4  → https://pub-893b4a6a607b4221a894bf861da7914e.r2.dev/1013485385003583.mp4
uploaded         1565937038309592 c0  (video) ← 1565937038309592.mp4  → https://pub-893b4a6a607b4221a894bf861da7914e.r2.dev/1565937038309592.mp4
carried-forward  2017725382451838 c0  → https://pub-893b4a6a607b4221a894bf861da7914e.r2.dev/2017725382451838.mp4
carried-forward  2017910682445150 c0  → https://pub-893b4a6a607b4221a894bf861da7914e.r2.dev/2017910682445150.mp4
uploaded         1053002787067367 c0  (video) ← 1053002787067367.mp4  → https://pub-893b4a6a607b4221a894bf861da7914e.r2.dev/1053002787067367.mp4
uploaded         854721190814202 c0  (video) ← 854721190814202.mp4  → https://pub-893b4a6a607b4221a894bf861da7914e.r2.dev/854721190814202.mp4
uploaded         1544801487174556 c0  (video) ← 1544801487174556.mp4  → https://pub-893b4a6a607b4221a894bf861da7914e.r2.dev/1544801487174556.mp4
uploaded         1665848394526956 c0  (video) ← 1665848394526956.mp4  → https://pub-893b4a6a607b4221a894bf861da7914e.r2.dev/1665848394526956.mp4
uploaded         1683910802841691 c0  (video) ← 1683910802841691.mp4  → https://pub-893b4a6a607b4221a894bf861da7914e.r2.dev/1683910802841691.mp4
uploaded         1586782463111471 c0  (video) ← 1586782463111471.mp4  → https://pub-893b4a6a607b4221a894bf861da7914e.r2.dev/1586782463111471.mp4
uploaded         1536710361481156 c0  (video) ← 1536710361481156.mp4  → https://pub-893b4a6a607b4221a894bf861da7914e.r2.dev/1536710361481156.mp4
uploaded         1058253746697710 c0  (video) ← 1058253746697710.mp4  → https://pub-893b4a6a607b4221a894bf861da7914e.r2.dev/1058253746697710.mp4
uploaded         1531115032034841 c0  (video) ← 1531115032034841.mp4  → https://pub-893b4a6a607b4221a894bf861da7914e.r2.dev/1531115032034841.mp4
carried-forward  1023850853354102 c0  → https://pub-893b4a6a607b4221a894bf861da7914e.r2.dev/1023850853354102.mp4
uploaded         864871533035524 c0  (video) ← 864871533035524.mp4  → https://pub-893b4a6a607b4221a894bf861da7914e.r2.dev/864871533035524.mp4
uploaded         1040431415046669 c0  (video) ← 1040431415046669.mp4  → https://pub-893b4a6a607b4221a894bf861da7914e.r2.dev/1040431415046669.mp4
carried-forward  1566660068511123 c0  → https://pub-893b4a6a607b4221a894bf861da7914e.r2.dev/1566660068511123.mp4
video-missing    1566660068511123 c0  (expected file not found in facebook/videos/english-seekho-2026-07-14)
uploaded         2089299321668031 c0  (video) ← 2089299321668031.mp4  → https://pub-893b4a6a607b4221a894bf861da7914e.r2.dev/2089299321668031.mp4
uploaded         1811564583542601 c0  (video) ← 1811564583542601.mp4  → https://pub-893b4a6a607b4221a894bf861da7914e.r2.dev/1811564583542601.mp4
carried-forward  1557928316052104 c0  → https://pub-893b4a6a607b4221a894bf861da7914e.r2.dev/1557928316052104.mp4
carried-forward  27378628308497193 c0  → https://pub-893b4a6a607b4221a894bf861da7914e.r2.dev/27378628308497193.mp4
uploaded         999992162951757 c0  (video) ← 999992162951757.mp4  → https://pub-893b4a6a607b4221a894bf861da7914e.r2.dev/999992162951757.mp4
uploaded         1037277408776169 c0  (video) ← 1037277408776169.mp4  → https://pub-893b4a6a607b4221a894bf861da7914e.r2.dev/1037277408776169.mp4
