# Step 3 run log
# competitor : english-seekho
# started_at : 2026-07-20T06:43:45
# input      : facebook/inputs/fb-ads-english-seekho-2026-07-20-0631.csv
# videos     : facebook/videos/english-seekho-2026-07-20
# master     : facebook/master/english-seekho.csv  (updated)
# enriched   : facebook/inputs/fb-ads-english-seekho-2026-07-20-0631_enriched.csv
# bucket     : video-ads
# public_base: https://pub-893b4a6a607b4221a894bf861da7914e.r2.dev
# dry_run    : False
#
# counts     : {'uploaded': 91, 'carried-forward': 167, 'image-pending': 0, 'video-missing': 32, 'no-creative': 0, 'error': 0}
#
carried-forward  985533387662266 c0  → https://pub-893b4a6a607b4221a894bf861da7914e.r2.dev/985533387662266.mp4
carried-forward  873021038754328 c0  → https://pub-893b4a6a607b4221a894bf861da7914e.r2.dev/873021038754328.mp4
carried-forward  1054074483851039 c0  → https://pub-893b4a6a607b4221a894bf861da7914e.r2.dev/1054074483851039.mp4
carried-forward  1366714225383108 c0  → https://pub-893b4a6a607b4221a894bf861da7914e.r2.dev/1366714225383108.mp4
carried-forward  1064443136246118 c0  → https://pub-893b4a6a607b4221a894bf861da7914e.r2.dev/1064443136246118.mp4
carried-forward  1340768337559606 c0  → https://pub-893b4a6a607b4221a894bf861da7914e.r2.dev/1340768337559606.mp4
carried-forward  1342745497312585 c0  → https://pub-893b4a6a607b4221a894bf861da7914e.r2.dev/1342745497312585.mp4
video-missing    1342745497312585 c0  (expected file not found in facebook/videos/english-seekho-2026-07-20)
carried-forward  1013023587804896 c0  → https://pub-893b4a6a607b4221a894bf861da7914e.r2.dev/1013023587804896.mp4
carried-forward  916813304778792 c0  → https://pub-893b4a6a607b4221a894bf861da7914e.r2.dev/916813304778792.mp4
carried-forward  1042747258515987 c0  → https://pub-893b4a6a607b4221a894bf861da7914e.r2.dev/1042747258515987.mp4
video-missing    1042747258515987 c0  (expected file not found in facebook/videos/english-seekho-2026-07-20)
carried-forward  4325397697718293 c0  → https://pub-893b4a6a607b4221a894bf861da7914e.r2.dev/4325397697718293.mp4
video-missing    4325397697718293 c0  (expected file not found in facebook/videos/english-seekho-2026-07-20)
carried-forward  1566236988412994 c0  → https://pub-893b4a6a607b4221a894bf861da7914e.r2.dev/1566236988412994.mp4
carried-forward  992773516690548 c0  → https://pub-893b4a6a607b4221a894bf861da7914e.r2.dev/992773516690548.mp4
carried-forward  1065938595853390 c0  → https://pub-893b4a6a607b4221a894bf861da7914e.r2.dev/1065938595853390.mp4
carried-forward  2150762295466364 c0  → https://pub-893b4a6a607b4221a894bf861da7914e.r2.dev/2150762295466364.mp4
video-missing    2150762295466364 c0  (expected file not found in facebook/videos/english-seekho-2026-07-20)
carried-forward  27591341017143460 c0  → https://pub-893b4a6a607b4221a894bf861da7914e.r2.dev/27591341017143460.mp4
uploaded         4463057293969323 c0  (video) ← 4463057293969323.mp4  → https://pub-893b4a6a607b4221a894bf861da7914e.r2.dev/4463057293969323.mp4
video-missing    4463057293969323 c0  (expected file not found in facebook/videos/english-seekho-2026-07-20)
carried-forward  883414924661759 c0  → https://pub-893b4a6a607b4221a894bf861da7914e.r2.dev/883414924661759.mp4
carried-forward  1647889789617946 c0  → https://pub-893b4a6a607b4221a894bf861da7914e.r2.dev/1647889789617946.mp4
carried-forward  3817195031752697 c0  → https://pub-893b4a6a607b4221a894bf861da7914e.r2.dev/3817195031752697.mp4
video-missing    3817195031752697 c0  (expected file not found in facebook/videos/english-seekho-2026-07-20)
carried-forward  2152508018617561 c0  → https://pub-893b4a6a607b4221a894bf861da7914e.r2.dev/2152508018617561.mp4
carried-forward  1221246250088062 c0  → https://pub-893b4a6a607b4221a894bf861da7914e.r2.dev/1221246250088062.mp4
carried-forward  3215408225323914 c0  → https://pub-893b4a6a607b4221a894bf861da7914e.r2.dev/3215408225323914.mp4
video-missing    3215408225323914 c0  (expected file not found in facebook/videos/english-seekho-2026-07-20)
carried-forward  2091220321494038 c0  → https://pub-893b4a6a607b4221a894bf861da7914e.r2.dev/2091220321494038.mp4
carried-forward  1700880501155696 c0  → https://pub-893b4a6a607b4221a894bf861da7914e.r2.dev/1700880501155696.mp4
video-missing    1700880501155696 c0  (expected file not found in facebook/videos/english-seekho-2026-07-20)
carried-forward  1010706051970940 c0  → https://pub-893b4a6a607b4221a894bf861da7914e.r2.dev/1010706051970940.mp4
carried-forward  1014900067589638 c0  → https://pub-893b4a6a607b4221a894bf861da7914e.r2.dev/1014900067589638.mp4
carried-forward  2083809825577671 c0  → https://pub-893b4a6a607b4221a894bf861da7914e.r2.dev/2083809825577671.mp4
carried-forward  2210932513040298 c0  → https://pub-893b4a6a607b4221a894bf861da7914e.r2.dev/2210932513040298.mp4
carried-forward  1960061858003904 c0  → https://pub-893b4a6a607b4221a894bf861da7914e.r2.dev/1960061858003904.mp4
carried-forward  2201883133941569 c0  → https://pub-893b4a6a607b4221a894bf861da7914e.r2.dev/2201883133941569.mp4
carried-forward  2231013954313138 c0  → https://pub-893b4a6a607b4221a894bf861da7914e.r2.dev/2231013954313138.mp4
carried-forward  1193274679606735 c0  → https://pub-893b4a6a607b4221a894bf861da7914e.r2.dev/1193274679606735.mp4
video-missing    1193274679606735 c0  (expected file not found in facebook/videos/english-seekho-2026-07-20)
carried-forward  1223700476600723 c0  → https://pub-893b4a6a607b4221a894bf861da7914e.r2.dev/1223700476600723.mp4
carried-forward  1414490704064865 c0  → https://pub-893b4a6a607b4221a894bf861da7914e.r2.dev/1414490704064865.mp4
carried-forward  2250084872471619 c0  → https://pub-893b4a6a607b4221a894bf861da7914e.r2.dev/2250084872471619.mp4
carried-forward  2453287415158391 c0  → https://pub-893b4a6a607b4221a894bf861da7914e.r2.dev/2453287415158391.mp4
carried-forward  1767474411280268 c0  → https://pub-893b4a6a607b4221a894bf861da7914e.r2.dev/1767474411280268.mp4
carried-forward  1802176241149383 c0  → https://pub-893b4a6a607b4221a894bf861da7914e.r2.dev/1802176241149383.mp4
video-missing    1802176241149383 c0  (expected file not found in facebook/videos/english-seekho-2026-07-20)
carried-forward  988958730629564 c0  → https://pub-893b4a6a607b4221a894bf861da7914e.r2.dev/988958730629564.mp4
carried-forward  1684617299475868 c0  → https://pub-893b4a6a607b4221a894bf861da7914e.r2.dev/1684617299475868.mp4
video-missing    1684617299475868 c0  (expected file not found in facebook/videos/english-seekho-2026-07-20)
carried-forward  1641629937137441 c0  → https://pub-893b4a6a607b4221a894bf861da7914e.r2.dev/1641629937137441.mp4
carried-forward  1548699226788927 c0  → https://pub-893b4a6a607b4221a894bf861da7914e.r2.dev/1548699226788927.mp4
video-missing    1548699226788927 c0  (expected file not found in facebook/videos/english-seekho-2026-07-20)
carried-forward  1515389233401695 c0  → https://pub-893b4a6a607b4221a894bf861da7914e.r2.dev/1515389233401695.mp4
video-missing    1515389233401695 c0  (expected file not found in facebook/videos/english-seekho-2026-07-20)
carried-forward  1781211133045778 c0  → https://pub-893b4a6a607b4221a894bf861da7914e.r2.dev/1781211133045778.mp4
carried-forward  1478126110733286 c0  → https://pub-893b4a6a607b4221a894bf861da7914e.r2.dev/1478126110733286.mp4
carried-forward  4404859313114775 c0  → https://pub-893b4a6a607b4221a894bf861da7914e.r2.dev/4404859313114775.mp4
carried-forward  1808954107158548 c0  → https://pub-893b4a6a607b4221a894bf861da7914e.r2.dev/1808954107158548.mp4
carried-forward  1033037325739194 c0  → https://pub-893b4a6a607b4221a894bf861da7914e.r2.dev/1033037325739194.mp4
carried-forward  1380227164013437 c0  → https://pub-893b4a6a607b4221a894bf861da7914e.r2.dev/1380227164013437.mp4
carried-forward  1581331226744167 c0  → https://pub-893b4a6a607b4221a894bf861da7914e.r2.dev/1581331226744167.mp4
carried-forward  1961729674555213 c0  → https://pub-893b4a6a607b4221a894bf861da7914e.r2.dev/1961729674555213.mp4
carried-forward  1360454026018817 c0  → https://pub-893b4a6a607b4221a894bf861da7914e.r2.dev/1360454026018817.mp4
carried-forward  893703543799152 c0  → https://pub-893b4a6a607b4221a894bf861da7914e.r2.dev/893703543799152.mp4
video-missing    893703543799152 c0  (expected file not found in facebook/videos/english-seekho-2026-07-20)
carried-forward  1369951375034457 c0  → https://pub-893b4a6a607b4221a894bf861da7914e.r2.dev/1369951375034457.mp4
video-missing    1369951375034457 c0  (expected file not found in facebook/videos/english-seekho-2026-07-20)
carried-forward  1703849837598003 c0  → https://pub-893b4a6a607b4221a894bf861da7914e.r2.dev/1703849837598003.mp4
video-missing    1703849837598003 c0  (expected file not found in facebook/videos/english-seekho-2026-07-20)
carried-forward  1021299320653057 c0  → https://pub-893b4a6a607b4221a894bf861da7914e.r2.dev/1021299320653057.mp4
carried-forward  1647176899685316 c0  → https://pub-893b4a6a607b4221a894bf861da7914e.r2.dev/1647176899685316.mp4
carried-forward  3207304426108790 c0  → https://pub-893b4a6a607b4221a894bf861da7914e.r2.dev/3207304426108790.mp4
carried-forward  1217608480437639 c0  → https://pub-893b4a6a607b4221a894bf861da7914e.r2.dev/1217608480437639.mp4
carried-forward  1569302308257783 c0  → https://pub-893b4a6a607b4221a894bf861da7914e.r2.dev/1569302308257783.mp4
carried-forward  975696818620909 c0  → https://pub-893b4a6a607b4221a894bf861da7914e.r2.dev/975696818620909.mp4
carried-forward  2449267882206681 c0  → https://pub-893b4a6a607b4221a894bf861da7914e.r2.dev/2449267882206681.mp4
carried-forward  1032793555915493 c0  → https://pub-893b4a6a607b4221a894bf861da7914e.r2.dev/1032793555915493.mp4
carried-forward  889242263585010 c0  → https://pub-893b4a6a607b4221a894bf861da7914e.r2.dev/889242263585010.mp4
carried-forward  1103580098931885 c0  → https://pub-893b4a6a607b4221a894bf861da7914e.r2.dev/1103580098931885.mp4
carried-forward  1487760063112866 c0  → https://pub-893b4a6a607b4221a894bf861da7914e.r2.dev/1487760063112866.mp4
carried-forward  1364770528875699 c0  → https://pub-893b4a6a607b4221a894bf861da7914e.r2.dev/1364770528875699.mp4
video-missing    1364770528875699 c0  (expected file not found in facebook/videos/english-seekho-2026-07-20)
carried-forward  2538040990040598 c0  → https://pub-893b4a6a607b4221a894bf861da7914e.r2.dev/2538040990040598.mp4
carried-forward  1356443862481471 c0  → https://pub-893b4a6a607b4221a894bf861da7914e.r2.dev/1356443862481471.mp4
carried-forward  27781493381462000 c0  → https://pub-893b4a6a607b4221a894bf861da7914e.r2.dev/27781493381462000.mp4
video-missing    27781493381462000 c0  (expected file not found in facebook/videos/english-seekho-2026-07-20)
uploaded         1529445265593424 c0  (video) ← 1529445265593424.mp4  → https://pub-893b4a6a607b4221a894bf861da7914e.r2.dev/1529445265593424.mp4
video-missing    1529445265593424 c0  (expected file not found in facebook/videos/english-seekho-2026-07-20)
carried-forward  2086474589415548 c0  → https://pub-893b4a6a607b4221a894bf861da7914e.r2.dev/2086474589415548.mp4
carried-forward  2037768870280868 c0  → https://pub-893b4a6a607b4221a894bf861da7914e.r2.dev/2037768870280868.mp4
carried-forward  1579060110306222 c0  → https://pub-893b4a6a607b4221a894bf861da7914e.r2.dev/1579060110306222.mp4
carried-forward  5201427430083462 c0  → https://pub-893b4a6a607b4221a894bf861da7914e.r2.dev/5201427430083462.mp4
carried-forward  2069551497104811 c0  → https://pub-893b4a6a607b4221a894bf861da7914e.r2.dev/2069551497104811.mp4
carried-forward  2289892785083094 c0  → https://pub-893b4a6a607b4221a894bf861da7914e.r2.dev/2289892785083094.mp4
carried-forward  1522254569489888 c0  → https://pub-893b4a6a607b4221a894bf861da7914e.r2.dev/1522254569489888.mp4
carried-forward  1485257069470905 c0  → https://pub-893b4a6a607b4221a894bf861da7914e.r2.dev/1485257069470905.mp4
carried-forward  2911781465840699 c0  → https://pub-893b4a6a607b4221a894bf861da7914e.r2.dev/2911781465840699.mp4
carried-forward  1001931542652100 c0  → https://pub-893b4a6a607b4221a894bf861da7914e.r2.dev/1001931542652100.mp4
carried-forward  1360549895753796 c0  → https://pub-893b4a6a607b4221a894bf861da7914e.r2.dev/1360549895753796.mp4
carried-forward  2340160886791390 c0  → https://pub-893b4a6a607b4221a894bf861da7914e.r2.dev/2340160886791390.mp4
video-missing    2340160886791390 c0  (expected file not found in facebook/videos/english-seekho-2026-07-20)
carried-forward  1548158910275403 c0  → https://pub-893b4a6a607b4221a894bf861da7914e.r2.dev/1548158910275403.mp4
carried-forward  3098326293684794 c0  → https://pub-893b4a6a607b4221a894bf861da7914e.r2.dev/3098326293684794.mp4
carried-forward  1577673830585178 c0  → https://pub-893b4a6a607b4221a894bf861da7914e.r2.dev/1577673830585178.mp4
video-missing    1577673830585178 c0  (expected file not found in facebook/videos/english-seekho-2026-07-20)
carried-forward  28740456275544709 c0  → https://pub-893b4a6a607b4221a894bf861da7914e.r2.dev/28740456275544709.mp4
carried-forward  1189008763391276 c0  → https://pub-893b4a6a607b4221a894bf861da7914e.r2.dev/1189008763391276.mp4
carried-forward  1717353739307487 c0  → https://pub-893b4a6a607b4221a894bf861da7914e.r2.dev/1717353739307487.mp4
carried-forward  3887006608101122 c0  → https://pub-893b4a6a607b4221a894bf861da7914e.r2.dev/3887006608101122.mp4
carried-forward  1058989673456910 c0  → https://pub-893b4a6a607b4221a894bf861da7914e.r2.dev/1058989673456910.mp4
carried-forward  2560261371075903 c0  → https://pub-893b4a6a607b4221a894bf861da7914e.r2.dev/2560261371075903.mp4
video-missing    2560261371075903 c0  (expected file not found in facebook/videos/english-seekho-2026-07-20)
uploaded         1072852741972341 c0  (video) ← 1072852741972341.mp4  → https://pub-893b4a6a607b4221a894bf861da7914e.r2.dev/1072852741972341.mp4
video-missing    1072852741972341 c0  (expected file not found in facebook/videos/english-seekho-2026-07-20)
carried-forward  1676468556901406 c0  → https://pub-893b4a6a607b4221a894bf861da7914e.r2.dev/1676468556901406.mp4
carried-forward  1013834224460527 c0  → https://pub-893b4a6a607b4221a894bf861da7914e.r2.dev/1013834224460527.mp4
carried-forward  922682520699920 c0  → https://pub-893b4a6a607b4221a894bf861da7914e.r2.dev/922682520699920.mp4
carried-forward  2491978981265778 c0  → https://pub-893b4a6a607b4221a894bf861da7914e.r2.dev/2491978981265778.mp4
carried-forward  989043553899179 c0  → https://pub-893b4a6a607b4221a894bf861da7914e.r2.dev/989043553899179.mp4
carried-forward  767456879118205 c0  → https://pub-893b4a6a607b4221a894bf861da7914e.r2.dev/767456879118205.mp4
carried-forward  1558750499203337 c0  → https://pub-893b4a6a607b4221a894bf861da7914e.r2.dev/1558750499203337.mp4
carried-forward  1690364325606787 c0  → https://pub-893b4a6a607b4221a894bf861da7914e.r2.dev/1690364325606787.mp4
carried-forward  1908450636707359 c0  → https://pub-893b4a6a607b4221a894bf861da7914e.r2.dev/1908450636707359.mp4
carried-forward  2674686452896226 c0  → https://pub-893b4a6a607b4221a894bf861da7914e.r2.dev/2674686452896226.mp4
carried-forward  1433011138873457 c0  → https://pub-893b4a6a607b4221a894bf861da7914e.r2.dev/1433011138873457.mp4
carried-forward  1501154984318432 c0  → https://pub-893b4a6a607b4221a894bf861da7914e.r2.dev/1501154984318432.mp4
carried-forward  2897063927297818 c0  → https://pub-893b4a6a607b4221a894bf861da7914e.r2.dev/2897063927297818.mp4
video-missing    2897063927297818 c0  (expected file not found in facebook/videos/english-seekho-2026-07-20)
carried-forward  1740293920540298 c0  → https://pub-893b4a6a607b4221a894bf861da7914e.r2.dev/1740293920540298.mp4
video-missing    1740293920540298 c0  (expected file not found in facebook/videos/english-seekho-2026-07-20)
uploaded         1538459244490621 c0  (video) ← 1538459244490621.mp4  → https://pub-893b4a6a607b4221a894bf861da7914e.r2.dev/1538459244490621.mp4
uploaded         1460715142894901 c0  (video) ← 1460715142894901.mp4  → https://pub-893b4a6a607b4221a894bf861da7914e.r2.dev/1460715142894901.mp4
carried-forward  1476645587385501 c0  → https://pub-893b4a6a607b4221a894bf861da7914e.r2.dev/1476645587385501.mp4
carried-forward  1244507290916309 c0  → https://pub-893b4a6a607b4221a894bf861da7914e.r2.dev/1244507290916309.mp4
uploaded         1464960648772998 c0  (video) ← 1464960648772998.mp4  → https://pub-893b4a6a607b4221a894bf861da7914e.r2.dev/1464960648772998.mp4
uploaded         1075908404879164 c0  (video) ← 1075908404879164.mp4  → https://pub-893b4a6a607b4221a894bf861da7914e.r2.dev/1075908404879164.mp4
uploaded         1926283354679371 c0  (video) ← 1926283354679371.mp4  → https://pub-893b4a6a607b4221a894bf861da7914e.r2.dev/1926283354679371.mp4
carried-forward  1210251577301882 c0  → https://pub-893b4a6a607b4221a894bf861da7914e.r2.dev/1210251577301882.mp4
carried-forward  4379825375635044 c0  → https://pub-893b4a6a607b4221a894bf861da7914e.r2.dev/4379825375635044.mp4
carried-forward  1798711957512384 c0  → https://pub-893b4a6a607b4221a894bf861da7914e.r2.dev/1798711957512384.mp4
carried-forward  1116123194536720 c0  → https://pub-893b4a6a607b4221a894bf861da7914e.r2.dev/1116123194536720.mp4
carried-forward  1662559071716567 c0  → https://pub-893b4a6a607b4221a894bf861da7914e.r2.dev/1662559071716567.mp4
video-missing    1662559071716567 c0  (expected file not found in facebook/videos/english-seekho-2026-07-20)
carried-forward  1217329830515440 c0  → https://pub-893b4a6a607b4221a894bf861da7914e.r2.dev/1217329830515440.mp4
uploaded         1355076273269755 c0  (video) ← 1355076273269755.mp4  → https://pub-893b4a6a607b4221a894bf861da7914e.r2.dev/1355076273269755.mp4
carried-forward  28501591809427557 c0  → https://pub-893b4a6a607b4221a894bf861da7914e.r2.dev/28501591809427557.mp4
carried-forward  769511858914323 c0  → https://pub-893b4a6a607b4221a894bf861da7914e.r2.dev/769511858914323.mp4
carried-forward  2176910723137201 c0  → https://pub-893b4a6a607b4221a894bf861da7914e.r2.dev/2176910723137201.mp4
carried-forward  1868096310508725 c0  → https://pub-893b4a6a607b4221a894bf861da7914e.r2.dev/1868096310508725.mp4
uploaded         1461524802665818 c0  (video) ← 1461524802665818.mp4  → https://pub-893b4a6a607b4221a894bf861da7914e.r2.dev/1461524802665818.mp4
carried-forward  1293551286094512 c0  → https://pub-893b4a6a607b4221a894bf861da7914e.r2.dev/1293551286094512.mp4
carried-forward  1351311536406038 c0  → https://pub-893b4a6a607b4221a894bf861da7914e.r2.dev/1351311536406038.mp4
carried-forward  1419054459866080 c0  → https://pub-893b4a6a607b4221a894bf861da7914e.r2.dev/1419054459866080.mp4
carried-forward  1905133330090659 c0  → https://pub-893b4a6a607b4221a894bf861da7914e.r2.dev/1905133330090659.mp4
carried-forward  1545195047093296 c0  → https://pub-893b4a6a607b4221a894bf861da7914e.r2.dev/1545195047093296.mp4
video-missing    1545195047093296 c0  (expected file not found in facebook/videos/english-seekho-2026-07-20)
carried-forward  1502392968556177 c0  → https://pub-893b4a6a607b4221a894bf861da7914e.r2.dev/1502392968556177.mp4
carried-forward  1029180789713678 c0  → https://pub-893b4a6a607b4221a894bf861da7914e.r2.dev/1029180789713678.mp4
uploaded         1624973612669738 c0  (video) ← 1624973612669738.mp4  → https://pub-893b4a6a607b4221a894bf861da7914e.r2.dev/1624973612669738.mp4
uploaded         2491232341320020 c0  (video) ← 2491232341320020.mp4  → https://pub-893b4a6a607b4221a894bf861da7914e.r2.dev/2491232341320020.mp4
carried-forward  1251191153618197 c0  → https://pub-893b4a6a607b4221a894bf861da7914e.r2.dev/1251191153618197.mp4
carried-forward  2442698549586664 c0  → https://pub-893b4a6a607b4221a894bf861da7914e.r2.dev/2442698549586664.mp4
carried-forward  25537890735891271 c0  → https://pub-893b4a6a607b4221a894bf861da7914e.r2.dev/25537890735891271.mp4
carried-forward  1430826552137036 c0  → https://pub-893b4a6a607b4221a894bf861da7914e.r2.dev/1430826552137036.mp4
uploaded         2325452524528665 c0  (video) ← 2325452524528665.mp4  → https://pub-893b4a6a607b4221a894bf861da7914e.r2.dev/2325452524528665.mp4
uploaded         28125320853741955 c0  (video) ← 28125320853741955.mp4  → https://pub-893b4a6a607b4221a894bf861da7914e.r2.dev/28125320853741955.mp4
uploaded         1301803631801606 c0  (video) ← 1301803631801606.mp4  → https://pub-893b4a6a607b4221a894bf861da7914e.r2.dev/1301803631801606.mp4
uploaded         2867812983563272 c0  (video) ← 2867812983563272.mp4  → https://pub-893b4a6a607b4221a894bf861da7914e.r2.dev/2867812983563272.mp4
carried-forward  2015119902365104 c0  → https://pub-893b4a6a607b4221a894bf861da7914e.r2.dev/2015119902365104.mp4
uploaded         992613360483243 c0  (video) ← 992613360483243.mp4  → https://pub-893b4a6a607b4221a894bf861da7914e.r2.dev/992613360483243.mp4
uploaded         1044744307945374 c0  (video) ← 1044744307945374.mp4  → https://pub-893b4a6a607b4221a894bf861da7914e.r2.dev/1044744307945374.mp4
carried-forward  1500551291812263 c0  → https://pub-893b4a6a607b4221a894bf861da7914e.r2.dev/1500551291812263.mp4
uploaded         1559190975698350 c0  (video) ← 1559190975698350.mp4  → https://pub-893b4a6a607b4221a894bf861da7914e.r2.dev/1559190975698350.mp4
uploaded         1643845094408274 c0  (video) ← 1643845094408274.mp4  → https://pub-893b4a6a607b4221a894bf861da7914e.r2.dev/1643845094408274.mp4
uploaded         1562942948696913 c0  (video) ← 1562942948696913.mp4  → https://pub-893b4a6a607b4221a894bf861da7914e.r2.dev/1562942948696913.mp4
uploaded         2542005546263599 c0  (video) ← 2542005546263599.mp4  → https://pub-893b4a6a607b4221a894bf861da7914e.r2.dev/2542005546263599.mp4
uploaded         1379441437467510 c0  (video) ← 1379441437467510.mp4  → https://pub-893b4a6a607b4221a894bf861da7914e.r2.dev/1379441437467510.mp4
uploaded         1689257478965791 c0  (video) ← 1689257478965791.mp4  → https://pub-893b4a6a607b4221a894bf861da7914e.r2.dev/1689257478965791.mp4
carried-forward  608640915677208 c0  → https://pub-893b4a6a607b4221a894bf861da7914e.r2.dev/608640915677208.mp4
uploaded         1052222457277382 c0  (video) ← 1052222457277382.mp4  → https://pub-893b4a6a607b4221a894bf861da7914e.r2.dev/1052222457277382.mp4
carried-forward  1229348518532340 c0  → https://pub-893b4a6a607b4221a894bf861da7914e.r2.dev/1229348518532340.mp4
uploaded         2176109583183986 c0  (video) ← 2176109583183986.mp4  → https://pub-893b4a6a607b4221a894bf861da7914e.r2.dev/2176109583183986.mp4
carried-forward  890589943792591 c0  → https://pub-893b4a6a607b4221a894bf861da7914e.r2.dev/890589943792591.mp4
uploaded         1588032462897555 c0  (video) ← 1588032462897555.mp4  → https://pub-893b4a6a607b4221a894bf861da7914e.r2.dev/1588032462897555.mp4
uploaded         1833884297576219 c0  (video) ← 1833884297576219.mp4  → https://pub-893b4a6a607b4221a894bf861da7914e.r2.dev/1833884297576219.mp4
carried-forward  1054948106795031 c0  → https://pub-893b4a6a607b4221a894bf861da7914e.r2.dev/1054948106795031.mp4
uploaded         1958881571491310 c0  (video) ← 1958881571491310.mp4  → https://pub-893b4a6a607b4221a894bf861da7914e.r2.dev/1958881571491310.mp4
uploaded         1286286936704748 c0  (video) ← 1286286936704748.mp4  → https://pub-893b4a6a607b4221a894bf861da7914e.r2.dev/1286286936704748.mp4
uploaded         1022199713732279 c0  (video) ← 1022199713732279.mp4  → https://pub-893b4a6a607b4221a894bf861da7914e.r2.dev/1022199713732279.mp4
uploaded         4232657040284433 c0  (video) ← 4232657040284433.mp4  → https://pub-893b4a6a607b4221a894bf861da7914e.r2.dev/4232657040284433.mp4
carried-forward  3805120676296226 c0  → https://pub-893b4a6a607b4221a894bf861da7914e.r2.dev/3805120676296226.mp4
video-missing    3805120676296226 c0  (expected file not found in facebook/videos/english-seekho-2026-07-20)
carried-forward  1304625014817778 c0  → https://pub-893b4a6a607b4221a894bf861da7914e.r2.dev/1304625014817778.mp4
video-missing    1304625014817778 c0  (expected file not found in facebook/videos/english-seekho-2026-07-20)
uploaded         1369237045130455 c0  (video) ← 1369237045130455.mp4  → https://pub-893b4a6a607b4221a894bf861da7914e.r2.dev/1369237045130455.mp4
carried-forward  1224227439081919 c0  → https://pub-893b4a6a607b4221a894bf861da7914e.r2.dev/1224227439081919.mp4
uploaded         1564688911706785 c0  (video) ← 1564688911706785.mp4  → https://pub-893b4a6a607b4221a894bf861da7914e.r2.dev/1564688911706785.mp4
carried-forward  1333571398986047 c0  → https://pub-893b4a6a607b4221a894bf861da7914e.r2.dev/1333571398986047.mp4
carried-forward  1559841751931772 c0  → https://pub-893b4a6a607b4221a894bf861da7914e.r2.dev/1559841751931772.mp4
carried-forward  874940122070171 c0  → https://pub-893b4a6a607b4221a894bf861da7914e.r2.dev/874940122070171.mp4
carried-forward  1568767791625500 c0  → https://pub-893b4a6a607b4221a894bf861da7914e.r2.dev/1568767791625500.mp4
uploaded         1926780414683725 c0  (video) ← 1926780414683725.mp4  → https://pub-893b4a6a607b4221a894bf861da7914e.r2.dev/1926780414683725.mp4
carried-forward  1087493257297423 c0  → https://pub-893b4a6a607b4221a894bf861da7914e.r2.dev/1087493257297423.mp4
uploaded         1324612156493578 c0  (video) ← 1324612156493578.mp4  → https://pub-893b4a6a607b4221a894bf861da7914e.r2.dev/1324612156493578.mp4
carried-forward  840752642285554 c0  → https://pub-893b4a6a607b4221a894bf861da7914e.r2.dev/840752642285554.mp4
uploaded         27850315554634269 c0  (video) ← 27850315554634269.mp4  → https://pub-893b4a6a607b4221a894bf861da7914e.r2.dev/27850315554634269.mp4
uploaded         1560846102307700 c0  (video) ← 1560846102307700.mp4  → https://pub-893b4a6a607b4221a894bf861da7914e.r2.dev/1560846102307700.mp4
uploaded         1006336755619282 c0  (video) ← 1006336755619282.mp4  → https://pub-893b4a6a607b4221a894bf861da7914e.r2.dev/1006336755619282.mp4
uploaded         4664127183830660 c0  (video) ← 4664127183830660.mp4  → https://pub-893b4a6a607b4221a894bf861da7914e.r2.dev/4664127183830660.mp4
uploaded         2087212352007527 c0  (video) ← 2087212352007527.mp4  → https://pub-893b4a6a607b4221a894bf861da7914e.r2.dev/2087212352007527.mp4
carried-forward  26372603382322992 c0  → https://pub-893b4a6a607b4221a894bf861da7914e.r2.dev/26372603382322992.mp4
carried-forward  1945996112929486 c0  → https://pub-893b4a6a607b4221a894bf861da7914e.r2.dev/1945996112929486.mp4
uploaded         2944029232629656 c0  (video) ← 2944029232629656.mp4  → https://pub-893b4a6a607b4221a894bf861da7914e.r2.dev/2944029232629656.mp4
carried-forward  1870547757684074 c0  → https://pub-893b4a6a607b4221a894bf861da7914e.r2.dev/1870547757684074.mp4
carried-forward  5195950473963815 c0  → https://pub-893b4a6a607b4221a894bf861da7914e.r2.dev/5195950473963815.mp4
carried-forward  1509527853448376 c0  → https://pub-893b4a6a607b4221a894bf861da7914e.r2.dev/1509527853448376.mp4
uploaded         1607194384451503 c0  (video) ← 1607194384451503.mp4  → https://pub-893b4a6a607b4221a894bf861da7914e.r2.dev/1607194384451503.mp4
uploaded         1941840529860442 c0  (video) ← 1941840529860442.mp4  → https://pub-893b4a6a607b4221a894bf861da7914e.r2.dev/1941840529860442.mp4
uploaded         912139857963425 c0  (video) ← 912139857963425.mp4  → https://pub-893b4a6a607b4221a894bf861da7914e.r2.dev/912139857963425.mp4
carried-forward  958304950573263 c0  → https://pub-893b4a6a607b4221a894bf861da7914e.r2.dev/958304950573263.mp4
video-missing    958304950573263 c0  (expected file not found in facebook/videos/english-seekho-2026-07-20)
uploaded         1750270412670578 c0  (video) ← 1750270412670578.mp4  → https://pub-893b4a6a607b4221a894bf861da7914e.r2.dev/1750270412670578.mp4
uploaded         27344803101881769 c0  (video) ← 27344803101881769.mp4  → https://pub-893b4a6a607b4221a894bf861da7914e.r2.dev/27344803101881769.mp4
carried-forward  1666152167999287 c0  → https://pub-893b4a6a607b4221a894bf861da7914e.r2.dev/1666152167999287.mp4
uploaded         1912748702740182 c0  (video) ← 1912748702740182.mp4  → https://pub-893b4a6a607b4221a894bf861da7914e.r2.dev/1912748702740182.mp4
uploaded         999675176226854 c0  (video) ← 999675176226854.mp4  → https://pub-893b4a6a607b4221a894bf861da7914e.r2.dev/999675176226854.mp4
carried-forward  1014509124735276 c0  → https://pub-893b4a6a607b4221a894bf861da7914e.r2.dev/1014509124735276.mp4
uploaded         1990464388328131 c0  (video) ← 1990464388328131.mp4  → https://pub-893b4a6a607b4221a894bf861da7914e.r2.dev/1990464388328131.mp4
carried-forward  1427103212256894 c0  → https://pub-893b4a6a607b4221a894bf861da7914e.r2.dev/1427103212256894.mp4
uploaded         2789515698083188 c0  (video) ← 2789515698083188.mp4  → https://pub-893b4a6a607b4221a894bf861da7914e.r2.dev/2789515698083188.mp4
carried-forward  2253030498553449 c0  → https://pub-893b4a6a607b4221a894bf861da7914e.r2.dev/2253030498553449.mp4
uploaded         2214031349452311 c0  (video) ← 2214031349452311.mp4  → https://pub-893b4a6a607b4221a894bf861da7914e.r2.dev/2214031349452311.mp4
carried-forward  805915929154160 c0  → https://pub-893b4a6a607b4221a894bf861da7914e.r2.dev/805915929154160.mp4
uploaded         2065318764111511 c0  (video) ← 2065318764111511.mp4  → https://pub-893b4a6a607b4221a894bf861da7914e.r2.dev/2065318764111511.mp4
uploaded         1046735897776249 c0  (video) ← 1046735897776249.mp4  → https://pub-893b4a6a607b4221a894bf861da7914e.r2.dev/1046735897776249.mp4
uploaded         1738184353855636 c0  (video) ← 1738184353855636.mp4  → https://pub-893b4a6a607b4221a894bf861da7914e.r2.dev/1738184353855636.mp4
uploaded         1043082851591033 c0  (video) ← 1043082851591033.mp4  → https://pub-893b4a6a607b4221a894bf861da7914e.r2.dev/1043082851591033.mp4
uploaded         1030597082920246 c0  (video) ← 1030597082920246.mp4  → https://pub-893b4a6a607b4221a894bf861da7914e.r2.dev/1030597082920246.mp4
uploaded         2967971013539927 c0  (video) ← 2967971013539927.mp4  → https://pub-893b4a6a607b4221a894bf861da7914e.r2.dev/2967971013539927.mp4
uploaded         2144876899777040 c0  (video) ← 2144876899777040.mp4  → https://pub-893b4a6a607b4221a894bf861da7914e.r2.dev/2144876899777040.mp4
carried-forward  1873195333560021 c0  → https://pub-893b4a6a607b4221a894bf861da7914e.r2.dev/1873195333560021.mp4
uploaded         1344696540539369 c0  (video) ← 1344696540539369.mp4  → https://pub-893b4a6a607b4221a894bf861da7914e.r2.dev/1344696540539369.mp4
uploaded         1584542053053374 c0  (video) ← 1584542053053374.mp4  → https://pub-893b4a6a607b4221a894bf861da7914e.r2.dev/1584542053053374.mp4
uploaded         2068048111254276 c0  (video) ← 2068048111254276.mp4  → https://pub-893b4a6a607b4221a894bf861da7914e.r2.dev/2068048111254276.mp4
uploaded         1783374596165515 c0  (video) ← 1783374596165515.mp4  → https://pub-893b4a6a607b4221a894bf861da7914e.r2.dev/1783374596165515.mp4
uploaded         1532358998668876 c0  (video) ← 1532358998668876.mp4  → https://pub-893b4a6a607b4221a894bf861da7914e.r2.dev/1532358998668876.mp4
uploaded         1333222179022286 c0  (video) ← 1333222179022286.mp4  → https://pub-893b4a6a607b4221a894bf861da7914e.r2.dev/1333222179022286.mp4
uploaded         1655043765579756 c0  (video) ← 1655043765579756.mp4  → https://pub-893b4a6a607b4221a894bf861da7914e.r2.dev/1655043765579756.mp4
carried-forward  861154453569534 c0  → https://pub-893b4a6a607b4221a894bf861da7914e.r2.dev/861154453569534.mp4
uploaded         988450997509089 c0  (video) ← 988450997509089.mp4  → https://pub-893b4a6a607b4221a894bf861da7914e.r2.dev/988450997509089.mp4
uploaded         1011414701735975 c0  (video) ← 1011414701735975.mp4  → https://pub-893b4a6a607b4221a894bf861da7914e.r2.dev/1011414701735975.mp4
carried-forward  902496572123981 c0  → https://pub-893b4a6a607b4221a894bf861da7914e.r2.dev/902496572123981.mp4
uploaded         4492977767629704 c0  (video) ← 4492977767629704.mp4  → https://pub-893b4a6a607b4221a894bf861da7914e.r2.dev/4492977767629704.mp4
uploaded         926670690460279 c0  (video) ← 926670690460279.mp4  → https://pub-893b4a6a607b4221a894bf861da7914e.r2.dev/926670690460279.mp4
carried-forward  1302125191954780 c0  → https://pub-893b4a6a607b4221a894bf861da7914e.r2.dev/1302125191954780.mp4
uploaded         1933466484018033 c0  (video) ← 1933466484018033.mp4  → https://pub-893b4a6a607b4221a894bf861da7914e.r2.dev/1933466484018033.mp4
uploaded         1771078463881858 c0  (video) ← 1771078463881858.mp4  → https://pub-893b4a6a607b4221a894bf861da7914e.r2.dev/1771078463881858.mp4
carried-forward  2017725382451838 c0  → https://pub-893b4a6a607b4221a894bf861da7914e.r2.dev/2017725382451838.mp4
uploaded         1046112637990526 c0  (video) ← 1046112637990526.mp4  → https://pub-893b4a6a607b4221a894bf861da7914e.r2.dev/1046112637990526.mp4
uploaded         2974981069509241 c0  (video) ← 2974981069509241.mp4  → https://pub-893b4a6a607b4221a894bf861da7914e.r2.dev/2974981069509241.mp4
uploaded         1343506994643157 c0  (video) ← 1343506994643157.mp4  → https://pub-893b4a6a607b4221a894bf861da7914e.r2.dev/1343506994643157.mp4
uploaded         1700367391078465 c0  (video) ← 1700367391078465.mp4  → https://pub-893b4a6a607b4221a894bf861da7914e.r2.dev/1700367391078465.mp4
carried-forward  1022297687248105 c0  → https://pub-893b4a6a607b4221a894bf861da7914e.r2.dev/1022297687248105.mp4
uploaded         1947176409965500 c0  (video) ← 1947176409965500.mp4  → https://pub-893b4a6a607b4221a894bf861da7914e.r2.dev/1947176409965500.mp4
uploaded         1496671082476726 c0  (video) ← 1496671082476726.mp4  → https://pub-893b4a6a607b4221a894bf861da7914e.r2.dev/1496671082476726.mp4
uploaded         1524794081999765 c0  (video) ← 1524794081999765.mp4  → https://pub-893b4a6a607b4221a894bf861da7914e.r2.dev/1524794081999765.mp4
uploaded         1586356079770450 c0  (video) ← 1586356079770450.mp4  → https://pub-893b4a6a607b4221a894bf861da7914e.r2.dev/1586356079770450.mp4
uploaded         1057236770307107 c0  (video) ← 1057236770307107.mp4  → https://pub-893b4a6a607b4221a894bf861da7914e.r2.dev/1057236770307107.mp4
uploaded         4455018444742086 c0  (video) ← 4455018444742086.mp4  → https://pub-893b4a6a607b4221a894bf861da7914e.r2.dev/4455018444742086.mp4
carried-forward  1566660068511123 c0  → https://pub-893b4a6a607b4221a894bf861da7914e.r2.dev/1566660068511123.mp4
video-missing    1566660068511123 c0  (expected file not found in facebook/videos/english-seekho-2026-07-20)
carried-forward  1318436327115859 c0  → https://pub-893b4a6a607b4221a894bf861da7914e.r2.dev/1318436327115859.mp4
video-missing    1318436327115859 c0  (expected file not found in facebook/videos/english-seekho-2026-07-20)
uploaded         2197963144110664 c0  (video) ← 2197963144110664.mp4  → https://pub-893b4a6a607b4221a894bf861da7914e.r2.dev/2197963144110664.mp4
uploaded         2249225859183852 c0  (video) ← 2249225859183852.mp4  → https://pub-893b4a6a607b4221a894bf861da7914e.r2.dev/2249225859183852.mp4
uploaded         1712884476630556 c0  (video) ← 1712884476630556.mp4  → https://pub-893b4a6a607b4221a894bf861da7914e.r2.dev/1712884476630556.mp4
uploaded         1615147066841438 c0  (video) ← 1615147066841438.mp4  → https://pub-893b4a6a607b4221a894bf861da7914e.r2.dev/1615147066841438.mp4
carried-forward  1681345533122931 c0  → https://pub-893b4a6a607b4221a894bf861da7914e.r2.dev/1681345533122931.mp4
uploaded         1582183723632411 c0  (video) ← 1582183723632411.mp4  → https://pub-893b4a6a607b4221a894bf861da7914e.r2.dev/1582183723632411.mp4
uploaded         1578088707350298 c0  (video) ← 1578088707350298.mp4  → https://pub-893b4a6a607b4221a894bf861da7914e.r2.dev/1578088707350298.mp4
carried-forward  2522736531523827 c0  → https://pub-893b4a6a607b4221a894bf861da7914e.r2.dev/2522736531523827.mp4
uploaded         2435675986961591 c0  (video) ← 2435675986961591.mp4  → https://pub-893b4a6a607b4221a894bf861da7914e.r2.dev/2435675986961591.mp4
uploaded         2311839126290905 c0  (video) ← 2311839126290905.mp4  → https://pub-893b4a6a607b4221a894bf861da7914e.r2.dev/2311839126290905.mp4
uploaded         1603127634567667 c0  (video) ← 1603127634567667.mp4  → https://pub-893b4a6a607b4221a894bf861da7914e.r2.dev/1603127634567667.mp4
carried-forward  1578283950361363 c0  → https://pub-893b4a6a607b4221a894bf861da7914e.r2.dev/1578283950361363.mp4
carried-forward  1059335953699126 c0  → https://pub-893b4a6a607b4221a894bf861da7914e.r2.dev/1059335953699126.mp4
carried-forward  1353915349504139 c0  → https://pub-893b4a6a607b4221a894bf861da7914e.r2.dev/1353915349504139.mp4
