# Step 3 run log
# competitor : english-seekho
# started_at : 2026-07-16T06:47:31
# input      : facebook/inputs/fb-ads-english-seekho-2026-07-16-0634.csv
# videos     : facebook/videos/english-seekho-2026-07-16
# master     : facebook/master/english-seekho.csv  (updated)
# enriched   : facebook/inputs/fb-ads-english-seekho-2026-07-16-0634_enriched.csv
# bucket     : video-ads
# public_base: https://pub-893b4a6a607b4221a894bf861da7914e.r2.dev
# dry_run    : False
#
# counts     : {'uploaded': 101, 'carried-forward': 179, 'image-pending': 0, 'video-missing': 29, 'no-creative': 0, 'error': 0}
#
carried-forward  985533387662266 c0  → https://pub-893b4a6a607b4221a894bf861da7914e.r2.dev/985533387662266.mp4
carried-forward  873021038754328 c0  → https://pub-893b4a6a607b4221a894bf861da7914e.r2.dev/873021038754328.mp4
carried-forward  3033559160166599 c0  → https://pub-893b4a6a607b4221a894bf861da7914e.r2.dev/3033559160166599.mp4
carried-forward  1366714225383108 c0  → https://pub-893b4a6a607b4221a894bf861da7914e.r2.dev/1366714225383108.mp4
carried-forward  1054074483851039 c0  → https://pub-893b4a6a607b4221a894bf861da7914e.r2.dev/1054074483851039.mp4
carried-forward  1598189468399583 c0  → https://pub-893b4a6a607b4221a894bf861da7914e.r2.dev/1598189468399583.mp4
carried-forward  1518594126387614 c0  → https://pub-893b4a6a607b4221a894bf861da7914e.r2.dev/1518594126387614.mp4
carried-forward  1064443136246118 c0  → https://pub-893b4a6a607b4221a894bf861da7914e.r2.dev/1064443136246118.mp4
carried-forward  1340768337559606 c0  → https://pub-893b4a6a607b4221a894bf861da7914e.r2.dev/1340768337559606.mp4
carried-forward  1260469682675863 c0  → https://pub-893b4a6a607b4221a894bf861da7914e.r2.dev/1260469682675863.mp4
carried-forward  4103084183315352 c0  → https://pub-893b4a6a607b4221a894bf861da7914e.r2.dev/4103084183315352.mp4
carried-forward  1342745497312585 c0  → https://pub-893b4a6a607b4221a894bf861da7914e.r2.dev/1342745497312585.mp4
video-missing    1342745497312585 c0  (expected file not found in facebook/videos/english-seekho-2026-07-16)
carried-forward  1038876518679148 c0  → https://pub-893b4a6a607b4221a894bf861da7914e.r2.dev/1038876518679148.mp4
video-missing    1038876518679148 c0  (expected file not found in facebook/videos/english-seekho-2026-07-16)
carried-forward  1566236988412994 c0  → https://pub-893b4a6a607b4221a894bf861da7914e.r2.dev/1566236988412994.mp4
carried-forward  2284073262000543 c0  → https://pub-893b4a6a607b4221a894bf861da7914e.r2.dev/2284073262000543.mp4
carried-forward  1654481422515098 c0  → https://pub-893b4a6a607b4221a894bf861da7914e.r2.dev/1654481422515098.mp4
carried-forward  1355022089317795 c0  → https://pub-893b4a6a607b4221a894bf861da7914e.r2.dev/1355022089317795.mp4
carried-forward  992773516690548 c0  → https://pub-893b4a6a607b4221a894bf861da7914e.r2.dev/992773516690548.mp4
carried-forward  1014456487800871 c0  → https://pub-893b4a6a607b4221a894bf861da7914e.r2.dev/1014456487800871.mp4
carried-forward  846746431580534 c0  → https://pub-893b4a6a607b4221a894bf861da7914e.r2.dev/846746431580534.mp4
carried-forward  1073974488628392 c0  → https://pub-893b4a6a607b4221a894bf861da7914e.r2.dev/1073974488628392.mp4
carried-forward  2191099401503354 c0  → https://pub-893b4a6a607b4221a894bf861da7914e.r2.dev/2191099401503354.mp4
video-missing    2191099401503354 c0  (expected file not found in facebook/videos/english-seekho-2026-07-16)
carried-forward  2152429472156703 c0  → https://pub-893b4a6a607b4221a894bf861da7914e.r2.dev/2152429472156703.mp4
carried-forward  883414924661759 c0  → https://pub-893b4a6a607b4221a894bf861da7914e.r2.dev/883414924661759.mp4
carried-forward  995004486736404 c0  → https://pub-893b4a6a607b4221a894bf861da7914e.r2.dev/995004486736404.mp4
uploaded         1036945488749100 c0  (video) ← 1036945488749100.mp4  → https://pub-893b4a6a607b4221a894bf861da7914e.r2.dev/1036945488749100.mp4
carried-forward  2152508018617561 c0  → https://pub-893b4a6a607b4221a894bf861da7914e.r2.dev/2152508018617561.mp4
carried-forward  2150762295466364 c0  → https://pub-893b4a6a607b4221a894bf861da7914e.r2.dev/2150762295466364.mp4
carried-forward  2567796306984370 c0  → https://pub-893b4a6a607b4221a894bf861da7914e.r2.dev/2567796306984370.mp4
video-missing    2567796306984370 c0  (expected file not found in facebook/videos/english-seekho-2026-07-16)
carried-forward  1533195354964644 c0  → https://pub-893b4a6a607b4221a894bf861da7914e.r2.dev/1533195354964644.mp4
carried-forward  1647889789617946 c0  → https://pub-893b4a6a607b4221a894bf861da7914e.r2.dev/1647889789617946.mp4
carried-forward  2710465069347261 c0  → https://pub-893b4a6a607b4221a894bf861da7914e.r2.dev/2710465069347261.mp4
carried-forward  1037885932008729 c0  → https://pub-893b4a6a607b4221a894bf861da7914e.r2.dev/1037885932008729.mp4
carried-forward  1700880501155696 c0  → https://pub-893b4a6a607b4221a894bf861da7914e.r2.dev/1700880501155696.mp4
video-missing    1700880501155696 c0  (expected file not found in facebook/videos/english-seekho-2026-07-16)
carried-forward  2210932513040298 c0  → https://pub-893b4a6a607b4221a894bf861da7914e.r2.dev/2210932513040298.mp4
carried-forward  2201883133941569 c0  → https://pub-893b4a6a607b4221a894bf861da7914e.r2.dev/2201883133941569.mp4
carried-forward  1014900067589638 c0  → https://pub-893b4a6a607b4221a894bf861da7914e.r2.dev/1014900067589638.mp4
carried-forward  902372695693097 c0  → https://pub-893b4a6a607b4221a894bf861da7914e.r2.dev/902372695693097.mp4
video-missing    902372695693097 c0  (expected file not found in facebook/videos/english-seekho-2026-07-16)
carried-forward  1193274679606735 c0  → https://pub-893b4a6a607b4221a894bf861da7914e.r2.dev/1193274679606735.mp4
video-missing    1193274679606735 c0  (expected file not found in facebook/videos/english-seekho-2026-07-16)
carried-forward  1223700476600723 c0  → https://pub-893b4a6a607b4221a894bf861da7914e.r2.dev/1223700476600723.mp4
carried-forward  1364784788843978 c0  → https://pub-893b4a6a607b4221a894bf861da7914e.r2.dev/1364784788843978.mp4
carried-forward  1414490704064865 c0  → https://pub-893b4a6a607b4221a894bf861da7914e.r2.dev/1414490704064865.mp4
carried-forward  2250084872471619 c0  → https://pub-893b4a6a607b4221a894bf861da7914e.r2.dev/2250084872471619.mp4
carried-forward  2453287415158391 c0  → https://pub-893b4a6a607b4221a894bf861da7914e.r2.dev/2453287415158391.mp4
carried-forward  988958730629564 c0  → https://pub-893b4a6a607b4221a894bf861da7914e.r2.dev/988958730629564.mp4
carried-forward  1641629937137441 c0  → https://pub-893b4a6a607b4221a894bf861da7914e.r2.dev/1641629937137441.mp4
carried-forward  1515389233401695 c0  → https://pub-893b4a6a607b4221a894bf861da7914e.r2.dev/1515389233401695.mp4
video-missing    1515389233401695 c0  (expected file not found in facebook/videos/english-seekho-2026-07-16)
carried-forward  4404859313114775 c0  → https://pub-893b4a6a607b4221a894bf861da7914e.r2.dev/4404859313114775.mp4
carried-forward  1781211133045778 c0  → https://pub-893b4a6a607b4221a894bf861da7914e.r2.dev/1781211133045778.mp4
carried-forward  4459387377664925 c0  → https://pub-893b4a6a607b4221a894bf861da7914e.r2.dev/4459387377664925.mp4
carried-forward  2299324837553512 c0  → https://pub-893b4a6a607b4221a894bf861da7914e.r2.dev/2299324837553512.mp4
carried-forward  1478126110733286 c0  → https://pub-893b4a6a607b4221a894bf861da7914e.r2.dev/1478126110733286.mp4
carried-forward  1033037325739194 c0  → https://pub-893b4a6a607b4221a894bf861da7914e.r2.dev/1033037325739194.mp4
uploaded         2190250095161590 c0  (video) ← 2190250095161590.mp4  → https://pub-893b4a6a607b4221a894bf861da7914e.r2.dev/2190250095161590.mp4
video-missing    2190250095161590 c0  (expected file not found in facebook/videos/english-seekho-2026-07-16)
carried-forward  1704291267490365 c0  → https://pub-893b4a6a607b4221a894bf861da7914e.r2.dev/1704291267490365.mp4
video-missing    1704291267490365 c0  (expected file not found in facebook/videos/english-seekho-2026-07-16)
carried-forward  1961729674555213 c0  → https://pub-893b4a6a607b4221a894bf861da7914e.r2.dev/1961729674555213.mp4
carried-forward  1548699226788927 c0  → https://pub-893b4a6a607b4221a894bf861da7914e.r2.dev/1548699226788927.mp4
video-missing    1548699226788927 c0  (expected file not found in facebook/videos/english-seekho-2026-07-16)
carried-forward  1808954107158548 c0  → https://pub-893b4a6a607b4221a894bf861da7914e.r2.dev/1808954107158548.mp4
carried-forward  1703849837598003 c0  → https://pub-893b4a6a607b4221a894bf861da7914e.r2.dev/1703849837598003.mp4
video-missing    1703849837598003 c0  (expected file not found in facebook/videos/english-seekho-2026-07-16)
carried-forward  1021299320653057 c0  → https://pub-893b4a6a607b4221a894bf861da7914e.r2.dev/1021299320653057.mp4
carried-forward  2231013954313138 c0  → https://pub-893b4a6a607b4221a894bf861da7914e.r2.dev/2231013954313138.mp4
uploaded         1038760561902923 c0  (video) ← 1038760561902923.mp4  → https://pub-893b4a6a607b4221a894bf861da7914e.r2.dev/1038760561902923.mp4
video-missing    1038760561902923 c0  (expected file not found in facebook/videos/english-seekho-2026-07-16)
carried-forward  921419797635046 c0  → https://pub-893b4a6a607b4221a894bf861da7914e.r2.dev/921419797635046.mp4
carried-forward  1683181803008249 c0  → https://pub-893b4a6a607b4221a894bf861da7914e.r2.dev/1683181803008249.mp4
carried-forward  1043159251914053 c0  → https://pub-893b4a6a607b4221a894bf861da7914e.r2.dev/1043159251914053.mp4
uploaded         916813304778792 c0  (video) ← 916813304778792.mp4  → https://pub-893b4a6a607b4221a894bf861da7914e.r2.dev/916813304778792.mp4
video-missing    916813304778792 c0  (expected file not found in facebook/videos/english-seekho-2026-07-16)
carried-forward  1029587306434561 c0  → https://pub-893b4a6a607b4221a894bf861da7914e.r2.dev/1029587306434561.mp4
carried-forward  1217608480437639 c0  → https://pub-893b4a6a607b4221a894bf861da7914e.r2.dev/1217608480437639.mp4
carried-forward  1569302308257783 c0  → https://pub-893b4a6a607b4221a894bf861da7914e.r2.dev/1569302308257783.mp4
carried-forward  1035042742797969 c0  → https://pub-893b4a6a607b4221a894bf861da7914e.r2.dev/1035042742797969.mp4
carried-forward  1781323349519121 c0  → https://pub-893b4a6a607b4221a894bf861da7914e.r2.dev/1781323349519121.mp4
carried-forward  2107199030154280 c0  → https://pub-893b4a6a607b4221a894bf861da7914e.r2.dev/2107199030154280.mp4
carried-forward  1824283135203732 c0  → https://pub-893b4a6a607b4221a894bf861da7914e.r2.dev/1824283135203732.mp4
carried-forward  2449267882206681 c0  → https://pub-893b4a6a607b4221a894bf861da7914e.r2.dev/2449267882206681.mp4
carried-forward  27355896097398956 c0  → https://pub-893b4a6a607b4221a894bf861da7914e.r2.dev/27355896097398956.mp4
carried-forward  1581331226744167 c0  → https://pub-893b4a6a607b4221a894bf861da7914e.r2.dev/1581331226744167.mp4
uploaded         3989286591365501 c0  (video) ← 3989286591365501.mp4  → https://pub-893b4a6a607b4221a894bf861da7914e.r2.dev/3989286591365501.mp4
video-missing    3989286591365501 c0  (expected file not found in facebook/videos/english-seekho-2026-07-16)
carried-forward  1369951375034457 c0  → https://pub-893b4a6a607b4221a894bf861da7914e.r2.dev/1369951375034457.mp4
video-missing    1369951375034457 c0  (expected file not found in facebook/videos/english-seekho-2026-07-16)
carried-forward  988922544203566 c0  → https://pub-893b4a6a607b4221a894bf861da7914e.r2.dev/988922544203566.mp4
uploaded         1358103292946355 c0  (video) ← 1358103292946355.mp4  → https://pub-893b4a6a607b4221a894bf861da7914e.r2.dev/1358103292946355.mp4
carried-forward  2538040990040598 c0  → https://pub-893b4a6a607b4221a894bf861da7914e.r2.dev/2538040990040598.mp4
uploaded         954066224356696 c0  (video) ← 954066224356696.mp4  → https://pub-893b4a6a607b4221a894bf861da7914e.r2.dev/954066224356696.mp4
video-missing    954066224356696 c0  (expected file not found in facebook/videos/english-seekho-2026-07-16)
carried-forward  1308849157681028 c0  → https://pub-893b4a6a607b4221a894bf861da7914e.r2.dev/1308849157681028.mp4
carried-forward  1364770528875699 c0  → https://pub-893b4a6a607b4221a894bf861da7914e.r2.dev/1364770528875699.mp4
video-missing    1364770528875699 c0  (expected file not found in facebook/videos/english-seekho-2026-07-16)
carried-forward  2068537100706954 c0  → https://pub-893b4a6a607b4221a894bf861da7914e.r2.dev/2068537100706954.mp4
carried-forward  1360454026018817 c0  → https://pub-893b4a6a607b4221a894bf861da7914e.r2.dev/1360454026018817.mp4
carried-forward  3541945419301902 c0  → https://pub-893b4a6a607b4221a894bf861da7914e.r2.dev/3541945419301902.mp4
carried-forward  921070594349031 c0  → https://pub-893b4a6a607b4221a894bf861da7914e.r2.dev/921070594349031.mp4
carried-forward  1965772167456217 c0  → https://pub-893b4a6a607b4221a894bf861da7914e.r2.dev/1965772167456217.mp4
carried-forward  1487760063112866 c0  → https://pub-893b4a6a607b4221a894bf861da7914e.r2.dev/1487760063112866.mp4
carried-forward  2086474589415548 c0  → https://pub-893b4a6a607b4221a894bf861da7914e.r2.dev/2086474589415548.mp4
carried-forward  1976220796430164 c0  → https://pub-893b4a6a607b4221a894bf861da7914e.r2.dev/1976220796430164.mp4
carried-forward  1103580098931885 c0  → https://pub-893b4a6a607b4221a894bf861da7914e.r2.dev/1103580098931885.mp4
carried-forward  1758326562149697 c0  → https://pub-893b4a6a607b4221a894bf861da7914e.r2.dev/1758326562149697.mp4
carried-forward  1579060110306222 c0  → https://pub-893b4a6a607b4221a894bf861da7914e.r2.dev/1579060110306222.mp4
carried-forward  1032793555915493 c0  → https://pub-893b4a6a607b4221a894bf861da7914e.r2.dev/1032793555915493.mp4
carried-forward  2069551497104811 c0  → https://pub-893b4a6a607b4221a894bf861da7914e.r2.dev/2069551497104811.mp4
carried-forward  2289892785083094 c0  → https://pub-893b4a6a607b4221a894bf861da7914e.r2.dev/2289892785083094.mp4
carried-forward  1373923981468011 c0  → https://pub-893b4a6a607b4221a894bf861da7914e.r2.dev/1373923981468011.mp4
carried-forward  1360549895753796 c0  → https://pub-893b4a6a607b4221a894bf861da7914e.r2.dev/1360549895753796.mp4
carried-forward  2911781465840699 c0  → https://pub-893b4a6a607b4221a894bf861da7914e.r2.dev/2911781465840699.mp4
carried-forward  1485257069470905 c0  → https://pub-893b4a6a607b4221a894bf861da7914e.r2.dev/1485257069470905.mp4
carried-forward  1548158910275403 c0  → https://pub-893b4a6a607b4221a894bf861da7914e.r2.dev/1548158910275403.mp4
carried-forward  2340160886791390 c0  → https://pub-893b4a6a607b4221a894bf861da7914e.r2.dev/2340160886791390.mp4
video-missing    2340160886791390 c0  (expected file not found in facebook/videos/english-seekho-2026-07-16)
carried-forward  975696818620909 c0  → https://pub-893b4a6a607b4221a894bf861da7914e.r2.dev/975696818620909.mp4
carried-forward  3098326293684794 c0  → https://pub-893b4a6a607b4221a894bf861da7914e.r2.dev/3098326293684794.mp4
carried-forward  5201427430083462 c0  → https://pub-893b4a6a607b4221a894bf861da7914e.r2.dev/5201427430083462.mp4
carried-forward  889242263585010 c0  → https://pub-893b4a6a607b4221a894bf861da7914e.r2.dev/889242263585010.mp4
carried-forward  3945125475794543 c0  → https://pub-893b4a6a607b4221a894bf861da7914e.r2.dev/3945125475794543.mp4
video-missing    3945125475794543 c0  (expected file not found in facebook/videos/english-seekho-2026-07-16)
carried-forward  28740456275544709 c0  → https://pub-893b4a6a607b4221a894bf861da7914e.r2.dev/28740456275544709.mp4
carried-forward  1013834224460527 c0  → https://pub-893b4a6a607b4221a894bf861da7914e.r2.dev/1013834224460527.mp4
carried-forward  2560261371075903 c0  → https://pub-893b4a6a607b4221a894bf861da7914e.r2.dev/2560261371075903.mp4
video-missing    2560261371075903 c0  (expected file not found in facebook/videos/english-seekho-2026-07-16)
carried-forward  1058989673456910 c0  → https://pub-893b4a6a607b4221a894bf861da7914e.r2.dev/1058989673456910.mp4
carried-forward  922682520699920 c0  → https://pub-893b4a6a607b4221a894bf861da7914e.r2.dev/922682520699920.mp4
carried-forward  2491978981265778 c0  → https://pub-893b4a6a607b4221a894bf861da7914e.r2.dev/2491978981265778.mp4
carried-forward  989043553899179 c0  → https://pub-893b4a6a607b4221a894bf861da7914e.r2.dev/989043553899179.mp4
carried-forward  767456879118205 c0  → https://pub-893b4a6a607b4221a894bf861da7914e.r2.dev/767456879118205.mp4
carried-forward  2037768870280868 c0  → https://pub-893b4a6a607b4221a894bf861da7914e.r2.dev/2037768870280868.mp4
carried-forward  1558750499203337 c0  → https://pub-893b4a6a607b4221a894bf861da7914e.r2.dev/1558750499203337.mp4
carried-forward  1717353739307487 c0  → https://pub-893b4a6a607b4221a894bf861da7914e.r2.dev/1717353739307487.mp4
carried-forward  1908450636707359 c0  → https://pub-893b4a6a607b4221a894bf861da7914e.r2.dev/1908450636707359.mp4
carried-forward  1690364325606787 c0  → https://pub-893b4a6a607b4221a894bf861da7914e.r2.dev/1690364325606787.mp4
carried-forward  1676468556901406 c0  → https://pub-893b4a6a607b4221a894bf861da7914e.r2.dev/1676468556901406.mp4
carried-forward  2674686452896226 c0  → https://pub-893b4a6a607b4221a894bf861da7914e.r2.dev/2674686452896226.mp4
carried-forward  1577673830585178 c0  → https://pub-893b4a6a607b4221a894bf861da7914e.r2.dev/1577673830585178.mp4
video-missing    1577673830585178 c0  (expected file not found in facebook/videos/english-seekho-2026-07-16)
carried-forward  1501154984318432 c0  → https://pub-893b4a6a607b4221a894bf861da7914e.r2.dev/1501154984318432.mp4
carried-forward  1476645587385501 c0  → https://pub-893b4a6a607b4221a894bf861da7914e.r2.dev/1476645587385501.mp4
carried-forward  1244507290916309 c0  → https://pub-893b4a6a607b4221a894bf861da7914e.r2.dev/1244507290916309.mp4
carried-forward  4379825375635044 c0  → https://pub-893b4a6a607b4221a894bf861da7914e.r2.dev/4379825375635044.mp4
carried-forward  1798711957512384 c0  → https://pub-893b4a6a607b4221a894bf861da7914e.r2.dev/1798711957512384.mp4
carried-forward  1210251577301882 c0  → https://pub-893b4a6a607b4221a894bf861da7914e.r2.dev/1210251577301882.mp4
carried-forward  1217329830515440 c0  → https://pub-893b4a6a607b4221a894bf861da7914e.r2.dev/1217329830515440.mp4
carried-forward  1522254569489888 c0  → https://pub-893b4a6a607b4221a894bf861da7914e.r2.dev/1522254569489888.mp4
carried-forward  1116123194536720 c0  → https://pub-893b4a6a607b4221a894bf861da7914e.r2.dev/1116123194536720.mp4
carried-forward  1662559071716567 c0  → https://pub-893b4a6a607b4221a894bf861da7914e.r2.dev/1662559071716567.mp4
video-missing    1662559071716567 c0  (expected file not found in facebook/videos/english-seekho-2026-07-16)
carried-forward  769511858914323 c0  → https://pub-893b4a6a607b4221a894bf861da7914e.r2.dev/769511858914323.mp4
carried-forward  1868096310508725 c0  → https://pub-893b4a6a607b4221a894bf861da7914e.r2.dev/1868096310508725.mp4
carried-forward  2176910723137201 c0  → https://pub-893b4a6a607b4221a894bf861da7914e.r2.dev/2176910723137201.mp4
carried-forward  1293551286094512 c0  → https://pub-893b4a6a607b4221a894bf861da7914e.r2.dev/1293551286094512.mp4
carried-forward  1419054459866080 c0  → https://pub-893b4a6a607b4221a894bf861da7914e.r2.dev/1419054459866080.mp4
carried-forward  1905133330090659 c0  → https://pub-893b4a6a607b4221a894bf861da7914e.r2.dev/1905133330090659.mp4
carried-forward  1502392968556177 c0  → https://pub-893b4a6a607b4221a894bf861da7914e.r2.dev/1502392968556177.mp4
carried-forward  1016502220859835 c0  → https://pub-893b4a6a607b4221a894bf861da7914e.r2.dev/1016502220859835.mp4
carried-forward  3626263604197475 c0  → https://pub-893b4a6a607b4221a894bf861da7914e.r2.dev/3626263604197475.mp4
uploaded         1028646246216672 c0  (video) ← 1028646246216672.mp4  → https://pub-893b4a6a607b4221a894bf861da7914e.r2.dev/1028646246216672.mp4
carried-forward  1251191153618197 c0  → https://pub-893b4a6a607b4221a894bf861da7914e.r2.dev/1251191153618197.mp4
uploaded         1694525941665803 c0  (video) ← 1694525941665803.mp4  → https://pub-893b4a6a607b4221a894bf861da7914e.r2.dev/1694525941665803.mp4
carried-forward  1430826552137036 c0  → https://pub-893b4a6a607b4221a894bf861da7914e.r2.dev/1430826552137036.mp4
uploaded         1361369552614241 c0  (video) ← 1361369552614241.mp4  → https://pub-893b4a6a607b4221a894bf861da7914e.r2.dev/1361369552614241.mp4
carried-forward  25537890735891271 c0  → https://pub-893b4a6a607b4221a894bf861da7914e.r2.dev/25537890735891271.mp4
carried-forward  2015119902365104 c0  → https://pub-893b4a6a607b4221a894bf861da7914e.r2.dev/2015119902365104.mp4
carried-forward  3887006608101122 c0  → https://pub-893b4a6a607b4221a894bf861da7914e.r2.dev/3887006608101122.mp4
carried-forward  608640915677208 c0  → https://pub-893b4a6a607b4221a894bf861da7914e.r2.dev/608640915677208.mp4
carried-forward  1500551291812263 c0  → https://pub-893b4a6a607b4221a894bf861da7914e.r2.dev/1500551291812263.mp4
uploaded         1018344727591109 c0  (video) ← 1018344727591109.mp4  → https://pub-893b4a6a607b4221a894bf861da7914e.r2.dev/1018344727591109.mp4
carried-forward  1229348518532340 c0  → https://pub-893b4a6a607b4221a894bf861da7914e.r2.dev/1229348518532340.mp4
uploaded         1701459824308582 c0  (video) ← 1701459824308582.mp4  → https://pub-893b4a6a607b4221a894bf861da7914e.r2.dev/1701459824308582.mp4
carried-forward  1054948106795031 c0  → https://pub-893b4a6a607b4221a894bf861da7914e.r2.dev/1054948106795031.mp4
uploaded         1580748830292318 c0  (video) ← 1580748830292318.mp4  → https://pub-893b4a6a607b4221a894bf861da7914e.r2.dev/1580748830292318.mp4
carried-forward  890589943792591 c0  → https://pub-893b4a6a607b4221a894bf861da7914e.r2.dev/890589943792591.mp4
carried-forward  4009106065886527 c0  → https://pub-893b4a6a607b4221a894bf861da7914e.r2.dev/4009106065886527.mp4
uploaded         1404582711482797 c0  (video) ← 1404582711482797.mp4  → https://pub-893b4a6a607b4221a894bf861da7914e.r2.dev/1404582711482797.mp4
video-missing    1404582711482797 c0  (expected file not found in facebook/videos/english-seekho-2026-07-16)
uploaded         1330691872514962 c0  (video) ← 1330691872514962.mp4  → https://pub-893b4a6a607b4221a894bf861da7914e.r2.dev/1330691872514962.mp4
uploaded         1908721376469351 c0  (video) ← 1908721376469351.mp4  → https://pub-893b4a6a607b4221a894bf861da7914e.r2.dev/1908721376469351.mp4
uploaded         2054781045409973 c0  (video) ← 2054781045409973.mp4  → https://pub-893b4a6a607b4221a894bf861da7914e.r2.dev/2054781045409973.mp4
uploaded         1534238568438814 c0  (video) ← 1534238568438814.mp4  → https://pub-893b4a6a607b4221a894bf861da7914e.r2.dev/1534238568438814.mp4
carried-forward  1224227439081919 c0  → https://pub-893b4a6a607b4221a894bf861da7914e.r2.dev/1224227439081919.mp4
carried-forward  884294820955142 c0  → https://pub-893b4a6a607b4221a894bf861da7914e.r2.dev/884294820955142.mp4
video-missing    884294820955142 c0  (expected file not found in facebook/videos/english-seekho-2026-07-16)
carried-forward  1559841751931772 c0  → https://pub-893b4a6a607b4221a894bf861da7914e.r2.dev/1559841751931772.mp4
uploaded         882343738284089 c0  (video) ← 882343738284089.mp4  → https://pub-893b4a6a607b4221a894bf861da7914e.r2.dev/882343738284089.mp4
carried-forward  874940122070171 c0  → https://pub-893b4a6a607b4221a894bf861da7914e.r2.dev/874940122070171.mp4
uploaded         1064321052693231 c0  (video) ← 1064321052693231.mp4  → https://pub-893b4a6a607b4221a894bf861da7914e.r2.dev/1064321052693231.mp4
carried-forward  840752642285554 c0  → https://pub-893b4a6a607b4221a894bf861da7914e.r2.dev/840752642285554.mp4
uploaded         1067171809583245 c0  (video) ← 1067171809583245.mp4  → https://pub-893b4a6a607b4221a894bf861da7914e.r2.dev/1067171809583245.mp4
uploaded         1007022921969605 c0  (video) ← 1007022921969605.mp4  → https://pub-893b4a6a607b4221a894bf861da7914e.r2.dev/1007022921969605.mp4
carried-forward  1040431415046669 c0  → https://pub-893b4a6a607b4221a894bf861da7914e.r2.dev/1040431415046669.mp4
uploaded         1670372844257977 c0  (video) ← 1670372844257977.mp4  → https://pub-893b4a6a607b4221a894bf861da7914e.r2.dev/1670372844257977.mp4
uploaded         1760641544929581 c0  (video) ← 1760641544929581.mp4  → https://pub-893b4a6a607b4221a894bf861da7914e.r2.dev/1760641544929581.mp4
uploaded         1067186875830970 c0  (video) ← 1067186875830970.mp4  → https://pub-893b4a6a607b4221a894bf861da7914e.r2.dev/1067186875830970.mp4
carried-forward  26372603382322992 c0  → https://pub-893b4a6a607b4221a894bf861da7914e.r2.dev/26372603382322992.mp4
uploaded         805534459248164 c0  (video) ← 805534459248164.mp4  → https://pub-893b4a6a607b4221a894bf861da7914e.r2.dev/805534459248164.mp4
uploaded         2060930131298970 c0  (video) ← 2060930131298970.mp4  → https://pub-893b4a6a607b4221a894bf861da7914e.r2.dev/2060930131298970.mp4
carried-forward  1945996112929486 c0  → https://pub-893b4a6a607b4221a894bf861da7914e.r2.dev/1945996112929486.mp4
uploaded         2559193177854278 c0  (video) ← 2559193177854278.mp4  → https://pub-893b4a6a607b4221a894bf861da7914e.r2.dev/2559193177854278.mp4
carried-forward  2442698549586664 c0  → https://pub-893b4a6a607b4221a894bf861da7914e.r2.dev/2442698549586664.mp4
uploaded         1740293920540298 c0  (video) ← 1740293920540298.mp4  → https://pub-893b4a6a607b4221a894bf861da7914e.r2.dev/1740293920540298.mp4
video-missing    1740293920540298 c0  (expected file not found in facebook/videos/english-seekho-2026-07-16)
carried-forward  1870547757684074 c0  → https://pub-893b4a6a607b4221a894bf861da7914e.r2.dev/1870547757684074.mp4
uploaded         1548039730392132 c0  (video) ← 1548039730392132.mp4  → https://pub-893b4a6a607b4221a894bf861da7914e.r2.dev/1548039730392132.mp4
uploaded         1431718582107878 c0  (video) ← 1431718582107878.mp4  → https://pub-893b4a6a607b4221a894bf861da7914e.r2.dev/1431718582107878.mp4
uploaded         1545195047093296 c0  (video) ← 1545195047093296.mp4  → https://pub-893b4a6a607b4221a894bf861da7914e.r2.dev/1545195047093296.mp4
video-missing    1545195047093296 c0  (expected file not found in facebook/videos/english-seekho-2026-07-16)
carried-forward  1509527853448376 c0  → https://pub-893b4a6a607b4221a894bf861da7914e.r2.dev/1509527853448376.mp4
carried-forward  5195950473963815 c0  → https://pub-893b4a6a607b4221a894bf861da7914e.r2.dev/5195950473963815.mp4
uploaded         1920038875356932 c0  (video) ← 1920038875356932.mp4  → https://pub-893b4a6a607b4221a894bf861da7914e.r2.dev/1920038875356932.mp4
uploaded         887486157251312 c0  (video) ← 887486157251312.mp4  → https://pub-893b4a6a607b4221a894bf861da7914e.r2.dev/887486157251312.mp4
uploaded         2323369744862378 c0  (video) ← 2323369744862378.mp4  → https://pub-893b4a6a607b4221a894bf861da7914e.r2.dev/2323369744862378.mp4
uploaded         1560409748898468 c0  (video) ← 1560409748898468.mp4  → https://pub-893b4a6a607b4221a894bf861da7914e.r2.dev/1560409748898468.mp4
uploaded         1500196554726853 c0  (video) ← 1500196554726853.mp4  → https://pub-893b4a6a607b4221a894bf861da7914e.r2.dev/1500196554726853.mp4
uploaded         1373612447949172 c0  (video) ← 1373612447949172.mp4  → https://pub-893b4a6a607b4221a894bf861da7914e.r2.dev/1373612447949172.mp4
uploaded         2788767024837583 c0  (video) ← 2788767024837583.mp4  → https://pub-893b4a6a607b4221a894bf861da7914e.r2.dev/2788767024837583.mp4
uploaded         1042232808345334 c0  (video) ← 1042232808345334.mp4  → https://pub-893b4a6a607b4221a894bf861da7914e.r2.dev/1042232808345334.mp4
uploaded         1556367279191187 c0  (video) ← 1556367279191187.mp4  → https://pub-893b4a6a607b4221a894bf861da7914e.r2.dev/1556367279191187.mp4
uploaded         28166389469634419 c0  (video) ← 28166389469634419.mp4  → https://pub-893b4a6a607b4221a894bf861da7914e.r2.dev/28166389469634419.mp4
uploaded         1941602763167654 c0  (video) ← 1941602763167654.mp4  → https://pub-893b4a6a607b4221a894bf861da7914e.r2.dev/1941602763167654.mp4
uploaded         1535448218071912 c0  (video) ← 1535448218071912.mp4  → https://pub-893b4a6a607b4221a894bf861da7914e.r2.dev/1535448218071912.mp4
carried-forward  1666152167999287 c0  → https://pub-893b4a6a607b4221a894bf861da7914e.r2.dev/1666152167999287.mp4
uploaded         1675769093653474 c0  (video) ← 1675769093653474.mp4  → https://pub-893b4a6a607b4221a894bf861da7914e.r2.dev/1675769093653474.mp4
uploaded         1656823682284157 c0  (video) ← 1656823682284157.mp4  → https://pub-893b4a6a607b4221a894bf861da7914e.r2.dev/1656823682284157.mp4
uploaded         1593215379099870 c0  (video) ← 1593215379099870.mp4  → https://pub-893b4a6a607b4221a894bf861da7914e.r2.dev/1593215379099870.mp4
uploaded         1344288940501573 c0  (video) ← 1344288940501573.mp4  → https://pub-893b4a6a607b4221a894bf861da7914e.r2.dev/1344288940501573.mp4
uploaded         1930029904354133 c0  (video) ← 1930029904354133.mp4  → https://pub-893b4a6a607b4221a894bf861da7914e.r2.dev/1930029904354133.mp4
uploaded         1052081300499526 c0  (video) ← 1052081300499526.mp4  → https://pub-893b4a6a607b4221a894bf861da7914e.r2.dev/1052081300499526.mp4
uploaded         1349025403333867 c0  (video) ← 1349025403333867.mp4  → https://pub-893b4a6a607b4221a894bf861da7914e.r2.dev/1349025403333867.mp4
uploaded         1000901119656477 c0  (video) ← 1000901119656477.mp4  → https://pub-893b4a6a607b4221a894bf861da7914e.r2.dev/1000901119656477.mp4
uploaded         1771453524302329 c0  (video) ← 1771453524302329.mp4  → https://pub-893b4a6a607b4221a894bf861da7914e.r2.dev/1771453524302329.mp4
uploaded         1031570486455479 c0  (video) ← 1031570486455479.mp4  → https://pub-893b4a6a607b4221a894bf861da7914e.r2.dev/1031570486455479.mp4
uploaded         1616380959885149 c0  (video) ← 1616380959885149.mp4  → https://pub-893b4a6a607b4221a894bf861da7914e.r2.dev/1616380959885149.mp4
uploaded         1559237585862195 c0  (video) ← 1559237585862195.mp4  → https://pub-893b4a6a607b4221a894bf861da7914e.r2.dev/1559237585862195.mp4
uploaded         1356544193282379 c0  (video) ← 1356544193282379.mp4  → https://pub-893b4a6a607b4221a894bf861da7914e.r2.dev/1356544193282379.mp4
uploaded         1872073377101282 c0  (video) ← 1872073377101282.mp4  → https://pub-893b4a6a607b4221a894bf861da7914e.r2.dev/1872073377101282.mp4
carried-forward  4393675984218411 c0  → https://pub-893b4a6a607b4221a894bf861da7914e.r2.dev/4393675984218411.mp4
carried-forward  1014509124735276 c0  → https://pub-893b4a6a607b4221a894bf861da7914e.r2.dev/1014509124735276.mp4
carried-forward  1427103212256894 c0  → https://pub-893b4a6a607b4221a894bf861da7914e.r2.dev/1427103212256894.mp4
uploaded         1022962673796512 c0  (video) ← 1022962673796512.mp4  → https://pub-893b4a6a607b4221a894bf861da7914e.r2.dev/1022962673796512.mp4
carried-forward  1683910802841691 c0  → https://pub-893b4a6a607b4221a894bf861da7914e.r2.dev/1683910802841691.mp4
uploaded         1400887555437276 c0  (video) ← 1400887555437276.mp4  → https://pub-893b4a6a607b4221a894bf861da7914e.r2.dev/1400887555437276.mp4
uploaded         1009922328586998 c0  (video) ← 1009922328586998.mp4  → https://pub-893b4a6a607b4221a894bf861da7914e.r2.dev/1009922328586998.mp4
uploaded         1047880304358300 c0  (video) ← 1047880304358300.mp4  → https://pub-893b4a6a607b4221a894bf861da7914e.r2.dev/1047880304358300.mp4
carried-forward  958304950573263 c0  → https://pub-893b4a6a607b4221a894bf861da7914e.r2.dev/958304950573263.mp4
video-missing    958304950573263 c0  (expected file not found in facebook/videos/english-seekho-2026-07-16)
carried-forward  2253030498553449 c0  → https://pub-893b4a6a607b4221a894bf861da7914e.r2.dev/2253030498553449.mp4
uploaded         1322514159907416 c0  (video) ← 1322514159907416.mp4  → https://pub-893b4a6a607b4221a894bf861da7914e.r2.dev/1322514159907416.mp4
carried-forward  805915929154160 c0  → https://pub-893b4a6a607b4221a894bf861da7914e.r2.dev/805915929154160.mp4
uploaded         1510643353632267 c0  (video) ← 1510643353632267.mp4  → https://pub-893b4a6a607b4221a894bf861da7914e.r2.dev/1510643353632267.mp4
uploaded         1668696927691344 c0  (video) ← 1668696927691344.mp4  → https://pub-893b4a6a607b4221a894bf861da7914e.r2.dev/1668696927691344.mp4
uploaded         1666070337809460 c0  (video) ← 1666070337809460.mp4  → https://pub-893b4a6a607b4221a894bf861da7914e.r2.dev/1666070337809460.mp4
uploaded         1062154893164311 c0  (video) ← 1062154893164311.mp4  → https://pub-893b4a6a607b4221a894bf861da7914e.r2.dev/1062154893164311.mp4
uploaded         1862290584739463 c0  (video) ← 1862290584739463.mp4  → https://pub-893b4a6a607b4221a894bf861da7914e.r2.dev/1862290584739463.mp4
carried-forward  1873195333560021 c0  → https://pub-893b4a6a607b4221a894bf861da7914e.r2.dev/1873195333560021.mp4
uploaded         1339528385054823 c0  (video) ← 1339528385054823.mp4  → https://pub-893b4a6a607b4221a894bf861da7914e.r2.dev/1339528385054823.mp4
uploaded         1480903630733865 c0  (video) ← 1480903630733865.mp4  → https://pub-893b4a6a607b4221a894bf861da7914e.r2.dev/1480903630733865.mp4
uploaded         1071275648892870 c0  (video) ← 1071275648892870.mp4  → https://pub-893b4a6a607b4221a894bf861da7914e.r2.dev/1071275648892870.mp4
carried-forward  861154453569534 c0  → https://pub-893b4a6a607b4221a894bf861da7914e.r2.dev/861154453569534.mp4
uploaded         2065889160669692 c0  (video) ← 2065889160669692.mp4  → https://pub-893b4a6a607b4221a894bf861da7914e.r2.dev/2065889160669692.mp4
uploaded         4385208388475829 c0  (video) ← 4385208388475829.mp4  → https://pub-893b4a6a607b4221a894bf861da7914e.r2.dev/4385208388475829.mp4
carried-forward  902496572123981 c0  → https://pub-893b4a6a607b4221a894bf861da7914e.r2.dev/902496572123981.mp4
carried-forward  1058253746697710 c0  → https://pub-893b4a6a607b4221a894bf861da7914e.r2.dev/1058253746697710.mp4
carried-forward  1433011138873457 c0  → https://pub-893b4a6a607b4221a894bf861da7914e.r2.dev/1433011138873457.mp4
uploaded         1366731348937393 c0  (video) ← 1366731348937393.mp4  → https://pub-893b4a6a607b4221a894bf861da7914e.r2.dev/1366731348937393.mp4
carried-forward  1302125191954780 c0  → https://pub-893b4a6a607b4221a894bf861da7914e.r2.dev/1302125191954780.mp4
uploaded         1883131185717162 c0  (video) ← 1883131185717162.mp4  → https://pub-893b4a6a607b4221a894bf861da7914e.r2.dev/1883131185717162.mp4
carried-forward  854721190814202 c0  → https://pub-893b4a6a607b4221a894bf861da7914e.r2.dev/854721190814202.mp4
uploaded         1539483111047518 c0  (video) ← 1539483111047518.mp4  → https://pub-893b4a6a607b4221a894bf861da7914e.r2.dev/1539483111047518.mp4
uploaded         809135272188812 c0  (video) ← 809135272188812.mp4  → https://pub-893b4a6a607b4221a894bf861da7914e.r2.dev/809135272188812.mp4
uploaded         1772305613652574 c0  (video) ← 1772305613652574.mp4  → https://pub-893b4a6a607b4221a894bf861da7914e.r2.dev/1772305613652574.mp4
carried-forward  2017725382451838 c0  → https://pub-893b4a6a607b4221a894bf861da7914e.r2.dev/2017725382451838.mp4
uploaded         1323386543291534 c0  (video) ← 1323386543291534.mp4  → https://pub-893b4a6a607b4221a894bf861da7914e.r2.dev/1323386543291534.mp4
uploaded         1733944607615567 c0  (video) ← 1733944607615567.mp4  → https://pub-893b4a6a607b4221a894bf861da7914e.r2.dev/1733944607615567.mp4
uploaded         1648726089557390 c0  (video) ← 1648726089557390.mp4  → https://pub-893b4a6a607b4221a894bf861da7914e.r2.dev/1648726089557390.mp4
uploaded         1074444141905717 c0  (video) ← 1074444141905717.mp4  → https://pub-893b4a6a607b4221a894bf861da7914e.r2.dev/1074444141905717.mp4
uploaded         27496123443382804 c0  (video) ← 27496123443382804.mp4  → https://pub-893b4a6a607b4221a894bf861da7914e.r2.dev/27496123443382804.mp4
carried-forward  864871533035524 c0  → https://pub-893b4a6a607b4221a894bf861da7914e.r2.dev/864871533035524.mp4
uploaded         1771721864270441 c0  (video) ← 1771721864270441.mp4  → https://pub-893b4a6a607b4221a894bf861da7914e.r2.dev/1771721864270441.mp4
uploaded         1031974176457156 c0  (video) ← 1031974176457156.mp4  → https://pub-893b4a6a607b4221a894bf861da7914e.r2.dev/1031974176457156.mp4
uploaded         2199323050921136 c0  (video) ← 2199323050921136.mp4  → https://pub-893b4a6a607b4221a894bf861da7914e.r2.dev/2199323050921136.mp4
uploaded         27682971681319961 c0  (video) ← 27682971681319961.mp4  → https://pub-893b4a6a607b4221a894bf861da7914e.r2.dev/27682971681319961.mp4
carried-forward  1023850853354102 c0  → https://pub-893b4a6a607b4221a894bf861da7914e.r2.dev/1023850853354102.mp4
uploaded         2115552419028245 c0  (video) ← 2115552419028245.mp4  → https://pub-893b4a6a607b4221a894bf861da7914e.r2.dev/2115552419028245.mp4
uploaded         1512785313374902 c0  (video) ← 1512785313374902.mp4  → https://pub-893b4a6a607b4221a894bf861da7914e.r2.dev/1512785313374902.mp4
uploaded         1940545639986377 c0  (video) ← 1940545639986377.mp4  → https://pub-893b4a6a607b4221a894bf861da7914e.r2.dev/1940545639986377.mp4
uploaded         1585832169994657 c0  (video) ← 1585832169994657.mp4  → https://pub-893b4a6a607b4221a894bf861da7914e.r2.dev/1585832169994657.mp4
uploaded         1336094868132488 c0  (video) ← 1336094868132488.mp4  → https://pub-893b4a6a607b4221a894bf861da7914e.r2.dev/1336094868132488.mp4
uploaded         28227601303507198 c0  (video) ← 28227601303507198.mp4  → https://pub-893b4a6a607b4221a894bf861da7914e.r2.dev/28227601303507198.mp4
carried-forward  1566660068511123 c0  → https://pub-893b4a6a607b4221a894bf861da7914e.r2.dev/1566660068511123.mp4
video-missing    1566660068511123 c0  (expected file not found in facebook/videos/english-seekho-2026-07-16)
uploaded         2084557795829390 c0  (video) ← 2084557795829390.mp4  → https://pub-893b4a6a607b4221a894bf861da7914e.r2.dev/2084557795829390.mp4
uploaded         1188425093449524 c0  (video) ← 1188425093449524.mp4  → https://pub-893b4a6a607b4221a894bf861da7914e.r2.dev/1188425093449524.mp4
uploaded         1702687830948266 c0  (video) ← 1702687830948266.mp4  → https://pub-893b4a6a607b4221a894bf861da7914e.r2.dev/1702687830948266.mp4
uploaded         1358465232904908 c0  (video) ← 1358465232904908.mp4  → https://pub-893b4a6a607b4221a894bf861da7914e.r2.dev/1358465232904908.mp4
uploaded         1004290929090306 c0  (video) ← 1004290929090306.mp4  → https://pub-893b4a6a607b4221a894bf861da7914e.r2.dev/1004290929090306.mp4
uploaded         865596552959417 c0  (video) ← 865596552959417.mp4  → https://pub-893b4a6a607b4221a894bf861da7914e.r2.dev/865596552959417.mp4
uploaded         1773982637296115 c0  (video) ← 1773982637296115.mp4  → https://pub-893b4a6a607b4221a894bf861da7914e.r2.dev/1773982637296115.mp4
uploaded         998436586284127 c0  (video) ← 998436586284127.mp4  → https://pub-893b4a6a607b4221a894bf861da7914e.r2.dev/998436586284127.mp4
