# Step 3 run log
# competitor : english-seekho
# started_at : 2026-06-28T07:17:26
# input      : facebook/inputs/fb-ads-english-seekho-2026-06-28-0637.csv
# videos     : facebook/videos/english-seekho-2026-06-28
# master     : facebook/master/english-seekho.csv  (updated)
# enriched   : facebook/inputs/fb-ads-english-seekho-2026-06-28-0637_enriched.csv
# bucket     : video-ads
# public_base: https://pub-893b4a6a607b4221a894bf861da7914e.r2.dev
# dry_run    : False
#
# counts     : {'uploaded': 169, 'carried-forward': 289, 'image-pending': 0, 'video-missing': 63, 'no-creative': 0, 'error': 0}
#
carried-forward  985533387662266 c0  → https://pub-893b4a6a607b4221a894bf861da7914e.r2.dev/985533387662266.mp4
video-missing    985533387662266 c0  (expected file not found in facebook/videos/english-seekho-2026-06-28)
carried-forward  2018888478732564 c0  → https://pub-893b4a6a607b4221a894bf861da7914e.r2.dev/2018888478732564.mp4
carried-forward  873021038754328 c0  → https://pub-893b4a6a607b4221a894bf861da7914e.r2.dev/873021038754328.mp4
carried-forward  1039538911746398 c0  → https://pub-893b4a6a607b4221a894bf861da7914e.r2.dev/1039538911746398.mp4
video-missing    1039538911746398 c0  (expected file not found in facebook/videos/english-seekho-2026-06-28)
video-missing    1039538911746398 c0  (expected file not found in facebook/videos/english-seekho-2026-06-28)
video-missing    1039538911746398 c0  (expected file not found in facebook/videos/english-seekho-2026-06-28)
carried-forward  998788752795051 c0  → https://pub-893b4a6a607b4221a894bf861da7914e.r2.dev/998788752795051.mp4
video-missing    998788752795051 c0  (expected file not found in facebook/videos/english-seekho-2026-06-28)
carried-forward  885862810591427 c0  → https://pub-893b4a6a607b4221a894bf861da7914e.r2.dev/885862810591427.mp4
uploaded         989474957025076 c0  (video) ← 989474957025076.mp4  → https://pub-893b4a6a607b4221a894bf861da7914e.r2.dev/989474957025076.mp4
video-missing    989474957025076 c0  (expected file not found in facebook/videos/english-seekho-2026-06-28)
carried-forward  1168354552139693 c0  → https://pub-893b4a6a607b4221a894bf861da7914e.r2.dev/1168354552139693.mp4
video-missing    1168354552139693 c0  (expected file not found in facebook/videos/english-seekho-2026-06-28)
carried-forward  1030481159453297 c0  → https://pub-893b4a6a607b4221a894bf861da7914e.r2.dev/1030481159453297.mp4
carried-forward  1021041514250343 c0  → https://pub-893b4a6a607b4221a894bf861da7914e.r2.dev/1021041514250343.mp4
uploaded         1289129073383437 c0  (video) ← 1289129073383437.mp4  → https://pub-893b4a6a607b4221a894bf861da7914e.r2.dev/1289129073383437.mp4
video-missing    1289129073383437 c0  (expected file not found in facebook/videos/english-seekho-2026-06-28)
carried-forward  1681179916439914 c0  → https://pub-893b4a6a607b4221a894bf861da7914e.r2.dev/1681179916439914.mp4
video-missing    1681179916439914 c0  (expected file not found in facebook/videos/english-seekho-2026-06-28)
video-missing    1681179916439914 c0  (expected file not found in facebook/videos/english-seekho-2026-06-28)
carried-forward  1551327579687774 c0  → https://pub-893b4a6a607b4221a894bf861da7914e.r2.dev/1551327579687774.mp4
video-missing    1551327579687774 c0  (expected file not found in facebook/videos/english-seekho-2026-06-28)
carried-forward  1019280954396091 c0  → https://pub-893b4a6a607b4221a894bf861da7914e.r2.dev/1019280954396091.mp4
video-missing    1019280954396091 c0  (expected file not found in facebook/videos/english-seekho-2026-06-28)
carried-forward  1014456487800871 c0  → https://pub-893b4a6a607b4221a894bf861da7914e.r2.dev/1014456487800871.mp4
video-missing    1014456487800871 c0  (expected file not found in facebook/videos/english-seekho-2026-06-28)
carried-forward  883414924661759 c0  → https://pub-893b4a6a607b4221a894bf861da7914e.r2.dev/883414924661759.mp4
carried-forward  992773516690548 c0  → https://pub-893b4a6a607b4221a894bf861da7914e.r2.dev/992773516690548.mp4
carried-forward  1561329068897668 c0  → https://pub-893b4a6a607b4221a894bf861da7914e.r2.dev/1561329068897668.mp4
carried-forward  2152508018617561 c0  → https://pub-893b4a6a607b4221a894bf861da7914e.r2.dev/2152508018617561.mp4
uploaded         1308907690956959 c0  (video) ← 1308907690956959.mp4  → https://pub-893b4a6a607b4221a894bf861da7914e.r2.dev/1308907690956959.mp4
video-missing    1308907690956959 c0  (expected file not found in facebook/videos/english-seekho-2026-06-28)
carried-forward  840617208849283 c0  → https://pub-893b4a6a607b4221a894bf861da7914e.r2.dev/840617208849283.mp4
carried-forward  2057759528145315 c0  → https://pub-893b4a6a607b4221a894bf861da7914e.r2.dev/2057759528145315.mp4
uploaded         1055996536776319 c0  (video) ← 1055996536776319.mp4  → https://pub-893b4a6a607b4221a894bf861da7914e.r2.dev/1055996536776319.mp4
carried-forward  1260469682675863 c0  → https://pub-893b4a6a607b4221a894bf861da7914e.r2.dev/1260469682675863.mp4
carried-forward  995004486736404 c0  → https://pub-893b4a6a607b4221a894bf861da7914e.r2.dev/995004486736404.mp4
carried-forward  1566236988412994 c0  → https://pub-893b4a6a607b4221a894bf861da7914e.r2.dev/1566236988412994.mp4
carried-forward  871564259326574 c0  → https://pub-893b4a6a607b4221a894bf861da7914e.r2.dev/871564259326574.mp4
carried-forward  1223700476600723 c0  → https://pub-893b4a6a607b4221a894bf861da7914e.r2.dev/1223700476600723.mp4
carried-forward  1826736778733928 c0  → https://pub-893b4a6a607b4221a894bf861da7914e.r2.dev/1826736778733928.mp4
video-missing    1826736778733928 c0  (expected file not found in facebook/videos/english-seekho-2026-06-28)
video-missing    1826736778733928 c0  (expected file not found in facebook/videos/english-seekho-2026-06-28)
carried-forward  2187311122058750 c0  → https://pub-893b4a6a607b4221a894bf861da7914e.r2.dev/2187311122058750.mp4
carried-forward  2209878306413733 c0  → https://pub-893b4a6a607b4221a894bf861da7914e.r2.dev/2209878306413733.mp4
video-missing    2209878306413733 c0  (expected file not found in facebook/videos/english-seekho-2026-06-28)
carried-forward  1549761863456981 c0  → https://pub-893b4a6a607b4221a894bf861da7914e.r2.dev/1549761863456981.mp4
uploaded         4526020417718522 c0  (video) ← 4526020417718522.mp4  → https://pub-893b4a6a607b4221a894bf861da7914e.r2.dev/4526020417718522.mp4
video-missing    4526020417718522 c0  (expected file not found in facebook/videos/english-seekho-2026-06-28)
carried-forward  4355411478052722 c0  → https://pub-893b4a6a607b4221a894bf861da7914e.r2.dev/4355411478052722.mp4
uploaded         1073974488628392 c0  (video) ← 1073974488628392.mp4  → https://pub-893b4a6a607b4221a894bf861da7914e.r2.dev/1073974488628392.mp4
carried-forward  2152429472156703 c0  → https://pub-893b4a6a607b4221a894bf861da7914e.r2.dev/2152429472156703.mp4
carried-forward  1025822196672066 c0  → https://pub-893b4a6a607b4221a894bf861da7914e.r2.dev/1025822196672066.mp4
carried-forward  2577522882678116 c0  → https://pub-893b4a6a607b4221a894bf861da7914e.r2.dev/2577522882678116.mp4
carried-forward  1762074481809257 c0  → https://pub-893b4a6a607b4221a894bf861da7914e.r2.dev/1762074481809257.mp4
carried-forward  2415562212279006 c0  → https://pub-893b4a6a607b4221a894bf861da7914e.r2.dev/2415562212279006.mp4
video-missing    2415562212279006 c0  (expected file not found in facebook/videos/english-seekho-2026-06-28)
carried-forward  4462667594015020 c0  → https://pub-893b4a6a607b4221a894bf861da7914e.r2.dev/4462667594015020.mp4
carried-forward  1013882284521219 c0  → https://pub-893b4a6a607b4221a894bf861da7914e.r2.dev/1013882284521219.mp4
carried-forward  1730935764921929 c0  → https://pub-893b4a6a607b4221a894bf861da7914e.r2.dev/1730935764921929.mp4
video-missing    1730935764921929 c0  (expected file not found in facebook/videos/english-seekho-2026-06-28)
video-missing    1730935764921929 c0  (expected file not found in facebook/videos/english-seekho-2026-06-28)
carried-forward  999994179437771 c0  → https://pub-893b4a6a607b4221a894bf861da7914e.r2.dev/999994179437771.mp4
video-missing    999994179437771 c0  (expected file not found in facebook/videos/english-seekho-2026-06-28)
uploaded         1333748891482750 c0  (video) ← 1333748891482750.mp4  → https://pub-893b4a6a607b4221a894bf861da7914e.r2.dev/1333748891482750.mp4
video-missing    1333748891482750 c0  (expected file not found in facebook/videos/english-seekho-2026-06-28)
carried-forward  4404859313114775 c0  → https://pub-893b4a6a607b4221a894bf861da7914e.r2.dev/4404859313114775.mp4
video-missing    4404859313114775 c0  (expected file not found in facebook/videos/english-seekho-2026-06-28)
carried-forward  4595374774118114 c0  → https://pub-893b4a6a607b4221a894bf861da7914e.r2.dev/4595374774118114.mp4
carried-forward  3187076728157852 c0  → https://pub-893b4a6a607b4221a894bf861da7914e.r2.dev/3187076728157852.mp4
video-missing    3187076728157852 c0  (expected file not found in facebook/videos/english-seekho-2026-06-28)
carried-forward  1364784788843978 c0  → https://pub-893b4a6a607b4221a894bf861da7914e.r2.dev/1364784788843978.mp4
carried-forward  1961729674555213 c0  → https://pub-893b4a6a607b4221a894bf861da7914e.r2.dev/1961729674555213.mp4
carried-forward  2284073262000543 c0  → https://pub-893b4a6a607b4221a894bf861da7914e.r2.dev/2284073262000543.mp4
carried-forward  1641629937137441 c0  → https://pub-893b4a6a607b4221a894bf861da7914e.r2.dev/1641629937137441.mp4
carried-forward  1340359514726112 c0  → https://pub-893b4a6a607b4221a894bf861da7914e.r2.dev/1340359514726112.mp4
carried-forward  3163699757156529 c0  → https://pub-893b4a6a607b4221a894bf861da7914e.r2.dev/3163699757156529.mp4
carried-forward  2623728131357423 c0  → https://pub-893b4a6a607b4221a894bf861da7914e.r2.dev/2623728131357423.mp4
carried-forward  1706197273920385 c0  → https://pub-893b4a6a607b4221a894bf861da7914e.r2.dev/1706197273920385.mp4
carried-forward  2785296485181094 c0  → https://pub-893b4a6a607b4221a894bf861da7914e.r2.dev/2785296485181094.mp4
carried-forward  1037885932008729 c0  → https://pub-893b4a6a607b4221a894bf861da7914e.r2.dev/1037885932008729.mp4
video-missing    1037885932008729 c0  (expected file not found in facebook/videos/english-seekho-2026-06-28)
carried-forward  888335133660166 c0  → https://pub-893b4a6a607b4221a894bf861da7914e.r2.dev/888335133660166.mp4
carried-forward  1414490704064865 c0  → https://pub-893b4a6a607b4221a894bf861da7914e.r2.dev/1414490704064865.mp4
carried-forward  2591967137926271 c0  → https://pub-893b4a6a607b4221a894bf861da7914e.r2.dev/2591967137926271.mp4
carried-forward  2026711951385254 c0  → https://pub-893b4a6a607b4221a894bf861da7914e.r2.dev/2026711951385254.mp4
carried-forward  1014900067589638 c0  → https://pub-893b4a6a607b4221a894bf861da7914e.r2.dev/1014900067589638.mp4
carried-forward  2250084872471619 c0  → https://pub-893b4a6a607b4221a894bf861da7914e.r2.dev/2250084872471619.mp4
video-missing    2250084872471619 c0  (expected file not found in facebook/videos/english-seekho-2026-06-28)
carried-forward  1925713674813279 c0  → https://pub-893b4a6a607b4221a894bf861da7914e.r2.dev/1925713674813279.mp4
carried-forward  989866650327478 c0  → https://pub-893b4a6a607b4221a894bf861da7914e.r2.dev/989866650327478.mp4
carried-forward  2457739524747956 c0  → https://pub-893b4a6a607b4221a894bf861da7914e.r2.dev/2457739524747956.mp4
carried-forward  3030759767113624 c0  → https://pub-893b4a6a607b4221a894bf861da7914e.r2.dev/3030759767113624.mp4
carried-forward  988958730629564 c0  → https://pub-893b4a6a607b4221a894bf861da7914e.r2.dev/988958730629564.mp4
video-missing    988958730629564 c0  (expected file not found in facebook/videos/english-seekho-2026-06-28)
carried-forward  1630908624644899 c0  → https://pub-893b4a6a607b4221a894bf861da7914e.r2.dev/1630908624644899.mp4
carried-forward  1711652826546037 c0  → https://pub-893b4a6a607b4221a894bf861da7914e.r2.dev/1711652826546037.mp4
carried-forward  1808954107158548 c0  → https://pub-893b4a6a607b4221a894bf861da7914e.r2.dev/1808954107158548.mp4
carried-forward  868894045834718 c0  → https://pub-893b4a6a607b4221a894bf861da7914e.r2.dev/868894045834718.mp4
carried-forward  1534868921436342 c0  → https://pub-893b4a6a607b4221a894bf861da7914e.r2.dev/1534868921436342.mp4
carried-forward  1561092105377334 c0  → https://pub-893b4a6a607b4221a894bf861da7914e.r2.dev/1561092105377334.mp4
carried-forward  1688447862243837 c0  → https://pub-893b4a6a607b4221a894bf861da7914e.r2.dev/1688447862243837.mp4
carried-forward  1550695633350676 c0  → https://pub-893b4a6a607b4221a894bf861da7914e.r2.dev/1550695633350676.mp4
carried-forward  27432751813028621 c0  → https://pub-893b4a6a607b4221a894bf861da7914e.r2.dev/27432751813028621.mp4
carried-forward  1739759297475313 c0  → https://pub-893b4a6a607b4221a894bf861da7914e.r2.dev/1739759297475313.mp4
video-missing    1739759297475313 c0  (expected file not found in facebook/videos/english-seekho-2026-06-28)
carried-forward  1119136263772404 c0  → https://pub-893b4a6a607b4221a894bf861da7914e.r2.dev/1119136263772404.mp4
carried-forward  1021956876954897 c0  → https://pub-893b4a6a607b4221a894bf861da7914e.r2.dev/1021956876954897.mp4
carried-forward  1929088581083541 c0  → https://pub-893b4a6a607b4221a894bf861da7914e.r2.dev/1929088581083541.mp4
uploaded         1025441466769457 c0  (video) ← 1025441466769457.mp4  → https://pub-893b4a6a607b4221a894bf861da7914e.r2.dev/1025441466769457.mp4
video-missing    1025441466769457 c0  (expected file not found in facebook/videos/english-seekho-2026-06-28)
carried-forward  3045812932291006 c0  → https://pub-893b4a6a607b4221a894bf861da7914e.r2.dev/3045812932291006.mp4
carried-forward  1235005135279364 c0  → https://pub-893b4a6a607b4221a894bf861da7914e.r2.dev/1235005135279364.mp4
carried-forward  1569302308257783 c0  → https://pub-893b4a6a607b4221a894bf861da7914e.r2.dev/1569302308257783.mp4
video-missing    1569302308257783 c0  (expected file not found in facebook/videos/english-seekho-2026-06-28)
carried-forward  2481474042340232 c0  → https://pub-893b4a6a607b4221a894bf861da7914e.r2.dev/2481474042340232.mp4
carried-forward  1319365866496780 c0  → https://pub-893b4a6a607b4221a894bf861da7914e.r2.dev/1319365866496780.mp4
carried-forward  1003880022623611 c0  → https://pub-893b4a6a607b4221a894bf861da7914e.r2.dev/1003880022623611.mp4
carried-forward  869294805765618 c0  → https://pub-893b4a6a607b4221a894bf861da7914e.r2.dev/869294805765618.mp4
uploaded         2158276205120740 c0  (video) ← 2158276205120740.mp4  → https://pub-893b4a6a607b4221a894bf861da7914e.r2.dev/2158276205120740.mp4
carried-forward  27355896097398956 c0  → https://pub-893b4a6a607b4221a894bf861da7914e.r2.dev/27355896097398956.mp4
video-missing    27355896097398956 c0  (expected file not found in facebook/videos/english-seekho-2026-06-28)
carried-forward  1745270143309710 c0  → https://pub-893b4a6a607b4221a894bf861da7914e.r2.dev/1745270143309710.mp4
carried-forward  1699760197792223 c0  → https://pub-893b4a6a607b4221a894bf861da7914e.r2.dev/1699760197792223.mp4
carried-forward  1472313281246256 c0  → https://pub-893b4a6a607b4221a894bf861da7914e.r2.dev/1472313281246256.mp4
carried-forward  4436947229852158 c0  → https://pub-893b4a6a607b4221a894bf861da7914e.r2.dev/4436947229852158.mp4
carried-forward  1753847069392505 c0  → https://pub-893b4a6a607b4221a894bf861da7914e.r2.dev/1753847069392505.mp4
carried-forward  1550767846941355 c0  → https://pub-893b4a6a607b4221a894bf861da7914e.r2.dev/1550767846941355.mp4
carried-forward  1353115583451603 c0  → https://pub-893b4a6a607b4221a894bf861da7914e.r2.dev/1353115583451603.mp4
carried-forward  1716358092837891 c0  → https://pub-893b4a6a607b4221a894bf861da7914e.r2.dev/1716358092837891.mp4
carried-forward  2227939014639570 c0  → https://pub-893b4a6a607b4221a894bf861da7914e.r2.dev/2227939014639570.mp4
uploaded         1030350836005309 c0  (video) ← 1030350836005309.mp4  → https://pub-893b4a6a607b4221a894bf861da7914e.r2.dev/1030350836005309.mp4
video-missing    1030350836005309 c0  (expected file not found in facebook/videos/english-seekho-2026-06-28)
video-missing    1030350836005309 c0  (expected file not found in facebook/videos/english-seekho-2026-06-28)
carried-forward  1015543491226232 c0  → https://pub-893b4a6a607b4221a894bf861da7914e.r2.dev/1015543491226232.mp4
carried-forward  1008205348470296 c0  → https://pub-893b4a6a607b4221a894bf861da7914e.r2.dev/1008205348470296.mp4
carried-forward  1331978341738560 c0  → https://pub-893b4a6a607b4221a894bf861da7914e.r2.dev/1331978341738560.mp4
carried-forward  2215664709231668 c0  → https://pub-893b4a6a607b4221a894bf861da7914e.r2.dev/2215664709231668.mp4
carried-forward  910970308706304 c0  → https://pub-893b4a6a607b4221a894bf861da7914e.r2.dev/910970308706304.mp4
carried-forward  2207005887362893 c0  → https://pub-893b4a6a607b4221a894bf861da7914e.r2.dev/2207005887362893.mp4
carried-forward  1515946419741663 c0  → https://pub-893b4a6a607b4221a894bf861da7914e.r2.dev/1515946419741663.mp4
carried-forward  1562420405249025 c0  → https://pub-893b4a6a607b4221a894bf861da7914e.r2.dev/1562420405249025.mp4
uploaded         1742223770287191 c0  (video) ← 1742223770287191.mp4  → https://pub-893b4a6a607b4221a894bf861da7914e.r2.dev/1742223770287191.mp4
video-missing    1742223770287191 c0  (expected file not found in facebook/videos/english-seekho-2026-06-28)
carried-forward  994055896811811 c0  → https://pub-893b4a6a607b4221a894bf861da7914e.r2.dev/994055896811811.mp4
carried-forward  1714456046374420 c0  → https://pub-893b4a6a607b4221a894bf861da7914e.r2.dev/1714456046374420.mp4
carried-forward  938934152528073 c0  → https://pub-893b4a6a607b4221a894bf861da7914e.r2.dev/938934152528073.mp4
video-missing    938934152528073 c0  (expected file not found in facebook/videos/english-seekho-2026-06-28)
carried-forward  2854895638221000 c0  → https://pub-893b4a6a607b4221a894bf861da7914e.r2.dev/2854895638221000.mp4
uploaded         1748285756361960 c0  (video) ← 1748285756361960.mp4  → https://pub-893b4a6a607b4221a894bf861da7914e.r2.dev/1748285756361960.mp4
video-missing    1748285756361960 c0  (expected file not found in facebook/videos/english-seekho-2026-06-28)
carried-forward  1181452441719053 c0  → https://pub-893b4a6a607b4221a894bf861da7914e.r2.dev/1181452441719053.mp4
carried-forward  1329247255983759 c0  → https://pub-893b4a6a607b4221a894bf861da7914e.r2.dev/1329247255983759.mp4
carried-forward  1902357910427989 c0  → https://pub-893b4a6a607b4221a894bf861da7914e.r2.dev/1902357910427989.mp4
carried-forward  1363806278945070 c0  → https://pub-893b4a6a607b4221a894bf861da7914e.r2.dev/1363806278945070.mp4
carried-forward  1014766887620545 c0  → https://pub-893b4a6a607b4221a894bf861da7914e.r2.dev/1014766887620545.mp4
carried-forward  4395085614099165 c0  → https://pub-893b4a6a607b4221a894bf861da7914e.r2.dev/4395085614099165.mp4
video-missing    4395085614099165 c0  (expected file not found in facebook/videos/english-seekho-2026-06-28)
carried-forward  2289892785083094 c0  → https://pub-893b4a6a607b4221a894bf861da7914e.r2.dev/2289892785083094.mp4
video-missing    2289892785083094 c0  (expected file not found in facebook/videos/english-seekho-2026-06-28)
carried-forward  1329716809342445 c0  → https://pub-893b4a6a607b4221a894bf861da7914e.r2.dev/1329716809342445.mp4
uploaded         1339537878289984 c0  (video) ← 1339537878289984.mp4  → https://pub-893b4a6a607b4221a894bf861da7914e.r2.dev/1339537878289984.mp4
video-missing    1339537878289984 c0  (expected file not found in facebook/videos/english-seekho-2026-06-28)
carried-forward  1052103567500135 c0  → https://pub-893b4a6a607b4221a894bf861da7914e.r2.dev/1052103567500135.mp4
carried-forward  1021299320653057 c0  → https://pub-893b4a6a607b4221a894bf861da7914e.r2.dev/1021299320653057.mp4
carried-forward  1859291145047756 c0  → https://pub-893b4a6a607b4221a894bf861da7914e.r2.dev/1859291145047756.mp4
carried-forward  1242610717842026 c0  → https://pub-893b4a6a607b4221a894bf861da7914e.r2.dev/1242610717842026.mp4
uploaded         1507703377711461 c0  (video) ← 1507703377711461.mp4  → https://pub-893b4a6a607b4221a894bf861da7914e.r2.dev/1507703377711461.mp4
video-missing    1507703377711461 c0  (expected file not found in facebook/videos/english-seekho-2026-06-28)
carried-forward  1527063848884646 c0  → https://pub-893b4a6a607b4221a894bf861da7914e.r2.dev/1527063848884646.mp4
carried-forward  1360549895753796 c0  → https://pub-893b4a6a607b4221a894bf861da7914e.r2.dev/1360549895753796.mp4
carried-forward  2086474589415548 c0  → https://pub-893b4a6a607b4221a894bf861da7914e.r2.dev/2086474589415548.mp4
carried-forward  1990616828235436 c0  → https://pub-893b4a6a607b4221a894bf861da7914e.r2.dev/1990616828235436.mp4
carried-forward  1512701410299971 c0  → https://pub-893b4a6a607b4221a894bf861da7914e.r2.dev/1512701410299971.mp4
carried-forward  2967603190114168 c0  → https://pub-893b4a6a607b4221a894bf861da7914e.r2.dev/2967603190114168.mp4
carried-forward  3098326293684794 c0  → https://pub-893b4a6a607b4221a894bf861da7914e.r2.dev/3098326293684794.mp4
carried-forward  993269620169290 c0  → https://pub-893b4a6a607b4221a894bf861da7914e.r2.dev/993269620169290.mp4
carried-forward  1561629282244743 c0  → https://pub-893b4a6a607b4221a894bf861da7914e.r2.dev/1561629282244743.mp4
uploaded         27133593132988723 c0  (video) ← 27133593132988723.mp4  → https://pub-893b4a6a607b4221a894bf861da7914e.r2.dev/27133593132988723.mp4
carried-forward  1612724600451077 c0  → https://pub-893b4a6a607b4221a894bf861da7914e.r2.dev/1612724600451077.mp4
carried-forward  1021781447215299 c0  → https://pub-893b4a6a607b4221a894bf861da7914e.r2.dev/1021781447215299.mp4
uploaded         1374785827827725 c0  (video) ← 1374785827827725.mp4  → https://pub-893b4a6a607b4221a894bf861da7914e.r2.dev/1374785827827725.mp4
carried-forward  1872538386776161 c0  → https://pub-893b4a6a607b4221a894bf861da7914e.r2.dev/1872538386776161.mp4
uploaded         1027062443044269 c0  (video) ← 1027062443044269.mp4  → https://pub-893b4a6a607b4221a894bf861da7914e.r2.dev/1027062443044269.mp4
carried-forward  2201883133941569 c0  → https://pub-893b4a6a607b4221a894bf861da7914e.r2.dev/2201883133941569.mp4
carried-forward  2453287415158391 c0  → https://pub-893b4a6a607b4221a894bf861da7914e.r2.dev/2453287415158391.mp4
carried-forward  841180405485967 c0  → https://pub-893b4a6a607b4221a894bf861da7914e.r2.dev/841180405485967.mp4
uploaded         1036397825513859 c0  (video) ← 1036397825513859.mp4  → https://pub-893b4a6a607b4221a894bf861da7914e.r2.dev/1036397825513859.mp4
uploaded         1033245122570684 c0  (video) ← 1033245122570684.mp4  → https://pub-893b4a6a607b4221a894bf861da7914e.r2.dev/1033245122570684.mp4
uploaded         1511433867191268 c0  (video) ← 1511433867191268.mp4  → https://pub-893b4a6a607b4221a894bf861da7914e.r2.dev/1511433867191268.mp4
video-missing    1511433867191268 c0  (expected file not found in facebook/videos/english-seekho-2026-06-28)
carried-forward  2257983795014666 c0  → https://pub-893b4a6a607b4221a894bf861da7914e.r2.dev/2257983795014666.mp4
uploaded         2213306189427238 c0  (video) ← 2213306189427238.mp4  → https://pub-893b4a6a607b4221a894bf861da7914e.r2.dev/2213306189427238.mp4
carried-forward  3098588263866064 c0  → https://pub-893b4a6a607b4221a894bf861da7914e.r2.dev/3098588263866064.mp4
carried-forward  922682520699920 c0  → https://pub-893b4a6a607b4221a894bf861da7914e.r2.dev/922682520699920.mp4
carried-forward  4982615451950571 c0  → https://pub-893b4a6a607b4221a894bf861da7914e.r2.dev/4982615451950571.mp4
carried-forward  1485257069470905 c0  → https://pub-893b4a6a607b4221a894bf861da7914e.r2.dev/1485257069470905.mp4
carried-forward  2062686851122576 c0  → https://pub-893b4a6a607b4221a894bf861da7914e.r2.dev/2062686851122576.mp4
video-missing    2062686851122576 c0  (expected file not found in facebook/videos/english-seekho-2026-06-28)
carried-forward  989974220692229 c0  → https://pub-893b4a6a607b4221a894bf861da7914e.r2.dev/989974220692229.mp4
video-missing    989974220692229 c0  (expected file not found in facebook/videos/english-seekho-2026-06-28)
uploaded         2906457319704449 c0  (video) ← 2906457319704449.mp4  → https://pub-893b4a6a607b4221a894bf861da7914e.r2.dev/2906457319704449.mp4
carried-forward  767456879118205 c0  → https://pub-893b4a6a607b4221a894bf861da7914e.r2.dev/767456879118205.mp4
carried-forward  1523119236146137 c0  → https://pub-893b4a6a607b4221a894bf861da7914e.r2.dev/1523119236146137.mp4
uploaded         36619413244340651 c0  (video) ← 36619413244340651.mp4  → https://pub-893b4a6a607b4221a894bf861da7914e.r2.dev/36619413244340651.mp4
carried-forward  1908450636707359 c0  → https://pub-893b4a6a607b4221a894bf861da7914e.r2.dev/1908450636707359.mp4
carried-forward  2262866804533252 c0  → https://pub-893b4a6a607b4221a894bf861da7914e.r2.dev/2262866804533252.mp4
carried-forward  1349796443951224 c0  → https://pub-893b4a6a607b4221a894bf861da7914e.r2.dev/1349796443951224.mp4
uploaded         1642388183500940 c0  (video) ← 1642388183500940.mp4  → https://pub-893b4a6a607b4221a894bf861da7914e.r2.dev/1642388183500940.mp4
carried-forward  1699280597967250 c0  → https://pub-893b4a6a607b4221a894bf861da7914e.r2.dev/1699280597967250.mp4
carried-forward  2319241231943171 c0  → https://pub-893b4a6a607b4221a894bf861da7914e.r2.dev/2319241231943171.mp4
uploaded         1409513527643889 c0  (video) ← 1409513527643889.mp4  → https://pub-893b4a6a607b4221a894bf861da7914e.r2.dev/1409513527643889.mp4
uploaded         1026291309786567 c0  (video) ← 1026291309786567.mp4  → https://pub-893b4a6a607b4221a894bf861da7914e.r2.dev/1026291309786567.mp4
carried-forward  4028801277424057 c0  → https://pub-893b4a6a607b4221a894bf861da7914e.r2.dev/4028801277424057.mp4
uploaded         1028563213017035 c0  (video) ← 1028563213017035.mp4  → https://pub-893b4a6a607b4221a894bf861da7914e.r2.dev/1028563213017035.mp4
uploaded         1693495218593034 c0  (video) ← 1693495218593034.mp4  → https://pub-893b4a6a607b4221a894bf861da7914e.r2.dev/1693495218593034.mp4
carried-forward  2674686452896226 c0  → https://pub-893b4a6a607b4221a894bf861da7914e.r2.dev/2674686452896226.mp4
uploaded         2449267882206681 c0  (video) ← 2449267882206681.mp4  → https://pub-893b4a6a607b4221a894bf861da7914e.r2.dev/2449267882206681.mp4
video-missing    2449267882206681 c0  (expected file not found in facebook/videos/english-seekho-2026-06-28)
uploaded         1711308136663335 c0  (video) ← 1711308136663335.mp4  → https://pub-893b4a6a607b4221a894bf861da7914e.r2.dev/1711308136663335.mp4
uploaded         2205834800200196 c0  (video) ← 2205834800200196.mp4  → https://pub-893b4a6a607b4221a894bf861da7914e.r2.dev/2205834800200196.mp4
video-missing    2205834800200196 c0  (expected file not found in facebook/videos/english-seekho-2026-06-28)
uploaded         1709596260239412 c0  (video) ← 1709596260239412.mp4  → https://pub-893b4a6a607b4221a894bf861da7914e.r2.dev/1709596260239412.mp4
uploaded         1024751690421449 c0  (video) ← 1024751690421449.mp4  → https://pub-893b4a6a607b4221a894bf861da7914e.r2.dev/1024751690421449.mp4
uploaded         1019462803873202 c0  (video) ← 1019462803873202.mp4  → https://pub-893b4a6a607b4221a894bf861da7914e.r2.dev/1019462803873202.mp4
uploaded         1558007609115035 c0  (video) ← 1558007609115035.mp4  → https://pub-893b4a6a607b4221a894bf861da7914e.r2.dev/1558007609115035.mp4
uploaded         1754695145524805 c0  (video) ← 1754695145524805.mp4  → https://pub-893b4a6a607b4221a894bf861da7914e.r2.dev/1754695145524805.mp4
uploaded         1021068740844951 c0  (video) ← 1021068740844951.mp4  → https://pub-893b4a6a607b4221a894bf861da7914e.r2.dev/1021068740844951.mp4
uploaded         998788546292036 c0  (video) ← 998788546292036.mp4  → https://pub-893b4a6a607b4221a894bf861da7914e.r2.dev/998788546292036.mp4
carried-forward  1034778562358924 c0  → https://pub-893b4a6a607b4221a894bf861da7914e.r2.dev/1034778562358924.mp4
uploaded         2535942490168974 c0  (video) ← 2535942490168974.mp4  → https://pub-893b4a6a607b4221a894bf861da7914e.r2.dev/2535942490168974.mp4
uploaded         1714219689712153 c0  (video) ← 1714219689712153.mp4  → https://pub-893b4a6a607b4221a894bf861da7914e.r2.dev/1714219689712153.mp4
carried-forward  1781211133045778 c0  → https://pub-893b4a6a607b4221a894bf861da7914e.r2.dev/1781211133045778.mp4
uploaded         2408308316320943 c0  (video) ← 2408308316320943.mp4  → https://pub-893b4a6a607b4221a894bf861da7914e.r2.dev/2408308316320943.mp4
carried-forward  2069551497104811 c0  → https://pub-893b4a6a607b4221a894bf861da7914e.r2.dev/2069551497104811.mp4
uploaded         2558817427910261 c0  (video) ← 2558817427910261.mp4  → https://pub-893b4a6a607b4221a894bf861da7914e.r2.dev/2558817427910261.mp4
uploaded         3157437864456172 c0  (video) ← 3157437864456172.mp4  → https://pub-893b4a6a607b4221a894bf861da7914e.r2.dev/3157437864456172.mp4
uploaded         1495972881686540 c0  (video) ← 1495972881686540.mp4  → https://pub-893b4a6a607b4221a894bf861da7914e.r2.dev/1495972881686540.mp4
carried-forward  3907456816051144 c0  → https://pub-893b4a6a607b4221a894bf861da7914e.r2.dev/3907456816051144.mp4
uploaded         2341560246678878 c0  (video) ← 2341560246678878.mp4  → https://pub-893b4a6a607b4221a894bf861da7914e.r2.dev/2341560246678878.mp4
uploaded         1512199894032918 c0  (video) ← 1512199894032918.mp4  → https://pub-893b4a6a607b4221a894bf861da7914e.r2.dev/1512199894032918.mp4
carried-forward  1501154984318432 c0  → https://pub-893b4a6a607b4221a894bf861da7914e.r2.dev/1501154984318432.mp4
uploaded         1310817981217259 c0  (video) ← 1310817981217259.mp4  → https://pub-893b4a6a607b4221a894bf861da7914e.r2.dev/1310817981217259.mp4
uploaded         2141590100039149 c0  (video) ← 2141590100039149.mp4  → https://pub-893b4a6a607b4221a894bf861da7914e.r2.dev/2141590100039149.mp4
carried-forward  1548158910275403 c0  → https://pub-893b4a6a607b4221a894bf861da7914e.r2.dev/1548158910275403.mp4
carried-forward  1558750499203337 c0  → https://pub-893b4a6a607b4221a894bf861da7914e.r2.dev/1558750499203337.mp4
video-missing    1558750499203337 c0  (expected file not found in facebook/videos/english-seekho-2026-06-28)
uploaded         1320138283566176 c0  (video) ← 1320138283566176.mp4  → https://pub-893b4a6a607b4221a894bf861da7914e.r2.dev/1320138283566176.mp4
carried-forward  1363129315738895 c0  → https://pub-893b4a6a607b4221a894bf861da7914e.r2.dev/1363129315738895.mp4
uploaded         4394761534068761 c0  (video) ← 4394761534068761.mp4  → https://pub-893b4a6a607b4221a894bf861da7914e.r2.dev/4394761534068761.mp4
carried-forward  1033037325739194 c0  → https://pub-893b4a6a607b4221a894bf861da7914e.r2.dev/1033037325739194.mp4
carried-forward  1013834224460527 c0  → https://pub-893b4a6a607b4221a894bf861da7914e.r2.dev/1013834224460527.mp4
carried-forward  1580590853449315 c0  → https://pub-893b4a6a607b4221a894bf861da7914e.r2.dev/1580590853449315.mp4
carried-forward  1016711277501426 c0  → https://pub-893b4a6a607b4221a894bf861da7914e.r2.dev/1016711277501426.mp4
uploaded         27315908854726090 c0  (video) ← 27315908854726090.mp4  → https://pub-893b4a6a607b4221a894bf861da7914e.r2.dev/27315908854726090.mp4
uploaded         842481785357443 c0  (video) ← 842481785357443.mp4  → https://pub-893b4a6a607b4221a894bf861da7914e.r2.dev/842481785357443.mp4
carried-forward  1018511234269314 c0  → https://pub-893b4a6a607b4221a894bf861da7914e.r2.dev/1018511234269314.mp4
carried-forward  2844095835932261 c0  → https://pub-893b4a6a607b4221a894bf861da7914e.r2.dev/2844095835932261.mp4
carried-forward  1476645587385501 c0  → https://pub-893b4a6a607b4221a894bf861da7914e.r2.dev/1476645587385501.mp4
uploaded         2064561697748135 c0  (video) ← 2064561697748135.mp4  → https://pub-893b4a6a607b4221a894bf861da7914e.r2.dev/2064561697748135.mp4
uploaded         2929786164037816 c0  (video) ← 2929786164037816.mp4  → https://pub-893b4a6a607b4221a894bf861da7914e.r2.dev/2929786164037816.mp4
carried-forward  1244507290916309 c0  → https://pub-893b4a6a607b4221a894bf861da7914e.r2.dev/1244507290916309.mp4
carried-forward  4379825375635044 c0  → https://pub-893b4a6a607b4221a894bf861da7914e.r2.dev/4379825375635044.mp4
carried-forward  2299324837553512 c0  → https://pub-893b4a6a607b4221a894bf861da7914e.r2.dev/2299324837553512.mp4
carried-forward  1798711957512384 c0  → https://pub-893b4a6a607b4221a894bf861da7914e.r2.dev/1798711957512384.mp4
carried-forward  1001705955900470 c0  → https://pub-893b4a6a607b4221a894bf861da7914e.r2.dev/1001705955900470.mp4
uploaded         1023740466793479 c0  (video) ← 1023740466793479.mp4  → https://pub-893b4a6a607b4221a894bf861da7914e.r2.dev/1023740466793479.mp4
carried-forward  1217329830515440 c0  → https://pub-893b4a6a607b4221a894bf861da7914e.r2.dev/1217329830515440.mp4
carried-forward  1552152966609413 c0  → https://pub-893b4a6a607b4221a894bf861da7914e.r2.dev/1552152966609413.mp4
video-missing    1552152966609413 c0  (expected file not found in facebook/videos/english-seekho-2026-06-28)
uploaded         3205250223196873 c0  (video) ← 3205250223196873.mp4  → https://pub-893b4a6a607b4221a894bf861da7914e.r2.dev/3205250223196873.mp4
uploaded         1326755802940958 c0  (video) ← 1326755802940958.mp4  → https://pub-893b4a6a607b4221a894bf861da7914e.r2.dev/1326755802940958.mp4
carried-forward  2306352906781920 c0  → https://pub-893b4a6a607b4221a894bf861da7914e.r2.dev/2306352906781920.mp4
uploaded         2283735255729411 c0  (video) ← 2283735255729411.mp4  → https://pub-893b4a6a607b4221a894bf861da7914e.r2.dev/2283735255729411.mp4
carried-forward  1210251577301882 c0  → https://pub-893b4a6a607b4221a894bf861da7914e.r2.dev/1210251577301882.mp4
uploaded         1384182580190280 c0  (video) ← 1384182580190280.mp4  → https://pub-893b4a6a607b4221a894bf861da7914e.r2.dev/1384182580190280.mp4
uploaded         1559445525787813 c0  (video) ← 1559445525787813.mp4  → https://pub-893b4a6a607b4221a894bf861da7914e.r2.dev/1559445525787813.mp4
carried-forward  1683181803008249 c0  → https://pub-893b4a6a607b4221a894bf861da7914e.r2.dev/1683181803008249.mp4
carried-forward  1726070268386502 c0  → https://pub-893b4a6a607b4221a894bf861da7914e.r2.dev/1726070268386502.mp4
uploaded         899896539061318 c0  (video) ← 899896539061318.mp4  → https://pub-893b4a6a607b4221a894bf861da7914e.r2.dev/899896539061318.mp4
uploaded         27295575716736391 c0  (video) ← 27295575716736391.mp4  → https://pub-893b4a6a607b4221a894bf861da7914e.r2.dev/27295575716736391.mp4
uploaded         2165387910922754 c0  (video) ← 2165387910922754.mp4  → https://pub-893b4a6a607b4221a894bf861da7914e.r2.dev/2165387910922754.mp4
uploaded         2056174055306814 c0  (video) ← 2056174055306814.mp4  → https://pub-893b4a6a607b4221a894bf861da7914e.r2.dev/2056174055306814.mp4
uploaded         27932652769666137 c0  (video) ← 27932652769666137.mp4  → https://pub-893b4a6a607b4221a894bf861da7914e.r2.dev/27932652769666137.mp4
carried-forward  1868096310508725 c0  → https://pub-893b4a6a607b4221a894bf861da7914e.r2.dev/1868096310508725.mp4
carried-forward  1116123194536720 c0  → https://pub-893b4a6a607b4221a894bf861da7914e.r2.dev/1116123194536720.mp4
carried-forward  2176910723137201 c0  → https://pub-893b4a6a607b4221a894bf861da7914e.r2.dev/2176910723137201.mp4
uploaded         1506917687899008 c0  (video) ← 1506917687899008.mp4  → https://pub-893b4a6a607b4221a894bf861da7914e.r2.dev/1506917687899008.mp4
uploaded         1740663150446083 c0  (video) ← 1740663150446083.mp4  → https://pub-893b4a6a607b4221a894bf861da7914e.r2.dev/1740663150446083.mp4
carried-forward  769511858914323 c0  → https://pub-893b4a6a607b4221a894bf861da7914e.r2.dev/769511858914323.mp4
uploaded         929971476782124 c0  (video) ← 929971476782124.mp4  → https://pub-893b4a6a607b4221a894bf861da7914e.r2.dev/929971476782124.mp4
carried-forward  990590060257495 c0  → https://pub-893b4a6a607b4221a894bf861da7914e.r2.dev/990590060257495.mp4
uploaded         27335835606056217 c0  (video) ← 27335835606056217.mp4  → https://pub-893b4a6a607b4221a894bf861da7914e.r2.dev/27335835606056217.mp4
uploaded         1324313932622770 c0  (video) ← 1324313932622770.mp4  → https://pub-893b4a6a607b4221a894bf861da7914e.r2.dev/1324313932622770.mp4
carried-forward  1008648735466064 c0  → https://pub-893b4a6a607b4221a894bf861da7914e.r2.dev/1008648735466064.mp4
uploaded         1967928110547749 c0  (video) ← 1967928110547749.mp4  → https://pub-893b4a6a607b4221a894bf861da7914e.r2.dev/1967928110547749.mp4
uploaded         2246892452744233 c0  (video) ← 2246892452744233.mp4  → https://pub-893b4a6a607b4221a894bf861da7914e.r2.dev/2246892452744233.mp4
uploaded         1574883837644639 c0  (video) ← 1574883837644639.mp4  → https://pub-893b4a6a607b4221a894bf861da7914e.r2.dev/1574883837644639.mp4
carried-forward  1327008125654508 c0  → https://pub-893b4a6a607b4221a894bf861da7914e.r2.dev/1327008125654508.mp4
carried-forward  1419054459866080 c0  → https://pub-893b4a6a607b4221a894bf861da7914e.r2.dev/1419054459866080.mp4
uploaded         1640617520348795 c0  (video) ← 1640617520348795.mp4  → https://pub-893b4a6a607b4221a894bf861da7914e.r2.dev/1640617520348795.mp4
uploaded         1390506386230676 c0  (video) ← 1390506386230676.mp4  → https://pub-893b4a6a607b4221a894bf861da7914e.r2.dev/1390506386230676.mp4
carried-forward  980161078224519 c0  → https://pub-893b4a6a607b4221a894bf861da7914e.r2.dev/980161078224519.mp4
carried-forward  1905133330090659 c0  → https://pub-893b4a6a607b4221a894bf861da7914e.r2.dev/1905133330090659.mp4
uploaded         996288616444906 c0  (video) ← 996288616444906.mp4  → https://pub-893b4a6a607b4221a894bf861da7914e.r2.dev/996288616444906.mp4
carried-forward  1802374050727050 c0  → https://pub-893b4a6a607b4221a894bf861da7914e.r2.dev/1802374050727050.mp4
uploaded         2578277869274551 c0  (video) ← 2578277869274551.mp4  → https://pub-893b4a6a607b4221a894bf861da7914e.r2.dev/2578277869274551.mp4
uploaded         1523799575738984 c0  (video) ← 1523799575738984.mp4  → https://pub-893b4a6a607b4221a894bf861da7914e.r2.dev/1523799575738984.mp4
carried-forward  1370316518351776 c0  → https://pub-893b4a6a607b4221a894bf861da7914e.r2.dev/1370316518351776.mp4
carried-forward  1491590802118530 c0  → https://pub-893b4a6a607b4221a894bf861da7914e.r2.dev/1491590802118530.mp4
carried-forward  988161937540286 c0  → https://pub-893b4a6a607b4221a894bf861da7914e.r2.dev/988161937540286.mp4
uploaded         2010151773202879 c0  (video) ← 2010151773202879.mp4  → https://pub-893b4a6a607b4221a894bf861da7914e.r2.dev/2010151773202879.mp4
uploaded         27707159308921641 c0  (video) ← 27707159308921641.mp4  → https://pub-893b4a6a607b4221a894bf861da7914e.r2.dev/27707159308921641.mp4
uploaded         958213097253539 c0  (video) ← 958213097253539.mp4  → https://pub-893b4a6a607b4221a894bf861da7914e.r2.dev/958213097253539.mp4
carried-forward  1805631653741929 c0  → https://pub-893b4a6a607b4221a894bf861da7914e.r2.dev/1805631653741929.mp4
uploaded         1674983093760109 c0  (video) ← 1674983093760109.mp4  → https://pub-893b4a6a607b4221a894bf861da7914e.r2.dev/1674983093760109.mp4
uploaded         2420453341769152 c0  (video) ← 2420453341769152.mp4  → https://pub-893b4a6a607b4221a894bf861da7914e.r2.dev/2420453341769152.mp4
carried-forward  1251191153618197 c0  → https://pub-893b4a6a607b4221a894bf861da7914e.r2.dev/1251191153618197.mp4
carried-forward  992003716779713 c0  → https://pub-893b4a6a607b4221a894bf861da7914e.r2.dev/992003716779713.mp4
carried-forward  1621125992313271 c0  → https://pub-893b4a6a607b4221a894bf861da7914e.r2.dev/1621125992313271.mp4
carried-forward  1952634185456619 c0  → https://pub-893b4a6a607b4221a894bf861da7914e.r2.dev/1952634185456619.mp4
video-missing    1952634185456619 c0  (expected file not found in facebook/videos/english-seekho-2026-06-28)
carried-forward  2015119902365104 c0  → https://pub-893b4a6a607b4221a894bf861da7914e.r2.dev/2015119902365104.mp4
uploaded         1682876312974450 c0  (video) ← 1682876312974450.mp4  → https://pub-893b4a6a607b4221a894bf861da7914e.r2.dev/1682876312974450.mp4
carried-forward  1558673602713164 c0  → https://pub-893b4a6a607b4221a894bf861da7914e.r2.dev/1558673602713164.mp4
uploaded         2148544775703153 c0  (video) ← 2148544775703153.mp4  → https://pub-893b4a6a607b4221a894bf861da7914e.r2.dev/2148544775703153.mp4
uploaded         1239604188199057 c0  (video) ← 1239604188199057.mp4  → https://pub-893b4a6a607b4221a894bf861da7914e.r2.dev/1239604188199057.mp4
carried-forward  2491978981265778 c0  → https://pub-893b4a6a607b4221a894bf861da7914e.r2.dev/2491978981265778.mp4
video-missing    2491978981265778 c0  (expected file not found in facebook/videos/english-seekho-2026-06-28)
uploaded         1576279847200977 c0  (video) ← 1576279847200977.mp4  → https://pub-893b4a6a607b4221a894bf861da7914e.r2.dev/1576279847200977.mp4
carried-forward  869204186258411 c0  → https://pub-893b4a6a607b4221a894bf861da7914e.r2.dev/869204186258411.mp4
carried-forward  1502392968556177 c0  → https://pub-893b4a6a607b4221a894bf861da7914e.r2.dev/1502392968556177.mp4
carried-forward  608640915677208 c0  → https://pub-893b4a6a607b4221a894bf861da7914e.r2.dev/608640915677208.mp4
uploaded         1972687376785427 c0  (video) ← 1972687376785427.mp4  → https://pub-893b4a6a607b4221a894bf861da7914e.r2.dev/1972687376785427.mp4
uploaded         1332053658453591 c0  (video) ← 1332053658453591.mp4  → https://pub-893b4a6a607b4221a894bf861da7914e.r2.dev/1332053658453591.mp4
uploaded         1324504125895712 c0  (video) ← 1324504125895712.mp4  → https://pub-893b4a6a607b4221a894bf861da7914e.r2.dev/1324504125895712.mp4
carried-forward  989043553899179 c0  → https://pub-893b4a6a607b4221a894bf861da7914e.r2.dev/989043553899179.mp4
carried-forward  1229348518532340 c0  → https://pub-893b4a6a607b4221a894bf861da7914e.r2.dev/1229348518532340.mp4
carried-forward  1054948106795031 c0  → https://pub-893b4a6a607b4221a894bf861da7914e.r2.dev/1054948106795031.mp4
uploaded         1428198525740359 c0  (video) ← 1428198525740359.mp4  → https://pub-893b4a6a607b4221a894bf861da7914e.r2.dev/1428198525740359.mp4
uploaded         2023570384912099 c0  (video) ← 2023570384912099.mp4  → https://pub-893b4a6a607b4221a894bf861da7914e.r2.dev/2023570384912099.mp4
carried-forward  25537890735891271 c0  → https://pub-893b4a6a607b4221a894bf861da7914e.r2.dev/25537890735891271.mp4
carried-forward  1776427543722557 c0  → https://pub-893b4a6a607b4221a894bf861da7914e.r2.dev/1776427543722557.mp4
carried-forward  1270883268453201 c0  → https://pub-893b4a6a607b4221a894bf861da7914e.r2.dev/1270883268453201.mp4
uploaded         1897670861193161 c0  (video) ← 1897670861193161.mp4  → https://pub-893b4a6a607b4221a894bf861da7914e.r2.dev/1897670861193161.mp4
video-missing    1897670861193161 c0  (expected file not found in facebook/videos/english-seekho-2026-06-28)
carried-forward  1915623526004087 c0  → https://pub-893b4a6a607b4221a894bf861da7914e.r2.dev/1915623526004087.mp4
uploaded         1812133549770483 c0  (video) ← 1812133549770483.mp4  → https://pub-893b4a6a607b4221a894bf861da7914e.r2.dev/1812133549770483.mp4
uploaded         1482623330575982 c0  (video) ← 1482623330575982.mp4  → https://pub-893b4a6a607b4221a894bf861da7914e.r2.dev/1482623330575982.mp4
carried-forward  1044908534625978 c0  → https://pub-893b4a6a607b4221a894bf861da7914e.r2.dev/1044908534625978.mp4
carried-forward  1522254569489888 c0  → https://pub-893b4a6a607b4221a894bf861da7914e.r2.dev/1522254569489888.mp4
carried-forward  1224227439081919 c0  → https://pub-893b4a6a607b4221a894bf861da7914e.r2.dev/1224227439081919.mp4
carried-forward  890589943792591 c0  → https://pub-893b4a6a607b4221a894bf861da7914e.r2.dev/890589943792591.mp4
uploaded         938889342494720 c0  (video) ← 938889342494720.mp4  → https://pub-893b4a6a607b4221a894bf861da7914e.r2.dev/938889342494720.mp4
uploaded         1565628568301894 c0  (video) ← 1565628568301894.mp4  → https://pub-893b4a6a607b4221a894bf861da7914e.r2.dev/1565628568301894.mp4
uploaded         2553865061728215 c0  (video) ← 2553865061728215.mp4  → https://pub-893b4a6a607b4221a894bf861da7914e.r2.dev/2553865061728215.mp4
carried-forward  1559841751931772 c0  → https://pub-893b4a6a607b4221a894bf861da7914e.r2.dev/1559841751931772.mp4
carried-forward  840752642285554 c0  → https://pub-893b4a6a607b4221a894bf861da7914e.r2.dev/840752642285554.mp4
uploaded         1539993607506939 c0  (video) ← 1539993607506939.mp4  → https://pub-893b4a6a607b4221a894bf861da7914e.r2.dev/1539993607506939.mp4
uploaded         880929841140410 c0  (video) ← 880929841140410.mp4  → https://pub-893b4a6a607b4221a894bf861da7914e.r2.dev/880929841140410.mp4
uploaded         944249598669744 c0  (video) ← 944249598669744.mp4  → https://pub-893b4a6a607b4221a894bf861da7914e.r2.dev/944249598669744.mp4
uploaded         1499238464666947 c0  (video) ← 1499238464666947.mp4  → https://pub-893b4a6a607b4221a894bf861da7914e.r2.dev/1499238464666947.mp4
uploaded         4397812893794030 c0  (video) ← 4397812893794030.mp4  → https://pub-893b4a6a607b4221a894bf861da7914e.r2.dev/4397812893794030.mp4
carried-forward  874940122070171 c0  → https://pub-893b4a6a607b4221a894bf861da7914e.r2.dev/874940122070171.mp4
carried-forward  2169990790424508 c0  → https://pub-893b4a6a607b4221a894bf861da7914e.r2.dev/2169990790424508.mp4
video-missing    2169990790424508 c0  (expected file not found in facebook/videos/english-seekho-2026-06-28)
uploaded         1353135133400137 c0  (video) ← 1353135133400137.mp4  → https://pub-893b4a6a607b4221a894bf861da7914e.r2.dev/1353135133400137.mp4
uploaded         2498739787263853 c0  (video) ← 2498739787263853.mp4  → https://pub-893b4a6a607b4221a894bf861da7914e.r2.dev/2498739787263853.mp4
carried-forward  1379767887344638 c0  → https://pub-893b4a6a607b4221a894bf861da7914e.r2.dev/1379767887344638.mp4
carried-forward  1430826552137036 c0  → https://pub-893b4a6a607b4221a894bf861da7914e.r2.dev/1430826552137036.mp4
uploaded         27503567002667563 c0  (video) ← 27503567002667563.mp4  → https://pub-893b4a6a607b4221a894bf861da7914e.r2.dev/27503567002667563.mp4
carried-forward  1509527853448376 c0  → https://pub-893b4a6a607b4221a894bf861da7914e.r2.dev/1509527853448376.mp4
carried-forward  2650304785426426 c0  → https://pub-893b4a6a607b4221a894bf861da7914e.r2.dev/2650304785426426.mp4
carried-forward  1058989673456910 c0  → https://pub-893b4a6a607b4221a894bf861da7914e.r2.dev/1058989673456910.mp4
uploaded         1659803525293378 c0  (video) ← 1659803525293378.mp4  → https://pub-893b4a6a607b4221a894bf861da7914e.r2.dev/1659803525293378.mp4
uploaded         1363134615753521 c0  (video) ← 1363134615753521.mp4  → https://pub-893b4a6a607b4221a894bf861da7914e.r2.dev/1363134615753521.mp4
carried-forward  860252803820059 c0  → https://pub-893b4a6a607b4221a894bf861da7914e.r2.dev/860252803820059.mp4
carried-forward  26372603382322992 c0  → https://pub-893b4a6a607b4221a894bf861da7914e.r2.dev/26372603382322992.mp4
uploaded         1043966501300645 c0  (video) ← 1043966501300645.mp4  → https://pub-893b4a6a607b4221a894bf861da7914e.r2.dev/1043966501300645.mp4
carried-forward  1945996112929486 c0  → https://pub-893b4a6a607b4221a894bf861da7914e.r2.dev/1945996112929486.mp4
carried-forward  890964710704617 c0  → https://pub-893b4a6a607b4221a894bf861da7914e.r2.dev/890964710704617.mp4
video-missing    890964710704617 c0  (expected file not found in facebook/videos/english-seekho-2026-06-28)
carried-forward  991962493442794 c0  → https://pub-893b4a6a607b4221a894bf861da7914e.r2.dev/991962493442794.mp4
video-missing    991962493442794 c0  (expected file not found in facebook/videos/english-seekho-2026-06-28)
uploaded         860471200469846 c0  (video) ← 860471200469846.mp4  → https://pub-893b4a6a607b4221a894bf861da7914e.r2.dev/860471200469846.mp4
carried-forward  5195950473963815 c0  → https://pub-893b4a6a607b4221a894bf861da7914e.r2.dev/5195950473963815.mp4
uploaded         1002287252384867 c0  (video) ← 1002287252384867.mp4  → https://pub-893b4a6a607b4221a894bf861da7914e.r2.dev/1002287252384867.mp4
carried-forward  27014277688243328 c0  → https://pub-893b4a6a607b4221a894bf861da7914e.r2.dev/27014277688243328.mp4
video-missing    27014277688243328 c0  (expected file not found in facebook/videos/english-seekho-2026-06-28)
uploaded         1888834549168898 c0  (video) ← 1888834549168898.mp4  → https://pub-893b4a6a607b4221a894bf861da7914e.r2.dev/1888834549168898.mp4
uploaded         2004699174253304 c0  (video) ← 2004699174253304.mp4  → https://pub-893b4a6a607b4221a894bf861da7914e.r2.dev/2004699174253304.mp4
carried-forward  2489340338177655 c0  → https://pub-893b4a6a607b4221a894bf861da7914e.r2.dev/2489340338177655.mp4
uploaded         1010930024975100 c0  (video) ← 1010930024975100.mp4  → https://pub-893b4a6a607b4221a894bf861da7914e.r2.dev/1010930024975100.mp4
carried-forward  1566419131498516 c0  → https://pub-893b4a6a607b4221a894bf861da7914e.r2.dev/1566419131498516.mp4
carried-forward  1517554036505986 c0  → https://pub-893b4a6a607b4221a894bf861da7914e.r2.dev/1517554036505986.mp4
carried-forward  1714300106270908 c0  → https://pub-893b4a6a607b4221a894bf861da7914e.r2.dev/1714300106270908.mp4
carried-forward  1320370950284865 c0  → https://pub-893b4a6a607b4221a894bf861da7914e.r2.dev/1320370950284865.mp4
uploaded         1671343857475882 c0  (video) ← 1671343857475882.mp4  → https://pub-893b4a6a607b4221a894bf861da7914e.r2.dev/1671343857475882.mp4
uploaded         1054147823720903 c0  (video) ← 1054147823720903.mp4  → https://pub-893b4a6a607b4221a894bf861da7914e.r2.dev/1054147823720903.mp4
uploaded         2517399202045946 c0  (video) ← 2517399202045946.mp4  → https://pub-893b4a6a607b4221a894bf861da7914e.r2.dev/2517399202045946.mp4
uploaded         1019358727502970 c0  (video) ← 1019358727502970.mp4  → https://pub-893b4a6a607b4221a894bf861da7914e.r2.dev/1019358727502970.mp4
carried-forward  1643770476925443 c0  → https://pub-893b4a6a607b4221a894bf861da7914e.r2.dev/1643770476925443.mp4
uploaded         890103016920188 c0  (video) ← 890103016920188.mp4  → https://pub-893b4a6a607b4221a894bf861da7914e.r2.dev/890103016920188.mp4
uploaded         1908854969802464 c0  (video) ← 1908854969802464.mp4  → https://pub-893b4a6a607b4221a894bf861da7914e.r2.dev/1908854969802464.mp4
uploaded         1593570995756078 c0  (video) ← 1593570995756078.mp4  → https://pub-893b4a6a607b4221a894bf861da7914e.r2.dev/1593570995756078.mp4
carried-forward  1427103212256894 c0  → https://pub-893b4a6a607b4221a894bf861da7914e.r2.dev/1427103212256894.mp4
uploaded         1505389691268807 c0  (video) ← 1505389691268807.mp4  → https://pub-893b4a6a607b4221a894bf861da7914e.r2.dev/1505389691268807.mp4
carried-forward  28740456275544709 c0  → https://pub-893b4a6a607b4221a894bf861da7914e.r2.dev/28740456275544709.mp4
uploaded         1331765741868571 c0  (video) ← 1331765741868571.mp4  → https://pub-893b4a6a607b4221a894bf861da7914e.r2.dev/1331765741868571.mp4
carried-forward  1373903987920898 c0  → https://pub-893b4a6a607b4221a894bf861da7914e.r2.dev/1373903987920898.mp4
uploaded         1533195354964644 c0  (video) ← 1533195354964644.mp4  → https://pub-893b4a6a607b4221a894bf861da7914e.r2.dev/1533195354964644.mp4
video-missing    1533195354964644 c0  (expected file not found in facebook/videos/english-seekho-2026-06-28)
uploaded         2524978844640325 c0  (video) ← 2524978844640325.mp4  → https://pub-893b4a6a607b4221a894bf861da7914e.r2.dev/2524978844640325.mp4
carried-forward  1440194517913945 c0  → https://pub-893b4a6a607b4221a894bf861da7914e.r2.dev/1440194517913945.mp4
carried-forward  880448181191776 c0  → https://pub-893b4a6a607b4221a894bf861da7914e.r2.dev/880448181191776.mp4
carried-forward  1021051900335139 c0  → https://pub-893b4a6a607b4221a894bf861da7914e.r2.dev/1021051900335139.mp4
carried-forward  1210535425470177 c0  → https://pub-893b4a6a607b4221a894bf861da7914e.r2.dev/1210535425470177.mp4
carried-forward  2115994966463969 c0  → https://pub-893b4a6a607b4221a894bf861da7914e.r2.dev/2115994966463969.mp4
carried-forward  1327079042275821 c0  → https://pub-893b4a6a607b4221a894bf861da7914e.r2.dev/1327079042275821.mp4
carried-forward  1531791441875816 c0  → https://pub-893b4a6a607b4221a894bf861da7914e.r2.dev/1531791441875816.mp4
uploaded         1383955903578118 c0  (video) ← 1383955903578118.mp4  → https://pub-893b4a6a607b4221a894bf861da7914e.r2.dev/1383955903578118.mp4
uploaded         2208606340066195 c0  (video) ← 2208606340066195.mp4  → https://pub-893b4a6a607b4221a894bf861da7914e.r2.dev/2208606340066195.mp4
carried-forward  1483119543131211 c0  → https://pub-893b4a6a607b4221a894bf861da7914e.r2.dev/1483119543131211.mp4
uploaded         1531687775272787 c0  (video) ← 1531687775272787.mp4  → https://pub-893b4a6a607b4221a894bf861da7914e.r2.dev/1531687775272787.mp4
carried-forward  1745554799947259 c0  → https://pub-893b4a6a607b4221a894bf861da7914e.r2.dev/1745554799947259.mp4
carried-forward  2253030498553449 c0  → https://pub-893b4a6a607b4221a894bf861da7914e.r2.dev/2253030498553449.mp4
uploaded         1569902801171478 c0  (video) ← 1569902801171478.mp4  → https://pub-893b4a6a607b4221a894bf861da7914e.r2.dev/1569902801171478.mp4
carried-forward  1725067598623459 c0  → https://pub-893b4a6a607b4221a894bf861da7914e.r2.dev/1725067598623459.mp4
uploaded         2212610042923599 c0  (video) ← 2212610042923599.mp4  → https://pub-893b4a6a607b4221a894bf861da7914e.r2.dev/2212610042923599.mp4
uploaded         1295100265947076 c0  (video) ← 1295100265947076.mp4  → https://pub-893b4a6a607b4221a894bf861da7914e.r2.dev/1295100265947076.mp4
carried-forward  1666152167999287 c0  → https://pub-893b4a6a607b4221a894bf861da7914e.r2.dev/1666152167999287.mp4
carried-forward  1873195333560021 c0  → https://pub-893b4a6a607b4221a894bf861da7914e.r2.dev/1873195333560021.mp4
carried-forward  2037768870280868 c0  → https://pub-893b4a6a607b4221a894bf861da7914e.r2.dev/2037768870280868.mp4
uploaded         1450102970208925 c0  (video) ← 1450102970208925.mp4  → https://pub-893b4a6a607b4221a894bf861da7914e.r2.dev/1450102970208925.mp4
carried-forward  861154453569534 c0  → https://pub-893b4a6a607b4221a894bf861da7914e.r2.dev/861154453569534.mp4
uploaded         2495395164251123 c0  (video) ← 2495395164251123.mp4  → https://pub-893b4a6a607b4221a894bf861da7914e.r2.dev/2495395164251123.mp4
uploaded         1641904443588740 c0  (video) ← 1641904443588740.mp4  → https://pub-893b4a6a607b4221a894bf861da7914e.r2.dev/1641904443588740.mp4
carried-forward  3805916236217765 c0  → https://pub-893b4a6a607b4221a894bf861da7914e.r2.dev/3805916236217765.mp4
carried-forward  2592288627840397 c0  → https://pub-893b4a6a607b4221a894bf861da7914e.r2.dev/2592288627840397.mp4
carried-forward  2833096413706836 c0  → https://pub-893b4a6a607b4221a894bf861da7914e.r2.dev/2833096413706836.mp4
carried-forward  3887006608101122 c0  → https://pub-893b4a6a607b4221a894bf861da7914e.r2.dev/3887006608101122.mp4
uploaded         4354837421451727 c0  (video) ← 4354837421451727.mp4  → https://pub-893b4a6a607b4221a894bf861da7914e.r2.dev/4354837421451727.mp4
uploaded         2324644721631388 c0  (video) ← 2324644721631388.mp4  → https://pub-893b4a6a607b4221a894bf861da7914e.r2.dev/2324644721631388.mp4
uploaded         889242263585010 c0  (video) ← 889242263585010.mp4  → https://pub-893b4a6a607b4221a894bf861da7914e.r2.dev/889242263585010.mp4
video-missing    889242263585010 c0  (expected file not found in facebook/videos/english-seekho-2026-06-28)
uploaded         1270511288301255 c0  (video) ← 1270511288301255.mp4  → https://pub-893b4a6a607b4221a894bf861da7914e.r2.dev/1270511288301255.mp4
uploaded         1033967335970446 c0  (video) ← 1033967335970446.mp4  → https://pub-893b4a6a607b4221a894bf861da7914e.r2.dev/1033967335970446.mp4
carried-forward  875247275637810 c0  → https://pub-893b4a6a607b4221a894bf861da7914e.r2.dev/875247275637810.mp4
uploaded         27499074226375697 c0  (video) ← 27499074226375697.mp4  → https://pub-893b4a6a607b4221a894bf861da7914e.r2.dev/27499074226375697.mp4
carried-forward  2394180130993110 c0  → https://pub-893b4a6a607b4221a894bf861da7914e.r2.dev/2394180130993110.mp4
carried-forward  902496572123981 c0  → https://pub-893b4a6a607b4221a894bf861da7914e.r2.dev/902496572123981.mp4
uploaded         1520825509468978 c0  (video) ← 1520825509468978.mp4  → https://pub-893b4a6a607b4221a894bf861da7914e.r2.dev/1520825509468978.mp4
uploaded         2198586000889986 c0  (video) ← 2198586000889986.mp4  → https://pub-893b4a6a607b4221a894bf861da7914e.r2.dev/2198586000889986.mp4
uploaded         908990055564495 c0  (video) ← 908990055564495.mp4  → https://pub-893b4a6a607b4221a894bf861da7914e.r2.dev/908990055564495.mp4
carried-forward  1015345331246570 c0  → https://pub-893b4a6a607b4221a894bf861da7914e.r2.dev/1015345331246570.mp4
carried-forward  1293551286094512 c0  → https://pub-893b4a6a607b4221a894bf861da7914e.r2.dev/1293551286094512.mp4
carried-forward  805915929154160 c0  → https://pub-893b4a6a607b4221a894bf861da7914e.r2.dev/805915929154160.mp4
uploaded         991787766944516 c0  (video) ← 991787766944516.mp4  → https://pub-893b4a6a607b4221a894bf861da7914e.r2.dev/991787766944516.mp4
uploaded         1364770528875699 c0  (video) ← 1364770528875699.mp4  → https://pub-893b4a6a607b4221a894bf861da7914e.r2.dev/1364770528875699.mp4
video-missing    1364770528875699 c0  (expected file not found in facebook/videos/english-seekho-2026-06-28)
video-missing    1364770528875699 c0  (expected file not found in facebook/videos/english-seekho-2026-06-28)
carried-forward  1302125191954780 c0  → https://pub-893b4a6a607b4221a894bf861da7914e.r2.dev/1302125191954780.mp4
uploaded         2397026457373563 c0  (video) ← 2397026457373563.mp4  → https://pub-893b4a6a607b4221a894bf861da7914e.r2.dev/2397026457373563.mp4
uploaded         2127587484639508 c0  (video) ← 2127587484639508.mp4  → https://pub-893b4a6a607b4221a894bf861da7914e.r2.dev/2127587484639508.mp4
uploaded         2279472686192949 c0  (video) ← 2279472686192949.mp4  → https://pub-893b4a6a607b4221a894bf861da7914e.r2.dev/2279472686192949.mp4
carried-forward  1031821289502647 c0  → https://pub-893b4a6a607b4221a894bf861da7914e.r2.dev/1031821289502647.mp4
carried-forward  1754687252206659 c0  → https://pub-893b4a6a607b4221a894bf861da7914e.r2.dev/1754687252206659.mp4
video-missing    1754687252206659 c0  (expected file not found in facebook/videos/english-seekho-2026-06-28)
uploaded         1584462789962810 c0  (video) ← 1584462789962810.mp4  → https://pub-893b4a6a607b4221a894bf861da7914e.r2.dev/1584462789962810.mp4
carried-forward  1547745166862663 c0  → https://pub-893b4a6a607b4221a894bf861da7914e.r2.dev/1547745166862663.mp4
carried-forward  1432601425298442 c0  → https://pub-893b4a6a607b4221a894bf861da7914e.r2.dev/1432601425298442.mp4
uploaded         1755987025534710 c0  (video) ← 1755987025534710.mp4  → https://pub-893b4a6a607b4221a894bf861da7914e.r2.dev/1755987025534710.mp4
uploaded         1548836690370911 c0  (video) ← 1548836690370911.mp4  → https://pub-893b4a6a607b4221a894bf861da7914e.r2.dev/1548836690370911.mp4
carried-forward  1717353739307487 c0  → https://pub-893b4a6a607b4221a894bf861da7914e.r2.dev/1717353739307487.mp4
uploaded         1394011235890854 c0  (video) ← 1394011235890854.mp4  → https://pub-893b4a6a607b4221a894bf861da7914e.r2.dev/1394011235890854.mp4
carried-forward  1504170984537704 c0  → https://pub-893b4a6a607b4221a894bf861da7914e.r2.dev/1504170984537704.mp4
uploaded         782816311524235 c0  (video) ← 782816311524235.mp4  → https://pub-893b4a6a607b4221a894bf861da7914e.r2.dev/782816311524235.mp4
uploaded         1498004761403350 c0  (video) ← 1498004761403350.mp4  → https://pub-893b4a6a607b4221a894bf861da7914e.r2.dev/1498004761403350.mp4
carried-forward  1021637166903688 c0  → https://pub-893b4a6a607b4221a894bf861da7914e.r2.dev/1021637166903688.mp4
uploaded         2054949122065752 c0  (video) ← 2054949122065752.mp4  → https://pub-893b4a6a607b4221a894bf861da7914e.r2.dev/2054949122065752.mp4
uploaded         836873882628843 c0  (video) ← 836873882628843.mp4  → https://pub-893b4a6a607b4221a894bf861da7914e.r2.dev/836873882628843.mp4
video-missing    836873882628843 c0  (expected file not found in facebook/videos/english-seekho-2026-06-28)
video-missing    836873882628843 c0  (expected file not found in facebook/videos/english-seekho-2026-06-28)
carried-forward  1029412962948129 c0  → https://pub-893b4a6a607b4221a894bf861da7914e.r2.dev/1029412962948129.mp4
carried-forward  1860251558268020 c0  → https://pub-893b4a6a607b4221a894bf861da7914e.r2.dev/1860251558268020.mp4
carried-forward  1111579925381064 c0  → https://pub-893b4a6a607b4221a894bf861da7914e.r2.dev/1111579925381064.mp4
carried-forward  857055417087987 c0  → https://pub-893b4a6a607b4221a894bf861da7914e.r2.dev/857055417087987.mp4
uploaded         1314735613707298 c0  (video) ← 1314735613707298.mp4  → https://pub-893b4a6a607b4221a894bf861da7914e.r2.dev/1314735613707298.mp4
uploaded         1680923316293277 c0  (video) ← 1680923316293277.mp4  → https://pub-893b4a6a607b4221a894bf861da7914e.r2.dev/1680923316293277.mp4
uploaded         2254554228415278 c0  (video) ← 2254554228415278.mp4  → https://pub-893b4a6a607b4221a894bf861da7914e.r2.dev/2254554228415278.mp4
carried-forward  2133403870549871 c0  → https://pub-893b4a6a607b4221a894bf861da7914e.r2.dev/2133403870549871.mp4
video-missing    2133403870549871 c0  (expected file not found in facebook/videos/english-seekho-2026-06-28)
carried-forward  1378445657484836 c0  → https://pub-893b4a6a607b4221a894bf861da7914e.r2.dev/1378445657484836.mp4
uploaded         1332703795671945 c0  (video) ← 1332703795671945.mp4  → https://pub-893b4a6a607b4221a894bf861da7914e.r2.dev/1332703795671945.mp4
uploaded         1575386470616459 c0  (video) ← 1575386470616459.mp4  → https://pub-893b4a6a607b4221a894bf861da7914e.r2.dev/1575386470616459.mp4
carried-forward  4419361311611834 c0  → https://pub-893b4a6a607b4221a894bf861da7914e.r2.dev/4419361311611834.mp4
uploaded         1561340052254908 c0  (video) ← 1561340052254908.mp4  → https://pub-893b4a6a607b4221a894bf861da7914e.r2.dev/1561340052254908.mp4
uploaded         1026300023217456 c0  (video) ← 1026300023217456.mp4  → https://pub-893b4a6a607b4221a894bf861da7914e.r2.dev/1026300023217456.mp4
uploaded         1050113557475213 c0  (video) ← 1050113557475213.mp4  → https://pub-893b4a6a607b4221a894bf861da7914e.r2.dev/1050113557475213.mp4
uploaded         1769730454183627 c0  (video) ← 1769730454183627.mp4  → https://pub-893b4a6a607b4221a894bf861da7914e.r2.dev/1769730454183627.mp4
uploaded         1014602691059095 c0  (video) ← 1014602691059095.mp4  → https://pub-893b4a6a607b4221a894bf861da7914e.r2.dev/1014602691059095.mp4
carried-forward  4593334350903175 c0  → https://pub-893b4a6a607b4221a894bf861da7914e.r2.dev/4593334350903175.mp4
carried-forward  1371816351472059 c0  → https://pub-893b4a6a607b4221a894bf861da7914e.r2.dev/1371816351472059.mp4
carried-forward  1561928775318709 c0  → https://pub-893b4a6a607b4221a894bf861da7914e.r2.dev/1561928775318709.mp4
uploaded         1952130282153117 c0  (video) ← 1952130282153117.mp4  → https://pub-893b4a6a607b4221a894bf861da7914e.r2.dev/1952130282153117.mp4
carried-forward  975268145345971 c0  → https://pub-893b4a6a607b4221a894bf861da7914e.r2.dev/975268145345971.mp4
carried-forward  1027893896488146 c0  → https://pub-893b4a6a607b4221a894bf861da7914e.r2.dev/1027893896488146.mp4
carried-forward  1437905001693178 c0  → https://pub-893b4a6a607b4221a894bf861da7914e.r2.dev/1437905001693178.mp4
uploaded         1443710697522641 c0  (video) ← 1443710697522641.mp4  → https://pub-893b4a6a607b4221a894bf861da7914e.r2.dev/1443710697522641.mp4
carried-forward  2498152363990605 c0  → https://pub-893b4a6a607b4221a894bf861da7914e.r2.dev/2498152363990605.mp4
carried-forward  1009419671474140 c0  → https://pub-893b4a6a607b4221a894bf861da7914e.r2.dev/1009419671474140.mp4
carried-forward  2074670960093029 c0  → https://pub-893b4a6a607b4221a894bf861da7914e.r2.dev/2074670960093029.mp4
carried-forward  1544212420736078 c0  → https://pub-893b4a6a607b4221a894bf861da7914e.r2.dev/1544212420736078.mp4
carried-forward  1981211102758395 c0  → https://pub-893b4a6a607b4221a894bf861da7914e.r2.dev/1981211102758395.mp4
carried-forward  1378652727505034 c0  → https://pub-893b4a6a607b4221a894bf861da7914e.r2.dev/1378652727505034.mp4
uploaded         1483251413116713 c0  (video) ← 1483251413116713.mp4  → https://pub-893b4a6a607b4221a894bf861da7914e.r2.dev/1483251413116713.mp4
carried-forward  2203629803825194 c0  → https://pub-893b4a6a607b4221a894bf861da7914e.r2.dev/2203629803825194.mp4
carried-forward  1660584601896563 c0  → https://pub-893b4a6a607b4221a894bf861da7914e.r2.dev/1660584601896563.mp4
carried-forward  1323849876545623 c0  → https://pub-893b4a6a607b4221a894bf861da7914e.r2.dev/1323849876545623.mp4
