# Step 3 run log
# competitor : english-seekho
# started_at : 2026-06-16T13:11:21
# input      : facebook/inputs/fb-ads-english-seekho-2026-06-16-0753.csv
# videos     : facebook/videos/english-seekho-2026-06-16
# master     : facebook/master/english-seekho.csv  (updated)
# enriched   : facebook/inputs/fb-ads-english-seekho-2026-06-16-0753_enriched.csv
# bucket     : video-ads
# public_base: https://dcfd27564ef899969db9a562c7e1945f.r2.cloudflarestorage.com
# dry_run    : False
#
# counts     : {'uploaded': 0, 'carried-forward': 294, 'image-pending': 0, 'video-missing': 13, 'no-creative': 0, 'error': 0}
#
carried-forward  1271047411639492 c0  → https://pub-893b4a6a607b4221a894bf861da7914e.r2.dev/1271047411639492.mp4
carried-forward  990018286870707 c0  → https://dcfd27564ef899969db9a562c7e1945f.r2.cloudflarestorage.com/990018286870707.mp4
carried-forward  1513255320189298 c0  → https://pub-893b4a6a607b4221a894bf861da7914e.r2.dev/1513255320189298.mp4
carried-forward  1304663088473953 c0  → https://pub-893b4a6a607b4221a894bf861da7914e.r2.dev/1304663088473953.mp4
carried-forward  882040494892409 c0  → https://pub-893b4a6a607b4221a894bf861da7914e.r2.dev/882040494892409.mp4
carried-forward  1603965631335488 c0  → https://dcfd27564ef899969db9a562c7e1945f.r2.cloudflarestorage.com/1603965631335488.mp4
carried-forward  1028015442984226 c0  → https://dcfd27564ef899969db9a562c7e1945f.r2.cloudflarestorage.com/1028015442984226.mp4
video-missing    1028015442984226 c0  (expected file not found in facebook/videos/english-seekho-2026-06-16)
carried-forward  1389687782990041 c0  → https://dcfd27564ef899969db9a562c7e1945f.r2.cloudflarestorage.com/1389687782990041.mp4
video-missing    1389687782990041 c0  (expected file not found in facebook/videos/english-seekho-2026-06-16)
carried-forward  1961301468092363 c0  → https://pub-893b4a6a607b4221a894bf861da7914e.r2.dev/1961301468092363.mp4
carried-forward  1008376008280324 c0  → https://pub-893b4a6a607b4221a894bf861da7914e.r2.dev/1008376008280324.mp4
carried-forward  1343543300957920 c0  → https://pub-893b4a6a607b4221a894bf861da7914e.r2.dev/1343543300957920.mp4
carried-forward  845261814500751 c0  → https://pub-893b4a6a607b4221a894bf861da7914e.r2.dev/845261814500751.mp4
carried-forward  1625019875269302 c0  → https://dcfd27564ef899969db9a562c7e1945f.r2.cloudflarestorage.com/1625019875269302.mp4
carried-forward  1022674277084766 c0  → https://pub-893b4a6a607b4221a894bf861da7914e.r2.dev/1022674277084766.mp4
video-missing    1022674277084766 c0  (expected file not found in facebook/videos/english-seekho-2026-06-16)
carried-forward  1599191114473908 c0  → https://pub-893b4a6a607b4221a894bf861da7914e.r2.dev/1599191114473908.mp4
carried-forward  2157206811736735 c0  → https://pub-893b4a6a607b4221a894bf861da7914e.r2.dev/2157206811736735.mp4
carried-forward  2204059953676928 c0  → https://dcfd27564ef899969db9a562c7e1945f.r2.cloudflarestorage.com/2204059953676928.mp4
carried-forward  1363154838960011 c0  → https://pub-893b4a6a607b4221a894bf861da7914e.r2.dev/1363154838960011.mp4
carried-forward  1445447133927643 c0  → https://pub-893b4a6a607b4221a894bf861da7914e.r2.dev/1445447133927643.mp4
carried-forward  998909686118850 c0  → https://pub-893b4a6a607b4221a894bf861da7914e.r2.dev/998909686118850.mp4
carried-forward  1035891969103163 c0  → https://dcfd27564ef899969db9a562c7e1945f.r2.cloudflarestorage.com/1035891969103163.mp4
carried-forward  1195431255950589 c0  → https://pub-893b4a6a607b4221a894bf861da7914e.r2.dev/1195431255950589.mp4
carried-forward  2023887941855843 c0  → https://dcfd27564ef899969db9a562c7e1945f.r2.cloudflarestorage.com/2023887941855843.mp4
video-missing    2023887941855843 c0  (expected file not found in facebook/videos/english-seekho-2026-06-16)
carried-forward  1018262830627096 c0  → https://pub-893b4a6a607b4221a894bf861da7914e.r2.dev/1018262830627096.mp4
carried-forward  2388747072037615 c0  → https://pub-893b4a6a607b4221a894bf861da7914e.r2.dev/2388747072037615.mp4
carried-forward  941734938861838 c0  → https://pub-893b4a6a607b4221a894bf861da7914e.r2.dev/941734938861838.mp4
carried-forward  2441724282959846 c0  → https://dcfd27564ef899969db9a562c7e1945f.r2.cloudflarestorage.com/2441724282959846.mp4
video-missing    2441724282959846 c0  (expected file not found in facebook/videos/english-seekho-2026-06-16)
carried-forward  1052565497102220 c0  → https://pub-893b4a6a607b4221a894bf861da7914e.r2.dev/1052565497102220.mp4
carried-forward  1000523962730989 c0  → https://dcfd27564ef899969db9a562c7e1945f.r2.cloudflarestorage.com/1000523962730989.mp4
carried-forward  1019346871031325 c0  → https://dcfd27564ef899969db9a562c7e1945f.r2.cloudflarestorage.com/1019346871031325.mp4
carried-forward  1487410989520803 c0  → https://pub-893b4a6a607b4221a894bf861da7914e.r2.dev/1487410989520803.mp4
carried-forward  1719939115662673 c0  → https://pub-893b4a6a607b4221a894bf861da7914e.r2.dev/1719939115662673.mp4
carried-forward  923485210505551 c0  → https://pub-893b4a6a607b4221a894bf861da7914e.r2.dev/923485210505551.mp4
carried-forward  954483154257513 c0  → https://dcfd27564ef899969db9a562c7e1945f.r2.cloudflarestorage.com/954483154257513.mp4
carried-forward  1631658434604080 c0  → https://dcfd27564ef899969db9a562c7e1945f.r2.cloudflarestorage.com/1631658434604080.mp4
carried-forward  883414924661759 c0  → https://pub-893b4a6a607b4221a894bf861da7914e.r2.dev/883414924661759.mp4
carried-forward  1536594971183889 c0  → https://dcfd27564ef899969db9a562c7e1945f.r2.cloudflarestorage.com/1536594971183889.mp4
carried-forward  1865631000775977 c0  → https://pub-893b4a6a607b4221a894bf861da7914e.r2.dev/1865631000775977.mp4
carried-forward  1003049005798358 c0  → https://dcfd27564ef899969db9a562c7e1945f.r2.cloudflarestorage.com/1003049005798358.mp4
carried-forward  1701299787729897 c0  → https://pub-893b4a6a607b4221a894bf861da7914e.r2.dev/1701299787729897.mp4
carried-forward  1665314457865218 c0  → https://dcfd27564ef899969db9a562c7e1945f.r2.cloudflarestorage.com/1665314457865218.mp4
carried-forward  2281482145591769 c0  → https://dcfd27564ef899969db9a562c7e1945f.r2.cloudflarestorage.com/2281482145591769.mp4
carried-forward  2152508018617561 c0  → https://pub-893b4a6a607b4221a894bf861da7914e.r2.dev/2152508018617561.mp4
carried-forward  1543346810477427 c0  → https://dcfd27564ef899969db9a562c7e1945f.r2.cloudflarestorage.com/1543346810477427.mp4
carried-forward  1011300708130761 c0  → https://dcfd27564ef899969db9a562c7e1945f.r2.cloudflarestorage.com/1011300708130761.mp4
video-missing    1011300708130761 c0  (expected file not found in facebook/videos/english-seekho-2026-06-16)
carried-forward  1328633246049728 c0  → https://dcfd27564ef899969db9a562c7e1945f.r2.cloudflarestorage.com/1328633246049728.mp4
carried-forward  2078950623024665 c0  → https://pub-893b4a6a607b4221a894bf861da7914e.r2.dev/2078950623024665.mp4
carried-forward  1632229781167786 c0  → https://dcfd27564ef899969db9a562c7e1945f.r2.cloudflarestorage.com/1632229781167786.mp4
carried-forward  1762683425102280 c0  → https://pub-893b4a6a607b4221a894bf861da7914e.r2.dev/1762683425102280.mp4
carried-forward  1504011217832296 c0  → https://pub-893b4a6a607b4221a894bf861da7914e.r2.dev/1504011217832296.mp4
carried-forward  1986593458617617 c0  → https://pub-893b4a6a607b4221a894bf861da7914e.r2.dev/1986593458617617.mp4
carried-forward  1223700476600723 c0  → https://pub-893b4a6a607b4221a894bf861da7914e.r2.dev/1223700476600723.mp4
carried-forward  2537354666679942 c0  → https://pub-893b4a6a607b4221a894bf861da7914e.r2.dev/2537354666679942.mp4
carried-forward  783311214748224 c0  → https://pub-893b4a6a607b4221a894bf861da7914e.r2.dev/783311214748224.mp4
carried-forward  2090167935162610 c0  → https://pub-893b4a6a607b4221a894bf861da7914e.r2.dev/2090167935162610.mp4
carried-forward  1852368735445229 c0  → https://pub-893b4a6a607b4221a894bf861da7914e.r2.dev/1852368735445229.mp4
carried-forward  944481151793509 c0  → https://pub-893b4a6a607b4221a894bf861da7914e.r2.dev/944481151793509.mp4
carried-forward  2069481513616212 c0  → https://pub-893b4a6a607b4221a894bf861da7914e.r2.dev/2069481513616212.mp4
carried-forward  960519010069920 c0  → https://pub-893b4a6a607b4221a894bf861da7914e.r2.dev/960519010069920.mp4
carried-forward  1506239587899497 c0  → https://dcfd27564ef899969db9a562c7e1945f.r2.cloudflarestorage.com/1506239587899497.mp4
carried-forward  984431433971622 c0  → https://pub-893b4a6a607b4221a894bf861da7914e.r2.dev/984431433971622.mp4
video-missing    984431433971622 c0  (expected file not found in facebook/videos/english-seekho-2026-06-16)
carried-forward  971792018958076 c0  → https://dcfd27564ef899969db9a562c7e1945f.r2.cloudflarestorage.com/971792018958076.mp4
carried-forward  1447369716630978 c0  → https://pub-893b4a6a607b4221a894bf861da7914e.r2.dev/1447369716630978.mp4
carried-forward  1295675962756393 c0  → https://pub-893b4a6a607b4221a894bf861da7914e.r2.dev/1295675962756393.mp4
carried-forward  2999057953819326 c0  → https://dcfd27564ef899969db9a562c7e1945f.r2.cloudflarestorage.com/2999057953819326.mp4
carried-forward  1313747330354233 c0  → https://dcfd27564ef899969db9a562c7e1945f.r2.cloudflarestorage.com/1313747330354233.mp4
carried-forward  3903564523285126 c0  → https://dcfd27564ef899969db9a562c7e1945f.r2.cloudflarestorage.com/3903564523285126.mp4
carried-forward  1003514292166877 c0  → https://dcfd27564ef899969db9a562c7e1945f.r2.cloudflarestorage.com/1003514292166877.mp4
carried-forward  1961729674555213 c0  → https://pub-893b4a6a607b4221a894bf861da7914e.r2.dev/1961729674555213.mp4
carried-forward  999500705960297 c0  → https://pub-893b4a6a607b4221a894bf861da7914e.r2.dev/999500705960297.mp4
carried-forward  1481600617048122 c0  → https://pub-893b4a6a607b4221a894bf861da7914e.r2.dev/1481600617048122.mp4
carried-forward  1755584038966985 c0  → https://dcfd27564ef899969db9a562c7e1945f.r2.cloudflarestorage.com/1755584038966985.mp4
carried-forward  1965576304350514 c0  → https://pub-893b4a6a607b4221a894bf861da7914e.r2.dev/1965576304350514.mp4
carried-forward  1514896193659204 c0  → https://dcfd27564ef899969db9a562c7e1945f.r2.cloudflarestorage.com/1514896193659204.mp4
carried-forward  1371188878397753 c0  → https://dcfd27564ef899969db9a562c7e1945f.r2.cloudflarestorage.com/1371188878397753.mp4
carried-forward  812140348389276 c0  → https://pub-893b4a6a607b4221a894bf861da7914e.r2.dev/812140348389276.mp4
carried-forward  1609628960102780 c0  → https://pub-893b4a6a607b4221a894bf861da7914e.r2.dev/1609628960102780.mp4
carried-forward  1318793436483983 c0  → https://dcfd27564ef899969db9a562c7e1945f.r2.cloudflarestorage.com/1318793436483983.mp4
carried-forward  27532860639682185 c0  → https://dcfd27564ef899969db9a562c7e1945f.r2.cloudflarestorage.com/27532860639682185.mp4
carried-forward  1232439765357445 c0  → https://pub-893b4a6a607b4221a894bf861da7914e.r2.dev/1232439765357445.mp4
carried-forward  1537809917693327 c0  → https://dcfd27564ef899969db9a562c7e1945f.r2.cloudflarestorage.com/1537809917693327.mp4
carried-forward  1808954107158548 c0  → https://pub-893b4a6a607b4221a894bf861da7914e.r2.dev/1808954107158548.mp4
carried-forward  899891885965557 c0  → https://dcfd27564ef899969db9a562c7e1945f.r2.cloudflarestorage.com/899891885965557.mp4
carried-forward  993724173607458 c0  → https://pub-893b4a6a607b4221a894bf861da7914e.r2.dev/993724173607458.mp4
carried-forward  1001357272270495 c0  → https://dcfd27564ef899969db9a562c7e1945f.r2.cloudflarestorage.com/1001357272270495.mp4
carried-forward  2230315987725301 c0  → https://pub-893b4a6a607b4221a894bf861da7914e.r2.dev/2230315987725301.mp4
video-missing    2230315987725301 c0  (expected file not found in facebook/videos/english-seekho-2026-06-16)
carried-forward  1405574977998244 c0  → https://dcfd27564ef899969db9a562c7e1945f.r2.cloudflarestorage.com/1405574977998244.mp4
carried-forward  2475112819579635 c0  → https://dcfd27564ef899969db9a562c7e1945f.r2.cloudflarestorage.com/2475112819579635.mp4
video-missing    2475112819579635 c0  (expected file not found in facebook/videos/english-seekho-2026-06-16)
carried-forward  1526957075637460 c0  → https://pub-893b4a6a607b4221a894bf861da7914e.r2.dev/1526957075637460.mp4
carried-forward  1336165217955587 c0  → https://dcfd27564ef899969db9a562c7e1945f.r2.cloudflarestorage.com/1336165217955587.mp4
carried-forward  985323620546558 c0  → https://pub-893b4a6a607b4221a894bf861da7914e.r2.dev/985323620546558.mp4
carried-forward  1323135575922787 c0  → https://dcfd27564ef899969db9a562c7e1945f.r2.cloudflarestorage.com/1323135575922787.mp4
carried-forward  1330007445767303 c0  → https://dcfd27564ef899969db9a562c7e1945f.r2.cloudflarestorage.com/1330007445767303.mp4
carried-forward  2745159825869186 c0  → https://dcfd27564ef899969db9a562c7e1945f.r2.cloudflarestorage.com/2745159825869186.mp4
carried-forward  2456598014858856 c0  → https://dcfd27564ef899969db9a562c7e1945f.r2.cloudflarestorage.com/2456598014858856.mp4
carried-forward  1576350230571641 c0  → https://dcfd27564ef899969db9a562c7e1945f.r2.cloudflarestorage.com/1576350230571641.mp4
carried-forward  1030022866643673 c0  → https://dcfd27564ef899969db9a562c7e1945f.r2.cloudflarestorage.com/1030022866643673.mp4
carried-forward  1726702032101827 c0  → https://dcfd27564ef899969db9a562c7e1945f.r2.cloudflarestorage.com/1726702032101827.mp4
carried-forward  1929680877700827 c0  → https://dcfd27564ef899969db9a562c7e1945f.r2.cloudflarestorage.com/1929680877700827.mp4
carried-forward  2058788614731278 c0  → https://dcfd27564ef899969db9a562c7e1945f.r2.cloudflarestorage.com/2058788614731278.mp4
carried-forward  1022758773604361 c0  → https://dcfd27564ef899969db9a562c7e1945f.r2.cloudflarestorage.com/1022758773604361.mp4
carried-forward  1360549895753796 c0  → https://pub-893b4a6a607b4221a894bf861da7914e.r2.dev/1360549895753796.mp4
carried-forward  1634958147985807 c0  → https://dcfd27564ef899969db9a562c7e1945f.r2.cloudflarestorage.com/1634958147985807.mp4
carried-forward  859863893383600 c0  → https://dcfd27564ef899969db9a562c7e1945f.r2.cloudflarestorage.com/859863893383600.mp4
carried-forward  1664529894628382 c0  → https://dcfd27564ef899969db9a562c7e1945f.r2.cloudflarestorage.com/1664529894628382.mp4
carried-forward  986835910756944 c0  → https://dcfd27564ef899969db9a562c7e1945f.r2.cloudflarestorage.com/986835910756944.mp4
carried-forward  3098326293684794 c0  → https://pub-893b4a6a607b4221a894bf861da7914e.r2.dev/3098326293684794.mp4
carried-forward  1698112201434588 c0  → https://dcfd27564ef899969db9a562c7e1945f.r2.cloudflarestorage.com/1698112201434588.mp4
carried-forward  1715606886123446 c0  → https://dcfd27564ef899969db9a562c7e1945f.r2.cloudflarestorage.com/1715606886123446.mp4
carried-forward  1272279901643475 c0  → https://dcfd27564ef899969db9a562c7e1945f.r2.cloudflarestorage.com/1272279901643475.mp4
carried-forward  1805823603712486 c0  → https://dcfd27564ef899969db9a562c7e1945f.r2.cloudflarestorage.com/1805823603712486.mp4
carried-forward  1482496776533372 c0  → https://dcfd27564ef899969db9a562c7e1945f.r2.cloudflarestorage.com/1482496776533372.mp4
carried-forward  2738800799813855 c0  → https://pub-893b4a6a607b4221a894bf861da7914e.r2.dev/2738800799813855.mp4
carried-forward  1693072372003572 c0  → https://dcfd27564ef899969db9a562c7e1945f.r2.cloudflarestorage.com/1693072372003572.mp4
carried-forward  3474870519347308 c0  → https://dcfd27564ef899969db9a562c7e1945f.r2.cloudflarestorage.com/3474870519347308.mp4
carried-forward  2077287970338884 c0  → https://dcfd27564ef899969db9a562c7e1945f.r2.cloudflarestorage.com/2077287970338884.mp4
carried-forward  4415426418702988 c0  → https://dcfd27564ef899969db9a562c7e1945f.r2.cloudflarestorage.com/4415426418702988.mp4
carried-forward  1544558360369298 c0  → https://pub-893b4a6a607b4221a894bf861da7914e.r2.dev/1544558360369298.mp4
video-missing    1544558360369298 c0  (expected file not found in facebook/videos/english-seekho-2026-06-16)
carried-forward  1988913051990602 c0  → https://dcfd27564ef899969db9a562c7e1945f.r2.cloudflarestorage.com/1988913051990602.mp4
carried-forward  2756931274675013 c0  → https://dcfd27564ef899969db9a562c7e1945f.r2.cloudflarestorage.com/2756931274675013.mp4
carried-forward  1309536078044009 c0  → https://dcfd27564ef899969db9a562c7e1945f.r2.cloudflarestorage.com/1309536078044009.mp4
carried-forward  2509114442942414 c0  → https://dcfd27564ef899969db9a562c7e1945f.r2.cloudflarestorage.com/2509114442942414.mp4
carried-forward  1337582304971119 c0  → https://dcfd27564ef899969db9a562c7e1945f.r2.cloudflarestorage.com/1337582304971119.mp4
carried-forward  922682520699920 c0  → https://pub-893b4a6a607b4221a894bf861da7914e.r2.dev/922682520699920.mp4
carried-forward  2116531525588565 c0  → https://dcfd27564ef899969db9a562c7e1945f.r2.cloudflarestorage.com/2116531525588565.mp4
carried-forward  1030351746604474 c0  → https://dcfd27564ef899969db9a562c7e1945f.r2.cloudflarestorage.com/1030351746604474.mp4
carried-forward  1380461113951628 c0  → https://dcfd27564ef899969db9a562c7e1945f.r2.cloudflarestorage.com/1380461113951628.mp4
carried-forward  767456879118205 c0  → https://pub-893b4a6a607b4221a894bf861da7914e.r2.dev/767456879118205.mp4
carried-forward  3014596585598444 c0  → https://dcfd27564ef899969db9a562c7e1945f.r2.cloudflarestorage.com/3014596585598444.mp4
carried-forward  2982945641913901 c0  → https://dcfd27564ef899969db9a562c7e1945f.r2.cloudflarestorage.com/2982945641913901.mp4
carried-forward  1908450636707359 c0  → https://pub-893b4a6a607b4221a894bf861da7914e.r2.dev/1908450636707359.mp4
carried-forward  996760756430158 c0  → https://dcfd27564ef899969db9a562c7e1945f.r2.cloudflarestorage.com/996760756430158.mp4
carried-forward  1499639891856300 c0  → https://dcfd27564ef899969db9a562c7e1945f.r2.cloudflarestorage.com/1499639891856300.mp4
carried-forward  1550162056745551 c0  → https://dcfd27564ef899969db9a562c7e1945f.r2.cloudflarestorage.com/1550162056745551.mp4
carried-forward  2495041004336208 c0  → https://dcfd27564ef899969db9a562c7e1945f.r2.cloudflarestorage.com/2495041004336208.mp4
carried-forward  1039699242065315 c0  → https://dcfd27564ef899969db9a562c7e1945f.r2.cloudflarestorage.com/1039699242065315.mp4
carried-forward  1678149976807947 c0  → https://dcfd27564ef899969db9a562c7e1945f.r2.cloudflarestorage.com/1678149976807947.mp4
carried-forward  1515705016866283 c0  → https://dcfd27564ef899969db9a562c7e1945f.r2.cloudflarestorage.com/1515705016866283.mp4
carried-forward  980603678174030 c0  → https://dcfd27564ef899969db9a562c7e1945f.r2.cloudflarestorage.com/980603678174030.mp4
carried-forward  3322498811288102 c0  → https://dcfd27564ef899969db9a562c7e1945f.r2.cloudflarestorage.com/3322498811288102.mp4
carried-forward  2820523608300012 c0  → https://dcfd27564ef899969db9a562c7e1945f.r2.cloudflarestorage.com/2820523608300012.mp4
carried-forward  2674686452896226 c0  → https://pub-893b4a6a607b4221a894bf861da7914e.r2.dev/2674686452896226.mp4
carried-forward  1538116381369725 c0  → https://dcfd27564ef899969db9a562c7e1945f.r2.cloudflarestorage.com/1538116381369725.mp4
carried-forward  1392136702744042 c0  → https://dcfd27564ef899969db9a562c7e1945f.r2.cloudflarestorage.com/1392136702744042.mp4
carried-forward  2302418180582966 c0  → https://dcfd27564ef899969db9a562c7e1945f.r2.cloudflarestorage.com/2302418180582966.mp4
carried-forward  1700320024336746 c0  → https://dcfd27564ef899969db9a562c7e1945f.r2.cloudflarestorage.com/1700320024336746.mp4
carried-forward  1651270955950318 c0  → https://dcfd27564ef899969db9a562c7e1945f.r2.cloudflarestorage.com/1651270955950318.mp4
carried-forward  838171575753344 c0  → https://dcfd27564ef899969db9a562c7e1945f.r2.cloudflarestorage.com/838171575753344.mp4
carried-forward  1982425793160237 c0  → https://dcfd27564ef899969db9a562c7e1945f.r2.cloudflarestorage.com/1982425793160237.mp4
carried-forward  1142996851503981 c0  → https://dcfd27564ef899969db9a562c7e1945f.r2.cloudflarestorage.com/1142996851503981.mp4
carried-forward  873676512461718 c0  → https://dcfd27564ef899969db9a562c7e1945f.r2.cloudflarestorage.com/873676512461718.mp4
carried-forward  2151390205655458 c0  → https://dcfd27564ef899969db9a562c7e1945f.r2.cloudflarestorage.com/2151390205655458.mp4
carried-forward  1487058956058174 c0  → https://dcfd27564ef899969db9a562c7e1945f.r2.cloudflarestorage.com/1487058956058174.mp4
carried-forward  4369199030000784 c0  → https://dcfd27564ef899969db9a562c7e1945f.r2.cloudflarestorage.com/4369199030000784.mp4
carried-forward  1501154984318432 c0  → https://pub-893b4a6a607b4221a894bf861da7914e.r2.dev/1501154984318432.mp4
carried-forward  1030511049556192 c0  → https://dcfd27564ef899969db9a562c7e1945f.r2.cloudflarestorage.com/1030511049556192.mp4
carried-forward  1509213467574363 c0  → https://dcfd27564ef899969db9a562c7e1945f.r2.cloudflarestorage.com/1509213467574363.mp4
carried-forward  2468906840218618 c0  → https://dcfd27564ef899969db9a562c7e1945f.r2.cloudflarestorage.com/2468906840218618.mp4
carried-forward  1715109379839037 c0  → https://dcfd27564ef899969db9a562c7e1945f.r2.cloudflarestorage.com/1715109379839037.mp4
carried-forward  1328891619218741 c0  → https://dcfd27564ef899969db9a562c7e1945f.r2.cloudflarestorage.com/1328891619218741.mp4
carried-forward  1693369778372271 c0  → https://dcfd27564ef899969db9a562c7e1945f.r2.cloudflarestorage.com/1693369778372271.mp4
carried-forward  1341026564866825 c0  → https://dcfd27564ef899969db9a562c7e1945f.r2.cloudflarestorage.com/1341026564866825.mp4
carried-forward  1711154129885734 c0  → https://dcfd27564ef899969db9a562c7e1945f.r2.cloudflarestorage.com/1711154129885734.mp4
carried-forward  1476645587385501 c0  → https://pub-893b4a6a607b4221a894bf861da7914e.r2.dev/1476645587385501.mp4
carried-forward  1244507290916309 c0  → https://pub-893b4a6a607b4221a894bf861da7914e.r2.dev/1244507290916309.mp4
carried-forward  4379825375635044 c0  → https://pub-893b4a6a607b4221a894bf861da7914e.r2.dev/4379825375635044.mp4
carried-forward  2482913388803676 c0  → https://dcfd27564ef899969db9a562c7e1945f.r2.cloudflarestorage.com/2482913388803676.mp4
carried-forward  27215928398059207 c0  → https://dcfd27564ef899969db9a562c7e1945f.r2.cloudflarestorage.com/27215928398059207.mp4
carried-forward  1798711957512384 c0  → https://pub-893b4a6a607b4221a894bf861da7914e.r2.dev/1798711957512384.mp4
carried-forward  1689537262000020 c0  → https://dcfd27564ef899969db9a562c7e1945f.r2.cloudflarestorage.com/1689537262000020.mp4
carried-forward  2055782472016906 c0  → https://dcfd27564ef899969db9a562c7e1945f.r2.cloudflarestorage.com/2055782472016906.mp4
carried-forward  1344367484298204 c0  → https://dcfd27564ef899969db9a562c7e1945f.r2.cloudflarestorage.com/1344367484298204.mp4
carried-forward  1217329830515440 c0  → https://pub-893b4a6a607b4221a894bf861da7914e.r2.dev/1217329830515440.mp4
carried-forward  850630527721984 c0  → https://dcfd27564ef899969db9a562c7e1945f.r2.cloudflarestorage.com/850630527721984.mp4
carried-forward  2763858780680269 c0  → https://dcfd27564ef899969db9a562c7e1945f.r2.cloudflarestorage.com/2763858780680269.mp4
carried-forward  1016275888005436 c0  → https://dcfd27564ef899969db9a562c7e1945f.r2.cloudflarestorage.com/1016275888005436.mp4
carried-forward  1244502544271910 c0  → https://dcfd27564ef899969db9a562c7e1945f.r2.cloudflarestorage.com/1244502544271910.mp4
carried-forward  980972577867560 c0  → https://pub-893b4a6a607b4221a894bf861da7914e.r2.dev/980972577867560.mp4
carried-forward  1589946562722646 c0  → https://dcfd27564ef899969db9a562c7e1945f.r2.cloudflarestorage.com/1589946562722646.mp4
carried-forward  2557974164635569 c0  → https://dcfd27564ef899969db9a562c7e1945f.r2.cloudflarestorage.com/2557974164635569.mp4
carried-forward  1509995770625459 c0  → https://dcfd27564ef899969db9a562c7e1945f.r2.cloudflarestorage.com/1509995770625459.mp4
carried-forward  1804123030972022 c0  → https://dcfd27564ef899969db9a562c7e1945f.r2.cloudflarestorage.com/1804123030972022.mp4
carried-forward  880462167884407 c0  → https://dcfd27564ef899969db9a562c7e1945f.r2.cloudflarestorage.com/880462167884407.mp4
carried-forward  2259505061530053 c0  → https://dcfd27564ef899969db9a562c7e1945f.r2.cloudflarestorage.com/2259505061530053.mp4
carried-forward  1210251577301882 c0  → https://pub-893b4a6a607b4221a894bf861da7914e.r2.dev/1210251577301882.mp4
carried-forward  1868096310508725 c0  → https://pub-893b4a6a607b4221a894bf861da7914e.r2.dev/1868096310508725.mp4
carried-forward  989024987071604 c0  → https://dcfd27564ef899969db9a562c7e1945f.r2.cloudflarestorage.com/989024987071604.mp4
carried-forward  1794301965279871 c0  → https://dcfd27564ef899969db9a562c7e1945f.r2.cloudflarestorage.com/1794301965279871.mp4
carried-forward  27073408298955034 c0  → https://dcfd27564ef899969db9a562c7e1945f.r2.cloudflarestorage.com/27073408298955034.mp4
carried-forward  1116123194536720 c0  → https://pub-893b4a6a607b4221a894bf861da7914e.r2.dev/1116123194536720.mp4
carried-forward  1013010197776097 c0  → https://dcfd27564ef899969db9a562c7e1945f.r2.cloudflarestorage.com/1013010197776097.mp4
carried-forward  2176910723137201 c0  → https://pub-893b4a6a607b4221a894bf861da7914e.r2.dev/2176910723137201.mp4
carried-forward  989815403792068 c0  → https://dcfd27564ef899969db9a562c7e1945f.r2.cloudflarestorage.com/989815403792068.mp4
carried-forward  769511858914323 c0  → https://pub-893b4a6a607b4221a894bf861da7914e.r2.dev/769511858914323.mp4
carried-forward  2758807777819560 c0  → https://dcfd27564ef899969db9a562c7e1945f.r2.cloudflarestorage.com/2758807777819560.mp4
carried-forward  1316284770675915 c0  → https://dcfd27564ef899969db9a562c7e1945f.r2.cloudflarestorage.com/1316284770675915.mp4
carried-forward  1328303915408570 c0  → https://dcfd27564ef899969db9a562c7e1945f.r2.cloudflarestorage.com/1328303915408570.mp4
carried-forward  1524728379301435 c0  → https://dcfd27564ef899969db9a562c7e1945f.r2.cloudflarestorage.com/1524728379301435.mp4
carried-forward  1991492354790124 c0  → https://dcfd27564ef899969db9a562c7e1945f.r2.cloudflarestorage.com/1991492354790124.mp4
carried-forward  1982976058989890 c0  → https://dcfd27564ef899969db9a562c7e1945f.r2.cloudflarestorage.com/1982976058989890.mp4
carried-forward  1905133330090659 c0  → https://pub-893b4a6a607b4221a894bf861da7914e.r2.dev/1905133330090659.mp4
carried-forward  1535760264720059 c0  → https://dcfd27564ef899969db9a562c7e1945f.r2.cloudflarestorage.com/1535760264720059.mp4
video-missing    1535760264720059 c0  (expected file not found in facebook/videos/english-seekho-2026-06-16)
carried-forward  1029119389567355 c0  → https://dcfd27564ef899969db9a562c7e1945f.r2.cloudflarestorage.com/1029119389567355.mp4
carried-forward  2749537112086604 c0  → https://dcfd27564ef899969db9a562c7e1945f.r2.cloudflarestorage.com/2749537112086604.mp4
carried-forward  1347952960877015 c0  → https://dcfd27564ef899969db9a562c7e1945f.r2.cloudflarestorage.com/1347952960877015.mp4
carried-forward  1452895900215996 c0  → https://dcfd27564ef899969db9a562c7e1945f.r2.cloudflarestorage.com/1452895900215996.mp4
carried-forward  1251191153618197 c0  → https://pub-893b4a6a607b4221a894bf861da7914e.r2.dev/1251191153618197.mp4
carried-forward  1903419580318637 c0  → https://dcfd27564ef899969db9a562c7e1945f.r2.cloudflarestorage.com/1903419580318637.mp4
carried-forward  2073347769880775 c0  → https://dcfd27564ef899969db9a562c7e1945f.r2.cloudflarestorage.com/2073347769880775.mp4
carried-forward  1060397323216348 c0  → https://dcfd27564ef899969db9a562c7e1945f.r2.cloudflarestorage.com/1060397323216348.mp4
carried-forward  1419054459866080 c0  → https://pub-893b4a6a607b4221a894bf861da7914e.r2.dev/1419054459866080.mp4
carried-forward  1520868789582557 c0  → https://dcfd27564ef899969db9a562c7e1945f.r2.cloudflarestorage.com/1520868789582557.mp4
carried-forward  1045938718323196 c0  → https://dcfd27564ef899969db9a562c7e1945f.r2.cloudflarestorage.com/1045938718323196.mp4
carried-forward  1417426263526714 c0  → https://dcfd27564ef899969db9a562c7e1945f.r2.cloudflarestorage.com/1417426263526714.mp4
carried-forward  27684869524439116 c0  → https://dcfd27564ef899969db9a562c7e1945f.r2.cloudflarestorage.com/27684869524439116.mp4
carried-forward  3043686939135142 c0  → https://dcfd27564ef899969db9a562c7e1945f.r2.cloudflarestorage.com/3043686939135142.mp4
carried-forward  1708083870530128 c0  → https://dcfd27564ef899969db9a562c7e1945f.r2.cloudflarestorage.com/1708083870530128.mp4
carried-forward  1013181651239799 c0  → https://dcfd27564ef899969db9a562c7e1945f.r2.cloudflarestorage.com/1013181651239799.mp4
carried-forward  995133693132361 c0  → https://dcfd27564ef899969db9a562c7e1945f.r2.cloudflarestorage.com/995133693132361.mp4
carried-forward  2015119902365104 c0  → https://pub-893b4a6a607b4221a894bf861da7914e.r2.dev/2015119902365104.mp4
carried-forward  1502392968556177 c0  → https://pub-893b4a6a607b4221a894bf861da7914e.r2.dev/1502392968556177.mp4
carried-forward  906890209075307 c0  → https://pub-893b4a6a607b4221a894bf861da7914e.r2.dev/906890209075307.mp4
carried-forward  4585655421663519 c0  → https://dcfd27564ef899969db9a562c7e1945f.r2.cloudflarestorage.com/4585655421663519.mp4
carried-forward  608640915677208 c0  → https://pub-893b4a6a607b4221a894bf861da7914e.r2.dev/608640915677208.mp4
carried-forward  1054948106795031 c0  → https://pub-893b4a6a607b4221a894bf861da7914e.r2.dev/1054948106795031.mp4
carried-forward  1571320584323906 c0  → https://dcfd27564ef899969db9a562c7e1945f.r2.cloudflarestorage.com/1571320584323906.mp4
carried-forward  25537890735891271 c0  → https://pub-893b4a6a607b4221a894bf861da7914e.r2.dev/25537890735891271.mp4
carried-forward  1229348518532340 c0  → https://pub-893b4a6a607b4221a894bf861da7914e.r2.dev/1229348518532340.mp4
carried-forward  1022035256895189 c0  → https://dcfd27564ef899969db9a562c7e1945f.r2.cloudflarestorage.com/1022035256895189.mp4
carried-forward  1690365285332686 c0  → https://dcfd27564ef899969db9a562c7e1945f.r2.cloudflarestorage.com/1690365285332686.mp4
carried-forward  1864845014476554 c0  → https://dcfd27564ef899969db9a562c7e1945f.r2.cloudflarestorage.com/1864845014476554.mp4
carried-forward  2173731296805171 c0  → https://dcfd27564ef899969db9a562c7e1945f.r2.cloudflarestorage.com/2173731296805171.mp4
carried-forward  941526071921361 c0  → https://pub-893b4a6a607b4221a894bf861da7914e.r2.dev/941526071921361.mp4
carried-forward  2103960383866469 c0  → https://dcfd27564ef899969db9a562c7e1945f.r2.cloudflarestorage.com/2103960383866469.mp4
video-missing    2103960383866469 c0  (expected file not found in facebook/videos/english-seekho-2026-06-16)
carried-forward  1224227439081919 c0  → https://pub-893b4a6a607b4221a894bf861da7914e.r2.dev/1224227439081919.mp4
carried-forward  1208540079002247 c0  → https://dcfd27564ef899969db9a562c7e1945f.r2.cloudflarestorage.com/1208540079002247.mp4
carried-forward  1604005394576157 c0  → https://dcfd27564ef899969db9a562c7e1945f.r2.cloudflarestorage.com/1604005394576157.mp4
carried-forward  1725152981831904 c0  → https://dcfd27564ef899969db9a562c7e1945f.r2.cloudflarestorage.com/1725152981831904.mp4
carried-forward  1732630374543582 c0  → https://dcfd27564ef899969db9a562c7e1945f.r2.cloudflarestorage.com/1732630374543582.mp4
carried-forward  999219592865985 c0  → https://dcfd27564ef899969db9a562c7e1945f.r2.cloudflarestorage.com/999219592865985.mp4
carried-forward  1531339381874798 c0  → https://dcfd27564ef899969db9a562c7e1945f.r2.cloudflarestorage.com/1531339381874798.mp4
carried-forward  1006108492360115 c0  → https://dcfd27564ef899969db9a562c7e1945f.r2.cloudflarestorage.com/1006108492360115.mp4
carried-forward  1689667296500228 c0  → https://dcfd27564ef899969db9a562c7e1945f.r2.cloudflarestorage.com/1689667296500228.mp4
carried-forward  1556926006042951 c0  → https://dcfd27564ef899969db9a562c7e1945f.r2.cloudflarestorage.com/1556926006042951.mp4
video-missing    1556926006042951 c0  (expected file not found in facebook/videos/english-seekho-2026-06-16)
carried-forward  840752642285554 c0  → https://pub-893b4a6a607b4221a894bf861da7914e.r2.dev/840752642285554.mp4
carried-forward  27481468608206524 c0  → https://dcfd27564ef899969db9a562c7e1945f.r2.cloudflarestorage.com/27481468608206524.mp4
carried-forward  1559841751931772 c0  → https://pub-893b4a6a607b4221a894bf861da7914e.r2.dev/1559841751931772.mp4
carried-forward  890589943792591 c0  → https://pub-893b4a6a607b4221a894bf861da7914e.r2.dev/890589943792591.mp4
carried-forward  1506453667091488 c0  → https://dcfd27564ef899969db9a562c7e1945f.r2.cloudflarestorage.com/1506453667091488.mp4
carried-forward  987429027600209 c0  → https://dcfd27564ef899969db9a562c7e1945f.r2.cloudflarestorage.com/987429027600209.mp4
carried-forward  1509527853448376 c0  → https://pub-893b4a6a607b4221a894bf861da7914e.r2.dev/1509527853448376.mp4
carried-forward  874940122070171 c0  → https://pub-893b4a6a607b4221a894bf861da7914e.r2.dev/874940122070171.mp4
carried-forward  2051482542912060 c0  → https://dcfd27564ef899969db9a562c7e1945f.r2.cloudflarestorage.com/2051482542912060.mp4
carried-forward  1673680823847371 c0  → https://dcfd27564ef899969db9a562c7e1945f.r2.cloudflarestorage.com/1673680823847371.mp4
carried-forward  2349007295629898 c0  → https://dcfd27564ef899969db9a562c7e1945f.r2.cloudflarestorage.com/2349007295629898.mp4
carried-forward  26372603382322992 c0  → https://pub-893b4a6a607b4221a894bf861da7914e.r2.dev/26372603382322992.mp4
carried-forward  27173422662279363 c0  → https://dcfd27564ef899969db9a562c7e1945f.r2.cloudflarestorage.com/27173422662279363.mp4
carried-forward  1717225219274942 c0  → https://dcfd27564ef899969db9a562c7e1945f.r2.cloudflarestorage.com/1717225219274942.mp4
carried-forward  3077035459170339 c0  → https://dcfd27564ef899969db9a562c7e1945f.r2.cloudflarestorage.com/3077035459170339.mp4
carried-forward  1767058138206980 c0  → https://dcfd27564ef899969db9a562c7e1945f.r2.cloudflarestorage.com/1767058138206980.mp4
carried-forward  2472644496587726 c0  → https://dcfd27564ef899969db9a562c7e1945f.r2.cloudflarestorage.com/2472644496587726.mp4
carried-forward  5195950473963815 c0  → https://pub-893b4a6a607b4221a894bf861da7914e.r2.dev/5195950473963815.mp4
carried-forward  1945996112929486 c0  → https://pub-893b4a6a607b4221a894bf861da7914e.r2.dev/1945996112929486.mp4
carried-forward  1165134132464323 c0  → https://dcfd27564ef899969db9a562c7e1945f.r2.cloudflarestorage.com/1165134132464323.mp4
carried-forward  1490991088886116 c0  → https://dcfd27564ef899969db9a562c7e1945f.r2.cloudflarestorage.com/1490991088886116.mp4
carried-forward  1427103212256894 c0  → https://pub-893b4a6a607b4221a894bf861da7914e.r2.dev/1427103212256894.mp4
carried-forward  1525833275872737 c0  → https://pub-893b4a6a607b4221a894bf861da7914e.r2.dev/1525833275872737.mp4
carried-forward  4539332442969258 c0  → https://dcfd27564ef899969db9a562c7e1945f.r2.cloudflarestorage.com/4539332442969258.mp4
carried-forward  1333604115380092 c0  → https://dcfd27564ef899969db9a562c7e1945f.r2.cloudflarestorage.com/1333604115380092.mp4
carried-forward  2554176318345039 c0  → https://dcfd27564ef899969db9a562c7e1945f.r2.cloudflarestorage.com/2554176318345039.mp4
carried-forward  2155988204971761 c0  → https://dcfd27564ef899969db9a562c7e1945f.r2.cloudflarestorage.com/2155988204971761.mp4
carried-forward  1973484289941303 c0  → https://dcfd27564ef899969db9a562c7e1945f.r2.cloudflarestorage.com/1973484289941303.mp4
carried-forward  1542133587364460 c0  → https://dcfd27564ef899969db9a562c7e1945f.r2.cloudflarestorage.com/1542133587364460.mp4
carried-forward  970293769157487 c0  → https://dcfd27564ef899969db9a562c7e1945f.r2.cloudflarestorage.com/970293769157487.mp4
carried-forward  2829567170770163 c0  → https://dcfd27564ef899969db9a562c7e1945f.r2.cloudflarestorage.com/2829567170770163.mp4
carried-forward  1529790215251306 c0  → https://dcfd27564ef899969db9a562c7e1945f.r2.cloudflarestorage.com/1529790215251306.mp4
carried-forward  2253030498553449 c0  → https://pub-893b4a6a607b4221a894bf861da7914e.r2.dev/2253030498553449.mp4
carried-forward  1790759518556749 c0  → https://dcfd27564ef899969db9a562c7e1945f.r2.cloudflarestorage.com/1790759518556749.mp4
carried-forward  1047178357881109 c0  → https://dcfd27564ef899969db9a562c7e1945f.r2.cloudflarestorage.com/1047178357881109.mp4
carried-forward  1873195333560021 c0  → https://pub-893b4a6a607b4221a894bf861da7914e.r2.dev/1873195333560021.mp4
carried-forward  1329796115251457 c0  → https://dcfd27564ef899969db9a562c7e1945f.r2.cloudflarestorage.com/1329796115251457.mp4
carried-forward  1516557379959604 c0  → https://dcfd27564ef899969db9a562c7e1945f.r2.cloudflarestorage.com/1516557379959604.mp4
carried-forward  861154453569534 c0  → https://pub-893b4a6a607b4221a894bf861da7914e.r2.dev/861154453569534.mp4
carried-forward  2092101888037764 c0  → https://dcfd27564ef899969db9a562c7e1945f.r2.cloudflarestorage.com/2092101888037764.mp4
carried-forward  1348094906792977 c0  → https://dcfd27564ef899969db9a562c7e1945f.r2.cloudflarestorage.com/1348094906792977.mp4
carried-forward  902496572123981 c0  → https://pub-893b4a6a607b4221a894bf861da7914e.r2.dev/902496572123981.mp4
carried-forward  1693669981674415 c0  → https://dcfd27564ef899969db9a562c7e1945f.r2.cloudflarestorage.com/1693669981674415.mp4
carried-forward  2534191277017083 c0  → https://dcfd27564ef899969db9a562c7e1945f.r2.cloudflarestorage.com/2534191277017083.mp4
carried-forward  2102577007274072 c0  → https://dcfd27564ef899969db9a562c7e1945f.r2.cloudflarestorage.com/2102577007274072.mp4
carried-forward  896406336820941 c0  → https://dcfd27564ef899969db9a562c7e1945f.r2.cloudflarestorage.com/896406336820941.mp4
carried-forward  1302125191954780 c0  → https://pub-893b4a6a607b4221a894bf861da7914e.r2.dev/1302125191954780.mp4
carried-forward  26857251033970202 c0  → https://dcfd27564ef899969db9a562c7e1945f.r2.cloudflarestorage.com/26857251033970202.mp4
carried-forward  884859273959848 c0  → https://dcfd27564ef899969db9a562c7e1945f.r2.cloudflarestorage.com/884859273959848.mp4
carried-forward  1012751497873071 c0  → https://dcfd27564ef899969db9a562c7e1945f.r2.cloudflarestorage.com/1012751497873071.mp4
