# Step 3 run log
# competitor : lingo-ai
# started_at : 2026-06-30T13:33:21
# input      : facebook/inputs/fb-ads-lingo-ai-2026-06-30-1330.csv
# videos     : facebook/videos/lingo-ai-2026-06-30
# master     : facebook/master/lingo-ai.csv  (updated)
# enriched   : facebook/inputs/fb-ads-lingo-ai-2026-06-30-1330_enriched.csv
# bucket     : video-ads
# public_base: https://pub-893b4a6a607b4221a894bf861da7914e.r2.dev
# dry_run    : False
#
# counts     : {'uploaded': 22, 'carried-forward': 94, 'image-pending': 0, 'video-missing': 2, 'no-creative': 0, 'error': 0}
#
carried-forward  1398488762334299 c0  → https://pub-893b4a6a607b4221a894bf861da7914e.r2.dev/1398488762334299.mp4
carried-forward  1038854211901779 c0  → https://pub-893b4a6a607b4221a894bf861da7914e.r2.dev/1038854211901779.mp4
carried-forward  1093823739826634 c0  → https://pub-893b4a6a607b4221a894bf861da7914e.r2.dev/1093823739826634.mp4
carried-forward  1007110078391526 c0  → https://pub-893b4a6a607b4221a894bf861da7914e.r2.dev/1007110078391526.mp4
carried-forward  1651336692836508 c0  → https://pub-893b4a6a607b4221a894bf861da7914e.r2.dev/1651336692836508.mp4
carried-forward  1539568594489443 c0  → https://pub-893b4a6a607b4221a894bf861da7914e.r2.dev/1539568594489443.mp4
carried-forward  1702396627735348 c0  → https://pub-893b4a6a607b4221a894bf861da7914e.r2.dev/1702396627735348.mp4
uploaded         1538760811238868 c0  (video) ← 1538760811238868.mp4  → https://pub-893b4a6a607b4221a894bf861da7914e.r2.dev/1538760811238868.mp4
carried-forward  1685980745983019 c0  → https://pub-893b4a6a607b4221a894bf861da7914e.r2.dev/1685980745983019.mp4
carried-forward  1449171250302016 c0  → https://pub-893b4a6a607b4221a894bf861da7914e.r2.dev/1449171250302016.mp4
carried-forward  1484254506359681 c0  → https://pub-893b4a6a607b4221a894bf861da7914e.r2.dev/1484254506359681.mp4
carried-forward  2215514149246402 c0  → https://pub-893b4a6a607b4221a894bf861da7914e.r2.dev/2215514149246402.mp4
carried-forward  1402910178342547 c0  → https://pub-893b4a6a607b4221a894bf861da7914e.r2.dev/1402910178342547.mp4
carried-forward  2223760955053163 c0  → https://pub-893b4a6a607b4221a894bf861da7914e.r2.dev/2223760955053163.mp4
carried-forward  2529530774161992 c0  → https://pub-893b4a6a607b4221a894bf861da7914e.r2.dev/2529530774161992.mp4
carried-forward  1583804963749566 c0  → https://pub-893b4a6a607b4221a894bf861da7914e.r2.dev/1583804963749566.mp4
carried-forward  4343450969301775 c0  → https://pub-893b4a6a607b4221a894bf861da7914e.r2.dev/4343450969301775.mp4
carried-forward  1962277031827815 c0  → https://pub-893b4a6a607b4221a894bf861da7914e.r2.dev/1962277031827815.mp4
carried-forward  993382163488187 c0  → https://pub-893b4a6a607b4221a894bf861da7914e.r2.dev/993382163488187.mp4
carried-forward  1562643752055927 c0  → https://pub-893b4a6a607b4221a894bf861da7914e.r2.dev/1562643752055927.mp4
carried-forward  1005118642480638 c0  → https://pub-893b4a6a607b4221a894bf861da7914e.r2.dev/1005118642480638.mp4
carried-forward  1687698609048212 c0  → https://pub-893b4a6a607b4221a894bf861da7914e.r2.dev/1687698609048212.mp4
carried-forward  1312402474407625 c0  → https://pub-893b4a6a607b4221a894bf861da7914e.r2.dev/1312402474407625.mp4
carried-forward  836154422687283 c0  → https://pub-893b4a6a607b4221a894bf861da7914e.r2.dev/836154422687283.mp4
carried-forward  1832151567988662 c0  → https://pub-893b4a6a607b4221a894bf861da7914e.r2.dev/1832151567988662.mp4
carried-forward  1334703498047853 c0  → https://pub-893b4a6a607b4221a894bf861da7914e.r2.dev/1334703498047853.mp4
uploaded         1713425506522096 c0  (video) ← 1713425506522096.mp4  → https://pub-893b4a6a607b4221a894bf861da7914e.r2.dev/1713425506522096.mp4
carried-forward  1506922147561152 c0  → https://pub-893b4a6a607b4221a894bf861da7914e.r2.dev/1506922147561152.mp4
carried-forward  1705366507331909 c0  → https://pub-893b4a6a607b4221a894bf861da7914e.r2.dev/1705366507331909.mp4
uploaded         2214088236050101 c0  (video) ← 2214088236050101.mp4  → https://pub-893b4a6a607b4221a894bf861da7914e.r2.dev/2214088236050101.mp4
carried-forward  1225658062919321 c0  → https://pub-893b4a6a607b4221a894bf861da7914e.r2.dev/1225658062919321.mp4
carried-forward  992641953651273 c0  → https://pub-893b4a6a607b4221a894bf861da7914e.r2.dev/992641953651273.mp4
carried-forward  1337814845219916 c0  → https://pub-893b4a6a607b4221a894bf861da7914e.r2.dev/1337814845219916.mp4
carried-forward  1338898801538920 c0  → https://pub-893b4a6a607b4221a894bf861da7914e.r2.dev/1338898801538920.mp4
carried-forward  1633628567704710 c0  → https://pub-893b4a6a607b4221a894bf861da7914e.r2.dev/1633628567704710.mp4
carried-forward  1382542137258042 c0  → https://pub-893b4a6a607b4221a894bf861da7914e.r2.dev/1382542137258042.mp4
carried-forward  1691784178829769 c0  → https://pub-893b4a6a607b4221a894bf861da7914e.r2.dev/1691784178829769.mp4
carried-forward  1003815002563627 c0  → https://pub-893b4a6a607b4221a894bf861da7914e.r2.dev/1003815002563627.mp4
carried-forward  878207795333026 c0  → https://pub-893b4a6a607b4221a894bf861da7914e.r2.dev/878207795333026.mp4
carried-forward  1552375786420589 c0  → https://pub-893b4a6a607b4221a894bf861da7914e.r2.dev/1552375786420589.mp4
carried-forward  4515075708769499 c0  → https://pub-893b4a6a607b4221a894bf861da7914e.r2.dev/4515075708769499.mp4
carried-forward  1735439077870632 c0  → https://pub-893b4a6a607b4221a894bf861da7914e.r2.dev/1735439077870632.mp4
carried-forward  900011839294388 c0  → https://pub-893b4a6a607b4221a894bf861da7914e.r2.dev/900011839294388.mp4
carried-forward  1376125071000503 c0  → https://pub-893b4a6a607b4221a894bf861da7914e.r2.dev/1376125071000503.mp4
carried-forward  3403536496487480 c0  → https://pub-893b4a6a607b4221a894bf861da7914e.r2.dev/3403536496487480.mp4
carried-forward  1495959161795889 c0  → https://pub-893b4a6a607b4221a894bf861da7914e.r2.dev/1495959161795889.mp4
uploaded         964887063217501 c0  (video) ← 964887063217501.mp4  → https://pub-893b4a6a607b4221a894bf861da7914e.r2.dev/964887063217501.mp4
carried-forward  981674204685917 c0  → https://pub-893b4a6a607b4221a894bf861da7914e.r2.dev/981674204685917.mp4
carried-forward  1332107031680751 c0  → https://pub-893b4a6a607b4221a894bf861da7914e.r2.dev/1332107031680751.mp4
carried-forward  1929767137611529 c0  → https://pub-893b4a6a607b4221a894bf861da7914e.r2.dev/1929767137611529.mp4
carried-forward  1492092175305768 c0  → https://pub-893b4a6a607b4221a894bf861da7914e.r2.dev/1492092175305768.mp4
carried-forward  3340516169466059 c0  → https://pub-893b4a6a607b4221a894bf861da7914e.r2.dev/3340516169466059.mp4
carried-forward  1031747116205172 c0  → https://pub-893b4a6a607b4221a894bf861da7914e.r2.dev/1031747116205172.mp4
carried-forward  1220089980142236 c0  → https://pub-893b4a6a607b4221a894bf861da7914e.r2.dev/1220089980142236.mp4
carried-forward  1661401064910641 c0  → https://pub-893b4a6a607b4221a894bf861da7914e.r2.dev/1661401064910641.mp4
carried-forward  1427717762585898 c0  → https://pub-893b4a6a607b4221a894bf861da7914e.r2.dev/1427717762585898.mp4
uploaded         996857216293548 c0  (video) ← 996857216293548.mp4  → https://pub-893b4a6a607b4221a894bf861da7914e.r2.dev/996857216293548.mp4
uploaded         1652399175862726 c0  (video) ← 1652399175862726.mp4  → https://pub-893b4a6a607b4221a894bf861da7914e.r2.dev/1652399175862726.mp4
carried-forward  2076022413797975 c0  → https://pub-893b4a6a607b4221a894bf861da7914e.r2.dev/2076022413797975.mp4
carried-forward  1016351310760637 c0  → https://pub-893b4a6a607b4221a894bf861da7914e.r2.dev/1016351310760637.mp4
carried-forward  948906394837424 c0  → https://pub-893b4a6a607b4221a894bf861da7914e.r2.dev/948906394837424.mp4
uploaded         1077685178256993 c0  (video) ← 1077685178256993.mp4  → https://pub-893b4a6a607b4221a894bf861da7914e.r2.dev/1077685178256993.mp4
carried-forward  1640282667036366 c0  → https://pub-893b4a6a607b4221a894bf861da7914e.r2.dev/1640282667036366.mp4
carried-forward  1550386230032600 c0  → https://pub-893b4a6a607b4221a894bf861da7914e.r2.dev/1550386230032600.mp4
uploaded         1678641126584608 c0  (video) ← 1678641126584608.mp4  → https://pub-893b4a6a607b4221a894bf861da7914e.r2.dev/1678641126584608.mp4
carried-forward  26977995741871170 c0  → https://pub-893b4a6a607b4221a894bf861da7914e.r2.dev/26977995741871170.mp4
carried-forward  854501297352956 c0  → https://pub-893b4a6a607b4221a894bf861da7914e.r2.dev/854501297352956.mp4
carried-forward  2263593867717001 c0  → https://pub-893b4a6a607b4221a894bf861da7914e.r2.dev/2263593867717001.mp4
uploaded         1663926744681954 c0  (video) ← 1663926744681954.mp4  → https://pub-893b4a6a607b4221a894bf861da7914e.r2.dev/1663926744681954.mp4
carried-forward  1030585469917770 c0  → https://pub-893b4a6a607b4221a894bf861da7914e.r2.dev/1030585469917770.mp4
carried-forward  1013757414877783 c0  → https://pub-893b4a6a607b4221a894bf861da7914e.r2.dev/1013757414877783.mp4
carried-forward  1028449009853941 c0  → https://pub-893b4a6a607b4221a894bf861da7914e.r2.dev/1028449009853941.mp4
carried-forward  1778942330132715 c0  → https://pub-893b4a6a607b4221a894bf861da7914e.r2.dev/1778942330132715.mp4
carried-forward  836964239493914 c0  → https://pub-893b4a6a607b4221a894bf861da7914e.r2.dev/836964239493914.mp4
carried-forward  1532627261738407 c0  → https://pub-893b4a6a607b4221a894bf861da7914e.r2.dev/1532627261738407.mp4
carried-forward  2198156761037603 c0  → https://pub-893b4a6a607b4221a894bf861da7914e.r2.dev/2198156761037603.mp4
carried-forward  2825328911169017 c0  → https://pub-893b4a6a607b4221a894bf861da7914e.r2.dev/2825328911169017.mp4
carried-forward  942215722189783 c0  → https://pub-893b4a6a607b4221a894bf861da7914e.r2.dev/942215722189783.mp4
carried-forward  28074840175451008 c0  → https://pub-893b4a6a607b4221a894bf861da7914e.r2.dev/28074840175451008.mp4
carried-forward  1633269327750962 c0  → https://pub-893b4a6a607b4221a894bf861da7914e.r2.dev/1633269327750962.mp4
uploaded         2367898560406946 c0  (video) ← 2367898560406946.mp4  → https://pub-893b4a6a607b4221a894bf861da7914e.r2.dev/2367898560406946.mp4
carried-forward  1665570207993946 c0  → https://pub-893b4a6a607b4221a894bf861da7914e.r2.dev/1665570207993946.mp4
carried-forward  2013049059297231 c0  → https://pub-893b4a6a607b4221a894bf861da7914e.r2.dev/2013049059297231.mp4
carried-forward  1023476526852359 c0  → https://pub-893b4a6a607b4221a894bf861da7914e.r2.dev/1023476526852359.mp4
uploaded         1665543061221350 c0  (video) ← 1665543061221350.mp4  → https://pub-893b4a6a607b4221a894bf861da7914e.r2.dev/1665543061221350.mp4
carried-forward  1706538336929507 c0  → https://pub-893b4a6a607b4221a894bf861da7914e.r2.dev/1706538336929507.mp4
video-missing    1706538336929507 c0  (expected file not found in facebook/videos/lingo-ai-2026-06-30)
carried-forward  1529012985681620 c0  → https://pub-893b4a6a607b4221a894bf861da7914e.r2.dev/1529012985681620.mp4
carried-forward  2043179773740671 c0  → https://pub-893b4a6a607b4221a894bf861da7914e.r2.dev/2043179773740671.mp4
uploaded         888239487656454 c0  (video) ← 888239487656454.mp4  → https://pub-893b4a6a607b4221a894bf861da7914e.r2.dev/888239487656454.mp4
carried-forward  980866228090947 c0  → https://pub-893b4a6a607b4221a894bf861da7914e.r2.dev/980866228090947.mp4
uploaded         1375162081146761 c0  (video) ← 1375162081146761.mp4  → https://pub-893b4a6a607b4221a894bf861da7914e.r2.dev/1375162081146761.mp4
carried-forward  1620690590064291 c0  → https://pub-893b4a6a607b4221a894bf861da7914e.r2.dev/1620690590064291.mp4
carried-forward  1635215360918989 c0  → https://pub-893b4a6a607b4221a894bf861da7914e.r2.dev/1635215360918989.mp4
carried-forward  2197431064430320 c0  → https://pub-893b4a6a607b4221a894bf861da7914e.r2.dev/2197431064430320.mp4
carried-forward  1967353097232627 c0  → https://pub-893b4a6a607b4221a894bf861da7914e.r2.dev/1967353097232627.mp4
carried-forward  2183171979139988 c0  → https://pub-893b4a6a607b4221a894bf861da7914e.r2.dev/2183171979139988.mp4
carried-forward  4372491909746961 c0  → https://pub-893b4a6a607b4221a894bf861da7914e.r2.dev/4372491909746961.mp4
carried-forward  889901240171323 c0  → https://pub-893b4a6a607b4221a894bf861da7914e.r2.dev/889901240171323.mp4
carried-forward  1536731928243013 c0  → https://pub-893b4a6a607b4221a894bf861da7914e.r2.dev/1536731928243013.mp4
video-missing    1536731928243013 c0  (expected file not found in facebook/videos/lingo-ai-2026-06-30)
carried-forward  835906489378401 c0  → https://pub-893b4a6a607b4221a894bf861da7914e.r2.dev/835906489378401.mp4
carried-forward  1482706329799808 c0  → https://pub-893b4a6a607b4221a894bf861da7914e.r2.dev/1482706329799808.mp4
carried-forward  2243249256430501 c0  → https://pub-893b4a6a607b4221a894bf861da7914e.r2.dev/2243249256430501.mp4
uploaded         1336049577946625 c0  (video) ← 1336049577946625.mp4  → https://pub-893b4a6a607b4221a894bf861da7914e.r2.dev/1336049577946625.mp4
carried-forward  4445732412339005 c0  → https://pub-893b4a6a607b4221a894bf861da7914e.r2.dev/4445732412339005.mp4
uploaded         3220717538115795 c0  (video) ← 3220717538115795.mp4  → https://pub-893b4a6a607b4221a894bf861da7914e.r2.dev/3220717538115795.mp4
carried-forward  27200422259600892 c0  → https://pub-893b4a6a607b4221a894bf861da7914e.r2.dev/27200422259600892.mp4
uploaded         2276444916498087 c0  (video) ← 2276444916498087.mp4  → https://pub-893b4a6a607b4221a894bf861da7914e.r2.dev/2276444916498087.mp4
carried-forward  4565916810309378 c0  → https://pub-893b4a6a607b4221a894bf861da7914e.r2.dev/4565916810309378.mp4
carried-forward  2226393941496900 c0  → https://pub-893b4a6a607b4221a894bf861da7914e.r2.dev/2226393941496900.mp4
carried-forward  1350345613876652 c0  → https://pub-893b4a6a607b4221a894bf861da7914e.r2.dev/1350345613876652.mp4
uploaded         1428582129292481 c0  (video) ← 1428582129292481.mp4  → https://pub-893b4a6a607b4221a894bf861da7914e.r2.dev/1428582129292481.mp4
uploaded         986520784287105 c0  (video) ← 986520784287105.mp4  → https://pub-893b4a6a607b4221a894bf861da7914e.r2.dev/986520784287105.mp4
uploaded         1070801815488817 c0  (video) ← 1070801815488817.mp4  → https://pub-893b4a6a607b4221a894bf861da7914e.r2.dev/1070801815488817.mp4
uploaded         1241242701314131 c0  (video) ← 1241242701314131.mp4  → https://pub-893b4a6a607b4221a894bf861da7914e.r2.dev/1241242701314131.mp4
uploaded         1399190662020105 c0  (video) ← 1399190662020105.mp4  → https://pub-893b4a6a607b4221a894bf861da7914e.r2.dev/1399190662020105.mp4
uploaded         4640976172881843 c0  (video) ← 4640976172881843.mp4  → https://pub-893b4a6a607b4221a894bf861da7914e.r2.dev/4640976172881843.mp4
