# Step 3 run log
# competitor : lingo-ai
# started_at : 2026-06-16T14:21:46
# input      : facebook/inputs/fb-ads-lingo-ai-2026-06-16-1419.csv
# videos     : facebook/videos/lingo-ai-2026-06-16
# master     : facebook/master/lingo-ai.csv  (updated)
# enriched   : facebook/inputs/fb-ads-lingo-ai-2026-06-16-1419_enriched.csv
# bucket     : video-ads
# public_base: https://dcfd27564ef899969db9a562c7e1945f.r2.cloudflarestorage.com
# dry_run    : False
#
# counts     : {'uploaded': 25, 'carried-forward': 17, 'image-pending': 0, 'video-missing': 0, 'no-creative': 0, 'error': 0}
#
carried-forward  4245939425660754 c0  → https://dcfd27564ef899969db9a562c7e1945f.r2.cloudflarestorage.com/4245939425660754.mp4
uploaded         1977029976261208 c0  (video) ← 1977029976261208.mp4  → https://dcfd27564ef899969db9a562c7e1945f.r2.cloudflarestorage.com/1977029976261208.mp4
carried-forward  1025722076570233 c0  → https://dcfd27564ef899969db9a562c7e1945f.r2.cloudflarestorage.com/1025722076570233.mp4
carried-forward  4576200355997577 c0  → https://dcfd27564ef899969db9a562c7e1945f.r2.cloudflarestorage.com/4576200355997577.mp4
carried-forward  980472391441234 c0  → https://dcfd27564ef899969db9a562c7e1945f.r2.cloudflarestorage.com/980472391441234.mp4
carried-forward  992031523734356 c0  → https://dcfd27564ef899969db9a562c7e1945f.r2.cloudflarestorage.com/992031523734356.mp4
carried-forward  965379309656441 c0  → https://dcfd27564ef899969db9a562c7e1945f.r2.cloudflarestorage.com/965379309656441.mp4
carried-forward  4538220956421951 c0  → https://dcfd27564ef899969db9a562c7e1945f.r2.cloudflarestorage.com/4538220956421951.mp4
carried-forward  2450479242113519 c0  → https://dcfd27564ef899969db9a562c7e1945f.r2.cloudflarestorage.com/2450479242113519.mp4
carried-forward  2741226512911984 c0  → https://dcfd27564ef899969db9a562c7e1945f.r2.cloudflarestorage.com/2741226512911984.mp4
carried-forward  2153023128817946 c0  → https://dcfd27564ef899969db9a562c7e1945f.r2.cloudflarestorage.com/2153023128817946.mp4
carried-forward  1444573690806212 c0  → https://dcfd27564ef899969db9a562c7e1945f.r2.cloudflarestorage.com/1444573690806212.mp4
carried-forward  1704791477199973 c0  → https://dcfd27564ef899969db9a562c7e1945f.r2.cloudflarestorage.com/1704791477199973.mp4
carried-forward  3046945898830013 c0  → https://dcfd27564ef899969db9a562c7e1945f.r2.cloudflarestorage.com/3046945898830013.mp4
carried-forward  1747869789910274 c0  → https://dcfd27564ef899969db9a562c7e1945f.r2.cloudflarestorage.com/1747869789910274.mp4
carried-forward  2820605464942152 c0  → https://dcfd27564ef899969db9a562c7e1945f.r2.cloudflarestorage.com/2820605464942152.mp4
carried-forward  1672803190595487 c0  → https://dcfd27564ef899969db9a562c7e1945f.r2.cloudflarestorage.com/1672803190595487.mp4
carried-forward  1555753755947747 c0  → https://dcfd27564ef899969db9a562c7e1945f.r2.cloudflarestorage.com/1555753755947747.mp4
uploaded         1915361298965714 c0  (video) ← 1915361298965714.mp4  → https://dcfd27564ef899969db9a562c7e1945f.r2.cloudflarestorage.com/1915361298965714.mp4
uploaded         2032626797461477 c0  (video) ← 2032626797461477.mp4  → https://dcfd27564ef899969db9a562c7e1945f.r2.cloudflarestorage.com/2032626797461477.mp4
uploaded         1637899393946769 c0  (video) ← 1637899393946769.mp4  → https://dcfd27564ef899969db9a562c7e1945f.r2.cloudflarestorage.com/1637899393946769.mp4
uploaded         4687673938174151 c0  (video) ← 4687673938174151.mp4  → https://dcfd27564ef899969db9a562c7e1945f.r2.cloudflarestorage.com/4687673938174151.mp4
uploaded         993382163488187 c0  (video) ← 993382163488187.mp4  → https://dcfd27564ef899969db9a562c7e1945f.r2.cloudflarestorage.com/993382163488187.mp4
uploaded         926058690492896 c0  (video) ← 926058690492896.mp4  → https://dcfd27564ef899969db9a562c7e1945f.r2.cloudflarestorage.com/926058690492896.mp4
uploaded         1333230688768920 c0  (video) ← 1333230688768920.mp4  → https://dcfd27564ef899969db9a562c7e1945f.r2.cloudflarestorage.com/1333230688768920.mp4
uploaded         1778942330132715 c0  (video) ← 1778942330132715.mp4  → https://dcfd27564ef899969db9a562c7e1945f.r2.cloudflarestorage.com/1778942330132715.mp4
uploaded         976364165204208 c0  (video) ← 976364165204208.mp4  → https://dcfd27564ef899969db9a562c7e1945f.r2.cloudflarestorage.com/976364165204208.mp4
uploaded         1929767137611529 c0  (video) ← 1929767137611529.mp4  → https://dcfd27564ef899969db9a562c7e1945f.r2.cloudflarestorage.com/1929767137611529.mp4
uploaded         1476542507850179 c0  (video) ← 1476542507850179.mp4  → https://dcfd27564ef899969db9a562c7e1945f.r2.cloudflarestorage.com/1476542507850179.mp4
uploaded         1651336692836508 c0  (video) ← 1651336692836508.mp4  → https://dcfd27564ef899969db9a562c7e1945f.r2.cloudflarestorage.com/1651336692836508.mp4
uploaded         1096538780053471 c0  (video) ← 1096538780053471.mp4  → https://dcfd27564ef899969db9a562c7e1945f.r2.cloudflarestorage.com/1096538780053471.mp4
uploaded         1691784178829769 c0  (video) ← 1691784178829769.mp4  → https://dcfd27564ef899969db9a562c7e1945f.r2.cloudflarestorage.com/1691784178829769.mp4
uploaded         3315138595335780 c0  (video) ← 3315138595335780.mp4  → https://dcfd27564ef899969db9a562c7e1945f.r2.cloudflarestorage.com/3315138595335780.mp4
uploaded         994716566609726 c0  (video) ← 994716566609726.mp4  → https://dcfd27564ef899969db9a562c7e1945f.r2.cloudflarestorage.com/994716566609726.mp4
uploaded         1006749742165873 c0  (video) ← 1006749742165873.mp4  → https://dcfd27564ef899969db9a562c7e1945f.r2.cloudflarestorage.com/1006749742165873.mp4
uploaded         1311647397762391 c0  (video) ← 1311647397762391.mp4  → https://dcfd27564ef899969db9a562c7e1945f.r2.cloudflarestorage.com/1311647397762391.mp4
uploaded         1324711415771152 c0  (video) ← 1324711415771152.mp4  → https://dcfd27564ef899969db9a562c7e1945f.r2.cloudflarestorage.com/1324711415771152.mp4
uploaded         1378308274350492 c0  (video) ← 1378308274350492.mp4  → https://dcfd27564ef899969db9a562c7e1945f.r2.cloudflarestorage.com/1378308274350492.mp4
uploaded         1568454698132016 c0  (video) ← 1568454698132016.mp4  → https://dcfd27564ef899969db9a562c7e1945f.r2.cloudflarestorage.com/1568454698132016.mp4
uploaded         1716427079431571 c0  (video) ← 1716427079431571.mp4  → https://dcfd27564ef899969db9a562c7e1945f.r2.cloudflarestorage.com/1716427079431571.mp4
uploaded         2388976068265097 c0  (video) ← 2388976068265097.mp4  → https://dcfd27564ef899969db9a562c7e1945f.r2.cloudflarestorage.com/2388976068265097.mp4
uploaded         4042598066038325 c0  (video) ← 4042598066038325.mp4  → https://dcfd27564ef899969db9a562c7e1945f.r2.cloudflarestorage.com/4042598066038325.mp4
