# Step 3 run log
# competitor : lingo-ai
# started_at : 2026-07-18T14:09:33
# input      : facebook/inputs/fb-ads-lingo-ai-2026-07-18-1402.csv
# videos     : facebook/videos/lingo-ai-2026-07-18
# master     : facebook/master/lingo-ai.csv  (updated)
# enriched   : facebook/inputs/fb-ads-lingo-ai-2026-07-18-1402_enriched.csv
# bucket     : video-ads
# public_base: https://pub-893b4a6a607b4221a894bf861da7914e.r2.dev
# dry_run    : False
#
# counts     : {'uploaded': 73, 'carried-forward': 107, 'image-pending': 0, 'video-missing': 5, 'no-creative': 0, 'error': 0}
#
carried-forward  1093823739826634 c0  → https://pub-893b4a6a607b4221a894bf861da7914e.r2.dev/1093823739826634.mp4
carried-forward  1336448118024889 c0  → https://pub-893b4a6a607b4221a894bf861da7914e.r2.dev/1336448118024889.mp4
carried-forward  2817216648647618 c0  → https://pub-893b4a6a607b4221a894bf861da7914e.r2.dev/2817216648647618.mp4
carried-forward  1683265226128164 c0  → https://pub-893b4a6a607b4221a894bf861da7914e.r2.dev/1683265226128164.mp4
carried-forward  831092886606480 c0  → https://pub-893b4a6a607b4221a894bf861da7914e.r2.dev/831092886606480.mp4
carried-forward  1387668796571355 c0  → https://pub-893b4a6a607b4221a894bf861da7914e.r2.dev/1387668796571355.mp4
video-missing    1387668796571355 c0  (expected file not found in facebook/videos/lingo-ai-2026-07-18)
carried-forward  1561681932015617 c0  → https://pub-893b4a6a607b4221a894bf861da7914e.r2.dev/1561681932015617.mp4
carried-forward  1972127246813621 c0  → https://pub-893b4a6a607b4221a894bf861da7914e.r2.dev/1972127246813621.mp4
carried-forward  4308553339407245 c0  → https://pub-893b4a6a607b4221a894bf861da7914e.r2.dev/4308553339407245.mp4
carried-forward  3263205557220973 c0  → https://pub-893b4a6a607b4221a894bf861da7914e.r2.dev/3263205557220973.mp4
carried-forward  2019382318667999 c0  → https://pub-893b4a6a607b4221a894bf861da7914e.r2.dev/2019382318667999.mp4
carried-forward  1038960765740921 c0  → https://pub-893b4a6a607b4221a894bf861da7914e.r2.dev/1038960765740921.mp4
carried-forward  2253769662106911 c0  → https://pub-893b4a6a607b4221a894bf861da7914e.r2.dev/2253769662106911.mp4
video-missing    2253769662106911 c0  (expected file not found in facebook/videos/lingo-ai-2026-07-18)
carried-forward  4494315040857752 c0  → https://pub-893b4a6a607b4221a894bf861da7914e.r2.dev/4494315040857752.mp4
video-missing    4494315040857752 c0  (expected file not found in facebook/videos/lingo-ai-2026-07-18)
carried-forward  1006880602208933 c0  → https://pub-893b4a6a607b4221a894bf861da7914e.r2.dev/1006880602208933.mp4
carried-forward  2074376606622636 c0  → https://pub-893b4a6a607b4221a894bf861da7914e.r2.dev/2074376606622636.mp4
carried-forward  1402910178342547 c0  → https://pub-893b4a6a607b4221a894bf861da7914e.r2.dev/1402910178342547.mp4
carried-forward  2223760955053163 c0  → https://pub-893b4a6a607b4221a894bf861da7914e.r2.dev/2223760955053163.mp4
carried-forward  1036575242203841 c0  → https://pub-893b4a6a607b4221a894bf861da7914e.r2.dev/1036575242203841.mp4
carried-forward  1555307446033768 c0  → https://pub-893b4a6a607b4221a894bf861da7914e.r2.dev/1555307446033768.mp4
carried-forward  1572811197564722 c0  → https://pub-893b4a6a607b4221a894bf861da7914e.r2.dev/1572811197564722.mp4
carried-forward  1539898520838626 c0  → https://pub-893b4a6a607b4221a894bf861da7914e.r2.dev/1539898520838626.mp4
carried-forward  1543107963869133 c0  → https://pub-893b4a6a607b4221a894bf861da7914e.r2.dev/1543107963869133.mp4
carried-forward  2079659836277553 c0  → https://pub-893b4a6a607b4221a894bf861da7914e.r2.dev/2079659836277553.mp4
carried-forward  1705366507331909 c0  → https://pub-893b4a6a607b4221a894bf861da7914e.r2.dev/1705366507331909.mp4
carried-forward  2221848241692614 c0  → https://pub-893b4a6a607b4221a894bf861da7914e.r2.dev/2221848241692614.mp4
video-missing    2221848241692614 c0  (expected file not found in facebook/videos/lingo-ai-2026-07-18)
carried-forward  1506922147561152 c0  → https://pub-893b4a6a607b4221a894bf861da7914e.r2.dev/1506922147561152.mp4
carried-forward  1241295458021975 c0  → https://pub-893b4a6a607b4221a894bf861da7914e.r2.dev/1241295458021975.mp4
carried-forward  1609843680737239 c0  → https://pub-893b4a6a607b4221a894bf861da7914e.r2.dev/1609843680737239.mp4
carried-forward  1057354999962279 c0  → https://pub-893b4a6a607b4221a894bf861da7914e.r2.dev/1057354999962279.mp4
carried-forward  1644972694300693 c0  → https://pub-893b4a6a607b4221a894bf861da7914e.r2.dev/1644972694300693.mp4
carried-forward  1633628567704710 c0  → https://pub-893b4a6a607b4221a894bf861da7914e.r2.dev/1633628567704710.mp4
carried-forward  2953210015070433 c0  → https://pub-893b4a6a607b4221a894bf861da7914e.r2.dev/2953210015070433.mp4
carried-forward  26787357374277010 c0  → https://pub-893b4a6a607b4221a894bf861da7914e.r2.dev/26787357374277010.mp4
video-missing    26787357374277010 c0  (expected file not found in facebook/videos/lingo-ai-2026-07-18)
carried-forward  2301738637239103 c0  → https://pub-893b4a6a607b4221a894bf861da7914e.r2.dev/2301738637239103.mp4
carried-forward  1353143569507326 c0  → https://pub-893b4a6a607b4221a894bf861da7914e.r2.dev/1353143569507326.mp4
carried-forward  2654198474977868 c0  → https://pub-893b4a6a607b4221a894bf861da7914e.r2.dev/2654198474977868.mp4
carried-forward  1035971962252837 c0  → https://pub-893b4a6a607b4221a894bf861da7914e.r2.dev/1035971962252837.mp4
carried-forward  1954322491946159 c0  → https://pub-893b4a6a607b4221a894bf861da7914e.r2.dev/1954322491946159.mp4
carried-forward  878207795333026 c0  → https://pub-893b4a6a607b4221a894bf861da7914e.r2.dev/878207795333026.mp4
carried-forward  27557441770579469 c0  → https://pub-893b4a6a607b4221a894bf861da7914e.r2.dev/27557441770579469.mp4
carried-forward  1032381292979378 c0  → https://pub-893b4a6a607b4221a894bf861da7914e.r2.dev/1032381292979378.mp4
carried-forward  4909225092638439 c0  → https://pub-893b4a6a607b4221a894bf861da7914e.r2.dev/4909225092638439.mp4
carried-forward  802952912808823 c0  → https://pub-893b4a6a607b4221a894bf861da7914e.r2.dev/802952912808823.mp4
carried-forward  2077032929915956 c0  → https://pub-893b4a6a607b4221a894bf861da7914e.r2.dev/2077032929915956.mp4
carried-forward  1872503484122617 c0  → https://pub-893b4a6a607b4221a894bf861da7914e.r2.dev/1872503484122617.mp4
carried-forward  2153258851904762 c0  → https://pub-893b4a6a607b4221a894bf861da7914e.r2.dev/2153258851904762.mp4
carried-forward  1458441786041749 c0  → https://pub-893b4a6a607b4221a894bf861da7914e.r2.dev/1458441786041749.mp4
carried-forward  2401524953669213 c0  → https://pub-893b4a6a607b4221a894bf861da7914e.r2.dev/2401524953669213.mp4
carried-forward  1516135953622417 c0  → https://pub-893b4a6a607b4221a894bf861da7914e.r2.dev/1516135953622417.mp4
carried-forward  3340516169466059 c0  → https://pub-893b4a6a607b4221a894bf861da7914e.r2.dev/3340516169466059.mp4
carried-forward  1100399292660108 c0  → https://pub-893b4a6a607b4221a894bf861da7914e.r2.dev/1100399292660108.mp4
uploaded         1504946770960452 c0  (video) ← 1504946770960452.mp4  → https://pub-893b4a6a607b4221a894bf861da7914e.r2.dev/1504946770960452.mp4
carried-forward  1754835955688580 c0  → https://pub-893b4a6a607b4221a894bf861da7914e.r2.dev/1754835955688580.mp4
uploaded         2099803350573188 c0  (video) ← 2099803350573188.mp4  → https://pub-893b4a6a607b4221a894bf861da7914e.r2.dev/2099803350573188.mp4
uploaded         1707361663638583 c0  (video) ← 1707361663638583.mp4  → https://pub-893b4a6a607b4221a894bf861da7914e.r2.dev/1707361663638583.mp4
uploaded         968919656124637 c0  (video) ← 968919656124637.mp4  → https://pub-893b4a6a607b4221a894bf861da7914e.r2.dev/968919656124637.mp4
uploaded         2260978997640210 c0  (video) ← 2260978997640210.mp4  → https://pub-893b4a6a607b4221a894bf861da7914e.r2.dev/2260978997640210.mp4
carried-forward  1618251693238135 c0  → https://pub-893b4a6a607b4221a894bf861da7914e.r2.dev/1618251693238135.mp4
carried-forward  826967597018641 c0  → https://pub-893b4a6a607b4221a894bf861da7914e.r2.dev/826967597018641.mp4
uploaded         2238652463354041 c0  (video) ← 2238652463354041.mp4  → https://pub-893b4a6a607b4221a894bf861da7914e.r2.dev/2238652463354041.mp4
carried-forward  27350423597950324 c0  → https://pub-893b4a6a607b4221a894bf861da7914e.r2.dev/27350423597950324.mp4
uploaded         1591882872610950 c0  (video) ← 1591882872610950.mp4  → https://pub-893b4a6a607b4221a894bf861da7914e.r2.dev/1591882872610950.mp4
carried-forward  3641043652700023 c0  → https://pub-893b4a6a607b4221a894bf861da7914e.r2.dev/3641043652700023.mp4
carried-forward  1801900180976085 c0  → https://pub-893b4a6a607b4221a894bf861da7914e.r2.dev/1801900180976085.mp4
carried-forward  831151359935196 c0  → https://pub-893b4a6a607b4221a894bf861da7914e.r2.dev/831151359935196.mp4
carried-forward  912017814528407 c0  → https://pub-893b4a6a607b4221a894bf861da7914e.r2.dev/912017814528407.mp4
uploaded         1976175673785603 c0  (video) ← 1976175673785603.mp4  → https://pub-893b4a6a607b4221a894bf861da7914e.r2.dev/1976175673785603.mp4
carried-forward  1815202449846466 c0  → https://pub-893b4a6a607b4221a894bf861da7914e.r2.dev/1815202449846466.mp4
carried-forward  1009670995287003 c0  → https://pub-893b4a6a607b4221a894bf861da7914e.r2.dev/1009670995287003.mp4
carried-forward  2101886324009822 c0  → https://pub-893b4a6a607b4221a894bf861da7914e.r2.dev/2101886324009822.mp4
carried-forward  1476996661108631 c0  → https://pub-893b4a6a607b4221a894bf861da7914e.r2.dev/1476996661108631.mp4
uploaded         891912093438298 c0  (video) ← 891912093438298.mp4  → https://pub-893b4a6a607b4221a894bf861da7914e.r2.dev/891912093438298.mp4
uploaded         4453758544952305 c0  (video) ← 4453758544952305.mp4  → https://pub-893b4a6a607b4221a894bf861da7914e.r2.dev/4453758544952305.mp4
carried-forward  1028449009853941 c0  → https://pub-893b4a6a607b4221a894bf861da7914e.r2.dev/1028449009853941.mp4
carried-forward  1343397883899179 c0  → https://pub-893b4a6a607b4221a894bf861da7914e.r2.dev/1343397883899179.mp4
carried-forward  3155628847962719 c0  → https://pub-893b4a6a607b4221a894bf861da7914e.r2.dev/3155628847962719.mp4
carried-forward  1338879458397876 c0  → https://pub-893b4a6a607b4221a894bf861da7914e.r2.dev/1338879458397876.mp4
carried-forward  1689492209025217 c0  → https://pub-893b4a6a607b4221a894bf861da7914e.r2.dev/1689492209025217.mp4
uploaded         1542624857334071 c0  (video) ← 1542624857334071.mp4  → https://pub-893b4a6a607b4221a894bf861da7914e.r2.dev/1542624857334071.mp4
uploaded         1761545541670351 c0  (video) ← 1761545541670351.mp4  → https://pub-893b4a6a607b4221a894bf861da7914e.r2.dev/1761545541670351.mp4
carried-forward  1332498069082343 c0  → https://pub-893b4a6a607b4221a894bf861da7914e.r2.dev/1332498069082343.mp4
uploaded         1033394636327348 c0  (video) ← 1033394636327348.mp4  → https://pub-893b4a6a607b4221a894bf861da7914e.r2.dev/1033394636327348.mp4
carried-forward  1337668218548557 c0  → https://pub-893b4a6a607b4221a894bf861da7914e.r2.dev/1337668218548557.mp4
uploaded         2043355142935415 c0  (video) ← 2043355142935415.mp4  → https://pub-893b4a6a607b4221a894bf861da7914e.r2.dev/2043355142935415.mp4
uploaded         1204480426086420 c0  (video) ← 1204480426086420.mp4  → https://pub-893b4a6a607b4221a894bf861da7914e.r2.dev/1204480426086420.mp4
carried-forward  1330583959053128 c0  → https://pub-893b4a6a607b4221a894bf861da7914e.r2.dev/1330583959053128.mp4
carried-forward  1055451546883252 c0  → https://pub-893b4a6a607b4221a894bf861da7914e.r2.dev/1055451546883252.mp4
uploaded         1690329032226269 c0  (video) ← 1690329032226269.mp4  → https://pub-893b4a6a607b4221a894bf861da7914e.r2.dev/1690329032226269.mp4
carried-forward  1300113352290551 c0  → https://pub-893b4a6a607b4221a894bf861da7914e.r2.dev/1300113352290551.mp4
carried-forward  1346832780758975 c0  → https://pub-893b4a6a607b4221a894bf861da7914e.r2.dev/1346832780758975.mp4
carried-forward  2039412566650201 c0  → https://pub-893b4a6a607b4221a894bf861da7914e.r2.dev/2039412566650201.mp4
uploaded         912846888518802 c0  (video) ← 912846888518802.mp4  → https://pub-893b4a6a607b4221a894bf861da7914e.r2.dev/912846888518802.mp4
carried-forward  1526599748398499 c0  → https://pub-893b4a6a607b4221a894bf861da7914e.r2.dev/1526599748398499.mp4
uploaded         1602399901499464 c0  (video) ← 1602399901499464.mp4  → https://pub-893b4a6a607b4221a894bf861da7914e.r2.dev/1602399901499464.mp4
uploaded         1017763570969637 c0  (video) ← 1017763570969637.mp4  → https://pub-893b4a6a607b4221a894bf861da7914e.r2.dev/1017763570969637.mp4
carried-forward  4425249484459391 c0  → https://pub-893b4a6a607b4221a894bf861da7914e.r2.dev/4425249484459391.mp4
carried-forward  1318468093605981 c0  → https://pub-893b4a6a607b4221a894bf861da7914e.r2.dev/1318468093605981.mp4
carried-forward  2269371720470752 c0  → https://pub-893b4a6a607b4221a894bf861da7914e.r2.dev/2269371720470752.mp4
carried-forward  1308689694583286 c0  → https://pub-893b4a6a607b4221a894bf861da7914e.r2.dev/1308689694583286.mp4
carried-forward  888594700969411 c0  → https://pub-893b4a6a607b4221a894bf861da7914e.r2.dev/888594700969411.mp4
uploaded         1396816825643360 c0  (video) ← 1396816825643360.mp4  → https://pub-893b4a6a607b4221a894bf861da7914e.r2.dev/1396816825643360.mp4
carried-forward  2278125376375222 c0  → https://pub-893b4a6a607b4221a894bf861da7914e.r2.dev/2278125376375222.mp4
uploaded         1076713821482023 c0  (video) ← 1076713821482023.mp4  → https://pub-893b4a6a607b4221a894bf861da7914e.r2.dev/1076713821482023.mp4
carried-forward  1700427231075832 c0  → https://pub-893b4a6a607b4221a894bf861da7914e.r2.dev/1700427231075832.mp4
uploaded         2582755122144483 c0  (video) ← 2582755122144483.mp4  → https://pub-893b4a6a607b4221a894bf861da7914e.r2.dev/2582755122144483.mp4
carried-forward  1360591792698190 c0  → https://pub-893b4a6a607b4221a894bf861da7914e.r2.dev/1360591792698190.mp4
uploaded         1737305850795757 c0  (video) ← 1737305850795757.mp4  → https://pub-893b4a6a607b4221a894bf861da7914e.r2.dev/1737305850795757.mp4
uploaded         979926591690487 c0  (video) ← 979926591690487.mp4  → https://pub-893b4a6a607b4221a894bf861da7914e.r2.dev/979926591690487.mp4
carried-forward  1635215360918989 c0  → https://pub-893b4a6a607b4221a894bf861da7914e.r2.dev/1635215360918989.mp4
carried-forward  1016600137901431 c0  → https://pub-893b4a6a607b4221a894bf861da7914e.r2.dev/1016600137901431.mp4
uploaded         1221968766715374 c0  (video) ← 1221968766715374.mp4  → https://pub-893b4a6a607b4221a894bf861da7914e.r2.dev/1221968766715374.mp4
uploaded         2081508866131058 c0  (video) ← 2081508866131058.mp4  → https://pub-893b4a6a607b4221a894bf861da7914e.r2.dev/2081508866131058.mp4
uploaded         1815574386081132 c0  (video) ← 1815574386081132.mp4  → https://pub-893b4a6a607b4221a894bf861da7914e.r2.dev/1815574386081132.mp4
carried-forward  986024980878185 c0  → https://pub-893b4a6a607b4221a894bf861da7914e.r2.dev/986024980878185.mp4
carried-forward  1679975973286060 c0  → https://pub-893b4a6a607b4221a894bf861da7914e.r2.dev/1679975973286060.mp4
carried-forward  1646364236435916 c0  → https://pub-893b4a6a607b4221a894bf861da7914e.r2.dev/1646364236435916.mp4
uploaded         1583111023158197 c0  (video) ← 1583111023158197.mp4  → https://pub-893b4a6a607b4221a894bf861da7914e.r2.dev/1583111023158197.mp4
uploaded         4079743558992826 c0  (video) ← 4079743558992826.mp4  → https://pub-893b4a6a607b4221a894bf861da7914e.r2.dev/4079743558992826.mp4
carried-forward  1676195966972808 c0  → https://pub-893b4a6a607b4221a894bf861da7914e.r2.dev/1676195966972808.mp4
uploaded         1024591973654205 c0  (video) ← 1024591973654205.mp4  → https://pub-893b4a6a607b4221a894bf861da7914e.r2.dev/1024591973654205.mp4
uploaded         1031171299319549 c0  (video) ← 1031171299319549.mp4  → https://pub-893b4a6a607b4221a894bf861da7914e.r2.dev/1031171299319549.mp4
carried-forward  2245359769555092 c0  → https://pub-893b4a6a607b4221a894bf861da7914e.r2.dev/2245359769555092.mp4
carried-forward  1380282737356513 c0  → https://pub-893b4a6a607b4221a894bf861da7914e.r2.dev/1380282737356513.mp4
uploaded         1601462895018996 c0  (video) ← 1601462895018996.mp4  → https://pub-893b4a6a607b4221a894bf861da7914e.r2.dev/1601462895018996.mp4
carried-forward  36953778727603955 c0  → https://pub-893b4a6a607b4221a894bf861da7914e.r2.dev/36953778727603955.mp4
carried-forward  1622620066541728 c0  → https://pub-893b4a6a607b4221a894bf861da7914e.r2.dev/1622620066541728.mp4
carried-forward  1555764442572466 c0  → https://pub-893b4a6a607b4221a894bf861da7914e.r2.dev/1555764442572466.mp4
carried-forward  26752228304451996 c0  → https://pub-893b4a6a607b4221a894bf861da7914e.r2.dev/26752228304451996.mp4
carried-forward  882444871117868 c0  → https://pub-893b4a6a607b4221a894bf861da7914e.r2.dev/882444871117868.mp4
uploaded         2376182266205177 c0  (video) ← 2376182266205177.mp4  → https://pub-893b4a6a607b4221a894bf861da7914e.r2.dev/2376182266205177.mp4
carried-forward  1011203101788835 c0  → https://pub-893b4a6a607b4221a894bf861da7914e.r2.dev/1011203101788835.mp4
carried-forward  1061803716382467 c0  → https://pub-893b4a6a607b4221a894bf861da7914e.r2.dev/1061803716382467.mp4
carried-forward  1014666224660601 c0  → https://pub-893b4a6a607b4221a894bf861da7914e.r2.dev/1014666224660601.mp4
uploaded         1038186081947472 c0  (video) ← 1038186081947472.mp4  → https://pub-893b4a6a607b4221a894bf861da7914e.r2.dev/1038186081947472.mp4
uploaded         2681632015571156 c0  (video) ← 2681632015571156.mp4  → https://pub-893b4a6a607b4221a894bf861da7914e.r2.dev/2681632015571156.mp4
uploaded         1632765861606274 c0  (video) ← 1632765861606274.mp4  → https://pub-893b4a6a607b4221a894bf861da7914e.r2.dev/1632765861606274.mp4
uploaded         1825798392102645 c0  (video) ← 1825798392102645.mp4  → https://pub-893b4a6a607b4221a894bf861da7914e.r2.dev/1825798392102645.mp4
carried-forward  2794731494219714 c0  → https://pub-893b4a6a607b4221a894bf861da7914e.r2.dev/2794731494219714.mp4
uploaded         1284484790216787 c0  (video) ← 1284484790216787.mp4  → https://pub-893b4a6a607b4221a894bf861da7914e.r2.dev/1284484790216787.mp4
carried-forward  1722970195676115 c0  → https://pub-893b4a6a607b4221a894bf861da7914e.r2.dev/1722970195676115.mp4
uploaded         1046445644629234 c0  (video) ← 1046445644629234.mp4  → https://pub-893b4a6a607b4221a894bf861da7914e.r2.dev/1046445644629234.mp4
uploaded         2223238285097251 c0  (video) ← 2223238285097251.mp4  → https://pub-893b4a6a607b4221a894bf861da7914e.r2.dev/2223238285097251.mp4
carried-forward  1685950269157410 c0  → https://pub-893b4a6a607b4221a894bf861da7914e.r2.dev/1685950269157410.mp4
uploaded         2865510450476774 c0  (video) ← 2865510450476774.mp4  → https://pub-893b4a6a607b4221a894bf861da7914e.r2.dev/2865510450476774.mp4
carried-forward  2283025218901164 c0  → https://pub-893b4a6a607b4221a894bf861da7914e.r2.dev/2283025218901164.mp4
uploaded         872842742184516 c0  (video) ← 872842742184516.mp4  → https://pub-893b4a6a607b4221a894bf861da7914e.r2.dev/872842742184516.mp4
uploaded         1661672931607879 c0  (video) ← 1661672931607879.mp4  → https://pub-893b4a6a607b4221a894bf861da7914e.r2.dev/1661672931607879.mp4
uploaded         1073427148601563 c0  (video) ← 1073427148601563.mp4  → https://pub-893b4a6a607b4221a894bf861da7914e.r2.dev/1073427148601563.mp4
uploaded         27596393143323762 c0  (video) ← 27596393143323762.mp4  → https://pub-893b4a6a607b4221a894bf861da7914e.r2.dev/27596393143323762.mp4
uploaded         1742882823833567 c0  (video) ← 1742882823833567.mp4  → https://pub-893b4a6a607b4221a894bf861da7914e.r2.dev/1742882823833567.mp4
uploaded         1762977821507056 c0  (video) ← 1762977821507056.mp4  → https://pub-893b4a6a607b4221a894bf861da7914e.r2.dev/1762977821507056.mp4
uploaded         5035562730031725 c0  (video) ← 5035562730031725.mp4  → https://pub-893b4a6a607b4221a894bf861da7914e.r2.dev/5035562730031725.mp4
carried-forward  27804244885931374 c0  → https://pub-893b4a6a607b4221a894bf861da7914e.r2.dev/27804244885931374.mp4
uploaded         1007740341889997 c0  (video) ← 1007740341889997.mp4  → https://pub-893b4a6a607b4221a894bf861da7914e.r2.dev/1007740341889997.mp4
uploaded         826441820434395 c0  (video) ← 826441820434395.mp4  → https://pub-893b4a6a607b4221a894bf861da7914e.r2.dev/826441820434395.mp4
uploaded         1051168257419683 c0  (video) ← 1051168257419683.mp4  → https://pub-893b4a6a607b4221a894bf861da7914e.r2.dev/1051168257419683.mp4
uploaded         1500112188464322 c0  (video) ← 1500112188464322.mp4  → https://pub-893b4a6a607b4221a894bf861da7914e.r2.dev/1500112188464322.mp4
uploaded         1721840198955574 c0  (video) ← 1721840198955574.mp4  → https://pub-893b4a6a607b4221a894bf861da7914e.r2.dev/1721840198955574.mp4
uploaded         1728701818471900 c0  (video) ← 1728701818471900.mp4  → https://pub-893b4a6a607b4221a894bf861da7914e.r2.dev/1728701818471900.mp4
uploaded         961677100212298 c0  (video) ← 961677100212298.mp4  → https://pub-893b4a6a607b4221a894bf861da7914e.r2.dev/961677100212298.mp4
carried-forward  1572033057645862 c0  → https://pub-893b4a6a607b4221a894bf861da7914e.r2.dev/1572033057645862.mp4
uploaded         2302770823804284 c0  (video) ← 2302770823804284.mp4  → https://pub-893b4a6a607b4221a894bf861da7914e.r2.dev/2302770823804284.mp4
uploaded         1384566673593536 c0  (video) ← 1384566673593536.mp4  → https://pub-893b4a6a607b4221a894bf861da7914e.r2.dev/1384566673593536.mp4
uploaded         1748815813031139 c0  (video) ← 1748815813031139.mp4  → https://pub-893b4a6a607b4221a894bf861da7914e.r2.dev/1748815813031139.mp4
uploaded         2127827894434546 c0  (video) ← 2127827894434546.mp4  → https://pub-893b4a6a607b4221a894bf861da7914e.r2.dev/2127827894434546.mp4
uploaded         1436384358313860 c0  (video) ← 1436384358313860.mp4  → https://pub-893b4a6a607b4221a894bf861da7914e.r2.dev/1436384358313860.mp4
uploaded         1767776274663201 c0  (video) ← 1767776274663201.mp4  → https://pub-893b4a6a607b4221a894bf861da7914e.r2.dev/1767776274663201.mp4
uploaded         1993053364676849 c0  (video) ← 1993053364676849.mp4  → https://pub-893b4a6a607b4221a894bf861da7914e.r2.dev/1993053364676849.mp4
uploaded         3556429914523426 c0  (video) ← 3556429914523426.mp4  → https://pub-893b4a6a607b4221a894bf861da7914e.r2.dev/3556429914523426.mp4
uploaded         27192017473832256 c0  (video) ← 27192017473832256.mp4  → https://pub-893b4a6a607b4221a894bf861da7914e.r2.dev/27192017473832256.mp4
uploaded         1567687958302572 c0  (video) ← 1567687958302572.mp4  → https://pub-893b4a6a607b4221a894bf861da7914e.r2.dev/1567687958302572.mp4
uploaded         3756433574499373 c0  (video) ← 3756433574499373.mp4  → https://pub-893b4a6a607b4221a894bf861da7914e.r2.dev/3756433574499373.mp4
uploaded         1075542551710880 c0  (video) ← 1075542551710880.mp4  → https://pub-893b4a6a607b4221a894bf861da7914e.r2.dev/1075542551710880.mp4
uploaded         1494193832508302 c0  (video) ← 1494193832508302.mp4  → https://pub-893b4a6a607b4221a894bf861da7914e.r2.dev/1494193832508302.mp4
uploaded         1522751079392444 c0  (video) ← 1522751079392444.mp4  → https://pub-893b4a6a607b4221a894bf861da7914e.r2.dev/1522751079392444.mp4
uploaded         1738358323839444 c0  (video) ← 1738358323839444.mp4  → https://pub-893b4a6a607b4221a894bf861da7914e.r2.dev/1738358323839444.mp4
uploaded         1774241500587954 c0  (video) ← 1774241500587954.mp4  → https://pub-893b4a6a607b4221a894bf861da7914e.r2.dev/1774241500587954.mp4
uploaded         4531262407124189 c0  (video) ← 4531262407124189.mp4  → https://pub-893b4a6a607b4221a894bf861da7914e.r2.dev/4531262407124189.mp4
uploaded         28254741910775992 c0  (video) ← 28254741910775992.mp4  → https://pub-893b4a6a607b4221a894bf861da7914e.r2.dev/28254741910775992.mp4
