# Step 3 run log
# competitor : lingo-ai
# started_at : 2026-06-22T14:12:38
# input      : facebook/inputs/fb-ads-lingo-ai-2026-06-22-1407.csv
# videos     : facebook/videos/lingo-ai-2026-06-22
# master     : facebook/master/lingo-ai.csv  (updated)
# enriched   : facebook/inputs/fb-ads-lingo-ai-2026-06-22-1407_enriched.csv
# bucket     : video-ads
# public_base: https://dcfd27564ef899969db9a562c7e1945f.r2.cloudflarestorage.com
# dry_run    : False
#
# counts     : {'uploaded': 35, 'carried-forward': 18, 'image-pending': 0, 'video-missing': 0, 'no-creative': 0, 'error': 0}
#
carried-forward  2153023128817946 c0  → https://dcfd27564ef899969db9a562c7e1945f.r2.cloudflarestorage.com/2153023128817946.mp4
uploaded         1005665278776250 c0  (video) ← 1005665278776250.mp4  → https://dcfd27564ef899969db9a562c7e1945f.r2.cloudflarestorage.com/1005665278776250.mp4
uploaded         1832151567988662 c0  (video) ← 1832151567988662.mp4  → https://dcfd27564ef899969db9a562c7e1945f.r2.cloudflarestorage.com/1832151567988662.mp4
uploaded         1697053921719601 c0  (video) ← 1697053921719601.mp4  → https://dcfd27564ef899969db9a562c7e1945f.r2.cloudflarestorage.com/1697053921719601.mp4
carried-forward  1555753755947747 c0  → https://dcfd27564ef899969db9a562c7e1945f.r2.cloudflarestorage.com/1555753755947747.mp4
carried-forward  1915361298965714 c0  → https://dcfd27564ef899969db9a562c7e1945f.r2.cloudflarestorage.com/1915361298965714.mp4
carried-forward  1747869789910274 c0  → https://dcfd27564ef899969db9a562c7e1945f.r2.cloudflarestorage.com/1747869789910274.mp4
uploaded         1506922147561152 c0  (video) ← 1506922147561152.mp4  → https://dcfd27564ef899969db9a562c7e1945f.r2.cloudflarestorage.com/1506922147561152.mp4
carried-forward  2820605464942152 c0  → https://dcfd27564ef899969db9a562c7e1945f.r2.cloudflarestorage.com/2820605464942152.mp4
carried-forward  1096538780053471 c0  → https://dcfd27564ef899969db9a562c7e1945f.r2.cloudflarestorage.com/1096538780053471.mp4
uploaded         1705366507331909 c0  (video) ← 1705366507331909.mp4  → https://dcfd27564ef899969db9a562c7e1945f.r2.cloudflarestorage.com/1705366507331909.mp4
uploaded         1382542137258042 c0  (video) ← 1382542137258042.mp4  → https://dcfd27564ef899969db9a562c7e1945f.r2.cloudflarestorage.com/1382542137258042.mp4
uploaded         1633628567704710 c0  (video) ← 1633628567704710.mp4  → https://dcfd27564ef899969db9a562c7e1945f.r2.cloudflarestorage.com/1633628567704710.mp4
uploaded         1348272590597709 c0  (video) ← 1348272590597709.mp4  → https://dcfd27564ef899969db9a562c7e1945f.r2.cloudflarestorage.com/1348272590597709.mp4
carried-forward  1691784178829769 c0  → https://dcfd27564ef899969db9a562c7e1945f.r2.cloudflarestorage.com/1691784178829769.mp4
uploaded         900011839294388 c0  (video) ← 900011839294388.mp4  → https://dcfd27564ef899969db9a562c7e1945f.r2.cloudflarestorage.com/900011839294388.mp4
uploaded         992641953651273 c0  (video) ← 992641953651273.mp4  → https://dcfd27564ef899969db9a562c7e1945f.r2.cloudflarestorage.com/992641953651273.mp4
uploaded         3157903207933727 c0  (video) ← 3157903207933727.mp4  → https://dcfd27564ef899969db9a562c7e1945f.r2.cloudflarestorage.com/3157903207933727.mp4
uploaded         1586148823035593 c0  (video) ← 1586148823035593.mp4  → https://dcfd27564ef899969db9a562c7e1945f.r2.cloudflarestorage.com/1586148823035593.mp4
uploaded         2202351003920869 c0  (video) ← 2202351003920869.mp4  → https://dcfd27564ef899969db9a562c7e1945f.r2.cloudflarestorage.com/2202351003920869.mp4
uploaded         3403536496487480 c0  (video) ← 3403536496487480.mp4  → https://dcfd27564ef899969db9a562c7e1945f.r2.cloudflarestorage.com/3403536496487480.mp4
uploaded         1376125071000503 c0  (video) ← 1376125071000503.mp4  → https://dcfd27564ef899969db9a562c7e1945f.r2.cloudflarestorage.com/1376125071000503.mp4
carried-forward  926058690492896 c0  → https://dcfd27564ef899969db9a562c7e1945f.r2.cloudflarestorage.com/926058690492896.mp4
uploaded         1449171250302016 c0  (video) ← 1449171250302016.mp4  → https://dcfd27564ef899969db9a562c7e1945f.r2.cloudflarestorage.com/1449171250302016.mp4
carried-forward  1929767137611529 c0  → https://dcfd27564ef899969db9a562c7e1945f.r2.cloudflarestorage.com/1929767137611529.mp4
uploaded         1492092175305768 c0  (video) ← 1492092175305768.mp4  → https://dcfd27564ef899969db9a562c7e1945f.r2.cloudflarestorage.com/1492092175305768.mp4
uploaded         1363633598912750 c0  (video) ← 1363633598912750.mp4  → https://dcfd27564ef899969db9a562c7e1945f.r2.cloudflarestorage.com/1363633598912750.mp4
carried-forward  1311647397762391 c0  → https://dcfd27564ef899969db9a562c7e1945f.r2.cloudflarestorage.com/1311647397762391.mp4
uploaded         3340516169466059 c0  (video) ← 3340516169466059.mp4  → https://dcfd27564ef899969db9a562c7e1945f.r2.cloudflarestorage.com/3340516169466059.mp4
uploaded         1661401064910641 c0  (video) ← 1661401064910641.mp4  → https://dcfd27564ef899969db9a562c7e1945f.r2.cloudflarestorage.com/1661401064910641.mp4
uploaded         878207795333026 c0  (video) ← 878207795333026.mp4  → https://dcfd27564ef899969db9a562c7e1945f.r2.cloudflarestorage.com/878207795333026.mp4
uploaded         1220089980142236 c0  (video) ← 1220089980142236.mp4  → https://dcfd27564ef899969db9a562c7e1945f.r2.cloudflarestorage.com/1220089980142236.mp4
carried-forward  27787661044153699 c0  → https://dcfd27564ef899969db9a562c7e1945f.r2.cloudflarestorage.com/27787661044153699.mp4
uploaded         1031747116205172 c0  (video) ← 1031747116205172.mp4  → https://dcfd27564ef899969db9a562c7e1945f.r2.cloudflarestorage.com/1031747116205172.mp4
uploaded         1427717762585898 c0  (video) ← 1427717762585898.mp4  → https://dcfd27564ef899969db9a562c7e1945f.r2.cloudflarestorage.com/1427717762585898.mp4
uploaded         1324134293033830 c0  (video) ← 1324134293033830.mp4  → https://dcfd27564ef899969db9a562c7e1945f.r2.cloudflarestorage.com/1324134293033830.mp4
carried-forward  1550386230032600 c0  → https://dcfd27564ef899969db9a562c7e1945f.r2.cloudflarestorage.com/1550386230032600.mp4
carried-forward  1324711415771152 c0  → https://dcfd27564ef899969db9a562c7e1945f.r2.cloudflarestorage.com/1324711415771152.mp4
uploaded         1266210548740608 c0  (video) ← 1266210548740608.mp4  → https://dcfd27564ef899969db9a562c7e1945f.r2.cloudflarestorage.com/1266210548740608.mp4
carried-forward  1778942330132715 c0  → https://dcfd27564ef899969db9a562c7e1945f.r2.cloudflarestorage.com/1778942330132715.mp4
uploaded         1028449009853941 c0  (video) ← 1028449009853941.mp4  → https://dcfd27564ef899969db9a562c7e1945f.r2.cloudflarestorage.com/1028449009853941.mp4
carried-forward  969266155933497 c0  → https://dcfd27564ef899969db9a562c7e1945f.r2.cloudflarestorage.com/969266155933497.mp4
carried-forward  1378308274350492 c0  → https://dcfd27564ef899969db9a562c7e1945f.r2.cloudflarestorage.com/1378308274350492.mp4
carried-forward  1665570207993946 c0  → https://dcfd27564ef899969db9a562c7e1945f.r2.cloudflarestorage.com/1665570207993946.mp4
uploaded         1562137718879664 c0  (video) ← 1562137718879664.mp4  → https://dcfd27564ef899969db9a562c7e1945f.r2.cloudflarestorage.com/1562137718879664.mp4
carried-forward  2013049059297231 c0  → https://dcfd27564ef899969db9a562c7e1945f.r2.cloudflarestorage.com/2013049059297231.mp4
uploaded         4519291438349150 c0  (video) ← 4519291438349150.mp4  → https://dcfd27564ef899969db9a562c7e1945f.r2.cloudflarestorage.com/4519291438349150.mp4
uploaded         1024869239979532 c0  (video) ← 1024869239979532.mp4  → https://dcfd27564ef899969db9a562c7e1945f.r2.cloudflarestorage.com/1024869239979532.mp4
uploaded         2183171979139988 c0  (video) ← 2183171979139988.mp4  → https://dcfd27564ef899969db9a562c7e1945f.r2.cloudflarestorage.com/2183171979139988.mp4
uploaded         1635215360918989 c0  (video) ← 1635215360918989.mp4  → https://dcfd27564ef899969db9a562c7e1945f.r2.cloudflarestorage.com/1635215360918989.mp4
uploaded         4445732412339005 c0  (video) ← 4445732412339005.mp4  → https://dcfd27564ef899969db9a562c7e1945f.r2.cloudflarestorage.com/4445732412339005.mp4
uploaded         2587659185019794 c0  (video) ← 2587659185019794.mp4  → https://dcfd27564ef899969db9a562c7e1945f.r2.cloudflarestorage.com/2587659185019794.mp4
uploaded         1673950330582810 c0  (video) ← 1673950330582810.mp4  → https://dcfd27564ef899969db9a562c7e1945f.r2.cloudflarestorage.com/1673950330582810.mp4
