# Step 3 run log
# competitor : lingo-ai
# started_at : 2026-07-22T13:42:38
# input      : facebook/inputs/fb-ads-lingo-ai-2026-07-22-1333.csv
# videos     : facebook/videos/lingo-ai-2026-07-22
# master     : facebook/master/lingo-ai.csv  (updated)
# enriched   : facebook/inputs/fb-ads-lingo-ai-2026-07-22-1333_enriched.csv
# bucket     : video-ads
# public_base: https://pub-893b4a6a607b4221a894bf861da7914e.r2.dev
# dry_run    : False
#
# counts     : {'uploaded': 102, 'carried-forward': 117, 'image-pending': 0, 'video-missing': 4, 'no-creative': 0, 'error': 0}
#
carried-forward  1093823739826634 c0  → https://pub-893b4a6a607b4221a894bf861da7914e.r2.dev/1093823739826634.mp4
carried-forward  2817216648647618 c0  → https://pub-893b4a6a607b4221a894bf861da7914e.r2.dev/2817216648647618.mp4
carried-forward  861649606640914 c0  → https://pub-893b4a6a607b4221a894bf861da7914e.r2.dev/861649606640914.mp4
carried-forward  1683265226128164 c0  → https://pub-893b4a6a607b4221a894bf861da7914e.r2.dev/1683265226128164.mp4
carried-forward  1387668796571355 c0  → https://pub-893b4a6a607b4221a894bf861da7914e.r2.dev/1387668796571355.mp4
video-missing    1387668796571355 c0  (expected file not found in facebook/videos/lingo-ai-2026-07-22)
carried-forward  1574457477430487 c0  → https://pub-893b4a6a607b4221a894bf861da7914e.r2.dev/1574457477430487.mp4
carried-forward  1588598465941159 c0  → https://pub-893b4a6a607b4221a894bf861da7914e.r2.dev/1588598465941159.mp4
carried-forward  1734003744580617 c0  → https://pub-893b4a6a607b4221a894bf861da7914e.r2.dev/1734003744580617.mp4
carried-forward  2164854557777767 c0  → https://pub-893b4a6a607b4221a894bf861da7914e.r2.dev/2164854557777767.mp4
carried-forward  1972127246813621 c0  → https://pub-893b4a6a607b4221a894bf861da7914e.r2.dev/1972127246813621.mp4
carried-forward  1721159278776726 c0  → https://pub-893b4a6a607b4221a894bf861da7914e.r2.dev/1721159278776726.mp4
carried-forward  1502905814452626 c0  → https://pub-893b4a6a607b4221a894bf861da7914e.r2.dev/1502905814452626.mp4
carried-forward  2074376606622636 c0  → https://pub-893b4a6a607b4221a894bf861da7914e.r2.dev/2074376606622636.mp4
carried-forward  2600560010378856 c0  → https://pub-893b4a6a607b4221a894bf861da7914e.r2.dev/2600560010378856.mp4
carried-forward  2019382318667999 c0  → https://pub-893b4a6a607b4221a894bf861da7914e.r2.dev/2019382318667999.mp4
carried-forward  1806166717021524 c0  → https://pub-893b4a6a607b4221a894bf861da7914e.r2.dev/1806166717021524.mp4
video-missing    1806166717021524 c0  (expected file not found in facebook/videos/lingo-ai-2026-07-22)
carried-forward  2079659836277553 c0  → https://pub-893b4a6a607b4221a894bf861da7914e.r2.dev/2079659836277553.mp4
carried-forward  2536056390190075 c0  → https://pub-893b4a6a607b4221a894bf861da7914e.r2.dev/2536056390190075.mp4
carried-forward  2050192829225897 c0  → https://pub-893b4a6a607b4221a894bf861da7914e.r2.dev/2050192829225897.mp4
carried-forward  1402910178342547 c0  → https://pub-893b4a6a607b4221a894bf861da7914e.r2.dev/1402910178342547.mp4
carried-forward  2223760955053163 c0  → https://pub-893b4a6a607b4221a894bf861da7914e.r2.dev/2223760955053163.mp4
carried-forward  1351761780382616 c0  → https://pub-893b4a6a607b4221a894bf861da7914e.r2.dev/1351761780382616.mp4
carried-forward  2221848241692614 c0  → https://pub-893b4a6a607b4221a894bf861da7914e.r2.dev/2221848241692614.mp4
video-missing    2221848241692614 c0  (expected file not found in facebook/videos/lingo-ai-2026-07-22)
carried-forward  1049522830756864 c0  → https://pub-893b4a6a607b4221a894bf861da7914e.r2.dev/1049522830756864.mp4
carried-forward  1539898520838626 c0  → https://pub-893b4a6a607b4221a894bf861da7914e.r2.dev/1539898520838626.mp4
carried-forward  1022055827387997 c0  → https://pub-893b4a6a607b4221a894bf861da7914e.r2.dev/1022055827387997.mp4
carried-forward  1543107963869133 c0  → https://pub-893b4a6a607b4221a894bf861da7914e.r2.dev/1543107963869133.mp4
carried-forward  28185666544351029 c0  → https://pub-893b4a6a607b4221a894bf861da7914e.r2.dev/28185666544351029.mp4
carried-forward  1644972694300693 c0  → https://pub-893b4a6a607b4221a894bf861da7914e.r2.dev/1644972694300693.mp4
carried-forward  2094285581298721 c0  → https://pub-893b4a6a607b4221a894bf861da7914e.r2.dev/2094285581298721.mp4
carried-forward  985383254463135 c0  → https://pub-893b4a6a607b4221a894bf861da7914e.r2.dev/985383254463135.mp4
carried-forward  27558293853823452 c0  → https://pub-893b4a6a607b4221a894bf861da7914e.r2.dev/27558293853823452.mp4
carried-forward  916224887426273 c0  → https://pub-893b4a6a607b4221a894bf861da7914e.r2.dev/916224887426273.mp4
carried-forward  1602516684621660 c0  → https://pub-893b4a6a607b4221a894bf861da7914e.r2.dev/1602516684621660.mp4
carried-forward  1705366507331909 c0  → https://pub-893b4a6a607b4221a894bf861da7914e.r2.dev/1705366507331909.mp4
carried-forward  1466504155245534 c0  → https://pub-893b4a6a607b4221a894bf861da7914e.r2.dev/1466504155245534.mp4
carried-forward  1506922147561152 c0  → https://pub-893b4a6a607b4221a894bf861da7914e.r2.dev/1506922147561152.mp4
carried-forward  1593506989055593 c0  → https://pub-893b4a6a607b4221a894bf861da7914e.r2.dev/1593506989055593.mp4
uploaded         2678498452551845 c0  (video) ← 2678498452551845.mp4  → https://pub-893b4a6a607b4221a894bf861da7914e.r2.dev/2678498452551845.mp4
carried-forward  26787357374277010 c0  → https://pub-893b4a6a607b4221a894bf861da7914e.r2.dev/26787357374277010.mp4
video-missing    26787357374277010 c0  (expected file not found in facebook/videos/lingo-ai-2026-07-22)
carried-forward  1633628567704710 c0  → https://pub-893b4a6a607b4221a894bf861da7914e.r2.dev/1633628567704710.mp4
carried-forward  1772435467121636 c0  → https://pub-893b4a6a607b4221a894bf861da7914e.r2.dev/1772435467121636.mp4
carried-forward  1035971962252837 c0  → https://pub-893b4a6a607b4221a894bf861da7914e.r2.dev/1035971962252837.mp4
carried-forward  2654198474977868 c0  → https://pub-893b4a6a607b4221a894bf861da7914e.r2.dev/2654198474977868.mp4
carried-forward  995623713290389 c0  → https://pub-893b4a6a607b4221a894bf861da7914e.r2.dev/995623713290389.mp4
carried-forward  878207795333026 c0  → https://pub-893b4a6a607b4221a894bf861da7914e.r2.dev/878207795333026.mp4
carried-forward  2995897160754664 c0  → https://pub-893b4a6a607b4221a894bf861da7914e.r2.dev/2995897160754664.mp4
uploaded         3160456851010140 c0  (video) ← 3160456851010140.mp4  → https://pub-893b4a6a607b4221a894bf861da7914e.r2.dev/3160456851010140.mp4
carried-forward  4419123344997588 c0  → https://pub-893b4a6a607b4221a894bf861da7914e.r2.dev/4419123344997588.mp4
uploaded         1022685697411132 c0  (video) ← 1022685697411132.mp4  → https://pub-893b4a6a607b4221a894bf861da7914e.r2.dev/1022685697411132.mp4
carried-forward  1546602566939881 c0  → https://pub-893b4a6a607b4221a894bf861da7914e.r2.dev/1546602566939881.mp4
uploaded         1057316916955418 c0  (video) ← 1057316916955418.mp4  → https://pub-893b4a6a607b4221a894bf861da7914e.r2.dev/1057316916955418.mp4
carried-forward  1082008637823130 c0  → https://pub-893b4a6a607b4221a894bf861da7914e.r2.dev/1082008637823130.mp4
carried-forward  877077458384696 c0  → https://pub-893b4a6a607b4221a894bf861da7914e.r2.dev/877077458384696.mp4
carried-forward  1019762410809692 c0  → https://pub-893b4a6a607b4221a894bf861da7914e.r2.dev/1019762410809692.mp4
carried-forward  2153258851904762 c0  → https://pub-893b4a6a607b4221a894bf861da7914e.r2.dev/2153258851904762.mp4
carried-forward  1915386352474119 c0  → https://pub-893b4a6a607b4221a894bf861da7914e.r2.dev/1915386352474119.mp4
carried-forward  1347209950391613 c0  → https://pub-893b4a6a607b4221a894bf861da7914e.r2.dev/1347209950391613.mp4
uploaded         37438768219072340 c0  (video) ← 37438768219072340.mp4  → https://pub-893b4a6a607b4221a894bf861da7914e.r2.dev/37438768219072340.mp4
carried-forward  1532901558303092 c0  → https://pub-893b4a6a607b4221a894bf861da7914e.r2.dev/1532901558303092.mp4
carried-forward  4675112942774885 c0  → https://pub-893b4a6a607b4221a894bf861da7914e.r2.dev/4675112942774885.mp4
uploaded         1000712332840269 c0  (video) ← 1000712332840269.mp4  → https://pub-893b4a6a607b4221a894bf861da7914e.r2.dev/1000712332840269.mp4
uploaded         1046874524491520 c0  (video) ← 1046874524491520.mp4  → https://pub-893b4a6a607b4221a894bf861da7914e.r2.dev/1046874524491520.mp4
uploaded         1507268487755323 c0  (video) ← 1507268487755323.mp4  → https://pub-893b4a6a607b4221a894bf861da7914e.r2.dev/1507268487755323.mp4
uploaded         1992359784744385 c0  (video) ← 1992359784744385.mp4  → https://pub-893b4a6a607b4221a894bf861da7914e.r2.dev/1992359784744385.mp4
carried-forward  874509921951713 c0  → https://pub-893b4a6a607b4221a894bf861da7914e.r2.dev/874509921951713.mp4
uploaded         1529626992295210 c0  (video) ← 1529626992295210.mp4  → https://pub-893b4a6a607b4221a894bf861da7914e.r2.dev/1529626992295210.mp4
uploaded         1679371050020687 c0  (video) ← 1679371050020687.mp4  → https://pub-893b4a6a607b4221a894bf861da7914e.r2.dev/1679371050020687.mp4
uploaded         971224289227507 c0  (video) ← 971224289227507.mp4  → https://pub-893b4a6a607b4221a894bf861da7914e.r2.dev/971224289227507.mp4
uploaded         3581370942040160 c0  (video) ← 3581370942040160.mp4  → https://pub-893b4a6a607b4221a894bf861da7914e.r2.dev/3581370942040160.mp4
uploaded         4467340396815230 c0  (video) ← 4467340396815230.mp4  → https://pub-893b4a6a607b4221a894bf861da7914e.r2.dev/4467340396815230.mp4
carried-forward  1415999857029783 c0  → https://pub-893b4a6a607b4221a894bf861da7914e.r2.dev/1415999857029783.mp4
uploaded         4341279539459568 c0  (video) ← 4341279539459568.mp4  → https://pub-893b4a6a607b4221a894bf861da7914e.r2.dev/4341279539459568.mp4
carried-forward  1754835955688580 c0  → https://pub-893b4a6a607b4221a894bf861da7914e.r2.dev/1754835955688580.mp4
carried-forward  1083068107997665 c0  → https://pub-893b4a6a607b4221a894bf861da7914e.r2.dev/1083068107997665.mp4
carried-forward  1549141556886354 c0  → https://pub-893b4a6a607b4221a894bf861da7914e.r2.dev/1549141556886354.mp4
carried-forward  1570066971479022 c0  → https://pub-893b4a6a607b4221a894bf861da7914e.r2.dev/1570066971479022.mp4
carried-forward  1440777631443560 c0  → https://pub-893b4a6a607b4221a894bf861da7914e.r2.dev/1440777631443560.mp4
carried-forward  1069174625775853 c0  → https://pub-893b4a6a607b4221a894bf861da7914e.r2.dev/1069174625775853.mp4
carried-forward  1476996661108631 c0  → https://pub-893b4a6a607b4221a894bf861da7914e.r2.dev/1476996661108631.mp4
carried-forward  1503247244424866 c0  → https://pub-893b4a6a607b4221a894bf861da7914e.r2.dev/1503247244424866.mp4
carried-forward  1582003546629999 c0  → https://pub-893b4a6a607b4221a894bf861da7914e.r2.dev/1582003546629999.mp4
uploaded         1413355017352437 c0  (video) ← 1413355017352437.mp4  → https://pub-893b4a6a607b4221a894bf861da7914e.r2.dev/1413355017352437.mp4
carried-forward  2188049045319084 c0  → https://pub-893b4a6a607b4221a894bf861da7914e.r2.dev/2188049045319084.mp4
carried-forward  27350423597950324 c0  → https://pub-893b4a6a607b4221a894bf861da7914e.r2.dev/27350423597950324.mp4
carried-forward  1604952787810163 c0  → https://pub-893b4a6a607b4221a894bf861da7914e.r2.dev/1604952787810163.mp4
carried-forward  826967597018641 c0  → https://pub-893b4a6a607b4221a894bf861da7914e.r2.dev/826967597018641.mp4
carried-forward  1548103140087643 c0  → https://pub-893b4a6a607b4221a894bf861da7914e.r2.dev/1548103140087643.mp4
carried-forward  2027932644500048 c0  → https://pub-893b4a6a607b4221a894bf861da7914e.r2.dev/2027932644500048.mp4
uploaded         745163485357327 c0  (video) ← 745163485357327.mp4  → https://pub-893b4a6a607b4221a894bf861da7914e.r2.dev/745163485357327.mp4
carried-forward  1542105073935104 c0  → https://pub-893b4a6a607b4221a894bf861da7914e.r2.dev/1542105073935104.mp4
uploaded         1977482666240454 c0  (video) ← 1977482666240454.mp4  → https://pub-893b4a6a607b4221a894bf861da7914e.r2.dev/1977482666240454.mp4
carried-forward  1348493374064536 c0  → https://pub-893b4a6a607b4221a894bf861da7914e.r2.dev/1348493374064536.mp4
uploaded         1060906376432376 c0  (video) ← 1060906376432376.mp4  → https://pub-893b4a6a607b4221a894bf861da7914e.r2.dev/1060906376432376.mp4
uploaded         1337473418040545 c0  (video) ← 1337473418040545.mp4  → https://pub-893b4a6a607b4221a894bf861da7914e.r2.dev/1337473418040545.mp4
uploaded         1379749740782536 c0  (video) ← 1379749740782536.mp4  → https://pub-893b4a6a607b4221a894bf861da7914e.r2.dev/1379749740782536.mp4
uploaded         4328881244094958 c0  (video) ← 4328881244094958.mp4  → https://pub-893b4a6a607b4221a894bf861da7914e.r2.dev/4328881244094958.mp4
carried-forward  1028449009853941 c0  → https://pub-893b4a6a607b4221a894bf861da7914e.r2.dev/1028449009853941.mp4
uploaded         845894561937248 c0  (video) ← 845894561937248.mp4  → https://pub-893b4a6a607b4221a894bf861da7914e.r2.dev/845894561937248.mp4
uploaded         1665417611430169 c0  (video) ← 1665417611430169.mp4  → https://pub-893b4a6a607b4221a894bf861da7914e.r2.dev/1665417611430169.mp4
uploaded         1384593253518220 c0  (video) ← 1384593253518220.mp4  → https://pub-893b4a6a607b4221a894bf861da7914e.r2.dev/1384593253518220.mp4
carried-forward  27171113109254491 c0  → https://pub-893b4a6a607b4221a894bf861da7914e.r2.dev/27171113109254491.mp4
carried-forward  3155628847962719 c0  → https://pub-893b4a6a607b4221a894bf861da7914e.r2.dev/3155628847962719.mp4
uploaded         1361854172566698 c0  (video) ← 1361854172566698.mp4  → https://pub-893b4a6a607b4221a894bf861da7914e.r2.dev/1361854172566698.mp4
carried-forward  1380651957275499 c0  → https://pub-893b4a6a607b4221a894bf861da7914e.r2.dev/1380651957275499.mp4
uploaded         1489110389653829 c0  (video) ← 1489110389653829.mp4  → https://pub-893b4a6a607b4221a894bf861da7914e.r2.dev/1489110389653829.mp4
carried-forward  1750999535905101 c0  → https://pub-893b4a6a607b4221a894bf861da7914e.r2.dev/1750999535905101.mp4
carried-forward  2069856527074376 c0  → https://pub-893b4a6a607b4221a894bf861da7914e.r2.dev/2069856527074376.mp4
uploaded         1624991722324798 c0  (video) ← 1624991722324798.mp4  → https://pub-893b4a6a607b4221a894bf861da7914e.r2.dev/1624991722324798.mp4
carried-forward  1036977032217940 c0  → https://pub-893b4a6a607b4221a894bf861da7914e.r2.dev/1036977032217940.mp4
carried-forward  1102346855789311 c0  → https://pub-893b4a6a607b4221a894bf861da7914e.r2.dev/1102346855789311.mp4
uploaded         1937316056897423 c0  (video) ← 1937316056897423.mp4  → https://pub-893b4a6a607b4221a894bf861da7914e.r2.dev/1937316056897423.mp4
uploaded         1412323000942429 c0  (video) ← 1412323000942429.mp4  → https://pub-893b4a6a607b4221a894bf861da7914e.r2.dev/1412323000942429.mp4
uploaded         1727809058542919 c0  (video) ← 1727809058542919.mp4  → https://pub-893b4a6a607b4221a894bf861da7914e.r2.dev/1727809058542919.mp4
uploaded         4357881904424476 c0  (video) ← 4357881904424476.mp4  → https://pub-893b4a6a607b4221a894bf861da7914e.r2.dev/4357881904424476.mp4
carried-forward  2097300307664665 c0  → https://pub-893b4a6a607b4221a894bf861da7914e.r2.dev/2097300307664665.mp4
carried-forward  1346832780758975 c0  → https://pub-893b4a6a607b4221a894bf861da7914e.r2.dev/1346832780758975.mp4
uploaded         1682204206335948 c0  (video) ← 1682204206335948.mp4  → https://pub-893b4a6a607b4221a894bf861da7914e.r2.dev/1682204206335948.mp4
carried-forward  1556283036216137 c0  → https://pub-893b4a6a607b4221a894bf861da7914e.r2.dev/1556283036216137.mp4
uploaded         1052062244442760 c0  (video) ← 1052062244442760.mp4  → https://pub-893b4a6a607b4221a894bf861da7914e.r2.dev/1052062244442760.mp4
uploaded         1357195453056140 c0  (video) ← 1357195453056140.mp4  → https://pub-893b4a6a607b4221a894bf861da7914e.r2.dev/1357195453056140.mp4
uploaded         1017571551242039 c0  (video) ← 1017571551242039.mp4  → https://pub-893b4a6a607b4221a894bf861da7914e.r2.dev/1017571551242039.mp4
uploaded         1950702352300005 c0  (video) ← 1950702352300005.mp4  → https://pub-893b4a6a607b4221a894bf861da7914e.r2.dev/1950702352300005.mp4
carried-forward  1264112379002091 c0  → https://pub-893b4a6a607b4221a894bf861da7914e.r2.dev/1264112379002091.mp4
uploaded         2118369792220397 c0  (video) ← 2118369792220397.mp4  → https://pub-893b4a6a607b4221a894bf861da7914e.r2.dev/2118369792220397.mp4
uploaded         1764374081229907 c0  (video) ← 1764374081229907.mp4  → https://pub-893b4a6a607b4221a894bf861da7914e.r2.dev/1764374081229907.mp4
carried-forward  2410715992747792 c0  → https://pub-893b4a6a607b4221a894bf861da7914e.r2.dev/2410715992747792.mp4
uploaded         2482571165542562 c0  (video) ← 2482571165542562.mp4  → https://pub-893b4a6a607b4221a894bf861da7914e.r2.dev/2482571165542562.mp4
uploaded         1371003638307654 c0  (video) ← 1371003638307654.mp4  → https://pub-893b4a6a607b4221a894bf861da7914e.r2.dev/1371003638307654.mp4
carried-forward  1429359822416826 c0  → https://pub-893b4a6a607b4221a894bf861da7914e.r2.dev/1429359822416826.mp4
carried-forward  2278125376375222 c0  → https://pub-893b4a6a607b4221a894bf861da7914e.r2.dev/2278125376375222.mp4
carried-forward  1700427231075832 c0  → https://pub-893b4a6a607b4221a894bf861da7914e.r2.dev/1700427231075832.mp4
uploaded         1059222116758965 c0  (video) ← 1059222116758965.mp4  → https://pub-893b4a6a607b4221a894bf861da7914e.r2.dev/1059222116758965.mp4
carried-forward  1635215360918989 c0  → https://pub-893b4a6a607b4221a894bf861da7914e.r2.dev/1635215360918989.mp4
carried-forward  1360591792698190 c0  → https://pub-893b4a6a607b4221a894bf861da7914e.r2.dev/1360591792698190.mp4
uploaded         1716468886352795 c0  (video) ← 1716468886352795.mp4  → https://pub-893b4a6a607b4221a894bf861da7914e.r2.dev/1716468886352795.mp4
uploaded         1356603059943824 c0  (video) ← 1356603059943824.mp4  → https://pub-893b4a6a607b4221a894bf861da7914e.r2.dev/1356603059943824.mp4
carried-forward  1679975973286060 c0  → https://pub-893b4a6a607b4221a894bf861da7914e.r2.dev/1679975973286060.mp4
carried-forward  1016600137901431 c0  → https://pub-893b4a6a607b4221a894bf861da7914e.r2.dev/1016600137901431.mp4
uploaded         1355464143431391 c0  (video) ← 1355464143431391.mp4  → https://pub-893b4a6a607b4221a894bf861da7914e.r2.dev/1355464143431391.mp4
carried-forward  986024980878185 c0  → https://pub-893b4a6a607b4221a894bf861da7914e.r2.dev/986024980878185.mp4
uploaded         26901321066212090 c0  (video) ← 26901321066212090.mp4  → https://pub-893b4a6a607b4221a894bf861da7914e.r2.dev/26901321066212090.mp4
carried-forward  1021961830212223 c0  → https://pub-893b4a6a607b4221a894bf861da7914e.r2.dev/1021961830212223.mp4
uploaded         1429043862397567 c0  (video) ← 1429043862397567.mp4  → https://pub-893b4a6a607b4221a894bf861da7914e.r2.dev/1429043862397567.mp4
uploaded         1733425911191039 c0  (video) ← 1733425911191039.mp4  → https://pub-893b4a6a607b4221a894bf861da7914e.r2.dev/1733425911191039.mp4
uploaded         1071923635179040 c0  (video) ← 1071923635179040.mp4  → https://pub-893b4a6a607b4221a894bf861da7914e.r2.dev/1071923635179040.mp4
carried-forward  1598260625282277 c0  → https://pub-893b4a6a607b4221a894bf861da7914e.r2.dev/1598260625282277.mp4
carried-forward  1689726825648907 c0  → https://pub-893b4a6a607b4221a894bf861da7914e.r2.dev/1689726825648907.mp4
uploaded         1701653894385500 c0  (video) ← 1701653894385500.mp4  → https://pub-893b4a6a607b4221a894bf861da7914e.r2.dev/1701653894385500.mp4
uploaded         1347808624222539 c0  (video) ← 1347808624222539.mp4  → https://pub-893b4a6a607b4221a894bf861da7914e.r2.dev/1347808624222539.mp4
uploaded         1504896430940320 c0  (video) ← 1504896430940320.mp4  → https://pub-893b4a6a607b4221a894bf861da7914e.r2.dev/1504896430940320.mp4
carried-forward  920953324360864 c0  → https://pub-893b4a6a607b4221a894bf861da7914e.r2.dev/920953324360864.mp4
uploaded         1449958363629097 c0  (video) ← 1449958363629097.mp4  → https://pub-893b4a6a607b4221a894bf861da7914e.r2.dev/1449958363629097.mp4
carried-forward  2245359769555092 c0  → https://pub-893b4a6a607b4221a894bf861da7914e.r2.dev/2245359769555092.mp4
uploaded         840656212312463 c0  (video) ← 840656212312463.mp4  → https://pub-893b4a6a607b4221a894bf861da7914e.r2.dev/840656212312463.mp4
carried-forward  1009169425229780 c0  → https://pub-893b4a6a607b4221a894bf861da7914e.r2.dev/1009169425229780.mp4
uploaded         1068304658956436 c0  (video) ← 1068304658956436.mp4  → https://pub-893b4a6a607b4221a894bf861da7914e.r2.dev/1068304658956436.mp4
uploaded         1074783528455241 c0  (video) ← 1074783528455241.mp4  → https://pub-893b4a6a607b4221a894bf861da7914e.r2.dev/1074783528455241.mp4
uploaded         1784182009251586 c0  (video) ← 1784182009251586.mp4  → https://pub-893b4a6a607b4221a894bf861da7914e.r2.dev/1784182009251586.mp4
carried-forward  1555764442572466 c0  → https://pub-893b4a6a607b4221a894bf861da7914e.r2.dev/1555764442572466.mp4
uploaded         1010356018529470 c0  (video) ← 1010356018529470.mp4  → https://pub-893b4a6a607b4221a894bf861da7914e.r2.dev/1010356018529470.mp4
uploaded         1742691096912161 c0  (video) ← 1742691096912161.mp4  → https://pub-893b4a6a607b4221a894bf861da7914e.r2.dev/1742691096912161.mp4
carried-forward  1061803716382467 c0  → https://pub-893b4a6a607b4221a894bf861da7914e.r2.dev/1061803716382467.mp4
carried-forward  1294545619418263 c0  → https://pub-893b4a6a607b4221a894bf861da7914e.r2.dev/1294545619418263.mp4
uploaded         1385749333527663 c0  (video) ← 1385749333527663.mp4  → https://pub-893b4a6a607b4221a894bf861da7914e.r2.dev/1385749333527663.mp4
carried-forward  1408273838023915 c0  → https://pub-893b4a6a607b4221a894bf861da7914e.r2.dev/1408273838023915.mp4
carried-forward  2000913570552724 c0  → https://pub-893b4a6a607b4221a894bf861da7914e.r2.dev/2000913570552724.mp4
uploaded         4347197468827348 c0  (video) ← 4347197468827348.mp4  → https://pub-893b4a6a607b4221a894bf861da7914e.r2.dev/4347197468827348.mp4
uploaded         1076224902004364 c0  (video) ← 1076224902004364.mp4  → https://pub-893b4a6a607b4221a894bf861da7914e.r2.dev/1076224902004364.mp4
uploaded         1475048394426158 c0  (video) ← 1475048394426158.mp4  → https://pub-893b4a6a607b4221a894bf861da7914e.r2.dev/1475048394426158.mp4
uploaded         2136675830255120 c0  (video) ← 2136675830255120.mp4  → https://pub-893b4a6a607b4221a894bf861da7914e.r2.dev/2136675830255120.mp4
uploaded         1053787817117829 c0  (video) ← 1053787817117829.mp4  → https://pub-893b4a6a607b4221a894bf861da7914e.r2.dev/1053787817117829.mp4
uploaded         1774312530392982 c0  (video) ← 1774312530392982.mp4  → https://pub-893b4a6a607b4221a894bf861da7914e.r2.dev/1774312530392982.mp4
uploaded         970536292711812 c0  (video) ← 970536292711812.mp4  → https://pub-893b4a6a607b4221a894bf861da7914e.r2.dev/970536292711812.mp4
uploaded         1089637253920954 c0  (video) ← 1089637253920954.mp4  → https://pub-893b4a6a607b4221a894bf861da7914e.r2.dev/1089637253920954.mp4
uploaded         1739264540439594 c0  (video) ← 1739264540439594.mp4  → https://pub-893b4a6a607b4221a894bf861da7914e.r2.dev/1739264540439594.mp4
carried-forward  1011509568312752 c0  → https://pub-893b4a6a607b4221a894bf861da7914e.r2.dev/1011509568312752.mp4
uploaded         1861994035186547 c0  (video) ← 1861994035186547.mp4  → https://pub-893b4a6a607b4221a894bf861da7914e.r2.dev/1861994035186547.mp4
uploaded         1916849972287033 c0  (video) ← 1916849972287033.mp4  → https://pub-893b4a6a607b4221a894bf861da7914e.r2.dev/1916849972287033.mp4
uploaded         27552908127663911 c0  (video) ← 27552908127663911.mp4  → https://pub-893b4a6a607b4221a894bf861da7914e.r2.dev/27552908127663911.mp4
uploaded         1418927683380908 c0  (video) ← 1418927683380908.mp4  → https://pub-893b4a6a607b4221a894bf861da7914e.r2.dev/1418927683380908.mp4
carried-forward  2794731494219714 c0  → https://pub-893b4a6a607b4221a894bf861da7914e.r2.dev/2794731494219714.mp4
uploaded         1044351131851612 c0  (video) ← 1044351131851612.mp4  → https://pub-893b4a6a607b4221a894bf861da7914e.r2.dev/1044351131851612.mp4
uploaded         4463243290559503 c0  (video) ← 4463243290559503.mp4  → https://pub-893b4a6a607b4221a894bf861da7914e.r2.dev/4463243290559503.mp4
uploaded         900772732585967 c0  (video) ← 900772732585967.mp4  → https://pub-893b4a6a607b4221a894bf861da7914e.r2.dev/900772732585967.mp4
carried-forward  1749737806164983 c0  → https://pub-893b4a6a607b4221a894bf861da7914e.r2.dev/1749737806164983.mp4
uploaded         2854310118265932 c0  (video) ← 2854310118265932.mp4  → https://pub-893b4a6a607b4221a894bf861da7914e.r2.dev/2854310118265932.mp4
uploaded         1013695707879189 c0  (video) ← 1013695707879189.mp4  → https://pub-893b4a6a607b4221a894bf861da7914e.r2.dev/1013695707879189.mp4
carried-forward  1828325671944421 c0  → https://pub-893b4a6a607b4221a894bf861da7914e.r2.dev/1828325671944421.mp4
uploaded         2107736823454915 c0  (video) ← 2107736823454915.mp4  → https://pub-893b4a6a607b4221a894bf861da7914e.r2.dev/2107736823454915.mp4
carried-forward  2283025218901164 c0  → https://pub-893b4a6a607b4221a894bf861da7914e.r2.dev/2283025218901164.mp4
uploaded         2132321557314832 c0  (video) ← 2132321557314832.mp4  → https://pub-893b4a6a607b4221a894bf861da7914e.r2.dev/2132321557314832.mp4
uploaded         1389230619753354 c0  (video) ← 1389230619753354.mp4  → https://pub-893b4a6a607b4221a894bf861da7914e.r2.dev/1389230619753354.mp4
uploaded         1045480378073396 c0  (video) ← 1045480378073396.mp4  → https://pub-893b4a6a607b4221a894bf861da7914e.r2.dev/1045480378073396.mp4
uploaded         897989532770336 c0  (video) ← 897989532770336.mp4  → https://pub-893b4a6a607b4221a894bf861da7914e.r2.dev/897989532770336.mp4
uploaded         1051957707214988 c0  (video) ← 1051957707214988.mp4  → https://pub-893b4a6a607b4221a894bf861da7914e.r2.dev/1051957707214988.mp4
uploaded         1396792872498184 c0  (video) ← 1396792872498184.mp4  → https://pub-893b4a6a607b4221a894bf861da7914e.r2.dev/1396792872498184.mp4
carried-forward  1722977905449062 c0  → https://pub-893b4a6a607b4221a894bf861da7914e.r2.dev/1722977905449062.mp4
uploaded         1336796828521409 c0  (video) ← 1336796828521409.mp4  → https://pub-893b4a6a607b4221a894bf861da7914e.r2.dev/1336796828521409.mp4
uploaded         1485477753264019 c0  (video) ← 1485477753264019.mp4  → https://pub-893b4a6a607b4221a894bf861da7914e.r2.dev/1485477753264019.mp4
uploaded         1007272032214663 c0  (video) ← 1007272032214663.mp4  → https://pub-893b4a6a607b4221a894bf861da7914e.r2.dev/1007272032214663.mp4
uploaded         2127791611118285 c0  (video) ← 2127791611118285.mp4  → https://pub-893b4a6a607b4221a894bf861da7914e.r2.dev/2127791611118285.mp4
uploaded         883581378157302 c0  (video) ← 883581378157302.mp4  → https://pub-893b4a6a607b4221a894bf861da7914e.r2.dev/883581378157302.mp4
uploaded         1818217549613877 c0  (video) ← 1818217549613877.mp4  → https://pub-893b4a6a607b4221a894bf861da7914e.r2.dev/1818217549613877.mp4
uploaded         1917657982259350 c0  (video) ← 1917657982259350.mp4  → https://pub-893b4a6a607b4221a894bf861da7914e.r2.dev/1917657982259350.mp4
uploaded         3573101462850442 c0  (video) ← 3573101462850442.mp4  → https://pub-893b4a6a607b4221a894bf861da7914e.r2.dev/3573101462850442.mp4
uploaded         1573424144374818 c0  (video) ← 1573424144374818.mp4  → https://pub-893b4a6a607b4221a894bf861da7914e.r2.dev/1573424144374818.mp4
carried-forward  1350665050600421 c0  → https://pub-893b4a6a607b4221a894bf861da7914e.r2.dev/1350665050600421.mp4
carried-forward  2241143646686335 c0  → https://pub-893b4a6a607b4221a894bf861da7914e.r2.dev/2241143646686335.mp4
uploaded         1528712358715592 c0  (video) ← 1528712358715592.mp4  → https://pub-893b4a6a607b4221a894bf861da7914e.r2.dev/1528712358715592.mp4
carried-forward  2081358779116501 c0  → https://pub-893b4a6a607b4221a894bf861da7914e.r2.dev/2081358779116501.mp4
uploaded         1033654242735744 c0  (video) ← 1033654242735744.mp4  → https://pub-893b4a6a607b4221a894bf861da7914e.r2.dev/1033654242735744.mp4
uploaded         1610935337222440 c0  (video) ← 1610935337222440.mp4  → https://pub-893b4a6a607b4221a894bf861da7914e.r2.dev/1610935337222440.mp4
uploaded         2942475016088485 c0  (video) ← 2942475016088485.mp4  → https://pub-893b4a6a607b4221a894bf861da7914e.r2.dev/2942475016088485.mp4
carried-forward  4373232079613595 c0  → https://pub-893b4a6a607b4221a894bf861da7914e.r2.dev/4373232079613595.mp4
uploaded         1034889322363972 c0  (video) ← 1034889322363972.mp4  → https://pub-893b4a6a607b4221a894bf861da7914e.r2.dev/1034889322363972.mp4
uploaded         1716151816192588 c0  (video) ← 1716151816192588.mp4  → https://pub-893b4a6a607b4221a894bf861da7914e.r2.dev/1716151816192588.mp4
uploaded         1958955301431271 c0  (video) ← 1958955301431271.mp4  → https://pub-893b4a6a607b4221a894bf861da7914e.r2.dev/1958955301431271.mp4
uploaded         4560839200816222 c0  (video) ← 4560839200816222.mp4  → https://pub-893b4a6a607b4221a894bf861da7914e.r2.dev/4560839200816222.mp4
