# Step 3 run log
# competitor : lingo-ai
# started_at : 2026-07-06T13:43:02
# input      : facebook/inputs/fb-ads-lingo-ai-2026-07-06-1335.csv
# videos     : facebook/videos/lingo-ai-2026-07-06
# master     : facebook/master/lingo-ai.csv  (updated)
# enriched   : facebook/inputs/fb-ads-lingo-ai-2026-07-06-1335_enriched.csv
# bucket     : video-ads
# public_base: https://pub-893b4a6a607b4221a894bf861da7914e.r2.dev
# dry_run    : False
#
# counts     : {'uploaded': 67, 'carried-forward': 95, 'image-pending': 0, 'video-missing': 1, 'no-creative': 0, 'error': 0}
#
carried-forward  1038854211901779 c0  → https://pub-893b4a6a607b4221a894bf861da7914e.r2.dev/1038854211901779.mp4
video-missing    1038854211901779 c0  (expected file not found in facebook/videos/lingo-ai-2026-07-06)
carried-forward  1093823739826634 c0  → https://pub-893b4a6a607b4221a894bf861da7914e.r2.dev/1093823739826634.mp4
carried-forward  1007110078391526 c0  → https://pub-893b4a6a607b4221a894bf861da7914e.r2.dev/1007110078391526.mp4
carried-forward  1962277031827815 c0  → https://pub-893b4a6a607b4221a894bf861da7914e.r2.dev/1962277031827815.mp4
carried-forward  1003526658752736 c0  → https://pub-893b4a6a607b4221a894bf861da7914e.r2.dev/1003526658752736.mp4
carried-forward  1651336692836508 c0  → https://pub-893b4a6a607b4221a894bf861da7914e.r2.dev/1651336692836508.mp4
carried-forward  965025483256898 c0  → https://pub-893b4a6a607b4221a894bf861da7914e.r2.dev/965025483256898.mp4
carried-forward  2817216648647618 c0  → https://pub-893b4a6a607b4221a894bf861da7914e.r2.dev/2817216648647618.mp4
carried-forward  1312402474407625 c0  → https://pub-893b4a6a607b4221a894bf861da7914e.r2.dev/1312402474407625.mp4
carried-forward  3520108538142321 c0  → https://pub-893b4a6a607b4221a894bf861da7914e.r2.dev/3520108538142321.mp4
carried-forward  1533990831529436 c0  → https://pub-893b4a6a607b4221a894bf861da7914e.r2.dev/1533990831529436.mp4
carried-forward  1683265226128164 c0  → https://pub-893b4a6a607b4221a894bf861da7914e.r2.dev/1683265226128164.mp4
carried-forward  1402910178342547 c0  → https://pub-893b4a6a607b4221a894bf861da7914e.r2.dev/1402910178342547.mp4
carried-forward  2223760955053163 c0  → https://pub-893b4a6a607b4221a894bf861da7914e.r2.dev/2223760955053163.mp4
carried-forward  980809158288503 c0  → https://pub-893b4a6a607b4221a894bf861da7914e.r2.dev/980809158288503.mp4
carried-forward  27223086024028518 c0  → https://pub-893b4a6a607b4221a894bf861da7914e.r2.dev/27223086024028518.mp4
carried-forward  4494315040857752 c0  → https://pub-893b4a6a607b4221a894bf861da7914e.r2.dev/4494315040857752.mp4
carried-forward  1006880602208933 c0  → https://pub-893b4a6a607b4221a894bf861da7914e.r2.dev/1006880602208933.mp4
carried-forward  1334703498047853 c0  → https://pub-893b4a6a607b4221a894bf861da7914e.r2.dev/1334703498047853.mp4
carried-forward  993382163488187 c0  → https://pub-893b4a6a607b4221a894bf861da7914e.r2.dev/993382163488187.mp4
carried-forward  1005118642480638 c0  → https://pub-893b4a6a607b4221a894bf861da7914e.r2.dev/1005118642480638.mp4
carried-forward  2019382318667999 c0  → https://pub-893b4a6a607b4221a894bf861da7914e.r2.dev/2019382318667999.mp4
carried-forward  2253769662106911 c0  → https://pub-893b4a6a607b4221a894bf861da7914e.r2.dev/2253769662106911.mp4
carried-forward  1037404378858206 c0  → https://pub-893b4a6a607b4221a894bf861da7914e.r2.dev/1037404378858206.mp4
carried-forward  1329734649364208 c0  → https://pub-893b4a6a607b4221a894bf861da7914e.r2.dev/1329734649364208.mp4
carried-forward  2225742691506044 c0  → https://pub-893b4a6a607b4221a894bf861da7914e.r2.dev/2225742691506044.mp4
carried-forward  1554118786127320 c0  → https://pub-893b4a6a607b4221a894bf861da7914e.r2.dev/1554118786127320.mp4
carried-forward  1543107963869133 c0  → https://pub-893b4a6a607b4221a894bf861da7914e.r2.dev/1543107963869133.mp4
uploaded         1911448412880454 c0  (video) ← 1911448412880454.mp4  → https://pub-893b4a6a607b4221a894bf861da7914e.r2.dev/1911448412880454.mp4
uploaded         2391010851423275 c0  (video) ← 2391010851423275.mp4  → https://pub-893b4a6a607b4221a894bf861da7914e.r2.dev/2391010851423275.mp4
carried-forward  1511685754318859 c0  → https://pub-893b4a6a607b4221a894bf861da7914e.r2.dev/1511685754318859.mp4
uploaded         954136307685424 c0  (video) ← 954136307685424.mp4  → https://pub-893b4a6a607b4221a894bf861da7914e.r2.dev/954136307685424.mp4
carried-forward  4042081032594895 c0  → https://pub-893b4a6a607b4221a894bf861da7914e.r2.dev/4042081032594895.mp4
carried-forward  2250553868683148 c0  → https://pub-893b4a6a607b4221a894bf861da7914e.r2.dev/2250553868683148.mp4
carried-forward  4659521547702423 c0  → https://pub-893b4a6a607b4221a894bf861da7914e.r2.dev/4659521547702423.mp4
carried-forward  1705366507331909 c0  → https://pub-893b4a6a607b4221a894bf861da7914e.r2.dev/1705366507331909.mp4
carried-forward  1506922147561152 c0  → https://pub-893b4a6a607b4221a894bf861da7914e.r2.dev/1506922147561152.mp4
carried-forward  1270260864996278 c0  → https://pub-893b4a6a607b4221a894bf861da7914e.r2.dev/1270260864996278.mp4
uploaded         2098877857734208 c0  (video) ← 2098877857734208.mp4  → https://pub-893b4a6a607b4221a894bf861da7914e.r2.dev/2098877857734208.mp4
carried-forward  1718832845801442 c0  → https://pub-893b4a6a607b4221a894bf861da7914e.r2.dev/1718832845801442.mp4
carried-forward  992641953651273 c0  → https://pub-893b4a6a607b4221a894bf861da7914e.r2.dev/992641953651273.mp4
carried-forward  1039417635182725 c0  → https://pub-893b4a6a607b4221a894bf861da7914e.r2.dev/1039417635182725.mp4
uploaded         878105695348571 c0  (video) ← 878105695348571.mp4  → https://pub-893b4a6a607b4221a894bf861da7914e.r2.dev/878105695348571.mp4
uploaded         1588906916155093 c0  (video) ← 1588906916155093.mp4  → https://pub-893b4a6a607b4221a894bf861da7914e.r2.dev/1588906916155093.mp4
carried-forward  1372410518082661 c0  → https://pub-893b4a6a607b4221a894bf861da7914e.r2.dev/1372410518082661.mp4
carried-forward  2447406312409166 c0  → https://pub-893b4a6a607b4221a894bf861da7914e.r2.dev/2447406312409166.mp4
carried-forward  1382542137258042 c0  → https://pub-893b4a6a607b4221a894bf861da7914e.r2.dev/1382542137258042.mp4
carried-forward  1633628567704710 c0  → https://pub-893b4a6a607b4221a894bf861da7914e.r2.dev/1633628567704710.mp4
carried-forward  1691784178829769 c0  → https://pub-893b4a6a607b4221a894bf861da7914e.r2.dev/1691784178829769.mp4
uploaded         1525112075958529 c0  (video) ← 1525112075958529.mp4  → https://pub-893b4a6a607b4221a894bf861da7914e.r2.dev/1525112075958529.mp4
carried-forward  2076022413797975 c0  → https://pub-893b4a6a607b4221a894bf861da7914e.r2.dev/2076022413797975.mp4
uploaded         1039672908517157 c0  (video) ← 1039672908517157.mp4  → https://pub-893b4a6a607b4221a894bf861da7914e.r2.dev/1039672908517157.mp4
uploaded         1659934785110323 c0  (video) ← 1659934785110323.mp4  → https://pub-893b4a6a607b4221a894bf861da7914e.r2.dev/1659934785110323.mp4
uploaded         2919337461751563 c0  (video) ← 2919337461751563.mp4  → https://pub-893b4a6a607b4221a894bf861da7914e.r2.dev/2919337461751563.mp4
carried-forward  878207795333026 c0  → https://pub-893b4a6a607b4221a894bf861da7914e.r2.dev/878207795333026.mp4
carried-forward  1546008070409394 c0  → https://pub-893b4a6a607b4221a894bf861da7914e.r2.dev/1546008070409394.mp4
carried-forward  1542817130531524 c0  → https://pub-893b4a6a607b4221a894bf861da7914e.r2.dev/1542817130531524.mp4
uploaded         3526994660821019 c0  (video) ← 3526994660821019.mp4  → https://pub-893b4a6a607b4221a894bf861da7914e.r2.dev/3526994660821019.mp4
carried-forward  900011839294388 c0  → https://pub-893b4a6a607b4221a894bf861da7914e.r2.dev/900011839294388.mp4
uploaded         1004827185853876 c0  (video) ← 1004827185853876.mp4  → https://pub-893b4a6a607b4221a894bf861da7914e.r2.dev/1004827185853876.mp4
carried-forward  3403536496487480 c0  → https://pub-893b4a6a607b4221a894bf861da7914e.r2.dev/3403536496487480.mp4
uploaded         1045338308451212 c0  (video) ← 1045338308451212.mp4  → https://pub-893b4a6a607b4221a894bf861da7914e.r2.dev/1045338308451212.mp4
carried-forward  2088572631696533 c0  → https://pub-893b4a6a607b4221a894bf861da7914e.r2.dev/2088572631696533.mp4
carried-forward  832807383245500 c0  → https://pub-893b4a6a607b4221a894bf861da7914e.r2.dev/832807383245500.mp4
carried-forward  1376125071000503 c0  → https://pub-893b4a6a607b4221a894bf861da7914e.r2.dev/1376125071000503.mp4
carried-forward  1332107031680751 c0  → https://pub-893b4a6a607b4221a894bf861da7914e.r2.dev/1332107031680751.mp4
carried-forward  4252978928346557 c0  → https://pub-893b4a6a607b4221a894bf861da7914e.r2.dev/4252978928346557.mp4
uploaded         1427273542560007 c0  (video) ← 1427273542560007.mp4  → https://pub-893b4a6a607b4221a894bf861da7914e.r2.dev/1427273542560007.mp4
carried-forward  1929767137611529 c0  → https://pub-893b4a6a607b4221a894bf861da7914e.r2.dev/1929767137611529.mp4
carried-forward  1671324540802131 c0  → https://pub-893b4a6a607b4221a894bf861da7914e.r2.dev/1671324540802131.mp4
carried-forward  1031747116205172 c0  → https://pub-893b4a6a607b4221a894bf861da7914e.r2.dev/1031747116205172.mp4
carried-forward  1492092175305768 c0  → https://pub-893b4a6a607b4221a894bf861da7914e.r2.dev/1492092175305768.mp4
uploaded         1576336547333369 c0  (video) ← 1576336547333369.mp4  → https://pub-893b4a6a607b4221a894bf861da7914e.r2.dev/1576336547333369.mp4
carried-forward  2153258851904762 c0  → https://pub-893b4a6a607b4221a894bf861da7914e.r2.dev/2153258851904762.mp4
uploaded         1630811019047481 c0  (video) ← 1630811019047481.mp4  → https://pub-893b4a6a607b4221a894bf861da7914e.r2.dev/1630811019047481.mp4
carried-forward  1220089980142236 c0  → https://pub-893b4a6a607b4221a894bf861da7914e.r2.dev/1220089980142236.mp4
carried-forward  766734916502925 c0  → https://pub-893b4a6a607b4221a894bf861da7914e.r2.dev/766734916502925.mp4
carried-forward  3340516169466059 c0  → https://pub-893b4a6a607b4221a894bf861da7914e.r2.dev/3340516169466059.mp4
uploaded         1384139950255653 c0  (video) ← 1384139950255653.mp4  → https://pub-893b4a6a607b4221a894bf861da7914e.r2.dev/1384139950255653.mp4
uploaded         1026310689745421 c0  (video) ← 1026310689745421.mp4  → https://pub-893b4a6a607b4221a894bf861da7914e.r2.dev/1026310689745421.mp4
carried-forward  1427717762585898 c0  → https://pub-893b4a6a607b4221a894bf861da7914e.r2.dev/1427717762585898.mp4
carried-forward  1663926744681954 c0  → https://pub-893b4a6a607b4221a894bf861da7914e.r2.dev/1663926744681954.mp4
uploaded         2191895584709324 c0  (video) ← 2191895584709324.mp4  → https://pub-893b4a6a607b4221a894bf861da7914e.r2.dev/2191895584709324.mp4
carried-forward  1661401064910641 c0  → https://pub-893b4a6a607b4221a894bf861da7914e.r2.dev/1661401064910641.mp4
uploaded         1542083700702735 c0  (video) ← 1542083700702735.mp4  → https://pub-893b4a6a607b4221a894bf861da7914e.r2.dev/1542083700702735.mp4
uploaded         1567157251655535 c0  (video) ← 1567157251655535.mp4  → https://pub-893b4a6a607b4221a894bf861da7914e.r2.dev/1567157251655535.mp4
carried-forward  1821063475538897 c0  → https://pub-893b4a6a607b4221a894bf861da7914e.r2.dev/1821063475538897.mp4
uploaded         1670323037380540 c0  (video) ← 1670323037380540.mp4  → https://pub-893b4a6a607b4221a894bf861da7914e.r2.dev/1670323037380540.mp4
carried-forward  902584925476226 c0  → https://pub-893b4a6a607b4221a894bf861da7914e.r2.dev/902584925476226.mp4
uploaded         1035971962252837 c0  (video) ← 1035971962252837.mp4  → https://pub-893b4a6a607b4221a894bf861da7914e.r2.dev/1035971962252837.mp4
uploaded         1532901558303092 c0  (video) ← 1532901558303092.mp4  → https://pub-893b4a6a607b4221a894bf861da7914e.r2.dev/1532901558303092.mp4
carried-forward  1550386230032600 c0  → https://pub-893b4a6a607b4221a894bf861da7914e.r2.dev/1550386230032600.mp4
uploaded         844826715136633 c0  (video) ← 844826715136633.mp4  → https://pub-893b4a6a607b4221a894bf861da7914e.r2.dev/844826715136633.mp4
uploaded         1579390560479334 c0  (video) ← 1579390560479334.mp4  → https://pub-893b4a6a607b4221a894bf861da7914e.r2.dev/1579390560479334.mp4
uploaded         1415999857029783 c0  (video) ← 1415999857029783.mp4  → https://pub-893b4a6a607b4221a894bf861da7914e.r2.dev/1415999857029783.mp4
uploaded         890114684139404 c0  (video) ← 890114684139404.mp4  → https://pub-893b4a6a607b4221a894bf861da7914e.r2.dev/890114684139404.mp4
carried-forward  1653664225929777 c0  → https://pub-893b4a6a607b4221a894bf861da7914e.r2.dev/1653664225929777.mp4
carried-forward  826967597018641 c0  → https://pub-893b4a6a607b4221a894bf861da7914e.r2.dev/826967597018641.mp4
carried-forward  1038515512158001 c0  → https://pub-893b4a6a607b4221a894bf861da7914e.r2.dev/1038515512158001.mp4
uploaded         1915386352474119 c0  (video) ← 1915386352474119.mp4  → https://pub-893b4a6a607b4221a894bf861da7914e.r2.dev/1915386352474119.mp4
uploaded         1069174625775853 c0  (video) ← 1069174625775853.mp4  → https://pub-893b4a6a607b4221a894bf861da7914e.r2.dev/1069174625775853.mp4
uploaded         861649606640914 c0  (video) ← 861649606640914.mp4  → https://pub-893b4a6a607b4221a894bf861da7914e.r2.dev/861649606640914.mp4
carried-forward  965908666484307 c0  → https://pub-893b4a6a607b4221a894bf861da7914e.r2.dev/965908666484307.mp4
uploaded         27669262402710091 c0  (video) ← 27669262402710091.mp4  → https://pub-893b4a6a607b4221a894bf861da7914e.r2.dev/27669262402710091.mp4
uploaded         1564502055379528 c0  (video) ← 1564502055379528.mp4  → https://pub-893b4a6a607b4221a894bf861da7914e.r2.dev/1564502055379528.mp4
uploaded         1754835955688580 c0  (video) ← 1754835955688580.mp4  → https://pub-893b4a6a607b4221a894bf861da7914e.r2.dev/1754835955688580.mp4
carried-forward  1028449009853941 c0  → https://pub-893b4a6a607b4221a894bf861da7914e.r2.dev/1028449009853941.mp4
carried-forward  1778942330132715 c0  → https://pub-893b4a6a607b4221a894bf861da7914e.r2.dev/1778942330132715.mp4
uploaded         4675112942774885 c0  (video) ← 4675112942774885.mp4  → https://pub-893b4a6a607b4221a894bf861da7914e.r2.dev/4675112942774885.mp4
uploaded         27171113109254491 c0  (video) ← 27171113109254491.mp4  → https://pub-893b4a6a607b4221a894bf861da7914e.r2.dev/27171113109254491.mp4
carried-forward  27350423597950324 c0  → https://pub-893b4a6a607b4221a894bf861da7914e.r2.dev/27350423597950324.mp4
carried-forward  2367898560406946 c0  → https://pub-893b4a6a607b4221a894bf861da7914e.r2.dev/2367898560406946.mp4
uploaded         2028270737804187 c0  (video) ← 2028270737804187.mp4  → https://pub-893b4a6a607b4221a894bf861da7914e.r2.dev/2028270737804187.mp4
carried-forward  2276444916498087 c0  → https://pub-893b4a6a607b4221a894bf861da7914e.r2.dev/2276444916498087.mp4
uploaded         4087721091358383 c0  (video) ← 4087721091358383.mp4  → https://pub-893b4a6a607b4221a894bf861da7914e.r2.dev/4087721091358383.mp4
uploaded         1102346855789311 c0  (video) ← 1102346855789311.mp4  → https://pub-893b4a6a607b4221a894bf861da7914e.r2.dev/1102346855789311.mp4
carried-forward  1665570207993946 c0  → https://pub-893b4a6a607b4221a894bf861da7914e.r2.dev/1665570207993946.mp4
carried-forward  2013049059297231 c0  → https://pub-893b4a6a607b4221a894bf861da7914e.r2.dev/2013049059297231.mp4
carried-forward  1964261210892531 c0  → https://pub-893b4a6a607b4221a894bf861da7914e.r2.dev/1964261210892531.mp4
uploaded         907319072398988 c0  (video) ← 907319072398988.mp4  → https://pub-893b4a6a607b4221a894bf861da7914e.r2.dev/907319072398988.mp4
uploaded         1264112379002091 c0  (video) ← 1264112379002091.mp4  → https://pub-893b4a6a607b4221a894bf861da7914e.r2.dev/1264112379002091.mp4
carried-forward  1620690590064291 c0  → https://pub-893b4a6a607b4221a894bf861da7914e.r2.dev/1620690590064291.mp4
carried-forward  888239487656454 c0  → https://pub-893b4a6a607b4221a894bf861da7914e.r2.dev/888239487656454.mp4
carried-forward  1635215360918989 c0  → https://pub-893b4a6a607b4221a894bf861da7914e.r2.dev/1635215360918989.mp4
carried-forward  1967353097232627 c0  → https://pub-893b4a6a607b4221a894bf861da7914e.r2.dev/1967353097232627.mp4
carried-forward  2183171979139988 c0  → https://pub-893b4a6a607b4221a894bf861da7914e.r2.dev/2183171979139988.mp4
uploaded         1403634755018898 c0  (video) ← 1403634755018898.mp4  → https://pub-893b4a6a607b4221a894bf861da7914e.r2.dev/1403634755018898.mp4
uploaded         3983347918468841 c0  (video) ← 3983347918468841.mp4  → https://pub-893b4a6a607b4221a894bf861da7914e.r2.dev/3983347918468841.mp4
carried-forward  1016181760769430 c0  → https://pub-893b4a6a607b4221a894bf861da7914e.r2.dev/1016181760769430.mp4
carried-forward  1936736161045971 c0  → https://pub-893b4a6a607b4221a894bf861da7914e.r2.dev/1936736161045971.mp4
uploaded         4349712615340875 c0  (video) ← 4349712615340875.mp4  → https://pub-893b4a6a607b4221a894bf861da7914e.r2.dev/4349712615340875.mp4
carried-forward  1016600137901431 c0  → https://pub-893b4a6a607b4221a894bf861da7914e.r2.dev/1016600137901431.mp4
uploaded         1524608682478839 c0  (video) ← 1524608682478839.mp4  → https://pub-893b4a6a607b4221a894bf861da7914e.r2.dev/1524608682478839.mp4
carried-forward  1336049577946625 c0  → https://pub-893b4a6a607b4221a894bf861da7914e.r2.dev/1336049577946625.mp4
uploaded         2655255728274491 c0  (video) ← 2655255728274491.mp4  → https://pub-893b4a6a607b4221a894bf861da7914e.r2.dev/2655255728274491.mp4
carried-forward  1700427231075832 c0  → https://pub-893b4a6a607b4221a894bf861da7914e.r2.dev/1700427231075832.mp4
uploaded         1337840091790742 c0  (video) ← 1337840091790742.mp4  → https://pub-893b4a6a607b4221a894bf861da7914e.r2.dev/1337840091790742.mp4
carried-forward  3220717538115795 c0  → https://pub-893b4a6a607b4221a894bf861da7914e.r2.dev/3220717538115795.mp4
carried-forward  27200422259600892 c0  → https://pub-893b4a6a607b4221a894bf861da7914e.r2.dev/27200422259600892.mp4
uploaded         1552210623125865 c0  (video) ← 1552210623125865.mp4  → https://pub-893b4a6a607b4221a894bf861da7914e.r2.dev/1552210623125865.mp4
uploaded         989584447249653 c0  (video) ← 989584447249653.mp4  → https://pub-893b4a6a607b4221a894bf861da7914e.r2.dev/989584447249653.mp4
uploaded         1020871857085973 c0  (video) ← 1020871857085973.mp4  → https://pub-893b4a6a607b4221a894bf861da7914e.r2.dev/1020871857085973.mp4
uploaded         986024980878185 c0  (video) ← 986024980878185.mp4  → https://pub-893b4a6a607b4221a894bf861da7914e.r2.dev/986024980878185.mp4
uploaded         1354987723238753 c0  (video) ← 1354987723238753.mp4  → https://pub-893b4a6a607b4221a894bf861da7914e.r2.dev/1354987723238753.mp4
carried-forward  958995487133739 c0  → https://pub-893b4a6a607b4221a894bf861da7914e.r2.dev/958995487133739.mp4
uploaded         1599272544892904 c0  (video) ← 1599272544892904.mp4  → https://pub-893b4a6a607b4221a894bf861da7914e.r2.dev/1599272544892904.mp4
carried-forward  3998525930448649 c0  → https://pub-893b4a6a607b4221a894bf861da7914e.r2.dev/3998525930448649.mp4
uploaded         4466111250270101 c0  (video) ← 4466111250270101.mp4  → https://pub-893b4a6a607b4221a894bf861da7914e.r2.dev/4466111250270101.mp4
carried-forward  1362300105771284 c0  → https://pub-893b4a6a607b4221a894bf861da7914e.r2.dev/1362300105771284.mp4
uploaded         1516383159381928 c0  (video) ← 1516383159381928.mp4  → https://pub-893b4a6a607b4221a894bf861da7914e.r2.dev/1516383159381928.mp4
uploaded         1571243484707064 c0  (video) ← 1571243484707064.mp4  → https://pub-893b4a6a607b4221a894bf861da7914e.r2.dev/1571243484707064.mp4
uploaded         858412936991629 c0  (video) ← 858412936991629.mp4  → https://pub-893b4a6a607b4221a894bf861da7914e.r2.dev/858412936991629.mp4
uploaded         960340673705383 c0  (video) ← 960340673705383.mp4  → https://pub-893b4a6a607b4221a894bf861da7914e.r2.dev/960340673705383.mp4
uploaded         1555397152989920 c0  (video) ← 1555397152989920.mp4  → https://pub-893b4a6a607b4221a894bf861da7914e.r2.dev/1555397152989920.mp4
uploaded         27124601433878875 c0  (video) ← 27124601433878875.mp4  → https://pub-893b4a6a607b4221a894bf861da7914e.r2.dev/27124601433878875.mp4
uploaded         1348519583403471 c0  (video) ← 1348519583403471.mp4  → https://pub-893b4a6a607b4221a894bf861da7914e.r2.dev/1348519583403471.mp4
uploaded         1969662527007136 c0  (video) ← 1969662527007136.mp4  → https://pub-893b4a6a607b4221a894bf861da7914e.r2.dev/1969662527007136.mp4
uploaded         961886536894505 c0  (video) ← 961886536894505.mp4  → https://pub-893b4a6a607b4221a894bf861da7914e.r2.dev/961886536894505.mp4
uploaded         1019009737493964 c0  (video) ← 1019009737493964.mp4  → https://pub-893b4a6a607b4221a894bf861da7914e.r2.dev/1019009737493964.mp4
uploaded         1126056833932460 c0  (video) ← 1126056833932460.mp4  → https://pub-893b4a6a607b4221a894bf861da7914e.r2.dev/1126056833932460.mp4
uploaded         2261103161382755 c0  (video) ← 2261103161382755.mp4  → https://pub-893b4a6a607b4221a894bf861da7914e.r2.dev/2261103161382755.mp4
uploaded         4312809405603606 c0  (video) ← 4312809405603606.mp4  → https://pub-893b4a6a607b4221a894bf861da7914e.r2.dev/4312809405603606.mp4
