# Step 3 run log
# competitor : lingo-ai
# started_at : 2026-07-16T13:42:36
# input      : facebook/inputs/fb-ads-lingo-ai-2026-07-16-1337.csv
# videos     : facebook/videos/lingo-ai-2026-07-16
# master     : facebook/master/lingo-ai.csv  (updated)
# enriched   : facebook/inputs/fb-ads-lingo-ai-2026-07-16-1337_enriched.csv
# bucket     : video-ads
# public_base: https://pub-893b4a6a607b4221a894bf861da7914e.r2.dev
# dry_run    : False
#
# counts     : {'uploaded': 58, 'carried-forward': 125, 'image-pending': 0, 'video-missing': 5, 'no-creative': 0, 'error': 0}
#
carried-forward  2817216648647618 c0  → https://pub-893b4a6a607b4221a894bf861da7914e.r2.dev/2817216648647618.mp4
carried-forward  1336448118024889 c0  → https://pub-893b4a6a607b4221a894bf861da7914e.r2.dev/1336448118024889.mp4
carried-forward  861649606640914 c0  → https://pub-893b4a6a607b4221a894bf861da7914e.r2.dev/861649606640914.mp4
carried-forward  1683265226128164 c0  → https://pub-893b4a6a607b4221a894bf861da7914e.r2.dev/1683265226128164.mp4
carried-forward  831092886606480 c0  → https://pub-893b4a6a607b4221a894bf861da7914e.r2.dev/831092886606480.mp4
carried-forward  1027348283545347 c0  → https://pub-893b4a6a607b4221a894bf861da7914e.r2.dev/1027348283545347.mp4
carried-forward  1570029704755560 c0  → https://pub-893b4a6a607b4221a894bf861da7914e.r2.dev/1570029704755560.mp4
carried-forward  1335647948693091 c0  → https://pub-893b4a6a607b4221a894bf861da7914e.r2.dev/1335647948693091.mp4
carried-forward  27223086024028518 c0  → https://pub-893b4a6a607b4221a894bf861da7914e.r2.dev/27223086024028518.mp4
carried-forward  2391010851423275 c0  → https://pub-893b4a6a607b4221a894bf861da7914e.r2.dev/2391010851423275.mp4
carried-forward  1561681932015617 c0  → https://pub-893b4a6a607b4221a894bf861da7914e.r2.dev/1561681932015617.mp4
carried-forward  2253769662106911 c0  → https://pub-893b4a6a607b4221a894bf861da7914e.r2.dev/2253769662106911.mp4
video-missing    2253769662106911 c0  (expected file not found in facebook/videos/lingo-ai-2026-07-16)
carried-forward  1387668796571355 c0  → https://pub-893b4a6a607b4221a894bf861da7914e.r2.dev/1387668796571355.mp4
video-missing    1387668796571355 c0  (expected file not found in facebook/videos/lingo-ai-2026-07-16)
carried-forward  1502905814452626 c0  → https://pub-893b4a6a607b4221a894bf861da7914e.r2.dev/1502905814452626.mp4
carried-forward  2019382318667999 c0  → https://pub-893b4a6a607b4221a894bf861da7914e.r2.dev/2019382318667999.mp4
carried-forward  4494315040857752 c0  → https://pub-893b4a6a607b4221a894bf861da7914e.r2.dev/4494315040857752.mp4
video-missing    4494315040857752 c0  (expected file not found in facebook/videos/lingo-ai-2026-07-16)
carried-forward  1006880602208933 c0  → https://pub-893b4a6a607b4221a894bf861da7914e.r2.dev/1006880602208933.mp4
carried-forward  2134439107466829 c0  → https://pub-893b4a6a607b4221a894bf861da7914e.r2.dev/2134439107466829.mp4
carried-forward  3263205557220973 c0  → https://pub-893b4a6a607b4221a894bf861da7914e.r2.dev/3263205557220973.mp4
carried-forward  1038960765740921 c0  → https://pub-893b4a6a607b4221a894bf861da7914e.r2.dev/1038960765740921.mp4
carried-forward  1533349715150736 c0  → https://pub-893b4a6a607b4221a894bf861da7914e.r2.dev/1533349715150736.mp4
carried-forward  4308553339407245 c0  → https://pub-893b4a6a607b4221a894bf861da7914e.r2.dev/4308553339407245.mp4
carried-forward  1036575242203841 c0  → https://pub-893b4a6a607b4221a894bf861da7914e.r2.dev/1036575242203841.mp4
carried-forward  1555307446033768 c0  → https://pub-893b4a6a607b4221a894bf861da7914e.r2.dev/1555307446033768.mp4
carried-forward  1397797165529432 c0  → https://pub-893b4a6a607b4221a894bf861da7914e.r2.dev/1397797165529432.mp4
carried-forward  2057188608340774 c0  → https://pub-893b4a6a607b4221a894bf861da7914e.r2.dev/2057188608340774.mp4
carried-forward  1543107963869133 c0  → https://pub-893b4a6a607b4221a894bf861da7914e.r2.dev/1543107963869133.mp4
carried-forward  1772652803922964 c0  → https://pub-893b4a6a607b4221a894bf861da7914e.r2.dev/1772652803922964.mp4
carried-forward  1343116734615568 c0  → https://pub-893b4a6a607b4221a894bf861da7914e.r2.dev/1343116734615568.mp4
carried-forward  1387445679946693 c0  → https://pub-893b4a6a607b4221a894bf861da7914e.r2.dev/1387445679946693.mp4
carried-forward  1580064567242969 c0  → https://pub-893b4a6a607b4221a894bf861da7914e.r2.dev/1580064567242969.mp4
uploaded         1033577822725951 c0  (video) ← 1033577822725951.mp4  → https://pub-893b4a6a607b4221a894bf861da7914e.r2.dev/1033577822725951.mp4
carried-forward  1686280909298309 c0  → https://pub-893b4a6a607b4221a894bf861da7914e.r2.dev/1686280909298309.mp4
carried-forward  1466504155245534 c0  → https://pub-893b4a6a607b4221a894bf861da7914e.r2.dev/1466504155245534.mp4
carried-forward  1609843680737239 c0  → https://pub-893b4a6a607b4221a894bf861da7914e.r2.dev/1609843680737239.mp4
carried-forward  2079659836277553 c0  → https://pub-893b4a6a607b4221a894bf861da7914e.r2.dev/2079659836277553.mp4
carried-forward  2074376606622636 c0  → https://pub-893b4a6a607b4221a894bf861da7914e.r2.dev/2074376606622636.mp4
carried-forward  844826715136633 c0  → https://pub-893b4a6a607b4221a894bf861da7914e.r2.dev/844826715136633.mp4
carried-forward  4252978928346557 c0  → https://pub-893b4a6a607b4221a894bf861da7914e.r2.dev/4252978928346557.mp4
video-missing    4252978928346557 c0  (expected file not found in facebook/videos/lingo-ai-2026-07-16)
carried-forward  2953210015070433 c0  → https://pub-893b4a6a607b4221a894bf861da7914e.r2.dev/2953210015070433.mp4
carried-forward  1037322958668741 c0  → https://pub-893b4a6a607b4221a894bf861da7914e.r2.dev/1037322958668741.mp4
carried-forward  26787357374277010 c0  → https://pub-893b4a6a607b4221a894bf861da7914e.r2.dev/26787357374277010.mp4
video-missing    26787357374277010 c0  (expected file not found in facebook/videos/lingo-ai-2026-07-16)
carried-forward  1644972694300693 c0  → https://pub-893b4a6a607b4221a894bf861da7914e.r2.dev/1644972694300693.mp4
carried-forward  2301738637239103 c0  → https://pub-893b4a6a607b4221a894bf861da7914e.r2.dev/2301738637239103.mp4
carried-forward  1017842921136572 c0  → https://pub-893b4a6a607b4221a894bf861da7914e.r2.dev/1017842921136572.mp4
carried-forward  1035971962252837 c0  → https://pub-893b4a6a607b4221a894bf861da7914e.r2.dev/1035971962252837.mp4
carried-forward  1055124300408894 c0  → https://pub-893b4a6a607b4221a894bf861da7914e.r2.dev/1055124300408894.mp4
carried-forward  1749490736187637 c0  → https://pub-893b4a6a607b4221a894bf861da7914e.r2.dev/1749490736187637.mp4
carried-forward  27685049227770194 c0  → https://pub-893b4a6a607b4221a894bf861da7914e.r2.dev/27685049227770194.mp4
carried-forward  1032381292979378 c0  → https://pub-893b4a6a607b4221a894bf861da7914e.r2.dev/1032381292979378.mp4
carried-forward  1371333568214710 c0  → https://pub-893b4a6a607b4221a894bf861da7914e.r2.dev/1371333568214710.mp4
carried-forward  1021656443795154 c0  → https://pub-893b4a6a607b4221a894bf861da7914e.r2.dev/1021656443795154.mp4
carried-forward  802952912808823 c0  → https://pub-893b4a6a607b4221a894bf861da7914e.r2.dev/802952912808823.mp4
carried-forward  2077032929915956 c0  → https://pub-893b4a6a607b4221a894bf861da7914e.r2.dev/2077032929915956.mp4
uploaded         1424861716137931 c0  (video) ← 1424861716137931.mp4  → https://pub-893b4a6a607b4221a894bf861da7914e.r2.dev/1424861716137931.mp4
carried-forward  1872503484122617 c0  → https://pub-893b4a6a607b4221a894bf861da7914e.r2.dev/1872503484122617.mp4
carried-forward  1276334237721041 c0  → https://pub-893b4a6a607b4221a894bf861da7914e.r2.dev/1276334237721041.mp4
uploaded         2309647766239265 c0  (video) ← 2309647766239265.mp4  → https://pub-893b4a6a607b4221a894bf861da7914e.r2.dev/2309647766239265.mp4
carried-forward  2153258851904762 c0  → https://pub-893b4a6a607b4221a894bf861da7914e.r2.dev/2153258851904762.mp4
uploaded         1434125601810365 c0  (video) ← 1434125601810365.mp4  → https://pub-893b4a6a607b4221a894bf861da7914e.r2.dev/1434125601810365.mp4
uploaded         2105942826965402 c0  (video) ← 2105942826965402.mp4  → https://pub-893b4a6a607b4221a894bf861da7914e.r2.dev/2105942826965402.mp4
carried-forward  1264398075622368 c0  → https://pub-893b4a6a607b4221a894bf861da7914e.r2.dev/1264398075622368.mp4
carried-forward  1915386352474119 c0  → https://pub-893b4a6a607b4221a894bf861da7914e.r2.dev/1915386352474119.mp4
carried-forward  1060394719763345 c0  → https://pub-893b4a6a607b4221a894bf861da7914e.r2.dev/1060394719763345.mp4
carried-forward  1458441786041749 c0  → https://pub-893b4a6a607b4221a894bf861da7914e.r2.dev/1458441786041749.mp4
carried-forward  1576176400691896 c0  → https://pub-893b4a6a607b4221a894bf861da7914e.r2.dev/1576176400691896.mp4
carried-forward  4675112942774885 c0  → https://pub-893b4a6a607b4221a894bf861da7914e.r2.dev/4675112942774885.mp4
carried-forward  1532901558303092 c0  → https://pub-893b4a6a607b4221a894bf861da7914e.r2.dev/1532901558303092.mp4
carried-forward  2022419928481257 c0  → https://pub-893b4a6a607b4221a894bf861da7914e.r2.dev/2022419928481257.mp4
carried-forward  1715352939800344 c0  → https://pub-893b4a6a607b4221a894bf861da7914e.r2.dev/1715352939800344.mp4
uploaded         1761389718565309 c0  (video) ← 1761389718565309.mp4  → https://pub-893b4a6a607b4221a894bf861da7914e.r2.dev/1761389718565309.mp4
uploaded         5465946103629911 c0  (video) ← 5465946103629911.mp4  → https://pub-893b4a6a607b4221a894bf861da7914e.r2.dev/5465946103629911.mp4
carried-forward  1516135953622417 c0  → https://pub-893b4a6a607b4221a894bf861da7914e.r2.dev/1516135953622417.mp4
carried-forward  1100399292660108 c0  → https://pub-893b4a6a607b4221a894bf861da7914e.r2.dev/1100399292660108.mp4
uploaded         1736460254208280 c0  (video) ← 1736460254208280.mp4  → https://pub-893b4a6a607b4221a894bf861da7914e.r2.dev/1736460254208280.mp4
uploaded         1576058510848577 c0  (video) ← 1576058510848577.mp4  → https://pub-893b4a6a607b4221a894bf861da7914e.r2.dev/1576058510848577.mp4
carried-forward  1821063475538897 c0  → https://pub-893b4a6a607b4221a894bf861da7914e.r2.dev/1821063475538897.mp4
carried-forward  1295928072755687 c0  → https://pub-893b4a6a607b4221a894bf861da7914e.r2.dev/1295928072755687.mp4
carried-forward  1415999857029783 c0  → https://pub-893b4a6a607b4221a894bf861da7914e.r2.dev/1415999857029783.mp4
uploaded         1761857415250438 c0  (video) ← 1761857415250438.mp4  → https://pub-893b4a6a607b4221a894bf861da7914e.r2.dev/1761857415250438.mp4
uploaded         2057462775138211 c0  (video) ← 2057462775138211.mp4  → https://pub-893b4a6a607b4221a894bf861da7914e.r2.dev/2057462775138211.mp4
carried-forward  2401524953669213 c0  → https://pub-893b4a6a607b4221a894bf861da7914e.r2.dev/2401524953669213.mp4
uploaded         2322609815229382 c0  (video) ← 2322609815229382.mp4  → https://pub-893b4a6a607b4221a894bf861da7914e.r2.dev/2322609815229382.mp4
uploaded         2487011265151711 c0  (video) ← 2487011265151711.mp4  → https://pub-893b4a6a607b4221a894bf861da7914e.r2.dev/2487011265151711.mp4
carried-forward  1754835955688580 c0  → https://pub-893b4a6a607b4221a894bf861da7914e.r2.dev/1754835955688580.mp4
carried-forward  1069174625775853 c0  → https://pub-893b4a6a607b4221a894bf861da7914e.r2.dev/1069174625775853.mp4
uploaded         1018237731199989 c0  (video) ← 1018237731199989.mp4  → https://pub-893b4a6a607b4221a894bf861da7914e.r2.dev/1018237731199989.mp4
carried-forward  1618251693238135 c0  → https://pub-893b4a6a607b4221a894bf861da7914e.r2.dev/1618251693238135.mp4
uploaded         1780243016666087 c0  (video) ← 1780243016666087.mp4  → https://pub-893b4a6a607b4221a894bf861da7914e.r2.dev/1780243016666087.mp4
carried-forward  3641043652700023 c0  → https://pub-893b4a6a607b4221a894bf861da7914e.r2.dev/3641043652700023.mp4
carried-forward  826967597018641 c0  → https://pub-893b4a6a607b4221a894bf861da7914e.r2.dev/826967597018641.mp4
carried-forward  27350423597950324 c0  → https://pub-893b4a6a607b4221a894bf861da7914e.r2.dev/27350423597950324.mp4
uploaded         1047329497948356 c0  (video) ← 1047329497948356.mp4  → https://pub-893b4a6a607b4221a894bf861da7914e.r2.dev/1047329497948356.mp4
carried-forward  1403634755018898 c0  → https://pub-893b4a6a607b4221a894bf861da7914e.r2.dev/1403634755018898.mp4
carried-forward  1494049665813538 c0  → https://pub-893b4a6a607b4221a894bf861da7914e.r2.dev/1494049665813538.mp4
carried-forward  831151359935196 c0  → https://pub-893b4a6a607b4221a894bf861da7914e.r2.dev/831151359935196.mp4
uploaded         1384416853564281 c0  (video) ← 1384416853564281.mp4  → https://pub-893b4a6a607b4221a894bf861da7914e.r2.dev/1384416853564281.mp4
uploaded         1457414326410434 c0  (video) ← 1457414326410434.mp4  → https://pub-893b4a6a607b4221a894bf861da7914e.r2.dev/1457414326410434.mp4
carried-forward  1009670995287003 c0  → https://pub-893b4a6a607b4221a894bf861da7914e.r2.dev/1009670995287003.mp4
carried-forward  1343397883899179 c0  → https://pub-893b4a6a607b4221a894bf861da7914e.r2.dev/1343397883899179.mp4
carried-forward  27171113109254491 c0  → https://pub-893b4a6a607b4221a894bf861da7914e.r2.dev/27171113109254491.mp4
uploaded         2904759236544154 c0  (video) ← 2904759236544154.mp4  → https://pub-893b4a6a607b4221a894bf861da7914e.r2.dev/2904759236544154.mp4
uploaded         28020932207499908 c0  (video) ← 28020932207499908.mp4  → https://pub-893b4a6a607b4221a894bf861da7914e.r2.dev/28020932207499908.mp4
carried-forward  1689492209025217 c0  → https://pub-893b4a6a607b4221a894bf861da7914e.r2.dev/1689492209025217.mp4
carried-forward  1696283211577418 c0  → https://pub-893b4a6a607b4221a894bf861da7914e.r2.dev/1696283211577418.mp4
carried-forward  1337668218548557 c0  → https://pub-893b4a6a607b4221a894bf861da7914e.r2.dev/1337668218548557.mp4
carried-forward  1102346855789311 c0  → https://pub-893b4a6a607b4221a894bf861da7914e.r2.dev/1102346855789311.mp4
uploaded         1757635548586781 c0  (video) ← 1757635548586781.mp4  → https://pub-893b4a6a607b4221a894bf861da7914e.r2.dev/1757635548586781.mp4
uploaded         1590687939337278 c0  (video) ← 1590687939337278.mp4  → https://pub-893b4a6a607b4221a894bf861da7914e.r2.dev/1590687939337278.mp4
carried-forward  1330583959053128 c0  → https://pub-893b4a6a607b4221a894bf861da7914e.r2.dev/1330583959053128.mp4
carried-forward  1656177755464235 c0  → https://pub-893b4a6a607b4221a894bf861da7914e.r2.dev/1656177755464235.mp4
carried-forward  1346832780758975 c0  → https://pub-893b4a6a607b4221a894bf861da7914e.r2.dev/1346832780758975.mp4
carried-forward  1300113352290551 c0  → https://pub-893b4a6a607b4221a894bf861da7914e.r2.dev/1300113352290551.mp4
uploaded         1885319729112266 c0  (video) ← 1885319729112266.mp4  → https://pub-893b4a6a607b4221a894bf861da7914e.r2.dev/1885319729112266.mp4
uploaded         1059886347021733 c0  (video) ← 1059886347021733.mp4  → https://pub-893b4a6a607b4221a894bf861da7914e.r2.dev/1059886347021733.mp4
uploaded         1086302693957569 c0  (video) ← 1086302693957569.mp4  → https://pub-893b4a6a607b4221a894bf861da7914e.r2.dev/1086302693957569.mp4
carried-forward  2039412566650201 c0  → https://pub-893b4a6a607b4221a894bf861da7914e.r2.dev/2039412566650201.mp4
uploaded         1962914117746884 c0  (video) ← 1962914117746884.mp4  → https://pub-893b4a6a607b4221a894bf861da7914e.r2.dev/1962914117746884.mp4
uploaded         2161651501450829 c0  (video) ← 2161651501450829.mp4  → https://pub-893b4a6a607b4221a894bf861da7914e.r2.dev/2161651501450829.mp4
carried-forward  1264112379002091 c0  → https://pub-893b4a6a607b4221a894bf861da7914e.r2.dev/1264112379002091.mp4
carried-forward  789773407491375 c0  → https://pub-893b4a6a607b4221a894bf861da7914e.r2.dev/789773407491375.mp4
carried-forward  4425249484459391 c0  → https://pub-893b4a6a607b4221a894bf861da7914e.r2.dev/4425249484459391.mp4
carried-forward  1318468093605981 c0  → https://pub-893b4a6a607b4221a894bf861da7914e.r2.dev/1318468093605981.mp4
carried-forward  2269371720470752 c0  → https://pub-893b4a6a607b4221a894bf861da7914e.r2.dev/2269371720470752.mp4
carried-forward  1023667883631726 c0  → https://pub-893b4a6a607b4221a894bf861da7914e.r2.dev/1023667883631726.mp4
carried-forward  1704376667272632 c0  → https://pub-893b4a6a607b4221a894bf861da7914e.r2.dev/1704376667272632.mp4
uploaded         1047656974604414 c0  (video) ← 1047656974604414.mp4  → https://pub-893b4a6a607b4221a894bf861da7914e.r2.dev/1047656974604414.mp4
uploaded         2278125376375222 c0  (video) ← 2278125376375222.mp4  → https://pub-893b4a6a607b4221a894bf861da7914e.r2.dev/2278125376375222.mp4
carried-forward  888594700969411 c0  → https://pub-893b4a6a607b4221a894bf861da7914e.r2.dev/888594700969411.mp4
uploaded         1040579818456585 c0  (video) ← 1040579818456585.mp4  → https://pub-893b4a6a607b4221a894bf861da7914e.r2.dev/1040579818456585.mp4
carried-forward  27769826902701872 c0  → https://pub-893b4a6a607b4221a894bf861da7914e.r2.dev/27769826902701872.mp4
uploaded         1337263931343665 c0  (video) ← 1337263931343665.mp4  → https://pub-893b4a6a607b4221a894bf861da7914e.r2.dev/1337263931343665.mp4
uploaded         1729993598423514 c0  (video) ← 1729993598423514.mp4  → https://pub-893b4a6a607b4221a894bf861da7914e.r2.dev/1729993598423514.mp4
carried-forward  1662197908406292 c0  → https://pub-893b4a6a607b4221a894bf861da7914e.r2.dev/1662197908406292.mp4
carried-forward  1679975973286060 c0  → https://pub-893b4a6a607b4221a894bf861da7914e.r2.dev/1679975973286060.mp4
carried-forward  1700427231075832 c0  → https://pub-893b4a6a607b4221a894bf861da7914e.r2.dev/1700427231075832.mp4
uploaded         1051147667364208 c0  (video) ← 1051147667364208.mp4  → https://pub-893b4a6a607b4221a894bf861da7914e.r2.dev/1051147667364208.mp4
carried-forward  1646364236435916 c0  → https://pub-893b4a6a607b4221a894bf861da7914e.r2.dev/1646364236435916.mp4
carried-forward  1910069126651915 c0  → https://pub-893b4a6a607b4221a894bf861da7914e.r2.dev/1910069126651915.mp4
carried-forward  1016600137901431 c0  → https://pub-893b4a6a607b4221a894bf861da7914e.r2.dev/1016600137901431.mp4
carried-forward  1512107510084733 c0  → https://pub-893b4a6a607b4221a894bf861da7914e.r2.dev/1512107510084733.mp4
uploaded         2057719735117550 c0  (video) ← 2057719735117550.mp4  → https://pub-893b4a6a607b4221a894bf861da7914e.r2.dev/2057719735117550.mp4
uploaded         27909576705346809 c0  (video) ← 27909576705346809.mp4  → https://pub-893b4a6a607b4221a894bf861da7914e.r2.dev/27909576705346809.mp4
carried-forward  1511543203535885 c0  → https://pub-893b4a6a607b4221a894bf861da7914e.r2.dev/1511543203535885.mp4
carried-forward  1676195966972808 c0  → https://pub-893b4a6a607b4221a894bf861da7914e.r2.dev/1676195966972808.mp4
carried-forward  986024980878185 c0  → https://pub-893b4a6a607b4221a894bf861da7914e.r2.dev/986024980878185.mp4
carried-forward  1504606731349427 c0  → https://pub-893b4a6a607b4221a894bf861da7914e.r2.dev/1504606731349427.mp4
carried-forward  887926767107545 c0  → https://pub-893b4a6a607b4221a894bf861da7914e.r2.dev/887926767107545.mp4
uploaded         2245359769555092 c0  (video) ← 2245359769555092.mp4  → https://pub-893b4a6a607b4221a894bf861da7914e.r2.dev/2245359769555092.mp4
uploaded         1013336818209978 c0  (video) ← 1013336818209978.mp4  → https://pub-893b4a6a607b4221a894bf861da7914e.r2.dev/1013336818209978.mp4
carried-forward  1555764442572466 c0  → https://pub-893b4a6a607b4221a894bf861da7914e.r2.dev/1555764442572466.mp4
carried-forward  1337634014636988 c0  → https://pub-893b4a6a607b4221a894bf861da7914e.r2.dev/1337634014636988.mp4
carried-forward  1622620066541728 c0  → https://pub-893b4a6a607b4221a894bf861da7914e.r2.dev/1622620066541728.mp4
uploaded         928901593566819 c0  (video) ← 928901593566819.mp4  → https://pub-893b4a6a607b4221a894bf861da7914e.r2.dev/928901593566819.mp4
uploaded         1311211867435514 c0  (video) ← 1311211867435514.mp4  → https://pub-893b4a6a607b4221a894bf861da7914e.r2.dev/1311211867435514.mp4
carried-forward  26752228304451996 c0  → https://pub-893b4a6a607b4221a894bf861da7914e.r2.dev/26752228304451996.mp4
uploaded         1061803716382467 c0  (video) ← 1061803716382467.mp4  → https://pub-893b4a6a607b4221a894bf861da7914e.r2.dev/1061803716382467.mp4
carried-forward  1014666224660601 c0  → https://pub-893b4a6a607b4221a894bf861da7914e.r2.dev/1014666224660601.mp4
uploaded         1544298807195634 c0  (video) ← 1544298807195634.mp4  → https://pub-893b4a6a607b4221a894bf861da7914e.r2.dev/1544298807195634.mp4
carried-forward  2794731494219714 c0  → https://pub-893b4a6a607b4221a894bf861da7914e.r2.dev/2794731494219714.mp4
uploaded         1538248701342799 c0  (video) ← 1538248701342799.mp4  → https://pub-893b4a6a607b4221a894bf861da7914e.r2.dev/1538248701342799.mp4
carried-forward  1722970195676115 c0  → https://pub-893b4a6a607b4221a894bf861da7914e.r2.dev/1722970195676115.mp4
uploaded         3181631778705310 c0  (video) ← 3181631778705310.mp4  → https://pub-893b4a6a607b4221a894bf861da7914e.r2.dev/3181631778705310.mp4
uploaded         1037348265650657 c0  (video) ← 1037348265650657.mp4  → https://pub-893b4a6a607b4221a894bf861da7914e.r2.dev/1037348265650657.mp4
carried-forward  882444871117868 c0  → https://pub-893b4a6a607b4221a894bf861da7914e.r2.dev/882444871117868.mp4
uploaded         2283025218901164 c0  (video) ← 2283025218901164.mp4  → https://pub-893b4a6a607b4221a894bf861da7914e.r2.dev/2283025218901164.mp4
uploaded         1575785900574992 c0  (video) ← 1575785900574992.mp4  → https://pub-893b4a6a607b4221a894bf861da7914e.r2.dev/1575785900574992.mp4
uploaded         1600987698261969 c0  (video) ← 1600987698261969.mp4  → https://pub-893b4a6a607b4221a894bf861da7914e.r2.dev/1600987698261969.mp4
uploaded         1829744338433220 c0  (video) ← 1829744338433220.mp4  → https://pub-893b4a6a607b4221a894bf861da7914e.r2.dev/1829744338433220.mp4
carried-forward  28177094421896972 c0  → https://pub-893b4a6a607b4221a894bf861da7914e.r2.dev/28177094421896972.mp4
uploaded         2739556999777987 c0  (video) ← 2739556999777987.mp4  → https://pub-893b4a6a607b4221a894bf861da7914e.r2.dev/2739556999777987.mp4
carried-forward  27804244885931374 c0  → https://pub-893b4a6a607b4221a894bf861da7914e.r2.dev/27804244885931374.mp4
uploaded         1385449803433162 c0  (video) ← 1385449803433162.mp4  → https://pub-893b4a6a607b4221a894bf861da7914e.r2.dev/1385449803433162.mp4
carried-forward  1685950269157410 c0  → https://pub-893b4a6a607b4221a894bf861da7914e.r2.dev/1685950269157410.mp4
carried-forward  1572033057645862 c0  → https://pub-893b4a6a607b4221a894bf861da7914e.r2.dev/1572033057645862.mp4
uploaded         1241295458021975 c0  (video) ← 1241295458021975.mp4  → https://pub-893b4a6a607b4221a894bf861da7914e.r2.dev/1241295458021975.mp4
uploaded         27308545142179768 c0  (video) ← 27308545142179768.mp4  → https://pub-893b4a6a607b4221a894bf861da7914e.r2.dev/27308545142179768.mp4
uploaded         27557441770579469 c0  (video) ← 27557441770579469.mp4  → https://pub-893b4a6a607b4221a894bf861da7914e.r2.dev/27557441770579469.mp4
uploaded         1017263244436797 c0  (video) ← 1017263244436797.mp4  → https://pub-893b4a6a607b4221a894bf861da7914e.r2.dev/1017263244436797.mp4
uploaded         1047630524466442 c0  (video) ← 1047630524466442.mp4  → https://pub-893b4a6a607b4221a894bf861da7914e.r2.dev/1047630524466442.mp4
uploaded         1353143569507326 c0  (video) ← 1353143569507326.mp4  → https://pub-893b4a6a607b4221a894bf861da7914e.r2.dev/1353143569507326.mp4
uploaded         1368322611672051 c0  (video) ← 1368322611672051.mp4  → https://pub-893b4a6a607b4221a894bf861da7914e.r2.dev/1368322611672051.mp4
uploaded         2188800291674686 c0  (video) ← 2188800291674686.mp4  → https://pub-893b4a6a607b4221a894bf861da7914e.r2.dev/2188800291674686.mp4
