# Step 3 run log
# competitor : lingo-ai
# started_at : 2026-07-23T13:33:53
# input      : facebook/inputs/fb-ads-lingo-ai-2026-07-23-1331.csv
# videos     : facebook/videos/lingo-ai-2026-07-23
# master     : facebook/master/lingo-ai.csv  (updated)
# enriched   : facebook/inputs/fb-ads-lingo-ai-2026-07-23-1331_enriched.csv
# bucket     : video-ads
# public_base: https://pub-893b4a6a607b4221a894bf861da7914e.r2.dev
# dry_run    : False
#
# counts     : {'uploaded': 18, 'carried-forward': 133, 'image-pending': 0, 'video-missing': 4, 'no-creative': 0, 'error': 0}
#
carried-forward  1093823739826634 c0  → https://pub-893b4a6a607b4221a894bf861da7914e.r2.dev/1093823739826634.mp4
carried-forward  2817216648647618 c0  → https://pub-893b4a6a607b4221a894bf861da7914e.r2.dev/2817216648647618.mp4
carried-forward  861649606640914 c0  → https://pub-893b4a6a607b4221a894bf861da7914e.r2.dev/861649606640914.mp4
carried-forward  1683265226128164 c0  → https://pub-893b4a6a607b4221a894bf861da7914e.r2.dev/1683265226128164.mp4
carried-forward  1387668796571355 c0  → https://pub-893b4a6a607b4221a894bf861da7914e.r2.dev/1387668796571355.mp4
video-missing    1387668796571355 c0  (expected file not found in facebook/videos/lingo-ai-2026-07-23)
carried-forward  1734003744580617 c0  → https://pub-893b4a6a607b4221a894bf861da7914e.r2.dev/1734003744580617.mp4
carried-forward  2164854557777767 c0  → https://pub-893b4a6a607b4221a894bf861da7914e.r2.dev/2164854557777767.mp4
carried-forward  1972127246813621 c0  → https://pub-893b4a6a607b4221a894bf861da7914e.r2.dev/1972127246813621.mp4
carried-forward  1721159278776726 c0  → https://pub-893b4a6a607b4221a894bf861da7914e.r2.dev/1721159278776726.mp4
carried-forward  1502905814452626 c0  → https://pub-893b4a6a607b4221a894bf861da7914e.r2.dev/1502905814452626.mp4
carried-forward  2074376606622636 c0  → https://pub-893b4a6a607b4221a894bf861da7914e.r2.dev/2074376606622636.mp4
carried-forward  2600560010378856 c0  → https://pub-893b4a6a607b4221a894bf861da7914e.r2.dev/2600560010378856.mp4
carried-forward  2019382318667999 c0  → https://pub-893b4a6a607b4221a894bf861da7914e.r2.dev/2019382318667999.mp4
carried-forward  1806166717021524 c0  → https://pub-893b4a6a607b4221a894bf861da7914e.r2.dev/1806166717021524.mp4
video-missing    1806166717021524 c0  (expected file not found in facebook/videos/lingo-ai-2026-07-23)
carried-forward  1368322611672051 c0  → https://pub-893b4a6a607b4221a894bf861da7914e.r2.dev/1368322611672051.mp4
carried-forward  2079659836277553 c0  → https://pub-893b4a6a607b4221a894bf861da7914e.r2.dev/2079659836277553.mp4
carried-forward  4500326250214671 c0  → https://pub-893b4a6a607b4221a894bf861da7914e.r2.dev/4500326250214671.mp4
carried-forward  2536056390190075 c0  → https://pub-893b4a6a607b4221a894bf861da7914e.r2.dev/2536056390190075.mp4
carried-forward  2050192829225897 c0  → https://pub-893b4a6a607b4221a894bf861da7914e.r2.dev/2050192829225897.mp4
carried-forward  1402910178342547 c0  → https://pub-893b4a6a607b4221a894bf861da7914e.r2.dev/1402910178342547.mp4
carried-forward  2223760955053163 c0  → https://pub-893b4a6a607b4221a894bf861da7914e.r2.dev/2223760955053163.mp4
carried-forward  2221848241692614 c0  → https://pub-893b4a6a607b4221a894bf861da7914e.r2.dev/2221848241692614.mp4
video-missing    2221848241692614 c0  (expected file not found in facebook/videos/lingo-ai-2026-07-23)
carried-forward  1049522830756864 c0  → https://pub-893b4a6a607b4221a894bf861da7914e.r2.dev/1049522830756864.mp4
carried-forward  1539898520838626 c0  → https://pub-893b4a6a607b4221a894bf861da7914e.r2.dev/1539898520838626.mp4
carried-forward  1351104653163972 c0  → https://pub-893b4a6a607b4221a894bf861da7914e.r2.dev/1351104653163972.mp4
carried-forward  1022055827387997 c0  → https://pub-893b4a6a607b4221a894bf861da7914e.r2.dev/1022055827387997.mp4
carried-forward  1543107963869133 c0  → https://pub-893b4a6a607b4221a894bf861da7914e.r2.dev/1543107963869133.mp4
carried-forward  3756433574499373 c0  → https://pub-893b4a6a607b4221a894bf861da7914e.r2.dev/3756433574499373.mp4
carried-forward  28185666544351029 c0  → https://pub-893b4a6a607b4221a894bf861da7914e.r2.dev/28185666544351029.mp4
carried-forward  1644972694300693 c0  → https://pub-893b4a6a607b4221a894bf861da7914e.r2.dev/1644972694300693.mp4
carried-forward  2094285581298721 c0  → https://pub-893b4a6a607b4221a894bf861da7914e.r2.dev/2094285581298721.mp4
carried-forward  985383254463135 c0  → https://pub-893b4a6a607b4221a894bf861da7914e.r2.dev/985383254463135.mp4
carried-forward  27558293853823452 c0  → https://pub-893b4a6a607b4221a894bf861da7914e.r2.dev/27558293853823452.mp4
carried-forward  916224887426273 c0  → https://pub-893b4a6a607b4221a894bf861da7914e.r2.dev/916224887426273.mp4
carried-forward  1707361663638583 c0  → https://pub-893b4a6a607b4221a894bf861da7914e.r2.dev/1707361663638583.mp4
carried-forward  1705366507331909 c0  → https://pub-893b4a6a607b4221a894bf861da7914e.r2.dev/1705366507331909.mp4
carried-forward  2119651915431693 c0  → https://pub-893b4a6a607b4221a894bf861da7914e.r2.dev/2119651915431693.mp4
carried-forward  1466504155245534 c0  → https://pub-893b4a6a607b4221a894bf861da7914e.r2.dev/1466504155245534.mp4
carried-forward  1506922147561152 c0  → https://pub-893b4a6a607b4221a894bf861da7914e.r2.dev/1506922147561152.mp4
carried-forward  1241295458021975 c0  → https://pub-893b4a6a607b4221a894bf861da7914e.r2.dev/1241295458021975.mp4
carried-forward  1593506989055593 c0  → https://pub-893b4a6a607b4221a894bf861da7914e.r2.dev/1593506989055593.mp4
carried-forward  2038127397095989 c0  → https://pub-893b4a6a607b4221a894bf861da7914e.r2.dev/2038127397095989.mp4
carried-forward  26787357374277010 c0  → https://pub-893b4a6a607b4221a894bf861da7914e.r2.dev/26787357374277010.mp4
video-missing    26787357374277010 c0  (expected file not found in facebook/videos/lingo-ai-2026-07-23)
carried-forward  1633628567704710 c0  → https://pub-893b4a6a607b4221a894bf861da7914e.r2.dev/1633628567704710.mp4
carried-forward  1772435467121636 c0  → https://pub-893b4a6a607b4221a894bf861da7914e.r2.dev/1772435467121636.mp4
carried-forward  1035971962252837 c0  → https://pub-893b4a6a607b4221a894bf861da7914e.r2.dev/1035971962252837.mp4
carried-forward  1678379283453451 c0  → https://pub-893b4a6a607b4221a894bf861da7914e.r2.dev/1678379283453451.mp4
carried-forward  2654198474977868 c0  → https://pub-893b4a6a607b4221a894bf861da7914e.r2.dev/2654198474977868.mp4
carried-forward  995623713290389 c0  → https://pub-893b4a6a607b4221a894bf861da7914e.r2.dev/995623713290389.mp4
carried-forward  878207795333026 c0  → https://pub-893b4a6a607b4221a894bf861da7914e.r2.dev/878207795333026.mp4
carried-forward  1546602566939881 c0  → https://pub-893b4a6a607b4221a894bf861da7914e.r2.dev/1546602566939881.mp4
carried-forward  1404375011749888 c0  → https://pub-893b4a6a607b4221a894bf861da7914e.r2.dev/1404375011749888.mp4
carried-forward  1613462890203029 c0  → https://pub-893b4a6a607b4221a894bf861da7914e.r2.dev/1613462890203029.mp4
carried-forward  1082008637823130 c0  → https://pub-893b4a6a607b4221a894bf861da7914e.r2.dev/1082008637823130.mp4
carried-forward  877077458384696 c0  → https://pub-893b4a6a607b4221a894bf861da7914e.r2.dev/877077458384696.mp4
carried-forward  2153258851904762 c0  → https://pub-893b4a6a607b4221a894bf861da7914e.r2.dev/2153258851904762.mp4
carried-forward  1915386352474119 c0  → https://pub-893b4a6a607b4221a894bf861da7914e.r2.dev/1915386352474119.mp4
carried-forward  1360155599371318 c0  → https://pub-893b4a6a607b4221a894bf861da7914e.r2.dev/1360155599371318.mp4
carried-forward  1532901558303092 c0  → https://pub-893b4a6a607b4221a894bf861da7914e.r2.dev/1532901558303092.mp4
carried-forward  4675112942774885 c0  → https://pub-893b4a6a607b4221a894bf861da7914e.r2.dev/4675112942774885.mp4
carried-forward  1579443816948070 c0  → https://pub-893b4a6a607b4221a894bf861da7914e.r2.dev/1579443816948070.mp4
uploaded         2252109255523137 c0  (video) ← 2252109255523137.mp4  → https://pub-893b4a6a607b4221a894bf861da7914e.r2.dev/2252109255523137.mp4
carried-forward  28309152782004073 c0  → https://pub-893b4a6a607b4221a894bf861da7914e.r2.dev/28309152782004073.mp4
carried-forward  28597716999829439 c0  → https://pub-893b4a6a607b4221a894bf861da7914e.r2.dev/28597716999829439.mp4
carried-forward  4370657373201809 c0  → https://pub-893b4a6a607b4221a894bf861da7914e.r2.dev/4370657373201809.mp4
carried-forward  1415999857029783 c0  → https://pub-893b4a6a607b4221a894bf861da7914e.r2.dev/1415999857029783.mp4
carried-forward  1757554012084795 c0  → https://pub-893b4a6a607b4221a894bf861da7914e.r2.dev/1757554012084795.mp4
carried-forward  1754835955688580 c0  → https://pub-893b4a6a607b4221a894bf861da7914e.r2.dev/1754835955688580.mp4
carried-forward  1708007630488676 c0  → https://pub-893b4a6a607b4221a894bf861da7914e.r2.dev/1708007630488676.mp4
carried-forward  1069174625775853 c0  → https://pub-893b4a6a607b4221a894bf861da7914e.r2.dev/1069174625775853.mp4
carried-forward  1476996661108631 c0  → https://pub-893b4a6a607b4221a894bf861da7914e.r2.dev/1476996661108631.mp4
carried-forward  1550037346903114 c0  → https://pub-893b4a6a607b4221a894bf861da7914e.r2.dev/1550037346903114.mp4
carried-forward  1503247244424866 c0  → https://pub-893b4a6a607b4221a894bf861da7914e.r2.dev/1503247244424866.mp4
carried-forward  1582003546629999 c0  → https://pub-893b4a6a607b4221a894bf861da7914e.r2.dev/1582003546629999.mp4
carried-forward  27350423597950324 c0  → https://pub-893b4a6a607b4221a894bf861da7914e.r2.dev/27350423597950324.mp4
carried-forward  826967597018641 c0  → https://pub-893b4a6a607b4221a894bf861da7914e.r2.dev/826967597018641.mp4
carried-forward  1031965902557804 c0  → https://pub-893b4a6a607b4221a894bf861da7914e.r2.dev/1031965902557804.mp4
carried-forward  1542105073935104 c0  → https://pub-893b4a6a607b4221a894bf861da7914e.r2.dev/1542105073935104.mp4
carried-forward  1976175673785603 c0  → https://pub-893b4a6a607b4221a894bf861da7914e.r2.dev/1976175673785603.mp4
carried-forward  923667397433648 c0  → https://pub-893b4a6a607b4221a894bf861da7914e.r2.dev/923667397433648.mp4
carried-forward  1028449009853941 c0  → https://pub-893b4a6a607b4221a894bf861da7914e.r2.dev/1028449009853941.mp4
carried-forward  1351853273037524 c0  → https://pub-893b4a6a607b4221a894bf861da7914e.r2.dev/1351853273037524.mp4
uploaded         945894515179068 c0  (video) ← 945894515179068.mp4  → https://pub-893b4a6a607b4221a894bf861da7914e.r2.dev/945894515179068.mp4
carried-forward  27171113109254491 c0  → https://pub-893b4a6a607b4221a894bf861da7914e.r2.dev/27171113109254491.mp4
carried-forward  3155628847962719 c0  → https://pub-893b4a6a607b4221a894bf861da7914e.r2.dev/3155628847962719.mp4
carried-forward  1380651957275499 c0  → https://pub-893b4a6a607b4221a894bf861da7914e.r2.dev/1380651957275499.mp4
carried-forward  2069856527074376 c0  → https://pub-893b4a6a607b4221a894bf861da7914e.r2.dev/2069856527074376.mp4
carried-forward  1102346855789311 c0  → https://pub-893b4a6a607b4221a894bf861da7914e.r2.dev/1102346855789311.mp4
carried-forward  1553673186453453 c0  → https://pub-893b4a6a607b4221a894bf861da7914e.r2.dev/1553673186453453.mp4
carried-forward  1690329032226269 c0  → https://pub-893b4a6a607b4221a894bf861da7914e.r2.dev/1690329032226269.mp4
carried-forward  1727809058542919 c0  → https://pub-893b4a6a607b4221a894bf861da7914e.r2.dev/1727809058542919.mp4
carried-forward  4357881904424476 c0  → https://pub-893b4a6a607b4221a894bf861da7914e.r2.dev/4357881904424476.mp4
carried-forward  1346832780758975 c0  → https://pub-893b4a6a607b4221a894bf861da7914e.r2.dev/1346832780758975.mp4
uploaded         1974114539932554 c0  (video) ← 1974114539932554.mp4  → https://pub-893b4a6a607b4221a894bf861da7914e.r2.dev/1974114539932554.mp4
carried-forward  1572318447882083 c0  → https://pub-893b4a6a607b4221a894bf861da7914e.r2.dev/1572318447882083.mp4
carried-forward  1357195453056140 c0  → https://pub-893b4a6a607b4221a894bf861da7914e.r2.dev/1357195453056140.mp4
uploaded         1404658948170811 c0  (video) ← 1404658948170811.mp4  → https://pub-893b4a6a607b4221a894bf861da7914e.r2.dev/1404658948170811.mp4
carried-forward  1774241500587954 c0  → https://pub-893b4a6a607b4221a894bf861da7914e.r2.dev/1774241500587954.mp4
carried-forward  1264112379002091 c0  → https://pub-893b4a6a607b4221a894bf861da7914e.r2.dev/1264112379002091.mp4
carried-forward  1371003638307654 c0  → https://pub-893b4a6a607b4221a894bf861da7914e.r2.dev/1371003638307654.mp4
carried-forward  1429359822416826 c0  → https://pub-893b4a6a607b4221a894bf861da7914e.r2.dev/1429359822416826.mp4
carried-forward  1550825906643768 c0  → https://pub-893b4a6a607b4221a894bf861da7914e.r2.dev/1550825906643768.mp4
carried-forward  2278125376375222 c0  → https://pub-893b4a6a607b4221a894bf861da7914e.r2.dev/2278125376375222.mp4
uploaded         4400312390286130 c0  (video) ← 4400312390286130.mp4  → https://pub-893b4a6a607b4221a894bf861da7914e.r2.dev/4400312390286130.mp4
uploaded         1384493026901463 c0  (video) ← 1384493026901463.mp4  → https://pub-893b4a6a607b4221a894bf861da7914e.r2.dev/1384493026901463.mp4
carried-forward  1700427231075832 c0  → https://pub-893b4a6a607b4221a894bf861da7914e.r2.dev/1700427231075832.mp4
carried-forward  2582755122144483 c0  → https://pub-893b4a6a607b4221a894bf861da7914e.r2.dev/2582755122144483.mp4
carried-forward  1635215360918989 c0  → https://pub-893b4a6a607b4221a894bf861da7914e.r2.dev/1635215360918989.mp4
carried-forward  1360591792698190 c0  → https://pub-893b4a6a607b4221a894bf861da7914e.r2.dev/1360591792698190.mp4
carried-forward  979926591690487 c0  → https://pub-893b4a6a607b4221a894bf861da7914e.r2.dev/979926591690487.mp4
carried-forward  1679975973286060 c0  → https://pub-893b4a6a607b4221a894bf861da7914e.r2.dev/1679975973286060.mp4
carried-forward  1016600137901431 c0  → https://pub-893b4a6a607b4221a894bf861da7914e.r2.dev/1016600137901431.mp4
carried-forward  1355464143431391 c0  → https://pub-893b4a6a607b4221a894bf861da7914e.r2.dev/1355464143431391.mp4
carried-forward  986024980878185 c0  → https://pub-893b4a6a607b4221a894bf861da7914e.r2.dev/986024980878185.mp4
carried-forward  1036384958750209 c0  → https://pub-893b4a6a607b4221a894bf861da7914e.r2.dev/1036384958750209.mp4
carried-forward  1071923635179040 c0  → https://pub-893b4a6a607b4221a894bf861da7914e.r2.dev/1071923635179040.mp4
carried-forward  1549247150203977 c0  → https://pub-893b4a6a607b4221a894bf861da7914e.r2.dev/1549247150203977.mp4
carried-forward  1336796828521409 c0  → https://pub-893b4a6a607b4221a894bf861da7914e.r2.dev/1336796828521409.mp4
carried-forward  1504896430940320 c0  → https://pub-893b4a6a607b4221a894bf861da7914e.r2.dev/1504896430940320.mp4
carried-forward  1518916412488930 c0  → https://pub-893b4a6a607b4221a894bf861da7914e.r2.dev/1518916412488930.mp4
carried-forward  2245359769555092 c0  → https://pub-893b4a6a607b4221a894bf861da7914e.r2.dev/2245359769555092.mp4
uploaded         1510880926903331 c0  (video) ← 1510880926903331.mp4  → https://pub-893b4a6a607b4221a894bf861da7914e.r2.dev/1510880926903331.mp4
carried-forward  1784182009251586 c0  → https://pub-893b4a6a607b4221a894bf861da7914e.r2.dev/1784182009251586.mp4
carried-forward  1555764442572466 c0  → https://pub-893b4a6a607b4221a894bf861da7914e.r2.dev/1555764442572466.mp4
carried-forward  1061803716382467 c0  → https://pub-893b4a6a607b4221a894bf861da7914e.r2.dev/1061803716382467.mp4
carried-forward  1484816956733142 c0  → https://pub-893b4a6a607b4221a894bf861da7914e.r2.dev/1484816956733142.mp4
uploaded         1359528632908101 c0  (video) ← 1359528632908101.mp4  → https://pub-893b4a6a607b4221a894bf861da7914e.r2.dev/1359528632908101.mp4
carried-forward  1774312530392982 c0  → https://pub-893b4a6a607b4221a894bf861da7914e.r2.dev/1774312530392982.mp4
carried-forward  1089637253920954 c0  → https://pub-893b4a6a607b4221a894bf861da7914e.r2.dev/1089637253920954.mp4
carried-forward  2794731494219714 c0  → https://pub-893b4a6a607b4221a894bf861da7914e.r2.dev/2794731494219714.mp4
carried-forward  1044351131851612 c0  → https://pub-893b4a6a607b4221a894bf861da7914e.r2.dev/1044351131851612.mp4
carried-forward  2107736823454915 c0  → https://pub-893b4a6a607b4221a894bf861da7914e.r2.dev/2107736823454915.mp4
carried-forward  2283025218901164 c0  → https://pub-893b4a6a607b4221a894bf861da7914e.r2.dev/2283025218901164.mp4
carried-forward  2132321557314832 c0  → https://pub-893b4a6a607b4221a894bf861da7914e.r2.dev/2132321557314832.mp4
carried-forward  1389230619753354 c0  → https://pub-893b4a6a607b4221a894bf861da7914e.r2.dev/1389230619753354.mp4
carried-forward  1051957707214988 c0  → https://pub-893b4a6a607b4221a894bf861da7914e.r2.dev/1051957707214988.mp4
uploaded         2015286232461611 c0  (video) ← 2015286232461611.mp4  → https://pub-893b4a6a607b4221a894bf861da7914e.r2.dev/2015286232461611.mp4
carried-forward  1033654242735744 c0  → https://pub-893b4a6a607b4221a894bf861da7914e.r2.dev/1033654242735744.mp4
uploaded         1358230105751371 c0  (video) ← 1358230105751371.mp4  → https://pub-893b4a6a607b4221a894bf861da7914e.r2.dev/1358230105751371.mp4
uploaded         910845854720940 c0  (video) ← 910845854720940.mp4  → https://pub-893b4a6a607b4221a894bf861da7914e.r2.dev/910845854720940.mp4
carried-forward  1034889322363972 c0  → https://pub-893b4a6a607b4221a894bf861da7914e.r2.dev/1034889322363972.mp4
uploaded         1047125154493094 c0  (video) ← 1047125154493094.mp4  → https://pub-893b4a6a607b4221a894bf861da7914e.r2.dev/1047125154493094.mp4
uploaded         1560456102135747 c0  (video) ← 1560456102135747.mp4  → https://pub-893b4a6a607b4221a894bf861da7914e.r2.dev/1560456102135747.mp4
uploaded         1574540787545591 c0  (video) ← 1574540787545591.mp4  → https://pub-893b4a6a607b4221a894bf861da7914e.r2.dev/1574540787545591.mp4
uploaded         1636240124593179 c0  (video) ← 1636240124593179.mp4  → https://pub-893b4a6a607b4221a894bf861da7914e.r2.dev/1636240124593179.mp4
carried-forward  1716151816192588 c0  → https://pub-893b4a6a607b4221a894bf861da7914e.r2.dev/1716151816192588.mp4
carried-forward  1958955301431271 c0  → https://pub-893b4a6a607b4221a894bf861da7914e.r2.dev/1958955301431271.mp4
uploaded         2137375530510697 c0  (video) ← 2137375530510697.mp4  → https://pub-893b4a6a607b4221a894bf861da7914e.r2.dev/2137375530510697.mp4
uploaded         2175831693315827 c0  (video) ← 2175831693315827.mp4  → https://pub-893b4a6a607b4221a894bf861da7914e.r2.dev/2175831693315827.mp4
carried-forward  4560839200816222 c0  → https://pub-893b4a6a607b4221a894bf861da7914e.r2.dev/4560839200816222.mp4
uploaded         27241709198841863 c0  (video) ← 27241709198841863.mp4  → https://pub-893b4a6a607b4221a894bf861da7914e.r2.dev/27241709198841863.mp4
