# Step 3 run log
# competitor : lingo-ai
# started_at : 2026-07-09T13:47:22
# input      : facebook/inputs/fb-ads-lingo-ai-2026-07-09-1339.csv
# videos     : facebook/videos/lingo-ai-2026-07-09
# master     : facebook/master/lingo-ai.csv  (updated)
# enriched   : facebook/inputs/fb-ads-lingo-ai-2026-07-09-1339_enriched.csv
# bucket     : video-ads
# public_base: https://pub-893b4a6a607b4221a894bf861da7914e.r2.dev
# dry_run    : False
#
# counts     : {'uploaded': 83, 'carried-forward': 149, 'image-pending': 0, 'video-missing': 2, 'no-creative': 0, 'error': 0}
#
carried-forward  1038854211901779 c0  → https://pub-893b4a6a607b4221a894bf861da7914e.r2.dev/1038854211901779.mp4
video-missing    1038854211901779 c0  (expected file not found in facebook/videos/lingo-ai-2026-07-09)
carried-forward  1093823739826634 c0  → https://pub-893b4a6a607b4221a894bf861da7914e.r2.dev/1093823739826634.mp4
carried-forward  1586245716244003 c0  → https://pub-893b4a6a607b4221a894bf861da7914e.r2.dev/1586245716244003.mp4
carried-forward  1007110078391526 c0  → https://pub-893b4a6a607b4221a894bf861da7914e.r2.dev/1007110078391526.mp4
carried-forward  1962277031827815 c0  → https://pub-893b4a6a607b4221a894bf861da7914e.r2.dev/1962277031827815.mp4
carried-forward  1003526658752736 c0  → https://pub-893b4a6a607b4221a894bf861da7914e.r2.dev/1003526658752736.mp4
carried-forward  965025483256898 c0  → https://pub-893b4a6a607b4221a894bf861da7914e.r2.dev/965025483256898.mp4
carried-forward  1651336692836508 c0  → https://pub-893b4a6a607b4221a894bf861da7914e.r2.dev/1651336692836508.mp4
carried-forward  2817216648647618 c0  → https://pub-893b4a6a607b4221a894bf861da7914e.r2.dev/2817216648647618.mp4
carried-forward  1312402474407625 c0  → https://pub-893b4a6a607b4221a894bf861da7914e.r2.dev/1312402474407625.mp4
carried-forward  1683265226128164 c0  → https://pub-893b4a6a607b4221a894bf861da7914e.r2.dev/1683265226128164.mp4
carried-forward  980809158288503 c0  → https://pub-893b4a6a607b4221a894bf861da7914e.r2.dev/980809158288503.mp4
carried-forward  993382163488187 c0  → https://pub-893b4a6a607b4221a894bf861da7914e.r2.dev/993382163488187.mp4
carried-forward  27223086024028518 c0  → https://pub-893b4a6a607b4221a894bf861da7914e.r2.dev/27223086024028518.mp4
carried-forward  1006880602208933 c0  → https://pub-893b4a6a607b4221a894bf861da7914e.r2.dev/1006880602208933.mp4
carried-forward  2391010851423275 c0  → https://pub-893b4a6a607b4221a894bf861da7914e.r2.dev/2391010851423275.mp4
carried-forward  1402910178342547 c0  → https://pub-893b4a6a607b4221a894bf861da7914e.r2.dev/1402910178342547.mp4
carried-forward  2223760955053163 c0  → https://pub-893b4a6a607b4221a894bf861da7914e.r2.dev/2223760955053163.mp4
carried-forward  2196725327849145 c0  → https://pub-893b4a6a607b4221a894bf861da7914e.r2.dev/2196725327849145.mp4
carried-forward  4494315040857752 c0  → https://pub-893b4a6a607b4221a894bf861da7914e.r2.dev/4494315040857752.mp4
carried-forward  1334703498047853 c0  → https://pub-893b4a6a607b4221a894bf861da7914e.r2.dev/1334703498047853.mp4
carried-forward  1588906916155093 c0  → https://pub-893b4a6a607b4221a894bf861da7914e.r2.dev/1588906916155093.mp4
carried-forward  1037404378858206 c0  → https://pub-893b4a6a607b4221a894bf861da7914e.r2.dev/1037404378858206.mp4
carried-forward  2019382318667999 c0  → https://pub-893b4a6a607b4221a894bf861da7914e.r2.dev/2019382318667999.mp4
carried-forward  1606914717526779 c0  → https://pub-893b4a6a607b4221a894bf861da7914e.r2.dev/1606914717526779.mp4
carried-forward  4042081032594895 c0  → https://pub-893b4a6a607b4221a894bf861da7914e.r2.dev/4042081032594895.mp4
carried-forward  2253769662106911 c0  → https://pub-893b4a6a607b4221a894bf861da7914e.r2.dev/2253769662106911.mp4
carried-forward  1005118642480638 c0  → https://pub-893b4a6a607b4221a894bf861da7914e.r2.dev/1005118642480638.mp4
carried-forward  4659521547702423 c0  → https://pub-893b4a6a607b4221a894bf861da7914e.r2.dev/4659521547702423.mp4
carried-forward  1372410518082661 c0  → https://pub-893b4a6a607b4221a894bf861da7914e.r2.dev/1372410518082661.mp4
carried-forward  1543107963869133 c0  → https://pub-893b4a6a607b4221a894bf861da7914e.r2.dev/1543107963869133.mp4
carried-forward  1320259926955388 c0  → https://pub-893b4a6a607b4221a894bf861da7914e.r2.dev/1320259926955388.mp4
carried-forward  1511685754318859 c0  → https://pub-893b4a6a607b4221a894bf861da7914e.r2.dev/1511685754318859.mp4
uploaded         1015373884534744 c0  (video) ← 1015373884534744.mp4  → https://pub-893b4a6a607b4221a894bf861da7914e.r2.dev/1015373884534744.mp4
uploaded         2270791839993784 c0  (video) ← 2270791839993784.mp4  → https://pub-893b4a6a607b4221a894bf861da7914e.r2.dev/2270791839993784.mp4
carried-forward  1039417635182725 c0  → https://pub-893b4a6a607b4221a894bf861da7914e.r2.dev/1039417635182725.mp4
carried-forward  1705366507331909 c0  → https://pub-893b4a6a607b4221a894bf861da7914e.r2.dev/1705366507331909.mp4
carried-forward  1506922147561152 c0  → https://pub-893b4a6a607b4221a894bf861da7914e.r2.dev/1506922147561152.mp4
uploaded         3504755886343451 c0  (video) ← 3504755886343451.mp4  → https://pub-893b4a6a607b4221a894bf861da7914e.r2.dev/3504755886343451.mp4
carried-forward  992641953651273 c0  → https://pub-893b4a6a607b4221a894bf861da7914e.r2.dev/992641953651273.mp4
carried-forward  1351196300320047 c0  → https://pub-893b4a6a607b4221a894bf861da7914e.r2.dev/1351196300320047.mp4
carried-forward  2088572631696533 c0  → https://pub-893b4a6a607b4221a894bf861da7914e.r2.dev/2088572631696533.mp4
uploaded         1270550088309623 c0  (video) ← 1270550088309623.mp4  → https://pub-893b4a6a607b4221a894bf861da7914e.r2.dev/1270550088309623.mp4
carried-forward  844826715136633 c0  → https://pub-893b4a6a607b4221a894bf861da7914e.r2.dev/844826715136633.mp4
carried-forward  1554222239574629 c0  → https://pub-893b4a6a607b4221a894bf861da7914e.r2.dev/1554222239574629.mp4
carried-forward  898871176564000 c0  → https://pub-893b4a6a607b4221a894bf861da7914e.r2.dev/898871176564000.mp4
carried-forward  1382542137258042 c0  → https://pub-893b4a6a607b4221a894bf861da7914e.r2.dev/1382542137258042.mp4
carried-forward  1633628567704710 c0  → https://pub-893b4a6a607b4221a894bf861da7914e.r2.dev/1633628567704710.mp4
carried-forward  2392982457860413 c0  → https://pub-893b4a6a607b4221a894bf861da7914e.r2.dev/2392982457860413.mp4
carried-forward  1691784178829769 c0  → https://pub-893b4a6a607b4221a894bf861da7914e.r2.dev/1691784178829769.mp4
carried-forward  2076022413797975 c0  → https://pub-893b4a6a607b4221a894bf861da7914e.r2.dev/2076022413797975.mp4
uploaded         1550615179788469 c0  (video) ← 1550615179788469.mp4  → https://pub-893b4a6a607b4221a894bf861da7914e.r2.dev/1550615179788469.mp4
carried-forward  965908666484307 c0  → https://pub-893b4a6a607b4221a894bf861da7914e.r2.dev/965908666484307.mp4
carried-forward  2565741070509053 c0  → https://pub-893b4a6a607b4221a894bf861da7914e.r2.dev/2565741070509053.mp4
uploaded         1315584217229561 c0  (video) ← 1315584217229561.mp4  → https://pub-893b4a6a607b4221a894bf861da7914e.r2.dev/1315584217229561.mp4
carried-forward  878207795333026 c0  → https://pub-893b4a6a607b4221a894bf861da7914e.r2.dev/878207795333026.mp4
carried-forward  1537599074703930 c0  → https://pub-893b4a6a607b4221a894bf861da7914e.r2.dev/1537599074703930.mp4
carried-forward  1546008070409394 c0  → https://pub-893b4a6a607b4221a894bf861da7914e.r2.dev/1546008070409394.mp4
uploaded         1710683036820361 c0  (video) ← 1710683036820361.mp4  → https://pub-893b4a6a607b4221a894bf861da7914e.r2.dev/1710683036820361.mp4
carried-forward  1573962174127005 c0  → https://pub-893b4a6a607b4221a894bf861da7914e.r2.dev/1573962174127005.mp4
carried-forward  1542817130531524 c0  → https://pub-893b4a6a607b4221a894bf861da7914e.r2.dev/1542817130531524.mp4
carried-forward  900011839294388 c0  → https://pub-893b4a6a607b4221a894bf861da7914e.r2.dev/900011839294388.mp4
carried-forward  1686999999239669 c0  → https://pub-893b4a6a607b4221a894bf861da7914e.r2.dev/1686999999239669.mp4
carried-forward  3403536496487480 c0  → https://pub-893b4a6a607b4221a894bf861da7914e.r2.dev/3403536496487480.mp4
carried-forward  1376125071000503 c0  → https://pub-893b4a6a607b4221a894bf861da7914e.r2.dev/1376125071000503.mp4
carried-forward  4252978928346557 c0  → https://pub-893b4a6a607b4221a894bf861da7914e.r2.dev/4252978928346557.mp4
carried-forward  1038515512158001 c0  → https://pub-893b4a6a607b4221a894bf861da7914e.r2.dev/1038515512158001.mp4
carried-forward  1332107031680751 c0  → https://pub-893b4a6a607b4221a894bf861da7914e.r2.dev/1332107031680751.mp4
carried-forward  2153258851904762 c0  → https://pub-893b4a6a607b4221a894bf861da7914e.r2.dev/2153258851904762.mp4
carried-forward  1737720157248252 c0  → https://pub-893b4a6a607b4221a894bf861da7914e.r2.dev/1737720157248252.mp4
carried-forward  1929767137611529 c0  → https://pub-893b4a6a607b4221a894bf861da7914e.r2.dev/1929767137611529.mp4
uploaded         887411437264964 c0  (video) ← 887411437264964.mp4  → https://pub-893b4a6a607b4221a894bf861da7914e.r2.dev/887411437264964.mp4
carried-forward  1492092175305768 c0  → https://pub-893b4a6a607b4221a894bf861da7914e.r2.dev/1492092175305768.mp4
carried-forward  1031747116205172 c0  → https://pub-893b4a6a607b4221a894bf861da7914e.r2.dev/1031747116205172.mp4
carried-forward  1220089980142236 c0  → https://pub-893b4a6a607b4221a894bf861da7914e.r2.dev/1220089980142236.mp4
carried-forward  3340516169466059 c0  → https://pub-893b4a6a607b4221a894bf861da7914e.r2.dev/3340516169466059.mp4
carried-forward  1731350314547390 c0  → https://pub-893b4a6a607b4221a894bf861da7914e.r2.dev/1731350314547390.mp4
uploaded         1360909859310163 c0  (video) ← 1360909859310163.mp4  → https://pub-893b4a6a607b4221a894bf861da7914e.r2.dev/1360909859310163.mp4
carried-forward  2031907587426210 c0  → https://pub-893b4a6a607b4221a894bf861da7914e.r2.dev/2031907587426210.mp4
carried-forward  1427717762585898 c0  → https://pub-893b4a6a607b4221a894bf861da7914e.r2.dev/1427717762585898.mp4
carried-forward  1663926744681954 c0  → https://pub-893b4a6a607b4221a894bf861da7914e.r2.dev/1663926744681954.mp4
carried-forward  4087721091358383 c0  → https://pub-893b4a6a607b4221a894bf861da7914e.r2.dev/4087721091358383.mp4
uploaded         2466790553795266 c0  (video) ← 2466790553795266.mp4  → https://pub-893b4a6a607b4221a894bf861da7914e.r2.dev/2466790553795266.mp4
carried-forward  1314724773975165 c0  → https://pub-893b4a6a607b4221a894bf861da7914e.r2.dev/1314724773975165.mp4
uploaded         876256078890716 c0  (video) ← 876256078890716.mp4  → https://pub-893b4a6a607b4221a894bf861da7914e.r2.dev/876256078890716.mp4
carried-forward  1821063475538897 c0  → https://pub-893b4a6a607b4221a894bf861da7914e.r2.dev/1821063475538897.mp4
carried-forward  1661401064910641 c0  → https://pub-893b4a6a607b4221a894bf861da7914e.r2.dev/1661401064910641.mp4
carried-forward  961157576910821 c0  → https://pub-893b4a6a607b4221a894bf861da7914e.r2.dev/961157576910821.mp4
carried-forward  802952912808823 c0  → https://pub-893b4a6a607b4221a894bf861da7914e.r2.dev/802952912808823.mp4
carried-forward  2953210015070433 c0  → https://pub-893b4a6a607b4221a894bf861da7914e.r2.dev/2953210015070433.mp4
carried-forward  1035971962252837 c0  → https://pub-893b4a6a607b4221a894bf861da7914e.r2.dev/1035971962252837.mp4
carried-forward  902584925476226 c0  → https://pub-893b4a6a607b4221a894bf861da7914e.r2.dev/902584925476226.mp4
carried-forward  2013049059297231 c0  → https://pub-893b4a6a607b4221a894bf861da7914e.r2.dev/2013049059297231.mp4
carried-forward  1196805302586861 c0  → https://pub-893b4a6a607b4221a894bf861da7914e.r2.dev/1196805302586861.mp4
uploaded         1679190003136935 c0  (video) ← 1679190003136935.mp4  → https://pub-893b4a6a607b4221a894bf861da7914e.r2.dev/1679190003136935.mp4
uploaded         1314349297349028 c0  (video) ← 1314349297349028.mp4  → https://pub-893b4a6a607b4221a894bf861da7914e.r2.dev/1314349297349028.mp4
uploaded         2852683445105934 c0  (video) ← 2852683445105934.mp4  → https://pub-893b4a6a607b4221a894bf861da7914e.r2.dev/2852683445105934.mp4
carried-forward  1247435140696299 c0  → https://pub-893b4a6a607b4221a894bf861da7914e.r2.dev/1247435140696299.mp4
uploaded         2117332885490904 c0  (video) ← 2117332885490904.mp4  → https://pub-893b4a6a607b4221a894bf861da7914e.r2.dev/2117332885490904.mp4
carried-forward  826967597018641 c0  → https://pub-893b4a6a607b4221a894bf861da7914e.r2.dev/826967597018641.mp4
carried-forward  1754835955688580 c0  → https://pub-893b4a6a607b4221a894bf861da7914e.r2.dev/1754835955688580.mp4
uploaded         1038837512033777 c0  (video) ← 1038837512033777.mp4  → https://pub-893b4a6a607b4221a894bf861da7914e.r2.dev/1038837512033777.mp4
carried-forward  1653664225929777 c0  → https://pub-893b4a6a607b4221a894bf861da7914e.r2.dev/1653664225929777.mp4
uploaded         1344368677815429 c0  (video) ← 1344368677815429.mp4  → https://pub-893b4a6a607b4221a894bf861da7914e.r2.dev/1344368677815429.mp4
carried-forward  1319060930423038 c0  → https://pub-893b4a6a607b4221a894bf861da7914e.r2.dev/1319060930423038.mp4
carried-forward  1403634755018898 c0  → https://pub-893b4a6a607b4221a894bf861da7914e.r2.dev/1403634755018898.mp4
carried-forward  1778942330132715 c0  → https://pub-893b4a6a607b4221a894bf861da7914e.r2.dev/1778942330132715.mp4
uploaded         2746750199025259 c0  (video) ← 2746750199025259.mp4  → https://pub-893b4a6a607b4221a894bf861da7914e.r2.dev/2746750199025259.mp4
uploaded         27464778723144848 c0  (video) ← 27464778723144848.mp4  → https://pub-893b4a6a607b4221a894bf861da7914e.r2.dev/27464778723144848.mp4
carried-forward  27350423597950324 c0  → https://pub-893b4a6a607b4221a894bf861da7914e.r2.dev/27350423597950324.mp4
carried-forward  1028449009853941 c0  → https://pub-893b4a6a607b4221a894bf861da7914e.r2.dev/1028449009853941.mp4
uploaded         1002794549043129 c0  (video) ← 1002794549043129.mp4  → https://pub-893b4a6a607b4221a894bf861da7914e.r2.dev/1002794549043129.mp4
carried-forward  1838402367127632 c0  → https://pub-893b4a6a607b4221a894bf861da7914e.r2.dev/1838402367127632.mp4
uploaded         1023674113857323 c0  (video) ← 1023674113857323.mp4  → https://pub-893b4a6a607b4221a894bf861da7914e.r2.dev/1023674113857323.mp4
carried-forward  1964261210892531 c0  → https://pub-893b4a6a607b4221a894bf861da7914e.r2.dev/1964261210892531.mp4
uploaded         1032381292979378 c0  (video) ← 1032381292979378.mp4  → https://pub-893b4a6a607b4221a894bf861da7914e.r2.dev/1032381292979378.mp4
carried-forward  1665570207993946 c0  → https://pub-893b4a6a607b4221a894bf861da7914e.r2.dev/1665570207993946.mp4
uploaded         4374936622824437 c0  (video) ← 4374936622824437.mp4  → https://pub-893b4a6a607b4221a894bf861da7914e.r2.dev/4374936622824437.mp4
carried-forward  1677690760137864 c0  → https://pub-893b4a6a607b4221a894bf861da7914e.r2.dev/1677690760137864.mp4
carried-forward  2092898847957783 c0  → https://pub-893b4a6a607b4221a894bf861da7914e.r2.dev/2092898847957783.mp4
uploaded         2823538731356920 c0  (video) ← 2823538731356920.mp4  → https://pub-893b4a6a607b4221a894bf861da7914e.r2.dev/2823538731356920.mp4
uploaded         1336448118024889 c0  (video) ← 1336448118024889.mp4  → https://pub-893b4a6a607b4221a894bf861da7914e.r2.dev/1336448118024889.mp4
uploaded         1037270988881709 c0  (video) ← 1037270988881709.mp4  → https://pub-893b4a6a607b4221a894bf861da7914e.r2.dev/1037270988881709.mp4
uploaded         1555307446033768 c0  (video) ← 1555307446033768.mp4  → https://pub-893b4a6a607b4221a894bf861da7914e.r2.dev/1555307446033768.mp4
carried-forward  2367898560406946 c0  → https://pub-893b4a6a607b4221a894bf861da7914e.r2.dev/2367898560406946.mp4
carried-forward  2276444916498087 c0  → https://pub-893b4a6a607b4221a894bf861da7914e.r2.dev/2276444916498087.mp4
carried-forward  1936736161045971 c0  → https://pub-893b4a6a607b4221a894bf861da7914e.r2.dev/1936736161045971.mp4
carried-forward  1689492209025217 c0  → https://pub-893b4a6a607b4221a894bf861da7914e.r2.dev/1689492209025217.mp4
uploaded         1531129098491262 c0  (video) ← 1531129098491262.mp4  → https://pub-893b4a6a607b4221a894bf861da7914e.r2.dev/1531129098491262.mp4
uploaded         3302356096615244 c0  (video) ← 3302356096615244.mp4  → https://pub-893b4a6a607b4221a894bf861da7914e.r2.dev/3302356096615244.mp4
uploaded         1043514018179189 c0  (video) ← 1043514018179189.mp4  → https://pub-893b4a6a607b4221a894bf861da7914e.r2.dev/1043514018179189.mp4
carried-forward  1620690590064291 c0  → https://pub-893b4a6a607b4221a894bf861da7914e.r2.dev/1620690590064291.mp4
carried-forward  888239487656454 c0  → https://pub-893b4a6a607b4221a894bf861da7914e.r2.dev/888239487656454.mp4
carried-forward  1635215360918989 c0  → https://pub-893b4a6a607b4221a894bf861da7914e.r2.dev/1635215360918989.mp4
uploaded         2813715025687922 c0  (video) ← 2813715025687922.mp4  → https://pub-893b4a6a607b4221a894bf861da7914e.r2.dev/2813715025687922.mp4
carried-forward  1967353097232627 c0  → https://pub-893b4a6a607b4221a894bf861da7914e.r2.dev/1967353097232627.mp4
uploaded         1787338259110606 c0  (video) ← 1787338259110606.mp4  → https://pub-893b4a6a607b4221a894bf861da7914e.r2.dev/1787338259110606.mp4
carried-forward  2485249335308594 c0  → https://pub-893b4a6a607b4221a894bf861da7914e.r2.dev/2485249335308594.mp4
carried-forward  1016181760769430 c0  → https://pub-893b4a6a607b4221a894bf861da7914e.r2.dev/1016181760769430.mp4
carried-forward  1652983826434632 c0  → https://pub-893b4a6a607b4221a894bf861da7914e.r2.dev/1652983826434632.mp4
uploaded         1699898057920736 c0  (video) ← 1699898057920736.mp4  → https://pub-893b4a6a607b4221a894bf861da7914e.r2.dev/1699898057920736.mp4
carried-forward  1020530707016423 c0  → https://pub-893b4a6a607b4221a894bf861da7914e.r2.dev/1020530707016423.mp4
carried-forward  2039412566650201 c0  → https://pub-893b4a6a607b4221a894bf861da7914e.r2.dev/2039412566650201.mp4
uploaded         872373319273052 c0  (video) ← 872373319273052.mp4  → https://pub-893b4a6a607b4221a894bf861da7914e.r2.dev/872373319273052.mp4
carried-forward  1016600137901431 c0  → https://pub-893b4a6a607b4221a894bf861da7914e.r2.dev/1016600137901431.mp4
uploaded         1561874152143403 c0  (video) ← 1561874152143403.mp4  → https://pub-893b4a6a607b4221a894bf861da7914e.r2.dev/1561874152143403.mp4
uploaded         2077032929915956 c0  (video) ← 2077032929915956.mp4  → https://pub-893b4a6a607b4221a894bf861da7914e.r2.dev/2077032929915956.mp4
uploaded         2185053722273515 c0  (video) ← 2185053722273515.mp4  → https://pub-893b4a6a607b4221a894bf861da7914e.r2.dev/2185053722273515.mp4
uploaded         2482904312217567 c0  (video) ← 2482904312217567.mp4  → https://pub-893b4a6a607b4221a894bf861da7914e.r2.dev/2482904312217567.mp4
uploaded         4563175387238880 c0  (video) ← 4563175387238880.mp4  → https://pub-893b4a6a607b4221a894bf861da7914e.r2.dev/4563175387238880.mp4
carried-forward  1700427231075832 c0  → https://pub-893b4a6a607b4221a894bf861da7914e.r2.dev/1700427231075832.mp4
carried-forward  27452618647721236 c0  → https://pub-893b4a6a607b4221a894bf861da7914e.r2.dev/27452618647721236.mp4
carried-forward  1336049577946625 c0  → https://pub-893b4a6a607b4221a894bf861da7914e.r2.dev/1336049577946625.mp4
uploaded         1023882713944329 c0  (video) ← 1023882713944329.mp4  → https://pub-893b4a6a607b4221a894bf861da7914e.r2.dev/1023882713944329.mp4
uploaded         870963332338882 c0  (video) ← 870963332338882.mp4  → https://pub-893b4a6a607b4221a894bf861da7914e.r2.dev/870963332338882.mp4
carried-forward  1337668218548557 c0  → https://pub-893b4a6a607b4221a894bf861da7914e.r2.dev/1337668218548557.mp4
carried-forward  3220717538115795 c0  → https://pub-893b4a6a607b4221a894bf861da7914e.r2.dev/3220717538115795.mp4
carried-forward  27200422259600892 c0  → https://pub-893b4a6a607b4221a894bf861da7914e.r2.dev/27200422259600892.mp4
carried-forward  2301738637239103 c0  → https://pub-893b4a6a607b4221a894bf861da7914e.r2.dev/2301738637239103.mp4
carried-forward  4224513657811159 c0  → https://pub-893b4a6a607b4221a894bf861da7914e.r2.dev/4224513657811159.mp4
carried-forward  831092886606480 c0  → https://pub-893b4a6a607b4221a894bf861da7914e.r2.dev/831092886606480.mp4
uploaded         1068226675777247 c0  (video) ← 1068226675777247.mp4  → https://pub-893b4a6a607b4221a894bf861da7914e.r2.dev/1068226675777247.mp4
carried-forward  1758100198713527 c0  → https://pub-893b4a6a607b4221a894bf861da7914e.r2.dev/1758100198713527.mp4
uploaded         1343730573811486 c0  (video) ← 1343730573811486.mp4  → https://pub-893b4a6a607b4221a894bf861da7914e.r2.dev/1343730573811486.mp4
carried-forward  1389195766355934 c0  → https://pub-893b4a6a607b4221a894bf861da7914e.r2.dev/1389195766355934.mp4
uploaded         831151359935196 c0  (video) ← 831151359935196.mp4  → https://pub-893b4a6a607b4221a894bf861da7914e.r2.dev/831151359935196.mp4
uploaded         1497485678300504 c0  (video) ← 1497485678300504.mp4  → https://pub-893b4a6a607b4221a894bf861da7914e.r2.dev/1497485678300504.mp4
carried-forward  1341466670688730 c0  → https://pub-893b4a6a607b4221a894bf861da7914e.r2.dev/1341466670688730.mp4
uploaded         1609843680737239 c0  (video) ← 1609843680737239.mp4  → https://pub-893b4a6a607b4221a894bf861da7914e.r2.dev/1609843680737239.mp4
carried-forward  1022415973737778 c0  → https://pub-893b4a6a607b4221a894bf861da7914e.r2.dev/1022415973737778.mp4
carried-forward  986024980878185 c0  → https://pub-893b4a6a607b4221a894bf861da7914e.r2.dev/986024980878185.mp4
uploaded         1635746304190089 c0  (video) ← 1635746304190089.mp4  → https://pub-893b4a6a607b4221a894bf861da7914e.r2.dev/1635746304190089.mp4
uploaded         27721992284097701 c0  (video) ← 27721992284097701.mp4  → https://pub-893b4a6a607b4221a894bf861da7914e.r2.dev/27721992284097701.mp4
uploaded         999587749652306 c0  (video) ← 999587749652306.mp4  → https://pub-893b4a6a607b4221a894bf861da7914e.r2.dev/999587749652306.mp4
uploaded         1047006054349533 c0  (video) ← 1047006054349533.mp4  → https://pub-893b4a6a607b4221a894bf861da7914e.r2.dev/1047006054349533.mp4
carried-forward  1733247081228450 c0  → https://pub-893b4a6a607b4221a894bf861da7914e.r2.dev/1733247081228450.mp4
carried-forward  1045500287898156 c0  → https://pub-893b4a6a607b4221a894bf861da7914e.r2.dev/1045500287898156.mp4
carried-forward  1337003871869972 c0  → https://pub-893b4a6a607b4221a894bf861da7914e.r2.dev/1337003871869972.mp4
carried-forward  1330583959053128 c0  → https://pub-893b4a6a607b4221a894bf861da7914e.r2.dev/1330583959053128.mp4
carried-forward  958995487133739 c0  → https://pub-893b4a6a607b4221a894bf861da7914e.r2.dev/958995487133739.mp4
uploaded         864884643351667 c0  (video) ← 864884643351667.mp4  → https://pub-893b4a6a607b4221a894bf861da7914e.r2.dev/864884643351667.mp4
uploaded         1005756278731233 c0  (video) ← 1005756278731233.mp4  → https://pub-893b4a6a607b4221a894bf861da7914e.r2.dev/1005756278731233.mp4
uploaded         1563590651767303 c0  (video) ← 1563590651767303.mp4  → https://pub-893b4a6a607b4221a894bf861da7914e.r2.dev/1563590651767303.mp4
uploaded         850129837933649 c0  (video) ← 850129837933649.mp4  → https://pub-893b4a6a607b4221a894bf861da7914e.r2.dev/850129837933649.mp4
uploaded         1563409618629235 c0  (video) ← 1563409618629235.mp4  → https://pub-893b4a6a607b4221a894bf861da7914e.r2.dev/1563409618629235.mp4
carried-forward  928994186876825 c0  → https://pub-893b4a6a607b4221a894bf861da7914e.r2.dev/928994186876825.mp4
carried-forward  1032516832600196 c0  → https://pub-893b4a6a607b4221a894bf861da7914e.r2.dev/1032516832600196.mp4
uploaded         1038960765740921 c0  (video) ← 1038960765740921.mp4  → https://pub-893b4a6a607b4221a894bf861da7914e.r2.dev/1038960765740921.mp4
carried-forward  1516135953622417 c0  → https://pub-893b4a6a607b4221a894bf861da7914e.r2.dev/1516135953622417.mp4
video-missing    1696752578033077 c0  (expected file not found in facebook/videos/lingo-ai-2026-07-09)
uploaded         2369767763548108 c0  (video) ← 2369767763548108.mp4  → https://pub-893b4a6a607b4221a894bf861da7914e.r2.dev/2369767763548108.mp4
carried-forward  1100399292660108 c0  → https://pub-893b4a6a607b4221a894bf861da7914e.r2.dev/1100399292660108.mp4
carried-forward  1318468093605981 c0  → https://pub-893b4a6a607b4221a894bf861da7914e.r2.dev/1318468093605981.mp4
carried-forward  1346576071007209 c0  → https://pub-893b4a6a607b4221a894bf861da7914e.r2.dev/1346576071007209.mp4
uploaded         1583929746697634 c0  (video) ← 1583929746697634.mp4  → https://pub-893b4a6a607b4221a894bf861da7914e.r2.dev/1583929746697634.mp4
uploaded         1624174362014126 c0  (video) ← 1624174362014126.mp4  → https://pub-893b4a6a607b4221a894bf861da7914e.r2.dev/1624174362014126.mp4
uploaded         2111101076488626 c0  (video) ← 2111101076488626.mp4  → https://pub-893b4a6a607b4221a894bf861da7914e.r2.dev/2111101076488626.mp4
carried-forward  3998525930448649 c0  → https://pub-893b4a6a607b4221a894bf861da7914e.r2.dev/3998525930448649.mp4
carried-forward  876246278871299 c0  → https://pub-893b4a6a607b4221a894bf861da7914e.r2.dev/876246278871299.mp4
uploaded         1202362798683627 c0  (video) ← 1202362798683627.mp4  → https://pub-893b4a6a607b4221a894bf861da7914e.r2.dev/1202362798683627.mp4
carried-forward  2244310299637878 c0  → https://pub-893b4a6a607b4221a894bf861da7914e.r2.dev/2244310299637878.mp4
uploaded         1775068610328669 c0  (video) ← 1775068610328669.mp4  → https://pub-893b4a6a607b4221a894bf861da7914e.r2.dev/1775068610328669.mp4
carried-forward  2216824899072586 c0  → https://pub-893b4a6a607b4221a894bf861da7914e.r2.dev/2216824899072586.mp4
uploaded         1014666224660601 c0  (video) ← 1014666224660601.mp4  → https://pub-893b4a6a607b4221a894bf861da7914e.r2.dev/1014666224660601.mp4
uploaded         1021152297554368 c0  (video) ← 1021152297554368.mp4  → https://pub-893b4a6a607b4221a894bf861da7914e.r2.dev/1021152297554368.mp4
carried-forward  1586688439739874 c0  → https://pub-893b4a6a607b4221a894bf861da7914e.r2.dev/1586688439739874.mp4
carried-forward  1646364236435916 c0  → https://pub-893b4a6a607b4221a894bf861da7914e.r2.dev/1646364236435916.mp4
uploaded         1722970195676115 c0  (video) ← 1722970195676115.mp4  → https://pub-893b4a6a607b4221a894bf861da7914e.r2.dev/1722970195676115.mp4
carried-forward  1872503484122617 c0  → https://pub-893b4a6a607b4221a894bf861da7914e.r2.dev/1872503484122617.mp4
uploaded         2320509265422876 c0  (video) ← 2320509265422876.mp4  → https://pub-893b4a6a607b4221a894bf861da7914e.r2.dev/2320509265422876.mp4
uploaded         2815498448806265 c0  (video) ← 2815498448806265.mp4  → https://pub-893b4a6a607b4221a894bf861da7914e.r2.dev/2815498448806265.mp4
carried-forward  2835919553430571 c0  → https://pub-893b4a6a607b4221a894bf861da7914e.r2.dev/2835919553430571.mp4
uploaded         3556263054531470 c0  (video) ← 3556263054531470.mp4  → https://pub-893b4a6a607b4221a894bf861da7914e.r2.dev/3556263054531470.mp4
uploaded         1023667883631726 c0  (video) ← 1023667883631726.mp4  → https://pub-893b4a6a607b4221a894bf861da7914e.r2.dev/1023667883631726.mp4
uploaded         1045174564674619 c0  (video) ← 1045174564674619.mp4  → https://pub-893b4a6a607b4221a894bf861da7914e.r2.dev/1045174564674619.mp4
uploaded         1365424769107630 c0  (video) ← 1365424769107630.mp4  → https://pub-893b4a6a607b4221a894bf861da7914e.r2.dev/1365424769107630.mp4
uploaded         1564253715057694 c0  (video) ← 1564253715057694.mp4  → https://pub-893b4a6a607b4221a894bf861da7914e.r2.dev/1564253715057694.mp4
uploaded         1662197908406292 c0  (video) ← 1662197908406292.mp4  → https://pub-893b4a6a607b4221a894bf861da7914e.r2.dev/1662197908406292.mp4
uploaded         1715352939800344 c0  (video) ← 1715352939800344.mp4  → https://pub-893b4a6a607b4221a894bf861da7914e.r2.dev/1715352939800344.mp4
uploaded         2068067197478170 c0  (video) ← 2068067197478170.mp4  → https://pub-893b4a6a607b4221a894bf861da7914e.r2.dev/2068067197478170.mp4
carried-forward  3574217732726236 c0  → https://pub-893b4a6a607b4221a894bf861da7914e.r2.dev/3574217732726236.mp4
uploaded         27769826902701872 c0  (video) ← 27769826902701872.mp4  → https://pub-893b4a6a607b4221a894bf861da7914e.r2.dev/27769826902701872.mp4
carried-forward  1033719695837761 c0  → https://pub-893b4a6a607b4221a894bf861da7914e.r2.dev/1033719695837761.mp4
carried-forward  1315978173578913 c0  → https://pub-893b4a6a607b4221a894bf861da7914e.r2.dev/1315978173578913.mp4
uploaded         1335647948693091 c0  (video) ← 1335647948693091.mp4  → https://pub-893b4a6a607b4221a894bf861da7914e.r2.dev/1335647948693091.mp4
carried-forward  1343397883899179 c0  → https://pub-893b4a6a607b4221a894bf861da7914e.r2.dev/1343397883899179.mp4
uploaded         1343782557088107 c0  (video) ← 1343782557088107.mp4  → https://pub-893b4a6a607b4221a894bf861da7914e.r2.dev/1343782557088107.mp4
uploaded         1576176400691896 c0  (video) ← 1576176400691896.mp4  → https://pub-893b4a6a607b4221a894bf861da7914e.r2.dev/1576176400691896.mp4
carried-forward  1576216020967609 c0  → https://pub-893b4a6a607b4221a894bf861da7914e.r2.dev/1576216020967609.mp4
uploaded         1583414193197730 c0  (video) ← 1583414193197730.mp4  → https://pub-893b4a6a607b4221a894bf861da7914e.r2.dev/1583414193197730.mp4
uploaded         2349248185605128 c0  (video) ← 2349248185605128.mp4  → https://pub-893b4a6a607b4221a894bf861da7914e.r2.dev/2349248185605128.mp4
uploaded         4502343840085095 c0  (video) ← 4502343840085095.mp4  → https://pub-893b4a6a607b4221a894bf861da7914e.r2.dev/4502343840085095.mp4
uploaded         4526587457571528 c0  (video) ← 4526587457571528.mp4  → https://pub-893b4a6a607b4221a894bf861da7914e.r2.dev/4526587457571528.mp4
