# Step 3 run log
# competitor : lingo-ai
# started_at : 2026-06-25T14:05:39
# input      : facebook/inputs/fb-ads-lingo-ai-2026-06-25-1359.csv
# videos     : facebook/videos/lingo-ai-2026-06-25
# master     : facebook/master/lingo-ai.csv  (updated)
# enriched   : facebook/inputs/fb-ads-lingo-ai-2026-06-25-1359_enriched.csv
# bucket     : video-ads
# public_base: https://pub-893b4a6a607b4221a894bf861da7914e.r2.dev
# dry_run    : False
#
# counts     : {'uploaded': 77, 'carried-forward': 40, 'image-pending': 0, 'video-missing': 4, 'no-creative': 0, 'error': 0}
#
carried-forward  1977029976261208 c0  → https://pub-893b4a6a607b4221a894bf861da7914e.r2.dev/1977029976261208.mp4
uploaded         1398488762334299 c0  (video) ← 1398488762334299.mp4  → https://pub-893b4a6a607b4221a894bf861da7914e.r2.dev/1398488762334299.mp4
video-missing    1398488762334299 c0  (expected file not found in facebook/videos/lingo-ai-2026-06-25)
carried-forward  1093823739826634 c0  → https://pub-893b4a6a607b4221a894bf861da7914e.r2.dev/1093823739826634.mp4
carried-forward  1651336692836508 c0  → https://pub-893b4a6a607b4221a894bf861da7914e.r2.dev/1651336692836508.mp4
uploaded         1038854211901779 c0  (video) ← 1038854211901779.mp4  → https://pub-893b4a6a607b4221a894bf861da7914e.r2.dev/1038854211901779.mp4
carried-forward  1007110078391526 c0  → https://pub-893b4a6a607b4221a894bf861da7914e.r2.dev/1007110078391526.mp4
uploaded         3973379489629982 c0  (video) ← 3973379489629982.mp4  → https://pub-893b4a6a607b4221a894bf861da7914e.r2.dev/3973379489629982.mp4
carried-forward  1585086063034358 c0  → https://pub-893b4a6a607b4221a894bf861da7914e.r2.dev/1585086063034358.mp4
uploaded         1539568594489443 c0  (video) ← 1539568594489443.mp4  → https://pub-893b4a6a607b4221a894bf861da7914e.r2.dev/1539568594489443.mp4
carried-forward  992031523734356 c0  → https://pub-893b4a6a607b4221a894bf861da7914e.r2.dev/992031523734356.mp4
uploaded         1819055665739178 c0  (video) ← 1819055665739178.mp4  → https://pub-893b4a6a607b4221a894bf861da7914e.r2.dev/1819055665739178.mp4
uploaded         1308919328072562 c0  (video) ← 1308919328072562.mp4  → https://pub-893b4a6a607b4221a894bf861da7914e.r2.dev/1308919328072562.mp4
video-missing    1308919328072562 c0  (expected file not found in facebook/videos/lingo-ai-2026-06-25)
carried-forward  965379309656441 c0  → https://pub-893b4a6a607b4221a894bf861da7914e.r2.dev/965379309656441.mp4
carried-forward  2223760955053163 c0  → https://pub-893b4a6a607b4221a894bf861da7914e.r2.dev/2223760955053163.mp4
carried-forward  1402910178342547 c0  → https://pub-893b4a6a607b4221a894bf861da7914e.r2.dev/1402910178342547.mp4
carried-forward  2529530774161992 c0  → https://pub-893b4a6a607b4221a894bf861da7914e.r2.dev/2529530774161992.mp4
uploaded         2215514149246402 c0  (video) ← 2215514149246402.mp4  → https://pub-893b4a6a607b4221a894bf861da7914e.r2.dev/2215514149246402.mp4
uploaded         1937208343614080 c0  (video) ← 1937208343614080.mp4  → https://pub-893b4a6a607b4221a894bf861da7914e.r2.dev/1937208343614080.mp4
carried-forward  1449171250302016 c0  → https://pub-893b4a6a607b4221a894bf861da7914e.r2.dev/1449171250302016.mp4
video-missing    1449171250302016 c0  (expected file not found in facebook/videos/lingo-ai-2026-06-25)
uploaded         1036593832651634 c0  (video) ← 1036593832651634.mp4  → https://pub-893b4a6a607b4221a894bf861da7914e.r2.dev/1036593832651634.mp4
carried-forward  4538220956421951 c0  → https://pub-893b4a6a607b4221a894bf861da7914e.r2.dev/4538220956421951.mp4
carried-forward  1005665278776250 c0  → https://pub-893b4a6a607b4221a894bf861da7914e.r2.dev/1005665278776250.mp4
uploaded         1702396627735348 c0  (video) ← 1702396627735348.mp4  → https://pub-893b4a6a607b4221a894bf861da7914e.r2.dev/1702396627735348.mp4
video-missing    1702396627735348 c0  (expected file not found in facebook/videos/lingo-ai-2026-06-25)
carried-forward  993382163488187 c0  → https://pub-893b4a6a607b4221a894bf861da7914e.r2.dev/993382163488187.mp4
uploaded         1962277031827815 c0  (video) ← 1962277031827815.mp4  → https://pub-893b4a6a607b4221a894bf861da7914e.r2.dev/1962277031827815.mp4
carried-forward  1005118642480638 c0  → https://pub-893b4a6a607b4221a894bf861da7914e.r2.dev/1005118642480638.mp4
carried-forward  4687673938174151 c0  → https://pub-893b4a6a607b4221a894bf861da7914e.r2.dev/4687673938174151.mp4
uploaded         1687698609048212 c0  (video) ← 1687698609048212.mp4  → https://pub-893b4a6a607b4221a894bf861da7914e.r2.dev/1687698609048212.mp4
uploaded         1003526658752736 c0  (video) ← 1003526658752736.mp4  → https://pub-893b4a6a607b4221a894bf861da7914e.r2.dev/1003526658752736.mp4
carried-forward  1586148823035593 c0  → https://pub-893b4a6a607b4221a894bf861da7914e.r2.dev/1586148823035593.mp4
carried-forward  878207795333026 c0  → https://pub-893b4a6a607b4221a894bf861da7914e.r2.dev/878207795333026.mp4
carried-forward  900011839294388 c0  → https://pub-893b4a6a607b4221a894bf861da7914e.r2.dev/900011839294388.mp4
carried-forward  992641953651273 c0  → https://pub-893b4a6a607b4221a894bf861da7914e.r2.dev/992641953651273.mp4
carried-forward  1376125071000503 c0  → https://pub-893b4a6a607b4221a894bf861da7914e.r2.dev/1376125071000503.mp4
carried-forward  3403536496487480 c0  → https://pub-893b4a6a607b4221a894bf861da7914e.r2.dev/3403536496487480.mp4
uploaded         1649505946124510 c0  (video) ← 1649505946124510.mp4  → https://pub-893b4a6a607b4221a894bf861da7914e.r2.dev/1649505946124510.mp4
carried-forward  1929767137611529 c0  → https://pub-893b4a6a607b4221a894bf861da7914e.r2.dev/1929767137611529.mp4
carried-forward  1324134293033830 c0  → https://pub-893b4a6a607b4221a894bf861da7914e.r2.dev/1324134293033830.mp4
carried-forward  1492092175305768 c0  → https://pub-893b4a6a607b4221a894bf861da7914e.r2.dev/1492092175305768.mp4
carried-forward  3340516169466059 c0  → https://pub-893b4a6a607b4221a894bf861da7914e.r2.dev/3340516169466059.mp4
carried-forward  1661401064910641 c0  → https://pub-893b4a6a607b4221a894bf861da7914e.r2.dev/1661401064910641.mp4
uploaded         2396494520874446 c0  (video) ← 2396494520874446.mp4  → https://pub-893b4a6a607b4221a894bf861da7914e.r2.dev/2396494520874446.mp4
uploaded         1562643752055927 c0  (video) ← 1562643752055927.mp4  → https://pub-893b4a6a607b4221a894bf861da7914e.r2.dev/1562643752055927.mp4
carried-forward  1220089980142236 c0  → https://pub-893b4a6a607b4221a894bf861da7914e.r2.dev/1220089980142236.mp4
carried-forward  1427717762585898 c0  → https://pub-893b4a6a607b4221a894bf861da7914e.r2.dev/1427717762585898.mp4
uploaded         1044999751286547 c0  (video) ← 1044999751286547.mp4  → https://pub-893b4a6a607b4221a894bf861da7914e.r2.dev/1044999751286547.mp4
carried-forward  1031747116205172 c0  → https://pub-893b4a6a607b4221a894bf861da7914e.r2.dev/1031747116205172.mp4
carried-forward  1550386230032600 c0  → https://pub-893b4a6a607b4221a894bf861da7914e.r2.dev/1550386230032600.mp4
carried-forward  1028449009853941 c0  → https://pub-893b4a6a607b4221a894bf861da7914e.r2.dev/1028449009853941.mp4
carried-forward  1778942330132715 c0  → https://pub-893b4a6a607b4221a894bf861da7914e.r2.dev/1778942330132715.mp4
carried-forward  1562137718879664 c0  → https://pub-893b4a6a607b4221a894bf861da7914e.r2.dev/1562137718879664.mp4
carried-forward  1665570207993946 c0  → https://pub-893b4a6a607b4221a894bf861da7914e.r2.dev/1665570207993946.mp4
carried-forward  2013049059297231 c0  → https://pub-893b4a6a607b4221a894bf861da7914e.r2.dev/2013049059297231.mp4
uploaded         2270381170440032 c0  (video) ← 2270381170440032.mp4  → https://pub-893b4a6a607b4221a894bf861da7914e.r2.dev/2270381170440032.mp4
carried-forward  4519291438349150 c0  → https://pub-893b4a6a607b4221a894bf861da7914e.r2.dev/4519291438349150.mp4
uploaded         1695386955068913 c0  (video) ← 1695386955068913.mp4  → https://pub-893b4a6a607b4221a894bf861da7914e.r2.dev/1695386955068913.mp4
uploaded         1334303025501054 c0  (video) ← 1334303025501054.mp4  → https://pub-893b4a6a607b4221a894bf861da7914e.r2.dev/1334303025501054.mp4
uploaded         1673500023930281 c0  (video) ← 1673500023930281.mp4  → https://pub-893b4a6a607b4221a894bf861da7914e.r2.dev/1673500023930281.mp4
carried-forward  2183171979139988 c0  → https://pub-893b4a6a607b4221a894bf861da7914e.r2.dev/2183171979139988.mp4
uploaded         1588372576044714 c0  (video) ← 1588372576044714.mp4  → https://pub-893b4a6a607b4221a894bf861da7914e.r2.dev/1588372576044714.mp4
carried-forward  1635215360918989 c0  → https://pub-893b4a6a607b4221a894bf861da7914e.r2.dev/1635215360918989.mp4
uploaded         854501297352956 c0  (video) ← 854501297352956.mp4  → https://pub-893b4a6a607b4221a894bf861da7914e.r2.dev/854501297352956.mp4
uploaded         1334703498047853 c0  (video) ← 1334703498047853.mp4  → https://pub-893b4a6a607b4221a894bf861da7914e.r2.dev/1334703498047853.mp4
carried-forward  4445732412339005 c0  → https://pub-893b4a6a607b4221a894bf861da7914e.r2.dev/4445732412339005.mp4
uploaded         1641645733595726 c0  (video) ← 1641645733595726.mp4  → https://pub-893b4a6a607b4221a894bf861da7914e.r2.dev/1641645733595726.mp4
uploaded         1333627851495103 c0  (video) ← 1333627851495103.mp4  → https://pub-893b4a6a607b4221a894bf861da7914e.r2.dev/1333627851495103.mp4
uploaded         1482706329799808 c0  (video) ← 1482706329799808.mp4  → https://pub-893b4a6a607b4221a894bf861da7914e.r2.dev/1482706329799808.mp4
uploaded         1484254506359681 c0  (video) ← 1484254506359681.mp4  → https://pub-893b4a6a607b4221a894bf861da7914e.r2.dev/1484254506359681.mp4
uploaded         4019798091661474 c0  (video) ← 4019798091661474.mp4  → https://pub-893b4a6a607b4221a894bf861da7914e.r2.dev/4019798091661474.mp4
uploaded         1405694801591349 c0  (video) ← 1405694801591349.mp4  → https://pub-893b4a6a607b4221a894bf861da7914e.r2.dev/1405694801591349.mp4
uploaded         835906489378401 c0  (video) ← 835906489378401.mp4  → https://pub-893b4a6a607b4221a894bf861da7914e.r2.dev/835906489378401.mp4
uploaded         2117549085496013 c0  (video) ← 2117549085496013.mp4  → https://pub-893b4a6a607b4221a894bf861da7914e.r2.dev/2117549085496013.mp4
uploaded         1914586909229236 c0  (video) ← 1914586909229236.mp4  → https://pub-893b4a6a607b4221a894bf861da7914e.r2.dev/1914586909229236.mp4
uploaded         2043179773740671 c0  (video) ← 2043179773740671.mp4  → https://pub-893b4a6a607b4221a894bf861da7914e.r2.dev/2043179773740671.mp4
uploaded         2198156761037603 c0  (video) ← 2198156761037603.mp4  → https://pub-893b4a6a607b4221a894bf861da7914e.r2.dev/2198156761037603.mp4
uploaded         2243249256430501 c0  (video) ← 2243249256430501.mp4  → https://pub-893b4a6a607b4221a894bf861da7914e.r2.dev/2243249256430501.mp4
uploaded         2263593867717001 c0  (video) ← 2263593867717001.mp4  → https://pub-893b4a6a607b4221a894bf861da7914e.r2.dev/2263593867717001.mp4
uploaded         1003815002563627 c0  (video) ← 1003815002563627.mp4  → https://pub-893b4a6a607b4221a894bf861da7914e.r2.dev/1003815002563627.mp4
uploaded         1341990144548332 c0  (video) ← 1341990144548332.mp4  → https://pub-893b4a6a607b4221a894bf861da7914e.r2.dev/1341990144548332.mp4
uploaded         1545788986954006 c0  (video) ← 1545788986954006.mp4  → https://pub-893b4a6a607b4221a894bf861da7914e.r2.dev/1545788986954006.mp4
uploaded         4343450969301775 c0  (video) ← 4343450969301775.mp4  → https://pub-893b4a6a607b4221a894bf861da7914e.r2.dev/4343450969301775.mp4
uploaded         819280214456008 c0  (video) ← 819280214456008.mp4  → https://pub-893b4a6a607b4221a894bf861da7914e.r2.dev/819280214456008.mp4
uploaded         942215722189783 c0  (video) ← 942215722189783.mp4  → https://pub-893b4a6a607b4221a894bf861da7914e.r2.dev/942215722189783.mp4
uploaded         1985876322121037 c0  (video) ← 1985876322121037.mp4  → https://pub-893b4a6a607b4221a894bf861da7914e.r2.dev/1985876322121037.mp4
uploaded         2838475509846046 c0  (video) ← 2838475509846046.mp4  → https://pub-893b4a6a607b4221a894bf861da7914e.r2.dev/2838475509846046.mp4
uploaded         26977995741871170 c0  (video) ← 26977995741871170.mp4  → https://pub-893b4a6a607b4221a894bf861da7914e.r2.dev/26977995741871170.mp4
uploaded         1003635002452445 c0  (video) ← 1003635002452445.mp4  → https://pub-893b4a6a607b4221a894bf861da7914e.r2.dev/1003635002452445.mp4
uploaded         1338898801538920 c0  (video) ← 1338898801538920.mp4  → https://pub-893b4a6a607b4221a894bf861da7914e.r2.dev/1338898801538920.mp4
uploaded         1549463666898108 c0  (video) ← 1549463666898108.mp4  → https://pub-893b4a6a607b4221a894bf861da7914e.r2.dev/1549463666898108.mp4
uploaded         1565335125310475 c0  (video) ← 1565335125310475.mp4  → https://pub-893b4a6a607b4221a894bf861da7914e.r2.dev/1565335125310475.mp4
uploaded         3830870397050255 c0  (video) ← 3830870397050255.mp4  → https://pub-893b4a6a607b4221a894bf861da7914e.r2.dev/3830870397050255.mp4
uploaded         836154422687283 c0  (video) ← 836154422687283.mp4  → https://pub-893b4a6a607b4221a894bf861da7914e.r2.dev/836154422687283.mp4
uploaded         1023476526852359 c0  (video) ← 1023476526852359.mp4  → https://pub-893b4a6a607b4221a894bf861da7914e.r2.dev/1023476526852359.mp4
uploaded         1343640307904749 c0  (video) ← 1343640307904749.mp4  → https://pub-893b4a6a607b4221a894bf861da7914e.r2.dev/1343640307904749.mp4
uploaded         1472172651331728 c0  (video) ← 1472172651331728.mp4  → https://pub-893b4a6a607b4221a894bf861da7914e.r2.dev/1472172651331728.mp4
uploaded         1583804963749566 c0  (video) ← 1583804963749566.mp4  → https://pub-893b4a6a607b4221a894bf861da7914e.r2.dev/1583804963749566.mp4
uploaded         1590085273124512 c0  (video) ← 1590085273124512.mp4  → https://pub-893b4a6a607b4221a894bf861da7914e.r2.dev/1590085273124512.mp4
uploaded         1602074314964511 c0  (video) ← 1602074314964511.mp4  → https://pub-893b4a6a607b4221a894bf861da7914e.r2.dev/1602074314964511.mp4
uploaded         1685980745983019 c0  (video) ← 1685980745983019.mp4  → https://pub-893b4a6a607b4221a894bf861da7914e.r2.dev/1685980745983019.mp4
uploaded         1706538336929507 c0  (video) ← 1706538336929507.mp4  → https://pub-893b4a6a607b4221a894bf861da7914e.r2.dev/1706538336929507.mp4
uploaded         1723147632009628 c0  (video) ← 1723147632009628.mp4  → https://pub-893b4a6a607b4221a894bf861da7914e.r2.dev/1723147632009628.mp4
uploaded         2119300782356518 c0  (video) ← 2119300782356518.mp4  → https://pub-893b4a6a607b4221a894bf861da7914e.r2.dev/2119300782356518.mp4
uploaded         2119479501935072 c0  (video) ← 2119479501935072.mp4  → https://pub-893b4a6a607b4221a894bf861da7914e.r2.dev/2119479501935072.mp4
uploaded         2805194793195493 c0  (video) ← 2805194793195493.mp4  → https://pub-893b4a6a607b4221a894bf861da7914e.r2.dev/2805194793195493.mp4
uploaded         4372491909746961 c0  (video) ← 4372491909746961.mp4  → https://pub-893b4a6a607b4221a894bf861da7914e.r2.dev/4372491909746961.mp4
uploaded         836964239493914 c0  (video) ← 836964239493914.mp4  → https://pub-893b4a6a607b4221a894bf861da7914e.r2.dev/836964239493914.mp4
uploaded         1030585469917770 c0  (video) ← 1030585469917770.mp4  → https://pub-893b4a6a607b4221a894bf861da7914e.r2.dev/1030585469917770.mp4
uploaded         1532627261738407 c0  (video) ← 1532627261738407.mp4  → https://pub-893b4a6a607b4221a894bf861da7914e.r2.dev/1532627261738407.mp4
uploaded         1536731928243013 c0  (video) ← 1536731928243013.mp4  → https://pub-893b4a6a607b4221a894bf861da7914e.r2.dev/1536731928243013.mp4
uploaded         1590724205959453 c0  (video) ← 1590724205959453.mp4  → https://pub-893b4a6a607b4221a894bf861da7914e.r2.dev/1590724205959453.mp4
uploaded         1640282667036366 c0  (video) ← 1640282667036366.mp4  → https://pub-893b4a6a607b4221a894bf861da7914e.r2.dev/1640282667036366.mp4
uploaded         1735439077870632 c0  (video) ← 1735439077870632.mp4  → https://pub-893b4a6a607b4221a894bf861da7914e.r2.dev/1735439077870632.mp4
uploaded         2089072878674507 c0  (video) ← 2089072878674507.mp4  → https://pub-893b4a6a607b4221a894bf861da7914e.r2.dev/2089072878674507.mp4
uploaded         2179849819527829 c0  (video) ← 2179849819527829.mp4  → https://pub-893b4a6a607b4221a894bf861da7914e.r2.dev/2179849819527829.mp4
uploaded         3987290754909476 c0  (video) ← 3987290754909476.mp4  → https://pub-893b4a6a607b4221a894bf861da7914e.r2.dev/3987290754909476.mp4
uploaded         4515075708769499 c0  (video) ← 4515075708769499.mp4  → https://pub-893b4a6a607b4221a894bf861da7914e.r2.dev/4515075708769499.mp4
uploaded         27281983364786721 c0  (video) ← 27281983364786721.mp4  → https://pub-893b4a6a607b4221a894bf861da7914e.r2.dev/27281983364786721.mp4
