# Step 3 run log
# competitor : lingo-ai
# started_at : 2026-06-29T13:30:39
# input      : facebook/inputs/fb-ads-lingo-ai-2026-06-29-1329.csv
# videos     : facebook/videos/lingo-ai-2026-06-29
# master     : facebook/master/lingo-ai.csv  (updated)
# enriched   : facebook/inputs/fb-ads-lingo-ai-2026-06-29-1329_enriched.csv
# bucket     : video-ads
# public_base: https://pub-893b4a6a607b4221a894bf861da7914e.r2.dev
# dry_run    : False
#
# counts     : {'uploaded': 1, 'carried-forward': 108, 'image-pending': 0, 'video-missing': 1, 'no-creative': 0, 'error': 0}
#
carried-forward  1038854211901779 c0  → https://pub-893b4a6a607b4221a894bf861da7914e.r2.dev/1038854211901779.mp4
carried-forward  1093823739826634 c0  → https://pub-893b4a6a607b4221a894bf861da7914e.r2.dev/1093823739826634.mp4
carried-forward  1585086063034358 c0  → https://pub-893b4a6a607b4221a894bf861da7914e.r2.dev/1585086063034358.mp4
carried-forward  1007110078391526 c0  → https://pub-893b4a6a607b4221a894bf861da7914e.r2.dev/1007110078391526.mp4
carried-forward  1651336692836508 c0  → https://pub-893b4a6a607b4221a894bf861da7914e.r2.dev/1651336692836508.mp4
carried-forward  1539568594489443 c0  → https://pub-893b4a6a607b4221a894bf861da7914e.r2.dev/1539568594489443.mp4
carried-forward  1937208343614080 c0  → https://pub-893b4a6a607b4221a894bf861da7914e.r2.dev/1937208343614080.mp4
carried-forward  1819055665739178 c0  → https://pub-893b4a6a607b4221a894bf861da7914e.r2.dev/1819055665739178.mp4
carried-forward  1484254506359681 c0  → https://pub-893b4a6a607b4221a894bf861da7914e.r2.dev/1484254506359681.mp4
carried-forward  2223760955053163 c0  → https://pub-893b4a6a607b4221a894bf861da7914e.r2.dev/2223760955053163.mp4
carried-forward  1402910178342547 c0  → https://pub-893b4a6a607b4221a894bf861da7914e.r2.dev/1402910178342547.mp4
carried-forward  2529530774161992 c0  → https://pub-893b4a6a607b4221a894bf861da7914e.r2.dev/2529530774161992.mp4
carried-forward  2215514149246402 c0  → https://pub-893b4a6a607b4221a894bf861da7914e.r2.dev/2215514149246402.mp4
carried-forward  1005665278776250 c0  → https://pub-893b4a6a607b4221a894bf861da7914e.r2.dev/1005665278776250.mp4
carried-forward  993382163488187 c0  → https://pub-893b4a6a607b4221a894bf861da7914e.r2.dev/993382163488187.mp4
carried-forward  1962277031827815 c0  → https://pub-893b4a6a607b4221a894bf861da7914e.r2.dev/1962277031827815.mp4
carried-forward  1583804963749566 c0  → https://pub-893b4a6a607b4221a894bf861da7914e.r2.dev/1583804963749566.mp4
carried-forward  1005118642480638 c0  → https://pub-893b4a6a607b4221a894bf861da7914e.r2.dev/1005118642480638.mp4
carried-forward  1685980745983019 c0  → https://pub-893b4a6a607b4221a894bf861da7914e.r2.dev/1685980745983019.mp4
carried-forward  1687698609048212 c0  → https://pub-893b4a6a607b4221a894bf861da7914e.r2.dev/1687698609048212.mp4
carried-forward  836154422687283 c0  → https://pub-893b4a6a607b4221a894bf861da7914e.r2.dev/836154422687283.mp4
carried-forward  1832151567988662 c0  → https://pub-893b4a6a607b4221a894bf861da7914e.r2.dev/1832151567988662.mp4
carried-forward  1506922147561152 c0  → https://pub-893b4a6a607b4221a894bf861da7914e.r2.dev/1506922147561152.mp4
carried-forward  2396494520874446 c0  → https://pub-893b4a6a607b4221a894bf861da7914e.r2.dev/2396494520874446.mp4
carried-forward  1673500023930281 c0  → https://pub-893b4a6a607b4221a894bf861da7914e.r2.dev/1673500023930281.mp4
carried-forward  1705366507331909 c0  → https://pub-893b4a6a607b4221a894bf861da7914e.r2.dev/1705366507331909.mp4
carried-forward  992641953651273 c0  → https://pub-893b4a6a607b4221a894bf861da7914e.r2.dev/992641953651273.mp4
carried-forward  1382542137258042 c0  → https://pub-893b4a6a607b4221a894bf861da7914e.r2.dev/1382542137258042.mp4
carried-forward  1633628567704710 c0  → https://pub-893b4a6a607b4221a894bf861da7914e.r2.dev/1633628567704710.mp4
carried-forward  1337814845219916 c0  → https://pub-893b4a6a607b4221a894bf861da7914e.r2.dev/1337814845219916.mp4
carried-forward  1691784178829769 c0  → https://pub-893b4a6a607b4221a894bf861da7914e.r2.dev/1691784178829769.mp4
carried-forward  878207795333026 c0  → https://pub-893b4a6a607b4221a894bf861da7914e.r2.dev/878207795333026.mp4
carried-forward  1695386955068913 c0  → https://pub-893b4a6a607b4221a894bf861da7914e.r2.dev/1695386955068913.mp4
carried-forward  1735439077870632 c0  → https://pub-893b4a6a607b4221a894bf861da7914e.r2.dev/1735439077870632.mp4
carried-forward  4515075708769499 c0  → https://pub-893b4a6a607b4221a894bf861da7914e.r2.dev/4515075708769499.mp4
carried-forward  1003815002563627 c0  → https://pub-893b4a6a607b4221a894bf861da7914e.r2.dev/1003815002563627.mp4
video-missing    1003815002563627 c0  (expected file not found in facebook/videos/lingo-ai-2026-06-29)
carried-forward  1586148823035593 c0  → https://pub-893b4a6a607b4221a894bf861da7914e.r2.dev/1586148823035593.mp4
carried-forward  900011839294388 c0  → https://pub-893b4a6a607b4221a894bf861da7914e.r2.dev/900011839294388.mp4
carried-forward  1334703498047853 c0  → https://pub-893b4a6a607b4221a894bf861da7914e.r2.dev/1334703498047853.mp4
carried-forward  1562643752055927 c0  → https://pub-893b4a6a607b4221a894bf861da7914e.r2.dev/1562643752055927.mp4
carried-forward  3403536496487480 c0  → https://pub-893b4a6a607b4221a894bf861da7914e.r2.dev/3403536496487480.mp4
carried-forward  1495959161795889 c0  → https://pub-893b4a6a607b4221a894bf861da7914e.r2.dev/1495959161795889.mp4
carried-forward  1376125071000503 c0  → https://pub-893b4a6a607b4221a894bf861da7914e.r2.dev/1376125071000503.mp4
carried-forward  1985876322121037 c0  → https://pub-893b4a6a607b4221a894bf861da7914e.r2.dev/1985876322121037.mp4
carried-forward  1588372576044714 c0  → https://pub-893b4a6a607b4221a894bf861da7914e.r2.dev/1588372576044714.mp4
carried-forward  1003635002452445 c0  → https://pub-893b4a6a607b4221a894bf861da7914e.r2.dev/1003635002452445.mp4
carried-forward  1324134293033830 c0  → https://pub-893b4a6a607b4221a894bf861da7914e.r2.dev/1324134293033830.mp4
carried-forward  1929767137611529 c0  → https://pub-893b4a6a607b4221a894bf861da7914e.r2.dev/1929767137611529.mp4
carried-forward  1492092175305768 c0  → https://pub-893b4a6a607b4221a894bf861da7914e.r2.dev/1492092175305768.mp4
carried-forward  1225658062919321 c0  → https://pub-893b4a6a607b4221a894bf861da7914e.r2.dev/1225658062919321.mp4
carried-forward  3340516169466059 c0  → https://pub-893b4a6a607b4221a894bf861da7914e.r2.dev/3340516169466059.mp4
carried-forward  1031747116205172 c0  → https://pub-893b4a6a607b4221a894bf861da7914e.r2.dev/1031747116205172.mp4
carried-forward  1661401064910641 c0  → https://pub-893b4a6a607b4221a894bf861da7914e.r2.dev/1661401064910641.mp4
carried-forward  1220089980142236 c0  → https://pub-893b4a6a607b4221a894bf861da7914e.r2.dev/1220089980142236.mp4
carried-forward  1427717762585898 c0  → https://pub-893b4a6a607b4221a894bf861da7914e.r2.dev/1427717762585898.mp4
carried-forward  2119300782356518 c0  → https://pub-893b4a6a607b4221a894bf861da7914e.r2.dev/2119300782356518.mp4
carried-forward  1016351310760637 c0  → https://pub-893b4a6a607b4221a894bf861da7914e.r2.dev/1016351310760637.mp4
carried-forward  1892733781399963 c0  → https://pub-893b4a6a607b4221a894bf861da7914e.r2.dev/1892733781399963.mp4
carried-forward  948906394837424 c0  → https://pub-893b4a6a607b4221a894bf861da7914e.r2.dev/948906394837424.mp4
carried-forward  1550386230032600 c0  → https://pub-893b4a6a607b4221a894bf861da7914e.r2.dev/1550386230032600.mp4
carried-forward  981674204685917 c0  → https://pub-893b4a6a607b4221a894bf861da7914e.r2.dev/981674204685917.mp4
carried-forward  26977995741871170 c0  → https://pub-893b4a6a607b4221a894bf861da7914e.r2.dev/26977995741871170.mp4
carried-forward  2263593867717001 c0  → https://pub-893b4a6a607b4221a894bf861da7914e.r2.dev/2263593867717001.mp4
carried-forward  854501297352956 c0  → https://pub-893b4a6a607b4221a894bf861da7914e.r2.dev/854501297352956.mp4
carried-forward  1338898801538920 c0  → https://pub-893b4a6a607b4221a894bf861da7914e.r2.dev/1338898801538920.mp4
carried-forward  1030585469917770 c0  → https://pub-893b4a6a607b4221a894bf861da7914e.r2.dev/1030585469917770.mp4
carried-forward  1640282667036366 c0  → https://pub-893b4a6a607b4221a894bf861da7914e.r2.dev/1640282667036366.mp4
carried-forward  1013757414877783 c0  → https://pub-893b4a6a607b4221a894bf861da7914e.r2.dev/1013757414877783.mp4
carried-forward  1028449009853941 c0  → https://pub-893b4a6a607b4221a894bf861da7914e.r2.dev/1028449009853941.mp4
carried-forward  1343640307904749 c0  → https://pub-893b4a6a607b4221a894bf861da7914e.r2.dev/1343640307904749.mp4
carried-forward  1778942330132715 c0  → https://pub-893b4a6a607b4221a894bf861da7914e.r2.dev/1778942330132715.mp4
carried-forward  836964239493914 c0  → https://pub-893b4a6a607b4221a894bf861da7914e.r2.dev/836964239493914.mp4
carried-forward  1532627261738407 c0  → https://pub-893b4a6a607b4221a894bf861da7914e.r2.dev/1532627261738407.mp4
carried-forward  1562137718879664 c0  → https://pub-893b4a6a607b4221a894bf861da7914e.r2.dev/1562137718879664.mp4
carried-forward  942215722189783 c0  → https://pub-893b4a6a607b4221a894bf861da7914e.r2.dev/942215722189783.mp4
carried-forward  1633269327750962 c0  → https://pub-893b4a6a607b4221a894bf861da7914e.r2.dev/1633269327750962.mp4
carried-forward  28074840175451008 c0  → https://pub-893b4a6a607b4221a894bf861da7914e.r2.dev/28074840175451008.mp4
carried-forward  4519291438349150 c0  → https://pub-893b4a6a607b4221a894bf861da7914e.r2.dev/4519291438349150.mp4
carried-forward  2198156761037603 c0  → https://pub-893b4a6a607b4221a894bf861da7914e.r2.dev/2198156761037603.mp4
carried-forward  1665570207993946 c0  → https://pub-893b4a6a607b4221a894bf861da7914e.r2.dev/1665570207993946.mp4
carried-forward  2013049059297231 c0  → https://pub-893b4a6a607b4221a894bf861da7914e.r2.dev/2013049059297231.mp4
carried-forward  2825328911169017 c0  → https://pub-893b4a6a607b4221a894bf861da7914e.r2.dev/2825328911169017.mp4
carried-forward  1023476526852359 c0  → https://pub-893b4a6a607b4221a894bf861da7914e.r2.dev/1023476526852359.mp4
carried-forward  1706538336929507 c0  → https://pub-893b4a6a607b4221a894bf861da7914e.r2.dev/1706538336929507.mp4
carried-forward  1529012985681620 c0  → https://pub-893b4a6a607b4221a894bf861da7914e.r2.dev/1529012985681620.mp4
carried-forward  2043179773740671 c0  → https://pub-893b4a6a607b4221a894bf861da7914e.r2.dev/2043179773740671.mp4
carried-forward  2183171979139988 c0  → https://pub-893b4a6a607b4221a894bf861da7914e.r2.dev/2183171979139988.mp4
carried-forward  2838475509846046 c0  → https://pub-893b4a6a607b4221a894bf861da7914e.r2.dev/2838475509846046.mp4
carried-forward  1536731928243013 c0  → https://pub-893b4a6a607b4221a894bf861da7914e.r2.dev/1536731928243013.mp4
carried-forward  1635215360918989 c0  → https://pub-893b4a6a607b4221a894bf861da7914e.r2.dev/1635215360918989.mp4
carried-forward  4372491909746961 c0  → https://pub-893b4a6a607b4221a894bf861da7914e.r2.dev/4372491909746961.mp4
uploaded         889901240171323 c0  (video) ← 889901240171323.mp4  → https://pub-893b4a6a607b4221a894bf861da7914e.r2.dev/889901240171323.mp4
carried-forward  980866228090947 c0  → https://pub-893b4a6a607b4221a894bf861da7914e.r2.dev/980866228090947.mp4
carried-forward  2243249256430501 c0  → https://pub-893b4a6a607b4221a894bf861da7914e.r2.dev/2243249256430501.mp4
carried-forward  1482706329799808 c0  → https://pub-893b4a6a607b4221a894bf861da7914e.r2.dev/1482706329799808.mp4
carried-forward  4343450969301775 c0  → https://pub-893b4a6a607b4221a894bf861da7914e.r2.dev/4343450969301775.mp4
carried-forward  835906489378401 c0  → https://pub-893b4a6a607b4221a894bf861da7914e.r2.dev/835906489378401.mp4
carried-forward  1472172651331728 c0  → https://pub-893b4a6a607b4221a894bf861da7914e.r2.dev/1472172651331728.mp4
carried-forward  1723147632009628 c0  → https://pub-893b4a6a607b4221a894bf861da7914e.r2.dev/1723147632009628.mp4
carried-forward  2197431064430320 c0  → https://pub-893b4a6a607b4221a894bf861da7914e.r2.dev/2197431064430320.mp4
carried-forward  4445732412339005 c0  → https://pub-893b4a6a607b4221a894bf861da7914e.r2.dev/4445732412339005.mp4
carried-forward  3830870397050255 c0  → https://pub-893b4a6a607b4221a894bf861da7914e.r2.dev/3830870397050255.mp4
carried-forward  4565916810309378 c0  → https://pub-893b4a6a607b4221a894bf861da7914e.r2.dev/4565916810309378.mp4
carried-forward  1914586909229236 c0  → https://pub-893b4a6a607b4221a894bf861da7914e.r2.dev/1914586909229236.mp4
carried-forward  2089072878674507 c0  → https://pub-893b4a6a607b4221a894bf861da7914e.r2.dev/2089072878674507.mp4
carried-forward  2805194793195493 c0  → https://pub-893b4a6a607b4221a894bf861da7914e.r2.dev/2805194793195493.mp4
carried-forward  27281983364786721 c0  → https://pub-893b4a6a607b4221a894bf861da7914e.r2.dev/27281983364786721.mp4
carried-forward  2226393941496900 c0  → https://pub-893b4a6a607b4221a894bf861da7914e.r2.dev/2226393941496900.mp4
carried-forward  1350345613876652 c0  → https://pub-893b4a6a607b4221a894bf861da7914e.r2.dev/1350345613876652.mp4
