# Step 3 run log
# competitor : lingo-ai
# started_at : 2026-07-20T13:30:56
# input      : facebook/inputs/fb-ads-lingo-ai-2026-07-20-1319.csv
# videos     : facebook/videos/lingo-ai-2026-07-20
# master     : facebook/master/lingo-ai.csv  (updated)
# enriched   : facebook/inputs/fb-ads-lingo-ai-2026-07-20-1319_enriched.csv
# bucket     : video-ads
# public_base: https://pub-893b4a6a607b4221a894bf861da7914e.r2.dev
# dry_run    : False
#
# counts     : {'uploaded': 125, 'carried-forward': 199, 'image-pending': 0, 'video-missing': 5, 'no-creative': 0, 'error': 0}
#
carried-forward  1336448118024889 c0  → https://pub-893b4a6a607b4221a894bf861da7914e.r2.dev/1336448118024889.mp4
carried-forward  1093823739826634 c0  → https://pub-893b4a6a607b4221a894bf861da7914e.r2.dev/1093823739826634.mp4
carried-forward  2817216648647618 c0  → https://pub-893b4a6a607b4221a894bf861da7914e.r2.dev/2817216648647618.mp4
carried-forward  1683265226128164 c0  → https://pub-893b4a6a607b4221a894bf861da7914e.r2.dev/1683265226128164.mp4
carried-forward  831092886606480 c0  → https://pub-893b4a6a607b4221a894bf861da7914e.r2.dev/831092886606480.mp4
carried-forward  1387668796571355 c0  → https://pub-893b4a6a607b4221a894bf861da7914e.r2.dev/1387668796571355.mp4
video-missing    1387668796571355 c0  (expected file not found in facebook/videos/lingo-ai-2026-07-20)
carried-forward  1027348283545347 c0  → https://pub-893b4a6a607b4221a894bf861da7914e.r2.dev/1027348283545347.mp4
carried-forward  1588598465941159 c0  → https://pub-893b4a6a607b4221a894bf861da7914e.r2.dev/1588598465941159.mp4
carried-forward  1574457477430487 c0  → https://pub-893b4a6a607b4221a894bf861da7914e.r2.dev/1574457477430487.mp4
carried-forward  1972127246813621 c0  → https://pub-893b4a6a607b4221a894bf861da7914e.r2.dev/1972127246813621.mp4
carried-forward  1561681932015617 c0  → https://pub-893b4a6a607b4221a894bf861da7914e.r2.dev/1561681932015617.mp4
carried-forward  1502905814452626 c0  → https://pub-893b4a6a607b4221a894bf861da7914e.r2.dev/1502905814452626.mp4
carried-forward  1734003744580617 c0  → https://pub-893b4a6a607b4221a894bf861da7914e.r2.dev/1734003744580617.mp4
video-missing    1734003744580617 c0  (expected file not found in facebook/videos/lingo-ai-2026-07-20)
carried-forward  2074376606622636 c0  → https://pub-893b4a6a607b4221a894bf861da7914e.r2.dev/2074376606622636.mp4
carried-forward  1038960765740921 c0  → https://pub-893b4a6a607b4221a894bf861da7914e.r2.dev/1038960765740921.mp4
carried-forward  2019382318667999 c0  → https://pub-893b4a6a607b4221a894bf861da7914e.r2.dev/2019382318667999.mp4
carried-forward  1721159278776726 c0  → https://pub-893b4a6a607b4221a894bf861da7914e.r2.dev/1721159278776726.mp4
carried-forward  4494315040857752 c0  → https://pub-893b4a6a607b4221a894bf861da7914e.r2.dev/4494315040857752.mp4
video-missing    4494315040857752 c0  (expected file not found in facebook/videos/lingo-ai-2026-07-20)
carried-forward  1006880602208933 c0  → https://pub-893b4a6a607b4221a894bf861da7914e.r2.dev/1006880602208933.mp4
carried-forward  27527745463514415 c0  → https://pub-893b4a6a607b4221a894bf861da7914e.r2.dev/27527745463514415.mp4
carried-forward  2164854557777767 c0  → https://pub-893b4a6a607b4221a894bf861da7914e.r2.dev/2164854557777767.mp4
carried-forward  1368322611672051 c0  → https://pub-893b4a6a607b4221a894bf861da7914e.r2.dev/1368322611672051.mp4
carried-forward  2477354359407848 c0  → https://pub-893b4a6a607b4221a894bf861da7914e.r2.dev/2477354359407848.mp4
carried-forward  1402910178342547 c0  → https://pub-893b4a6a607b4221a894bf861da7914e.r2.dev/1402910178342547.mp4
carried-forward  2223760955053163 c0  → https://pub-893b4a6a607b4221a894bf861da7914e.r2.dev/2223760955053163.mp4
carried-forward  2043355142935415 c0  → https://pub-893b4a6a607b4221a894bf861da7914e.r2.dev/2043355142935415.mp4
carried-forward  1036575242203841 c0  → https://pub-893b4a6a607b4221a894bf861da7914e.r2.dev/1036575242203841.mp4
carried-forward  872842742184516 c0  → https://pub-893b4a6a607b4221a894bf861da7914e.r2.dev/872842742184516.mp4
carried-forward  1555307446033768 c0  → https://pub-893b4a6a607b4221a894bf861da7914e.r2.dev/1555307446033768.mp4
carried-forward  1539898520838626 c0  → https://pub-893b4a6a607b4221a894bf861da7914e.r2.dev/1539898520838626.mp4
uploaded         1030839482655599 c0  (video) ← 1030839482655599.mp4  → https://pub-893b4a6a607b4221a894bf861da7914e.r2.dev/1030839482655599.mp4
carried-forward  1543107963869133 c0  → https://pub-893b4a6a607b4221a894bf861da7914e.r2.dev/1543107963869133.mp4
carried-forward  1580064567242969 c0  → https://pub-893b4a6a607b4221a894bf861da7914e.r2.dev/1580064567242969.mp4
carried-forward  1954322491946159 c0  → https://pub-893b4a6a607b4221a894bf861da7914e.r2.dev/1954322491946159.mp4
carried-forward  1033394636327348 c0  → https://pub-893b4a6a607b4221a894bf861da7914e.r2.dev/1033394636327348.mp4
uploaded         2226160224833861 c0  (video) ← 2226160224833861.mp4  → https://pub-893b4a6a607b4221a894bf861da7914e.r2.dev/2226160224833861.mp4
carried-forward  970051129424916 c0  → https://pub-893b4a6a607b4221a894bf861da7914e.r2.dev/970051129424916.mp4
carried-forward  2079659836277553 c0  → https://pub-893b4a6a607b4221a894bf861da7914e.r2.dev/2079659836277553.mp4
carried-forward  1353143569507326 c0  → https://pub-893b4a6a607b4221a894bf861da7914e.r2.dev/1353143569507326.mp4
carried-forward  2536056390190075 c0  → https://pub-893b4a6a607b4221a894bf861da7914e.r2.dev/2536056390190075.mp4
carried-forward  1354716979390771 c0  → https://pub-893b4a6a607b4221a894bf861da7914e.r2.dev/1354716979390771.mp4
carried-forward  1022055827387997 c0  → https://pub-893b4a6a607b4221a894bf861da7914e.r2.dev/1022055827387997.mp4
carried-forward  2221848241692614 c0  → https://pub-893b4a6a607b4221a894bf861da7914e.r2.dev/2221848241692614.mp4
video-missing    2221848241692614 c0  (expected file not found in facebook/videos/lingo-ai-2026-07-20)
carried-forward  1705366507331909 c0  → https://pub-893b4a6a607b4221a894bf861da7914e.r2.dev/1705366507331909.mp4
carried-forward  1466504155245534 c0  → https://pub-893b4a6a607b4221a894bf861da7914e.r2.dev/1466504155245534.mp4
uploaded         1844651103580908 c0  (video) ← 1844651103580908.mp4  → https://pub-893b4a6a607b4221a894bf861da7914e.r2.dev/1844651103580908.mp4
carried-forward  2238652463354041 c0  → https://pub-893b4a6a607b4221a894bf861da7914e.r2.dev/2238652463354041.mp4
carried-forward  2376182266205177 c0  → https://pub-893b4a6a607b4221a894bf861da7914e.r2.dev/2376182266205177.mp4
carried-forward  2050192829225897 c0  → https://pub-893b4a6a607b4221a894bf861da7914e.r2.dev/2050192829225897.mp4
carried-forward  1506922147561152 c0  → https://pub-893b4a6a607b4221a894bf861da7914e.r2.dev/1506922147561152.mp4
carried-forward  1241295458021975 c0  → https://pub-893b4a6a607b4221a894bf861da7914e.r2.dev/1241295458021975.mp4
carried-forward  1609843680737239 c0  → https://pub-893b4a6a607b4221a894bf861da7914e.r2.dev/1609843680737239.mp4
carried-forward  1384566673593536 c0  → https://pub-893b4a6a607b4221a894bf861da7914e.r2.dev/1384566673593536.mp4
uploaded         831619846571536 c0  (video) ← 831619846571536.mp4  → https://pub-893b4a6a607b4221a894bf861da7914e.r2.dev/831619846571536.mp4
uploaded         1513339323332305 c0  (video) ← 1513339323332305.mp4  → https://pub-893b4a6a607b4221a894bf861da7914e.r2.dev/1513339323332305.mp4
uploaded         769829056215911 c0  (video) ← 769829056215911.mp4  → https://pub-893b4a6a607b4221a894bf861da7914e.r2.dev/769829056215911.mp4
carried-forward  1602516684621660 c0  → https://pub-893b4a6a607b4221a894bf861da7914e.r2.dev/1602516684621660.mp4
carried-forward  1644972694300693 c0  → https://pub-893b4a6a607b4221a894bf861da7914e.r2.dev/1644972694300693.mp4
uploaded         2544199789337777 c0  (video) ← 2544199789337777.mp4  → https://pub-893b4a6a607b4221a894bf861da7914e.r2.dev/2544199789337777.mp4
carried-forward  28185666544351029 c0  → https://pub-893b4a6a607b4221a894bf861da7914e.r2.dev/28185666544351029.mp4
uploaded         4446668848935085 c0  (video) ← 4446668848935085.mp4  → https://pub-893b4a6a607b4221a894bf861da7914e.r2.dev/4446668848935085.mp4
carried-forward  1622031202824045 c0  → https://pub-893b4a6a607b4221a894bf861da7914e.r2.dev/1622031202824045.mp4
carried-forward  26787357374277010 c0  → https://pub-893b4a6a607b4221a894bf861da7914e.r2.dev/26787357374277010.mp4
video-missing    26787357374277010 c0  (expected file not found in facebook/videos/lingo-ai-2026-07-20)
carried-forward  1633628567704710 c0  → https://pub-893b4a6a607b4221a894bf861da7914e.r2.dev/1633628567704710.mp4
carried-forward  2953210015070433 c0  → https://pub-893b4a6a607b4221a894bf861da7914e.r2.dev/2953210015070433.mp4
uploaded         1989292991704421 c0  (video) ← 1989292991704421.mp4  → https://pub-893b4a6a607b4221a894bf861da7914e.r2.dev/1989292991704421.mp4
carried-forward  1542624857334071 c0  → https://pub-893b4a6a607b4221a894bf861da7914e.r2.dev/1542624857334071.mp4
uploaded         1031268136301888 c0  (video) ← 1031268136301888.mp4  → https://pub-893b4a6a607b4221a894bf861da7914e.r2.dev/1031268136301888.mp4
carried-forward  1332498069082343 c0  → https://pub-893b4a6a607b4221a894bf861da7914e.r2.dev/1332498069082343.mp4
carried-forward  27596393143323762 c0  → https://pub-893b4a6a607b4221a894bf861da7914e.r2.dev/27596393143323762.mp4
uploaded         1004268712588737 c0  (video) ← 1004268712588737.mp4  → https://pub-893b4a6a607b4221a894bf861da7914e.r2.dev/1004268712588737.mp4
carried-forward  1035971962252837 c0  → https://pub-893b4a6a607b4221a894bf861da7914e.r2.dev/1035971962252837.mp4
carried-forward  2301738637239103 c0  → https://pub-893b4a6a607b4221a894bf861da7914e.r2.dev/2301738637239103.mp4
carried-forward  2654198474977868 c0  → https://pub-893b4a6a607b4221a894bf861da7914e.r2.dev/2654198474977868.mp4
carried-forward  2099803350573188 c0  → https://pub-893b4a6a607b4221a894bf861da7914e.r2.dev/2099803350573188.mp4
uploaded         1581571543362293 c0  (video) ← 1581571543362293.mp4  → https://pub-893b4a6a607b4221a894bf861da7914e.r2.dev/1581571543362293.mp4
carried-forward  878207795333026 c0  → https://pub-893b4a6a607b4221a894bf861da7914e.r2.dev/878207795333026.mp4
uploaded         2600560010378856 c0  (video) ← 2600560010378856.mp4  → https://pub-893b4a6a607b4221a894bf861da7914e.r2.dev/2600560010378856.mp4
carried-forward  802952912808823 c0  → https://pub-893b4a6a607b4221a894bf861da7914e.r2.dev/802952912808823.mp4
carried-forward  1032381292979378 c0  → https://pub-893b4a6a607b4221a894bf861da7914e.r2.dev/1032381292979378.mp4
carried-forward  1276334237721041 c0  → https://pub-893b4a6a607b4221a894bf861da7914e.r2.dev/1276334237721041.mp4
carried-forward  1024591973654205 c0  → https://pub-893b4a6a607b4221a894bf861da7914e.r2.dev/1024591973654205.mp4
uploaded         1364566212442377 c0  (video) ← 1364566212442377.mp4  → https://pub-893b4a6a607b4221a894bf861da7914e.r2.dev/1364566212442377.mp4
carried-forward  1049522830756864 c0  → https://pub-893b4a6a607b4221a894bf861da7914e.r2.dev/1049522830756864.mp4
carried-forward  2077032929915956 c0  → https://pub-893b4a6a607b4221a894bf861da7914e.r2.dev/2077032929915956.mp4
uploaded         1378965874131398 c0  (video) ← 1378965874131398.mp4  → https://pub-893b4a6a607b4221a894bf861da7914e.r2.dev/1378965874131398.mp4
carried-forward  961677100212298 c0  → https://pub-893b4a6a607b4221a894bf861da7914e.r2.dev/961677100212298.mp4
carried-forward  1872503484122617 c0  → https://pub-893b4a6a607b4221a894bf861da7914e.r2.dev/1872503484122617.mp4
carried-forward  1707361663638583 c0  → https://pub-893b4a6a607b4221a894bf861da7914e.r2.dev/1707361663638583.mp4
carried-forward  2866701513688995 c0  → https://pub-893b4a6a607b4221a894bf861da7914e.r2.dev/2866701513688995.mp4
carried-forward  1801900180976085 c0  → https://pub-893b4a6a607b4221a894bf861da7914e.r2.dev/1801900180976085.mp4
carried-forward  2153258851904762 c0  → https://pub-893b4a6a607b4221a894bf861da7914e.r2.dev/2153258851904762.mp4
carried-forward  985383254463135 c0  → https://pub-893b4a6a607b4221a894bf861da7914e.r2.dev/985383254463135.mp4
carried-forward  2094285581298721 c0  → https://pub-893b4a6a607b4221a894bf861da7914e.r2.dev/2094285581298721.mp4
uploaded         4023640511267861 c0  (video) ← 4023640511267861.mp4  → https://pub-893b4a6a607b4221a894bf861da7914e.r2.dev/4023640511267861.mp4
carried-forward  1504946770960452 c0  → https://pub-893b4a6a607b4221a894bf861da7914e.r2.dev/1504946770960452.mp4
carried-forward  1595236978876918 c0  → https://pub-893b4a6a607b4221a894bf861da7914e.r2.dev/1595236978876918.mp4
carried-forward  1546602566939881 c0  → https://pub-893b4a6a607b4221a894bf861da7914e.r2.dev/1546602566939881.mp4
carried-forward  4419123344997588 c0  → https://pub-893b4a6a607b4221a894bf861da7914e.r2.dev/4419123344997588.mp4
carried-forward  1184504173852691 c0  → https://pub-893b4a6a607b4221a894bf861da7914e.r2.dev/1184504173852691.mp4
carried-forward  2022419928481257 c0  → https://pub-893b4a6a607b4221a894bf861da7914e.r2.dev/2022419928481257.mp4
carried-forward  1665212694751723 c0  → https://pub-893b4a6a607b4221a894bf861da7914e.r2.dev/1665212694751723.mp4
carried-forward  1516135953622417 c0  → https://pub-893b4a6a607b4221a894bf861da7914e.r2.dev/1516135953622417.mp4
uploaded         1044922468486448 c0  (video) ← 1044922468486448.mp4  → https://pub-893b4a6a607b4221a894bf861da7914e.r2.dev/1044922468486448.mp4
carried-forward  1347209950391613 c0  → https://pub-893b4a6a607b4221a894bf861da7914e.r2.dev/1347209950391613.mp4
uploaded         1005728205776741 c0  (video) ← 1005728205776741.mp4  → https://pub-893b4a6a607b4221a894bf861da7914e.r2.dev/1005728205776741.mp4
carried-forward  4453758544952305 c0  → https://pub-893b4a6a607b4221a894bf861da7914e.r2.dev/4453758544952305.mp4
carried-forward  1019762410809692 c0  → https://pub-893b4a6a607b4221a894bf861da7914e.r2.dev/1019762410809692.mp4
carried-forward  4079743558992826 c0  → https://pub-893b4a6a607b4221a894bf861da7914e.r2.dev/4079743558992826.mp4
carried-forward  1100399292660108 c0  → https://pub-893b4a6a607b4221a894bf861da7914e.r2.dev/1100399292660108.mp4
carried-forward  874509921951713 c0  → https://pub-893b4a6a607b4221a894bf861da7914e.r2.dev/874509921951713.mp4
carried-forward  1412955420704388 c0  → https://pub-893b4a6a607b4221a894bf861da7914e.r2.dev/1412955420704388.mp4
carried-forward  1754835955688580 c0  → https://pub-893b4a6a607b4221a894bf861da7914e.r2.dev/1754835955688580.mp4
uploaded         28316050414664741 c0  (video) ← 28316050414664741.mp4  → https://pub-893b4a6a607b4221a894bf861da7914e.r2.dev/28316050414664741.mp4
uploaded         2222302395195230 c0  (video) ← 2222302395195230.mp4  → https://pub-893b4a6a607b4221a894bf861da7914e.r2.dev/2222302395195230.mp4
carried-forward  1308689694583286 c0  → https://pub-893b4a6a607b4221a894bf861da7914e.r2.dev/1308689694583286.mp4
carried-forward  1476996661108631 c0  → https://pub-893b4a6a607b4221a894bf861da7914e.r2.dev/1476996661108631.mp4
carried-forward  912017814528407 c0  → https://pub-893b4a6a607b4221a894bf861da7914e.r2.dev/912017814528407.mp4
uploaded         1042525018467205 c0  (video) ← 1042525018467205.mp4  → https://pub-893b4a6a607b4221a894bf861da7914e.r2.dev/1042525018467205.mp4
carried-forward  995623713290389 c0  → https://pub-893b4a6a607b4221a894bf861da7914e.r2.dev/995623713290389.mp4
carried-forward  3756433574499373 c0  → https://pub-893b4a6a607b4221a894bf861da7914e.r2.dev/3756433574499373.mp4
uploaded         1037782502045079 c0  (video) ← 1037782502045079.mp4  → https://pub-893b4a6a607b4221a894bf861da7914e.r2.dev/1037782502045079.mp4
uploaded         1613462890203029 c0  (video) ← 1613462890203029.mp4  → https://pub-893b4a6a607b4221a894bf861da7914e.r2.dev/1613462890203029.mp4
carried-forward  27350423597950324 c0  → https://pub-893b4a6a607b4221a894bf861da7914e.r2.dev/27350423597950324.mp4
uploaded         28756337543956886 c0  (video) ← 28756337543956886.mp4  → https://pub-893b4a6a607b4221a894bf861da7914e.r2.dev/28756337543956886.mp4
carried-forward  826967597018641 c0  → https://pub-893b4a6a607b4221a894bf861da7914e.r2.dev/826967597018641.mp4
carried-forward  1517149106158256 c0  → https://pub-893b4a6a607b4221a894bf861da7914e.r2.dev/1517149106158256.mp4
carried-forward  1221968766715374 c0  → https://pub-893b4a6a607b4221a894bf861da7914e.r2.dev/1221968766715374.mp4
carried-forward  3641043652700023 c0  → https://pub-893b4a6a607b4221a894bf861da7914e.r2.dev/3641043652700023.mp4
carried-forward  831151359935196 c0  → https://pub-893b4a6a607b4221a894bf861da7914e.r2.dev/831151359935196.mp4
uploaded         1745993059767846 c0  (video) ← 1745993059767846.mp4  → https://pub-893b4a6a607b4221a894bf861da7914e.r2.dev/1745993059767846.mp4
carried-forward  2173112486592673 c0  → https://pub-893b4a6a607b4221a894bf861da7914e.r2.dev/2173112486592673.mp4
carried-forward  1742882823833567 c0  → https://pub-893b4a6a607b4221a894bf861da7914e.r2.dev/1742882823833567.mp4
carried-forward  1073427148601563 c0  → https://pub-893b4a6a607b4221a894bf861da7914e.r2.dev/1073427148601563.mp4
carried-forward  1976175673785603 c0  → https://pub-893b4a6a607b4221a894bf861da7914e.r2.dev/1976175673785603.mp4
uploaded         2042442396357449 c0  (video) ← 2042442396357449.mp4  → https://pub-893b4a6a607b4221a894bf861da7914e.r2.dev/2042442396357449.mp4
carried-forward  1591084245787793 c0  → https://pub-893b4a6a607b4221a894bf861da7914e.r2.dev/1591084245787793.mp4
carried-forward  1582003546629999 c0  → https://pub-893b4a6a607b4221a894bf861da7914e.r2.dev/1582003546629999.mp4
carried-forward  2081508866131058 c0  → https://pub-893b4a6a607b4221a894bf861da7914e.r2.dev/2081508866131058.mp4
uploaded         4500326250214671 c0  (video) ← 4500326250214671.mp4  → https://pub-893b4a6a607b4221a894bf861da7914e.r2.dev/4500326250214671.mp4
carried-forward  1542105073935104 c0  → https://pub-893b4a6a607b4221a894bf861da7914e.r2.dev/1542105073935104.mp4
carried-forward  1083068107997665 c0  → https://pub-893b4a6a607b4221a894bf861da7914e.r2.dev/1083068107997665.mp4
carried-forward  1715381160593788 c0  → https://pub-893b4a6a607b4221a894bf861da7914e.r2.dev/1715381160593788.mp4
carried-forward  1022746960115064 c0  → https://pub-893b4a6a607b4221a894bf861da7914e.r2.dev/1022746960115064.mp4
carried-forward  1343397883899179 c0  → https://pub-893b4a6a607b4221a894bf861da7914e.r2.dev/1343397883899179.mp4
uploaded         1352900726283531 c0  (video) ← 1352900726283531.mp4  → https://pub-893b4a6a607b4221a894bf861da7914e.r2.dev/1352900726283531.mp4
carried-forward  1338879458397876 c0  → https://pub-893b4a6a607b4221a894bf861da7914e.r2.dev/1338879458397876.mp4
uploaded         1076332191385200 c0  (video) ← 1076332191385200.mp4  → https://pub-893b4a6a607b4221a894bf861da7914e.r2.dev/1076332191385200.mp4
uploaded         1577460467431216 c0  (video) ← 1577460467431216.mp4  → https://pub-893b4a6a607b4221a894bf861da7914e.r2.dev/1577460467431216.mp4
carried-forward  1602399901499464 c0  → https://pub-893b4a6a607b4221a894bf861da7914e.r2.dev/1602399901499464.mp4
carried-forward  1028449009853941 c0  → https://pub-893b4a6a607b4221a894bf861da7914e.r2.dev/1028449009853941.mp4
uploaded         1838095117575099 c0  (video) ← 1838095117575099.mp4  → https://pub-893b4a6a607b4221a894bf861da7914e.r2.dev/1838095117575099.mp4
carried-forward  3155628847962719 c0  → https://pub-893b4a6a607b4221a894bf861da7914e.r2.dev/3155628847962719.mp4
carried-forward  1689492209025217 c0  → https://pub-893b4a6a607b4221a894bf861da7914e.r2.dev/1689492209025217.mp4
uploaded         1046805387788699 c0  (video) ← 1046805387788699.mp4  → https://pub-893b4a6a607b4221a894bf861da7914e.r2.dev/1046805387788699.mp4
uploaded         1017232314354680 c0  (video) ← 1017232314354680.mp4  → https://pub-893b4a6a607b4221a894bf861da7914e.r2.dev/1017232314354680.mp4
uploaded         1678379283453451 c0  (video) ← 1678379283453451.mp4  → https://pub-893b4a6a607b4221a894bf861da7914e.r2.dev/1678379283453451.mp4
uploaded         1532371217813932 c0  (video) ← 1532371217813932.mp4  → https://pub-893b4a6a607b4221a894bf861da7914e.r2.dev/1532371217813932.mp4
uploaded         1562286368872973 c0  (video) ← 1562286368872973.mp4  → https://pub-893b4a6a607b4221a894bf861da7914e.r2.dev/1562286368872973.mp4
carried-forward  1570066971479022 c0  → https://pub-893b4a6a607b4221a894bf861da7914e.r2.dev/1570066971479022.mp4
uploaded         2534661207049171 c0  (video) ← 2534661207049171.mp4  → https://pub-893b4a6a607b4221a894bf861da7914e.r2.dev/2534661207049171.mp4
uploaded         1093674339838345 c0  (video) ← 1093674339838345.mp4  → https://pub-893b4a6a607b4221a894bf861da7914e.r2.dev/1093674339838345.mp4
uploaded         1509917513590699 c0  (video) ← 1509917513590699.mp4  → https://pub-893b4a6a607b4221a894bf861da7914e.r2.dev/1509917513590699.mp4
uploaded         1713116226687850 c0  (video) ← 1713116226687850.mp4  → https://pub-893b4a6a607b4221a894bf861da7914e.r2.dev/1713116226687850.mp4
carried-forward  1055451546883252 c0  → https://pub-893b4a6a607b4221a894bf861da7914e.r2.dev/1055451546883252.mp4
carried-forward  912846888518802 c0  → https://pub-893b4a6a607b4221a894bf861da7914e.r2.dev/912846888518802.mp4
uploaded         1029867203092958 c0  (video) ← 1029867203092958.mp4  → https://pub-893b4a6a607b4221a894bf861da7914e.r2.dev/1029867203092958.mp4
carried-forward  1082008637823130 c0  → https://pub-893b4a6a607b4221a894bf861da7914e.r2.dev/1082008637823130.mp4
uploaded         2423992644757664 c0  (video) ← 2423992644757664.mp4  → https://pub-893b4a6a607b4221a894bf861da7914e.r2.dev/2423992644757664.mp4
carried-forward  1337668218548557 c0  → https://pub-893b4a6a607b4221a894bf861da7914e.r2.dev/1337668218548557.mp4
carried-forward  1503247244424866 c0  → https://pub-893b4a6a607b4221a894bf861da7914e.r2.dev/1503247244424866.mp4
carried-forward  2223238285097251 c0  → https://pub-893b4a6a607b4221a894bf861da7914e.r2.dev/2223238285097251.mp4
carried-forward  1330583959053128 c0  → https://pub-893b4a6a607b4221a894bf861da7914e.r2.dev/1330583959053128.mp4
uploaded         1351104653163972 c0  (video) ← 1351104653163972.mp4  → https://pub-893b4a6a607b4221a894bf861da7914e.r2.dev/1351104653163972.mp4
uploaded         1550037346903114 c0  (video) ← 1550037346903114.mp4  → https://pub-893b4a6a607b4221a894bf861da7914e.r2.dev/1550037346903114.mp4
carried-forward  1380282737356513 c0  → https://pub-893b4a6a607b4221a894bf861da7914e.r2.dev/1380282737356513.mp4
carried-forward  1553250802921957 c0  → https://pub-893b4a6a607b4221a894bf861da7914e.r2.dev/1553250802921957.mp4
carried-forward  1690329032226269 c0  → https://pub-893b4a6a607b4221a894bf861da7914e.r2.dev/1690329032226269.mp4
uploaded         1055165770376907 c0  (video) ← 1055165770376907.mp4  → https://pub-893b4a6a607b4221a894bf861da7914e.r2.dev/1055165770376907.mp4
carried-forward  1679312103370343 c0  → https://pub-893b4a6a607b4221a894bf861da7914e.r2.dev/1679312103370343.mp4
carried-forward  1007740341889997 c0  → https://pub-893b4a6a607b4221a894bf861da7914e.r2.dev/1007740341889997.mp4
uploaded         1079851681263582 c0  (video) ← 1079851681263582.mp4  → https://pub-893b4a6a607b4221a894bf861da7914e.r2.dev/1079851681263582.mp4
carried-forward  1346832780758975 c0  → https://pub-893b4a6a607b4221a894bf861da7914e.r2.dev/1346832780758975.mp4
uploaded         1579443816948070 c0  (video) ← 1579443816948070.mp4  → https://pub-893b4a6a607b4221a894bf861da7914e.r2.dev/1579443816948070.mp4
carried-forward  1300113352290551 c0  → https://pub-893b4a6a607b4221a894bf861da7914e.r2.dev/1300113352290551.mp4
carried-forward  2039412566650201 c0  → https://pub-893b4a6a607b4221a894bf861da7914e.r2.dev/2039412566650201.mp4
carried-forward  1076713821482023 c0  → https://pub-893b4a6a607b4221a894bf861da7914e.r2.dev/1076713821482023.mp4
carried-forward  1556283036216137 c0  → https://pub-893b4a6a607b4221a894bf861da7914e.r2.dev/1556283036216137.mp4
uploaded         1404375011749888 c0  (video) ← 1404375011749888.mp4  → https://pub-893b4a6a607b4221a894bf861da7914e.r2.dev/1404375011749888.mp4
carried-forward  1219075670317919 c0  → https://pub-893b4a6a607b4221a894bf861da7914e.r2.dev/1219075670317919.mp4
carried-forward  1360155599371318 c0  → https://pub-893b4a6a607b4221a894bf861da7914e.r2.dev/1360155599371318.mp4
uploaded         1042977398679827 c0  (video) ← 1042977398679827.mp4  → https://pub-893b4a6a607b4221a894bf861da7914e.r2.dev/1042977398679827.mp4
uploaded         2006319543328733 c0  (video) ← 2006319543328733.mp4  → https://pub-893b4a6a607b4221a894bf861da7914e.r2.dev/2006319543328733.mp4
uploaded         1037420685568863 c0  (video) ← 1037420685568863.mp4  → https://pub-893b4a6a607b4221a894bf861da7914e.r2.dev/1037420685568863.mp4
uploaded         1053802913881455 c0  (video) ← 1053802913881455.mp4  → https://pub-893b4a6a607b4221a894bf861da7914e.r2.dev/1053802913881455.mp4
carried-forward  2302770823804284 c0  → https://pub-893b4a6a607b4221a894bf861da7914e.r2.dev/2302770823804284.mp4
carried-forward  1494193832508302 c0  → https://pub-893b4a6a607b4221a894bf861da7914e.r2.dev/1494193832508302.mp4
carried-forward  1318468093605981 c0  → https://pub-893b4a6a607b4221a894bf861da7914e.r2.dev/1318468093605981.mp4
uploaded         1029103916169406 c0  (video) ← 1029103916169406.mp4  → https://pub-893b4a6a607b4221a894bf861da7914e.r2.dev/1029103916169406.mp4
uploaded         1428159775788122 c0  (video) ← 1428159775788122.mp4  → https://pub-893b4a6a607b4221a894bf861da7914e.r2.dev/1428159775788122.mp4
uploaded         1560140525572478 c0  (video) ← 1560140525572478.mp4  → https://pub-893b4a6a607b4221a894bf861da7914e.r2.dev/1560140525572478.mp4
uploaded         3359933537521365 c0  (video) ← 3359933537521365.mp4  → https://pub-893b4a6a607b4221a894bf861da7914e.r2.dev/3359933537521365.mp4
uploaded         1031965902557804 c0  (video) ← 1031965902557804.mp4  → https://pub-893b4a6a607b4221a894bf861da7914e.r2.dev/1031965902557804.mp4
carried-forward  2410715992747792 c0  → https://pub-893b4a6a607b4221a894bf861da7914e.r2.dev/2410715992747792.mp4
uploaded         1033753966034470 c0  (video) ← 1033753966034470.mp4  → https://pub-893b4a6a607b4221a894bf861da7914e.r2.dev/1033753966034470.mp4
carried-forward  1757175298641732 c0  → https://pub-893b4a6a607b4221a894bf861da7914e.r2.dev/1757175298641732.mp4
carried-forward  2278125376375222 c0  → https://pub-893b4a6a607b4221a894bf861da7914e.r2.dev/2278125376375222.mp4
uploaded         2038127397095989 c0  (video) ← 2038127397095989.mp4  → https://pub-893b4a6a607b4221a894bf861da7914e.r2.dev/2038127397095989.mp4
carried-forward  36953778727603955 c0  → https://pub-893b4a6a607b4221a894bf861da7914e.r2.dev/36953778727603955.mp4
uploaded         1351853273037524 c0  (video) ← 1351853273037524.mp4  → https://pub-893b4a6a607b4221a894bf861da7914e.r2.dev/1351853273037524.mp4
carried-forward  1635215360918989 c0  → https://pub-893b4a6a607b4221a894bf861da7914e.r2.dev/1635215360918989.mp4
carried-forward  1700427231075832 c0  → https://pub-893b4a6a607b4221a894bf861da7914e.r2.dev/1700427231075832.mp4
uploaded         1593506989055593 c0  (video) ← 1593506989055593.mp4  → https://pub-893b4a6a607b4221a894bf861da7914e.r2.dev/1593506989055593.mp4
carried-forward  2582755122144483 c0  → https://pub-893b4a6a607b4221a894bf861da7914e.r2.dev/2582755122144483.mp4
carried-forward  1360591792698190 c0  → https://pub-893b4a6a607b4221a894bf861da7914e.r2.dev/1360591792698190.mp4
uploaded         1721483402223346 c0  (video) ← 1721483402223346.mp4  → https://pub-893b4a6a607b4221a894bf861da7914e.r2.dev/1721483402223346.mp4
carried-forward  979926591690487 c0  → https://pub-893b4a6a607b4221a894bf861da7914e.r2.dev/979926591690487.mp4
carried-forward  1016600137901431 c0  → https://pub-893b4a6a607b4221a894bf861da7914e.r2.dev/1016600137901431.mp4
uploaded         1018436624382343 c0  (video) ← 1018436624382343.mp4  → https://pub-893b4a6a607b4221a894bf861da7914e.r2.dev/1018436624382343.mp4
carried-forward  1679975973286060 c0  → https://pub-893b4a6a607b4221a894bf861da7914e.r2.dev/1679975973286060.mp4
carried-forward  986024980878185 c0  → https://pub-893b4a6a607b4221a894bf861da7914e.r2.dev/986024980878185.mp4
uploaded         27875303882106580 c0  (video) ← 27875303882106580.mp4  → https://pub-893b4a6a607b4221a894bf861da7914e.r2.dev/27875303882106580.mp4
carried-forward  997938386411887 c0  → https://pub-893b4a6a607b4221a894bf861da7914e.r2.dev/997938386411887.mp4
carried-forward  1429359822416826 c0  → https://pub-893b4a6a607b4221a894bf861da7914e.r2.dev/1429359822416826.mp4
carried-forward  1021961830212223 c0  → https://pub-893b4a6a607b4221a894bf861da7914e.r2.dev/1021961830212223.mp4
uploaded         1527092622215217 c0  (video) ← 1527092622215217.mp4  → https://pub-893b4a6a607b4221a894bf861da7914e.r2.dev/1527092622215217.mp4
uploaded         28309152782004073 c0  (video) ← 28309152782004073.mp4  → https://pub-893b4a6a607b4221a894bf861da7914e.r2.dev/28309152782004073.mp4
uploaded         28597716999829439 c0  (video) ← 28597716999829439.mp4  → https://pub-893b4a6a607b4221a894bf861da7914e.r2.dev/28597716999829439.mp4
uploaded         1561866075533691 c0  (video) ← 1561866075533691.mp4  → https://pub-893b4a6a607b4221a894bf861da7914e.r2.dev/1561866075533691.mp4
uploaded         1019779650766408 c0  (video) ← 1019779650766408.mp4  → https://pub-893b4a6a607b4221a894bf861da7914e.r2.dev/1019779650766408.mp4
uploaded         1034831992661447 c0  (video) ← 1034831992661447.mp4  → https://pub-893b4a6a607b4221a894bf861da7914e.r2.dev/1034831992661447.mp4
uploaded         1044262141893387 c0  (video) ← 1044262141893387.mp4  → https://pub-893b4a6a607b4221a894bf861da7914e.r2.dev/1044262141893387.mp4
carried-forward  1646364236435916 c0  → https://pub-893b4a6a607b4221a894bf861da7914e.r2.dev/1646364236435916.mp4
uploaded         865933579599661 c0  (video) ← 865933579599661.mp4  → https://pub-893b4a6a607b4221a894bf861da7914e.r2.dev/865933579599661.mp4
carried-forward  1550825906643768 c0  → https://pub-893b4a6a607b4221a894bf861da7914e.r2.dev/1550825906643768.mp4
carried-forward  997826756463875 c0  → https://pub-893b4a6a607b4221a894bf861da7914e.r2.dev/997826756463875.mp4
carried-forward  1774241500587954 c0  → https://pub-893b4a6a607b4221a894bf861da7914e.r2.dev/1774241500587954.mp4
uploaded         1062817436201143 c0  (video) ← 1062817436201143.mp4  → https://pub-893b4a6a607b4221a894bf861da7914e.r2.dev/1062817436201143.mp4
uploaded         1562000798939942 c0  (video) ← 1562000798939942.mp4  → https://pub-893b4a6a607b4221a894bf861da7914e.r2.dev/1562000798939942.mp4
uploaded         1580856977163445 c0  (video) ← 1580856977163445.mp4  → https://pub-893b4a6a607b4221a894bf861da7914e.r2.dev/1580856977163445.mp4
carried-forward  2069856527074376 c0  → https://pub-893b4a6a607b4221a894bf861da7914e.r2.dev/2069856527074376.mp4
uploaded         1021380483860437 c0  (video) ← 1021380483860437.mp4  → https://pub-893b4a6a607b4221a894bf861da7914e.r2.dev/1021380483860437.mp4
carried-forward  1549247150203977 c0  → https://pub-893b4a6a607b4221a894bf861da7914e.r2.dev/1549247150203977.mp4
carried-forward  1598260625282277 c0  → https://pub-893b4a6a607b4221a894bf861da7914e.r2.dev/1598260625282277.mp4
carried-forward  1676195966972808 c0  → https://pub-893b4a6a607b4221a894bf861da7914e.r2.dev/1676195966972808.mp4
uploaded         1905806780092486 c0  (video) ← 1905806780092486.mp4  → https://pub-893b4a6a607b4221a894bf861da7914e.r2.dev/1905806780092486.mp4
carried-forward  2384988698654054 c0  → https://pub-893b4a6a607b4221a894bf861da7914e.r2.dev/2384988698654054.mp4
carried-forward  1009169425229780 c0  → https://pub-893b4a6a607b4221a894bf861da7914e.r2.dev/1009169425229780.mp4
uploaded         1757554012084795 c0  (video) ← 1757554012084795.mp4  → https://pub-893b4a6a607b4221a894bf861da7914e.r2.dev/1757554012084795.mp4
carried-forward  2245359769555092 c0  → https://pub-893b4a6a607b4221a894bf861da7914e.r2.dev/2245359769555092.mp4
uploaded         2251010792317759 c0  (video) ← 2251010792317759.mp4  → https://pub-893b4a6a607b4221a894bf861da7914e.r2.dev/2251010792317759.mp4
carried-forward  1529543691964572 c0  → https://pub-893b4a6a607b4221a894bf861da7914e.r2.dev/1529543691964572.mp4
carried-forward  1548448613407809 c0  → https://pub-893b4a6a607b4221a894bf861da7914e.r2.dev/1548448613407809.mp4
carried-forward  1555764442572466 c0  → https://pub-893b4a6a607b4221a894bf861da7914e.r2.dev/1555764442572466.mp4
uploaded         1708007630488676 c0  (video) ← 1708007630488676.mp4  → https://pub-893b4a6a607b4221a894bf861da7914e.r2.dev/1708007630488676.mp4
carried-forward  1337634014636988 c0  → https://pub-893b4a6a607b4221a894bf861da7914e.r2.dev/1337634014636988.mp4
carried-forward  2000913570552724 c0  → https://pub-893b4a6a607b4221a894bf861da7914e.r2.dev/2000913570552724.mp4
carried-forward  1294545619418263 c0  → https://pub-893b4a6a607b4221a894bf861da7914e.r2.dev/1294545619418263.mp4
uploaded         1314303577354005 c0  (video) ← 1314303577354005.mp4  → https://pub-893b4a6a607b4221a894bf861da7914e.r2.dev/1314303577354005.mp4
uploaded         1799544034733272 c0  (video) ← 1799544034733272.mp4  → https://pub-893b4a6a607b4221a894bf861da7914e.r2.dev/1799544034733272.mp4
uploaded         923667397433648 c0  (video) ← 923667397433648.mp4  → https://pub-893b4a6a607b4221a894bf861da7914e.r2.dev/923667397433648.mp4
carried-forward  1061803716382467 c0  → https://pub-893b4a6a607b4221a894bf861da7914e.r2.dev/1061803716382467.mp4
uploaded         1380651957275499 c0  (video) ← 1380651957275499.mp4  → https://pub-893b4a6a607b4221a894bf861da7914e.r2.dev/1380651957275499.mp4
uploaded         1665654894502823 c0  (video) ← 1665654894502823.mp4  → https://pub-893b4a6a607b4221a894bf861da7914e.r2.dev/1665654894502823.mp4
uploaded         1035457932612306 c0  (video) ← 1035457932612306.mp4  → https://pub-893b4a6a607b4221a894bf861da7914e.r2.dev/1035457932612306.mp4
uploaded         1051714333885127 c0  (video) ← 1051714333885127.mp4  → https://pub-893b4a6a607b4221a894bf861da7914e.r2.dev/1051714333885127.mp4
carried-forward  27192017473832256 c0  → https://pub-893b4a6a607b4221a894bf861da7914e.r2.dev/27192017473832256.mp4
uploaded         1032970809343050 c0  (video) ← 1032970809343050.mp4  → https://pub-893b4a6a607b4221a894bf861da7914e.r2.dev/1032970809343050.mp4
uploaded         4447259318888923 c0  (video) ← 4447259318888923.mp4  → https://pub-893b4a6a607b4221a894bf861da7914e.r2.dev/4447259318888923.mp4
carried-forward  1014666224660601 c0  → https://pub-893b4a6a607b4221a894bf861da7914e.r2.dev/1014666224660601.mp4
uploaded         1027523236312348 c0  (video) ← 1027523236312348.mp4  → https://pub-893b4a6a607b4221a894bf861da7914e.r2.dev/1027523236312348.mp4
carried-forward  1362661155980082 c0  → https://pub-893b4a6a607b4221a894bf861da7914e.r2.dev/1362661155980082.mp4
uploaded         1504917720885645 c0  (video) ← 1504917720885645.mp4  → https://pub-893b4a6a607b4221a894bf861da7914e.r2.dev/1504917720885645.mp4
uploaded         1572318447882083 c0  (video) ← 1572318447882083.mp4  → https://pub-893b4a6a607b4221a894bf861da7914e.r2.dev/1572318447882083.mp4
carried-forward  1722970195676115 c0  → https://pub-893b4a6a607b4221a894bf861da7914e.r2.dev/1722970195676115.mp4
uploaded         2254100538713086 c0  (video) ← 2254100538713086.mp4  → https://pub-893b4a6a607b4221a894bf861da7914e.r2.dev/2254100538713086.mp4
carried-forward  5035562730031725 c0  → https://pub-893b4a6a607b4221a894bf861da7914e.r2.dev/5035562730031725.mp4
carried-forward  1011509568312752 c0  → https://pub-893b4a6a607b4221a894bf861da7914e.r2.dev/1011509568312752.mp4
uploaded         1024239850465827 c0  (video) ← 1024239850465827.mp4  → https://pub-893b4a6a607b4221a894bf861da7914e.r2.dev/1024239850465827.mp4
uploaded         1386725023352360 c0  (video) ← 1386725023352360.mp4  → https://pub-893b4a6a607b4221a894bf861da7914e.r2.dev/1386725023352360.mp4
uploaded         1651061369327692 c0  (video) ← 1651061369327692.mp4  → https://pub-893b4a6a607b4221a894bf861da7914e.r2.dev/1651061369327692.mp4
uploaded         1772435467121636 c0  (video) ← 1772435467121636.mp4  → https://pub-893b4a6a607b4221a894bf861da7914e.r2.dev/1772435467121636.mp4
carried-forward  2794731494219714 c0  → https://pub-893b4a6a607b4221a894bf861da7914e.r2.dev/2794731494219714.mp4
carried-forward  1518916412488930 c0  → https://pub-893b4a6a607b4221a894bf861da7914e.r2.dev/1518916412488930.mp4
uploaded         1602413707900201 c0  (video) ← 1602413707900201.mp4  → https://pub-893b4a6a607b4221a894bf861da7914e.r2.dev/1602413707900201.mp4
carried-forward  1749737806164983 c0  → https://pub-893b4a6a607b4221a894bf861da7914e.r2.dev/1749737806164983.mp4
uploaded         1800572157980668 c0  (video) ← 1800572157980668.mp4  → https://pub-893b4a6a607b4221a894bf861da7914e.r2.dev/1800572157980668.mp4
carried-forward  2283025218901164 c0  → https://pub-893b4a6a607b4221a894bf861da7914e.r2.dev/2283025218901164.mp4
carried-forward  1828325671944421 c0  → https://pub-893b4a6a607b4221a894bf861da7914e.r2.dev/1828325671944421.mp4
uploaded         1363528722569075 c0  (video) ← 1363528722569075.mp4  → https://pub-893b4a6a607b4221a894bf861da7914e.r2.dev/1363528722569075.mp4
uploaded         27558293853823452 c0  (video) ← 27558293853823452.mp4  → https://pub-893b4a6a607b4221a894bf861da7914e.r2.dev/27558293853823452.mp4
uploaded         1566498118185104 c0  (video) ← 1566498118185104.mp4  → https://pub-893b4a6a607b4221a894bf861da7914e.r2.dev/1566498118185104.mp4
carried-forward  1593425012356611 c0  → https://pub-893b4a6a607b4221a894bf861da7914e.r2.dev/1593425012356611.mp4
carried-forward  3893175160988013 c0  → https://pub-893b4a6a607b4221a894bf861da7914e.r2.dev/3893175160988013.mp4
uploaded         1417793360397770 c0  (video) ← 1417793360397770.mp4  → https://pub-893b4a6a607b4221a894bf861da7914e.r2.dev/1417793360397770.mp4
uploaded         1553673186453453 c0  (video) ← 1553673186453453.mp4  → https://pub-893b4a6a607b4221a894bf861da7914e.r2.dev/1553673186453453.mp4
uploaded         916224887426273 c0  (video) ← 916224887426273.mp4  → https://pub-893b4a6a607b4221a894bf861da7914e.r2.dev/916224887426273.mp4
carried-forward  1722977905449062 c0  → https://pub-893b4a6a607b4221a894bf861da7914e.r2.dev/1722977905449062.mp4
uploaded         2379096062649903 c0  (video) ← 2379096062649903.mp4  → https://pub-893b4a6a607b4221a894bf861da7914e.r2.dev/2379096062649903.mp4
uploaded         1059310467047802 c0  (video) ← 1059310467047802.mp4  → https://pub-893b4a6a607b4221a894bf861da7914e.r2.dev/1059310467047802.mp4
uploaded         1392840026074844 c0  (video) ← 1392840026074844.mp4  → https://pub-893b4a6a607b4221a894bf861da7914e.r2.dev/1392840026074844.mp4
uploaded         1700629094481728 c0  (video) ← 1700629094481728.mp4  → https://pub-893b4a6a607b4221a894bf861da7914e.r2.dev/1700629094481728.mp4
uploaded         1756386112184302 c0  (video) ← 1756386112184302.mp4  → https://pub-893b4a6a607b4221a894bf861da7914e.r2.dev/1756386112184302.mp4
uploaded         1024466240301940 c0  (video) ← 1024466240301940.mp4  → https://pub-893b4a6a607b4221a894bf861da7914e.r2.dev/1024466240301940.mp4
carried-forward  1572033057645862 c0  → https://pub-893b4a6a607b4221a894bf861da7914e.r2.dev/1572033057645862.mp4
carried-forward  1748815813031139 c0  → https://pub-893b4a6a607b4221a894bf861da7914e.r2.dev/1748815813031139.mp4
uploaded         1405896751599829 c0  (video) ← 1405896751599829.mp4  → https://pub-893b4a6a607b4221a894bf861da7914e.r2.dev/1405896751599829.mp4
uploaded         4370657373201809 c0  (video) ← 4370657373201809.mp4  → https://pub-893b4a6a607b4221a894bf861da7914e.r2.dev/4370657373201809.mp4
uploaded         1028318359781088 c0  (video) ← 1028318359781088.mp4  → https://pub-893b4a6a607b4221a894bf861da7914e.r2.dev/1028318359781088.mp4
uploaded         1036384958750209 c0  (video) ← 1036384958750209.mp4  → https://pub-893b4a6a607b4221a894bf861da7914e.r2.dev/1036384958750209.mp4
carried-forward  1350665050600421 c0  → https://pub-893b4a6a607b4221a894bf861da7914e.r2.dev/1350665050600421.mp4
carried-forward  2241143646686335 c0  → https://pub-893b4a6a607b4221a894bf861da7914e.r2.dev/2241143646686335.mp4
uploaded         917697763921470 c0  (video) ← 917697763921470.mp4  → https://pub-893b4a6a607b4221a894bf861da7914e.r2.dev/917697763921470.mp4
uploaded         1566566444983145 c0  (video) ← 1566566444983145.mp4  → https://pub-893b4a6a607b4221a894bf861da7914e.r2.dev/1566566444983145.mp4
uploaded         27703050869350197 c0  (video) ← 27703050869350197.mp4  → https://pub-893b4a6a607b4221a894bf861da7914e.r2.dev/27703050869350197.mp4
uploaded         903567859459804 c0  (video) ← 903567859459804.mp4  → https://pub-893b4a6a607b4221a894bf861da7914e.r2.dev/903567859459804.mp4
uploaded         1419783906636688 c0  (video) ← 1419783906636688.mp4  → https://pub-893b4a6a607b4221a894bf861da7914e.r2.dev/1419783906636688.mp4
uploaded         1756638655362024 c0  (video) ← 1756638655362024.mp4  → https://pub-893b4a6a607b4221a894bf861da7914e.r2.dev/1756638655362024.mp4
carried-forward  2081358779116501 c0  → https://pub-893b4a6a607b4221a894bf861da7914e.r2.dev/2081358779116501.mp4
uploaded         2088552328727470 c0  (video) ← 2088552328727470.mp4  → https://pub-893b4a6a607b4221a894bf861da7914e.r2.dev/2088552328727470.mp4
uploaded         2563228734139105 c0  (video) ← 2563228734139105.mp4  → https://pub-893b4a6a607b4221a894bf861da7914e.r2.dev/2563228734139105.mp4
carried-forward  4373232079613595 c0  → https://pub-893b4a6a607b4221a894bf861da7914e.r2.dev/4373232079613595.mp4
uploaded         920953324360864 c0  (video) ← 920953324360864.mp4  → https://pub-893b4a6a607b4221a894bf861da7914e.r2.dev/920953324360864.mp4
uploaded         2119651915431693 c0  (video) ← 2119651915431693.mp4  → https://pub-893b4a6a607b4221a894bf861da7914e.r2.dev/2119651915431693.mp4
