# Step 3 run log
# competitor : lingo-ai
# started_at : 2026-07-12T14:42:53
# input      : facebook/inputs/fb-ads-lingo-ai-2026-07-12-1417.csv
# videos     : facebook/videos/lingo-ai-2026-07-12
# master     : facebook/master/lingo-ai.csv  (updated)
# enriched   : facebook/inputs/fb-ads-lingo-ai-2026-07-12-1417_enriched.csv
# bucket     : video-ads
# public_base: https://pub-893b4a6a607b4221a894bf861da7914e.r2.dev
# dry_run    : False
#
# counts     : {'uploaded': 33, 'carried-forward': 142, 'image-pending': 0, 'video-missing': 9, 'no-creative': 0, 'error': 0}
#
carried-forward  1038854211901779 c0  → https://pub-893b4a6a607b4221a894bf861da7914e.r2.dev/1038854211901779.mp4
video-missing    1038854211901779 c0  (expected file not found in facebook/videos/lingo-ai-2026-07-12)
video-missing    1038854211901779 c0  (expected file not found in facebook/videos/lingo-ai-2026-07-12)
carried-forward  1586245716244003 c0  → https://pub-893b4a6a607b4221a894bf861da7914e.r2.dev/1586245716244003.mp4
video-missing    1586245716244003 c0  (expected file not found in facebook/videos/lingo-ai-2026-07-12)
carried-forward  1093823739826634 c0  → https://pub-893b4a6a607b4221a894bf861da7914e.r2.dev/1093823739826634.mp4
carried-forward  1962277031827815 c0  → https://pub-893b4a6a607b4221a894bf861da7914e.r2.dev/1962277031827815.mp4
video-missing    1962277031827815 c0  (expected file not found in facebook/videos/lingo-ai-2026-07-12)
carried-forward  1003526658752736 c0  → https://pub-893b4a6a607b4221a894bf861da7914e.r2.dev/1003526658752736.mp4
carried-forward  2817216648647618 c0  → https://pub-893b4a6a607b4221a894bf861da7914e.r2.dev/2817216648647618.mp4
carried-forward  1651336692836508 c0  → https://pub-893b4a6a607b4221a894bf861da7914e.r2.dev/1651336692836508.mp4
carried-forward  861649606640914 c0  → https://pub-893b4a6a607b4221a894bf861da7914e.r2.dev/861649606640914.mp4
carried-forward  831092886606480 c0  → https://pub-893b4a6a607b4221a894bf861da7914e.r2.dev/831092886606480.mp4
carried-forward  1336448118024889 c0  → https://pub-893b4a6a607b4221a894bf861da7914e.r2.dev/1336448118024889.mp4
carried-forward  1683265226128164 c0  → https://pub-893b4a6a607b4221a894bf861da7914e.r2.dev/1683265226128164.mp4
carried-forward  1312402474407625 c0  → https://pub-893b4a6a607b4221a894bf861da7914e.r2.dev/1312402474407625.mp4
carried-forward  1525338649343366 c0  → https://pub-893b4a6a607b4221a894bf861da7914e.r2.dev/1525338649343366.mp4
carried-forward  2391010851423275 c0  → https://pub-893b4a6a607b4221a894bf861da7914e.r2.dev/2391010851423275.mp4
carried-forward  1334703498047853 c0  → https://pub-893b4a6a607b4221a894bf861da7914e.r2.dev/1334703498047853.mp4
carried-forward  993382163488187 c0  → https://pub-893b4a6a607b4221a894bf861da7914e.r2.dev/993382163488187.mp4
carried-forward  27223086024028518 c0  → https://pub-893b4a6a607b4221a894bf861da7914e.r2.dev/27223086024028518.mp4
carried-forward  1564342995284861 c0  → https://pub-893b4a6a607b4221a894bf861da7914e.r2.dev/1564342995284861.mp4
carried-forward  1700473561187346 c0  → https://pub-893b4a6a607b4221a894bf861da7914e.r2.dev/1700473561187346.mp4
carried-forward  1045500287898156 c0  → https://pub-893b4a6a607b4221a894bf861da7914e.r2.dev/1045500287898156.mp4
carried-forward  1006880602208933 c0  → https://pub-893b4a6a607b4221a894bf861da7914e.r2.dev/1006880602208933.mp4
carried-forward  1402910178342547 c0  → https://pub-893b4a6a607b4221a894bf861da7914e.r2.dev/1402910178342547.mp4
carried-forward  2223760955053163 c0  → https://pub-893b4a6a607b4221a894bf861da7914e.r2.dev/2223760955053163.mp4
carried-forward  2019382318667999 c0  → https://pub-893b4a6a607b4221a894bf861da7914e.r2.dev/2019382318667999.mp4
uploaded         961634370260710 c0  (video) ← 961634370260710.mp4  → https://pub-893b4a6a607b4221a894bf861da7914e.r2.dev/961634370260710.mp4
video-missing    961634370260710 c0  (expected file not found in facebook/videos/lingo-ai-2026-07-12)
carried-forward  4494315040857752 c0  → https://pub-893b4a6a607b4221a894bf861da7914e.r2.dev/4494315040857752.mp4
video-missing    4494315040857752 c0  (expected file not found in facebook/videos/lingo-ai-2026-07-12)
carried-forward  1699898057920736 c0  → https://pub-893b4a6a607b4221a894bf861da7914e.r2.dev/1699898057920736.mp4
carried-forward  1698860684599117 c0  → https://pub-893b4a6a607b4221a894bf861da7914e.r2.dev/1698860684599117.mp4
carried-forward  1427273542560007 c0  → https://pub-893b4a6a607b4221a894bf861da7914e.r2.dev/1427273542560007.mp4
carried-forward  2253769662106911 c0  → https://pub-893b4a6a607b4221a894bf861da7914e.r2.dev/2253769662106911.mp4
video-missing    2253769662106911 c0  (expected file not found in facebook/videos/lingo-ai-2026-07-12)
carried-forward  1606914717526779 c0  → https://pub-893b4a6a607b4221a894bf861da7914e.r2.dev/1606914717526779.mp4
carried-forward  1972127246813621 c0  → https://pub-893b4a6a607b4221a894bf861da7914e.r2.dev/1972127246813621.mp4
carried-forward  1320259926955388 c0  → https://pub-893b4a6a607b4221a894bf861da7914e.r2.dev/1320259926955388.mp4
uploaded         1727699528375567 c0  (video) ← 1727699528375567.mp4  → https://pub-893b4a6a607b4221a894bf861da7914e.r2.dev/1727699528375567.mp4
carried-forward  1543107963869133 c0  → https://pub-893b4a6a607b4221a894bf861da7914e.r2.dev/1543107963869133.mp4
carried-forward  1038960765740921 c0  → https://pub-893b4a6a607b4221a894bf861da7914e.r2.dev/1038960765740921.mp4
carried-forward  930122306779499 c0  → https://pub-893b4a6a607b4221a894bf861da7914e.r2.dev/930122306779499.mp4
carried-forward  876256078890716 c0  → https://pub-893b4a6a607b4221a894bf861da7914e.r2.dev/876256078890716.mp4
carried-forward  1196805302586861 c0  → https://pub-893b4a6a607b4221a894bf861da7914e.r2.dev/1196805302586861.mp4
carried-forward  1337840091790742 c0  → https://pub-893b4a6a607b4221a894bf861da7914e.r2.dev/1337840091790742.mp4
carried-forward  1555307446033768 c0  → https://pub-893b4a6a607b4221a894bf861da7914e.r2.dev/1555307446033768.mp4
carried-forward  4563175387238880 c0  → https://pub-893b4a6a607b4221a894bf861da7914e.r2.dev/4563175387238880.mp4
carried-forward  2565741070509053 c0  → https://pub-893b4a6a607b4221a894bf861da7914e.r2.dev/2565741070509053.mp4
carried-forward  1705366507331909 c0  → https://pub-893b4a6a607b4221a894bf861da7914e.r2.dev/1705366507331909.mp4
carried-forward  1506922147561152 c0  → https://pub-893b4a6a607b4221a894bf861da7914e.r2.dev/1506922147561152.mp4
uploaded         1015124921433772 c0  (video) ← 1015124921433772.mp4  → https://pub-893b4a6a607b4221a894bf861da7914e.r2.dev/1015124921433772.mp4
carried-forward  2134439107466829 c0  → https://pub-893b4a6a607b4221a894bf861da7914e.r2.dev/2134439107466829.mp4
carried-forward  844826715136633 c0  → https://pub-893b4a6a607b4221a894bf861da7914e.r2.dev/844826715136633.mp4
carried-forward  1609843680737239 c0  → https://pub-893b4a6a607b4221a894bf861da7914e.r2.dev/1609843680737239.mp4
carried-forward  1036575242203841 c0  → https://pub-893b4a6a607b4221a894bf861da7914e.r2.dev/1036575242203841.mp4
carried-forward  898871176564000 c0  → https://pub-893b4a6a607b4221a894bf861da7914e.r2.dev/898871176564000.mp4
carried-forward  2216824899072586 c0  → https://pub-893b4a6a607b4221a894bf861da7914e.r2.dev/2216824899072586.mp4
carried-forward  1633628567704710 c0  → https://pub-893b4a6a607b4221a894bf861da7914e.r2.dev/1633628567704710.mp4
carried-forward  2076022413797975 c0  → https://pub-893b4a6a607b4221a894bf861da7914e.r2.dev/2076022413797975.mp4
carried-forward  1731350314547390 c0  → https://pub-893b4a6a607b4221a894bf861da7914e.r2.dev/1731350314547390.mp4
carried-forward  1691784178829769 c0  → https://pub-893b4a6a607b4221a894bf861da7914e.r2.dev/1691784178829769.mp4
carried-forward  2953210015070433 c0  → https://pub-893b4a6a607b4221a894bf861da7914e.r2.dev/2953210015070433.mp4
carried-forward  1077103504746451 c0  → https://pub-893b4a6a607b4221a894bf861da7914e.r2.dev/1077103504746451.mp4
carried-forward  2301738637239103 c0  → https://pub-893b4a6a607b4221a894bf861da7914e.r2.dev/2301738637239103.mp4
uploaded         1533349715150736 c0  (video) ← 1533349715150736.mp4  → https://pub-893b4a6a607b4221a894bf861da7914e.r2.dev/1533349715150736.mp4
carried-forward  1737720157248252 c0  → https://pub-893b4a6a607b4221a894bf861da7914e.r2.dev/1737720157248252.mp4
carried-forward  878207795333026 c0  → https://pub-893b4a6a607b4221a894bf861da7914e.r2.dev/878207795333026.mp4
carried-forward  1735192437671922 c0  → https://pub-893b4a6a607b4221a894bf861da7914e.r2.dev/1735192437671922.mp4
carried-forward  4252978928346557 c0  → https://pub-893b4a6a607b4221a894bf861da7914e.r2.dev/4252978928346557.mp4
video-missing    4252978928346557 c0  (expected file not found in facebook/videos/lingo-ai-2026-07-12)
carried-forward  1032381292979378 c0  → https://pub-893b4a6a607b4221a894bf861da7914e.r2.dev/1032381292979378.mp4
carried-forward  1035971962252837 c0  → https://pub-893b4a6a607b4221a894bf861da7914e.r2.dev/1035971962252837.mp4
carried-forward  2077032929915956 c0  → https://pub-893b4a6a607b4221a894bf861da7914e.r2.dev/2077032929915956.mp4
carried-forward  1060787429797748 c0  → https://pub-893b4a6a607b4221a894bf861da7914e.r2.dev/1060787429797748.mp4
carried-forward  1872503484122617 c0  → https://pub-893b4a6a607b4221a894bf861da7914e.r2.dev/1872503484122617.mp4
carried-forward  2153258851904762 c0  → https://pub-893b4a6a607b4221a894bf861da7914e.r2.dev/2153258851904762.mp4
carried-forward  1583929746697634 c0  → https://pub-893b4a6a607b4221a894bf861da7914e.r2.dev/1583929746697634.mp4
carried-forward  1332107031680751 c0  → https://pub-893b4a6a607b4221a894bf861da7914e.r2.dev/1332107031680751.mp4
carried-forward  802952912808823 c0  → https://pub-893b4a6a607b4221a894bf861da7914e.r2.dev/802952912808823.mp4
carried-forward  1929767137611529 c0  → https://pub-893b4a6a607b4221a894bf861da7914e.r2.dev/1929767137611529.mp4
carried-forward  1915386352474119 c0  → https://pub-893b4a6a607b4221a894bf861da7914e.r2.dev/1915386352474119.mp4
uploaded         1574457477430487 c0  (video) ← 1574457477430487.mp4  → https://pub-893b4a6a607b4221a894bf861da7914e.r2.dev/1574457477430487.mp4
carried-forward  4675112942774885 c0  → https://pub-893b4a6a607b4221a894bf861da7914e.r2.dev/4675112942774885.mp4
carried-forward  1343730573811486 c0  → https://pub-893b4a6a607b4221a894bf861da7914e.r2.dev/1343730573811486.mp4
carried-forward  1532901558303092 c0  → https://pub-893b4a6a607b4221a894bf861da7914e.r2.dev/1532901558303092.mp4
carried-forward  1027048733068187 c0  → https://pub-893b4a6a607b4221a894bf861da7914e.r2.dev/1027048733068187.mp4
uploaded         2163715550839350 c0  (video) ← 2163715550839350.mp4  → https://pub-893b4a6a607b4221a894bf861da7914e.r2.dev/2163715550839350.mp4
carried-forward  1516135953622417 c0  → https://pub-893b4a6a607b4221a894bf861da7914e.r2.dev/1516135953622417.mp4
carried-forward  3340516169466059 c0  → https://pub-893b4a6a607b4221a894bf861da7914e.r2.dev/3340516169466059.mp4
carried-forward  1100399292660108 c0  → https://pub-893b4a6a607b4221a894bf861da7914e.r2.dev/1100399292660108.mp4
carried-forward  1663926744681954 c0  → https://pub-893b4a6a607b4221a894bf861da7914e.r2.dev/1663926744681954.mp4
carried-forward  1821063475538897 c0  → https://pub-893b4a6a607b4221a894bf861da7914e.r2.dev/1821063475538897.mp4
carried-forward  1415999857029783 c0  → https://pub-893b4a6a607b4221a894bf861da7914e.r2.dev/1415999857029783.mp4
uploaded         1041001641815599 c0  (video) ← 1041001641815599.mp4  → https://pub-893b4a6a607b4221a894bf861da7914e.r2.dev/1041001641815599.mp4
carried-forward  1078811787841101 c0  → https://pub-893b4a6a607b4221a894bf861da7914e.r2.dev/1078811787841101.mp4
carried-forward  1561874152143403 c0  → https://pub-893b4a6a607b4221a894bf861da7914e.r2.dev/1561874152143403.mp4
carried-forward  864884643351667 c0  → https://pub-893b4a6a607b4221a894bf861da7914e.r2.dev/864884643351667.mp4
carried-forward  2016025865946313 c0  → https://pub-893b4a6a607b4221a894bf861da7914e.r2.dev/2016025865946313.mp4
carried-forward  1005858105794583 c0  → https://pub-893b4a6a607b4221a894bf861da7914e.r2.dev/1005858105794583.mp4
carried-forward  2013049059297231 c0  → https://pub-893b4a6a607b4221a894bf861da7914e.r2.dev/2013049059297231.mp4
carried-forward  1069174625775853 c0  → https://pub-893b4a6a607b4221a894bf861da7914e.r2.dev/1069174625775853.mp4
carried-forward  1539898520838626 c0  → https://pub-893b4a6a607b4221a894bf861da7914e.r2.dev/1539898520838626.mp4
carried-forward  2654198474977868 c0  → https://pub-893b4a6a607b4221a894bf861da7914e.r2.dev/2654198474977868.mp4
carried-forward  1754835955688580 c0  → https://pub-893b4a6a607b4221a894bf861da7914e.r2.dev/1754835955688580.mp4
carried-forward  826967597018641 c0  → https://pub-893b4a6a607b4221a894bf861da7914e.r2.dev/826967597018641.mp4
carried-forward  1403634755018898 c0  → https://pub-893b4a6a607b4221a894bf861da7914e.r2.dev/1403634755018898.mp4
carried-forward  831151359935196 c0  → https://pub-893b4a6a607b4221a894bf861da7914e.r2.dev/831151359935196.mp4
uploaded         1689975958720696 c0  (video) ← 1689975958720696.mp4  → https://pub-893b4a6a607b4221a894bf861da7914e.r2.dev/1689975958720696.mp4
carried-forward  1778942330132715 c0  → https://pub-893b4a6a607b4221a894bf861da7914e.r2.dev/1778942330132715.mp4
carried-forward  27350423597950324 c0  → https://pub-893b4a6a607b4221a894bf861da7914e.r2.dev/27350423597950324.mp4
carried-forward  27171113109254491 c0  → https://pub-893b4a6a607b4221a894bf861da7914e.r2.dev/27171113109254491.mp4
carried-forward  1028449009853941 c0  → https://pub-893b4a6a607b4221a894bf861da7914e.r2.dev/1028449009853941.mp4
carried-forward  1343397883899179 c0  → https://pub-893b4a6a607b4221a894bf861da7914e.r2.dev/1343397883899179.mp4
carried-forward  1689492209025217 c0  → https://pub-893b4a6a607b4221a894bf861da7914e.r2.dev/1689492209025217.mp4
carried-forward  1102346855789311 c0  → https://pub-893b4a6a607b4221a894bf861da7914e.r2.dev/1102346855789311.mp4
carried-forward  1665570207993946 c0  → https://pub-893b4a6a607b4221a894bf861da7914e.r2.dev/1665570207993946.mp4
carried-forward  1337668218548557 c0  → https://pub-893b4a6a607b4221a894bf861da7914e.r2.dev/1337668218548557.mp4
carried-forward  4289469851302149 c0  → https://pub-893b4a6a607b4221a894bf861da7914e.r2.dev/4289469851302149.mp4
carried-forward  1330583959053128 c0  → https://pub-893b4a6a607b4221a894bf861da7914e.r2.dev/1330583959053128.mp4
carried-forward  2367898560406946 c0  → https://pub-893b4a6a607b4221a894bf861da7914e.r2.dev/2367898560406946.mp4
carried-forward  2039412566650201 c0  → https://pub-893b4a6a607b4221a894bf861da7914e.r2.dev/2039412566650201.mp4
carried-forward  2179213682620587 c0  → https://pub-893b4a6a607b4221a894bf861da7914e.r2.dev/2179213682620587.mp4
carried-forward  2276444916498087 c0  → https://pub-893b4a6a607b4221a894bf861da7914e.r2.dev/2276444916498087.mp4
carried-forward  4397797407216679 c0  → https://pub-893b4a6a607b4221a894bf861da7914e.r2.dev/4397797407216679.mp4
carried-forward  1264112379002091 c0  → https://pub-893b4a6a607b4221a894bf861da7914e.r2.dev/1264112379002091.mp4
uploaded         1376895344304182 c0  (video) ← 1376895344304182.mp4  → https://pub-893b4a6a607b4221a894bf861da7914e.r2.dev/1376895344304182.mp4
carried-forward  1227138466187768 c0  → https://pub-893b4a6a607b4221a894bf861da7914e.r2.dev/1227138466187768.mp4
uploaded         1570029704755560 c0  (video) ← 1570029704755560.mp4  → https://pub-893b4a6a607b4221a894bf861da7914e.r2.dev/1570029704755560.mp4
carried-forward  1967353097232627 c0  → https://pub-893b4a6a607b4221a894bf861da7914e.r2.dev/1967353097232627.mp4
carried-forward  1620690590064291 c0  → https://pub-893b4a6a607b4221a894bf861da7914e.r2.dev/1620690590064291.mp4
carried-forward  1635215360918989 c0  → https://pub-893b4a6a607b4221a894bf861da7914e.r2.dev/1635215360918989.mp4
carried-forward  888239487656454 c0  → https://pub-893b4a6a607b4221a894bf861da7914e.r2.dev/888239487656454.mp4
carried-forward  2815498448806265 c0  → https://pub-893b4a6a607b4221a894bf861da7914e.r2.dev/2815498448806265.mp4
carried-forward  1336049577946625 c0  → https://pub-893b4a6a607b4221a894bf861da7914e.r2.dev/1336049577946625.mp4
carried-forward  1646364236435916 c0  → https://pub-893b4a6a607b4221a894bf861da7914e.r2.dev/1646364236435916.mp4
carried-forward  1016181760769430 c0  → https://pub-893b4a6a607b4221a894bf861da7914e.r2.dev/1016181760769430.mp4
carried-forward  3155628847962719 c0  → https://pub-893b4a6a607b4221a894bf861da7914e.r2.dev/3155628847962719.mp4
carried-forward  1013550654629784 c0  → https://pub-893b4a6a607b4221a894bf861da7914e.r2.dev/1013550654629784.mp4
carried-forward  1016600137901431 c0  → https://pub-893b4a6a607b4221a894bf861da7914e.r2.dev/1016600137901431.mp4
carried-forward  1700427231075832 c0  → https://pub-893b4a6a607b4221a894bf861da7914e.r2.dev/1700427231075832.mp4
carried-forward  1114436335096220 c0  → https://pub-893b4a6a607b4221a894bf861da7914e.r2.dev/1114436335096220.mp4
carried-forward  1476996661108631 c0  → https://pub-893b4a6a607b4221a894bf861da7914e.r2.dev/1476996661108631.mp4
carried-forward  1566755251808699 c0  → https://pub-893b4a6a607b4221a894bf861da7914e.r2.dev/1566755251808699.mp4
carried-forward  879066984787795 c0  → https://pub-893b4a6a607b4221a894bf861da7914e.r2.dev/879066984787795.mp4
uploaded         1347209950391613 c0  (video) ← 1347209950391613.mp4  → https://pub-893b4a6a607b4221a894bf861da7914e.r2.dev/1347209950391613.mp4
carried-forward  3220717538115795 c0  → https://pub-893b4a6a607b4221a894bf861da7914e.r2.dev/3220717538115795.mp4
carried-forward  27200422259600892 c0  → https://pub-893b4a6a607b4221a894bf861da7914e.r2.dev/27200422259600892.mp4
carried-forward  3144037579130136 c0  → https://pub-893b4a6a607b4221a894bf861da7914e.r2.dev/3144037579130136.mp4
carried-forward  1561681932015617 c0  → https://pub-893b4a6a607b4221a894bf861da7914e.r2.dev/1561681932015617.mp4
carried-forward  1318468093605981 c0  → https://pub-893b4a6a607b4221a894bf861da7914e.r2.dev/1318468093605981.mp4
carried-forward  986024980878185 c0  → https://pub-893b4a6a607b4221a894bf861da7914e.r2.dev/986024980878185.mp4
uploaded         1027348283545347 c0  (video) ← 1027348283545347.mp4  → https://pub-893b4a6a607b4221a894bf861da7914e.r2.dev/1027348283545347.mp4
carried-forward  1722970195676115 c0  → https://pub-893b4a6a607b4221a894bf861da7914e.r2.dev/1722970195676115.mp4
uploaded         1009169425229780 c0  (video) ← 1009169425229780.mp4  → https://pub-893b4a6a607b4221a894bf861da7914e.r2.dev/1009169425229780.mp4
carried-forward  1014666224660601 c0  → https://pub-893b4a6a607b4221a894bf861da7914e.r2.dev/1014666224660601.mp4
uploaded         1707457653847452 c0  (video) ← 1707457653847452.mp4  → https://pub-893b4a6a607b4221a894bf861da7914e.r2.dev/1707457653847452.mp4
uploaded         27685049227770194 c0  (video) ← 27685049227770194.mp4  → https://pub-893b4a6a607b4221a894bf861da7914e.r2.dev/27685049227770194.mp4
carried-forward  958995487133739 c0  → https://pub-893b4a6a607b4221a894bf861da7914e.r2.dev/958995487133739.mp4
uploaded         1021961830212223 c0  (video) ← 1021961830212223.mp4  → https://pub-893b4a6a607b4221a894bf861da7914e.r2.dev/1021961830212223.mp4
carried-forward  27861019510189640 c0  → https://pub-893b4a6a607b4221a894bf861da7914e.r2.dev/27861019510189640.mp4
uploaded         1011509568312752 c0  (video) ← 1011509568312752.mp4  → https://pub-893b4a6a607b4221a894bf861da7914e.r2.dev/1011509568312752.mp4
uploaded         1556283036216137 c0  (video) ← 1556283036216137.mp4  → https://pub-893b4a6a607b4221a894bf861da7914e.r2.dev/1556283036216137.mp4
uploaded         1598260625282277 c0  (video) ← 1598260625282277.mp4  → https://pub-893b4a6a607b4221a894bf861da7914e.r2.dev/1598260625282277.mp4
uploaded         1828325671944421 c0  (video) ← 1828325671944421.mp4  → https://pub-893b4a6a607b4221a894bf861da7914e.r2.dev/1828325671944421.mp4
uploaded         1300113352290551 c0  (video) ← 1300113352290551.mp4  → https://pub-893b4a6a607b4221a894bf861da7914e.r2.dev/1300113352290551.mp4
carried-forward  1331149945806050 c0  → https://pub-893b4a6a607b4221a894bf861da7914e.r2.dev/1331149945806050.mp4
carried-forward  1360591792698190 c0  → https://pub-893b4a6a607b4221a894bf861da7914e.r2.dev/1360591792698190.mp4
uploaded         1749737806164983 c0  (video) ← 1749737806164983.mp4  → https://pub-893b4a6a607b4221a894bf861da7914e.r2.dev/1749737806164983.mp4
uploaded         2410715992747792 c0  (video) ← 2410715992747792.mp4  → https://pub-893b4a6a607b4221a894bf861da7914e.r2.dev/2410715992747792.mp4
carried-forward  1676195966972808 c0  → https://pub-893b4a6a607b4221a894bf861da7914e.r2.dev/1676195966972808.mp4
uploaded         1350665050600421 c0  (video) ← 1350665050600421.mp4  → https://pub-893b4a6a607b4221a894bf861da7914e.r2.dev/1350665050600421.mp4
uploaded         1504606731349427 c0  (video) ← 1504606731349427.mp4  → https://pub-893b4a6a607b4221a894bf861da7914e.r2.dev/1504606731349427.mp4
uploaded         2241143646686335 c0  (video) ← 2241143646686335.mp4  → https://pub-893b4a6a607b4221a894bf861da7914e.r2.dev/2241143646686335.mp4
uploaded         3641043652700023 c0  (video) ← 3641043652700023.mp4  → https://pub-893b4a6a607b4221a894bf861da7914e.r2.dev/3641043652700023.mp4
carried-forward  27530590489886828 c0  → https://pub-893b4a6a607b4221a894bf861da7914e.r2.dev/27530590489886828.mp4
uploaded         789773407491375 c0  (video) ← 789773407491375.mp4  → https://pub-893b4a6a607b4221a894bf861da7914e.r2.dev/789773407491375.mp4
uploaded         1686280909298309 c0  (video) ← 1686280909298309.mp4  → https://pub-893b4a6a607b4221a894bf861da7914e.r2.dev/1686280909298309.mp4
uploaded         4373232079613595 c0  (video) ← 4373232079613595.mp4  → https://pub-893b4a6a607b4221a894bf861da7914e.r2.dev/4373232079613595.mp4
video-missing    1276334237721041 c0  (expected file not found in facebook/videos/lingo-ai-2026-07-12)
uploaded         1572033057645862 c0  (video) ← 1572033057645862.mp4  → https://pub-893b4a6a607b4221a894bf861da7914e.r2.dev/1572033057645862.mp4
uploaded         1580064567242969 c0  (video) ← 1580064567242969.mp4  → https://pub-893b4a6a607b4221a894bf861da7914e.r2.dev/1580064567242969.mp4
uploaded         1656177755464235 c0  (video) ← 1656177755464235.mp4  → https://pub-893b4a6a607b4221a894bf861da7914e.r2.dev/1656177755464235.mp4
