# Step 3 run log
# competitor : lingo-ai
# started_at : 2026-07-04T13:41:24
# input      : facebook/inputs/fb-ads-lingo-ai-2026-07-04-1336.csv
# videos     : facebook/videos/lingo-ai-2026-07-04
# master     : facebook/master/lingo-ai.csv  (updated)
# enriched   : facebook/inputs/fb-ads-lingo-ai-2026-07-04-1336_enriched.csv
# bucket     : video-ads
# public_base: https://pub-893b4a6a607b4221a894bf861da7914e.r2.dev
# dry_run    : False
#
# counts     : {'uploaded': 53, 'carried-forward': 127, 'image-pending': 0, 'video-missing': 0, 'no-creative': 0, 'error': 0}
#
carried-forward  1093823739826634 c0  → https://pub-893b4a6a607b4221a894bf861da7914e.r2.dev/1093823739826634.mp4
carried-forward  1007110078391526 c0  → https://pub-893b4a6a607b4221a894bf861da7914e.r2.dev/1007110078391526.mp4
carried-forward  1651336692836508 c0  → https://pub-893b4a6a607b4221a894bf861da7914e.r2.dev/1651336692836508.mp4
carried-forward  1685980745983019 c0  → https://pub-893b4a6a607b4221a894bf861da7914e.r2.dev/1685980745983019.mp4
carried-forward  1312402474407625 c0  → https://pub-893b4a6a607b4221a894bf861da7914e.r2.dev/1312402474407625.mp4
carried-forward  1586245716244003 c0  → https://pub-893b4a6a607b4221a894bf861da7914e.r2.dev/1586245716244003.mp4
carried-forward  1402256542118091 c0  → https://pub-893b4a6a607b4221a894bf861da7914e.r2.dev/1402256542118091.mp4
carried-forward  1402910178342547 c0  → https://pub-893b4a6a607b4221a894bf861da7914e.r2.dev/1402910178342547.mp4
carried-forward  2223760955053163 c0  → https://pub-893b4a6a607b4221a894bf861da7914e.r2.dev/2223760955053163.mp4
carried-forward  1956492935021537 c0  → https://pub-893b4a6a607b4221a894bf861da7914e.r2.dev/1956492935021537.mp4
carried-forward  1631671064582808 c0  → https://pub-893b4a6a607b4221a894bf861da7914e.r2.dev/1631671064582808.mp4
carried-forward  993382163488187 c0  → https://pub-893b4a6a607b4221a894bf861da7914e.r2.dev/993382163488187.mp4
carried-forward  1533990831529436 c0  → https://pub-893b4a6a607b4221a894bf861da7914e.r2.dev/1533990831529436.mp4
carried-forward  980809158288503 c0  → https://pub-893b4a6a607b4221a894bf861da7914e.r2.dev/980809158288503.mp4
carried-forward  3520108538142321 c0  → https://pub-893b4a6a607b4221a894bf861da7914e.r2.dev/3520108538142321.mp4
carried-forward  1005118642480638 c0  → https://pub-893b4a6a607b4221a894bf861da7914e.r2.dev/1005118642480638.mp4
carried-forward  2817216648647618 c0  → https://pub-893b4a6a607b4221a894bf861da7914e.r2.dev/2817216648647618.mp4
carried-forward  1329734649364208 c0  → https://pub-893b4a6a607b4221a894bf861da7914e.r2.dev/1329734649364208.mp4
uploaded         1040201101816345 c0  (video) ← 1040201101816345.mp4  → https://pub-893b4a6a607b4221a894bf861da7914e.r2.dev/1040201101816345.mp4
carried-forward  1705366507331909 c0  → https://pub-893b4a6a607b4221a894bf861da7914e.r2.dev/1705366507331909.mp4
carried-forward  1506922147561152 c0  → https://pub-893b4a6a607b4221a894bf861da7914e.r2.dev/1506922147561152.mp4
carried-forward  1338898801538920 c0  → https://pub-893b4a6a607b4221a894bf861da7914e.r2.dev/1338898801538920.mp4
carried-forward  1320259926955388 c0  → https://pub-893b4a6a607b4221a894bf861da7914e.r2.dev/1320259926955388.mp4
carried-forward  992641953651273 c0  → https://pub-893b4a6a607b4221a894bf861da7914e.r2.dev/992641953651273.mp4
carried-forward  1225658062919321 c0  → https://pub-893b4a6a607b4221a894bf861da7914e.r2.dev/1225658062919321.mp4
carried-forward  1554118786127320 c0  → https://pub-893b4a6a607b4221a894bf861da7914e.r2.dev/1554118786127320.mp4
carried-forward  2181686352615966 c0  → https://pub-893b4a6a607b4221a894bf861da7914e.r2.dev/2181686352615966.mp4
carried-forward  1339976711579852 c0  → https://pub-893b4a6a607b4221a894bf861da7914e.r2.dev/1339976711579852.mp4
carried-forward  1029480622861057 c0  → https://pub-893b4a6a607b4221a894bf861da7914e.r2.dev/1029480622861057.mp4
carried-forward  1633628567704710 c0  → https://pub-893b4a6a607b4221a894bf861da7914e.r2.dev/1633628567704710.mp4
carried-forward  1382542137258042 c0  → https://pub-893b4a6a607b4221a894bf861da7914e.r2.dev/1382542137258042.mp4
carried-forward  1337814845219916 c0  → https://pub-893b4a6a607b4221a894bf861da7914e.r2.dev/1337814845219916.mp4
uploaded         965025483256898 c0  (video) ← 965025483256898.mp4  → https://pub-893b4a6a607b4221a894bf861da7914e.r2.dev/965025483256898.mp4
carried-forward  1691784178829769 c0  → https://pub-893b4a6a607b4221a894bf861da7914e.r2.dev/1691784178829769.mp4
carried-forward  2250553868683148 c0  → https://pub-893b4a6a607b4221a894bf861da7914e.r2.dev/2250553868683148.mp4
uploaded         845869338372502 c0  (video) ← 845869338372502.mp4  → https://pub-893b4a6a607b4221a894bf861da7914e.r2.dev/845869338372502.mp4
uploaded         1211722374376654 c0  (video) ← 1211722374376654.mp4  → https://pub-893b4a6a607b4221a894bf861da7914e.r2.dev/1211722374376654.mp4
uploaded         1378760317497147 c0  (video) ← 1378760317497147.mp4  → https://pub-893b4a6a607b4221a894bf861da7914e.r2.dev/1378760317497147.mp4
carried-forward  1740680096972904 c0  → https://pub-893b4a6a607b4221a894bf861da7914e.r2.dev/1740680096972904.mp4
carried-forward  1606914717526779 c0  → https://pub-893b4a6a607b4221a894bf861da7914e.r2.dev/1606914717526779.mp4
carried-forward  878207795333026 c0  → https://pub-893b4a6a607b4221a894bf861da7914e.r2.dev/878207795333026.mp4
carried-forward  2076022413797975 c0  → https://pub-893b4a6a607b4221a894bf861da7914e.r2.dev/2076022413797975.mp4
carried-forward  900011839294388 c0  → https://pub-893b4a6a607b4221a894bf861da7914e.r2.dev/900011839294388.mp4
carried-forward  1546008070409394 c0  → https://pub-893b4a6a607b4221a894bf861da7914e.r2.dev/1546008070409394.mp4
carried-forward  1542817130531524 c0  → https://pub-893b4a6a607b4221a894bf861da7914e.r2.dev/1542817130531524.mp4
carried-forward  1403135131655847 c0  → https://pub-893b4a6a607b4221a894bf861da7914e.r2.dev/1403135131655847.mp4
carried-forward  1376125071000503 c0  → https://pub-893b4a6a607b4221a894bf861da7914e.r2.dev/1376125071000503.mp4
carried-forward  1628897092140722 c0  → https://pub-893b4a6a607b4221a894bf861da7914e.r2.dev/1628897092140722.mp4
carried-forward  3403536496487480 c0  → https://pub-893b4a6a607b4221a894bf861da7914e.r2.dev/3403536496487480.mp4
carried-forward  1332107031680751 c0  → https://pub-893b4a6a607b4221a894bf861da7914e.r2.dev/1332107031680751.mp4
uploaded         1751207909206550 c0  (video) ← 1751207909206550.mp4  → https://pub-893b4a6a607b4221a894bf861da7914e.r2.dev/1751207909206550.mp4
carried-forward  1333694315510618 c0  → https://pub-893b4a6a607b4221a894bf861da7914e.r2.dev/1333694315510618.mp4
carried-forward  1594426052410783 c0  → https://pub-893b4a6a607b4221a894bf861da7914e.r2.dev/1594426052410783.mp4
carried-forward  981674204685917 c0  → https://pub-893b4a6a607b4221a894bf861da7914e.r2.dev/981674204685917.mp4
carried-forward  1929767137611529 c0  → https://pub-893b4a6a607b4221a894bf861da7914e.r2.dev/1929767137611529.mp4
carried-forward  1671324540802131 c0  → https://pub-893b4a6a607b4221a894bf861da7914e.r2.dev/1671324540802131.mp4
carried-forward  1006880602208933 c0  → https://pub-893b4a6a607b4221a894bf861da7914e.r2.dev/1006880602208933.mp4
carried-forward  1492092175305768 c0  → https://pub-893b4a6a607b4221a894bf861da7914e.r2.dev/1492092175305768.mp4
uploaded         1368303151828208 c0  (video) ← 1368303151828208.mp4  → https://pub-893b4a6a607b4221a894bf861da7914e.r2.dev/1368303151828208.mp4
uploaded         1362173046009080 c0  (video) ← 1362173046009080.mp4  → https://pub-893b4a6a607b4221a894bf861da7914e.r2.dev/1362173046009080.mp4
carried-forward  3340516169466059 c0  → https://pub-893b4a6a607b4221a894bf861da7914e.r2.dev/3340516169466059.mp4
carried-forward  1543641104224230 c0  → https://pub-893b4a6a607b4221a894bf861da7914e.r2.dev/1543641104224230.mp4
carried-forward  1220089980142236 c0  → https://pub-893b4a6a607b4221a894bf861da7914e.r2.dev/1220089980142236.mp4
carried-forward  1031747116205172 c0  → https://pub-893b4a6a607b4221a894bf861da7914e.r2.dev/1031747116205172.mp4
carried-forward  2127576574477393 c0  → https://pub-893b4a6a607b4221a894bf861da7914e.r2.dev/2127576574477393.mp4
carried-forward  766734916502925 c0  → https://pub-893b4a6a607b4221a894bf861da7914e.r2.dev/766734916502925.mp4
carried-forward  1543107963869133 c0  → https://pub-893b4a6a607b4221a894bf861da7914e.r2.dev/1543107963869133.mp4
carried-forward  2253769662106911 c0  → https://pub-893b4a6a607b4221a894bf861da7914e.r2.dev/2253769662106911.mp4
carried-forward  1663926744681954 c0  → https://pub-893b4a6a607b4221a894bf861da7914e.r2.dev/1663926744681954.mp4
carried-forward  1427717762585898 c0  → https://pub-893b4a6a607b4221a894bf861da7914e.r2.dev/1427717762585898.mp4
carried-forward  1661401064910641 c0  → https://pub-893b4a6a607b4221a894bf861da7914e.r2.dev/1661401064910641.mp4
uploaded         1610542763831243 c0  (video) ← 1610542763831243.mp4  → https://pub-893b4a6a607b4221a894bf861da7914e.r2.dev/1610542763831243.mp4
carried-forward  948906394837424 c0  → https://pub-893b4a6a607b4221a894bf861da7914e.r2.dev/948906394837424.mp4
uploaded         1032242826433782 c0  (video) ← 1032242826433782.mp4  → https://pub-893b4a6a607b4221a894bf861da7914e.r2.dev/1032242826433782.mp4
carried-forward  1016351310760637 c0  → https://pub-893b4a6a607b4221a894bf861da7914e.r2.dev/1016351310760637.mp4
carried-forward  1562974258824645 c0  → https://pub-893b4a6a607b4221a894bf861da7914e.r2.dev/1562974258824645.mp4
carried-forward  1253335710067223 c0  → https://pub-893b4a6a607b4221a894bf861da7914e.r2.dev/1253335710067223.mp4
carried-forward  832807383245500 c0  → https://pub-893b4a6a607b4221a894bf861da7914e.r2.dev/832807383245500.mp4
carried-forward  902584925476226 c0  → https://pub-893b4a6a607b4221a894bf861da7914e.r2.dev/902584925476226.mp4
uploaded         952639784468233 c0  (video) ← 952639784468233.mp4  → https://pub-893b4a6a607b4221a894bf861da7914e.r2.dev/952639784468233.mp4
uploaded         1034867892352370 c0  (video) ← 1034867892352370.mp4  → https://pub-893b4a6a607b4221a894bf861da7914e.r2.dev/1034867892352370.mp4
uploaded         27500236512941180 c0  (video) ← 27500236512941180.mp4  → https://pub-893b4a6a607b4221a894bf861da7914e.r2.dev/27500236512941180.mp4
carried-forward  1037404378858206 c0  → https://pub-893b4a6a607b4221a894bf861da7914e.r2.dev/1037404378858206.mp4
carried-forward  898871176564000 c0  → https://pub-893b4a6a607b4221a894bf861da7914e.r2.dev/898871176564000.mp4
carried-forward  1573143291170950 c0  → https://pub-893b4a6a607b4221a894bf861da7914e.r2.dev/1573143291170950.mp4
carried-forward  1550386230032600 c0  → https://pub-893b4a6a607b4221a894bf861da7914e.r2.dev/1550386230032600.mp4
carried-forward  3425197340976304 c0  → https://pub-893b4a6a607b4221a894bf861da7914e.r2.dev/3425197340976304.mp4
uploaded         4494315040857752 c0  (video) ← 4494315040857752.mp4  → https://pub-893b4a6a607b4221a894bf861da7914e.r2.dev/4494315040857752.mp4
uploaded         2244668449629964 c0  (video) ← 2244668449629964.mp4  → https://pub-893b4a6a607b4221a894bf861da7914e.r2.dev/2244668449629964.mp4
carried-forward  1003316375797568 c0  → https://pub-893b4a6a607b4221a894bf861da7914e.r2.dev/1003316375797568.mp4
uploaded         1039417635182725 c0  (video) ← 1039417635182725.mp4  → https://pub-893b4a6a607b4221a894bf861da7914e.r2.dev/1039417635182725.mp4
uploaded         947216911704718 c0  (video) ← 947216911704718.mp4  → https://pub-893b4a6a607b4221a894bf861da7914e.r2.dev/947216911704718.mp4
uploaded         2198839530674772 c0  (video) ← 2198839530674772.mp4  → https://pub-893b4a6a607b4221a894bf861da7914e.r2.dev/2198839530674772.mp4
carried-forward  1013757414877783 c0  → https://pub-893b4a6a607b4221a894bf861da7914e.r2.dev/1013757414877783.mp4
carried-forward  1028449009853941 c0  → https://pub-893b4a6a607b4221a894bf861da7914e.r2.dev/1028449009853941.mp4
carried-forward  1653664225929777 c0  → https://pub-893b4a6a607b4221a894bf861da7914e.r2.dev/1653664225929777.mp4
carried-forward  1778942330132715 c0  → https://pub-893b4a6a607b4221a894bf861da7914e.r2.dev/1778942330132715.mp4
uploaded         2189863741865328 c0  (video) ← 2189863741865328.mp4  → https://pub-893b4a6a607b4221a894bf861da7914e.r2.dev/2189863741865328.mp4
carried-forward  2198156761037603 c0  → https://pub-893b4a6a607b4221a894bf861da7914e.r2.dev/2198156761037603.mp4
carried-forward  28074840175451008 c0  → https://pub-893b4a6a607b4221a894bf861da7914e.r2.dev/28074840175451008.mp4
carried-forward  2825328911169017 c0  → https://pub-893b4a6a607b4221a894bf861da7914e.r2.dev/2825328911169017.mp4
uploaded         1441424917815020 c0  (video) ← 1441424917815020.mp4  → https://pub-893b4a6a607b4221a894bf861da7914e.r2.dev/1441424917815020.mp4
carried-forward  1633269327750962 c0  → https://pub-893b4a6a607b4221a894bf861da7914e.r2.dev/1633269327750962.mp4
carried-forward  1038875988523577 c0  → https://pub-893b4a6a607b4221a894bf861da7914e.r2.dev/1038875988523577.mp4
uploaded         1942540626449663 c0  (video) ← 1942540626449663.mp4  → https://pub-893b4a6a607b4221a894bf861da7914e.r2.dev/1942540626449663.mp4
uploaded         864741556281186 c0  (video) ← 864741556281186.mp4  → https://pub-893b4a6a607b4221a894bf861da7914e.r2.dev/864741556281186.mp4
uploaded         1035972152703407 c0  (video) ← 1035972152703407.mp4  → https://pub-893b4a6a607b4221a894bf861da7914e.r2.dev/1035972152703407.mp4
uploaded         1352522843636856 c0  (video) ← 1352522843636856.mp4  → https://pub-893b4a6a607b4221a894bf861da7914e.r2.dev/1352522843636856.mp4
carried-forward  2367898560406946 c0  → https://pub-893b4a6a607b4221a894bf861da7914e.r2.dev/2367898560406946.mp4
carried-forward  2276444916498087 c0  → https://pub-893b4a6a607b4221a894bf861da7914e.r2.dev/2276444916498087.mp4
carried-forward  1665570207993946 c0  → https://pub-893b4a6a607b4221a894bf861da7914e.r2.dev/1665570207993946.mp4
carried-forward  2013049059297231 c0  → https://pub-893b4a6a607b4221a894bf861da7914e.r2.dev/2013049059297231.mp4
uploaded         2444837742657540 c0  (video) ← 2444837742657540.mp4  → https://pub-893b4a6a607b4221a894bf861da7914e.r2.dev/2444837742657540.mp4
carried-forward  2565741070509053 c0  → https://pub-893b4a6a607b4221a894bf861da7914e.r2.dev/2565741070509053.mp4
uploaded         1050126067579812 c0  (video) ← 1050126067579812.mp4  → https://pub-893b4a6a607b4221a894bf861da7914e.r2.dev/1050126067579812.mp4
carried-forward  1964261210892531 c0  → https://pub-893b4a6a607b4221a894bf861da7914e.r2.dev/1964261210892531.mp4
uploaded         1007234425382710 c0  (video) ← 1007234425382710.mp4  → https://pub-893b4a6a607b4221a894bf861da7914e.r2.dev/1007234425382710.mp4
carried-forward  980866228090947 c0  → https://pub-893b4a6a607b4221a894bf861da7914e.r2.dev/980866228090947.mp4
carried-forward  1731350314547390 c0  → https://pub-893b4a6a607b4221a894bf861da7914e.r2.dev/1731350314547390.mp4
carried-forward  2197431064430320 c0  → https://pub-893b4a6a607b4221a894bf861da7914e.r2.dev/2197431064430320.mp4
uploaded         1372410518082661 c0  (video) ← 1372410518082661.mp4  → https://pub-893b4a6a607b4221a894bf861da7914e.r2.dev/1372410518082661.mp4
carried-forward  1620690590064291 c0  → https://pub-893b4a6a607b4221a894bf861da7914e.r2.dev/1620690590064291.mp4
carried-forward  888239487656454 c0  → https://pub-893b4a6a607b4221a894bf861da7914e.r2.dev/888239487656454.mp4
carried-forward  1635215360918989 c0  → https://pub-893b4a6a607b4221a894bf861da7914e.r2.dev/1635215360918989.mp4
carried-forward  1737720157248252 c0  → https://pub-893b4a6a607b4221a894bf861da7914e.r2.dev/1737720157248252.mp4
carried-forward  1967353097232627 c0  → https://pub-893b4a6a607b4221a894bf861da7914e.r2.dev/1967353097232627.mp4
carried-forward  2183171979139988 c0  → https://pub-893b4a6a607b4221a894bf861da7914e.r2.dev/2183171979139988.mp4
uploaded         4393918880822515 c0  (video) ← 4393918880822515.mp4  → https://pub-893b4a6a607b4221a894bf861da7914e.r2.dev/4393918880822515.mp4
carried-forward  889901240171323 c0  → https://pub-893b4a6a607b4221a894bf861da7914e.r2.dev/889901240171323.mp4
carried-forward  1011343095077234 c0  → https://pub-893b4a6a607b4221a894bf861da7914e.r2.dev/1011343095077234.mp4
uploaded         27291600440520470 c0  (video) ← 27291600440520470.mp4  → https://pub-893b4a6a607b4221a894bf861da7914e.r2.dev/27291600440520470.mp4
uploaded         1285773926710138 c0  (video) ← 1285773926710138.mp4  → https://pub-893b4a6a607b4221a894bf861da7914e.r2.dev/1285773926710138.mp4
carried-forward  1016181760769430 c0  → https://pub-893b4a6a607b4221a894bf861da7914e.r2.dev/1016181760769430.mp4
uploaded         26787357374277010 c0  (video) ← 26787357374277010.mp4  → https://pub-893b4a6a607b4221a894bf861da7914e.r2.dev/26787357374277010.mp4
carried-forward  1683265226128164 c0  → https://pub-893b4a6a607b4221a894bf861da7914e.r2.dev/1683265226128164.mp4
carried-forward  1336049577946625 c0  → https://pub-893b4a6a607b4221a894bf861da7914e.r2.dev/1336049577946625.mp4
carried-forward  2220276068748911 c0  → https://pub-893b4a6a607b4221a894bf861da7914e.r2.dev/2220276068748911.mp4
carried-forward  4445732412339005 c0  → https://pub-893b4a6a607b4221a894bf861da7914e.r2.dev/4445732412339005.mp4
uploaded         1328659152717806 c0  (video) ← 1328659152717806.mp4  → https://pub-893b4a6a607b4221a894bf861da7914e.r2.dev/1328659152717806.mp4
uploaded         2447406312409166 c0  (video) ← 2447406312409166.mp4  → https://pub-893b4a6a607b4221a894bf861da7914e.r2.dev/2447406312409166.mp4
carried-forward  2246846312740527 c0  → https://pub-893b4a6a607b4221a894bf861da7914e.r2.dev/2246846312740527.mp4
carried-forward  1196805302586861 c0  → https://pub-893b4a6a607b4221a894bf861da7914e.r2.dev/1196805302586861.mp4
carried-forward  3220717538115795 c0  → https://pub-893b4a6a607b4221a894bf861da7914e.r2.dev/3220717538115795.mp4
carried-forward  4042081032594895 c0  → https://pub-893b4a6a607b4221a894bf861da7914e.r2.dev/4042081032594895.mp4
carried-forward  27200422259600892 c0  → https://pub-893b4a6a607b4221a894bf861da7914e.r2.dev/27200422259600892.mp4
uploaded         2019382318667999 c0  (video) ← 2019382318667999.mp4  → https://pub-893b4a6a607b4221a894bf861da7914e.r2.dev/2019382318667999.mp4
carried-forward  4565916810309378 c0  → https://pub-893b4a6a607b4221a894bf861da7914e.r2.dev/4565916810309378.mp4
uploaded         2113888136230315 c0  (video) ← 2113888136230315.mp4  → https://pub-893b4a6a607b4221a894bf861da7914e.r2.dev/2113888136230315.mp4
uploaded         920051147772446 c0  (video) ← 920051147772446.mp4  → https://pub-893b4a6a607b4221a894bf861da7914e.r2.dev/920051147772446.mp4
carried-forward  2086784085587228 c0  → https://pub-893b4a6a607b4221a894bf861da7914e.r2.dev/2086784085587228.mp4
uploaded         1392795182713737 c0  (video) ← 1392795182713737.mp4  → https://pub-893b4a6a607b4221a894bf861da7914e.r2.dev/1392795182713737.mp4
uploaded         1511685754318859 c0  (video) ← 1511685754318859.mp4  → https://pub-893b4a6a607b4221a894bf861da7914e.r2.dev/1511685754318859.mp4
uploaded         2564178044039242 c0  (video) ← 2564178044039242.mp4  → https://pub-893b4a6a607b4221a894bf861da7914e.r2.dev/2564178044039242.mp4
uploaded         1858804632171571 c0  (video) ← 1858804632171571.mp4  → https://pub-893b4a6a607b4221a894bf861da7914e.r2.dev/1858804632171571.mp4
carried-forward  2226393941496900 c0  → https://pub-893b4a6a607b4221a894bf861da7914e.r2.dev/2226393941496900.mp4
carried-forward  958995487133739 c0  → https://pub-893b4a6a607b4221a894bf861da7914e.r2.dev/958995487133739.mp4
carried-forward  1700427231075832 c0  → https://pub-893b4a6a607b4221a894bf861da7914e.r2.dev/1700427231075832.mp4
carried-forward  1564690418487864 c0  → https://pub-893b4a6a607b4221a894bf861da7914e.r2.dev/1564690418487864.mp4
carried-forward  4252978928346557 c0  → https://pub-893b4a6a607b4221a894bf861da7914e.r2.dev/4252978928346557.mp4
carried-forward  27350423597950324 c0  → https://pub-893b4a6a607b4221a894bf861da7914e.r2.dev/27350423597950324.mp4
carried-forward  2153258851904762 c0  → https://pub-893b4a6a607b4221a894bf861da7914e.r2.dev/2153258851904762.mp4
carried-forward  1350345613876652 c0  → https://pub-893b4a6a607b4221a894bf861da7914e.r2.dev/1350345613876652.mp4
uploaded         1016600137901431 c0  (video) ← 1016600137901431.mp4  → https://pub-893b4a6a607b4221a894bf861da7914e.r2.dev/1016600137901431.mp4
uploaded         2042331666658926 c0  (video) ← 2042331666658926.mp4  → https://pub-893b4a6a607b4221a894bf861da7914e.r2.dev/2042331666658926.mp4
uploaded         965908666484307 c0  (video) ← 965908666484307.mp4  → https://pub-893b4a6a607b4221a894bf861da7914e.r2.dev/965908666484307.mp4
uploaded         1832746901442418 c0  (video) ← 1832746901442418.mp4  → https://pub-893b4a6a607b4221a894bf861da7914e.r2.dev/1832746901442418.mp4
carried-forward  1322392322862723 c0  → https://pub-893b4a6a607b4221a894bf861da7914e.r2.dev/1322392322862723.mp4
uploaded         1936736161045971 c0  (video) ← 1936736161045971.mp4  → https://pub-893b4a6a607b4221a894bf861da7914e.r2.dev/1936736161045971.mp4
uploaded         2088572631696533 c0  (video) ← 2088572631696533.mp4  → https://pub-893b4a6a607b4221a894bf861da7914e.r2.dev/2088572631696533.mp4
uploaded         1038515512158001 c0  (video) ← 1038515512158001.mp4  → https://pub-893b4a6a607b4221a894bf861da7914e.r2.dev/1038515512158001.mp4
carried-forward  826967597018641 c0  → https://pub-893b4a6a607b4221a894bf861da7914e.r2.dev/826967597018641.mp4
carried-forward  3998525930448649 c0  → https://pub-893b4a6a607b4221a894bf861da7914e.r2.dev/3998525930448649.mp4
carried-forward  1270260864996278 c0  → https://pub-893b4a6a607b4221a894bf861da7914e.r2.dev/1270260864996278.mp4
uploaded         4496522583950347 c0  (video) ← 4496522583950347.mp4  → https://pub-893b4a6a607b4221a894bf861da7914e.r2.dev/4496522583950347.mp4
uploaded         1000167062655903 c0  (video) ← 1000167062655903.mp4  → https://pub-893b4a6a607b4221a894bf861da7914e.r2.dev/1000167062655903.mp4
uploaded         1362300105771284 c0  (video) ← 1362300105771284.mp4  → https://pub-893b4a6a607b4221a894bf861da7914e.r2.dev/1362300105771284.mp4
carried-forward  1379625050694407 c0  → https://pub-893b4a6a607b4221a894bf861da7914e.r2.dev/1379625050694407.mp4
uploaded         1678835253447293 c0  (video) ← 1678835253447293.mp4  → https://pub-893b4a6a607b4221a894bf861da7914e.r2.dev/1678835253447293.mp4
carried-forward  2225742691506044 c0  → https://pub-893b4a6a607b4221a894bf861da7914e.r2.dev/2225742691506044.mp4
uploaded         2901073410239367 c0  (video) ← 2901073410239367.mp4  → https://pub-893b4a6a607b4221a894bf861da7914e.r2.dev/2901073410239367.mp4
