# Step 3 run log
# competitor : lingo-ai
# started_at : 2026-07-17T09:55:27
# input      : facebook/inputs/fb-ads-lingo-ai-2026-07-17-0949.csv
# videos     : facebook/videos/lingo-ai-2026-07-17
# master     : facebook/master/lingo-ai.csv  (updated)
# enriched   : facebook/inputs/fb-ads-lingo-ai-2026-07-17-0949_enriched.csv
# bucket     : video-ads
# public_base: https://pub-893b4a6a607b4221a894bf861da7914e.r2.dev
# dry_run    : False
#
# counts     : {'uploaded': 41, 'carried-forward': 144, 'image-pending': 0, 'video-missing': 7, 'no-creative': 0, 'error': 0}
#
carried-forward  1038854211901779 c0  → https://pub-893b4a6a607b4221a894bf861da7914e.r2.dev/1038854211901779.mp4
video-missing    1038854211901779 c0  (expected file not found in facebook/videos/lingo-ai-2026-07-17)
video-missing    1038854211901779 c0  (expected file not found in facebook/videos/lingo-ai-2026-07-17)
carried-forward  1093823739826634 c0  → https://pub-893b4a6a607b4221a894bf861da7914e.r2.dev/1093823739826634.mp4
carried-forward  1003526658752736 c0  → https://pub-893b4a6a607b4221a894bf861da7914e.r2.dev/1003526658752736.mp4
carried-forward  2817216648647618 c0  → https://pub-893b4a6a607b4221a894bf861da7914e.r2.dev/2817216648647618.mp4
carried-forward  1962277031827815 c0  → https://pub-893b4a6a607b4221a894bf861da7914e.r2.dev/1962277031827815.mp4
video-missing    1962277031827815 c0  (expected file not found in facebook/videos/lingo-ai-2026-07-17)
carried-forward  1336448118024889 c0  → https://pub-893b4a6a607b4221a894bf861da7914e.r2.dev/1336448118024889.mp4
carried-forward  1564342995284861 c0  → https://pub-893b4a6a607b4221a894bf861da7914e.r2.dev/1564342995284861.mp4
carried-forward  1683265226128164 c0  → https://pub-893b4a6a607b4221a894bf861da7914e.r2.dev/1683265226128164.mp4
carried-forward  831092886606480 c0  → https://pub-893b4a6a607b4221a894bf861da7914e.r2.dev/831092886606480.mp4
carried-forward  1334703498047853 c0  → https://pub-893b4a6a607b4221a894bf861da7914e.r2.dev/1334703498047853.mp4
carried-forward  1027348283545347 c0  → https://pub-893b4a6a607b4221a894bf861da7914e.r2.dev/1027348283545347.mp4
carried-forward  1574457477430487 c0  → https://pub-893b4a6a607b4221a894bf861da7914e.r2.dev/1574457477430487.mp4
carried-forward  1335647948693091 c0  → https://pub-893b4a6a607b4221a894bf861da7914e.r2.dev/1335647948693091.mp4
carried-forward  1972127246813621 c0  → https://pub-893b4a6a607b4221a894bf861da7914e.r2.dev/1972127246813621.mp4
carried-forward  27223086024028518 c0  → https://pub-893b4a6a607b4221a894bf861da7914e.r2.dev/27223086024028518.mp4
carried-forward  2391010851423275 c0  → https://pub-893b4a6a607b4221a894bf861da7914e.r2.dev/2391010851423275.mp4
carried-forward  1588598465941159 c0  → https://pub-893b4a6a607b4221a894bf861da7914e.r2.dev/1588598465941159.mp4
carried-forward  1561681932015617 c0  → https://pub-893b4a6a607b4221a894bf861da7914e.r2.dev/1561681932015617.mp4
carried-forward  2253769662106911 c0  → https://pub-893b4a6a607b4221a894bf861da7914e.r2.dev/2253769662106911.mp4
video-missing    2253769662106911 c0  (expected file not found in facebook/videos/lingo-ai-2026-07-17)
carried-forward  1387668796571355 c0  → https://pub-893b4a6a607b4221a894bf861da7914e.r2.dev/1387668796571355.mp4
video-missing    1387668796571355 c0  (expected file not found in facebook/videos/lingo-ai-2026-07-17)
carried-forward  1502905814452626 c0  → https://pub-893b4a6a607b4221a894bf861da7914e.r2.dev/1502905814452626.mp4
carried-forward  2019382318667999 c0  → https://pub-893b4a6a607b4221a894bf861da7914e.r2.dev/2019382318667999.mp4
carried-forward  4494315040857752 c0  → https://pub-893b4a6a607b4221a894bf861da7914e.r2.dev/4494315040857752.mp4
video-missing    4494315040857752 c0  (expected file not found in facebook/videos/lingo-ai-2026-07-17)
carried-forward  1006880602208933 c0  → https://pub-893b4a6a607b4221a894bf861da7914e.r2.dev/1006880602208933.mp4
carried-forward  3263205557220973 c0  → https://pub-893b4a6a607b4221a894bf861da7914e.r2.dev/3263205557220973.mp4
carried-forward  1038960765740921 c0  → https://pub-893b4a6a607b4221a894bf861da7914e.r2.dev/1038960765740921.mp4
carried-forward  4308553339407245 c0  → https://pub-893b4a6a607b4221a894bf861da7914e.r2.dev/4308553339407245.mp4
carried-forward  1402910178342547 c0  → https://pub-893b4a6a607b4221a894bf861da7914e.r2.dev/1402910178342547.mp4
carried-forward  2223760955053163 c0  → https://pub-893b4a6a607b4221a894bf861da7914e.r2.dev/2223760955053163.mp4
carried-forward  1036575242203841 c0  → https://pub-893b4a6a607b4221a894bf861da7914e.r2.dev/1036575242203841.mp4
carried-forward  1712701976599588 c0  → https://pub-893b4a6a607b4221a894bf861da7914e.r2.dev/1712701976599588.mp4
carried-forward  1555307446033768 c0  → https://pub-893b4a6a607b4221a894bf861da7914e.r2.dev/1555307446033768.mp4
carried-forward  2057188608340774 c0  → https://pub-893b4a6a607b4221a894bf861da7914e.r2.dev/2057188608340774.mp4
carried-forward  1543107963869133 c0  → https://pub-893b4a6a607b4221a894bf861da7914e.r2.dev/1543107963869133.mp4
carried-forward  1772652803922964 c0  → https://pub-893b4a6a607b4221a894bf861da7914e.r2.dev/1772652803922964.mp4
carried-forward  1539898520838626 c0  → https://pub-893b4a6a607b4221a894bf861da7914e.r2.dev/1539898520838626.mp4
carried-forward  1580064567242969 c0  → https://pub-893b4a6a607b4221a894bf861da7914e.r2.dev/1580064567242969.mp4
carried-forward  1705366507331909 c0  → https://pub-893b4a6a607b4221a894bf861da7914e.r2.dev/1705366507331909.mp4
carried-forward  1506922147561152 c0  → https://pub-893b4a6a607b4221a894bf861da7914e.r2.dev/1506922147561152.mp4
carried-forward  1466504155245534 c0  → https://pub-893b4a6a607b4221a894bf861da7914e.r2.dev/1466504155245534.mp4
carried-forward  1609843680737239 c0  → https://pub-893b4a6a607b4221a894bf861da7914e.r2.dev/1609843680737239.mp4
carried-forward  2079659836277553 c0  → https://pub-893b4a6a607b4221a894bf861da7914e.r2.dev/2079659836277553.mp4
carried-forward  2074376606622636 c0  → https://pub-893b4a6a607b4221a894bf861da7914e.r2.dev/2074376606622636.mp4
carried-forward  844826715136633 c0  → https://pub-893b4a6a607b4221a894bf861da7914e.r2.dev/844826715136633.mp4
carried-forward  1077103504746451 c0  → https://pub-893b4a6a607b4221a894bf861da7914e.r2.dev/1077103504746451.mp4
carried-forward  1602516684621660 c0  → https://pub-893b4a6a607b4221a894bf861da7914e.r2.dev/1602516684621660.mp4
carried-forward  4252978928346557 c0  → https://pub-893b4a6a607b4221a894bf861da7914e.r2.dev/4252978928346557.mp4
video-missing    4252978928346557 c0  (expected file not found in facebook/videos/lingo-ai-2026-07-17)
carried-forward  1633628567704710 c0  → https://pub-893b4a6a607b4221a894bf861da7914e.r2.dev/1633628567704710.mp4
carried-forward  2953210015070433 c0  → https://pub-893b4a6a607b4221a894bf861da7914e.r2.dev/2953210015070433.mp4
carried-forward  2301738637239103 c0  → https://pub-893b4a6a607b4221a894bf861da7914e.r2.dev/2301738637239103.mp4
carried-forward  2654198474977868 c0  → https://pub-893b4a6a607b4221a894bf861da7914e.r2.dev/2654198474977868.mp4
carried-forward  1035971962252837 c0  → https://pub-893b4a6a607b4221a894bf861da7914e.r2.dev/1035971962252837.mp4
carried-forward  878207795333026 c0  → https://pub-893b4a6a607b4221a894bf861da7914e.r2.dev/878207795333026.mp4
carried-forward  1032381292979378 c0  → https://pub-893b4a6a607b4221a894bf861da7914e.r2.dev/1032381292979378.mp4
carried-forward  802952912808823 c0  → https://pub-893b4a6a607b4221a894bf861da7914e.r2.dev/802952912808823.mp4
carried-forward  2077032929915956 c0  → https://pub-893b4a6a607b4221a894bf861da7914e.r2.dev/2077032929915956.mp4
carried-forward  1872503484122617 c0  → https://pub-893b4a6a607b4221a894bf861da7914e.r2.dev/1872503484122617.mp4
carried-forward  1276334237721041 c0  → https://pub-893b4a6a607b4221a894bf861da7914e.r2.dev/1276334237721041.mp4
carried-forward  2153258851904762 c0  → https://pub-893b4a6a607b4221a894bf861da7914e.r2.dev/2153258851904762.mp4
carried-forward  1458441786041749 c0  → https://pub-893b4a6a607b4221a894bf861da7914e.r2.dev/1458441786041749.mp4
carried-forward  1576176400691896 c0  → https://pub-893b4a6a607b4221a894bf861da7914e.r2.dev/1576176400691896.mp4
carried-forward  2022419928481257 c0  → https://pub-893b4a6a607b4221a894bf861da7914e.r2.dev/2022419928481257.mp4
carried-forward  1715352939800344 c0  → https://pub-893b4a6a607b4221a894bf861da7914e.r2.dev/1715352939800344.mp4
carried-forward  2016025865946313 c0  → https://pub-893b4a6a607b4221a894bf861da7914e.r2.dev/2016025865946313.mp4
carried-forward  1516135953622417 c0  → https://pub-893b4a6a607b4221a894bf861da7914e.r2.dev/1516135953622417.mp4
carried-forward  1347209950391613 c0  → https://pub-893b4a6a607b4221a894bf861da7914e.r2.dev/1347209950391613.mp4
carried-forward  3340516169466059 c0  → https://pub-893b4a6a607b4221a894bf861da7914e.r2.dev/3340516169466059.mp4
carried-forward  1019762410809692 c0  → https://pub-893b4a6a607b4221a894bf861da7914e.r2.dev/1019762410809692.mp4
carried-forward  1100399292660108 c0  → https://pub-893b4a6a607b4221a894bf861da7914e.r2.dev/1100399292660108.mp4
carried-forward  1821063475538897 c0  → https://pub-893b4a6a607b4221a894bf861da7914e.r2.dev/1821063475538897.mp4
carried-forward  2401524953669213 c0  → https://pub-893b4a6a607b4221a894bf861da7914e.r2.dev/2401524953669213.mp4
uploaded         1915655725790990 c0  (video) ← 1915655725790990.mp4  → https://pub-893b4a6a607b4221a894bf861da7914e.r2.dev/1915655725790990.mp4
carried-forward  1754835955688580 c0  → https://pub-893b4a6a607b4221a894bf861da7914e.r2.dev/1754835955688580.mp4
uploaded         27527745463514415 c0  (video) ← 27527745463514415.mp4  → https://pub-893b4a6a607b4221a894bf861da7914e.r2.dev/27527745463514415.mp4
carried-forward  1618251693238135 c0  → https://pub-893b4a6a607b4221a894bf861da7914e.r2.dev/1618251693238135.mp4
carried-forward  3641043652700023 c0  → https://pub-893b4a6a607b4221a894bf861da7914e.r2.dev/3641043652700023.mp4
carried-forward  826967597018641 c0  → https://pub-893b4a6a607b4221a894bf861da7914e.r2.dev/826967597018641.mp4
carried-forward  874509921951713 c0  → https://pub-893b4a6a607b4221a894bf861da7914e.r2.dev/874509921951713.mp4
carried-forward  27350423597950324 c0  → https://pub-893b4a6a607b4221a894bf861da7914e.r2.dev/27350423597950324.mp4
uploaded         1572811197564722 c0  (video) ← 1572811197564722.mp4  → https://pub-893b4a6a607b4221a894bf861da7914e.r2.dev/1572811197564722.mp4
carried-forward  1403634755018898 c0  → https://pub-893b4a6a607b4221a894bf861da7914e.r2.dev/1403634755018898.mp4
carried-forward  831151359935196 c0  → https://pub-893b4a6a607b4221a894bf861da7914e.r2.dev/831151359935196.mp4
uploaded         1031294253092155 c0  (video) ← 1031294253092155.mp4  → https://pub-893b4a6a607b4221a894bf861da7914e.r2.dev/1031294253092155.mp4
carried-forward  1476996661108631 c0  → https://pub-893b4a6a607b4221a894bf861da7914e.r2.dev/1476996661108631.mp4
uploaded         1954322491946159 c0  (video) ← 1954322491946159.mp4  → https://pub-893b4a6a607b4221a894bf861da7914e.r2.dev/1954322491946159.mp4
carried-forward  1009670995287003 c0  → https://pub-893b4a6a607b4221a894bf861da7914e.r2.dev/1009670995287003.mp4
uploaded         1716281182748703 c0  (video) ← 1716281182748703.mp4  → https://pub-893b4a6a607b4221a894bf861da7914e.r2.dev/1716281182748703.mp4
carried-forward  1028449009853941 c0  → https://pub-893b4a6a607b4221a894bf861da7914e.r2.dev/1028449009853941.mp4
carried-forward  3155628847962719 c0  → https://pub-893b4a6a607b4221a894bf861da7914e.r2.dev/3155628847962719.mp4
carried-forward  1343397883899179 c0  → https://pub-893b4a6a607b4221a894bf861da7914e.r2.dev/1343397883899179.mp4
carried-forward  1689492209025217 c0  → https://pub-893b4a6a607b4221a894bf861da7914e.r2.dev/1689492209025217.mp4
carried-forward  1337668218548557 c0  → https://pub-893b4a6a607b4221a894bf861da7914e.r2.dev/1337668218548557.mp4
carried-forward  1330583959053128 c0  → https://pub-893b4a6a607b4221a894bf861da7914e.r2.dev/1330583959053128.mp4
carried-forward  4419123344997588 c0  → https://pub-893b4a6a607b4221a894bf861da7914e.r2.dev/4419123344997588.mp4
carried-forward  1346832780758975 c0  → https://pub-893b4a6a607b4221a894bf861da7914e.r2.dev/1346832780758975.mp4
carried-forward  1376895344304182 c0  → https://pub-893b4a6a607b4221a894bf861da7914e.r2.dev/1376895344304182.mp4
carried-forward  1300113352290551 c0  → https://pub-893b4a6a607b4221a894bf861da7914e.r2.dev/1300113352290551.mp4
carried-forward  1556283036216137 c0  → https://pub-893b4a6a607b4221a894bf861da7914e.r2.dev/1556283036216137.mp4
carried-forward  2039412566650201 c0  → https://pub-893b4a6a607b4221a894bf861da7914e.r2.dev/2039412566650201.mp4
uploaded         2095700514630306 c0  (video) ← 2095700514630306.mp4  → https://pub-893b4a6a607b4221a894bf861da7914e.r2.dev/2095700514630306.mp4
carried-forward  4425249484459391 c0  → https://pub-893b4a6a607b4221a894bf861da7914e.r2.dev/4425249484459391.mp4
uploaded         4909225092638439 c0  (video) ← 4909225092638439.mp4  → https://pub-893b4a6a607b4221a894bf861da7914e.r2.dev/4909225092638439.mp4
uploaded         912017814528407 c0  (video) ← 912017814528407.mp4  → https://pub-893b4a6a607b4221a894bf861da7914e.r2.dev/912017814528407.mp4
carried-forward  1318468093605981 c0  → https://pub-893b4a6a607b4221a894bf861da7914e.r2.dev/1318468093605981.mp4
carried-forward  2269371720470752 c0  → https://pub-893b4a6a607b4221a894bf861da7914e.r2.dev/2269371720470752.mp4
carried-forward  1023667883631726 c0  → https://pub-893b4a6a607b4221a894bf861da7914e.r2.dev/1023667883631726.mp4
uploaded         1520242962483788 c0  (video) ← 1520242962483788.mp4  → https://pub-893b4a6a607b4221a894bf861da7914e.r2.dev/1520242962483788.mp4
carried-forward  2278125376375222 c0  → https://pub-893b4a6a607b4221a894bf861da7914e.r2.dev/2278125376375222.mp4
uploaded         1338879458397876 c0  (video) ← 1338879458397876.mp4  → https://pub-893b4a6a607b4221a894bf861da7914e.r2.dev/1338879458397876.mp4
carried-forward  2410715992747792 c0  → https://pub-893b4a6a607b4221a894bf861da7914e.r2.dev/2410715992747792.mp4
carried-forward  888594700969411 c0  → https://pub-893b4a6a607b4221a894bf861da7914e.r2.dev/888594700969411.mp4
carried-forward  27769826902701872 c0  → https://pub-893b4a6a607b4221a894bf861da7914e.r2.dev/27769826902701872.mp4
carried-forward  1635215360918989 c0  → https://pub-893b4a6a607b4221a894bf861da7914e.r2.dev/1635215360918989.mp4
carried-forward  1013550654629784 c0  → https://pub-893b4a6a607b4221a894bf861da7914e.r2.dev/1013550654629784.mp4
carried-forward  1360591792698190 c0  → https://pub-893b4a6a607b4221a894bf861da7914e.r2.dev/1360591792698190.mp4
carried-forward  1662197908406292 c0  → https://pub-893b4a6a607b4221a894bf861da7914e.r2.dev/1662197908406292.mp4
carried-forward  879066984787795 c0  → https://pub-893b4a6a607b4221a894bf861da7914e.r2.dev/879066984787795.mp4
carried-forward  1679975973286060 c0  → https://pub-893b4a6a607b4221a894bf861da7914e.r2.dev/1679975973286060.mp4
carried-forward  1700427231075832 c0  → https://pub-893b4a6a607b4221a894bf861da7914e.r2.dev/1700427231075832.mp4
carried-forward  1021961830212223 c0  → https://pub-893b4a6a607b4221a894bf861da7914e.r2.dev/1021961830212223.mp4
uploaded         1374100264653441 c0  (video) ← 1374100264653441.mp4  → https://pub-893b4a6a607b4221a894bf861da7914e.r2.dev/1374100264653441.mp4
carried-forward  1646364236435916 c0  → https://pub-893b4a6a607b4221a894bf861da7914e.r2.dev/1646364236435916.mp4
uploaded         980969388231573 c0  (video) ← 980969388231573.mp4  → https://pub-893b4a6a607b4221a894bf861da7914e.r2.dev/980969388231573.mp4
carried-forward  1016600137901431 c0  → https://pub-893b4a6a607b4221a894bf861da7914e.r2.dev/1016600137901431.mp4
carried-forward  1114436335096220 c0  → https://pub-893b4a6a607b4221a894bf861da7914e.r2.dev/1114436335096220.mp4
carried-forward  1512107510084733 c0  → https://pub-893b4a6a607b4221a894bf861da7914e.r2.dev/1512107510084733.mp4
uploaded         1057354999962279 c0  (video) ← 1057354999962279.mp4  → https://pub-893b4a6a607b4221a894bf861da7914e.r2.dev/1057354999962279.mp4
uploaded         1563973291743667 c0  (video) ← 1563973291743667.mp4  → https://pub-893b4a6a607b4221a894bf861da7914e.r2.dev/1563973291743667.mp4
carried-forward  1598260625282277 c0  → https://pub-893b4a6a607b4221a894bf861da7914e.r2.dev/1598260625282277.mp4
carried-forward  1676195966972808 c0  → https://pub-893b4a6a607b4221a894bf861da7914e.r2.dev/1676195966972808.mp4
carried-forward  986024980878185 c0  → https://pub-893b4a6a607b4221a894bf861da7914e.r2.dev/986024980878185.mp4
carried-forward  1009169425229780 c0  → https://pub-893b4a6a607b4221a894bf861da7914e.r2.dev/1009169425229780.mp4
uploaded         1501813508383000 c0  (video) ← 1501813508383000.mp4  → https://pub-893b4a6a607b4221a894bf861da7914e.r2.dev/1501813508383000.mp4
carried-forward  1570066971479022 c0  → https://pub-893b4a6a607b4221a894bf861da7914e.r2.dev/1570066971479022.mp4
carried-forward  3144037579130136 c0  → https://pub-893b4a6a607b4221a894bf861da7914e.r2.dev/3144037579130136.mp4
carried-forward  2245359769555092 c0  → https://pub-893b4a6a607b4221a894bf861da7914e.r2.dev/2245359769555092.mp4
uploaded         1055451546883252 c0  (video) ← 1055451546883252.mp4  → https://pub-893b4a6a607b4221a894bf861da7914e.r2.dev/1055451546883252.mp4
carried-forward  2000913570552724 c0  → https://pub-893b4a6a607b4221a894bf861da7914e.r2.dev/2000913570552724.mp4
carried-forward  1555764442572466 c0  → https://pub-893b4a6a607b4221a894bf861da7914e.r2.dev/1555764442572466.mp4
uploaded         1591084245787793 c0  (video) ← 1591084245787793.mp4  → https://pub-893b4a6a607b4221a894bf861da7914e.r2.dev/1591084245787793.mp4
uploaded         1696511775464627 c0  (video) ← 1696511775464627.mp4  → https://pub-893b4a6a607b4221a894bf861da7914e.r2.dev/1696511775464627.mp4
carried-forward  1337634014636988 c0  → https://pub-893b4a6a607b4221a894bf861da7914e.r2.dev/1337634014636988.mp4
carried-forward  1622620066541728 c0  → https://pub-893b4a6a607b4221a894bf861da7914e.r2.dev/1622620066541728.mp4
uploaded         4507097742845003 c0  (video) ← 4507097742845003.mp4  → https://pub-893b4a6a607b4221a894bf861da7914e.r2.dev/4507097742845003.mp4
uploaded         1219075670317919 c0  (video) ← 1219075670317919.mp4  → https://pub-893b4a6a607b4221a894bf861da7914e.r2.dev/1219075670317919.mp4
carried-forward  26752228304451996 c0  → https://pub-893b4a6a607b4221a894bf861da7914e.r2.dev/26752228304451996.mp4
carried-forward  1061803716382467 c0  → https://pub-893b4a6a607b4221a894bf861da7914e.r2.dev/1061803716382467.mp4
carried-forward  1011509568312752 c0  → https://pub-893b4a6a607b4221a894bf861da7914e.r2.dev/1011509568312752.mp4
carried-forward  1014666224660601 c0  → https://pub-893b4a6a607b4221a894bf861da7914e.r2.dev/1014666224660601.mp4
carried-forward  1083068107997665 c0  → https://pub-893b4a6a607b4221a894bf861da7914e.r2.dev/1083068107997665.mp4
carried-forward  2794731494219714 c0  → https://pub-893b4a6a607b4221a894bf861da7914e.r2.dev/2794731494219714.mp4
carried-forward  1294545619418263 c0  → https://pub-893b4a6a607b4221a894bf861da7914e.r2.dev/1294545619418263.mp4
carried-forward  1722970195676115 c0  → https://pub-893b4a6a607b4221a894bf861da7914e.r2.dev/1722970195676115.mp4
uploaded         1815202449846466 c0  (video) ← 1815202449846466.mp4  → https://pub-893b4a6a607b4221a894bf861da7914e.r2.dev/1815202449846466.mp4
uploaded         1022746960115064 c0  (video) ← 1022746960115064.mp4  → https://pub-893b4a6a607b4221a894bf861da7914e.r2.dev/1022746960115064.mp4
uploaded         1184504173852691 c0  (video) ← 1184504173852691.mp4  → https://pub-893b4a6a607b4221a894bf861da7914e.r2.dev/1184504173852691.mp4
carried-forward  1749737806164983 c0  → https://pub-893b4a6a607b4221a894bf861da7914e.r2.dev/1749737806164983.mp4
uploaded         1715381160593788 c0  (video) ← 1715381160593788.mp4  → https://pub-893b4a6a607b4221a894bf861da7914e.r2.dev/1715381160593788.mp4
carried-forward  27861019510189640 c0  → https://pub-893b4a6a607b4221a894bf861da7914e.r2.dev/27861019510189640.mp4
carried-forward  1828325671944421 c0  → https://pub-893b4a6a607b4221a894bf861da7914e.r2.dev/1828325671944421.mp4
carried-forward  882444871117868 c0  → https://pub-893b4a6a607b4221a894bf861da7914e.r2.dev/882444871117868.mp4
uploaded         1354716979390771 c0  (video) ← 1354716979390771.mp4  → https://pub-893b4a6a607b4221a894bf861da7914e.r2.dev/1354716979390771.mp4
uploaded         1517149106158256 c0  (video) ← 1517149106158256.mp4  → https://pub-893b4a6a607b4221a894bf861da7914e.r2.dev/1517149106158256.mp4
carried-forward  2283025218901164 c0  → https://pub-893b4a6a607b4221a894bf861da7914e.r2.dev/2283025218901164.mp4
carried-forward  28177094421896972 c0  → https://pub-893b4a6a607b4221a894bf861da7914e.r2.dev/28177094421896972.mp4
uploaded         2284558948972349 c0  (video) ← 2284558948972349.mp4  → https://pub-893b4a6a607b4221a894bf861da7914e.r2.dev/2284558948972349.mp4
uploaded         1526599748398499 c0  (video) ← 1526599748398499.mp4  → https://pub-893b4a6a607b4221a894bf861da7914e.r2.dev/1526599748398499.mp4
uploaded         1801900180976085 c0  (video) ← 1801900180976085.mp4  → https://pub-893b4a6a607b4221a894bf861da7914e.r2.dev/1801900180976085.mp4
carried-forward  27804244885931374 c0  → https://pub-893b4a6a607b4221a894bf861da7914e.r2.dev/27804244885931374.mp4
carried-forward  1685950269157410 c0  → https://pub-893b4a6a607b4221a894bf861da7914e.r2.dev/1685950269157410.mp4
uploaded         4389999011240645 c0  (video) ← 4389999011240645.mp4  → https://pub-893b4a6a607b4221a894bf861da7914e.r2.dev/4389999011240645.mp4
uploaded         1332498069082343 c0  (video) ← 1332498069082343.mp4  → https://pub-893b4a6a607b4221a894bf861da7914e.r2.dev/1332498069082343.mp4
uploaded         1548448613407809 c0  (video) ← 1548448613407809.mp4  → https://pub-893b4a6a607b4221a894bf861da7914e.r2.dev/1548448613407809.mp4
carried-forward  1572033057645862 c0  → https://pub-893b4a6a607b4221a894bf861da7914e.r2.dev/1572033057645862.mp4
uploaded         1722977905449062 c0  (video) ← 1722977905449062.mp4  → https://pub-893b4a6a607b4221a894bf861da7914e.r2.dev/1722977905449062.mp4
uploaded         1011203101788835 c0  (video) ← 1011203101788835.mp4  → https://pub-893b4a6a607b4221a894bf861da7914e.r2.dev/1011203101788835.mp4
uploaded         2101886324009822 c0  (video) ← 2101886324009822.mp4  → https://pub-893b4a6a607b4221a894bf861da7914e.r2.dev/2101886324009822.mp4
carried-forward  1350665050600421 c0  → https://pub-893b4a6a607b4221a894bf861da7914e.r2.dev/1350665050600421.mp4
carried-forward  2241143646686335 c0  → https://pub-893b4a6a607b4221a894bf861da7914e.r2.dev/2241143646686335.mp4
uploaded         36953778727603955 c0  (video) ← 36953778727603955.mp4  → https://pub-893b4a6a607b4221a894bf861da7914e.r2.dev/36953778727603955.mp4
uploaded         1308689694583286 c0  (video) ← 1308689694583286.mp4  → https://pub-893b4a6a607b4221a894bf861da7914e.r2.dev/1308689694583286.mp4
carried-forward  4373232079613595 c0  → https://pub-893b4a6a607b4221a894bf861da7914e.r2.dev/4373232079613595.mp4
uploaded         27464726953208725 c0  (video) ← 27464726953208725.mp4  → https://pub-893b4a6a607b4221a894bf861da7914e.r2.dev/27464726953208725.mp4
uploaded         1380282737356513 c0  (video) ← 1380282737356513.mp4  → https://pub-893b4a6a607b4221a894bf861da7914e.r2.dev/1380282737356513.mp4
uploaded         5403452643258526 c0  (video) ← 5403452643258526.mp4  → https://pub-893b4a6a607b4221a894bf861da7914e.r2.dev/5403452643258526.mp4
