# Step 3 run log
# competitor : lingo-ai
# started_at : 2026-07-03T13:43:54
# input      : facebook/inputs/fb-ads-lingo-ai-2026-07-03-1337.csv
# videos     : facebook/videos/lingo-ai-2026-07-03
# master     : facebook/master/lingo-ai.csv  (updated)
# enriched   : facebook/inputs/fb-ads-lingo-ai-2026-07-03-1337_enriched.csv
# bucket     : video-ads
# public_base: https://pub-893b4a6a607b4221a894bf861da7914e.r2.dev
# dry_run    : False
#
# counts     : {'uploaded': 64, 'carried-forward': 97, 'image-pending': 0, 'video-missing': 2, 'no-creative': 0, 'error': 0}
#
carried-forward  1398488762334299 c0  → https://pub-893b4a6a607b4221a894bf861da7914e.r2.dev/1398488762334299.mp4
video-missing    1398488762334299 c0  (expected file not found in facebook/videos/lingo-ai-2026-07-03)
carried-forward  1038854211901779 c0  → https://pub-893b4a6a607b4221a894bf861da7914e.r2.dev/1038854211901779.mp4
video-missing    1038854211901779 c0  (expected file not found in facebook/videos/lingo-ai-2026-07-03)
carried-forward  1093823739826634 c0  → https://pub-893b4a6a607b4221a894bf861da7914e.r2.dev/1093823739826634.mp4
carried-forward  1007110078391526 c0  → https://pub-893b4a6a607b4221a894bf861da7914e.r2.dev/1007110078391526.mp4
carried-forward  1651336692836508 c0  → https://pub-893b4a6a607b4221a894bf861da7914e.r2.dev/1651336692836508.mp4
carried-forward  1003526658752736 c0  → https://pub-893b4a6a607b4221a894bf861da7914e.r2.dev/1003526658752736.mp4
carried-forward  1685980745983019 c0  → https://pub-893b4a6a607b4221a894bf861da7914e.r2.dev/1685980745983019.mp4
carried-forward  1962277031827815 c0  → https://pub-893b4a6a607b4221a894bf861da7914e.r2.dev/1962277031827815.mp4
carried-forward  1312402474407625 c0  → https://pub-893b4a6a607b4221a894bf861da7914e.r2.dev/1312402474407625.mp4
carried-forward  1402910178342547 c0  → https://pub-893b4a6a607b4221a894bf861da7914e.r2.dev/1402910178342547.mp4
carried-forward  2223760955053163 c0  → https://pub-893b4a6a607b4221a894bf861da7914e.r2.dev/2223760955053163.mp4
uploaded         1586245716244003 c0  (video) ← 1586245716244003.mp4  → https://pub-893b4a6a607b4221a894bf861da7914e.r2.dev/1586245716244003.mp4
carried-forward  993382163488187 c0  → https://pub-893b4a6a607b4221a894bf861da7914e.r2.dev/993382163488187.mp4
carried-forward  1334703498047853 c0  → https://pub-893b4a6a607b4221a894bf861da7914e.r2.dev/1334703498047853.mp4
carried-forward  1005118642480638 c0  → https://pub-893b4a6a607b4221a894bf861da7914e.r2.dev/1005118642480638.mp4
carried-forward  1428582129292481 c0  → https://pub-893b4a6a607b4221a894bf861da7914e.r2.dev/1428582129292481.mp4
carried-forward  1506922147561152 c0  → https://pub-893b4a6a607b4221a894bf861da7914e.r2.dev/1506922147561152.mp4
carried-forward  1705366507331909 c0  → https://pub-893b4a6a607b4221a894bf861da7914e.r2.dev/1705366507331909.mp4
uploaded         1631671064582808 c0  (video) ← 1631671064582808.mp4  → https://pub-893b4a6a607b4221a894bf861da7914e.r2.dev/1631671064582808.mp4
carried-forward  992641953651273 c0  → https://pub-893b4a6a607b4221a894bf861da7914e.r2.dev/992641953651273.mp4
carried-forward  1338898801538920 c0  → https://pub-893b4a6a607b4221a894bf861da7914e.r2.dev/1338898801538920.mp4
carried-forward  1225658062919321 c0  → https://pub-893b4a6a607b4221a894bf861da7914e.r2.dev/1225658062919321.mp4
carried-forward  1633628567704710 c0  → https://pub-893b4a6a607b4221a894bf861da7914e.r2.dev/1633628567704710.mp4
carried-forward  1337814845219916 c0  → https://pub-893b4a6a607b4221a894bf861da7914e.r2.dev/1337814845219916.mp4
carried-forward  1382542137258042 c0  → https://pub-893b4a6a607b4221a894bf861da7914e.r2.dev/1382542137258042.mp4
carried-forward  1724358942314515 c0  → https://pub-893b4a6a607b4221a894bf861da7914e.r2.dev/1724358942314515.mp4
carried-forward  1691784178829769 c0  → https://pub-893b4a6a607b4221a894bf861da7914e.r2.dev/1691784178829769.mp4
carried-forward  878207795333026 c0  → https://pub-893b4a6a607b4221a894bf861da7914e.r2.dev/878207795333026.mp4
carried-forward  900011839294388 c0  → https://pub-893b4a6a607b4221a894bf861da7914e.r2.dev/900011839294388.mp4
carried-forward  1376125071000503 c0  → https://pub-893b4a6a607b4221a894bf861da7914e.r2.dev/1376125071000503.mp4
carried-forward  3403536496487480 c0  → https://pub-893b4a6a607b4221a894bf861da7914e.r2.dev/3403536496487480.mp4
carried-forward  1332107031680751 c0  → https://pub-893b4a6a607b4221a894bf861da7914e.r2.dev/1332107031680751.mp4
uploaded         1029480622861057 c0  (video) ← 1029480622861057.mp4  → https://pub-893b4a6a607b4221a894bf861da7914e.r2.dev/1029480622861057.mp4
carried-forward  981674204685917 c0  → https://pub-893b4a6a607b4221a894bf861da7914e.r2.dev/981674204685917.mp4
carried-forward  2076022413797975 c0  → https://pub-893b4a6a607b4221a894bf861da7914e.r2.dev/2076022413797975.mp4
carried-forward  1929767137611529 c0  → https://pub-893b4a6a607b4221a894bf861da7914e.r2.dev/1929767137611529.mp4
uploaded         1358496509575377 c0  (video) ← 1358496509575377.mp4  → https://pub-893b4a6a607b4221a894bf861da7914e.r2.dev/1358496509575377.mp4
carried-forward  1492092175305768 c0  → https://pub-893b4a6a607b4221a894bf861da7914e.r2.dev/1492092175305768.mp4
uploaded         2817216648647618 c0  (video) ← 2817216648647618.mp4  → https://pub-893b4a6a607b4221a894bf861da7914e.r2.dev/2817216648647618.mp4
uploaded         1713589323255487 c0  (video) ← 1713589323255487.mp4  → https://pub-893b4a6a607b4221a894bf861da7914e.r2.dev/1713589323255487.mp4
carried-forward  3340516169466059 c0  → https://pub-893b4a6a607b4221a894bf861da7914e.r2.dev/3340516169466059.mp4
carried-forward  1220089980142236 c0  → https://pub-893b4a6a607b4221a894bf861da7914e.r2.dev/1220089980142236.mp4
carried-forward  1031747116205172 c0  → https://pub-893b4a6a607b4221a894bf861da7914e.r2.dev/1031747116205172.mp4
uploaded         1606914717526779 c0  (video) ← 1606914717526779.mp4  → https://pub-893b4a6a607b4221a894bf861da7914e.r2.dev/1606914717526779.mp4
carried-forward  1427717762585898 c0  → https://pub-893b4a6a607b4221a894bf861da7914e.r2.dev/1427717762585898.mp4
carried-forward  1661401064910641 c0  → https://pub-893b4a6a607b4221a894bf861da7914e.r2.dev/1661401064910641.mp4
carried-forward  948906394837424 c0  → https://pub-893b4a6a607b4221a894bf861da7914e.r2.dev/948906394837424.mp4
carried-forward  1016351310760637 c0  → https://pub-893b4a6a607b4221a894bf861da7914e.r2.dev/1016351310760637.mp4
carried-forward  845469281720641 c0  → https://pub-893b4a6a607b4221a894bf861da7914e.r2.dev/845469281720641.mp4
carried-forward  1663926744681954 c0  → https://pub-893b4a6a607b4221a894bf861da7914e.r2.dev/1663926744681954.mp4
uploaded         1320259926955388 c0  (video) ← 1320259926955388.mp4  → https://pub-893b4a6a607b4221a894bf861da7914e.r2.dev/1320259926955388.mp4
carried-forward  1533990831529436 c0  → https://pub-893b4a6a607b4221a894bf861da7914e.r2.dev/1533990831529436.mp4
uploaded         2848181028881353 c0  (video) ← 2848181028881353.mp4  → https://pub-893b4a6a607b4221a894bf861da7914e.r2.dev/2848181028881353.mp4
carried-forward  1550386230032600 c0  → https://pub-893b4a6a607b4221a894bf861da7914e.r2.dev/1550386230032600.mp4
uploaded         1728717601639509 c0  (video) ← 1728717601639509.mp4  → https://pub-893b4a6a607b4221a894bf861da7914e.r2.dev/1728717601639509.mp4
uploaded         1015949768024016 c0  (video) ← 1015949768024016.mp4  → https://pub-893b4a6a607b4221a894bf861da7914e.r2.dev/1015949768024016.mp4
carried-forward  980809158288503 c0  → https://pub-893b4a6a607b4221a894bf861da7914e.r2.dev/980809158288503.mp4
uploaded         1333694315510618 c0  (video) ← 1333694315510618.mp4  → https://pub-893b4a6a607b4221a894bf861da7914e.r2.dev/1333694315510618.mp4
uploaded         1253335710067223 c0  (video) ← 1253335710067223.mp4  → https://pub-893b4a6a607b4221a894bf861da7914e.r2.dev/1253335710067223.mp4
uploaded         1332710238397394 c0  (video) ← 1332710238397394.mp4  → https://pub-893b4a6a607b4221a894bf861da7914e.r2.dev/1332710238397394.mp4
carried-forward  1013757414877783 c0  → https://pub-893b4a6a607b4221a894bf861da7914e.r2.dev/1013757414877783.mp4
carried-forward  1402256542118091 c0  → https://pub-893b4a6a607b4221a894bf861da7914e.r2.dev/1402256542118091.mp4
uploaded         2253769662106911 c0  (video) ← 2253769662106911.mp4  → https://pub-893b4a6a607b4221a894bf861da7914e.r2.dev/2253769662106911.mp4
carried-forward  1028449009853941 c0  → https://pub-893b4a6a607b4221a894bf861da7914e.r2.dev/1028449009853941.mp4
uploaded         1322361753316588 c0  (video) ← 1322361753316588.mp4  → https://pub-893b4a6a607b4221a894bf861da7914e.r2.dev/1322361753316588.mp4
carried-forward  1778942330132715 c0  → https://pub-893b4a6a607b4221a894bf861da7914e.r2.dev/1778942330132715.mp4
uploaded         2127576574477393 c0  (video) ← 2127576574477393.mp4  → https://pub-893b4a6a607b4221a894bf861da7914e.r2.dev/2127576574477393.mp4
carried-forward  2198156761037603 c0  → https://pub-893b4a6a607b4221a894bf861da7914e.r2.dev/2198156761037603.mp4
uploaded         1574777993985853 c0  (video) ← 1574777993985853.mp4  → https://pub-893b4a6a607b4221a894bf861da7914e.r2.dev/1574777993985853.mp4
uploaded         898871176564000 c0  (video) ← 898871176564000.mp4  → https://pub-893b4a6a607b4221a894bf861da7914e.r2.dev/898871176564000.mp4
carried-forward  2825328911169017 c0  → https://pub-893b4a6a607b4221a894bf861da7914e.r2.dev/2825328911169017.mp4
uploaded         1628897092140722 c0  (video) ← 1628897092140722.mp4  → https://pub-893b4a6a607b4221a894bf861da7914e.r2.dev/1628897092140722.mp4
carried-forward  28074840175451008 c0  → https://pub-893b4a6a607b4221a894bf861da7914e.r2.dev/28074840175451008.mp4
carried-forward  1546008070409394 c0  → https://pub-893b4a6a607b4221a894bf861da7914e.r2.dev/1546008070409394.mp4
uploaded         1753271266024156 c0  (video) ← 1753271266024156.mp4  → https://pub-893b4a6a607b4221a894bf861da7914e.r2.dev/1753271266024156.mp4
carried-forward  1633269327750962 c0  → https://pub-893b4a6a607b4221a894bf861da7914e.r2.dev/1633269327750962.mp4
uploaded         1543641104224230 c0  (video) ← 1543641104224230.mp4  → https://pub-893b4a6a607b4221a894bf861da7914e.r2.dev/1543641104224230.mp4
carried-forward  1542817130531524 c0  → https://pub-893b4a6a607b4221a894bf861da7914e.r2.dev/1542817130531524.mp4
carried-forward  2367898560406946 c0  → https://pub-893b4a6a607b4221a894bf861da7914e.r2.dev/2367898560406946.mp4
uploaded         1006880602208933 c0  (video) ← 1006880602208933.mp4  → https://pub-893b4a6a607b4221a894bf861da7914e.r2.dev/1006880602208933.mp4
uploaded         1403135131655847 c0  (video) ← 1403135131655847.mp4  → https://pub-893b4a6a607b4221a894bf861da7914e.r2.dev/1403135131655847.mp4
carried-forward  2276444916498087 c0  → https://pub-893b4a6a607b4221a894bf861da7914e.r2.dev/2276444916498087.mp4
carried-forward  1665570207993946 c0  → https://pub-893b4a6a607b4221a894bf861da7914e.r2.dev/1665570207993946.mp4
carried-forward  2013049059297231 c0  → https://pub-893b4a6a607b4221a894bf861da7914e.r2.dev/2013049059297231.mp4
carried-forward  4640976172881843 c0  → https://pub-893b4a6a607b4221a894bf861da7914e.r2.dev/4640976172881843.mp4
carried-forward  1554118786127320 c0  → https://pub-893b4a6a607b4221a894bf861da7914e.r2.dev/1554118786127320.mp4
uploaded         1352928303456749 c0  (video) ← 1352928303456749.mp4  → https://pub-893b4a6a607b4221a894bf861da7914e.r2.dev/1352928303456749.mp4
uploaded         1003316375797568 c0  (video) ← 1003316375797568.mp4  → https://pub-893b4a6a607b4221a894bf861da7914e.r2.dev/1003316375797568.mp4
uploaded         1543107963869133 c0  (video) ← 1543107963869133.mp4  → https://pub-893b4a6a607b4221a894bf861da7914e.r2.dev/1543107963869133.mp4
carried-forward  1899238120767407 c0  → https://pub-893b4a6a607b4221a894bf861da7914e.r2.dev/1899238120767407.mp4
uploaded         2093382988195608 c0  (video) ← 2093382988195608.mp4  → https://pub-893b4a6a607b4221a894bf861da7914e.r2.dev/2093382988195608.mp4
carried-forward  980866228090947 c0  → https://pub-893b4a6a607b4221a894bf861da7914e.r2.dev/980866228090947.mp4
uploaded         1037404378858206 c0  (video) ← 1037404378858206.mp4  → https://pub-893b4a6a607b4221a894bf861da7914e.r2.dev/1037404378858206.mp4
carried-forward  888239487656454 c0  → https://pub-893b4a6a607b4221a894bf861da7914e.r2.dev/888239487656454.mp4
carried-forward  1620690590064291 c0  → https://pub-893b4a6a607b4221a894bf861da7914e.r2.dev/1620690590064291.mp4
carried-forward  1635215360918989 c0  → https://pub-893b4a6a607b4221a894bf861da7914e.r2.dev/1635215360918989.mp4
carried-forward  2197431064430320 c0  → https://pub-893b4a6a607b4221a894bf861da7914e.r2.dev/2197431064430320.mp4
carried-forward  2183171979139988 c0  → https://pub-893b4a6a607b4221a894bf861da7914e.r2.dev/2183171979139988.mp4
carried-forward  1967353097232627 c0  → https://pub-893b4a6a607b4221a894bf861da7914e.r2.dev/1967353097232627.mp4
carried-forward  889901240171323 c0  → https://pub-893b4a6a607b4221a894bf861da7914e.r2.dev/889901240171323.mp4
carried-forward  1016181760769430 c0  → https://pub-893b4a6a607b4221a894bf861da7914e.r2.dev/1016181760769430.mp4
carried-forward  832807383245500 c0  → https://pub-893b4a6a607b4221a894bf861da7914e.r2.dev/832807383245500.mp4
uploaded         2565741070509053 c0  (video) ← 2565741070509053.mp4  → https://pub-893b4a6a607b4221a894bf861da7914e.r2.dev/2565741070509053.mp4
carried-forward  1336049577946625 c0  → https://pub-893b4a6a607b4221a894bf861da7914e.r2.dev/1336049577946625.mp4
carried-forward  4445732412339005 c0  → https://pub-893b4a6a607b4221a894bf861da7914e.r2.dev/4445732412339005.mp4
carried-forward  3220717538115795 c0  → https://pub-893b4a6a607b4221a894bf861da7914e.r2.dev/3220717538115795.mp4
carried-forward  27200422259600892 c0  → https://pub-893b4a6a607b4221a894bf861da7914e.r2.dev/27200422259600892.mp4
carried-forward  1329734649364208 c0  → https://pub-893b4a6a607b4221a894bf861da7914e.r2.dev/1329734649364208.mp4
carried-forward  1241242701314131 c0  → https://pub-893b4a6a607b4221a894bf861da7914e.r2.dev/1241242701314131.mp4
uploaded         1737720157248252 c0  (video) ← 1737720157248252.mp4  → https://pub-893b4a6a607b4221a894bf861da7914e.r2.dev/1737720157248252.mp4
uploaded         1740680096972904 c0  (video) ← 1740680096972904.mp4  → https://pub-893b4a6a607b4221a894bf861da7914e.r2.dev/1740680096972904.mp4
carried-forward  4565916810309378 c0  → https://pub-893b4a6a607b4221a894bf861da7914e.r2.dev/4565916810309378.mp4
carried-forward  1070801815488817 c0  → https://pub-893b4a6a607b4221a894bf861da7914e.r2.dev/1070801815488817.mp4
carried-forward  3520108538142321 c0  → https://pub-893b4a6a607b4221a894bf861da7914e.r2.dev/3520108538142321.mp4
uploaded         1731350314547390 c0  (video) ← 1731350314547390.mp4  → https://pub-893b4a6a607b4221a894bf861da7914e.r2.dev/1731350314547390.mp4
uploaded         1038875988523577 c0  (video) ← 1038875988523577.mp4  → https://pub-893b4a6a607b4221a894bf861da7914e.r2.dev/1038875988523577.mp4
uploaded         1339976711579852 c0  (video) ← 1339976711579852.mp4  → https://pub-893b4a6a607b4221a894bf861da7914e.r2.dev/1339976711579852.mp4
uploaded         2246846312740527 c0  (video) ← 2246846312740527.mp4  → https://pub-893b4a6a607b4221a894bf861da7914e.r2.dev/2246846312740527.mp4
carried-forward  2226393941496900 c0  → https://pub-893b4a6a607b4221a894bf861da7914e.r2.dev/2226393941496900.mp4
carried-forward  958995487133739 c0  → https://pub-893b4a6a607b4221a894bf861da7914e.r2.dev/958995487133739.mp4
uploaded         1196805302586861 c0  (video) ← 1196805302586861.mp4  → https://pub-893b4a6a607b4221a894bf861da7914e.r2.dev/1196805302586861.mp4
uploaded         1573143291170950 c0  (video) ← 1573143291170950.mp4  → https://pub-893b4a6a607b4221a894bf861da7914e.r2.dev/1573143291170950.mp4
carried-forward  1964261210892531 c0  → https://pub-893b4a6a607b4221a894bf861da7914e.r2.dev/1964261210892531.mp4
carried-forward  2250553868683148 c0  → https://pub-893b4a6a607b4221a894bf861da7914e.r2.dev/2250553868683148.mp4
uploaded         1956492935021537 c0  (video) ← 1956492935021537.mp4  → https://pub-893b4a6a607b4221a894bf861da7914e.r2.dev/1956492935021537.mp4
uploaded         1011343095077234 c0  (video) ← 1011343095077234.mp4  → https://pub-893b4a6a607b4221a894bf861da7914e.r2.dev/1011343095077234.mp4
carried-forward  1350345613876652 c0  → https://pub-893b4a6a607b4221a894bf861da7914e.r2.dev/1350345613876652.mp4
carried-forward  1653664225929777 c0  → https://pub-893b4a6a607b4221a894bf861da7914e.r2.dev/1653664225929777.mp4
uploaded         4252978928346557 c0  (video) ← 4252978928346557.mp4  → https://pub-893b4a6a607b4221a894bf861da7914e.r2.dev/4252978928346557.mp4
uploaded         1562974258824645 c0  (video) ← 1562974258824645.mp4  → https://pub-893b4a6a607b4221a894bf861da7914e.r2.dev/1562974258824645.mp4
uploaded         1564690418487864 c0  (video) ← 1564690418487864.mp4  → https://pub-893b4a6a607b4221a894bf861da7914e.r2.dev/1564690418487864.mp4
uploaded         1683265226128164 c0  (video) ← 1683265226128164.mp4  → https://pub-893b4a6a607b4221a894bf861da7914e.r2.dev/1683265226128164.mp4
uploaded         1364448042291357 c0  (video) ← 1364448042291357.mp4  → https://pub-893b4a6a607b4221a894bf861da7914e.r2.dev/1364448042291357.mp4
uploaded         1700427231075832 c0  (video) ← 1700427231075832.mp4  → https://pub-893b4a6a607b4221a894bf861da7914e.r2.dev/1700427231075832.mp4
carried-forward  27223086024028518 c0  → https://pub-893b4a6a607b4221a894bf861da7914e.r2.dev/27223086024028518.mp4
uploaded         826967597018641 c0  (video) ← 826967597018641.mp4  → https://pub-893b4a6a607b4221a894bf861da7914e.r2.dev/826967597018641.mp4
uploaded         1718832845801442 c0  (video) ← 1718832845801442.mp4  → https://pub-893b4a6a607b4221a894bf861da7914e.r2.dev/1718832845801442.mp4
carried-forward  2481091615671637 c0  → https://pub-893b4a6a607b4221a894bf861da7914e.r2.dev/2481091615671637.mp4
carried-forward  766734916502925 c0  → https://pub-893b4a6a607b4221a894bf861da7914e.r2.dev/766734916502925.mp4
carried-forward  902584925476226 c0  → https://pub-893b4a6a607b4221a894bf861da7914e.r2.dev/902584925476226.mp4
carried-forward  1039593245178099 c0  → https://pub-893b4a6a607b4221a894bf861da7914e.r2.dev/1039593245178099.mp4
uploaded         1270260864996278 c0  (video) ← 1270260864996278.mp4  → https://pub-893b4a6a607b4221a894bf861da7914e.r2.dev/1270260864996278.mp4
uploaded         1322392322862723 c0  (video) ← 1322392322862723.mp4  → https://pub-893b4a6a607b4221a894bf861da7914e.r2.dev/1322392322862723.mp4
uploaded         1560239385664442 c0  (video) ← 1560239385664442.mp4  → https://pub-893b4a6a607b4221a894bf861da7914e.r2.dev/1560239385664442.mp4
carried-forward  1671324540802131 c0  → https://pub-893b4a6a607b4221a894bf861da7914e.r2.dev/1671324540802131.mp4
uploaded         2086784085587228 c0  (video) ← 2086784085587228.mp4  → https://pub-893b4a6a607b4221a894bf861da7914e.r2.dev/2086784085587228.mp4
uploaded         4042081032594895 c0  (video) ← 4042081032594895.mp4  → https://pub-893b4a6a607b4221a894bf861da7914e.r2.dev/4042081032594895.mp4
carried-forward  28038108769120483 c0  → https://pub-893b4a6a607b4221a894bf861da7914e.r2.dev/28038108769120483.mp4
uploaded         999474093056100 c0  (video) ← 999474093056100.mp4  → https://pub-893b4a6a607b4221a894bf861da7914e.r2.dev/999474093056100.mp4
uploaded         1379625050694407 c0  (video) ← 1379625050694407.mp4  → https://pub-893b4a6a607b4221a894bf861da7914e.r2.dev/1379625050694407.mp4
uploaded         1481866736961436 c0  (video) ← 1481866736961436.mp4  → https://pub-893b4a6a607b4221a894bf861da7914e.r2.dev/1481866736961436.mp4
uploaded         1594426052410783 c0  (video) ← 1594426052410783.mp4  → https://pub-893b4a6a607b4221a894bf861da7914e.r2.dev/1594426052410783.mp4
carried-forward  1821063475538897 c0  → https://pub-893b4a6a607b4221a894bf861da7914e.r2.dev/1821063475538897.mp4
uploaded         2153258851904762 c0  (video) ← 2153258851904762.mp4  → https://pub-893b4a6a607b4221a894bf861da7914e.r2.dev/2153258851904762.mp4
uploaded         2181686352615966 c0  (video) ← 2181686352615966.mp4  → https://pub-893b4a6a607b4221a894bf861da7914e.r2.dev/2181686352615966.mp4
uploaded         2220276068748911 c0  (video) ← 2220276068748911.mp4  → https://pub-893b4a6a607b4221a894bf861da7914e.r2.dev/2220276068748911.mp4
uploaded         2225742691506044 c0  (video) ← 2225742691506044.mp4  → https://pub-893b4a6a607b4221a894bf861da7914e.r2.dev/2225742691506044.mp4
uploaded         3425197340976304 c0  (video) ← 3425197340976304.mp4  → https://pub-893b4a6a607b4221a894bf861da7914e.r2.dev/3425197340976304.mp4
uploaded         3998525930448649 c0  (video) ← 3998525930448649.mp4  → https://pub-893b4a6a607b4221a894bf861da7914e.r2.dev/3998525930448649.mp4
carried-forward  4659521547702423 c0  → https://pub-893b4a6a607b4221a894bf861da7914e.r2.dev/4659521547702423.mp4
uploaded         27350423597950324 c0  (video) ← 27350423597950324.mp4  → https://pub-893b4a6a607b4221a894bf861da7914e.r2.dev/27350423597950324.mp4
