# Step 3 run log
# competitor : lingo-ai
# started_at : 2026-07-19T20:41:22
# input      : facebook/inputs/fb-ads-lingo-ai-2026-07-19-2036.csv
# videos     : facebook/videos/lingo-ai-2026-07-19
# master     : facebook/master/lingo-ai.csv  (updated)
# enriched   : facebook/inputs/fb-ads-lingo-ai-2026-07-19-2036_enriched.csv
# bucket     : video-ads
# public_base: https://pub-893b4a6a607b4221a894bf861da7914e.r2.dev
# dry_run    : False
#
# counts     : {'uploaded': 32, 'carried-forward': 179, 'image-pending': 0, 'video-missing': 5, 'no-creative': 0, 'error': 0}
#
carried-forward  1093823739826634 c0  → https://pub-893b4a6a607b4221a894bf861da7914e.r2.dev/1093823739826634.mp4
carried-forward  1336448118024889 c0  → https://pub-893b4a6a607b4221a894bf861da7914e.r2.dev/1336448118024889.mp4
carried-forward  2817216648647618 c0  → https://pub-893b4a6a607b4221a894bf861da7914e.r2.dev/2817216648647618.mp4
carried-forward  861649606640914 c0  → https://pub-893b4a6a607b4221a894bf861da7914e.r2.dev/861649606640914.mp4
carried-forward  1683265226128164 c0  → https://pub-893b4a6a607b4221a894bf861da7914e.r2.dev/1683265226128164.mp4
carried-forward  831092886606480 c0  → https://pub-893b4a6a607b4221a894bf861da7914e.r2.dev/831092886606480.mp4
carried-forward  1027348283545347 c0  → https://pub-893b4a6a607b4221a894bf861da7914e.r2.dev/1027348283545347.mp4
carried-forward  1387668796571355 c0  → https://pub-893b4a6a607b4221a894bf861da7914e.r2.dev/1387668796571355.mp4
video-missing    1387668796571355 c0  (expected file not found in facebook/videos/lingo-ai-2026-07-19)
carried-forward  1574457477430487 c0  → https://pub-893b4a6a607b4221a894bf861da7914e.r2.dev/1574457477430487.mp4
carried-forward  1561681932015617 c0  → https://pub-893b4a6a607b4221a894bf861da7914e.r2.dev/1561681932015617.mp4
carried-forward  1972127246813621 c0  → https://pub-893b4a6a607b4221a894bf861da7914e.r2.dev/1972127246813621.mp4
carried-forward  1502905814452626 c0  → https://pub-893b4a6a607b4221a894bf861da7914e.r2.dev/1502905814452626.mp4
carried-forward  2019382318667999 c0  → https://pub-893b4a6a607b4221a894bf861da7914e.r2.dev/2019382318667999.mp4
carried-forward  1038960765740921 c0  → https://pub-893b4a6a607b4221a894bf861da7914e.r2.dev/1038960765740921.mp4
carried-forward  2253769662106911 c0  → https://pub-893b4a6a607b4221a894bf861da7914e.r2.dev/2253769662106911.mp4
video-missing    2253769662106911 c0  (expected file not found in facebook/videos/lingo-ai-2026-07-19)
carried-forward  4494315040857752 c0  → https://pub-893b4a6a607b4221a894bf861da7914e.r2.dev/4494315040857752.mp4
video-missing    4494315040857752 c0  (expected file not found in facebook/videos/lingo-ai-2026-07-19)
carried-forward  1006880602208933 c0  → https://pub-893b4a6a607b4221a894bf861da7914e.r2.dev/1006880602208933.mp4
carried-forward  2477354359407848 c0  → https://pub-893b4a6a607b4221a894bf861da7914e.r2.dev/2477354359407848.mp4
carried-forward  1402910178342547 c0  → https://pub-893b4a6a607b4221a894bf861da7914e.r2.dev/1402910178342547.mp4
carried-forward  2223760955053163 c0  → https://pub-893b4a6a607b4221a894bf861da7914e.r2.dev/2223760955053163.mp4
carried-forward  1368322611672051 c0  → https://pub-893b4a6a607b4221a894bf861da7914e.r2.dev/1368322611672051.mp4
carried-forward  1036575242203841 c0  → https://pub-893b4a6a607b4221a894bf861da7914e.r2.dev/1036575242203841.mp4
carried-forward  1555307446033768 c0  → https://pub-893b4a6a607b4221a894bf861da7914e.r2.dev/1555307446033768.mp4
carried-forward  1572811197564722 c0  → https://pub-893b4a6a607b4221a894bf861da7914e.r2.dev/1572811197564722.mp4
carried-forward  1539898520838626 c0  → https://pub-893b4a6a607b4221a894bf861da7914e.r2.dev/1539898520838626.mp4
carried-forward  1543107963869133 c0  → https://pub-893b4a6a607b4221a894bf861da7914e.r2.dev/1543107963869133.mp4
carried-forward  27527745463514415 c0  → https://pub-893b4a6a607b4221a894bf861da7914e.r2.dev/27527745463514415.mp4
carried-forward  1580064567242969 c0  → https://pub-893b4a6a607b4221a894bf861da7914e.r2.dev/1580064567242969.mp4
carried-forward  2079659836277553 c0  → https://pub-893b4a6a607b4221a894bf861da7914e.r2.dev/2079659836277553.mp4
carried-forward  970051129424916 c0  → https://pub-893b4a6a607b4221a894bf861da7914e.r2.dev/970051129424916.mp4
carried-forward  1705366507331909 c0  → https://pub-893b4a6a607b4221a894bf861da7914e.r2.dev/1705366507331909.mp4
carried-forward  1466504155245534 c0  → https://pub-893b4a6a607b4221a894bf861da7914e.r2.dev/1466504155245534.mp4
carried-forward  2221848241692614 c0  → https://pub-893b4a6a607b4221a894bf861da7914e.r2.dev/2221848241692614.mp4
video-missing    2221848241692614 c0  (expected file not found in facebook/videos/lingo-ai-2026-07-19)
carried-forward  1506922147561152 c0  → https://pub-893b4a6a607b4221a894bf861da7914e.r2.dev/1506922147561152.mp4
carried-forward  1241295458021975 c0  → https://pub-893b4a6a607b4221a894bf861da7914e.r2.dev/1241295458021975.mp4
carried-forward  1609843680737239 c0  → https://pub-893b4a6a607b4221a894bf861da7914e.r2.dev/1609843680737239.mp4
carried-forward  1644972694300693 c0  → https://pub-893b4a6a607b4221a894bf861da7914e.r2.dev/1644972694300693.mp4
carried-forward  1633628567704710 c0  → https://pub-893b4a6a607b4221a894bf861da7914e.r2.dev/1633628567704710.mp4
carried-forward  2953210015070433 c0  → https://pub-893b4a6a607b4221a894bf861da7914e.r2.dev/2953210015070433.mp4
carried-forward  26787357374277010 c0  → https://pub-893b4a6a607b4221a894bf861da7914e.r2.dev/26787357374277010.mp4
video-missing    26787357374277010 c0  (expected file not found in facebook/videos/lingo-ai-2026-07-19)
carried-forward  2301738637239103 c0  → https://pub-893b4a6a607b4221a894bf861da7914e.r2.dev/2301738637239103.mp4
carried-forward  1353143569507326 c0  → https://pub-893b4a6a607b4221a894bf861da7914e.r2.dev/1353143569507326.mp4
carried-forward  2654198474977868 c0  → https://pub-893b4a6a607b4221a894bf861da7914e.r2.dev/2654198474977868.mp4
carried-forward  1035971962252837 c0  → https://pub-893b4a6a607b4221a894bf861da7914e.r2.dev/1035971962252837.mp4
carried-forward  1954322491946159 c0  → https://pub-893b4a6a607b4221a894bf861da7914e.r2.dev/1954322491946159.mp4
carried-forward  878207795333026 c0  → https://pub-893b4a6a607b4221a894bf861da7914e.r2.dev/878207795333026.mp4
carried-forward  1276334237721041 c0  → https://pub-893b4a6a607b4221a894bf861da7914e.r2.dev/1276334237721041.mp4
carried-forward  4909225092638439 c0  → https://pub-893b4a6a607b4221a894bf861da7914e.r2.dev/4909225092638439.mp4
carried-forward  802952912808823 c0  → https://pub-893b4a6a607b4221a894bf861da7914e.r2.dev/802952912808823.mp4
carried-forward  2077032929915956 c0  → https://pub-893b4a6a607b4221a894bf861da7914e.r2.dev/2077032929915956.mp4
carried-forward  1872503484122617 c0  → https://pub-893b4a6a607b4221a894bf861da7914e.r2.dev/1872503484122617.mp4
carried-forward  2866701513688995 c0  → https://pub-893b4a6a607b4221a894bf861da7914e.r2.dev/2866701513688995.mp4
carried-forward  2153258851904762 c0  → https://pub-893b4a6a607b4221a894bf861da7914e.r2.dev/2153258851904762.mp4
carried-forward  1915386352474119 c0  → https://pub-893b4a6a607b4221a894bf861da7914e.r2.dev/1915386352474119.mp4
carried-forward  1595236978876918 c0  → https://pub-893b4a6a607b4221a894bf861da7914e.r2.dev/1595236978876918.mp4
carried-forward  1696511775464627 c0  → https://pub-893b4a6a607b4221a894bf861da7914e.r2.dev/1696511775464627.mp4
carried-forward  4675112942774885 c0  → https://pub-893b4a6a607b4221a894bf861da7914e.r2.dev/4675112942774885.mp4
uploaded         1721159278776726 c0  (video) ← 1721159278776726.mp4  → https://pub-893b4a6a607b4221a894bf861da7914e.r2.dev/1721159278776726.mp4
carried-forward  2022419928481257 c0  → https://pub-893b4a6a607b4221a894bf861da7914e.r2.dev/2022419928481257.mp4
carried-forward  1354716979390771 c0  → https://pub-893b4a6a607b4221a894bf861da7914e.r2.dev/1354716979390771.mp4
carried-forward  1532901558303092 c0  → https://pub-893b4a6a607b4221a894bf861da7914e.r2.dev/1532901558303092.mp4
carried-forward  1665212694751723 c0  → https://pub-893b4a6a607b4221a894bf861da7914e.r2.dev/1665212694751723.mp4
carried-forward  1516135953622417 c0  → https://pub-893b4a6a607b4221a894bf861da7914e.r2.dev/1516135953622417.mp4
carried-forward  1347209950391613 c0  → https://pub-893b4a6a607b4221a894bf861da7914e.r2.dev/1347209950391613.mp4
carried-forward  1100399292660108 c0  → https://pub-893b4a6a607b4221a894bf861da7914e.r2.dev/1100399292660108.mp4
carried-forward  1412955420704388 c0  → https://pub-893b4a6a607b4221a894bf861da7914e.r2.dev/1412955420704388.mp4
carried-forward  1415999857029783 c0  → https://pub-893b4a6a607b4221a894bf861da7914e.r2.dev/1415999857029783.mp4
uploaded         2164854557777767 c0  (video) ← 2164854557777767.mp4  → https://pub-893b4a6a607b4221a894bf861da7914e.r2.dev/2164854557777767.mp4
carried-forward  1504946770960452 c0  → https://pub-893b4a6a607b4221a894bf861da7914e.r2.dev/1504946770960452.mp4
carried-forward  1754835955688580 c0  → https://pub-893b4a6a607b4221a894bf861da7914e.r2.dev/1754835955688580.mp4
carried-forward  2099803350573188 c0  → https://pub-893b4a6a607b4221a894bf861da7914e.r2.dev/2099803350573188.mp4
carried-forward  1069174625775853 c0  → https://pub-893b4a6a607b4221a894bf861da7914e.r2.dev/1069174625775853.mp4
carried-forward  1707361663638583 c0  → https://pub-893b4a6a607b4221a894bf861da7914e.r2.dev/1707361663638583.mp4
carried-forward  826967597018641 c0  → https://pub-893b4a6a607b4221a894bf861da7914e.r2.dev/826967597018641.mp4
carried-forward  2238652463354041 c0  → https://pub-893b4a6a607b4221a894bf861da7914e.r2.dev/2238652463354041.mp4
carried-forward  27350423597950324 c0  → https://pub-893b4a6a607b4221a894bf861da7914e.r2.dev/27350423597950324.mp4
carried-forward  1591882872610950 c0  → https://pub-893b4a6a607b4221a894bf861da7914e.r2.dev/1591882872610950.mp4
carried-forward  3641043652700023 c0  → https://pub-893b4a6a607b4221a894bf861da7914e.r2.dev/3641043652700023.mp4
carried-forward  1801900180976085 c0  → https://pub-893b4a6a607b4221a894bf861da7914e.r2.dev/1801900180976085.mp4
carried-forward  831151359935196 c0  → https://pub-893b4a6a607b4221a894bf861da7914e.r2.dev/831151359935196.mp4
carried-forward  1184504173852691 c0  → https://pub-893b4a6a607b4221a894bf861da7914e.r2.dev/1184504173852691.mp4
carried-forward  912017814528407 c0  → https://pub-893b4a6a607b4221a894bf861da7914e.r2.dev/912017814528407.mp4
carried-forward  1976175673785603 c0  → https://pub-893b4a6a607b4221a894bf861da7914e.r2.dev/1976175673785603.mp4
carried-forward  1815202449846466 c0  → https://pub-893b4a6a607b4221a894bf861da7914e.r2.dev/1815202449846466.mp4
carried-forward  2101886324009822 c0  → https://pub-893b4a6a607b4221a894bf861da7914e.r2.dev/2101886324009822.mp4
carried-forward  1476996661108631 c0  → https://pub-893b4a6a607b4221a894bf861da7914e.r2.dev/1476996661108631.mp4
uploaded         2050192829225897 c0  (video) ← 2050192829225897.mp4  → https://pub-893b4a6a607b4221a894bf861da7914e.r2.dev/2050192829225897.mp4
carried-forward  4453758544952305 c0  → https://pub-893b4a6a607b4221a894bf861da7914e.r2.dev/4453758544952305.mp4
carried-forward  1028449009853941 c0  → https://pub-893b4a6a607b4221a894bf861da7914e.r2.dev/1028449009853941.mp4
carried-forward  1343397883899179 c0  → https://pub-893b4a6a607b4221a894bf861da7914e.r2.dev/1343397883899179.mp4
carried-forward  3155628847962719 c0  → https://pub-893b4a6a607b4221a894bf861da7914e.r2.dev/3155628847962719.mp4
carried-forward  27171113109254491 c0  → https://pub-893b4a6a607b4221a894bf861da7914e.r2.dev/27171113109254491.mp4
carried-forward  1338879458397876 c0  → https://pub-893b4a6a607b4221a894bf861da7914e.r2.dev/1338879458397876.mp4
carried-forward  1591084245787793 c0  → https://pub-893b4a6a607b4221a894bf861da7914e.r2.dev/1591084245787793.mp4
carried-forward  1689492209025217 c0  → https://pub-893b4a6a607b4221a894bf861da7914e.r2.dev/1689492209025217.mp4
carried-forward  1542624857334071 c0  → https://pub-893b4a6a607b4221a894bf861da7914e.r2.dev/1542624857334071.mp4
carried-forward  1761545541670351 c0  → https://pub-893b4a6a607b4221a894bf861da7914e.r2.dev/1761545541670351.mp4
carried-forward  1022746960115064 c0  → https://pub-893b4a6a607b4221a894bf861da7914e.r2.dev/1022746960115064.mp4
carried-forward  1332498069082343 c0  → https://pub-893b4a6a607b4221a894bf861da7914e.r2.dev/1332498069082343.mp4
uploaded         985383254463135 c0  (video) ← 985383254463135.mp4  → https://pub-893b4a6a607b4221a894bf861da7914e.r2.dev/985383254463135.mp4
carried-forward  1033394636327348 c0  → https://pub-893b4a6a607b4221a894bf861da7914e.r2.dev/1033394636327348.mp4
carried-forward  1102346855789311 c0  → https://pub-893b4a6a607b4221a894bf861da7914e.r2.dev/1102346855789311.mp4
carried-forward  1337668218548557 c0  → https://pub-893b4a6a607b4221a894bf861da7914e.r2.dev/1337668218548557.mp4
carried-forward  1517149106158256 c0  → https://pub-893b4a6a607b4221a894bf861da7914e.r2.dev/1517149106158256.mp4
carried-forward  2043355142935415 c0  → https://pub-893b4a6a607b4221a894bf861da7914e.r2.dev/2043355142935415.mp4
carried-forward  1715381160593788 c0  → https://pub-893b4a6a607b4221a894bf861da7914e.r2.dev/1715381160593788.mp4
carried-forward  1553250802921957 c0  → https://pub-893b4a6a607b4221a894bf861da7914e.r2.dev/1553250802921957.mp4
carried-forward  1204480426086420 c0  → https://pub-893b4a6a607b4221a894bf861da7914e.r2.dev/1204480426086420.mp4
carried-forward  1330583959053128 c0  → https://pub-893b4a6a607b4221a894bf861da7914e.r2.dev/1330583959053128.mp4
carried-forward  1055451546883252 c0  → https://pub-893b4a6a607b4221a894bf861da7914e.r2.dev/1055451546883252.mp4
carried-forward  1690329032226269 c0  → https://pub-893b4a6a607b4221a894bf861da7914e.r2.dev/1690329032226269.mp4
carried-forward  1300113352290551 c0  → https://pub-893b4a6a607b4221a894bf861da7914e.r2.dev/1300113352290551.mp4
carried-forward  1556283036216137 c0  → https://pub-893b4a6a607b4221a894bf861da7914e.r2.dev/1556283036216137.mp4
carried-forward  2039412566650201 c0  → https://pub-893b4a6a607b4221a894bf861da7914e.r2.dev/2039412566650201.mp4
carried-forward  912846888518802 c0  → https://pub-893b4a6a607b4221a894bf861da7914e.r2.dev/912846888518802.mp4
carried-forward  1264112379002091 c0  → https://pub-893b4a6a607b4221a894bf861da7914e.r2.dev/1264112379002091.mp4
uploaded         1679312103370343 c0  (video) ← 1679312103370343.mp4  → https://pub-893b4a6a607b4221a894bf861da7914e.r2.dev/1679312103370343.mp4
carried-forward  1526599748398499 c0  → https://pub-893b4a6a607b4221a894bf861da7914e.r2.dev/1526599748398499.mp4
carried-forward  1602399901499464 c0  → https://pub-893b4a6a607b4221a894bf861da7914e.r2.dev/1602399901499464.mp4
carried-forward  1318468093605981 c0  → https://pub-893b4a6a607b4221a894bf861da7914e.r2.dev/1318468093605981.mp4
carried-forward  1219075670317919 c0  → https://pub-893b4a6a607b4221a894bf861da7914e.r2.dev/1219075670317919.mp4
carried-forward  1308689694583286 c0  → https://pub-893b4a6a607b4221a894bf861da7914e.r2.dev/1308689694583286.mp4
uploaded         2173112486592673 c0  (video) ← 2173112486592673.mp4  → https://pub-893b4a6a607b4221a894bf861da7914e.r2.dev/2173112486592673.mp4
carried-forward  1757175298641732 c0  → https://pub-893b4a6a607b4221a894bf861da7914e.r2.dev/1757175298641732.mp4
uploaded         2536056390190075 c0  (video) ← 2536056390190075.mp4  → https://pub-893b4a6a607b4221a894bf861da7914e.r2.dev/2536056390190075.mp4
carried-forward  1076713821482023 c0  → https://pub-893b4a6a607b4221a894bf861da7914e.r2.dev/1076713821482023.mp4
uploaded         1022055827387997 c0  (video) ← 1022055827387997.mp4  → https://pub-893b4a6a607b4221a894bf861da7914e.r2.dev/1022055827387997.mp4
carried-forward  1700427231075832 c0  → https://pub-893b4a6a607b4221a894bf861da7914e.r2.dev/1700427231075832.mp4
carried-forward  2582755122144483 c0  → https://pub-893b4a6a607b4221a894bf861da7914e.r2.dev/2582755122144483.mp4
carried-forward  2410715992747792 c0  → https://pub-893b4a6a607b4221a894bf861da7914e.r2.dev/2410715992747792.mp4
carried-forward  1360591792698190 c0  → https://pub-893b4a6a607b4221a894bf861da7914e.r2.dev/1360591792698190.mp4
carried-forward  979926591690487 c0  → https://pub-893b4a6a607b4221a894bf861da7914e.r2.dev/979926591690487.mp4
carried-forward  1635215360918989 c0  → https://pub-893b4a6a607b4221a894bf861da7914e.r2.dev/1635215360918989.mp4
carried-forward  1016600137901431 c0  → https://pub-893b4a6a607b4221a894bf861da7914e.r2.dev/1016600137901431.mp4
carried-forward  1221968766715374 c0  → https://pub-893b4a6a607b4221a894bf861da7914e.r2.dev/1221968766715374.mp4
carried-forward  2081508866131058 c0  → https://pub-893b4a6a607b4221a894bf861da7914e.r2.dev/2081508866131058.mp4
uploaded         28185666544351029 c0  (video) ← 28185666544351029.mp4  → https://pub-893b4a6a607b4221a894bf861da7914e.r2.dev/28185666544351029.mp4
uploaded         2043967689541651 c0  (video) ← 2043967689541651.mp4  → https://pub-893b4a6a607b4221a894bf861da7914e.r2.dev/2043967689541651.mp4
carried-forward  986024980878185 c0  → https://pub-893b4a6a607b4221a894bf861da7914e.r2.dev/986024980878185.mp4
uploaded         1582003546629999 c0  (video) ← 1582003546629999.mp4  → https://pub-893b4a6a607b4221a894bf861da7914e.r2.dev/1582003546629999.mp4
uploaded         995623713290389 c0  (video) ← 995623713290389.mp4  → https://pub-893b4a6a607b4221a894bf861da7914e.r2.dev/995623713290389.mp4
carried-forward  1021961830212223 c0  → https://pub-893b4a6a607b4221a894bf861da7914e.r2.dev/1021961830212223.mp4
carried-forward  1646364236435916 c0  → https://pub-893b4a6a607b4221a894bf861da7914e.r2.dev/1646364236435916.mp4
carried-forward  997826756463875 c0  → https://pub-893b4a6a607b4221a894bf861da7914e.r2.dev/997826756463875.mp4
carried-forward  4079743558992826 c0  → https://pub-893b4a6a607b4221a894bf861da7914e.r2.dev/4079743558992826.mp4
carried-forward  1598260625282277 c0  → https://pub-893b4a6a607b4221a894bf861da7914e.r2.dev/1598260625282277.mp4
carried-forward  1676195966972808 c0  → https://pub-893b4a6a607b4221a894bf861da7914e.r2.dev/1676195966972808.mp4
carried-forward  1024591973654205 c0  → https://pub-893b4a6a607b4221a894bf861da7914e.r2.dev/1024591973654205.mp4
carried-forward  2384988698654054 c0  → https://pub-893b4a6a607b4221a894bf861da7914e.r2.dev/2384988698654054.mp4
carried-forward  1009169425229780 c0  → https://pub-893b4a6a607b4221a894bf861da7914e.r2.dev/1009169425229780.mp4
carried-forward  1529543691964572 c0  → https://pub-893b4a6a607b4221a894bf861da7914e.r2.dev/1529543691964572.mp4
carried-forward  1380282737356513 c0  → https://pub-893b4a6a607b4221a894bf861da7914e.r2.dev/1380282737356513.mp4
carried-forward  36953778727603955 c0  → https://pub-893b4a6a607b4221a894bf861da7914e.r2.dev/36953778727603955.mp4
carried-forward  2000913570552724 c0  → https://pub-893b4a6a607b4221a894bf861da7914e.r2.dev/2000913570552724.mp4
carried-forward  1337634014636988 c0  → https://pub-893b4a6a607b4221a894bf861da7914e.r2.dev/1337634014636988.mp4
uploaded         1546602566939881 c0  (video) ← 1546602566939881.mp4  → https://pub-893b4a6a607b4221a894bf861da7914e.r2.dev/1546602566939881.mp4
carried-forward  2376182266205177 c0  → https://pub-893b4a6a607b4221a894bf861da7914e.r2.dev/2376182266205177.mp4
uploaded         997938386411887 c0  (video) ← 997938386411887.mp4  → https://pub-893b4a6a607b4221a894bf861da7914e.r2.dev/997938386411887.mp4
carried-forward  1011203101788835 c0  → https://pub-893b4a6a607b4221a894bf861da7914e.r2.dev/1011203101788835.mp4
carried-forward  1014666224660601 c0  → https://pub-893b4a6a607b4221a894bf861da7914e.r2.dev/1014666224660601.mp4
carried-forward  1011509568312752 c0  → https://pub-893b4a6a607b4221a894bf861da7914e.r2.dev/1011509568312752.mp4
uploaded         1082008637823130 c0  (video) ← 1082008637823130.mp4  → https://pub-893b4a6a607b4221a894bf861da7914e.r2.dev/1082008637823130.mp4
carried-forward  1548448613407809 c0  → https://pub-893b4a6a607b4221a894bf861da7914e.r2.dev/1548448613407809.mp4
carried-forward  1284484790216787 c0  → https://pub-893b4a6a607b4221a894bf861da7914e.r2.dev/1284484790216787.mp4
uploaded         1720335679319002 c0  (video) ← 1720335679319002.mp4  → https://pub-893b4a6a607b4221a894bf861da7914e.r2.dev/1720335679319002.mp4
carried-forward  1722970195676115 c0  → https://pub-893b4a6a607b4221a894bf861da7914e.r2.dev/1722970195676115.mp4
carried-forward  2223238285097251 c0  → https://pub-893b4a6a607b4221a894bf861da7914e.r2.dev/2223238285097251.mp4
carried-forward  1749737806164983 c0  → https://pub-893b4a6a607b4221a894bf861da7914e.r2.dev/1749737806164983.mp4
carried-forward  1828325671944421 c0  → https://pub-893b4a6a607b4221a894bf861da7914e.r2.dev/1828325671944421.mp4
carried-forward  872842742184516 c0  → https://pub-893b4a6a607b4221a894bf861da7914e.r2.dev/872842742184516.mp4
uploaded         1429359822416826 c0  (video) ← 1429359822416826.mp4  → https://pub-893b4a6a607b4221a894bf861da7914e.r2.dev/1429359822416826.mp4
carried-forward  1073427148601563 c0  → https://pub-893b4a6a607b4221a894bf861da7914e.r2.dev/1073427148601563.mp4
carried-forward  1593425012356611 c0  → https://pub-893b4a6a607b4221a894bf861da7914e.r2.dev/1593425012356611.mp4
carried-forward  3893175160988013 c0  → https://pub-893b4a6a607b4221a894bf861da7914e.r2.dev/3893175160988013.mp4
carried-forward  27596393143323762 c0  → https://pub-893b4a6a607b4221a894bf861da7914e.r2.dev/27596393143323762.mp4
carried-forward  1742882823833567 c0  → https://pub-893b4a6a607b4221a894bf861da7914e.r2.dev/1742882823833567.mp4
uploaded         2069856527074376 c0  (video) ← 2069856527074376.mp4  → https://pub-893b4a6a607b4221a894bf861da7914e.r2.dev/2069856527074376.mp4
carried-forward  5035562730031725 c0  → https://pub-893b4a6a607b4221a894bf861da7914e.r2.dev/5035562730031725.mp4
carried-forward  1007740341889997 c0  → https://pub-893b4a6a607b4221a894bf861da7914e.r2.dev/1007740341889997.mp4
uploaded         1542105073935104 c0  (video) ← 1542105073935104.mp4  → https://pub-893b4a6a607b4221a894bf861da7914e.r2.dev/1542105073935104.mp4
uploaded         1503247244424866 c0  (video) ← 1503247244424866.mp4  → https://pub-893b4a6a607b4221a894bf861da7914e.r2.dev/1503247244424866.mp4
carried-forward  961677100212298 c0  → https://pub-893b4a6a607b4221a894bf861da7914e.r2.dev/961677100212298.mp4
carried-forward  1572033057645862 c0  → https://pub-893b4a6a607b4221a894bf861da7914e.r2.dev/1572033057645862.mp4
carried-forward  2302770823804284 c0  → https://pub-893b4a6a607b4221a894bf861da7914e.r2.dev/2302770823804284.mp4
carried-forward  1384566673593536 c0  → https://pub-893b4a6a607b4221a894bf861da7914e.r2.dev/1384566673593536.mp4
uploaded         1622031202824045 c0  (video) ← 1622031202824045.mp4  → https://pub-893b4a6a607b4221a894bf861da7914e.r2.dev/1622031202824045.mp4
uploaded         2094285581298721 c0  (video) ← 2094285581298721.mp4  → https://pub-893b4a6a607b4221a894bf861da7914e.r2.dev/2094285581298721.mp4
uploaded         1032449819341004 c0  (video) ← 1032449819341004.mp4  → https://pub-893b4a6a607b4221a894bf861da7914e.r2.dev/1032449819341004.mp4
carried-forward  1350665050600421 c0  → https://pub-893b4a6a607b4221a894bf861da7914e.r2.dev/1350665050600421.mp4
carried-forward  1748815813031139 c0  → https://pub-893b4a6a607b4221a894bf861da7914e.r2.dev/1748815813031139.mp4
carried-forward  1436384358313860 c0  → https://pub-893b4a6a607b4221a894bf861da7914e.r2.dev/1436384358313860.mp4
uploaded         1549247150203977 c0  (video) ← 1549247150203977.mp4  → https://pub-893b4a6a607b4221a894bf861da7914e.r2.dev/1549247150203977.mp4
carried-forward  2241143646686335 c0  → https://pub-893b4a6a607b4221a894bf861da7914e.r2.dev/2241143646686335.mp4
carried-forward  27192017473832256 c0  → https://pub-893b4a6a607b4221a894bf861da7914e.r2.dev/27192017473832256.mp4
uploaded         1049522830756864 c0  (video) ← 1049522830756864.mp4  → https://pub-893b4a6a607b4221a894bf861da7914e.r2.dev/1049522830756864.mp4
uploaded         1362661155980082 c0  (video) ← 1362661155980082.mp4  → https://pub-893b4a6a607b4221a894bf861da7914e.r2.dev/1362661155980082.mp4
uploaded         2007788853192340 c0  (video) ← 2007788853192340.mp4  → https://pub-893b4a6a607b4221a894bf861da7914e.r2.dev/2007788853192340.mp4
carried-forward  3756433574499373 c0  → https://pub-893b4a6a607b4221a894bf861da7914e.r2.dev/3756433574499373.mp4
carried-forward  4373232079613595 c0  → https://pub-893b4a6a607b4221a894bf861da7914e.r2.dev/4373232079613595.mp4
carried-forward  1075542551710880 c0  → https://pub-893b4a6a607b4221a894bf861da7914e.r2.dev/1075542551710880.mp4
uploaded         1360155599371318 c0  (video) ← 1360155599371318.mp4  → https://pub-893b4a6a607b4221a894bf861da7914e.r2.dev/1360155599371318.mp4
carried-forward  1494193832508302 c0  → https://pub-893b4a6a607b4221a894bf861da7914e.r2.dev/1494193832508302.mp4
uploaded         1518916412488930 c0  (video) ← 1518916412488930.mp4  → https://pub-893b4a6a607b4221a894bf861da7914e.r2.dev/1518916412488930.mp4
carried-forward  1522751079392444 c0  → https://pub-893b4a6a607b4221a894bf861da7914e.r2.dev/1522751079392444.mp4
uploaded         1550825906643768 c0  (video) ← 1550825906643768.mp4  → https://pub-893b4a6a607b4221a894bf861da7914e.r2.dev/1550825906643768.mp4
carried-forward  1738358323839444 c0  → https://pub-893b4a6a607b4221a894bf861da7914e.r2.dev/1738358323839444.mp4
carried-forward  1774241500587954 c0  → https://pub-893b4a6a607b4221a894bf861da7914e.r2.dev/1774241500587954.mp4
uploaded         1818064382511618 c0  (video) ← 1818064382511618.mp4  → https://pub-893b4a6a607b4221a894bf861da7914e.r2.dev/1818064382511618.mp4
uploaded         2081358779116501 c0  (video) ← 2081358779116501.mp4  → https://pub-893b4a6a607b4221a894bf861da7914e.r2.dev/2081358779116501.mp4
carried-forward  4531262407124189 c0  → https://pub-893b4a6a607b4221a894bf861da7914e.r2.dev/4531262407124189.mp4
carried-forward  28254741910775992 c0  → https://pub-893b4a6a607b4221a894bf861da7914e.r2.dev/28254741910775992.mp4
