# Step 3 run log
# competitor : lingo-ai
# started_at : 2026-07-02T13:50:39
# input      : facebook/inputs/fb-ads-lingo-ai-2026-07-02-1344.csv
# videos     : facebook/videos/lingo-ai-2026-07-02
# master     : facebook/master/lingo-ai.csv  (updated)
# enriched   : facebook/inputs/fb-ads-lingo-ai-2026-07-02-1344_enriched.csv
# bucket     : video-ads
# public_base: https://pub-893b4a6a607b4221a894bf861da7914e.r2.dev
# dry_run    : False
#
# counts     : {'uploaded': 42, 'carried-forward': 117, 'image-pending': 0, 'video-missing': 0, 'no-creative': 0, 'error': 0}
#
carried-forward  1398488762334299 c0  → https://pub-893b4a6a607b4221a894bf861da7914e.r2.dev/1398488762334299.mp4
carried-forward  1038854211901779 c0  → https://pub-893b4a6a607b4221a894bf861da7914e.r2.dev/1038854211901779.mp4
carried-forward  1093823739826634 c0  → https://pub-893b4a6a607b4221a894bf861da7914e.r2.dev/1093823739826634.mp4
carried-forward  1007110078391526 c0  → https://pub-893b4a6a607b4221a894bf861da7914e.r2.dev/1007110078391526.mp4
carried-forward  1651336692836508 c0  → https://pub-893b4a6a607b4221a894bf861da7914e.r2.dev/1651336692836508.mp4
carried-forward  1003526658752736 c0  → https://pub-893b4a6a607b4221a894bf861da7914e.r2.dev/1003526658752736.mp4
carried-forward  1685980745983019 c0  → https://pub-893b4a6a607b4221a894bf861da7914e.r2.dev/1685980745983019.mp4
carried-forward  1538760811238868 c0  → https://pub-893b4a6a607b4221a894bf861da7914e.r2.dev/1538760811238868.mp4
carried-forward  1937208343614080 c0  → https://pub-893b4a6a607b4221a894bf861da7914e.r2.dev/1937208343614080.mp4
carried-forward  2214088236050101 c0  → https://pub-893b4a6a607b4221a894bf861da7914e.r2.dev/2214088236050101.mp4
carried-forward  1962277031827815 c0  → https://pub-893b4a6a607b4221a894bf861da7914e.r2.dev/1962277031827815.mp4
carried-forward  1583804963749566 c0  → https://pub-893b4a6a607b4221a894bf861da7914e.r2.dev/1583804963749566.mp4
carried-forward  1312402474407625 c0  → https://pub-893b4a6a607b4221a894bf861da7914e.r2.dev/1312402474407625.mp4
carried-forward  1402910178342547 c0  → https://pub-893b4a6a607b4221a894bf861da7914e.r2.dev/1402910178342547.mp4
carried-forward  2223760955053163 c0  → https://pub-893b4a6a607b4221a894bf861da7914e.r2.dev/2223760955053163.mp4
carried-forward  993382163488187 c0  → https://pub-893b4a6a607b4221a894bf861da7914e.r2.dev/993382163488187.mp4
carried-forward  1678641126584608 c0  → https://pub-893b4a6a607b4221a894bf861da7914e.r2.dev/1678641126584608.mp4
carried-forward  1334703498047853 c0  → https://pub-893b4a6a607b4221a894bf861da7914e.r2.dev/1334703498047853.mp4
carried-forward  1005118642480638 c0  → https://pub-893b4a6a607b4221a894bf861da7914e.r2.dev/1005118642480638.mp4
carried-forward  1077685178256993 c0  → https://pub-893b4a6a607b4221a894bf861da7914e.r2.dev/1077685178256993.mp4
carried-forward  1428582129292481 c0  → https://pub-893b4a6a607b4221a894bf861da7914e.r2.dev/1428582129292481.mp4
carried-forward  1495959161795889 c0  → https://pub-893b4a6a607b4221a894bf861da7914e.r2.dev/1495959161795889.mp4
carried-forward  1652399175862726 c0  → https://pub-893b4a6a607b4221a894bf861da7914e.r2.dev/1652399175862726.mp4
carried-forward  1713425506522096 c0  → https://pub-893b4a6a607b4221a894bf861da7914e.r2.dev/1713425506522096.mp4
carried-forward  1022044667180751 c0  → https://pub-893b4a6a607b4221a894bf861da7914e.r2.dev/1022044667180751.mp4
carried-forward  1506922147561152 c0  → https://pub-893b4a6a607b4221a894bf861da7914e.r2.dev/1506922147561152.mp4
carried-forward  1705366507331909 c0  → https://pub-893b4a6a607b4221a894bf861da7914e.r2.dev/1705366507331909.mp4
carried-forward  992641953651273 c0  → https://pub-893b4a6a607b4221a894bf861da7914e.r2.dev/992641953651273.mp4
carried-forward  1338898801538920 c0  → https://pub-893b4a6a607b4221a894bf861da7914e.r2.dev/1338898801538920.mp4
carried-forward  1225658062919321 c0  → https://pub-893b4a6a607b4221a894bf861da7914e.r2.dev/1225658062919321.mp4
carried-forward  1633628567704710 c0  → https://pub-893b4a6a607b4221a894bf861da7914e.r2.dev/1633628567704710.mp4
carried-forward  1337814845219916 c0  → https://pub-893b4a6a607b4221a894bf861da7914e.r2.dev/1337814845219916.mp4
carried-forward  1003815002563627 c0  → https://pub-893b4a6a607b4221a894bf861da7914e.r2.dev/1003815002563627.mp4
carried-forward  1382542137258042 c0  → https://pub-893b4a6a607b4221a894bf861da7914e.r2.dev/1382542137258042.mp4
carried-forward  2405871873276841 c0  → https://pub-893b4a6a607b4221a894bf861da7914e.r2.dev/2405871873276841.mp4
uploaded         1724358942314515 c0  (video) ← 1724358942314515.mp4  → https://pub-893b4a6a607b4221a894bf861da7914e.r2.dev/1724358942314515.mp4
carried-forward  964887063217501 c0  → https://pub-893b4a6a607b4221a894bf861da7914e.r2.dev/964887063217501.mp4
carried-forward  1691784178829769 c0  → https://pub-893b4a6a607b4221a894bf861da7914e.r2.dev/1691784178829769.mp4
carried-forward  1552375786420589 c0  → https://pub-893b4a6a607b4221a894bf861da7914e.r2.dev/1552375786420589.mp4
carried-forward  878207795333026 c0  → https://pub-893b4a6a607b4221a894bf861da7914e.r2.dev/878207795333026.mp4
carried-forward  1665543061221350 c0  → https://pub-893b4a6a607b4221a894bf861da7914e.r2.dev/1665543061221350.mp4
carried-forward  900011839294388 c0  → https://pub-893b4a6a607b4221a894bf861da7914e.r2.dev/900011839294388.mp4
carried-forward  1376125071000503 c0  → https://pub-893b4a6a607b4221a894bf861da7914e.r2.dev/1376125071000503.mp4
carried-forward  3403536496487480 c0  → https://pub-893b4a6a607b4221a894bf861da7914e.r2.dev/3403536496487480.mp4
carried-forward  1332107031680751 c0  → https://pub-893b4a6a607b4221a894bf861da7914e.r2.dev/1332107031680751.mp4
carried-forward  981674204685917 c0  → https://pub-893b4a6a607b4221a894bf861da7914e.r2.dev/981674204685917.mp4
carried-forward  2076022413797975 c0  → https://pub-893b4a6a607b4221a894bf861da7914e.r2.dev/2076022413797975.mp4
carried-forward  1030585469917770 c0  → https://pub-893b4a6a607b4221a894bf861da7914e.r2.dev/1030585469917770.mp4
carried-forward  1929767137611529 c0  → https://pub-893b4a6a607b4221a894bf861da7914e.r2.dev/1929767137611529.mp4
carried-forward  1492092175305768 c0  → https://pub-893b4a6a607b4221a894bf861da7914e.r2.dev/1492092175305768.mp4
carried-forward  3340516169466059 c0  → https://pub-893b4a6a607b4221a894bf861da7914e.r2.dev/3340516169466059.mp4
carried-forward  1220089980142236 c0  → https://pub-893b4a6a607b4221a894bf861da7914e.r2.dev/1220089980142236.mp4
carried-forward  1031747116205172 c0  → https://pub-893b4a6a607b4221a894bf861da7914e.r2.dev/1031747116205172.mp4
uploaded         1759461991724756 c0  (video) ← 1759461991724756.mp4  → https://pub-893b4a6a607b4221a894bf861da7914e.r2.dev/1759461991724756.mp4
carried-forward  2043179773740671 c0  → https://pub-893b4a6a607b4221a894bf861da7914e.r2.dev/2043179773740671.mp4
carried-forward  1427717762585898 c0  → https://pub-893b4a6a607b4221a894bf861da7914e.r2.dev/1427717762585898.mp4
carried-forward  1661401064910641 c0  → https://pub-893b4a6a607b4221a894bf861da7914e.r2.dev/1661401064910641.mp4
carried-forward  948906394837424 c0  → https://pub-893b4a6a607b4221a894bf861da7914e.r2.dev/948906394837424.mp4
uploaded         3987722611521527 c0  (video) ← 3987722611521527.mp4  → https://pub-893b4a6a607b4221a894bf861da7914e.r2.dev/3987722611521527.mp4
uploaded         4641396122760363 c0  (video) ← 4641396122760363.mp4  → https://pub-893b4a6a607b4221a894bf861da7914e.r2.dev/4641396122760363.mp4
carried-forward  1016351310760637 c0  → https://pub-893b4a6a607b4221a894bf861da7914e.r2.dev/1016351310760637.mp4
uploaded         845469281720641 c0  (video) ← 845469281720641.mp4  → https://pub-893b4a6a607b4221a894bf861da7914e.r2.dev/845469281720641.mp4
carried-forward  1663926744681954 c0  → https://pub-893b4a6a607b4221a894bf861da7914e.r2.dev/1663926744681954.mp4
carried-forward  1533990831529436 c0  → https://pub-893b4a6a607b4221a894bf861da7914e.r2.dev/1533990831529436.mp4
carried-forward  1640282667036366 c0  → https://pub-893b4a6a607b4221a894bf861da7914e.r2.dev/1640282667036366.mp4
carried-forward  26977995741871170 c0  → https://pub-893b4a6a607b4221a894bf861da7914e.r2.dev/26977995741871170.mp4
carried-forward  1550386230032600 c0  → https://pub-893b4a6a607b4221a894bf861da7914e.r2.dev/1550386230032600.mp4
uploaded         1027777536615143 c0  (video) ← 1027777536615143.mp4  → https://pub-893b4a6a607b4221a894bf861da7914e.r2.dev/1027777536615143.mp4
uploaded         1009876628673474 c0  (video) ← 1009876628673474.mp4  → https://pub-893b4a6a607b4221a894bf861da7914e.r2.dev/1009876628673474.mp4
carried-forward  2321597531985385 c0  → https://pub-893b4a6a607b4221a894bf861da7914e.r2.dev/2321597531985385.mp4
uploaded         980809158288503 c0  (video) ← 980809158288503.mp4  → https://pub-893b4a6a607b4221a894bf861da7914e.r2.dev/980809158288503.mp4
uploaded         1604622741180381 c0  (video) ← 1604622741180381.mp4  → https://pub-893b4a6a607b4221a894bf861da7914e.r2.dev/1604622741180381.mp4
carried-forward  1013757414877783 c0  → https://pub-893b4a6a607b4221a894bf861da7914e.r2.dev/1013757414877783.mp4
uploaded         1402256542118091 c0  (video) ← 1402256542118091.mp4  → https://pub-893b4a6a607b4221a894bf861da7914e.r2.dev/1402256542118091.mp4
carried-forward  1796128434892287 c0  → https://pub-893b4a6a607b4221a894bf861da7914e.r2.dev/1796128434892287.mp4
carried-forward  1028449009853941 c0  → https://pub-893b4a6a607b4221a894bf861da7914e.r2.dev/1028449009853941.mp4
carried-forward  1343640307904749 c0  → https://pub-893b4a6a607b4221a894bf861da7914e.r2.dev/1343640307904749.mp4
carried-forward  1778942330132715 c0  → https://pub-893b4a6a607b4221a894bf861da7914e.r2.dev/1778942330132715.mp4
carried-forward  2198156761037603 c0  → https://pub-893b4a6a607b4221a894bf861da7914e.r2.dev/2198156761037603.mp4
carried-forward  767356526439873 c0  → https://pub-893b4a6a607b4221a894bf861da7914e.r2.dev/767356526439873.mp4
carried-forward  2513903979070072 c0  → https://pub-893b4a6a607b4221a894bf861da7914e.r2.dev/2513903979070072.mp4
carried-forward  2825328911169017 c0  → https://pub-893b4a6a607b4221a894bf861da7914e.r2.dev/2825328911169017.mp4
carried-forward  28074840175451008 c0  → https://pub-893b4a6a607b4221a894bf861da7914e.r2.dev/28074840175451008.mp4
uploaded         1546008070409394 c0  (video) ← 1546008070409394.mp4  → https://pub-893b4a6a607b4221a894bf861da7914e.r2.dev/1546008070409394.mp4
carried-forward  1633269327750962 c0  → https://pub-893b4a6a607b4221a894bf861da7914e.r2.dev/1633269327750962.mp4
uploaded         1542817130531524 c0  (video) ← 1542817130531524.mp4  → https://pub-893b4a6a607b4221a894bf861da7914e.r2.dev/1542817130531524.mp4
carried-forward  2367898560406946 c0  → https://pub-893b4a6a607b4221a894bf861da7914e.r2.dev/2367898560406946.mp4
carried-forward  2276444916498087 c0  → https://pub-893b4a6a607b4221a894bf861da7914e.r2.dev/2276444916498087.mp4
uploaded         1004421738855514 c0  (video) ← 1004421738855514.mp4  → https://pub-893b4a6a607b4221a894bf861da7914e.r2.dev/1004421738855514.mp4
carried-forward  1665570207993946 c0  → https://pub-893b4a6a607b4221a894bf861da7914e.r2.dev/1665570207993946.mp4
carried-forward  2013049059297231 c0  → https://pub-893b4a6a607b4221a894bf861da7914e.r2.dev/2013049059297231.mp4
carried-forward  4640976172881843 c0  → https://pub-893b4a6a607b4221a894bf861da7914e.r2.dev/4640976172881843.mp4
carried-forward  1745372399993846 c0  → https://pub-893b4a6a607b4221a894bf861da7914e.r2.dev/1745372399993846.mp4
carried-forward  1554118786127320 c0  → https://pub-893b4a6a607b4221a894bf861da7914e.r2.dev/1554118786127320.mp4
uploaded         1899238120767407 c0  (video) ← 1899238120767407.mp4  → https://pub-893b4a6a607b4221a894bf861da7914e.r2.dev/1899238120767407.mp4
carried-forward  1482706329799808 c0  → https://pub-893b4a6a607b4221a894bf861da7914e.r2.dev/1482706329799808.mp4
carried-forward  980866228090947 c0  → https://pub-893b4a6a607b4221a894bf861da7914e.r2.dev/980866228090947.mp4
carried-forward  2838475509846046 c0  → https://pub-893b4a6a607b4221a894bf861da7914e.r2.dev/2838475509846046.mp4
carried-forward  888239487656454 c0  → https://pub-893b4a6a607b4221a894bf861da7914e.r2.dev/888239487656454.mp4
carried-forward  1620690590064291 c0  → https://pub-893b4a6a607b4221a894bf861da7914e.r2.dev/1620690590064291.mp4
carried-forward  1635215360918989 c0  → https://pub-893b4a6a607b4221a894bf861da7914e.r2.dev/1635215360918989.mp4
uploaded         1950849732250665 c0  (video) ← 1950849732250665.mp4  → https://pub-893b4a6a607b4221a894bf861da7914e.r2.dev/1950849732250665.mp4
carried-forward  2197431064430320 c0  → https://pub-893b4a6a607b4221a894bf861da7914e.r2.dev/2197431064430320.mp4
carried-forward  2183171979139988 c0  → https://pub-893b4a6a607b4221a894bf861da7914e.r2.dev/2183171979139988.mp4
carried-forward  1967353097232627 c0  → https://pub-893b4a6a607b4221a894bf861da7914e.r2.dev/1967353097232627.mp4
carried-forward  1025397143475541 c0  → https://pub-893b4a6a607b4221a894bf861da7914e.r2.dev/1025397143475541.mp4
carried-forward  889901240171323 c0  → https://pub-893b4a6a607b4221a894bf861da7914e.r2.dev/889901240171323.mp4
uploaded         1680947319835908 c0  (video) ← 1680947319835908.mp4  → https://pub-893b4a6a607b4221a894bf861da7914e.r2.dev/1680947319835908.mp4
carried-forward  4372491909746961 c0  → https://pub-893b4a6a607b4221a894bf861da7914e.r2.dev/4372491909746961.mp4
uploaded         1016181760769430 c0  (video) ← 1016181760769430.mp4  → https://pub-893b4a6a607b4221a894bf861da7914e.r2.dev/1016181760769430.mp4
uploaded         2159377721572051 c0  (video) ← 2159377721572051.mp4  → https://pub-893b4a6a607b4221a894bf861da7914e.r2.dev/2159377721572051.mp4
carried-forward  832807383245500 c0  → https://pub-893b4a6a607b4221a894bf861da7914e.r2.dev/832807383245500.mp4
carried-forward  835906489378401 c0  → https://pub-893b4a6a607b4221a894bf861da7914e.r2.dev/835906489378401.mp4
carried-forward  984981551045648 c0  → https://pub-893b4a6a607b4221a894bf861da7914e.r2.dev/984981551045648.mp4
carried-forward  1336049577946625 c0  → https://pub-893b4a6a607b4221a894bf861da7914e.r2.dev/1336049577946625.mp4
uploaded         975150105349087 c0  (video) ← 975150105349087.mp4  → https://pub-893b4a6a607b4221a894bf861da7914e.r2.dev/975150105349087.mp4
uploaded         1532933808330728 c0  (video) ← 1532933808330728.mp4  → https://pub-893b4a6a607b4221a894bf861da7914e.r2.dev/1532933808330728.mp4
carried-forward  4445732412339005 c0  → https://pub-893b4a6a607b4221a894bf861da7914e.r2.dev/4445732412339005.mp4
carried-forward  1472172651331728 c0  → https://pub-893b4a6a607b4221a894bf861da7914e.r2.dev/1472172651331728.mp4
carried-forward  3220717538115795 c0  → https://pub-893b4a6a607b4221a894bf861da7914e.r2.dev/3220717538115795.mp4
carried-forward  27200422259600892 c0  → https://pub-893b4a6a607b4221a894bf861da7914e.r2.dev/27200422259600892.mp4
uploaded         1329734649364208 c0  (video) ← 1329734649364208.mp4  → https://pub-893b4a6a607b4221a894bf861da7914e.r2.dev/1329734649364208.mp4
carried-forward  1241242701314131 c0  → https://pub-893b4a6a607b4221a894bf861da7914e.r2.dev/1241242701314131.mp4
carried-forward  1723147632009628 c0  → https://pub-893b4a6a607b4221a894bf861da7914e.r2.dev/1723147632009628.mp4
carried-forward  1843969443317191 c0  → https://pub-893b4a6a607b4221a894bf861da7914e.r2.dev/1843969443317191.mp4
carried-forward  3830870397050255 c0  → https://pub-893b4a6a607b4221a894bf861da7914e.r2.dev/3830870397050255.mp4
carried-forward  4565916810309378 c0  → https://pub-893b4a6a607b4221a894bf861da7914e.r2.dev/4565916810309378.mp4
carried-forward  1070801815488817 c0  → https://pub-893b4a6a607b4221a894bf861da7914e.r2.dev/1070801815488817.mp4
carried-forward  3520108538142321 c0  → https://pub-893b4a6a607b4221a894bf861da7914e.r2.dev/3520108538142321.mp4
carried-forward  1914586909229236 c0  → https://pub-893b4a6a607b4221a894bf861da7914e.r2.dev/1914586909229236.mp4
uploaded         4464263910562192 c0  (video) ← 4464263910562192.mp4  → https://pub-893b4a6a607b4221a894bf861da7914e.r2.dev/4464263910562192.mp4
carried-forward  2089072878674507 c0  → https://pub-893b4a6a607b4221a894bf861da7914e.r2.dev/2089072878674507.mp4
carried-forward  2805194793195493 c0  → https://pub-893b4a6a607b4221a894bf861da7914e.r2.dev/2805194793195493.mp4
carried-forward  27281983364786721 c0  → https://pub-893b4a6a607b4221a894bf861da7914e.r2.dev/27281983364786721.mp4
carried-forward  2226393941496900 c0  → https://pub-893b4a6a607b4221a894bf861da7914e.r2.dev/2226393941496900.mp4
uploaded         958995487133739 c0  (video) ← 958995487133739.mp4  → https://pub-893b4a6a607b4221a894bf861da7914e.r2.dev/958995487133739.mp4
uploaded         1964261210892531 c0  (video) ← 1964261210892531.mp4  → https://pub-893b4a6a607b4221a894bf861da7914e.r2.dev/1964261210892531.mp4
uploaded         2250553868683148 c0  (video) ← 2250553868683148.mp4  → https://pub-893b4a6a607b4221a894bf861da7914e.r2.dev/2250553868683148.mp4
carried-forward  1350345613876652 c0  → https://pub-893b4a6a607b4221a894bf861da7914e.r2.dev/1350345613876652.mp4
uploaded         1653664225929777 c0  (video) ← 1653664225929777.mp4  → https://pub-893b4a6a607b4221a894bf861da7914e.r2.dev/1653664225929777.mp4
uploaded         999046539707988 c0  (video) ← 999046539707988.mp4  → https://pub-893b4a6a607b4221a894bf861da7914e.r2.dev/999046539707988.mp4
uploaded         2177846173011022 c0  (video) ← 2177846173011022.mp4  → https://pub-893b4a6a607b4221a894bf861da7914e.r2.dev/2177846173011022.mp4
uploaded         2694394750954573 c0  (video) ← 2694394750954573.mp4  → https://pub-893b4a6a607b4221a894bf861da7914e.r2.dev/2694394750954573.mp4
uploaded         27223086024028518 c0  (video) ← 27223086024028518.mp4  → https://pub-893b4a6a607b4221a894bf861da7914e.r2.dev/27223086024028518.mp4
uploaded         1023581596832847 c0  (video) ← 1023581596832847.mp4  → https://pub-893b4a6a607b4221a894bf861da7914e.r2.dev/1023581596832847.mp4
uploaded         2481091615671637 c0  (video) ← 2481091615671637.mp4  → https://pub-893b4a6a607b4221a894bf861da7914e.r2.dev/2481091615671637.mp4
carried-forward  766734916502925 c0  → https://pub-893b4a6a607b4221a894bf861da7914e.r2.dev/766734916502925.mp4
uploaded         902584925476226 c0  (video) ← 902584925476226.mp4  → https://pub-893b4a6a607b4221a894bf861da7914e.r2.dev/902584925476226.mp4
uploaded         1039593245178099 c0  (video) ← 1039593245178099.mp4  → https://pub-893b4a6a607b4221a894bf861da7914e.r2.dev/1039593245178099.mp4
carried-forward  1047081867712887 c0  → https://pub-893b4a6a607b4221a894bf861da7914e.r2.dev/1047081867712887.mp4
carried-forward  1671324540802131 c0  → https://pub-893b4a6a607b4221a894bf861da7914e.r2.dev/1671324540802131.mp4
uploaded         28038108769120483 c0  (video) ← 28038108769120483.mp4  → https://pub-893b4a6a607b4221a894bf861da7914e.r2.dev/28038108769120483.mp4
uploaded         1015317317870124 c0  (video) ← 1015317317870124.mp4  → https://pub-893b4a6a607b4221a894bf861da7914e.r2.dev/1015317317870124.mp4
uploaded         1357493176484533 c0  (video) ← 1357493176484533.mp4  → https://pub-893b4a6a607b4221a894bf861da7914e.r2.dev/1357493176484533.mp4
uploaded         1662532354971928 c0  (video) ← 1662532354971928.mp4  → https://pub-893b4a6a607b4221a894bf861da7914e.r2.dev/1662532354971928.mp4
uploaded         1821063475538897 c0  (video) ← 1821063475538897.mp4  → https://pub-893b4a6a607b4221a894bf861da7914e.r2.dev/1821063475538897.mp4
uploaded         1913749929300395 c0  (video) ← 1913749929300395.mp4  → https://pub-893b4a6a607b4221a894bf861da7914e.r2.dev/1913749929300395.mp4
uploaded         2126787581214308 c0  (video) ← 2126787581214308.mp4  → https://pub-893b4a6a607b4221a894bf861da7914e.r2.dev/2126787581214308.mp4
uploaded         4659521547702423 c0  (video) ← 4659521547702423.mp4  → https://pub-893b4a6a607b4221a894bf861da7914e.r2.dev/4659521547702423.mp4
