# Step 3 run log
# competitor : lingo-ai
# started_at : 2026-07-07T13:40:30
# input      : facebook/inputs/fb-ads-lingo-ai-2026-07-07-1334.csv
# videos     : facebook/videos/lingo-ai-2026-07-07
# master     : facebook/master/lingo-ai.csv  (updated)
# enriched   : facebook/inputs/fb-ads-lingo-ai-2026-07-07-1334_enriched.csv
# bucket     : video-ads
# public_base: https://pub-893b4a6a607b4221a894bf861da7914e.r2.dev
# dry_run    : False
#
# counts     : {'uploaded': 55, 'carried-forward': 99, 'image-pending': 0, 'video-missing': 1, 'no-creative': 0, 'error': 0}
#
carried-forward  1038854211901779 c0  → https://pub-893b4a6a607b4221a894bf861da7914e.r2.dev/1038854211901779.mp4
video-missing    1038854211901779 c0  (expected file not found in facebook/videos/lingo-ai-2026-07-07)
carried-forward  1007110078391526 c0  → https://pub-893b4a6a607b4221a894bf861da7914e.r2.dev/1007110078391526.mp4
carried-forward  1962277031827815 c0  → https://pub-893b4a6a607b4221a894bf861da7914e.r2.dev/1962277031827815.mp4
carried-forward  1003526658752736 c0  → https://pub-893b4a6a607b4221a894bf861da7914e.r2.dev/1003526658752736.mp4
carried-forward  965025483256898 c0  → https://pub-893b4a6a607b4221a894bf861da7914e.r2.dev/965025483256898.mp4
carried-forward  2817216648647618 c0  → https://pub-893b4a6a607b4221a894bf861da7914e.r2.dev/2817216648647618.mp4
carried-forward  1312402474407625 c0  → https://pub-893b4a6a607b4221a894bf861da7914e.r2.dev/1312402474407625.mp4
carried-forward  1683265226128164 c0  → https://pub-893b4a6a607b4221a894bf861da7914e.r2.dev/1683265226128164.mp4
carried-forward  980809158288503 c0  → https://pub-893b4a6a607b4221a894bf861da7914e.r2.dev/980809158288503.mp4
carried-forward  27223086024028518 c0  → https://pub-893b4a6a607b4221a894bf861da7914e.r2.dev/27223086024028518.mp4
carried-forward  4494315040857752 c0  → https://pub-893b4a6a607b4221a894bf861da7914e.r2.dev/4494315040857752.mp4
carried-forward  1006880602208933 c0  → https://pub-893b4a6a607b4221a894bf861da7914e.r2.dev/1006880602208933.mp4
carried-forward  1334703498047853 c0  → https://pub-893b4a6a607b4221a894bf861da7914e.r2.dev/1334703498047853.mp4
carried-forward  1005118642480638 c0  → https://pub-893b4a6a607b4221a894bf861da7914e.r2.dev/1005118642480638.mp4
carried-forward  2019382318667999 c0  → https://pub-893b4a6a607b4221a894bf861da7914e.r2.dev/2019382318667999.mp4
carried-forward  2253769662106911 c0  → https://pub-893b4a6a607b4221a894bf861da7914e.r2.dev/2253769662106911.mp4
carried-forward  1037404378858206 c0  → https://pub-893b4a6a607b4221a894bf861da7914e.r2.dev/1037404378858206.mp4
carried-forward  2225742691506044 c0  → https://pub-893b4a6a607b4221a894bf861da7914e.r2.dev/2225742691506044.mp4
carried-forward  1543107963869133 c0  → https://pub-893b4a6a607b4221a894bf861da7914e.r2.dev/1543107963869133.mp4
carried-forward  2391010851423275 c0  → https://pub-893b4a6a607b4221a894bf861da7914e.r2.dev/2391010851423275.mp4
carried-forward  1511685754318859 c0  → https://pub-893b4a6a607b4221a894bf861da7914e.r2.dev/1511685754318859.mp4
carried-forward  4042081032594895 c0  → https://pub-893b4a6a607b4221a894bf861da7914e.r2.dev/4042081032594895.mp4
carried-forward  4659521547702423 c0  → https://pub-893b4a6a607b4221a894bf861da7914e.r2.dev/4659521547702423.mp4
carried-forward  1270260864996278 c0  → https://pub-893b4a6a607b4221a894bf861da7914e.r2.dev/1270260864996278.mp4
carried-forward  992641953651273 c0  → https://pub-893b4a6a607b4221a894bf861da7914e.r2.dev/992641953651273.mp4
carried-forward  1039417635182725 c0  → https://pub-893b4a6a607b4221a894bf861da7914e.r2.dev/1039417635182725.mp4
carried-forward  1588906916155093 c0  → https://pub-893b4a6a607b4221a894bf861da7914e.r2.dev/1588906916155093.mp4
carried-forward  1372410518082661 c0  → https://pub-893b4a6a607b4221a894bf861da7914e.r2.dev/1372410518082661.mp4
carried-forward  1382542137258042 c0  → https://pub-893b4a6a607b4221a894bf861da7914e.r2.dev/1382542137258042.mp4
carried-forward  1525112075958529 c0  → https://pub-893b4a6a607b4221a894bf861da7914e.r2.dev/1525112075958529.mp4
carried-forward  2076022413797975 c0  → https://pub-893b4a6a607b4221a894bf861da7914e.r2.dev/2076022413797975.mp4
carried-forward  1659934785110323 c0  → https://pub-893b4a6a607b4221a894bf861da7914e.r2.dev/1659934785110323.mp4
carried-forward  2919337461751563 c0  → https://pub-893b4a6a607b4221a894bf861da7914e.r2.dev/2919337461751563.mp4
uploaded         1698860684599117 c0  (video) ← 1698860684599117.mp4  → https://pub-893b4a6a607b4221a894bf861da7914e.r2.dev/1698860684599117.mp4
uploaded         1737663170595329 c0  (video) ← 1737663170595329.mp4  → https://pub-893b4a6a607b4221a894bf861da7914e.r2.dev/1737663170595329.mp4
carried-forward  1546008070409394 c0  → https://pub-893b4a6a607b4221a894bf861da7914e.r2.dev/1546008070409394.mp4
carried-forward  1542817130531524 c0  → https://pub-893b4a6a607b4221a894bf861da7914e.r2.dev/1542817130531524.mp4
carried-forward  3526994660821019 c0  → https://pub-893b4a6a607b4221a894bf861da7914e.r2.dev/3526994660821019.mp4
uploaded         1525338649343366 c0  (video) ← 1525338649343366.mp4  → https://pub-893b4a6a607b4221a894bf861da7914e.r2.dev/1525338649343366.mp4
carried-forward  900011839294388 c0  → https://pub-893b4a6a607b4221a894bf861da7914e.r2.dev/900011839294388.mp4
carried-forward  1004827185853876 c0  → https://pub-893b4a6a607b4221a894bf861da7914e.r2.dev/1004827185853876.mp4
carried-forward  3403536496487480 c0  → https://pub-893b4a6a607b4221a894bf861da7914e.r2.dev/3403536496487480.mp4
carried-forward  2088572631696533 c0  → https://pub-893b4a6a607b4221a894bf861da7914e.r2.dev/2088572631696533.mp4
carried-forward  1376125071000503 c0  → https://pub-893b4a6a607b4221a894bf861da7914e.r2.dev/1376125071000503.mp4
carried-forward  1332107031680751 c0  → https://pub-893b4a6a607b4221a894bf861da7914e.r2.dev/1332107031680751.mp4
carried-forward  4252978928346557 c0  → https://pub-893b4a6a607b4221a894bf861da7914e.r2.dev/4252978928346557.mp4
uploaded         853246830886711 c0  (video) ← 853246830886711.mp4  → https://pub-893b4a6a607b4221a894bf861da7914e.r2.dev/853246830886711.mp4
uploaded         4352326158312205 c0  (video) ← 4352326158312205.mp4  → https://pub-893b4a6a607b4221a894bf861da7914e.r2.dev/4352326158312205.mp4
carried-forward  1427273542560007 c0  → https://pub-893b4a6a607b4221a894bf861da7914e.r2.dev/1427273542560007.mp4
carried-forward  1031747116205172 c0  → https://pub-893b4a6a607b4221a894bf861da7914e.r2.dev/1031747116205172.mp4
carried-forward  1492092175305768 c0  → https://pub-893b4a6a607b4221a894bf861da7914e.r2.dev/1492092175305768.mp4
carried-forward  2153258851904762 c0  → https://pub-893b4a6a607b4221a894bf861da7914e.r2.dev/2153258851904762.mp4
carried-forward  1220089980142236 c0  → https://pub-893b4a6a607b4221a894bf861da7914e.r2.dev/1220089980142236.mp4
carried-forward  1427717762585898 c0  → https://pub-893b4a6a607b4221a894bf861da7914e.r2.dev/1427717762585898.mp4
carried-forward  1663926744681954 c0  → https://pub-893b4a6a607b4221a894bf861da7914e.r2.dev/1663926744681954.mp4
carried-forward  1542083700702735 c0  → https://pub-893b4a6a607b4221a894bf861da7914e.r2.dev/1542083700702735.mp4
carried-forward  1821063475538897 c0  → https://pub-893b4a6a607b4221a894bf861da7914e.r2.dev/1821063475538897.mp4
carried-forward  902584925476226 c0  → https://pub-893b4a6a607b4221a894bf861da7914e.r2.dev/902584925476226.mp4
carried-forward  1035971962252837 c0  → https://pub-893b4a6a607b4221a894bf861da7914e.r2.dev/1035971962252837.mp4
carried-forward  1532901558303092 c0  → https://pub-893b4a6a607b4221a894bf861da7914e.r2.dev/1532901558303092.mp4
carried-forward  844826715136633 c0  → https://pub-893b4a6a607b4221a894bf861da7914e.r2.dev/844826715136633.mp4
carried-forward  1415999857029783 c0  → https://pub-893b4a6a607b4221a894bf861da7914e.r2.dev/1415999857029783.mp4
carried-forward  1653664225929777 c0  → https://pub-893b4a6a607b4221a894bf861da7914e.r2.dev/1653664225929777.mp4
carried-forward  826967597018641 c0  → https://pub-893b4a6a607b4221a894bf861da7914e.r2.dev/826967597018641.mp4
carried-forward  1038515512158001 c0  → https://pub-893b4a6a607b4221a894bf861da7914e.r2.dev/1038515512158001.mp4
uploaded         4362208397424765 c0  (video) ← 4362208397424765.mp4  → https://pub-893b4a6a607b4221a894bf861da7914e.r2.dev/4362208397424765.mp4
uploaded         1717104826254282 c0  (video) ← 1717104826254282.mp4  → https://pub-893b4a6a607b4221a894bf861da7914e.r2.dev/1717104826254282.mp4
carried-forward  1915386352474119 c0  → https://pub-893b4a6a607b4221a894bf861da7914e.r2.dev/1915386352474119.mp4
carried-forward  1069174625775853 c0  → https://pub-893b4a6a607b4221a894bf861da7914e.r2.dev/1069174625775853.mp4
carried-forward  861649606640914 c0  → https://pub-893b4a6a607b4221a894bf861da7914e.r2.dev/861649606640914.mp4
uploaded         1351196300320047 c0  (video) ← 1351196300320047.mp4  → https://pub-893b4a6a607b4221a894bf861da7914e.r2.dev/1351196300320047.mp4
uploaded         1558400459193797 c0  (video) ← 1558400459193797.mp4  → https://pub-893b4a6a607b4221a894bf861da7914e.r2.dev/1558400459193797.mp4
carried-forward  965908666484307 c0  → https://pub-893b4a6a607b4221a894bf861da7914e.r2.dev/965908666484307.mp4
uploaded         1576408717437504 c0  (video) ← 1576408717437504.mp4  → https://pub-893b4a6a607b4221a894bf861da7914e.r2.dev/1576408717437504.mp4
carried-forward  1754835955688580 c0  → https://pub-893b4a6a607b4221a894bf861da7914e.r2.dev/1754835955688580.mp4
uploaded         27411571565166645 c0  (video) ← 27411571565166645.mp4  → https://pub-893b4a6a607b4221a894bf861da7914e.r2.dev/27411571565166645.mp4
uploaded         2524582157979905 c0  (video) ← 2524582157979905.mp4  → https://pub-893b4a6a607b4221a894bf861da7914e.r2.dev/2524582157979905.mp4
carried-forward  4675112942774885 c0  → https://pub-893b4a6a607b4221a894bf861da7914e.r2.dev/4675112942774885.mp4
carried-forward  27171113109254491 c0  → https://pub-893b4a6a607b4221a894bf861da7914e.r2.dev/27171113109254491.mp4
uploaded         1677690760137864 c0  (video) ← 1677690760137864.mp4  → https://pub-893b4a6a607b4221a894bf861da7914e.r2.dev/1677690760137864.mp4
uploaded         880829061765341 c0  (video) ← 880829061765341.mp4  → https://pub-893b4a6a607b4221a894bf861da7914e.r2.dev/880829061765341.mp4
carried-forward  27350423597950324 c0  → https://pub-893b4a6a607b4221a894bf861da7914e.r2.dev/27350423597950324.mp4
uploaded         1184967818034292 c0  (video) ← 1184967818034292.mp4  → https://pub-893b4a6a607b4221a894bf861da7914e.r2.dev/1184967818034292.mp4
carried-forward  2367898560406946 c0  → https://pub-893b4a6a607b4221a894bf861da7914e.r2.dev/2367898560406946.mp4
carried-forward  2028270737804187 c0  → https://pub-893b4a6a607b4221a894bf861da7914e.r2.dev/2028270737804187.mp4
carried-forward  2276444916498087 c0  → https://pub-893b4a6a607b4221a894bf861da7914e.r2.dev/2276444916498087.mp4
carried-forward  4087721091358383 c0  → https://pub-893b4a6a607b4221a894bf861da7914e.r2.dev/4087721091358383.mp4
carried-forward  1102346855789311 c0  → https://pub-893b4a6a607b4221a894bf861da7914e.r2.dev/1102346855789311.mp4
uploaded         1573962174127005 c0  (video) ← 1573962174127005.mp4  → https://pub-893b4a6a607b4221a894bf861da7914e.r2.dev/1573962174127005.mp4
uploaded         2114555595772778 c0  (video) ← 2114555595772778.mp4  → https://pub-893b4a6a607b4221a894bf861da7914e.r2.dev/2114555595772778.mp4
uploaded         27390283250664816 c0  (video) ← 27390283250664816.mp4  → https://pub-893b4a6a607b4221a894bf861da7914e.r2.dev/27390283250664816.mp4
carried-forward  1964261210892531 c0  → https://pub-893b4a6a607b4221a894bf861da7914e.r2.dev/1964261210892531.mp4
uploaded         4577610779168905 c0  (video) ← 4577610779168905.mp4  → https://pub-893b4a6a607b4221a894bf861da7914e.r2.dev/4577610779168905.mp4
carried-forward  1264112379002091 c0  → https://pub-893b4a6a607b4221a894bf861da7914e.r2.dev/1264112379002091.mp4
carried-forward  1620690590064291 c0  → https://pub-893b4a6a607b4221a894bf861da7914e.r2.dev/1620690590064291.mp4
carried-forward  888239487656454 c0  → https://pub-893b4a6a607b4221a894bf861da7914e.r2.dev/888239487656454.mp4
uploaded         1247435140696299 c0  (video) ← 1247435140696299.mp4  → https://pub-893b4a6a607b4221a894bf861da7914e.r2.dev/1247435140696299.mp4
uploaded         1319060930423038 c0  (video) ← 1319060930423038.mp4  → https://pub-893b4a6a607b4221a894bf861da7914e.r2.dev/1319060930423038.mp4
uploaded         1803476424001110 c0  (video) ← 1803476424001110.mp4  → https://pub-893b4a6a607b4221a894bf861da7914e.r2.dev/1803476424001110.mp4
carried-forward  1967353097232627 c0  → https://pub-893b4a6a607b4221a894bf861da7914e.r2.dev/1967353097232627.mp4
carried-forward  1403634755018898 c0  → https://pub-893b4a6a607b4221a894bf861da7914e.r2.dev/1403634755018898.mp4
uploaded         1686999999239669 c0  (video) ← 1686999999239669.mp4  → https://pub-893b4a6a607b4221a894bf861da7914e.r2.dev/1686999999239669.mp4
carried-forward  1016181760769430 c0  → https://pub-893b4a6a607b4221a894bf861da7914e.r2.dev/1016181760769430.mp4
carried-forward  1936736161045971 c0  → https://pub-893b4a6a607b4221a894bf861da7914e.r2.dev/1936736161045971.mp4
uploaded         2392982457860413 c0  (video) ← 2392982457860413.mp4  → https://pub-893b4a6a607b4221a894bf861da7914e.r2.dev/2392982457860413.mp4
uploaded         1675791683682698 c0  (video) ← 1675791683682698.mp4  → https://pub-893b4a6a607b4221a894bf861da7914e.r2.dev/1675791683682698.mp4
carried-forward  1016600137901431 c0  → https://pub-893b4a6a607b4221a894bf861da7914e.r2.dev/1016600137901431.mp4
carried-forward  1336049577946625 c0  → https://pub-893b4a6a607b4221a894bf861da7914e.r2.dev/1336049577946625.mp4
carried-forward  2655255728274491 c0  → https://pub-893b4a6a607b4221a894bf861da7914e.r2.dev/2655255728274491.mp4
carried-forward  1700427231075832 c0  → https://pub-893b4a6a607b4221a894bf861da7914e.r2.dev/1700427231075832.mp4
uploaded         1083093064047158 c0  (video) ← 1083093064047158.mp4  → https://pub-893b4a6a607b4221a894bf861da7914e.r2.dev/1083093064047158.mp4
carried-forward  1337840091790742 c0  → https://pub-893b4a6a607b4221a894bf861da7914e.r2.dev/1337840091790742.mp4
uploaded         1537599074703930 c0  (video) ← 1537599074703930.mp4  → https://pub-893b4a6a607b4221a894bf861da7914e.r2.dev/1537599074703930.mp4
carried-forward  3220717538115795 c0  → https://pub-893b4a6a607b4221a894bf861da7914e.r2.dev/3220717538115795.mp4
carried-forward  27200422259600892 c0  → https://pub-893b4a6a607b4221a894bf861da7914e.r2.dev/27200422259600892.mp4
carried-forward  1552210623125865 c0  → https://pub-893b4a6a607b4221a894bf861da7914e.r2.dev/1552210623125865.mp4
uploaded         1652983826434632 c0  (video) ← 1652983826434632.mp4  → https://pub-893b4a6a607b4221a894bf861da7914e.r2.dev/1652983826434632.mp4
uploaded         1350328690557506 c0  (video) ← 1350328690557506.mp4  → https://pub-893b4a6a607b4221a894bf861da7914e.r2.dev/1350328690557506.mp4
uploaded         1717358132636243 c0  (video) ← 1717358132636243.mp4  → https://pub-893b4a6a607b4221a894bf861da7914e.r2.dev/1717358132636243.mp4
carried-forward  1020871857085973 c0  → https://pub-893b4a6a607b4221a894bf861da7914e.r2.dev/1020871857085973.mp4
uploaded         1022461900194722 c0  (video) ← 1022461900194722.mp4  → https://pub-893b4a6a607b4221a894bf861da7914e.r2.dev/1022461900194722.mp4
uploaded         1346600240955134 c0  (video) ← 1346600240955134.mp4  → https://pub-893b4a6a607b4221a894bf861da7914e.r2.dev/1346600240955134.mp4
uploaded         1838402367127632 c0  (video) ← 1838402367127632.mp4  → https://pub-893b4a6a607b4221a894bf861da7914e.r2.dev/1838402367127632.mp4
carried-forward  986024980878185 c0  → https://pub-893b4a6a607b4221a894bf861da7914e.r2.dev/986024980878185.mp4
uploaded         1007728715460562 c0  (video) ← 1007728715460562.mp4  → https://pub-893b4a6a607b4221a894bf861da7914e.r2.dev/1007728715460562.mp4
uploaded         1022415973737778 c0  (video) ← 1022415973737778.mp4  → https://pub-893b4a6a607b4221a894bf861da7914e.r2.dev/1022415973737778.mp4
carried-forward  1354987723238753 c0  → https://pub-893b4a6a607b4221a894bf861da7914e.r2.dev/1354987723238753.mp4
uploaded         2485249335308594 c0  (video) ← 2485249335308594.mp4  → https://pub-893b4a6a607b4221a894bf861da7914e.r2.dev/2485249335308594.mp4
uploaded         2196725327849145 c0  (video) ← 2196725327849145.mp4  → https://pub-893b4a6a607b4221a894bf861da7914e.r2.dev/2196725327849145.mp4
carried-forward  958995487133739 c0  → https://pub-893b4a6a607b4221a894bf861da7914e.r2.dev/958995487133739.mp4
uploaded         1079647594516513 c0  (video) ← 1079647594516513.mp4  → https://pub-893b4a6a607b4221a894bf861da7914e.r2.dev/1079647594516513.mp4
uploaded         2127341181162186 c0  (video) ← 2127341181162186.mp4  → https://pub-893b4a6a607b4221a894bf861da7914e.r2.dev/2127341181162186.mp4
uploaded         2092898847957783 c0  (video) ← 2092898847957783.mp4  → https://pub-893b4a6a607b4221a894bf861da7914e.r2.dev/2092898847957783.mp4
uploaded         2156665531857898 c0  (video) ← 2156665531857898.mp4  → https://pub-893b4a6a607b4221a894bf861da7914e.r2.dev/2156665531857898.mp4
uploaded         2031907587426210 c0  (video) ← 2031907587426210.mp4  → https://pub-893b4a6a607b4221a894bf861da7914e.r2.dev/2031907587426210.mp4
uploaded         1341466670688730 c0  (video) ← 1341466670688730.mp4  → https://pub-893b4a6a607b4221a894bf861da7914e.r2.dev/1341466670688730.mp4
carried-forward  3998525930448649 c0  → https://pub-893b4a6a607b4221a894bf861da7914e.r2.dev/3998525930448649.mp4
uploaded         1032516832600196 c0  (video) ← 1032516832600196.mp4  → https://pub-893b4a6a607b4221a894bf861da7914e.r2.dev/1032516832600196.mp4
carried-forward  1362300105771284 c0  → https://pub-893b4a6a607b4221a894bf861da7914e.r2.dev/1362300105771284.mp4
carried-forward  1516383159381928 c0  → https://pub-893b4a6a607b4221a894bf861da7914e.r2.dev/1516383159381928.mp4
uploaded         928994186876825 c0  (video) ← 928994186876825.mp4  → https://pub-893b4a6a607b4221a894bf861da7914e.r2.dev/928994186876825.mp4
uploaded         1389195766355934 c0  (video) ← 1389195766355934.mp4  → https://pub-893b4a6a607b4221a894bf861da7914e.r2.dev/1389195766355934.mp4
uploaded         2064791374145447 c0  (video) ← 2064791374145447.mp4  → https://pub-893b4a6a607b4221a894bf861da7914e.r2.dev/2064791374145447.mp4
uploaded         961157576910821 c0  (video) ← 961157576910821.mp4  → https://pub-893b4a6a607b4221a894bf861da7914e.r2.dev/961157576910821.mp4
carried-forward  1348519583403471 c0  → https://pub-893b4a6a607b4221a894bf861da7914e.r2.dev/1348519583403471.mp4
uploaded         1505791890630928 c0  (video) ← 1505791890630928.mp4  → https://pub-893b4a6a607b4221a894bf861da7914e.r2.dev/1505791890630928.mp4
uploaded         1554222239574629 c0  (video) ← 1554222239574629.mp4  → https://pub-893b4a6a607b4221a894bf861da7914e.r2.dev/1554222239574629.mp4
uploaded         1758100198713527 c0  (video) ← 1758100198713527.mp4  → https://pub-893b4a6a607b4221a894bf861da7914e.r2.dev/1758100198713527.mp4
uploaded         27452618647721236 c0  (video) ← 27452618647721236.mp4  → https://pub-893b4a6a607b4221a894bf861da7914e.r2.dev/27452618647721236.mp4
uploaded         1004832945517343 c0  (video) ← 1004832945517343.mp4  → https://pub-893b4a6a607b4221a894bf861da7914e.r2.dev/1004832945517343.mp4
carried-forward  1126056833932460 c0  → https://pub-893b4a6a607b4221a894bf861da7914e.r2.dev/1126056833932460.mp4
uploaded         1337003871869972 c0  (video) ← 1337003871869972.mp4  → https://pub-893b4a6a607b4221a894bf861da7914e.r2.dev/1337003871869972.mp4
carried-forward  2261103161382755 c0  → https://pub-893b4a6a607b4221a894bf861da7914e.r2.dev/2261103161382755.mp4
uploaded         4224513657811159 c0  (video) ← 4224513657811159.mp4  → https://pub-893b4a6a607b4221a894bf861da7914e.r2.dev/4224513657811159.mp4
