# Step 3 run log
# competitor : lingo-ai
# started_at : 2026-07-14T13:41:12
# input      : facebook/inputs/fb-ads-lingo-ai-2026-07-14-1332.csv
# videos     : facebook/videos/lingo-ai-2026-07-14
# master     : facebook/master/lingo-ai.csv  (updated)
# enriched   : facebook/inputs/fb-ads-lingo-ai-2026-07-14-1332_enriched.csv
# bucket     : video-ads
# public_base: https://pub-893b4a6a607b4221a894bf861da7914e.r2.dev
# dry_run    : False
#
# counts     : {'uploaded': 100, 'carried-forward': 190, 'image-pending': 0, 'video-missing': 1, 'no-creative': 0, 'error': 0}
#
carried-forward  1038854211901779 c0  → https://pub-893b4a6a607b4221a894bf861da7914e.r2.dev/1038854211901779.mp4
video-missing    1038854211901779 c0  (expected file not found in facebook/videos/lingo-ai-2026-07-14)
carried-forward  1093823739826634 c0  → https://pub-893b4a6a607b4221a894bf861da7914e.r2.dev/1093823739826634.mp4
carried-forward  2817216648647618 c0  → https://pub-893b4a6a607b4221a894bf861da7914e.r2.dev/2817216648647618.mp4
carried-forward  1962277031827815 c0  → https://pub-893b4a6a607b4221a894bf861da7914e.r2.dev/1962277031827815.mp4
carried-forward  1003526658752736 c0  → https://pub-893b4a6a607b4221a894bf861da7914e.r2.dev/1003526658752736.mp4
carried-forward  1651336692836508 c0  → https://pub-893b4a6a607b4221a894bf861da7914e.r2.dev/1651336692836508.mp4
carried-forward  1336448118024889 c0  → https://pub-893b4a6a607b4221a894bf861da7914e.r2.dev/1336448118024889.mp4
carried-forward  831092886606480 c0  → https://pub-893b4a6a607b4221a894bf861da7914e.r2.dev/831092886606480.mp4
carried-forward  1564342995284861 c0  → https://pub-893b4a6a607b4221a894bf861da7914e.r2.dev/1564342995284861.mp4
carried-forward  1045500287898156 c0  → https://pub-893b4a6a607b4221a894bf861da7914e.r2.dev/1045500287898156.mp4
carried-forward  1334703498047853 c0  → https://pub-893b4a6a607b4221a894bf861da7914e.r2.dev/1334703498047853.mp4
carried-forward  1700473561187346 c0  → https://pub-893b4a6a607b4221a894bf861da7914e.r2.dev/1700473561187346.mp4
carried-forward  2391010851423275 c0  → https://pub-893b4a6a607b4221a894bf861da7914e.r2.dev/2391010851423275.mp4
carried-forward  993382163488187 c0  → https://pub-893b4a6a607b4221a894bf861da7914e.r2.dev/993382163488187.mp4
carried-forward  27223086024028518 c0  → https://pub-893b4a6a607b4221a894bf861da7914e.r2.dev/27223086024028518.mp4
carried-forward  1335647948693091 c0  → https://pub-893b4a6a607b4221a894bf861da7914e.r2.dev/1335647948693091.mp4
carried-forward  1707581497157872 c0  → https://pub-893b4a6a607b4221a894bf861da7914e.r2.dev/1707581497157872.mp4
carried-forward  2253769662106911 c0  → https://pub-893b4a6a607b4221a894bf861da7914e.r2.dev/2253769662106911.mp4
carried-forward  1699898057920736 c0  → https://pub-893b4a6a607b4221a894bf861da7914e.r2.dev/1699898057920736.mp4
carried-forward  1027348283545347 c0  → https://pub-893b4a6a607b4221a894bf861da7914e.r2.dev/1027348283545347.mp4
carried-forward  1006880602208933 c0  → https://pub-893b4a6a607b4221a894bf861da7914e.r2.dev/1006880602208933.mp4
carried-forward  4494315040857752 c0  → https://pub-893b4a6a607b4221a894bf861da7914e.r2.dev/4494315040857752.mp4
carried-forward  1972127246813621 c0  → https://pub-893b4a6a607b4221a894bf861da7914e.r2.dev/1972127246813621.mp4
uploaded         1035763415533996 c0  (video) ← 1035763415533996.mp4  → https://pub-893b4a6a607b4221a894bf861da7914e.r2.dev/1035763415533996.mp4
carried-forward  1570029704755560 c0  → https://pub-893b4a6a607b4221a894bf861da7914e.r2.dev/1570029704755560.mp4
carried-forward  1574457477430487 c0  → https://pub-893b4a6a607b4221a894bf861da7914e.r2.dev/1574457477430487.mp4
carried-forward  1037404378858206 c0  → https://pub-893b4a6a607b4221a894bf861da7914e.r2.dev/1037404378858206.mp4
carried-forward  1402910178342547 c0  → https://pub-893b4a6a607b4221a894bf861da7914e.r2.dev/1402910178342547.mp4
carried-forward  2223760955053163 c0  → https://pub-893b4a6a607b4221a894bf861da7914e.r2.dev/2223760955053163.mp4
uploaded         1044554298125250 c0  (video) ← 1044554298125250.mp4  → https://pub-893b4a6a607b4221a894bf861da7914e.r2.dev/1044554298125250.mp4
uploaded         1736397531006979 c0  (video) ← 1736397531006979.mp4  → https://pub-893b4a6a607b4221a894bf861da7914e.r2.dev/1736397531006979.mp4
carried-forward  1561681932015617 c0  → https://pub-893b4a6a607b4221a894bf861da7914e.r2.dev/1561681932015617.mp4
uploaded         2402821250129654 c0  (video) ← 2402821250129654.mp4  → https://pub-893b4a6a607b4221a894bf861da7914e.r2.dev/2402821250129654.mp4
carried-forward  1038960765740921 c0  → https://pub-893b4a6a607b4221a894bf861da7914e.r2.dev/1038960765740921.mp4
carried-forward  980504521648986 c0  → https://pub-893b4a6a607b4221a894bf861da7914e.r2.dev/980504521648986.mp4
uploaded         1366647432087219 c0  (video) ← 1366647432087219.mp4  → https://pub-893b4a6a607b4221a894bf861da7914e.r2.dev/1366647432087219.mp4
carried-forward  2182375915875746 c0  → https://pub-893b4a6a607b4221a894bf861da7914e.r2.dev/2182375915875746.mp4
carried-forward  1036575242203841 c0  → https://pub-893b4a6a607b4221a894bf861da7914e.r2.dev/1036575242203841.mp4
carried-forward  1583414193197730 c0  → https://pub-893b4a6a607b4221a894bf861da7914e.r2.dev/1583414193197730.mp4
carried-forward  1374120354782002 c0  → https://pub-893b4a6a607b4221a894bf861da7914e.r2.dev/1374120354782002.mp4
uploaded         1721281035726553 c0  (video) ← 1721281035726553.mp4  → https://pub-893b4a6a607b4221a894bf861da7914e.r2.dev/1721281035726553.mp4
carried-forward  1502905814452626 c0  → https://pub-893b4a6a607b4221a894bf861da7914e.r2.dev/1502905814452626.mp4
carried-forward  1588598465941159 c0  → https://pub-893b4a6a607b4221a894bf861da7914e.r2.dev/1588598465941159.mp4
carried-forward  1555307446033768 c0  → https://pub-893b4a6a607b4221a894bf861da7914e.r2.dev/1555307446033768.mp4
uploaded         1728110671677719 c0  (video) ← 1728110671677719.mp4  → https://pub-893b4a6a607b4221a894bf861da7914e.r2.dev/1728110671677719.mp4
uploaded         3263205557220973 c0  (video) ← 3263205557220973.mp4  → https://pub-893b4a6a607b4221a894bf861da7914e.r2.dev/3263205557220973.mp4
carried-forward  1543107963869133 c0  → https://pub-893b4a6a607b4221a894bf861da7914e.r2.dev/1543107963869133.mp4
carried-forward  2428069614269621 c0  → https://pub-893b4a6a607b4221a894bf861da7914e.r2.dev/2428069614269621.mp4
carried-forward  1712701976599588 c0  → https://pub-893b4a6a607b4221a894bf861da7914e.r2.dev/1712701976599588.mp4
carried-forward  1389345319773928 c0  → https://pub-893b4a6a607b4221a894bf861da7914e.r2.dev/1389345319773928.mp4
carried-forward  1026852189708585 c0  → https://pub-893b4a6a607b4221a894bf861da7914e.r2.dev/1026852189708585.mp4
carried-forward  3925500614254378 c0  → https://pub-893b4a6a607b4221a894bf861da7914e.r2.dev/3925500614254378.mp4
carried-forward  2101679867373066 c0  → https://pub-893b4a6a607b4221a894bf861da7914e.r2.dev/2101679867373066.mp4
carried-forward  1539898520838626 c0  → https://pub-893b4a6a607b4221a894bf861da7914e.r2.dev/1539898520838626.mp4
carried-forward  1718608866127510 c0  → https://pub-893b4a6a607b4221a894bf861da7914e.r2.dev/1718608866127510.mp4
carried-forward  924197997356011 c0  → https://pub-893b4a6a607b4221a894bf861da7914e.r2.dev/924197997356011.mp4
uploaded         1734003744580617 c0  (video) ← 1734003744580617.mp4  → https://pub-893b4a6a607b4221a894bf861da7914e.r2.dev/1734003744580617.mp4
uploaded         858324870406891 c0  (video) ← 858324870406891.mp4  → https://pub-893b4a6a607b4221a894bf861da7914e.r2.dev/858324870406891.mp4
uploaded         1387668796571355 c0  (video) ← 1387668796571355.mp4  → https://pub-893b4a6a607b4221a894bf861da7914e.r2.dev/1387668796571355.mp4
carried-forward  1705366507331909 c0  → https://pub-893b4a6a607b4221a894bf861da7914e.r2.dev/1705366507331909.mp4
carried-forward  1506922147561152 c0  → https://pub-893b4a6a607b4221a894bf861da7914e.r2.dev/1506922147561152.mp4
carried-forward  2216824899072586 c0  → https://pub-893b4a6a607b4221a894bf861da7914e.r2.dev/2216824899072586.mp4
carried-forward  1609843680737239 c0  → https://pub-893b4a6a607b4221a894bf861da7914e.r2.dev/1609843680737239.mp4
carried-forward  844826715136633 c0  → https://pub-893b4a6a607b4221a894bf861da7914e.r2.dev/844826715136633.mp4
carried-forward  1077103504746451 c0  → https://pub-893b4a6a607b4221a894bf861da7914e.r2.dev/1077103504746451.mp4
carried-forward  1686280909298309 c0  → https://pub-893b4a6a607b4221a894bf861da7914e.r2.dev/1686280909298309.mp4
carried-forward  820859030991358 c0  → https://pub-893b4a6a607b4221a894bf861da7914e.r2.dev/820859030991358.mp4
carried-forward  4252978928346557 c0  → https://pub-893b4a6a607b4221a894bf861da7914e.r2.dev/4252978928346557.mp4
carried-forward  1580064567242969 c0  → https://pub-893b4a6a607b4221a894bf861da7914e.r2.dev/1580064567242969.mp4
carried-forward  1602516684621660 c0  → https://pub-893b4a6a607b4221a894bf861da7914e.r2.dev/1602516684621660.mp4
carried-forward  1018761537465795 c0  → https://pub-893b4a6a607b4221a894bf861da7914e.r2.dev/1018761537465795.mp4
uploaded         3099667520225293 c0  (video) ← 3099667520225293.mp4  → https://pub-893b4a6a607b4221a894bf861da7914e.r2.dev/3099667520225293.mp4
carried-forward  1633628567704710 c0  → https://pub-893b4a6a607b4221a894bf861da7914e.r2.dev/1633628567704710.mp4
carried-forward  2953210015070433 c0  → https://pub-893b4a6a607b4221a894bf861da7914e.r2.dev/2953210015070433.mp4
carried-forward  1691784178829769 c0  → https://pub-893b4a6a607b4221a894bf861da7914e.r2.dev/1691784178829769.mp4
uploaded         1772652803922964 c0  (video) ← 1772652803922964.mp4  → https://pub-893b4a6a607b4221a894bf861da7914e.r2.dev/1772652803922964.mp4
carried-forward  1735192437671922 c0  → https://pub-893b4a6a607b4221a894bf861da7914e.r2.dev/1735192437671922.mp4
carried-forward  2301738637239103 c0  → https://pub-893b4a6a607b4221a894bf861da7914e.r2.dev/2301738637239103.mp4
carried-forward  1035971962252837 c0  → https://pub-893b4a6a607b4221a894bf861da7914e.r2.dev/1035971962252837.mp4
carried-forward  4225288561068493 c0  → https://pub-893b4a6a607b4221a894bf861da7914e.r2.dev/4225288561068493.mp4
uploaded         1777987819854357 c0  (video) ← 1777987819854357.mp4  → https://pub-893b4a6a607b4221a894bf861da7914e.r2.dev/1777987819854357.mp4
carried-forward  4375615639367489 c0  → https://pub-893b4a6a607b4221a894bf861da7914e.r2.dev/4375615639367489.mp4
carried-forward  878207795333026 c0  → https://pub-893b4a6a607b4221a894bf861da7914e.r2.dev/878207795333026.mp4
carried-forward  1566755251808699 c0  → https://pub-893b4a6a607b4221a894bf861da7914e.r2.dev/1566755251808699.mp4
uploaded         1037309112165878 c0  (video) ← 1037309112165878.mp4  → https://pub-893b4a6a607b4221a894bf861da7914e.r2.dev/1037309112165878.mp4
carried-forward  2654198474977868 c0  → https://pub-893b4a6a607b4221a894bf861da7914e.r2.dev/2654198474977868.mp4
carried-forward  1032381292979378 c0  → https://pub-893b4a6a607b4221a894bf861da7914e.r2.dev/1032381292979378.mp4
carried-forward  1549979203437190 c0  → https://pub-893b4a6a607b4221a894bf861da7914e.r2.dev/1549979203437190.mp4
carried-forward  1343730573811486 c0  → https://pub-893b4a6a607b4221a894bf861da7914e.r2.dev/1343730573811486.mp4
carried-forward  802952912808823 c0  → https://pub-893b4a6a607b4221a894bf861da7914e.r2.dev/802952912808823.mp4
carried-forward  2077032929915956 c0  → https://pub-893b4a6a607b4221a894bf861da7914e.r2.dev/2077032929915956.mp4
carried-forward  864884643351667 c0  → https://pub-893b4a6a607b4221a894bf861da7914e.r2.dev/864884643351667.mp4
carried-forward  1872503484122617 c0  → https://pub-893b4a6a607b4221a894bf861da7914e.r2.dev/1872503484122617.mp4
uploaded         1328700262581897 c0  (video) ← 1328700262581897.mp4  → https://pub-893b4a6a607b4221a894bf861da7914e.r2.dev/1328700262581897.mp4
uploaded         1558376939153596 c0  (video) ← 1558376939153596.mp4  → https://pub-893b4a6a607b4221a894bf861da7914e.r2.dev/1558376939153596.mp4
carried-forward  1583929746697634 c0  → https://pub-893b4a6a607b4221a894bf861da7914e.r2.dev/1583929746697634.mp4
carried-forward  2489016724907342 c0  → https://pub-893b4a6a607b4221a894bf861da7914e.r2.dev/2489016724907342.mp4
carried-forward  1929767137611529 c0  → https://pub-893b4a6a607b4221a894bf861da7914e.r2.dev/1929767137611529.mp4
carried-forward  1608364687288534 c0  → https://pub-893b4a6a607b4221a894bf861da7914e.r2.dev/1608364687288534.mp4
carried-forward  1010150655325746 c0  → https://pub-893b4a6a607b4221a894bf861da7914e.r2.dev/1010150655325746.mp4
carried-forward  1576176400691896 c0  → https://pub-893b4a6a607b4221a894bf861da7914e.r2.dev/1576176400691896.mp4
carried-forward  2477354359407848 c0  → https://pub-893b4a6a607b4221a894bf861da7914e.r2.dev/2477354359407848.mp4
carried-forward  1276334237721041 c0  → https://pub-893b4a6a607b4221a894bf861da7914e.r2.dev/1276334237721041.mp4
carried-forward  2022419928481257 c0  → https://pub-893b4a6a607b4221a894bf861da7914e.r2.dev/2022419928481257.mp4
carried-forward  2016025865946313 c0  → https://pub-893b4a6a607b4221a894bf861da7914e.r2.dev/2016025865946313.mp4
carried-forward  1516135953622417 c0  → https://pub-893b4a6a607b4221a894bf861da7914e.r2.dev/1516135953622417.mp4
uploaded         1372666424964311 c0  (video) ← 1372666424964311.mp4  → https://pub-893b4a6a607b4221a894bf861da7914e.r2.dev/1372666424964311.mp4
carried-forward  3340516169466059 c0  → https://pub-893b4a6a607b4221a894bf861da7914e.r2.dev/3340516169466059.mp4
carried-forward  1100399292660108 c0  → https://pub-893b4a6a607b4221a894bf861da7914e.r2.dev/1100399292660108.mp4
carried-forward  1347209950391613 c0  → https://pub-893b4a6a607b4221a894bf861da7914e.r2.dev/1347209950391613.mp4
carried-forward  1044535108039246 c0  → https://pub-893b4a6a607b4221a894bf861da7914e.r2.dev/1044535108039246.mp4
carried-forward  1821063475538897 c0  → https://pub-893b4a6a607b4221a894bf861da7914e.r2.dev/1821063475538897.mp4
carried-forward  2068914530410657 c0  → https://pub-893b4a6a607b4221a894bf861da7914e.r2.dev/2068914530410657.mp4
uploaded         1806166717021524 c0  (video) ← 1806166717021524.mp4  → https://pub-893b4a6a607b4221a894bf861da7914e.r2.dev/1806166717021524.mp4
uploaded         2018400158758798 c0  (video) ← 2018400158758798.mp4  → https://pub-893b4a6a607b4221a894bf861da7914e.r2.dev/2018400158758798.mp4
carried-forward  964322149967207 c0  → https://pub-893b4a6a607b4221a894bf861da7914e.r2.dev/964322149967207.mp4
carried-forward  1715352939800344 c0  → https://pub-893b4a6a607b4221a894bf861da7914e.r2.dev/1715352939800344.mp4
uploaded         3156948887844848 c0  (video) ← 3156948887844848.mp4  → https://pub-893b4a6a607b4221a894bf861da7914e.r2.dev/3156948887844848.mp4
carried-forward  1561874152143403 c0  → https://pub-893b4a6a607b4221a894bf861da7914e.r2.dev/1561874152143403.mp4
carried-forward  2013049059297231 c0  → https://pub-893b4a6a607b4221a894bf861da7914e.r2.dev/2013049059297231.mp4
carried-forward  913894174302608 c0  → https://pub-893b4a6a607b4221a894bf861da7914e.r2.dev/913894174302608.mp4
carried-forward  1727267521731812 c0  → https://pub-893b4a6a607b4221a894bf861da7914e.r2.dev/1727267521731812.mp4
carried-forward  1064030316579202 c0  → https://pub-893b4a6a607b4221a894bf861da7914e.r2.dev/1064030316579202.mp4
carried-forward  1676898560084213 c0  → https://pub-893b4a6a607b4221a894bf861da7914e.r2.dev/1676898560084213.mp4
carried-forward  1249703134146540 c0  → https://pub-893b4a6a607b4221a894bf861da7914e.r2.dev/1249703134146540.mp4
carried-forward  3641043652700023 c0  → https://pub-893b4a6a607b4221a894bf861da7914e.r2.dev/3641043652700023.mp4
carried-forward  1592568998965890 c0  → https://pub-893b4a6a607b4221a894bf861da7914e.r2.dev/1592568998965890.mp4
carried-forward  1019762410809692 c0  → https://pub-893b4a6a607b4221a894bf861da7914e.r2.dev/1019762410809692.mp4
carried-forward  916714691479120 c0  → https://pub-893b4a6a607b4221a894bf861da7914e.r2.dev/916714691479120.mp4
uploaded         1568327624948451 c0  (video) ← 1568327624948451.mp4  → https://pub-893b4a6a607b4221a894bf861da7914e.r2.dev/1568327624948451.mp4
carried-forward  1719043976081586 c0  → https://pub-893b4a6a607b4221a894bf861da7914e.r2.dev/1719043976081586.mp4
carried-forward  966959169705796 c0  → https://pub-893b4a6a607b4221a894bf861da7914e.r2.dev/966959169705796.mp4
carried-forward  1031020592900375 c0  → https://pub-893b4a6a607b4221a894bf861da7914e.r2.dev/1031020592900375.mp4
carried-forward  1403634755018898 c0  → https://pub-893b4a6a607b4221a894bf861da7914e.r2.dev/1403634755018898.mp4
carried-forward  831151359935196 c0  → https://pub-893b4a6a607b4221a894bf861da7914e.r2.dev/831151359935196.mp4
uploaded         2260241677713583 c0  (video) ← 2260241677713583.mp4  → https://pub-893b4a6a607b4221a894bf861da7914e.r2.dev/2260241677713583.mp4
uploaded         28042140715391068 c0  (video) ← 28042140715391068.mp4  → https://pub-893b4a6a607b4221a894bf861da7914e.r2.dev/28042140715391068.mp4
carried-forward  1531704258501696 c0  → https://pub-893b4a6a607b4221a894bf861da7914e.r2.dev/1531704258501696.mp4
carried-forward  1565790015329181 c0  → https://pub-893b4a6a607b4221a894bf861da7914e.r2.dev/1565790015329181.mp4
carried-forward  1778942330132715 c0  → https://pub-893b4a6a607b4221a894bf861da7914e.r2.dev/1778942330132715.mp4
carried-forward  1372763528076706 c0  → https://pub-893b4a6a607b4221a894bf861da7914e.r2.dev/1372763528076706.mp4
uploaded         1053958480452836 c0  (video) ← 1053958480452836.mp4  → https://pub-893b4a6a607b4221a894bf861da7914e.r2.dev/1053958480452836.mp4
uploaded         1560193399028090 c0  (video) ← 1560193399028090.mp4  → https://pub-893b4a6a607b4221a894bf861da7914e.r2.dev/1560193399028090.mp4
carried-forward  1028449009853941 c0  → https://pub-893b4a6a607b4221a894bf861da7914e.r2.dev/1028449009853941.mp4
carried-forward  1476996661108631 c0  → https://pub-893b4a6a607b4221a894bf861da7914e.r2.dev/1476996661108631.mp4
carried-forward  3155628847962719 c0  → https://pub-893b4a6a607b4221a894bf861da7914e.r2.dev/3155628847962719.mp4
uploaded         1578421993792290 c0  (video) ← 1578421993792290.mp4  → https://pub-893b4a6a607b4221a894bf861da7914e.r2.dev/1578421993792290.mp4
carried-forward  1343397883899179 c0  → https://pub-893b4a6a607b4221a894bf861da7914e.r2.dev/1343397883899179.mp4
carried-forward  1727927848336552 c0  → https://pub-893b4a6a607b4221a894bf861da7914e.r2.dev/1727927848336552.mp4
carried-forward  1020126547678179 c0  → https://pub-893b4a6a607b4221a894bf861da7914e.r2.dev/1020126547678179.mp4
carried-forward  1561920945333809 c0  → https://pub-893b4a6a607b4221a894bf861da7914e.r2.dev/1561920945333809.mp4
carried-forward  1689492209025217 c0  → https://pub-893b4a6a607b4221a894bf861da7914e.r2.dev/1689492209025217.mp4
uploaded         2502260263570332 c0  (video) ← 2502260263570332.mp4  → https://pub-893b4a6a607b4221a894bf861da7914e.r2.dev/2502260263570332.mp4
carried-forward  1059509843683317 c0  → https://pub-893b4a6a607b4221a894bf861da7914e.r2.dev/1059509843683317.mp4
uploaded         1343116734615568 c0  (video) ← 1343116734615568.mp4  → https://pub-893b4a6a607b4221a894bf861da7914e.r2.dev/1343116734615568.mp4
uploaded         1918951202396131 c0  (video) ← 1918951202396131.mp4  → https://pub-893b4a6a607b4221a894bf861da7914e.r2.dev/1918951202396131.mp4
uploaded         1731490811207298 c0  (video) ← 1731490811207298.mp4  → https://pub-893b4a6a607b4221a894bf861da7914e.r2.dev/1731490811207298.mp4
carried-forward  1337668218548557 c0  → https://pub-893b4a6a607b4221a894bf861da7914e.r2.dev/1337668218548557.mp4
carried-forward  2200965640744058 c0  → https://pub-893b4a6a607b4221a894bf861da7914e.r2.dev/2200965640744058.mp4
carried-forward  3166678570197944 c0  → https://pub-893b4a6a607b4221a894bf861da7914e.r2.dev/3166678570197944.mp4
carried-forward  1665570207993946 c0  → https://pub-893b4a6a607b4221a894bf861da7914e.r2.dev/1665570207993946.mp4
carried-forward  2144082059484903 c0  → https://pub-893b4a6a607b4221a894bf861da7914e.r2.dev/2144082059484903.mp4
carried-forward  1330583959053128 c0  → https://pub-893b4a6a607b4221a894bf861da7914e.r2.dev/1330583959053128.mp4
uploaded         1661377434959274 c0  (video) ← 1661377434959274.mp4  → https://pub-893b4a6a607b4221a894bf861da7914e.r2.dev/1661377434959274.mp4
uploaded         1464313475458474 c0  (video) ← 1464313475458474.mp4  → https://pub-893b4a6a607b4221a894bf861da7914e.r2.dev/1464313475458474.mp4
carried-forward  1376895344304182 c0  → https://pub-893b4a6a607b4221a894bf861da7914e.r2.dev/1376895344304182.mp4
carried-forward  1300113352290551 c0  → https://pub-893b4a6a607b4221a894bf861da7914e.r2.dev/1300113352290551.mp4
uploaded         957854093978941 c0  (video) ← 957854093978941.mp4  → https://pub-893b4a6a607b4221a894bf861da7914e.r2.dev/957854093978941.mp4
carried-forward  2039412566650201 c0  → https://pub-893b4a6a607b4221a894bf861da7914e.r2.dev/2039412566650201.mp4
carried-forward  1556283036216137 c0  → https://pub-893b4a6a607b4221a894bf861da7914e.r2.dev/1556283036216137.mp4
carried-forward  1227138466187768 c0  → https://pub-893b4a6a607b4221a894bf861da7914e.r2.dev/1227138466187768.mp4
carried-forward  4552514225028980 c0  → https://pub-893b4a6a607b4221a894bf861da7914e.r2.dev/4552514225028980.mp4
carried-forward  1656177755464235 c0  → https://pub-893b4a6a607b4221a894bf861da7914e.r2.dev/1656177755464235.mp4
carried-forward  1200885425498019 c0  → https://pub-893b4a6a607b4221a894bf861da7914e.r2.dev/1200885425498019.mp4
uploaded         1343314404546304 c0  (video) ← 1343314404546304.mp4  → https://pub-893b4a6a607b4221a894bf861da7914e.r2.dev/1343314404546304.mp4
carried-forward  2815498448806265 c0  → https://pub-893b4a6a607b4221a894bf861da7914e.r2.dev/2815498448806265.mp4
carried-forward  4419123344997588 c0  → https://pub-893b4a6a607b4221a894bf861da7914e.r2.dev/4419123344997588.mp4
carried-forward  789773407491375 c0  → https://pub-893b4a6a607b4221a894bf861da7914e.r2.dev/789773407491375.mp4
uploaded         1246213190839144 c0  (video) ← 1246213190839144.mp4  → https://pub-893b4a6a607b4221a894bf861da7914e.r2.dev/1246213190839144.mp4
uploaded         2304792490055135 c0  (video) ← 2304792490055135.mp4  → https://pub-893b4a6a607b4221a894bf861da7914e.r2.dev/2304792490055135.mp4
carried-forward  964768093282939 c0  → https://pub-893b4a6a607b4221a894bf861da7914e.r2.dev/964768093282939.mp4
carried-forward  1026513086763549 c0  → https://pub-893b4a6a607b4221a894bf861da7914e.r2.dev/1026513086763549.mp4
uploaded         888470190980586 c0  (video) ← 888470190980586.mp4  → https://pub-893b4a6a607b4221a894bf861da7914e.r2.dev/888470190980586.mp4
carried-forward  1023667883631726 c0  → https://pub-893b4a6a607b4221a894bf861da7914e.r2.dev/1023667883631726.mp4
uploaded         2221848241692614 c0  (video) ← 2221848241692614.mp4  → https://pub-893b4a6a607b4221a894bf861da7914e.r2.dev/2221848241692614.mp4
uploaded         1412192257415364 c0  (video) ← 1412192257415364.mp4  → https://pub-893b4a6a607b4221a894bf861da7914e.r2.dev/1412192257415364.mp4
uploaded         1586497489488811 c0  (video) ← 1586497489488811.mp4  → https://pub-893b4a6a607b4221a894bf861da7914e.r2.dev/1586497489488811.mp4
uploaded         900288069235471 c0  (video) ← 900288069235471.mp4  → https://pub-893b4a6a607b4221a894bf861da7914e.r2.dev/900288069235471.mp4
carried-forward  1635215360918989 c0  → https://pub-893b4a6a607b4221a894bf861da7914e.r2.dev/1635215360918989.mp4
carried-forward  1349085806673944 c0  → https://pub-893b4a6a607b4221a894bf861da7914e.r2.dev/1349085806673944.mp4
carried-forward  1013550654629784 c0  → https://pub-893b4a6a607b4221a894bf861da7914e.r2.dev/1013550654629784.mp4
carried-forward  1360591792698190 c0  → https://pub-893b4a6a607b4221a894bf861da7914e.r2.dev/1360591792698190.mp4
carried-forward  2410715992747792 c0  → https://pub-893b4a6a607b4221a894bf861da7914e.r2.dev/2410715992747792.mp4
carried-forward  27769826902701872 c0  → https://pub-893b4a6a607b4221a894bf861da7914e.r2.dev/27769826902701872.mp4
carried-forward  1800250790970348 c0  → https://pub-893b4a6a607b4221a894bf861da7914e.r2.dev/1800250790970348.mp4
uploaded         1001126236080100 c0  (video) ← 1001126236080100.mp4  → https://pub-893b4a6a607b4221a894bf861da7914e.r2.dev/1001126236080100.mp4
carried-forward  1662197908406292 c0  → https://pub-893b4a6a607b4221a894bf861da7914e.r2.dev/1662197908406292.mp4
uploaded         1644972694300693 c0  (video) ← 1644972694300693.mp4  → https://pub-893b4a6a607b4221a894bf861da7914e.r2.dev/1644972694300693.mp4
carried-forward  879066984787795 c0  → https://pub-893b4a6a607b4221a894bf861da7914e.r2.dev/879066984787795.mp4
carried-forward  1646364236435916 c0  → https://pub-893b4a6a607b4221a894bf861da7914e.r2.dev/1646364236435916.mp4
carried-forward  1021961830212223 c0  → https://pub-893b4a6a607b4221a894bf861da7914e.r2.dev/1021961830212223.mp4
uploaded         1012664224736778 c0  (video) ← 1012664224736778.mp4  → https://pub-893b4a6a607b4221a894bf861da7914e.r2.dev/1012664224736778.mp4
carried-forward  1512107510084733 c0  → https://pub-893b4a6a607b4221a894bf861da7914e.r2.dev/1512107510084733.mp4
uploaded         1014659388133211 c0  (video) ← 1014659388133211.mp4  → https://pub-893b4a6a607b4221a894bf861da7914e.r2.dev/1014659388133211.mp4
carried-forward  1114436335096220 c0  → https://pub-893b4a6a607b4221a894bf861da7914e.r2.dev/1114436335096220.mp4
uploaded         2702240473528690 c0  (video) ← 2702240473528690.mp4  → https://pub-893b4a6a607b4221a894bf861da7914e.r2.dev/2702240473528690.mp4
carried-forward  1676195966972808 c0  → https://pub-893b4a6a607b4221a894bf861da7914e.r2.dev/1676195966972808.mp4
carried-forward  3144037579130136 c0  → https://pub-893b4a6a607b4221a894bf861da7914e.r2.dev/3144037579130136.mp4
carried-forward  887926767107545 c0  → https://pub-893b4a6a607b4221a894bf861da7914e.r2.dev/887926767107545.mp4
carried-forward  1009169425229780 c0  → https://pub-893b4a6a607b4221a894bf861da7914e.r2.dev/1009169425229780.mp4
carried-forward  1642039920197488 c0  → https://pub-893b4a6a607b4221a894bf861da7914e.r2.dev/1642039920197488.mp4
uploaded         1033241216087631 c0  (video) ← 1033241216087631.mp4  → https://pub-893b4a6a607b4221a894bf861da7914e.r2.dev/1033241216087631.mp4
carried-forward  1570066971479022 c0  → https://pub-893b4a6a607b4221a894bf861da7914e.r2.dev/1570066971479022.mp4
carried-forward  1598260625282277 c0  → https://pub-893b4a6a607b4221a894bf861da7914e.r2.dev/1598260625282277.mp4
carried-forward  1688693412388591 c0  → https://pub-893b4a6a607b4221a894bf861da7914e.r2.dev/1688693412388591.mp4
carried-forward  1504606731349427 c0  → https://pub-893b4a6a607b4221a894bf861da7914e.r2.dev/1504606731349427.mp4
uploaded         1692355038702808 c0  (video) ← 1692355038702808.mp4  → https://pub-893b4a6a607b4221a894bf861da7914e.r2.dev/1692355038702808.mp4
carried-forward  2000913570552724 c0  → https://pub-893b4a6a607b4221a894bf861da7914e.r2.dev/2000913570552724.mp4
uploaded         2917158451964432 c0  (video) ← 2917158451964432.mp4  → https://pub-893b4a6a607b4221a894bf861da7914e.r2.dev/2917158451964432.mp4
carried-forward  1318468093605981 c0  → https://pub-893b4a6a607b4221a894bf861da7914e.r2.dev/1318468093605981.mp4
carried-forward  1337634014636988 c0  → https://pub-893b4a6a607b4221a894bf861da7914e.r2.dev/1337634014636988.mp4
uploaded         2079659836277553 c0  (video) ← 2079659836277553.mp4  → https://pub-893b4a6a607b4221a894bf861da7914e.r2.dev/2079659836277553.mp4
uploaded         1462395142591446 c0  (video) ← 1462395142591446.mp4  → https://pub-893b4a6a607b4221a894bf861da7914e.r2.dev/1462395142591446.mp4
carried-forward  1014666224660601 c0  → https://pub-893b4a6a607b4221a894bf861da7914e.r2.dev/1014666224660601.mp4
uploaded         1352319143021842 c0  (video) ← 1352319143021842.mp4  → https://pub-893b4a6a607b4221a894bf861da7914e.r2.dev/1352319143021842.mp4
uploaded         1422460119708010 c0  (video) ← 1422460119708010.mp4  → https://pub-893b4a6a607b4221a894bf861da7914e.r2.dev/1422460119708010.mp4
uploaded         1264398075622368 c0  (video) ← 1264398075622368.mp4  → https://pub-893b4a6a607b4221a894bf861da7914e.r2.dev/1264398075622368.mp4
uploaded         1420988316522685 c0  (video) ← 1420988316522685.mp4  → https://pub-893b4a6a607b4221a894bf861da7914e.r2.dev/1420988316522685.mp4
uploaded         1437861761483090 c0  (video) ← 1437861761483090.mp4  → https://pub-893b4a6a607b4221a894bf861da7914e.r2.dev/1437861761483090.mp4
uploaded         1397797165529432 c0  (video) ← 1397797165529432.mp4  → https://pub-893b4a6a607b4221a894bf861da7914e.r2.dev/1397797165529432.mp4
carried-forward  1722970195676115 c0  → https://pub-893b4a6a607b4221a894bf861da7914e.r2.dev/1722970195676115.mp4
uploaded         874509921951713 c0  (video) ← 874509921951713.mp4  → https://pub-893b4a6a607b4221a894bf861da7914e.r2.dev/874509921951713.mp4
uploaded         1322469639870331 c0  (video) ← 1322469639870331.mp4  → https://pub-893b4a6a607b4221a894bf861da7914e.r2.dev/1322469639870331.mp4
carried-forward  1749737806164983 c0  → https://pub-893b4a6a607b4221a894bf861da7914e.r2.dev/1749737806164983.mp4
carried-forward  1338517971747259 c0  → https://pub-893b4a6a607b4221a894bf861da7914e.r2.dev/1338517971747259.mp4
carried-forward  27861019510189640 c0  → https://pub-893b4a6a607b4221a894bf861da7914e.r2.dev/27861019510189640.mp4
carried-forward  1011509568312752 c0  → https://pub-893b4a6a607b4221a894bf861da7914e.r2.dev/1011509568312752.mp4
uploaded         1083068107997665 c0  (video) ← 1083068107997665.mp4  → https://pub-893b4a6a607b4221a894bf861da7914e.r2.dev/1083068107997665.mp4
uploaded         1325077412676219 c0  (video) ← 1325077412676219.mp4  → https://pub-893b4a6a607b4221a894bf861da7914e.r2.dev/1325077412676219.mp4
carried-forward  1665212694751723 c0  → https://pub-893b4a6a607b4221a894bf861da7914e.r2.dev/1665212694751723.mp4
carried-forward  1828325671944421 c0  → https://pub-893b4a6a607b4221a894bf861da7914e.r2.dev/1828325671944421.mp4
uploaded         2057188608340774 c0  (video) ← 2057188608340774.mp4  → https://pub-893b4a6a607b4221a894bf861da7914e.r2.dev/2057188608340774.mp4
carried-forward  1044959871308580 c0  → https://pub-893b4a6a607b4221a894bf861da7914e.r2.dev/1044959871308580.mp4
uploaded         1342609104715853 c0  (video) ← 1342609104715853.mp4  → https://pub-893b4a6a607b4221a894bf861da7914e.r2.dev/1342609104715853.mp4
uploaded         2866701513688995 c0  (video) ← 2866701513688995.mp4  → https://pub-893b4a6a607b4221a894bf861da7914e.r2.dev/2866701513688995.mp4
uploaded         1366912782084706 c0  (video) ← 1366912782084706.mp4  → https://pub-893b4a6a607b4221a894bf861da7914e.r2.dev/1366912782084706.mp4
carried-forward  1013449491440748 c0  → https://pub-893b4a6a607b4221a894bf861da7914e.r2.dev/1013449491440748.mp4
uploaded         1792460531918458 c0  (video) ← 1792460531918458.mp4  → https://pub-893b4a6a607b4221a894bf861da7914e.r2.dev/1792460531918458.mp4
carried-forward  28177094421896972 c0  → https://pub-893b4a6a607b4221a894bf861da7914e.r2.dev/28177094421896972.mp4
uploaded         1021656443795154 c0  (video) ← 1021656443795154.mp4  → https://pub-893b4a6a607b4221a894bf861da7914e.r2.dev/1021656443795154.mp4
uploaded         1595512115263736 c0  (video) ← 1595512115263736.mp4  → https://pub-893b4a6a607b4221a894bf861da7914e.r2.dev/1595512115263736.mp4
carried-forward  1757175298641732 c0  → https://pub-893b4a6a607b4221a894bf861da7914e.r2.dev/1757175298641732.mp4
carried-forward  2153135708876987 c0  → https://pub-893b4a6a607b4221a894bf861da7914e.r2.dev/2153135708876987.mp4
uploaded         1017842921136572 c0  (video) ← 1017842921136572.mp4  → https://pub-893b4a6a607b4221a894bf861da7914e.r2.dev/1017842921136572.mp4
uploaded         1553250802921957 c0  (video) ← 1553250802921957.mp4  → https://pub-893b4a6a607b4221a894bf861da7914e.r2.dev/1553250802921957.mp4
uploaded         1360938902891215 c0  (video) ← 1360938902891215.mp4  → https://pub-893b4a6a607b4221a894bf861da7914e.r2.dev/1360938902891215.mp4
uploaded         1552381076556238 c0  (video) ← 1552381076556238.mp4  → https://pub-893b4a6a607b4221a894bf861da7914e.r2.dev/1552381076556238.mp4
carried-forward  1572033057645862 c0  → https://pub-893b4a6a607b4221a894bf861da7914e.r2.dev/1572033057645862.mp4
uploaded         2074376606622636 c0  (video) ← 2074376606622636.mp4  → https://pub-893b4a6a607b4221a894bf861da7914e.r2.dev/2074376606622636.mp4
uploaded         27662285396770575 c0  (video) ← 27662285396770575.mp4  → https://pub-893b4a6a607b4221a894bf861da7914e.r2.dev/27662285396770575.mp4
uploaded         1511543203535885 c0  (video) ← 1511543203535885.mp4  → https://pub-893b4a6a607b4221a894bf861da7914e.r2.dev/1511543203535885.mp4
uploaded         2384988698654054 c0  (video) ← 2384988698654054.mp4  → https://pub-893b4a6a607b4221a894bf861da7914e.r2.dev/2384988698654054.mp4
carried-forward  27530590489886828 c0  → https://pub-893b4a6a607b4221a894bf861da7914e.r2.dev/27530590489886828.mp4
uploaded         1004133729070588 c0  (video) ← 1004133729070588.mp4  → https://pub-893b4a6a607b4221a894bf861da7914e.r2.dev/1004133729070588.mp4
uploaded         1008083335337468 c0  (video) ← 1008083335337468.mp4  → https://pub-893b4a6a607b4221a894bf861da7914e.r2.dev/1008083335337468.mp4
uploaded         1038086045304146 c0  (video) ← 1038086045304146.mp4  → https://pub-893b4a6a607b4221a894bf861da7914e.r2.dev/1038086045304146.mp4
uploaded         1042108668339263 c0  (video) ← 1042108668339263.mp4  → https://pub-893b4a6a607b4221a894bf861da7914e.r2.dev/1042108668339263.mp4
carried-forward  1350665050600421 c0  → https://pub-893b4a6a607b4221a894bf861da7914e.r2.dev/1350665050600421.mp4
uploaded         1055124300408894 c0  (video) ← 1055124300408894.mp4  → https://pub-893b4a6a607b4221a894bf861da7914e.r2.dev/1055124300408894.mp4
uploaded         1329197589427933 c0  (video) ← 1329197589427933.mp4  → https://pub-893b4a6a607b4221a894bf861da7914e.r2.dev/1329197589427933.mp4
uploaded         1412955420704388 c0  (video) ← 1412955420704388.mp4  → https://pub-893b4a6a607b4221a894bf861da7914e.r2.dev/1412955420704388.mp4
uploaded         1555764442572466 c0  (video) ← 1555764442572466.mp4  → https://pub-893b4a6a607b4221a894bf861da7914e.r2.dev/1555764442572466.mp4
uploaded         1720843832441963 c0  (video) ← 1720843832441963.mp4  → https://pub-893b4a6a607b4221a894bf861da7914e.r2.dev/1720843832441963.mp4
carried-forward  2241143646686335 c0  → https://pub-893b4a6a607b4221a894bf861da7914e.r2.dev/2241143646686335.mp4
uploaded         2242051179882869 c0  (video) ← 2242051179882869.mp4  → https://pub-893b4a6a607b4221a894bf861da7914e.r2.dev/2242051179882869.mp4
uploaded         2794731494219714 c0  (video) ← 2794731494219714.mp4  → https://pub-893b4a6a607b4221a894bf861da7914e.r2.dev/2794731494219714.mp4
uploaded         1003239589243227 c0  (video) ← 1003239589243227.mp4  → https://pub-893b4a6a607b4221a894bf861da7914e.r2.dev/1003239589243227.mp4
carried-forward  1593425012356611 c0  → https://pub-893b4a6a607b4221a894bf861da7914e.r2.dev/1593425012356611.mp4
uploaded         1595236978876918 c0  (video) ← 1595236978876918.mp4  → https://pub-893b4a6a607b4221a894bf861da7914e.r2.dev/1595236978876918.mp4
uploaded         1997227547583851 c0  (video) ← 1997227547583851.mp4  → https://pub-893b4a6a607b4221a894bf861da7914e.r2.dev/1997227547583851.mp4
carried-forward  4373232079613595 c0  → https://pub-893b4a6a607b4221a894bf861da7914e.r2.dev/4373232079613595.mp4
uploaded         970051129424916 c0  (video) ← 970051129424916.mp4  → https://pub-893b4a6a607b4221a894bf861da7914e.r2.dev/970051129424916.mp4
uploaded         1056838083681611 c0  (video) ← 1056838083681611.mp4  → https://pub-893b4a6a607b4221a894bf861da7914e.r2.dev/1056838083681611.mp4
uploaded         1074855374969615 c0  (video) ← 1074855374969615.mp4  → https://pub-893b4a6a607b4221a894bf861da7914e.r2.dev/1074855374969615.mp4
uploaded         1346832780758975 c0  (video) ← 1346832780758975.mp4  → https://pub-893b4a6a607b4221a894bf861da7914e.r2.dev/1346832780758975.mp4
uploaded         1529543691964572 c0  (video) ← 1529543691964572.mp4  → https://pub-893b4a6a607b4221a894bf861da7914e.r2.dev/1529543691964572.mp4
uploaded         1592763929104457 c0  (video) ← 1592763929104457.mp4  → https://pub-893b4a6a607b4221a894bf861da7914e.r2.dev/1592763929104457.mp4
uploaded         1602766541346008 c0  (video) ← 1602766541346008.mp4  → https://pub-893b4a6a607b4221a894bf861da7914e.r2.dev/1602766541346008.mp4
uploaded         1679975973286060 c0  (video) ← 1679975973286060.mp4  → https://pub-893b4a6a607b4221a894bf861da7914e.r2.dev/1679975973286060.mp4
uploaded         1910069126651915 c0  (video) ← 1910069126651915.mp4  → https://pub-893b4a6a607b4221a894bf861da7914e.r2.dev/1910069126651915.mp4
