# Step 3 run log
# competitor : lingo-ai
# started_at : 2026-07-08T13:40:10
# input      : facebook/inputs/fb-ads-lingo-ai-2026-07-08-1335.csv
# videos     : facebook/videos/lingo-ai-2026-07-08
# master     : facebook/master/lingo-ai.csv  (updated)
# enriched   : facebook/inputs/fb-ads-lingo-ai-2026-07-08-1335_enriched.csv
# bucket     : video-ads
# public_base: https://pub-893b4a6a607b4221a894bf861da7914e.r2.dev
# dry_run    : False
#
# counts     : {'uploaded': 37, 'carried-forward': 149, 'image-pending': 0, 'video-missing': 1, 'no-creative': 0, 'error': 0}
#
carried-forward  1038854211901779 c0  → https://pub-893b4a6a607b4221a894bf861da7914e.r2.dev/1038854211901779.mp4
video-missing    1038854211901779 c0  (expected file not found in facebook/videos/lingo-ai-2026-07-08)
carried-forward  1093823739826634 c0  → https://pub-893b4a6a607b4221a894bf861da7914e.r2.dev/1093823739826634.mp4
carried-forward  1586245716244003 c0  → https://pub-893b4a6a607b4221a894bf861da7914e.r2.dev/1586245716244003.mp4
carried-forward  1007110078391526 c0  → https://pub-893b4a6a607b4221a894bf861da7914e.r2.dev/1007110078391526.mp4
carried-forward  1962277031827815 c0  → https://pub-893b4a6a607b4221a894bf861da7914e.r2.dev/1962277031827815.mp4
carried-forward  1003526658752736 c0  → https://pub-893b4a6a607b4221a894bf861da7914e.r2.dev/1003526658752736.mp4
carried-forward  1651336692836508 c0  → https://pub-893b4a6a607b4221a894bf861da7914e.r2.dev/1651336692836508.mp4
carried-forward  2817216648647618 c0  → https://pub-893b4a6a607b4221a894bf861da7914e.r2.dev/2817216648647618.mp4
carried-forward  1312402474407625 c0  → https://pub-893b4a6a607b4221a894bf861da7914e.r2.dev/1312402474407625.mp4
carried-forward  1683265226128164 c0  → https://pub-893b4a6a607b4221a894bf861da7914e.r2.dev/1683265226128164.mp4
carried-forward  980809158288503 c0  → https://pub-893b4a6a607b4221a894bf861da7914e.r2.dev/980809158288503.mp4
carried-forward  993382163488187 c0  → https://pub-893b4a6a607b4221a894bf861da7914e.r2.dev/993382163488187.mp4
carried-forward  27223086024028518 c0  → https://pub-893b4a6a607b4221a894bf861da7914e.r2.dev/27223086024028518.mp4
carried-forward  861649606640914 c0  → https://pub-893b4a6a607b4221a894bf861da7914e.r2.dev/861649606640914.mp4
carried-forward  1006880602208933 c0  → https://pub-893b4a6a607b4221a894bf861da7914e.r2.dev/1006880602208933.mp4
carried-forward  2391010851423275 c0  → https://pub-893b4a6a607b4221a894bf861da7914e.r2.dev/2391010851423275.mp4
carried-forward  1402910178342547 c0  → https://pub-893b4a6a607b4221a894bf861da7914e.r2.dev/1402910178342547.mp4
carried-forward  1737663170595329 c0  → https://pub-893b4a6a607b4221a894bf861da7914e.r2.dev/1737663170595329.mp4
carried-forward  2223760955053163 c0  → https://pub-893b4a6a607b4221a894bf861da7914e.r2.dev/2223760955053163.mp4
carried-forward  2196725327849145 c0  → https://pub-893b4a6a607b4221a894bf861da7914e.r2.dev/2196725327849145.mp4
carried-forward  4494315040857752 c0  → https://pub-893b4a6a607b4221a894bf861da7914e.r2.dev/4494315040857752.mp4
carried-forward  1334703498047853 c0  → https://pub-893b4a6a607b4221a894bf861da7914e.r2.dev/1334703498047853.mp4
carried-forward  2225742691506044 c0  → https://pub-893b4a6a607b4221a894bf861da7914e.r2.dev/2225742691506044.mp4
carried-forward  1588906916155093 c0  → https://pub-893b4a6a607b4221a894bf861da7914e.r2.dev/1588906916155093.mp4
carried-forward  1037404378858206 c0  → https://pub-893b4a6a607b4221a894bf861da7914e.r2.dev/1037404378858206.mp4
carried-forward  2019382318667999 c0  → https://pub-893b4a6a607b4221a894bf861da7914e.r2.dev/2019382318667999.mp4
carried-forward  1606914717526779 c0  → https://pub-893b4a6a607b4221a894bf861da7914e.r2.dev/1606914717526779.mp4
carried-forward  4042081032594895 c0  → https://pub-893b4a6a607b4221a894bf861da7914e.r2.dev/4042081032594895.mp4
carried-forward  2253769662106911 c0  → https://pub-893b4a6a607b4221a894bf861da7914e.r2.dev/2253769662106911.mp4
carried-forward  1005118642480638 c0  → https://pub-893b4a6a607b4221a894bf861da7914e.r2.dev/1005118642480638.mp4
carried-forward  4659521547702423 c0  → https://pub-893b4a6a607b4221a894bf861da7914e.r2.dev/4659521547702423.mp4
carried-forward  1543107963869133 c0  → https://pub-893b4a6a607b4221a894bf861da7914e.r2.dev/1543107963869133.mp4
carried-forward  1320259926955388 c0  → https://pub-893b4a6a607b4221a894bf861da7914e.r2.dev/1320259926955388.mp4
carried-forward  1698860684599117 c0  → https://pub-893b4a6a607b4221a894bf861da7914e.r2.dev/1698860684599117.mp4
carried-forward  1427273542560007 c0  → https://pub-893b4a6a607b4221a894bf861da7914e.r2.dev/1427273542560007.mp4
carried-forward  1525338649343366 c0  → https://pub-893b4a6a607b4221a894bf861da7914e.r2.dev/1525338649343366.mp4
carried-forward  1270260864996278 c0  → https://pub-893b4a6a607b4221a894bf861da7914e.r2.dev/1270260864996278.mp4
carried-forward  4352326158312205 c0  → https://pub-893b4a6a607b4221a894bf861da7914e.r2.dev/4352326158312205.mp4
carried-forward  1705366507331909 c0  → https://pub-893b4a6a607b4221a894bf861da7914e.r2.dev/1705366507331909.mp4
carried-forward  1506922147561152 c0  → https://pub-893b4a6a607b4221a894bf861da7914e.r2.dev/1506922147561152.mp4
carried-forward  992641953651273 c0  → https://pub-893b4a6a607b4221a894bf861da7914e.r2.dev/992641953651273.mp4
carried-forward  1351196300320047 c0  → https://pub-893b4a6a607b4221a894bf861da7914e.r2.dev/1351196300320047.mp4
carried-forward  844826715136633 c0  → https://pub-893b4a6a607b4221a894bf861da7914e.r2.dev/844826715136633.mp4
carried-forward  1554222239574629 c0  → https://pub-893b4a6a607b4221a894bf861da7914e.r2.dev/1554222239574629.mp4
carried-forward  898871176564000 c0  → https://pub-893b4a6a607b4221a894bf861da7914e.r2.dev/898871176564000.mp4
carried-forward  1382542137258042 c0  → https://pub-893b4a6a607b4221a894bf861da7914e.r2.dev/1382542137258042.mp4
carried-forward  1633628567704710 c0  → https://pub-893b4a6a607b4221a894bf861da7914e.r2.dev/1633628567704710.mp4
carried-forward  1558400459193797 c0  → https://pub-893b4a6a607b4221a894bf861da7914e.r2.dev/1558400459193797.mp4
carried-forward  1717358132636243 c0  → https://pub-893b4a6a607b4221a894bf861da7914e.r2.dev/1717358132636243.mp4
carried-forward  2392982457860413 c0  → https://pub-893b4a6a607b4221a894bf861da7914e.r2.dev/2392982457860413.mp4
carried-forward  1691784178829769 c0  → https://pub-893b4a6a607b4221a894bf861da7914e.r2.dev/1691784178829769.mp4
carried-forward  2076022413797975 c0  → https://pub-893b4a6a607b4221a894bf861da7914e.r2.dev/2076022413797975.mp4
carried-forward  2524582157979905 c0  → https://pub-893b4a6a607b4221a894bf861da7914e.r2.dev/2524582157979905.mp4
carried-forward  2565741070509053 c0  → https://pub-893b4a6a607b4221a894bf861da7914e.r2.dev/2565741070509053.mp4
carried-forward  878207795333026 c0  → https://pub-893b4a6a607b4221a894bf861da7914e.r2.dev/878207795333026.mp4
carried-forward  1537599074703930 c0  → https://pub-893b4a6a607b4221a894bf861da7914e.r2.dev/1537599074703930.mp4
carried-forward  1546008070409394 c0  → https://pub-893b4a6a607b4221a894bf861da7914e.r2.dev/1546008070409394.mp4
carried-forward  1573962174127005 c0  → https://pub-893b4a6a607b4221a894bf861da7914e.r2.dev/1573962174127005.mp4
carried-forward  1542817130531524 c0  → https://pub-893b4a6a607b4221a894bf861da7914e.r2.dev/1542817130531524.mp4
carried-forward  900011839294388 c0  → https://pub-893b4a6a607b4221a894bf861da7914e.r2.dev/900011839294388.mp4
carried-forward  1686999999239669 c0  → https://pub-893b4a6a607b4221a894bf861da7914e.r2.dev/1686999999239669.mp4
carried-forward  3403536496487480 c0  → https://pub-893b4a6a607b4221a894bf861da7914e.r2.dev/3403536496487480.mp4
uploaded         1942778169727985 c0  (video) ← 1942778169727985.mp4  → https://pub-893b4a6a607b4221a894bf861da7914e.r2.dev/1942778169727985.mp4
carried-forward  1376125071000503 c0  → https://pub-893b4a6a607b4221a894bf861da7914e.r2.dev/1376125071000503.mp4
carried-forward  4252978928346557 c0  → https://pub-893b4a6a607b4221a894bf861da7914e.r2.dev/4252978928346557.mp4
carried-forward  1332107031680751 c0  → https://pub-893b4a6a607b4221a894bf861da7914e.r2.dev/1332107031680751.mp4
carried-forward  2153258851904762 c0  → https://pub-893b4a6a607b4221a894bf861da7914e.r2.dev/2153258851904762.mp4
carried-forward  1737720157248252 c0  → https://pub-893b4a6a607b4221a894bf861da7914e.r2.dev/1737720157248252.mp4
carried-forward  1929767137611529 c0  → https://pub-893b4a6a607b4221a894bf861da7914e.r2.dev/1929767137611529.mp4
carried-forward  1492092175305768 c0  → https://pub-893b4a6a607b4221a894bf861da7914e.r2.dev/1492092175305768.mp4
carried-forward  1031747116205172 c0  → https://pub-893b4a6a607b4221a894bf861da7914e.r2.dev/1031747116205172.mp4
carried-forward  1220089980142236 c0  → https://pub-893b4a6a607b4221a894bf861da7914e.r2.dev/1220089980142236.mp4
carried-forward  3340516169466059 c0  → https://pub-893b4a6a607b4221a894bf861da7914e.r2.dev/3340516169466059.mp4
uploaded         968254426244395 c0  (video) ← 968254426244395.mp4  → https://pub-893b4a6a607b4221a894bf861da7914e.r2.dev/968254426244395.mp4
carried-forward  1731350314547390 c0  → https://pub-893b4a6a607b4221a894bf861da7914e.r2.dev/1731350314547390.mp4
carried-forward  1717104826254282 c0  → https://pub-893b4a6a607b4221a894bf861da7914e.r2.dev/1717104826254282.mp4
carried-forward  1350328690557506 c0  → https://pub-893b4a6a607b4221a894bf861da7914e.r2.dev/1350328690557506.mp4
carried-forward  27411571565166645 c0  → https://pub-893b4a6a607b4221a894bf861da7914e.r2.dev/27411571565166645.mp4
carried-forward  2031907587426210 c0  → https://pub-893b4a6a607b4221a894bf861da7914e.r2.dev/2031907587426210.mp4
carried-forward  1427717762585898 c0  → https://pub-893b4a6a607b4221a894bf861da7914e.r2.dev/1427717762585898.mp4
carried-forward  1663926744681954 c0  → https://pub-893b4a6a607b4221a894bf861da7914e.r2.dev/1663926744681954.mp4
uploaded         1015161667588955 c0  (video) ← 1015161667588955.mp4  → https://pub-893b4a6a607b4221a894bf861da7914e.r2.dev/1015161667588955.mp4
uploaded         1314724773975165 c0  (video) ← 1314724773975165.mp4  → https://pub-893b4a6a607b4221a894bf861da7914e.r2.dev/1314724773975165.mp4
carried-forward  1821063475538897 c0  → https://pub-893b4a6a607b4221a894bf861da7914e.r2.dev/1821063475538897.mp4
uploaded         1659624368456446 c0  (video) ← 1659624368456446.mp4  → https://pub-893b4a6a607b4221a894bf861da7914e.r2.dev/1659624368456446.mp4
carried-forward  1661401064910641 c0  → https://pub-893b4a6a607b4221a894bf861da7914e.r2.dev/1661401064910641.mp4
carried-forward  961157576910821 c0  → https://pub-893b4a6a607b4221a894bf861da7914e.r2.dev/961157576910821.mp4
carried-forward  1184967818034292 c0  → https://pub-893b4a6a607b4221a894bf861da7914e.r2.dev/1184967818034292.mp4
carried-forward  1415999857029783 c0  → https://pub-893b4a6a607b4221a894bf861da7914e.r2.dev/1415999857029783.mp4
carried-forward  1576408717437504 c0  → https://pub-893b4a6a607b4221a894bf861da7914e.r2.dev/1576408717437504.mp4
uploaded         802952912808823 c0  (video) ← 802952912808823.mp4  → https://pub-893b4a6a607b4221a894bf861da7914e.r2.dev/802952912808823.mp4
carried-forward  1083093064047158 c0  → https://pub-893b4a6a607b4221a894bf861da7914e.r2.dev/1083093064047158.mp4
uploaded         2953210015070433 c0  (video) ← 2953210015070433.mp4  → https://pub-893b4a6a607b4221a894bf861da7914e.r2.dev/2953210015070433.mp4
carried-forward  1532901558303092 c0  → https://pub-893b4a6a607b4221a894bf861da7914e.r2.dev/1532901558303092.mp4
carried-forward  1035971962252837 c0  → https://pub-893b4a6a607b4221a894bf861da7914e.r2.dev/1035971962252837.mp4
carried-forward  2114555595772778 c0  → https://pub-893b4a6a607b4221a894bf861da7914e.r2.dev/2114555595772778.mp4
carried-forward  902584925476226 c0  → https://pub-893b4a6a607b4221a894bf861da7914e.r2.dev/902584925476226.mp4
carried-forward  2013049059297231 c0  → https://pub-893b4a6a607b4221a894bf861da7914e.r2.dev/2013049059297231.mp4
uploaded         1462857225859611 c0  (video) ← 1462857225859611.mp4  → https://pub-893b4a6a607b4221a894bf861da7914e.r2.dev/1462857225859611.mp4
carried-forward  4577610779168905 c0  → https://pub-893b4a6a607b4221a894bf861da7914e.r2.dev/4577610779168905.mp4
carried-forward  1196805302586861 c0  → https://pub-893b4a6a607b4221a894bf861da7914e.r2.dev/1196805302586861.mp4
carried-forward  27390283250664816 c0  → https://pub-893b4a6a607b4221a894bf861da7914e.r2.dev/27390283250664816.mp4
carried-forward  1247435140696299 c0  → https://pub-893b4a6a607b4221a894bf861da7914e.r2.dev/1247435140696299.mp4
carried-forward  826967597018641 c0  → https://pub-893b4a6a607b4221a894bf861da7914e.r2.dev/826967597018641.mp4
carried-forward  1754835955688580 c0  → https://pub-893b4a6a607b4221a894bf861da7914e.r2.dev/1754835955688580.mp4
carried-forward  1505791890630928 c0  → https://pub-893b4a6a607b4221a894bf861da7914e.r2.dev/1505791890630928.mp4
carried-forward  1653664225929777 c0  → https://pub-893b4a6a607b4221a894bf861da7914e.r2.dev/1653664225929777.mp4
uploaded         1541473544048338 c0  (video) ← 1541473544048338.mp4  → https://pub-893b4a6a607b4221a894bf861da7914e.r2.dev/1541473544048338.mp4
carried-forward  1069174625775853 c0  → https://pub-893b4a6a607b4221a894bf861da7914e.r2.dev/1069174625775853.mp4
carried-forward  1915386352474119 c0  → https://pub-893b4a6a607b4221a894bf861da7914e.r2.dev/1915386352474119.mp4
carried-forward  1319060930423038 c0  → https://pub-893b4a6a607b4221a894bf861da7914e.r2.dev/1319060930423038.mp4
uploaded         1596772835346893 c0  (video) ← 1596772835346893.mp4  → https://pub-893b4a6a607b4221a894bf861da7914e.r2.dev/1596772835346893.mp4
carried-forward  1403634755018898 c0  → https://pub-893b4a6a607b4221a894bf861da7914e.r2.dev/1403634755018898.mp4
carried-forward  1778942330132715 c0  → https://pub-893b4a6a607b4221a894bf861da7914e.r2.dev/1778942330132715.mp4
carried-forward  27350423597950324 c0  → https://pub-893b4a6a607b4221a894bf861da7914e.r2.dev/27350423597950324.mp4
uploaded         1371576448230090 c0  (video) ← 1371576448230090.mp4  → https://pub-893b4a6a607b4221a894bf861da7914e.r2.dev/1371576448230090.mp4
carried-forward  2156665531857898 c0  → https://pub-893b4a6a607b4221a894bf861da7914e.r2.dev/2156665531857898.mp4
carried-forward  1028449009853941 c0  → https://pub-893b4a6a607b4221a894bf861da7914e.r2.dev/1028449009853941.mp4
carried-forward  1803476424001110 c0  → https://pub-893b4a6a607b4221a894bf861da7914e.r2.dev/1803476424001110.mp4
carried-forward  27171113109254491 c0  → https://pub-893b4a6a607b4221a894bf861da7914e.r2.dev/27171113109254491.mp4
carried-forward  1838402367127632 c0  → https://pub-893b4a6a607b4221a894bf861da7914e.r2.dev/1838402367127632.mp4
carried-forward  4675112942774885 c0  → https://pub-893b4a6a607b4221a894bf861da7914e.r2.dev/4675112942774885.mp4
carried-forward  1964261210892531 c0  → https://pub-893b4a6a607b4221a894bf861da7914e.r2.dev/1964261210892531.mp4
carried-forward  1665570207993946 c0  → https://pub-893b4a6a607b4221a894bf861da7914e.r2.dev/1665570207993946.mp4
carried-forward  1677690760137864 c0  → https://pub-893b4a6a607b4221a894bf861da7914e.r2.dev/1677690760137864.mp4
carried-forward  2092898847957783 c0  → https://pub-893b4a6a607b4221a894bf861da7914e.r2.dev/2092898847957783.mp4
carried-forward  1007728715460562 c0  → https://pub-893b4a6a607b4221a894bf861da7914e.r2.dev/1007728715460562.mp4
carried-forward  1022461900194722 c0  → https://pub-893b4a6a607b4221a894bf861da7914e.r2.dev/1022461900194722.mp4
carried-forward  2064791374145447 c0  → https://pub-893b4a6a607b4221a894bf861da7914e.r2.dev/2064791374145447.mp4
carried-forward  2367898560406946 c0  → https://pub-893b4a6a607b4221a894bf861da7914e.r2.dev/2367898560406946.mp4
carried-forward  2276444916498087 c0  → https://pub-893b4a6a607b4221a894bf861da7914e.r2.dev/2276444916498087.mp4
carried-forward  1102346855789311 c0  → https://pub-893b4a6a607b4221a894bf861da7914e.r2.dev/1102346855789311.mp4
carried-forward  1264112379002091 c0  → https://pub-893b4a6a607b4221a894bf861da7914e.r2.dev/1264112379002091.mp4
uploaded         1689492209025217 c0  (video) ← 1689492209025217.mp4  → https://pub-893b4a6a607b4221a894bf861da7914e.r2.dev/1689492209025217.mp4
carried-forward  1620690590064291 c0  → https://pub-893b4a6a607b4221a894bf861da7914e.r2.dev/1620690590064291.mp4
carried-forward  888239487656454 c0  → https://pub-893b4a6a607b4221a894bf861da7914e.r2.dev/888239487656454.mp4
carried-forward  1079647594516513 c0  → https://pub-893b4a6a607b4221a894bf861da7914e.r2.dev/1079647594516513.mp4
carried-forward  1635215360918989 c0  → https://pub-893b4a6a607b4221a894bf861da7914e.r2.dev/1635215360918989.mp4
carried-forward  1967353097232627 c0  → https://pub-893b4a6a607b4221a894bf861da7914e.r2.dev/1967353097232627.mp4
carried-forward  2183171979139988 c0  → https://pub-893b4a6a607b4221a894bf861da7914e.r2.dev/2183171979139988.mp4
carried-forward  2485249335308594 c0  → https://pub-893b4a6a607b4221a894bf861da7914e.r2.dev/2485249335308594.mp4
carried-forward  1016181760769430 c0  → https://pub-893b4a6a607b4221a894bf861da7914e.r2.dev/1016181760769430.mp4
carried-forward  1652983826434632 c0  → https://pub-893b4a6a607b4221a894bf861da7914e.r2.dev/1652983826434632.mp4
uploaded         1020530707016423 c0  (video) ← 1020530707016423.mp4  → https://pub-893b4a6a607b4221a894bf861da7914e.r2.dev/1020530707016423.mp4
uploaded         2039412566650201 c0  (video) ← 2039412566650201.mp4  → https://pub-893b4a6a607b4221a894bf861da7914e.r2.dev/2039412566650201.mp4
carried-forward  1016600137901431 c0  → https://pub-893b4a6a607b4221a894bf861da7914e.r2.dev/1016600137901431.mp4
carried-forward  1337840091790742 c0  → https://pub-893b4a6a607b4221a894bf861da7914e.r2.dev/1337840091790742.mp4
carried-forward  1700427231075832 c0  → https://pub-893b4a6a607b4221a894bf861da7914e.r2.dev/1700427231075832.mp4
uploaded         27373568072342287 c0  (video) ← 27373568072342287.mp4  → https://pub-893b4a6a607b4221a894bf861da7914e.r2.dev/27373568072342287.mp4
carried-forward  27452618647721236 c0  → https://pub-893b4a6a607b4221a894bf861da7914e.r2.dev/27452618647721236.mp4
carried-forward  1336049577946625 c0  → https://pub-893b4a6a607b4221a894bf861da7914e.r2.dev/1336049577946625.mp4
uploaded         1337668218548557 c0  (video) ← 1337668218548557.mp4  → https://pub-893b4a6a607b4221a894bf861da7914e.r2.dev/1337668218548557.mp4
carried-forward  3220717538115795 c0  → https://pub-893b4a6a607b4221a894bf861da7914e.r2.dev/3220717538115795.mp4
carried-forward  27200422259600892 c0  → https://pub-893b4a6a607b4221a894bf861da7914e.r2.dev/27200422259600892.mp4
uploaded         2301738637239103 c0  (video) ← 2301738637239103.mp4  → https://pub-893b4a6a607b4221a894bf861da7914e.r2.dev/2301738637239103.mp4
carried-forward  4224513657811159 c0  → https://pub-893b4a6a607b4221a894bf861da7914e.r2.dev/4224513657811159.mp4
uploaded         831092886606480 c0  (video) ← 831092886606480.mp4  → https://pub-893b4a6a607b4221a894bf861da7914e.r2.dev/831092886606480.mp4
carried-forward  1758100198713527 c0  → https://pub-893b4a6a607b4221a894bf861da7914e.r2.dev/1758100198713527.mp4
carried-forward  1389195766355934 c0  → https://pub-893b4a6a607b4221a894bf861da7914e.r2.dev/1389195766355934.mp4
carried-forward  1341466670688730 c0  → https://pub-893b4a6a607b4221a894bf861da7914e.r2.dev/1341466670688730.mp4
carried-forward  1022415973737778 c0  → https://pub-893b4a6a607b4221a894bf861da7914e.r2.dev/1022415973737778.mp4
carried-forward  986024980878185 c0  → https://pub-893b4a6a607b4221a894bf861da7914e.r2.dev/986024980878185.mp4
uploaded         1733247081228450 c0  (video) ← 1733247081228450.mp4  → https://pub-893b4a6a607b4221a894bf861da7914e.r2.dev/1733247081228450.mp4
uploaded         1045500287898156 c0  (video) ← 1045500287898156.mp4  → https://pub-893b4a6a607b4221a894bf861da7914e.r2.dev/1045500287898156.mp4
carried-forward  1337003871869972 c0  → https://pub-893b4a6a607b4221a894bf861da7914e.r2.dev/1337003871869972.mp4
uploaded         1330583959053128 c0  (video) ← 1330583959053128.mp4  → https://pub-893b4a6a607b4221a894bf861da7914e.r2.dev/1330583959053128.mp4
carried-forward  958995487133739 c0  → https://pub-893b4a6a607b4221a894bf861da7914e.r2.dev/958995487133739.mp4
carried-forward  928994186876825 c0  → https://pub-893b4a6a607b4221a894bf861da7914e.r2.dev/928994186876825.mp4
carried-forward  1032516832600196 c0  → https://pub-893b4a6a607b4221a894bf861da7914e.r2.dev/1032516832600196.mp4
uploaded         1516135953622417 c0  (video) ← 1516135953622417.mp4  → https://pub-893b4a6a607b4221a894bf861da7914e.r2.dev/1516135953622417.mp4
uploaded         1100399292660108 c0  (video) ← 1100399292660108.mp4  → https://pub-893b4a6a607b4221a894bf861da7914e.r2.dev/1100399292660108.mp4
uploaded         1318468093605981 c0  (video) ← 1318468093605981.mp4  → https://pub-893b4a6a607b4221a894bf861da7914e.r2.dev/1318468093605981.mp4
uploaded         1346576071007209 c0  (video) ← 1346576071007209.mp4  → https://pub-893b4a6a607b4221a894bf861da7914e.r2.dev/1346576071007209.mp4
carried-forward  3998525930448649 c0  → https://pub-893b4a6a607b4221a894bf861da7914e.r2.dev/3998525930448649.mp4
uploaded         876246278871299 c0  (video) ← 876246278871299.mp4  → https://pub-893b4a6a607b4221a894bf861da7914e.r2.dev/876246278871299.mp4
uploaded         2244310299637878 c0  (video) ← 2244310299637878.mp4  → https://pub-893b4a6a607b4221a894bf861da7914e.r2.dev/2244310299637878.mp4
uploaded         2216824899072586 c0  (video) ← 2216824899072586.mp4  → https://pub-893b4a6a607b4221a894bf861da7914e.r2.dev/2216824899072586.mp4
uploaded         1586688439739874 c0  (video) ← 1586688439739874.mp4  → https://pub-893b4a6a607b4221a894bf861da7914e.r2.dev/1586688439739874.mp4
uploaded         1646364236435916 c0  (video) ← 1646364236435916.mp4  → https://pub-893b4a6a607b4221a894bf861da7914e.r2.dev/1646364236435916.mp4
uploaded         1872503484122617 c0  (video) ← 1872503484122617.mp4  → https://pub-893b4a6a607b4221a894bf861da7914e.r2.dev/1872503484122617.mp4
uploaded         2835919553430571 c0  (video) ← 2835919553430571.mp4  → https://pub-893b4a6a607b4221a894bf861da7914e.r2.dev/2835919553430571.mp4
uploaded         3574217732726236 c0  (video) ← 3574217732726236.mp4  → https://pub-893b4a6a607b4221a894bf861da7914e.r2.dev/3574217732726236.mp4
uploaded         1033719695837761 c0  (video) ← 1033719695837761.mp4  → https://pub-893b4a6a607b4221a894bf861da7914e.r2.dev/1033719695837761.mp4
uploaded         1315978173578913 c0  (video) ← 1315978173578913.mp4  → https://pub-893b4a6a607b4221a894bf861da7914e.r2.dev/1315978173578913.mp4
uploaded         1343397883899179 c0  (video) ← 1343397883899179.mp4  → https://pub-893b4a6a607b4221a894bf861da7914e.r2.dev/1343397883899179.mp4
uploaded         1576216020967609 c0  (video) ← 1576216020967609.mp4  → https://pub-893b4a6a607b4221a894bf861da7914e.r2.dev/1576216020967609.mp4
