# Step 3 run log
# competitor : lingo-ai
# started_at : 2026-07-13T13:41:42
# input      : facebook/inputs/fb-ads-lingo-ai-2026-07-13-1333.csv
# videos     : facebook/videos/lingo-ai-2026-07-13
# master     : facebook/master/lingo-ai.csv  (updated)
# enriched   : facebook/inputs/fb-ads-lingo-ai-2026-07-13-1333_enriched.csv
# bucket     : video-ads
# public_base: https://pub-893b4a6a607b4221a894bf861da7914e.r2.dev
# dry_run    : False
#
# counts     : {'uploaded': 86, 'carried-forward': 138, 'image-pending': 0, 'video-missing': 1, 'no-creative': 0, 'error': 0}
#
carried-forward  1038854211901779 c0  → https://pub-893b4a6a607b4221a894bf861da7914e.r2.dev/1038854211901779.mp4
video-missing    1038854211901779 c0  (expected file not found in facebook/videos/lingo-ai-2026-07-13)
carried-forward  1586245716244003 c0  → https://pub-893b4a6a607b4221a894bf861da7914e.r2.dev/1586245716244003.mp4
carried-forward  1093823739826634 c0  → https://pub-893b4a6a607b4221a894bf861da7914e.r2.dev/1093823739826634.mp4
carried-forward  1962277031827815 c0  → https://pub-893b4a6a607b4221a894bf861da7914e.r2.dev/1962277031827815.mp4
carried-forward  1003526658752736 c0  → https://pub-893b4a6a607b4221a894bf861da7914e.r2.dev/1003526658752736.mp4
carried-forward  2817216648647618 c0  → https://pub-893b4a6a607b4221a894bf861da7914e.r2.dev/2817216648647618.mp4
carried-forward  1651336692836508 c0  → https://pub-893b4a6a607b4221a894bf861da7914e.r2.dev/1651336692836508.mp4
carried-forward  861649606640914 c0  → https://pub-893b4a6a607b4221a894bf861da7914e.r2.dev/861649606640914.mp4
carried-forward  1336448118024889 c0  → https://pub-893b4a6a607b4221a894bf861da7914e.r2.dev/1336448118024889.mp4
carried-forward  1683265226128164 c0  → https://pub-893b4a6a607b4221a894bf861da7914e.r2.dev/1683265226128164.mp4
carried-forward  1312402474407625 c0  → https://pub-893b4a6a607b4221a894bf861da7914e.r2.dev/1312402474407625.mp4
carried-forward  1334703498047853 c0  → https://pub-893b4a6a607b4221a894bf861da7914e.r2.dev/1334703498047853.mp4
carried-forward  993382163488187 c0  → https://pub-893b4a6a607b4221a894bf861da7914e.r2.dev/993382163488187.mp4
carried-forward  27223086024028518 c0  → https://pub-893b4a6a607b4221a894bf861da7914e.r2.dev/27223086024028518.mp4
carried-forward  1700473561187346 c0  → https://pub-893b4a6a607b4221a894bf861da7914e.r2.dev/1700473561187346.mp4
carried-forward  1045500287898156 c0  → https://pub-893b4a6a607b4221a894bf861da7914e.r2.dev/1045500287898156.mp4
carried-forward  1919347278781942 c0  → https://pub-893b4a6a607b4221a894bf861da7914e.r2.dev/1919347278781942.mp4
carried-forward  1006880602208933 c0  → https://pub-893b4a6a607b4221a894bf861da7914e.r2.dev/1006880602208933.mp4
carried-forward  1402910178342547 c0  → https://pub-893b4a6a607b4221a894bf861da7914e.r2.dev/1402910178342547.mp4
carried-forward  2223760955053163 c0  → https://pub-893b4a6a607b4221a894bf861da7914e.r2.dev/2223760955053163.mp4
carried-forward  2019382318667999 c0  → https://pub-893b4a6a607b4221a894bf861da7914e.r2.dev/2019382318667999.mp4
carried-forward  4494315040857752 c0  → https://pub-893b4a6a607b4221a894bf861da7914e.r2.dev/4494315040857752.mp4
carried-forward  1699898057920736 c0  → https://pub-893b4a6a607b4221a894bf861da7914e.r2.dev/1699898057920736.mp4
carried-forward  1037404378858206 c0  → https://pub-893b4a6a607b4221a894bf861da7914e.r2.dev/1037404378858206.mp4
carried-forward  2253769662106911 c0  → https://pub-893b4a6a607b4221a894bf861da7914e.r2.dev/2253769662106911.mp4
carried-forward  1606914717526779 c0  → https://pub-893b4a6a607b4221a894bf861da7914e.r2.dev/1606914717526779.mp4
carried-forward  1972127246813621 c0  → https://pub-893b4a6a607b4221a894bf861da7914e.r2.dev/1972127246813621.mp4
carried-forward  1320259926955388 c0  → https://pub-893b4a6a607b4221a894bf861da7914e.r2.dev/1320259926955388.mp4
carried-forward  1543107963869133 c0  → https://pub-893b4a6a607b4221a894bf861da7914e.r2.dev/1543107963869133.mp4
carried-forward  1038960765740921 c0  → https://pub-893b4a6a607b4221a894bf861da7914e.r2.dev/1038960765740921.mp4
carried-forward  927001883738955 c0  → https://pub-893b4a6a607b4221a894bf861da7914e.r2.dev/927001883738955.mp4
carried-forward  876256078890716 c0  → https://pub-893b4a6a607b4221a894bf861da7914e.r2.dev/876256078890716.mp4
carried-forward  1196805302586861 c0  → https://pub-893b4a6a607b4221a894bf861da7914e.r2.dev/1196805302586861.mp4
carried-forward  1555307446033768 c0  → https://pub-893b4a6a607b4221a894bf861da7914e.r2.dev/1555307446033768.mp4
carried-forward  4563175387238880 c0  → https://pub-893b4a6a607b4221a894bf861da7914e.r2.dev/4563175387238880.mp4
carried-forward  2565741070509053 c0  → https://pub-893b4a6a607b4221a894bf861da7914e.r2.dev/2565741070509053.mp4
carried-forward  1705366507331909 c0  → https://pub-893b4a6a607b4221a894bf861da7914e.r2.dev/1705366507331909.mp4
carried-forward  1506922147561152 c0  → https://pub-893b4a6a607b4221a894bf861da7914e.r2.dev/1506922147561152.mp4
carried-forward  1542381087664169 c0  → https://pub-893b4a6a607b4221a894bf861da7914e.r2.dev/1542381087664169.mp4
carried-forward  2134439107466829 c0  → https://pub-893b4a6a607b4221a894bf861da7914e.r2.dev/2134439107466829.mp4
carried-forward  1609843680737239 c0  → https://pub-893b4a6a607b4221a894bf861da7914e.r2.dev/1609843680737239.mp4
carried-forward  1036575242203841 c0  → https://pub-893b4a6a607b4221a894bf861da7914e.r2.dev/1036575242203841.mp4
carried-forward  898871176564000 c0  → https://pub-893b4a6a607b4221a894bf861da7914e.r2.dev/898871176564000.mp4
carried-forward  2216824899072586 c0  → https://pub-893b4a6a607b4221a894bf861da7914e.r2.dev/2216824899072586.mp4
carried-forward  1633628567704710 c0  → https://pub-893b4a6a607b4221a894bf861da7914e.r2.dev/1633628567704710.mp4
carried-forward  2076022413797975 c0  → https://pub-893b4a6a607b4221a894bf861da7914e.r2.dev/2076022413797975.mp4
carried-forward  1731350314547390 c0  → https://pub-893b4a6a607b4221a894bf861da7914e.r2.dev/1731350314547390.mp4
carried-forward  1691784178829769 c0  → https://pub-893b4a6a607b4221a894bf861da7914e.r2.dev/1691784178829769.mp4
carried-forward  1533349715150736 c0  → https://pub-893b4a6a607b4221a894bf861da7914e.r2.dev/1533349715150736.mp4
carried-forward  1737720157248252 c0  → https://pub-893b4a6a607b4221a894bf861da7914e.r2.dev/1737720157248252.mp4
carried-forward  878207795333026 c0  → https://pub-893b4a6a607b4221a894bf861da7914e.r2.dev/878207795333026.mp4
carried-forward  1735192437671922 c0  → https://pub-893b4a6a607b4221a894bf861da7914e.r2.dev/1735192437671922.mp4
carried-forward  4252978928346557 c0  → https://pub-893b4a6a607b4221a894bf861da7914e.r2.dev/4252978928346557.mp4
carried-forward  1032381292979378 c0  → https://pub-893b4a6a607b4221a894bf861da7914e.r2.dev/1032381292979378.mp4
carried-forward  1035971962252837 c0  → https://pub-893b4a6a607b4221a894bf861da7914e.r2.dev/1035971962252837.mp4
carried-forward  2077032929915956 c0  → https://pub-893b4a6a607b4221a894bf861da7914e.r2.dev/2077032929915956.mp4
carried-forward  2153258851904762 c0  → https://pub-893b4a6a607b4221a894bf861da7914e.r2.dev/2153258851904762.mp4
carried-forward  1583929746697634 c0  → https://pub-893b4a6a607b4221a894bf861da7914e.r2.dev/1583929746697634.mp4
carried-forward  1332107031680751 c0  → https://pub-893b4a6a607b4221a894bf861da7914e.r2.dev/1332107031680751.mp4
carried-forward  1929767137611529 c0  → https://pub-893b4a6a607b4221a894bf861da7914e.r2.dev/1929767137611529.mp4
carried-forward  2085395099082017 c0  → https://pub-893b4a6a607b4221a894bf861da7914e.r2.dev/2085395099082017.mp4
carried-forward  1915386352474119 c0  → https://pub-893b4a6a607b4221a894bf861da7914e.r2.dev/1915386352474119.mp4
uploaded         980504521648986 c0  (video) ← 980504521648986.mp4  → https://pub-893b4a6a607b4221a894bf861da7914e.r2.dev/980504521648986.mp4
carried-forward  1574457477430487 c0  → https://pub-893b4a6a607b4221a894bf861da7914e.r2.dev/1574457477430487.mp4
carried-forward  4675112942774885 c0  → https://pub-893b4a6a607b4221a894bf861da7914e.r2.dev/4675112942774885.mp4
carried-forward  1343730573811486 c0  → https://pub-893b4a6a607b4221a894bf861da7914e.r2.dev/1343730573811486.mp4
carried-forward  1532901558303092 c0  → https://pub-893b4a6a607b4221a894bf861da7914e.r2.dev/1532901558303092.mp4
carried-forward  3340516169466059 c0  → https://pub-893b4a6a607b4221a894bf861da7914e.r2.dev/3340516169466059.mp4
carried-forward  2803714463336846 c0  → https://pub-893b4a6a607b4221a894bf861da7914e.r2.dev/2803714463336846.mp4
carried-forward  1663926744681954 c0  → https://pub-893b4a6a607b4221a894bf861da7914e.r2.dev/1663926744681954.mp4
carried-forward  1821063475538897 c0  → https://pub-893b4a6a607b4221a894bf861da7914e.r2.dev/1821063475538897.mp4
carried-forward  1415999857029783 c0  → https://pub-893b4a6a607b4221a894bf861da7914e.r2.dev/1415999857029783.mp4
carried-forward  1561874152143403 c0  → https://pub-893b4a6a607b4221a894bf861da7914e.r2.dev/1561874152143403.mp4
carried-forward  864884643351667 c0  → https://pub-893b4a6a607b4221a894bf861da7914e.r2.dev/864884643351667.mp4
carried-forward  2013049059297231 c0  → https://pub-893b4a6a607b4221a894bf861da7914e.r2.dev/2013049059297231.mp4
carried-forward  1069174625775853 c0  → https://pub-893b4a6a607b4221a894bf861da7914e.r2.dev/1069174625775853.mp4
carried-forward  1539898520838626 c0  → https://pub-893b4a6a607b4221a894bf861da7914e.r2.dev/1539898520838626.mp4
carried-forward  2654198474977868 c0  → https://pub-893b4a6a607b4221a894bf861da7914e.r2.dev/2654198474977868.mp4
carried-forward  1754835955688580 c0  → https://pub-893b4a6a607b4221a894bf861da7914e.r2.dev/1754835955688580.mp4
carried-forward  826967597018641 c0  → https://pub-893b4a6a607b4221a894bf861da7914e.r2.dev/826967597018641.mp4
carried-forward  1439572961529603 c0  → https://pub-893b4a6a607b4221a894bf861da7914e.r2.dev/1439572961529603.mp4
carried-forward  1522131736306902 c0  → https://pub-893b4a6a607b4221a894bf861da7914e.r2.dev/1522131736306902.mp4
carried-forward  831151359935196 c0  → https://pub-893b4a6a607b4221a894bf861da7914e.r2.dev/831151359935196.mp4
carried-forward  1778942330132715 c0  → https://pub-893b4a6a607b4221a894bf861da7914e.r2.dev/1778942330132715.mp4
carried-forward  27350423597950324 c0  → https://pub-893b4a6a607b4221a894bf861da7914e.r2.dev/27350423597950324.mp4
uploaded         1029874669528691 c0  (video) ← 1029874669528691.mp4  → https://pub-893b4a6a607b4221a894bf861da7914e.r2.dev/1029874669528691.mp4
carried-forward  27171113109254491 c0  → https://pub-893b4a6a607b4221a894bf861da7914e.r2.dev/27171113109254491.mp4
carried-forward  1028449009853941 c0  → https://pub-893b4a6a607b4221a894bf861da7914e.r2.dev/1028449009853941.mp4
carried-forward  1060355273110030 c0  → https://pub-893b4a6a607b4221a894bf861da7914e.r2.dev/1060355273110030.mp4
uploaded         2213527086164341 c0  (video) ← 2213527086164341.mp4  → https://pub-893b4a6a607b4221a894bf861da7914e.r2.dev/2213527086164341.mp4
carried-forward  1102346855789311 c0  → https://pub-893b4a6a607b4221a894bf861da7914e.r2.dev/1102346855789311.mp4
carried-forward  1665570207993946 c0  → https://pub-893b4a6a607b4221a894bf861da7914e.r2.dev/1665570207993946.mp4
uploaded         1718608866127510 c0  (video) ← 1718608866127510.mp4  → https://pub-893b4a6a607b4221a894bf861da7914e.r2.dev/1718608866127510.mp4
uploaded         1010150655325746 c0  (video) ← 1010150655325746.mp4  → https://pub-893b4a6a607b4221a894bf861da7914e.r2.dev/1010150655325746.mp4
uploaded         1019762410809692 c0  (video) ← 1019762410809692.mp4  → https://pub-893b4a6a607b4221a894bf861da7914e.r2.dev/1019762410809692.mp4
carried-forward  2367898560406946 c0  → https://pub-893b4a6a607b4221a894bf861da7914e.r2.dev/2367898560406946.mp4
carried-forward  2276444916498087 c0  → https://pub-893b4a6a607b4221a894bf861da7914e.r2.dev/2276444916498087.mp4
uploaded         1389345319773928 c0  (video) ← 1389345319773928.mp4  → https://pub-893b4a6a607b4221a894bf861da7914e.r2.dev/1389345319773928.mp4
uploaded         1972790910100281 c0  (video) ← 1972790910100281.mp4  → https://pub-893b4a6a607b4221a894bf861da7914e.r2.dev/1972790910100281.mp4
uploaded         924197997356011 c0  (video) ← 924197997356011.mp4  → https://pub-893b4a6a607b4221a894bf861da7914e.r2.dev/924197997356011.mp4
uploaded         1018761537465795 c0  (video) ← 1018761537465795.mp4  → https://pub-893b4a6a607b4221a894bf861da7914e.r2.dev/1018761537465795.mp4
carried-forward  1264112379002091 c0  → https://pub-893b4a6a607b4221a894bf861da7914e.r2.dev/1264112379002091.mp4
carried-forward  2004918717053281 c0  → https://pub-893b4a6a607b4221a894bf861da7914e.r2.dev/2004918717053281.mp4
carried-forward  1227138466187768 c0  → https://pub-893b4a6a607b4221a894bf861da7914e.r2.dev/1227138466187768.mp4
carried-forward  1570029704755560 c0  → https://pub-893b4a6a607b4221a894bf861da7914e.r2.dev/1570029704755560.mp4
uploaded         1010859031927116 c0  (video) ← 1010859031927116.mp4  → https://pub-893b4a6a607b4221a894bf861da7914e.r2.dev/1010859031927116.mp4
carried-forward  1967353097232627 c0  → https://pub-893b4a6a607b4221a894bf861da7914e.r2.dev/1967353097232627.mp4
carried-forward  1620690590064291 c0  → https://pub-893b4a6a607b4221a894bf861da7914e.r2.dev/1620690590064291.mp4
uploaded         997943256547506 c0  (video) ← 997943256547506.mp4  → https://pub-893b4a6a607b4221a894bf861da7914e.r2.dev/997943256547506.mp4
carried-forward  1635215360918989 c0  → https://pub-893b4a6a607b4221a894bf861da7914e.r2.dev/1635215360918989.mp4
carried-forward  888239487656454 c0  → https://pub-893b4a6a607b4221a894bf861da7914e.r2.dev/888239487656454.mp4
carried-forward  2815498448806265 c0  → https://pub-893b4a6a607b4221a894bf861da7914e.r2.dev/2815498448806265.mp4
uploaded         1026852189708585 c0  (video) ← 1026852189708585.mp4  → https://pub-893b4a6a607b4221a894bf861da7914e.r2.dev/1026852189708585.mp4
carried-forward  1336049577946625 c0  → https://pub-893b4a6a607b4221a894bf861da7914e.r2.dev/1336049577946625.mp4
carried-forward  1016181760769430 c0  → https://pub-893b4a6a607b4221a894bf861da7914e.r2.dev/1016181760769430.mp4
uploaded         1676898560084213 c0  (video) ← 1676898560084213.mp4  → https://pub-893b4a6a607b4221a894bf861da7914e.r2.dev/1676898560084213.mp4
carried-forward  3155628847962719 c0  → https://pub-893b4a6a607b4221a894bf861da7914e.r2.dev/3155628847962719.mp4
uploaded         1026513086763549 c0  (video) ← 1026513086763549.mp4  → https://pub-893b4a6a607b4221a894bf861da7914e.r2.dev/1026513086763549.mp4
carried-forward  1016600137901431 c0  → https://pub-893b4a6a607b4221a894bf861da7914e.r2.dev/1016600137901431.mp4
carried-forward  1700427231075832 c0  → https://pub-893b4a6a607b4221a894bf861da7914e.r2.dev/1700427231075832.mp4
uploaded         1549979203437190 c0  (video) ← 1549979203437190.mp4  → https://pub-893b4a6a607b4221a894bf861da7914e.r2.dev/1549979203437190.mp4
carried-forward  1476996661108631 c0  → https://pub-893b4a6a607b4221a894bf861da7914e.r2.dev/1476996661108631.mp4
carried-forward  1566755251808699 c0  → https://pub-893b4a6a607b4221a894bf861da7914e.r2.dev/1566755251808699.mp4
uploaded         1915694586056751 c0  (video) ← 1915694586056751.mp4  → https://pub-893b4a6a607b4221a894bf861da7914e.r2.dev/1915694586056751.mp4
uploaded         1385904876922075 c0  (video) ← 1385904876922075.mp4  → https://pub-893b4a6a607b4221a894bf861da7914e.r2.dev/1385904876922075.mp4
uploaded         884387904724715 c0  (video) ← 884387904724715.mp4  → https://pub-893b4a6a607b4221a894bf861da7914e.r2.dev/884387904724715.mp4
uploaded         2120495222156576 c0  (video) ← 2120495222156576.mp4  → https://pub-893b4a6a607b4221a894bf861da7914e.r2.dev/2120495222156576.mp4
uploaded         1064030316579202 c0  (video) ← 1064030316579202.mp4  → https://pub-893b4a6a607b4221a894bf861da7914e.r2.dev/1064030316579202.mp4
uploaded         1719043976081586 c0  (video) ← 1719043976081586.mp4  → https://pub-893b4a6a607b4221a894bf861da7914e.r2.dev/1719043976081586.mp4
uploaded         4419123344997588 c0  (video) ← 4419123344997588.mp4  → https://pub-893b4a6a607b4221a894bf861da7914e.r2.dev/4419123344997588.mp4
carried-forward  1347209950391613 c0  → https://pub-893b4a6a607b4221a894bf861da7914e.r2.dev/1347209950391613.mp4
uploaded         820859030991358 c0  (video) ← 820859030991358.mp4  → https://pub-893b4a6a607b4221a894bf861da7914e.r2.dev/820859030991358.mp4
uploaded         963292413409350 c0  (video) ← 963292413409350.mp4  → https://pub-893b4a6a607b4221a894bf861da7914e.r2.dev/963292413409350.mp4
carried-forward  3220717538115795 c0  → https://pub-893b4a6a607b4221a894bf861da7914e.r2.dev/3220717538115795.mp4
carried-forward  27200422259600892 c0  → https://pub-893b4a6a607b4221a894bf861da7914e.r2.dev/27200422259600892.mp4
uploaded         2489016724907342 c0  (video) ← 2489016724907342.mp4  → https://pub-893b4a6a607b4221a894bf861da7914e.r2.dev/2489016724907342.mp4
uploaded         1502905814452626 c0  (video) ← 1502905814452626.mp4  → https://pub-893b4a6a607b4221a894bf861da7914e.r2.dev/1502905814452626.mp4
carried-forward  1561681932015617 c0  → https://pub-893b4a6a607b4221a894bf861da7914e.r2.dev/1561681932015617.mp4
uploaded         4552514225028980 c0  (video) ← 4552514225028980.mp4  → https://pub-893b4a6a607b4221a894bf861da7914e.r2.dev/4552514225028980.mp4
uploaded         1771372270977243 c0  (video) ← 1771372270977243.mp4  → https://pub-893b4a6a607b4221a894bf861da7914e.r2.dev/1771372270977243.mp4
carried-forward  986024980878185 c0  → https://pub-893b4a6a607b4221a894bf861da7914e.r2.dev/986024980878185.mp4
carried-forward  1027348283545347 c0  → https://pub-893b4a6a607b4221a894bf861da7914e.r2.dev/1027348283545347.mp4
uploaded         1044535108039246 c0  (video) ← 1044535108039246.mp4  → https://pub-893b4a6a607b4221a894bf861da7914e.r2.dev/1044535108039246.mp4
uploaded         2144082059484903 c0  (video) ← 2144082059484903.mp4  → https://pub-893b4a6a607b4221a894bf861da7914e.r2.dev/2144082059484903.mp4
carried-forward  1009169425229780 c0  → https://pub-893b4a6a607b4221a894bf861da7914e.r2.dev/1009169425229780.mp4
uploaded         1530447044598109 c0  (video) ← 1530447044598109.mp4  → https://pub-893b4a6a607b4221a894bf861da7914e.r2.dev/1530447044598109.mp4
uploaded         1570066971479022 c0  (video) ← 1570066971479022.mp4  → https://pub-893b4a6a607b4221a894bf861da7914e.r2.dev/1570066971479022.mp4
uploaded         1608364687288534 c0  (video) ← 1608364687288534.mp4  → https://pub-893b4a6a607b4221a894bf861da7914e.r2.dev/1608364687288534.mp4
uploaded         1515198653680841 c0  (video) ← 1515198653680841.mp4  → https://pub-893b4a6a607b4221a894bf861da7914e.r2.dev/1515198653680841.mp4
carried-forward  27685049227770194 c0  → https://pub-893b4a6a607b4221a894bf861da7914e.r2.dev/27685049227770194.mp4
carried-forward  958995487133739 c0  → https://pub-893b4a6a607b4221a894bf861da7914e.r2.dev/958995487133739.mp4
carried-forward  1021961830212223 c0  → https://pub-893b4a6a607b4221a894bf861da7914e.r2.dev/1021961830212223.mp4
uploaded         2068914530410657 c0  (video) ← 2068914530410657.mp4  → https://pub-893b4a6a607b4221a894bf861da7914e.r2.dev/2068914530410657.mp4
uploaded         964322149967207 c0  (video) ← 964322149967207.mp4  → https://pub-893b4a6a607b4221a894bf861da7914e.r2.dev/964322149967207.mp4
uploaded         2107095693238112 c0  (video) ← 2107095693238112.mp4  → https://pub-893b4a6a607b4221a894bf861da7914e.r2.dev/2107095693238112.mp4
uploaded         1394925965814063 c0  (video) ← 1394925965814063.mp4  → https://pub-893b4a6a607b4221a894bf861da7914e.r2.dev/1394925965814063.mp4
uploaded         1923184215026763 c0  (video) ← 1923184215026763.mp4  → https://pub-893b4a6a607b4221a894bf861da7914e.r2.dev/1923184215026763.mp4
uploaded         913894174302608 c0  (video) ← 913894174302608.mp4  → https://pub-893b4a6a607b4221a894bf861da7914e.r2.dev/913894174302608.mp4
uploaded         1712701976599588 c0  (video) ← 1712701976599588.mp4  → https://pub-893b4a6a607b4221a894bf861da7914e.r2.dev/1712701976599588.mp4
uploaded         1727927848336552 c0  (video) ← 1727927848336552.mp4  → https://pub-893b4a6a607b4221a894bf861da7914e.r2.dev/1727927848336552.mp4
uploaded         2269866743840712 c0  (video) ← 2269866743840712.mp4  → https://pub-893b4a6a607b4221a894bf861da7914e.r2.dev/2269866743840712.mp4
carried-forward  1011509568312752 c0  → https://pub-893b4a6a607b4221a894bf861da7914e.r2.dev/1011509568312752.mp4
uploaded         2064747324489069 c0  (video) ← 2064747324489069.mp4  → https://pub-893b4a6a607b4221a894bf861da7914e.r2.dev/2064747324489069.mp4
uploaded         4351650385148221 c0  (video) ← 4351650385148221.mp4  → https://pub-893b4a6a607b4221a894bf861da7914e.r2.dev/4351650385148221.mp4
uploaded         964768093282939 c0  (video) ← 964768093282939.mp4  → https://pub-893b4a6a607b4221a894bf861da7914e.r2.dev/964768093282939.mp4
uploaded         1031020592900375 c0  (video) ← 1031020592900375.mp4  → https://pub-893b4a6a607b4221a894bf861da7914e.r2.dev/1031020592900375.mp4
carried-forward  1556283036216137 c0  → https://pub-893b4a6a607b4221a894bf861da7914e.r2.dev/1556283036216137.mp4
carried-forward  1598260625282277 c0  → https://pub-893b4a6a607b4221a894bf861da7914e.r2.dev/1598260625282277.mp4
uploaded         1688693412388591 c0  (video) ← 1688693412388591.mp4  → https://pub-893b4a6a607b4221a894bf861da7914e.r2.dev/1688693412388591.mp4
carried-forward  1828325671944421 c0  → https://pub-893b4a6a607b4221a894bf861da7914e.r2.dev/1828325671944421.mp4
carried-forward  1300113352290551 c0  → https://pub-893b4a6a607b4221a894bf861da7914e.r2.dev/1300113352290551.mp4
carried-forward  1331149945806050 c0  → https://pub-893b4a6a607b4221a894bf861da7914e.r2.dev/1331149945806050.mp4
uploaded         1529973768622732 c0  (video) ← 1529973768622732.mp4  → https://pub-893b4a6a607b4221a894bf861da7914e.r2.dev/1529973768622732.mp4
uploaded         1727267521731812 c0  (video) ← 1727267521731812.mp4  → https://pub-893b4a6a607b4221a894bf861da7914e.r2.dev/1727267521731812.mp4
carried-forward  1360591792698190 c0  → https://pub-893b4a6a607b4221a894bf861da7914e.r2.dev/1360591792698190.mp4
uploaded         1561920945333809 c0  (video) ← 1561920945333809.mp4  → https://pub-893b4a6a607b4221a894bf861da7914e.r2.dev/1561920945333809.mp4
carried-forward  1749737806164983 c0  → https://pub-893b4a6a607b4221a894bf861da7914e.r2.dev/1749737806164983.mp4
uploaded         2158953008333423 c0  (video) ← 2158953008333423.mp4  → https://pub-893b4a6a607b4221a894bf861da7914e.r2.dev/2158953008333423.mp4
carried-forward  2410715992747792 c0  → https://pub-893b4a6a607b4221a894bf861da7914e.r2.dev/2410715992747792.mp4
uploaded         1044959871308580 c0  (video) ← 1044959871308580.mp4  → https://pub-893b4a6a607b4221a894bf861da7914e.r2.dev/1044959871308580.mp4
uploaded         1059509843683317 c0  (video) ← 1059509843683317.mp4  → https://pub-893b4a6a607b4221a894bf861da7914e.r2.dev/1059509843683317.mp4
uploaded         1349085806673944 c0  (video) ← 1349085806673944.mp4  → https://pub-893b4a6a607b4221a894bf861da7914e.r2.dev/1349085806673944.mp4
uploaded         1602516684621660 c0  (video) ← 1602516684621660.mp4  → https://pub-893b4a6a607b4221a894bf861da7914e.r2.dev/1602516684621660.mp4
uploaded         1642039920197488 c0  (video) ← 1642039920197488.mp4  → https://pub-893b4a6a607b4221a894bf861da7914e.r2.dev/1642039920197488.mp4
carried-forward  1676195966972808 c0  → https://pub-893b4a6a607b4221a894bf861da7914e.r2.dev/1676195966972808.mp4
uploaded         4225288561068493 c0  (video) ← 4225288561068493.mp4  → https://pub-893b4a6a607b4221a894bf861da7914e.r2.dev/4225288561068493.mp4
uploaded         1020126547678179 c0  (video) ← 1020126547678179.mp4  → https://pub-893b4a6a607b4221a894bf861da7914e.r2.dev/1020126547678179.mp4
carried-forward  1350665050600421 c0  → https://pub-893b4a6a607b4221a894bf861da7914e.r2.dev/1350665050600421.mp4
uploaded         2000913570552724 c0  (video) ← 2000913570552724.mp4  → https://pub-893b4a6a607b4221a894bf861da7914e.r2.dev/2000913570552724.mp4
uploaded         2101679867373066 c0  (video) ← 2101679867373066.mp4  → https://pub-893b4a6a607b4221a894bf861da7914e.r2.dev/2101679867373066.mp4
uploaded         2130126950885412 c0  (video) ← 2130126950885412.mp4  → https://pub-893b4a6a607b4221a894bf861da7914e.r2.dev/2130126950885412.mp4
uploaded         3166678570197944 c0  (video) ← 3166678570197944.mp4  → https://pub-893b4a6a607b4221a894bf861da7914e.r2.dev/3166678570197944.mp4
uploaded         916714691479120 c0  (video) ← 916714691479120.mp4  → https://pub-893b4a6a607b4221a894bf861da7914e.r2.dev/916714691479120.mp4
uploaded         1338517971747259 c0  (video) ← 1338517971747259.mp4  → https://pub-893b4a6a607b4221a894bf861da7914e.r2.dev/1338517971747259.mp4
carried-forward  1504606731349427 c0  → https://pub-893b4a6a607b4221a894bf861da7914e.r2.dev/1504606731349427.mp4
uploaded         1531704258501696 c0  (video) ← 1531704258501696.mp4  → https://pub-893b4a6a607b4221a894bf861da7914e.r2.dev/1531704258501696.mp4
uploaded         2019186962022913 c0  (video) ← 2019186962022913.mp4  → https://pub-893b4a6a607b4221a894bf861da7914e.r2.dev/2019186962022913.mp4
uploaded         2022419928481257 c0  (video) ← 2022419928481257.mp4  → https://pub-893b4a6a607b4221a894bf861da7914e.r2.dev/2022419928481257.mp4
uploaded         2153135708876987 c0  (video) ← 2153135708876987.mp4  → https://pub-893b4a6a607b4221a894bf861da7914e.r2.dev/2153135708876987.mp4
carried-forward  2241143646686335 c0  → https://pub-893b4a6a607b4221a894bf861da7914e.r2.dev/2241143646686335.mp4
carried-forward  3641043652700023 c0  → https://pub-893b4a6a607b4221a894bf861da7914e.r2.dev/3641043652700023.mp4
carried-forward  27530590489886828 c0  → https://pub-893b4a6a607b4221a894bf861da7914e.r2.dev/27530590489886828.mp4
carried-forward  789773407491375 c0  → https://pub-893b4a6a607b4221a894bf861da7914e.r2.dev/789773407491375.mp4
uploaded         1588598465941159 c0  (video) ← 1588598465941159.mp4  → https://pub-893b4a6a607b4221a894bf861da7914e.r2.dev/1588598465941159.mp4
uploaded         1593425012356611 c0  (video) ← 1593425012356611.mp4  → https://pub-893b4a6a607b4221a894bf861da7914e.r2.dev/1593425012356611.mp4
uploaded         1665212694751723 c0  (video) ← 1665212694751723.mp4  → https://pub-893b4a6a607b4221a894bf861da7914e.r2.dev/1665212694751723.mp4
carried-forward  1686280909298309 c0  → https://pub-893b4a6a607b4221a894bf861da7914e.r2.dev/1686280909298309.mp4
uploaded         2428069614269621 c0  (video) ← 2428069614269621.mp4  → https://pub-893b4a6a607b4221a894bf861da7914e.r2.dev/2428069614269621.mp4
carried-forward  4373232079613595 c0  → https://pub-893b4a6a607b4221a894bf861da7914e.r2.dev/4373232079613595.mp4
uploaded         887926767107545 c0  (video) ← 887926767107545.mp4  → https://pub-893b4a6a607b4221a894bf861da7914e.r2.dev/887926767107545.mp4
uploaded         1013449491440748 c0  (video) ← 1013449491440748.mp4  → https://pub-893b4a6a607b4221a894bf861da7914e.r2.dev/1013449491440748.mp4
uploaded         1200885425498019 c0  (video) ← 1200885425498019.mp4  → https://pub-893b4a6a607b4221a894bf861da7914e.r2.dev/1200885425498019.mp4
uploaded         1249703134146540 c0  (video) ← 1249703134146540.mp4  → https://pub-893b4a6a607b4221a894bf861da7914e.r2.dev/1249703134146540.mp4
uploaded         1276334237721041 c0  (video) ← 1276334237721041.mp4  → https://pub-893b4a6a607b4221a894bf861da7914e.r2.dev/1276334237721041.mp4
uploaded         1337634014636988 c0  (video) ← 1337634014636988.mp4  → https://pub-893b4a6a607b4221a894bf861da7914e.r2.dev/1337634014636988.mp4
uploaded         1565790015329181 c0  (video) ← 1565790015329181.mp4  → https://pub-893b4a6a607b4221a894bf861da7914e.r2.dev/1565790015329181.mp4
carried-forward  1572033057645862 c0  → https://pub-893b4a6a607b4221a894bf861da7914e.r2.dev/1572033057645862.mp4
carried-forward  1580064567242969 c0  → https://pub-893b4a6a607b4221a894bf861da7914e.r2.dev/1580064567242969.mp4
uploaded         1592568998965890 c0  (video) ← 1592568998965890.mp4  → https://pub-893b4a6a607b4221a894bf861da7914e.r2.dev/1592568998965890.mp4
uploaded         1626946892111438 c0  (video) ← 1626946892111438.mp4  → https://pub-893b4a6a607b4221a894bf861da7914e.r2.dev/1626946892111438.mp4
carried-forward  1656177755464235 c0  → https://pub-893b4a6a607b4221a894bf861da7914e.r2.dev/1656177755464235.mp4
uploaded         1757175298641732 c0  (video) ← 1757175298641732.mp4  → https://pub-893b4a6a607b4221a894bf861da7914e.r2.dev/1757175298641732.mp4
uploaded         2182375915875746 c0  (video) ← 2182375915875746.mp4  → https://pub-893b4a6a607b4221a894bf861da7914e.r2.dev/2182375915875746.mp4
uploaded         2477354359407848 c0  (video) ← 2477354359407848.mp4  → https://pub-893b4a6a607b4221a894bf861da7914e.r2.dev/2477354359407848.mp4
