# Step 3 run log
# competitor : lingo-ai
# started_at : 2026-07-24T13:35:09
# input      : facebook/inputs/fb-ads-lingo-ai-2026-07-24-1329.csv
# videos     : facebook/videos/lingo-ai-2026-07-24
# master     : facebook/master/lingo-ai.csv  (updated)
# enriched   : facebook/inputs/fb-ads-lingo-ai-2026-07-24-1329_enriched.csv
# bucket     : video-ads
# public_base: https://pub-893b4a6a607b4221a894bf861da7914e.r2.dev
# dry_run    : False
#
# counts     : {'uploaded': 59, 'carried-forward': 116, 'image-pending': 0, 'video-missing': 4, 'no-creative': 0, 'error': 0}
#
carried-forward  2817216648647618 c0  → https://pub-893b4a6a607b4221a894bf861da7914e.r2.dev/2817216648647618.mp4
carried-forward  1093823739826634 c0  → https://pub-893b4a6a607b4221a894bf861da7914e.r2.dev/1093823739826634.mp4
carried-forward  861649606640914 c0  → https://pub-893b4a6a607b4221a894bf861da7914e.r2.dev/861649606640914.mp4
carried-forward  1387668796571355 c0  → https://pub-893b4a6a607b4221a894bf861da7914e.r2.dev/1387668796571355.mp4
video-missing    1387668796571355 c0  (expected file not found in facebook/videos/lingo-ai-2026-07-24)
carried-forward  2164854557777767 c0  → https://pub-893b4a6a607b4221a894bf861da7914e.r2.dev/2164854557777767.mp4
carried-forward  2600560010378856 c0  → https://pub-893b4a6a607b4221a894bf861da7914e.r2.dev/2600560010378856.mp4
carried-forward  1734003744580617 c0  → https://pub-893b4a6a607b4221a894bf861da7914e.r2.dev/1734003744580617.mp4
carried-forward  1721159278776726 c0  → https://pub-893b4a6a607b4221a894bf861da7914e.r2.dev/1721159278776726.mp4
carried-forward  1972127246813621 c0  → https://pub-893b4a6a607b4221a894bf861da7914e.r2.dev/1972127246813621.mp4
carried-forward  4500326250214671 c0  → https://pub-893b4a6a607b4221a894bf861da7914e.r2.dev/4500326250214671.mp4
carried-forward  1502905814452626 c0  → https://pub-893b4a6a607b4221a894bf861da7914e.r2.dev/1502905814452626.mp4
carried-forward  2050192829225897 c0  → https://pub-893b4a6a607b4221a894bf861da7914e.r2.dev/2050192829225897.mp4
carried-forward  2079659836277553 c0  → https://pub-893b4a6a607b4221a894bf861da7914e.r2.dev/2079659836277553.mp4
carried-forward  2074376606622636 c0  → https://pub-893b4a6a607b4221a894bf861da7914e.r2.dev/2074376606622636.mp4
carried-forward  1806166717021524 c0  → https://pub-893b4a6a607b4221a894bf861da7914e.r2.dev/1806166717021524.mp4
video-missing    1806166717021524 c0  (expected file not found in facebook/videos/lingo-ai-2026-07-24)
carried-forward  2536056390190075 c0  → https://pub-893b4a6a607b4221a894bf861da7914e.r2.dev/2536056390190075.mp4
carried-forward  1368322611672051 c0  → https://pub-893b4a6a607b4221a894bf861da7914e.r2.dev/1368322611672051.mp4
carried-forward  1727809058542919 c0  → https://pub-893b4a6a607b4221a894bf861da7914e.r2.dev/1727809058542919.mp4
carried-forward  2221848241692614 c0  → https://pub-893b4a6a607b4221a894bf861da7914e.r2.dev/2221848241692614.mp4
video-missing    2221848241692614 c0  (expected file not found in facebook/videos/lingo-ai-2026-07-24)
carried-forward  1089637253920954 c0  → https://pub-893b4a6a607b4221a894bf861da7914e.r2.dev/1089637253920954.mp4
carried-forward  1357195453056140 c0  → https://pub-893b4a6a607b4221a894bf861da7914e.r2.dev/1357195453056140.mp4
carried-forward  1402910178342547 c0  → https://pub-893b4a6a607b4221a894bf861da7914e.r2.dev/1402910178342547.mp4
carried-forward  2223760955053163 c0  → https://pub-893b4a6a607b4221a894bf861da7914e.r2.dev/2223760955053163.mp4
carried-forward  3756433574499373 c0  → https://pub-893b4a6a607b4221a894bf861da7914e.r2.dev/3756433574499373.mp4
carried-forward  1049522830756864 c0  → https://pub-893b4a6a607b4221a894bf861da7914e.r2.dev/1049522830756864.mp4
carried-forward  27558293853823452 c0  → https://pub-893b4a6a607b4221a894bf861da7914e.r2.dev/27558293853823452.mp4
carried-forward  1022055827387997 c0  → https://pub-893b4a6a607b4221a894bf861da7914e.r2.dev/1022055827387997.mp4
carried-forward  1539898520838626 c0  → https://pub-893b4a6a607b4221a894bf861da7914e.r2.dev/1539898520838626.mp4
carried-forward  1644972694300693 c0  → https://pub-893b4a6a607b4221a894bf861da7914e.r2.dev/1644972694300693.mp4
carried-forward  28185666544351029 c0  → https://pub-893b4a6a607b4221a894bf861da7914e.r2.dev/28185666544351029.mp4
carried-forward  2094285581298721 c0  → https://pub-893b4a6a607b4221a894bf861da7914e.r2.dev/2094285581298721.mp4
carried-forward  2252109255523137 c0  → https://pub-893b4a6a607b4221a894bf861da7914e.r2.dev/2252109255523137.mp4
carried-forward  1044351131851612 c0  → https://pub-893b4a6a607b4221a894bf861da7914e.r2.dev/1044351131851612.mp4
carried-forward  1543107963869133 c0  → https://pub-893b4a6a607b4221a894bf861da7914e.r2.dev/1543107963869133.mp4
carried-forward  916224887426273 c0  → https://pub-893b4a6a607b4221a894bf861da7914e.r2.dev/916224887426273.mp4
carried-forward  1360155599371318 c0  → https://pub-893b4a6a607b4221a894bf861da7914e.r2.dev/1360155599371318.mp4
uploaded         1569224504739355 c0  (video) ← 1569224504739355.mp4  → https://pub-893b4a6a607b4221a894bf861da7914e.r2.dev/1569224504739355.mp4
carried-forward  945894515179068 c0  → https://pub-893b4a6a607b4221a894bf861da7914e.r2.dev/945894515179068.mp4
carried-forward  985383254463135 c0  → https://pub-893b4a6a607b4221a894bf861da7914e.r2.dev/985383254463135.mp4
carried-forward  1707361663638583 c0  → https://pub-893b4a6a607b4221a894bf861da7914e.r2.dev/1707361663638583.mp4
carried-forward  1593506989055593 c0  → https://pub-893b4a6a607b4221a894bf861da7914e.r2.dev/1593506989055593.mp4
carried-forward  1774312530392982 c0  → https://pub-893b4a6a607b4221a894bf861da7914e.r2.dev/1774312530392982.mp4
carried-forward  1518916412488930 c0  → https://pub-893b4a6a607b4221a894bf861da7914e.r2.dev/1518916412488930.mp4
carried-forward  1355464143431391 c0  → https://pub-893b4a6a607b4221a894bf861da7914e.r2.dev/1355464143431391.mp4
carried-forward  1974114539932554 c0  → https://pub-893b4a6a607b4221a894bf861da7914e.r2.dev/1974114539932554.mp4
carried-forward  1705366507331909 c0  → https://pub-893b4a6a607b4221a894bf861da7914e.r2.dev/1705366507331909.mp4
carried-forward  1466504155245534 c0  → https://pub-893b4a6a607b4221a894bf861da7914e.r2.dev/1466504155245534.mp4
carried-forward  1506922147561152 c0  → https://pub-893b4a6a607b4221a894bf861da7914e.r2.dev/1506922147561152.mp4
carried-forward  1241295458021975 c0  → https://pub-893b4a6a607b4221a894bf861da7914e.r2.dev/1241295458021975.mp4
carried-forward  877077458384696 c0  → https://pub-893b4a6a607b4221a894bf861da7914e.r2.dev/877077458384696.mp4
carried-forward  27662285396770575 c0  → https://pub-893b4a6a607b4221a894bf861da7914e.r2.dev/27662285396770575.mp4
video-missing    27662285396770575 c0  (expected file not found in facebook/videos/lingo-ai-2026-07-24)
carried-forward  1371003638307654 c0  → https://pub-893b4a6a607b4221a894bf861da7914e.r2.dev/1371003638307654.mp4
carried-forward  1772435467121636 c0  → https://pub-893b4a6a607b4221a894bf861da7914e.r2.dev/1772435467121636.mp4
carried-forward  1784182009251586 c0  → https://pub-893b4a6a607b4221a894bf861da7914e.r2.dev/1784182009251586.mp4
carried-forward  1404658948170811 c0  → https://pub-893b4a6a607b4221a894bf861da7914e.r2.dev/1404658948170811.mp4
carried-forward  1035971962252837 c0  → https://pub-893b4a6a607b4221a894bf861da7914e.r2.dev/1035971962252837.mp4
carried-forward  1633628567704710 c0  → https://pub-893b4a6a607b4221a894bf861da7914e.r2.dev/1633628567704710.mp4
uploaded         1582526786871369 c0  (video) ← 1582526786871369.mp4  → https://pub-893b4a6a607b4221a894bf861da7914e.r2.dev/1582526786871369.mp4
uploaded         1024912267125290 c0  (video) ← 1024912267125290.mp4  → https://pub-893b4a6a607b4221a894bf861da7914e.r2.dev/1024912267125290.mp4
carried-forward  1678379283453451 c0  → https://pub-893b4a6a607b4221a894bf861da7914e.r2.dev/1678379283453451.mp4
carried-forward  2654198474977868 c0  → https://pub-893b4a6a607b4221a894bf861da7914e.r2.dev/2654198474977868.mp4
carried-forward  995623713290389 c0  → https://pub-893b4a6a607b4221a894bf861da7914e.r2.dev/995623713290389.mp4
carried-forward  878207795333026 c0  → https://pub-893b4a6a607b4221a894bf861da7914e.r2.dev/878207795333026.mp4
carried-forward  1546602566939881 c0  → https://pub-893b4a6a607b4221a894bf861da7914e.r2.dev/1546602566939881.mp4
carried-forward  1082008637823130 c0  → https://pub-893b4a6a607b4221a894bf861da7914e.r2.dev/1082008637823130.mp4
carried-forward  1404375011749888 c0  → https://pub-893b4a6a607b4221a894bf861da7914e.r2.dev/1404375011749888.mp4
carried-forward  1510880926903331 c0  → https://pub-893b4a6a607b4221a894bf861da7914e.r2.dev/1510880926903331.mp4
carried-forward  1915386352474119 c0  → https://pub-893b4a6a607b4221a894bf861da7914e.r2.dev/1915386352474119.mp4
uploaded         1000640566149897 c0  (video) ← 1000640566149897.mp4  → https://pub-893b4a6a607b4221a894bf861da7914e.r2.dev/1000640566149897.mp4
uploaded         1369125235189845 c0  (video) ← 1369125235189845.mp4  → https://pub-893b4a6a607b4221a894bf861da7914e.r2.dev/1369125235189845.mp4
carried-forward  4675112942774885 c0  → https://pub-893b4a6a607b4221a894bf861da7914e.r2.dev/4675112942774885.mp4
carried-forward  1532901558303092 c0  → https://pub-893b4a6a607b4221a894bf861da7914e.r2.dev/1532901558303092.mp4
carried-forward  1579443816948070 c0  → https://pub-893b4a6a607b4221a894bf861da7914e.r2.dev/1579443816948070.mp4
carried-forward  1549247150203977 c0  → https://pub-893b4a6a607b4221a894bf861da7914e.r2.dev/1549247150203977.mp4
uploaded         1030442776020269 c0  (video) ← 1030442776020269.mp4  → https://pub-893b4a6a607b4221a894bf861da7914e.r2.dev/1030442776020269.mp4
carried-forward  2069856527074376 c0  → https://pub-893b4a6a607b4221a894bf861da7914e.r2.dev/2069856527074376.mp4
carried-forward  1774241500587954 c0  → https://pub-893b4a6a607b4221a894bf861da7914e.r2.dev/1774241500587954.mp4
carried-forward  1069174625775853 c0  → https://pub-893b4a6a607b4221a894bf861da7914e.r2.dev/1069174625775853.mp4
carried-forward  1415999857029783 c0  → https://pub-893b4a6a607b4221a894bf861da7914e.r2.dev/1415999857029783.mp4
carried-forward  1757554012084795 c0  → https://pub-893b4a6a607b4221a894bf861da7914e.r2.dev/1757554012084795.mp4
uploaded         1559522035833286 c0  (video) ← 1559522035833286.mp4  → https://pub-893b4a6a607b4221a894bf861da7914e.r2.dev/1559522035833286.mp4
uploaded         995743116798578 c0  (video) ← 995743116798578.mp4  → https://pub-893b4a6a607b4221a894bf861da7914e.r2.dev/995743116798578.mp4
carried-forward  1708007630488676 c0  → https://pub-893b4a6a607b4221a894bf861da7914e.r2.dev/1708007630488676.mp4
uploaded         27457189783908299 c0  (video) ← 27457189783908299.mp4  → https://pub-893b4a6a607b4221a894bf861da7914e.r2.dev/27457189783908299.mp4
uploaded         1420671956784282 c0  (video) ← 1420671956784282.mp4  → https://pub-893b4a6a607b4221a894bf861da7914e.r2.dev/1420671956784282.mp4
carried-forward  1476996661108631 c0  → https://pub-893b4a6a607b4221a894bf861da7914e.r2.dev/1476996661108631.mp4
carried-forward  1550037346903114 c0  → https://pub-893b4a6a607b4221a894bf861da7914e.r2.dev/1550037346903114.mp4
carried-forward  1503247244424866 c0  → https://pub-893b4a6a607b4221a894bf861da7914e.r2.dev/1503247244424866.mp4
carried-forward  1582003546629999 c0  → https://pub-893b4a6a607b4221a894bf861da7914e.r2.dev/1582003546629999.mp4
uploaded         1418554680330528 c0  (video) ← 1418554680330528.mp4  → https://pub-893b4a6a607b4221a894bf861da7914e.r2.dev/1418554680330528.mp4
carried-forward  1031965902557804 c0  → https://pub-893b4a6a607b4221a894bf861da7914e.r2.dev/1031965902557804.mp4
uploaded         1572943614453018 c0  (video) ← 1572943614453018.mp4  → https://pub-893b4a6a607b4221a894bf861da7914e.r2.dev/1572943614453018.mp4
carried-forward  1976175673785603 c0  → https://pub-893b4a6a607b4221a894bf861da7914e.r2.dev/1976175673785603.mp4
carried-forward  1359528632908101 c0  → https://pub-893b4a6a607b4221a894bf861da7914e.r2.dev/1359528632908101.mp4
carried-forward  4400312390286130 c0  → https://pub-893b4a6a607b4221a894bf861da7914e.r2.dev/4400312390286130.mp4
carried-forward  1542105073935104 c0  → https://pub-893b4a6a607b4221a894bf861da7914e.r2.dev/1542105073935104.mp4
uploaded         2192488554927551 c0  (video) ← 2192488554927551.mp4  → https://pub-893b4a6a607b4221a894bf861da7914e.r2.dev/2192488554927551.mp4
carried-forward  923667397433648 c0  → https://pub-893b4a6a607b4221a894bf861da7914e.r2.dev/923667397433648.mp4
carried-forward  1384493026901463 c0  → https://pub-893b4a6a607b4221a894bf861da7914e.r2.dev/1384493026901463.mp4
carried-forward  1071923635179040 c0  → https://pub-893b4a6a607b4221a894bf861da7914e.r2.dev/1071923635179040.mp4
uploaded         2549353015495812 c0  (video) ← 2549353015495812.mp4  → https://pub-893b4a6a607b4221a894bf861da7914e.r2.dev/2549353015495812.mp4
carried-forward  2107736823454915 c0  → https://pub-893b4a6a607b4221a894bf861da7914e.r2.dev/2107736823454915.mp4
carried-forward  1380651957275499 c0  → https://pub-893b4a6a607b4221a894bf861da7914e.r2.dev/1380651957275499.mp4
carried-forward  1051957707214988 c0  → https://pub-893b4a6a607b4221a894bf861da7914e.r2.dev/1051957707214988.mp4
carried-forward  1028449009853941 c0  → https://pub-893b4a6a607b4221a894bf861da7914e.r2.dev/1028449009853941.mp4
carried-forward  2132321557314832 c0  → https://pub-893b4a6a607b4221a894bf861da7914e.r2.dev/2132321557314832.mp4
carried-forward  1102346855789311 c0  → https://pub-893b4a6a607b4221a894bf861da7914e.r2.dev/1102346855789311.mp4
carried-forward  1351853273037524 c0  → https://pub-893b4a6a607b4221a894bf861da7914e.r2.dev/1351853273037524.mp4
carried-forward  1504896430940320 c0  → https://pub-893b4a6a607b4221a894bf861da7914e.r2.dev/1504896430940320.mp4
carried-forward  3155628847962719 c0  → https://pub-893b4a6a607b4221a894bf861da7914e.r2.dev/3155628847962719.mp4
carried-forward  27171113109254491 c0  → https://pub-893b4a6a607b4221a894bf861da7914e.r2.dev/27171113109254491.mp4
uploaded         1656612325410768 c0  (video) ← 1656612325410768.mp4  → https://pub-893b4a6a607b4221a894bf861da7914e.r2.dev/1656612325410768.mp4
carried-forward  1389230619753354 c0  → https://pub-893b4a6a607b4221a894bf861da7914e.r2.dev/1389230619753354.mp4
uploaded         2449123042261541 c0  (video) ← 2449123042261541.mp4  → https://pub-893b4a6a607b4221a894bf861da7914e.r2.dev/2449123042261541.mp4
uploaded         1335484995317484 c0  (video) ← 1335484995317484.mp4  → https://pub-893b4a6a607b4221a894bf861da7914e.r2.dev/1335484995317484.mp4
carried-forward  1690329032226269 c0  → https://pub-893b4a6a607b4221a894bf861da7914e.r2.dev/1690329032226269.mp4
carried-forward  1346832780758975 c0  → https://pub-893b4a6a607b4221a894bf861da7914e.r2.dev/1346832780758975.mp4
carried-forward  1572318447882083 c0  → https://pub-893b4a6a607b4221a894bf861da7914e.r2.dev/1572318447882083.mp4
uploaded         3977077162426410 c0  (video) ← 3977077162426410.mp4  → https://pub-893b4a6a607b4221a894bf861da7914e.r2.dev/3977077162426410.mp4
carried-forward  1264112379002091 c0  → https://pub-893b4a6a607b4221a894bf861da7914e.r2.dev/1264112379002091.mp4
carried-forward  1550825906643768 c0  → https://pub-893b4a6a607b4221a894bf861da7914e.r2.dev/1550825906643768.mp4
uploaded         1657700126071438 c0  (video) ← 1657700126071438.mp4  → https://pub-893b4a6a607b4221a894bf861da7914e.r2.dev/1657700126071438.mp4
carried-forward  2582755122144483 c0  → https://pub-893b4a6a607b4221a894bf861da7914e.r2.dev/2582755122144483.mp4
carried-forward  979926591690487 c0  → https://pub-893b4a6a607b4221a894bf861da7914e.r2.dev/979926591690487.mp4
carried-forward  2278125376375222 c0  → https://pub-893b4a6a607b4221a894bf861da7914e.r2.dev/2278125376375222.mp4
carried-forward  1429359822416826 c0  → https://pub-893b4a6a607b4221a894bf861da7914e.r2.dev/1429359822416826.mp4
uploaded         1370379875027468 c0  (video) ← 1370379875027468.mp4  → https://pub-893b4a6a607b4221a894bf861da7914e.r2.dev/1370379875027468.mp4
carried-forward  1635215360918989 c0  → https://pub-893b4a6a607b4221a894bf861da7914e.r2.dev/1635215360918989.mp4
uploaded         1040658981947120 c0  (video) ← 1040658981947120.mp4  → https://pub-893b4a6a607b4221a894bf861da7914e.r2.dev/1040658981947120.mp4
carried-forward  1360591792698190 c0  → https://pub-893b4a6a607b4221a894bf861da7914e.r2.dev/1360591792698190.mp4
carried-forward  1679975973286060 c0  → https://pub-893b4a6a607b4221a894bf861da7914e.r2.dev/1679975973286060.mp4
uploaded         2178731249574043 c0  (video) ← 2178731249574043.mp4  → https://pub-893b4a6a607b4221a894bf861da7914e.r2.dev/2178731249574043.mp4
carried-forward  1336796828521409 c0  → https://pub-893b4a6a607b4221a894bf861da7914e.r2.dev/1336796828521409.mp4
uploaded         1714331036379545 c0  (video) ← 1714331036379545.mp4  → https://pub-893b4a6a607b4221a894bf861da7914e.r2.dev/1714331036379545.mp4
uploaded         2011914532777737 c0  (video) ← 2011914532777737.mp4  → https://pub-893b4a6a607b4221a894bf861da7914e.r2.dev/2011914532777737.mp4
uploaded         1457001219519766 c0  (video) ← 1457001219519766.mp4  → https://pub-893b4a6a607b4221a894bf861da7914e.r2.dev/1457001219519766.mp4
uploaded         1016615277756086 c0  (video) ← 1016615277756086.mp4  → https://pub-893b4a6a607b4221a894bf861da7914e.r2.dev/1016615277756086.mp4
uploaded         1060181113238551 c0  (video) ← 1060181113238551.mp4  → https://pub-893b4a6a607b4221a894bf861da7914e.r2.dev/1060181113238551.mp4
uploaded         910012414823781 c0  (video) ← 910012414823781.mp4  → https://pub-893b4a6a607b4221a894bf861da7914e.r2.dev/910012414823781.mp4
uploaded         4650488781900539 c0  (video) ← 4650488781900539.mp4  → https://pub-893b4a6a607b4221a894bf861da7914e.r2.dev/4650488781900539.mp4
uploaded         1820712675560770 c0  (video) ← 1820712675560770.mp4  → https://pub-893b4a6a607b4221a894bf861da7914e.r2.dev/1820712675560770.mp4
uploaded         1378213600907888 c0  (video) ← 1378213600907888.mp4  → https://pub-893b4a6a607b4221a894bf861da7914e.r2.dev/1378213600907888.mp4
carried-forward  2245359769555092 c0  → https://pub-893b4a6a607b4221a894bf861da7914e.r2.dev/2245359769555092.mp4
uploaded         1073642982391924 c0  (video) ← 1073642982391924.mp4  → https://pub-893b4a6a607b4221a894bf861da7914e.r2.dev/1073642982391924.mp4
carried-forward  1555764442572466 c0  → https://pub-893b4a6a607b4221a894bf861da7914e.r2.dev/1555764442572466.mp4
carried-forward  1061803716382467 c0  → https://pub-893b4a6a607b4221a894bf861da7914e.r2.dev/1061803716382467.mp4
uploaded         1049664257405247 c0  (video) ← 1049664257405247.mp4  → https://pub-893b4a6a607b4221a894bf861da7914e.r2.dev/1049664257405247.mp4
uploaded         1038922562190914 c0  (video) ← 1038922562190914.mp4  → https://pub-893b4a6a607b4221a894bf861da7914e.r2.dev/1038922562190914.mp4
carried-forward  2794731494219714 c0  → https://pub-893b4a6a607b4221a894bf861da7914e.r2.dev/2794731494219714.mp4
uploaded         1727012921951188 c0  (video) ← 1727012921951188.mp4  → https://pub-893b4a6a607b4221a894bf861da7914e.r2.dev/1727012921951188.mp4
uploaded         1078340664867695 c0  (video) ← 1078340664867695.mp4  → https://pub-893b4a6a607b4221a894bf861da7914e.r2.dev/1078340664867695.mp4
carried-forward  2283025218901164 c0  → https://pub-893b4a6a607b4221a894bf861da7914e.r2.dev/2283025218901164.mp4
uploaded         1735642084114080 c0  (video) ← 1735642084114080.mp4  → https://pub-893b4a6a607b4221a894bf861da7914e.r2.dev/1735642084114080.mp4
uploaded         1041185422234075 c0  (video) ← 1041185422234075.mp4  → https://pub-893b4a6a607b4221a894bf861da7914e.r2.dev/1041185422234075.mp4
uploaded         2418925451949449 c0  (video) ← 2418925451949449.mp4  → https://pub-893b4a6a607b4221a894bf861da7914e.r2.dev/2418925451949449.mp4
uploaded         1053571627013753 c0  (video) ← 1053571627013753.mp4  → https://pub-893b4a6a607b4221a894bf861da7914e.r2.dev/1053571627013753.mp4
uploaded         1343591104624582 c0  (video) ← 1343591104624582.mp4  → https://pub-893b4a6a607b4221a894bf861da7914e.r2.dev/1343591104624582.mp4
uploaded         1808378650537573 c0  (video) ← 1808378650537573.mp4  → https://pub-893b4a6a607b4221a894bf861da7914e.r2.dev/1808378650537573.mp4
uploaded         2209188899928571 c0  (video) ← 2209188899928571.mp4  → https://pub-893b4a6a607b4221a894bf861da7914e.r2.dev/2209188899928571.mp4
uploaded         970425412717768 c0  (video) ← 970425412717768.mp4  → https://pub-893b4a6a607b4221a894bf861da7914e.r2.dev/970425412717768.mp4
uploaded         1028363876453543 c0  (video) ← 1028363876453543.mp4  → https://pub-893b4a6a607b4221a894bf861da7914e.r2.dev/1028363876453543.mp4
uploaded         1567085638387596 c0  (video) ← 1567085638387596.mp4  → https://pub-893b4a6a607b4221a894bf861da7914e.r2.dev/1567085638387596.mp4
uploaded         1691494665413985 c0  (video) ← 1691494665413985.mp4  → https://pub-893b4a6a607b4221a894bf861da7914e.r2.dev/1691494665413985.mp4
uploaded         1703637894196534 c0  (video) ← 1703637894196534.mp4  → https://pub-893b4a6a607b4221a894bf861da7914e.r2.dev/1703637894196534.mp4
uploaded         1574004924118073 c0  (video) ← 1574004924118073.mp4  → https://pub-893b4a6a607b4221a894bf861da7914e.r2.dev/1574004924118073.mp4
uploaded         2565110560640827 c0  (video) ← 2565110560640827.mp4  → https://pub-893b4a6a607b4221a894bf861da7914e.r2.dev/2565110560640827.mp4
uploaded         1097929439255609 c0  (video) ← 1097929439255609.mp4  → https://pub-893b4a6a607b4221a894bf861da7914e.r2.dev/1097929439255609.mp4
uploaded         1439115131309215 c0  (video) ← 1439115131309215.mp4  → https://pub-893b4a6a607b4221a894bf861da7914e.r2.dev/1439115131309215.mp4
uploaded         1770457440756516 c0  (video) ← 1770457440756516.mp4  → https://pub-893b4a6a607b4221a894bf861da7914e.r2.dev/1770457440756516.mp4
uploaded         2115582626044204 c0  (video) ← 2115582626044204.mp4  → https://pub-893b4a6a607b4221a894bf861da7914e.r2.dev/2115582626044204.mp4
uploaded         2713151469082224 c0  (video) ← 2713151469082224.mp4  → https://pub-893b4a6a607b4221a894bf861da7914e.r2.dev/2713151469082224.mp4
uploaded         1610126833807833 c0  (video) ← 1610126833807833.mp4  → https://pub-893b4a6a607b4221a894bf861da7914e.r2.dev/1610126833807833.mp4
uploaded         4546374165596889 c0  (video) ← 4546374165596889.mp4  → https://pub-893b4a6a607b4221a894bf861da7914e.r2.dev/4546374165596889.mp4
uploaded         1029309966465407 c0  (video) ← 1029309966465407.mp4  → https://pub-893b4a6a607b4221a894bf861da7914e.r2.dev/1029309966465407.mp4
uploaded         2014430749442608 c0  (video) ← 2014430749442608.mp4  → https://pub-893b4a6a607b4221a894bf861da7914e.r2.dev/2014430749442608.mp4
