# Step 3 run log
# competitor : lingo-ai
# started_at : 2026-07-21T14:08:16
# input      : facebook/inputs/fb-ads-lingo-ai-2026-07-21-1404.csv
# videos     : facebook/videos/lingo-ai-2026-07-21
# master     : facebook/master/lingo-ai.csv  (updated)
# enriched   : facebook/inputs/fb-ads-lingo-ai-2026-07-21-1404_enriched.csv
# bucket     : video-ads
# public_base: https://pub-893b4a6a607b4221a894bf861da7914e.r2.dev
# dry_run    : False
#
# counts     : {'uploaded': 18, 'carried-forward': 186, 'image-pending': 0, 'video-missing': 0, 'no-creative': 0, 'error': 0}
#
carried-forward  1336448118024889 c0  → https://pub-893b4a6a607b4221a894bf861da7914e.r2.dev/1336448118024889.mp4
carried-forward  1093823739826634 c0  → https://pub-893b4a6a607b4221a894bf861da7914e.r2.dev/1093823739826634.mp4
carried-forward  2817216648647618 c0  → https://pub-893b4a6a607b4221a894bf861da7914e.r2.dev/2817216648647618.mp4
carried-forward  861649606640914 c0  → https://pub-893b4a6a607b4221a894bf861da7914e.r2.dev/861649606640914.mp4
carried-forward  1683265226128164 c0  → https://pub-893b4a6a607b4221a894bf861da7914e.r2.dev/1683265226128164.mp4
carried-forward  1027348283545347 c0  → https://pub-893b4a6a607b4221a894bf861da7914e.r2.dev/1027348283545347.mp4
carried-forward  1574457477430487 c0  → https://pub-893b4a6a607b4221a894bf861da7914e.r2.dev/1574457477430487.mp4
carried-forward  1972127246813621 c0  → https://pub-893b4a6a607b4221a894bf861da7914e.r2.dev/1972127246813621.mp4
carried-forward  1561681932015617 c0  → https://pub-893b4a6a607b4221a894bf861da7914e.r2.dev/1561681932015617.mp4
carried-forward  1502905814452626 c0  → https://pub-893b4a6a607b4221a894bf861da7914e.r2.dev/1502905814452626.mp4
carried-forward  2074376606622636 c0  → https://pub-893b4a6a607b4221a894bf861da7914e.r2.dev/2074376606622636.mp4
carried-forward  1038960765740921 c0  → https://pub-893b4a6a607b4221a894bf861da7914e.r2.dev/1038960765740921.mp4
carried-forward  2019382318667999 c0  → https://pub-893b4a6a607b4221a894bf861da7914e.r2.dev/2019382318667999.mp4
carried-forward  4494315040857752 c0  → https://pub-893b4a6a607b4221a894bf861da7914e.r2.dev/4494315040857752.mp4
carried-forward  1037404378858206 c0  → https://pub-893b4a6a607b4221a894bf861da7914e.r2.dev/1037404378858206.mp4
carried-forward  1572811197564722 c0  → https://pub-893b4a6a607b4221a894bf861da7914e.r2.dev/1572811197564722.mp4
carried-forward  1368322611672051 c0  → https://pub-893b4a6a607b4221a894bf861da7914e.r2.dev/1368322611672051.mp4
carried-forward  2477354359407848 c0  → https://pub-893b4a6a607b4221a894bf861da7914e.r2.dev/2477354359407848.mp4
carried-forward  1402910178342547 c0  → https://pub-893b4a6a607b4221a894bf861da7914e.r2.dev/1402910178342547.mp4
carried-forward  2223760955053163 c0  → https://pub-893b4a6a607b4221a894bf861da7914e.r2.dev/2223760955053163.mp4
carried-forward  2043355142935415 c0  → https://pub-893b4a6a607b4221a894bf861da7914e.r2.dev/2043355142935415.mp4
carried-forward  1036575242203841 c0  → https://pub-893b4a6a607b4221a894bf861da7914e.r2.dev/1036575242203841.mp4
carried-forward  1555307446033768 c0  → https://pub-893b4a6a607b4221a894bf861da7914e.r2.dev/1555307446033768.mp4
carried-forward  1539898520838626 c0  → https://pub-893b4a6a607b4221a894bf861da7914e.r2.dev/1539898520838626.mp4
carried-forward  1543107963869133 c0  → https://pub-893b4a6a607b4221a894bf861da7914e.r2.dev/1543107963869133.mp4
carried-forward  1954322491946159 c0  → https://pub-893b4a6a607b4221a894bf861da7914e.r2.dev/1954322491946159.mp4
carried-forward  1033394636327348 c0  → https://pub-893b4a6a607b4221a894bf861da7914e.r2.dev/1033394636327348.mp4
carried-forward  970051129424916 c0  → https://pub-893b4a6a607b4221a894bf861da7914e.r2.dev/970051129424916.mp4
carried-forward  1738358323839444 c0  → https://pub-893b4a6a607b4221a894bf861da7914e.r2.dev/1738358323839444.mp4
carried-forward  1705366507331909 c0  → https://pub-893b4a6a607b4221a894bf861da7914e.r2.dev/1705366507331909.mp4
carried-forward  1200885425498019 c0  → https://pub-893b4a6a607b4221a894bf861da7914e.r2.dev/1200885425498019.mp4
carried-forward  4252978928346557 c0  → https://pub-893b4a6a607b4221a894bf861da7914e.r2.dev/4252978928346557.mp4
carried-forward  1466504155245534 c0  → https://pub-893b4a6a607b4221a894bf861da7914e.r2.dev/1466504155245534.mp4
carried-forward  2238652463354041 c0  → https://pub-893b4a6a607b4221a894bf861da7914e.r2.dev/2238652463354041.mp4
carried-forward  1506922147561152 c0  → https://pub-893b4a6a607b4221a894bf861da7914e.r2.dev/1506922147561152.mp4
carried-forward  1241295458021975 c0  → https://pub-893b4a6a607b4221a894bf861da7914e.r2.dev/1241295458021975.mp4
carried-forward  1609843680737239 c0  → https://pub-893b4a6a607b4221a894bf861da7914e.r2.dev/1609843680737239.mp4
carried-forward  1384566673593536 c0  → https://pub-893b4a6a607b4221a894bf861da7914e.r2.dev/1384566673593536.mp4
carried-forward  26787357374277010 c0  → https://pub-893b4a6a607b4221a894bf861da7914e.r2.dev/26787357374277010.mp4
carried-forward  1633628567704710 c0  → https://pub-893b4a6a607b4221a894bf861da7914e.r2.dev/1633628567704710.mp4
carried-forward  2101886324009822 c0  → https://pub-893b4a6a607b4221a894bf861da7914e.r2.dev/2101886324009822.mp4
carried-forward  1035971962252837 c0  → https://pub-893b4a6a607b4221a894bf861da7914e.r2.dev/1035971962252837.mp4
carried-forward  2654198474977868 c0  → https://pub-893b4a6a607b4221a894bf861da7914e.r2.dev/2654198474977868.mp4
carried-forward  878207795333026 c0  → https://pub-893b4a6a607b4221a894bf861da7914e.r2.dev/878207795333026.mp4
carried-forward  2600560010378856 c0  → https://pub-893b4a6a607b4221a894bf861da7914e.r2.dev/2600560010378856.mp4
carried-forward  1032381292979378 c0  → https://pub-893b4a6a607b4221a894bf861da7914e.r2.dev/1032381292979378.mp4
carried-forward  1276334237721041 c0  → https://pub-893b4a6a607b4221a894bf861da7914e.r2.dev/1276334237721041.mp4
carried-forward  2077032929915956 c0  → https://pub-893b4a6a607b4221a894bf861da7914e.r2.dev/2077032929915956.mp4
carried-forward  1707361663638583 c0  → https://pub-893b4a6a607b4221a894bf861da7914e.r2.dev/1707361663638583.mp4
carried-forward  2866701513688995 c0  → https://pub-893b4a6a607b4221a894bf861da7914e.r2.dev/2866701513688995.mp4
carried-forward  2007788853192340 c0  → https://pub-893b4a6a607b4221a894bf861da7914e.r2.dev/2007788853192340.mp4
carried-forward  1801900180976085 c0  → https://pub-893b4a6a607b4221a894bf861da7914e.r2.dev/1801900180976085.mp4
carried-forward  2153258851904762 c0  → https://pub-893b4a6a607b4221a894bf861da7914e.r2.dev/2153258851904762.mp4
carried-forward  1915386352474119 c0  → https://pub-893b4a6a607b4221a894bf861da7914e.r2.dev/1915386352474119.mp4
carried-forward  1504946770960452 c0  → https://pub-893b4a6a607b4221a894bf861da7914e.r2.dev/1504946770960452.mp4
carried-forward  1595236978876918 c0  → https://pub-893b4a6a607b4221a894bf861da7914e.r2.dev/1595236978876918.mp4
carried-forward  4675112942774885 c0  → https://pub-893b4a6a607b4221a894bf861da7914e.r2.dev/4675112942774885.mp4
carried-forward  2022419928481257 c0  → https://pub-893b4a6a607b4221a894bf861da7914e.r2.dev/2022419928481257.mp4
carried-forward  1815202449846466 c0  → https://pub-893b4a6a607b4221a894bf861da7914e.r2.dev/1815202449846466.mp4
carried-forward  1532901558303092 c0  → https://pub-893b4a6a607b4221a894bf861da7914e.r2.dev/1532901558303092.mp4
carried-forward  1665212694751723 c0  → https://pub-893b4a6a607b4221a894bf861da7914e.r2.dev/1665212694751723.mp4
carried-forward  1347209950391613 c0  → https://pub-893b4a6a607b4221a894bf861da7914e.r2.dev/1347209950391613.mp4
carried-forward  4453758544952305 c0  → https://pub-893b4a6a607b4221a894bf861da7914e.r2.dev/4453758544952305.mp4
carried-forward  1412955420704388 c0  → https://pub-893b4a6a607b4221a894bf861da7914e.r2.dev/1412955420704388.mp4
carried-forward  1591882872610950 c0  → https://pub-893b4a6a607b4221a894bf861da7914e.r2.dev/1591882872610950.mp4
carried-forward  1415999857029783 c0  → https://pub-893b4a6a607b4221a894bf861da7914e.r2.dev/1415999857029783.mp4
carried-forward  1754835955688580 c0  → https://pub-893b4a6a607b4221a894bf861da7914e.r2.dev/1754835955688580.mp4
carried-forward  1476996661108631 c0  → https://pub-893b4a6a607b4221a894bf861da7914e.r2.dev/1476996661108631.mp4
carried-forward  912017814528407 c0  → https://pub-893b4a6a607b4221a894bf861da7914e.r2.dev/912017814528407.mp4
carried-forward  1069174625775853 c0  → https://pub-893b4a6a607b4221a894bf861da7914e.r2.dev/1069174625775853.mp4
carried-forward  3756433574499373 c0  → https://pub-893b4a6a607b4221a894bf861da7914e.r2.dev/3756433574499373.mp4
carried-forward  1613462890203029 c0  → https://pub-893b4a6a607b4221a894bf861da7914e.r2.dev/1613462890203029.mp4
carried-forward  27350423597950324 c0  → https://pub-893b4a6a607b4221a894bf861da7914e.r2.dev/27350423597950324.mp4
carried-forward  826967597018641 c0  → https://pub-893b4a6a607b4221a894bf861da7914e.r2.dev/826967597018641.mp4
carried-forward  3641043652700023 c0  → https://pub-893b4a6a607b4221a894bf861da7914e.r2.dev/3641043652700023.mp4
carried-forward  831151359935196 c0  → https://pub-893b4a6a607b4221a894bf861da7914e.r2.dev/831151359935196.mp4
carried-forward  1745993059767846 c0  → https://pub-893b4a6a607b4221a894bf861da7914e.r2.dev/1745993059767846.mp4
carried-forward  1976175673785603 c0  → https://pub-893b4a6a607b4221a894bf861da7914e.r2.dev/1976175673785603.mp4
carried-forward  4500326250214671 c0  → https://pub-893b4a6a607b4221a894bf861da7914e.r2.dev/4500326250214671.mp4
carried-forward  1338879458397876 c0  → https://pub-893b4a6a607b4221a894bf861da7914e.r2.dev/1338879458397876.mp4
carried-forward  1028449009853941 c0  → https://pub-893b4a6a607b4221a894bf861da7914e.r2.dev/1028449009853941.mp4
carried-forward  4531262407124189 c0  → https://pub-893b4a6a607b4221a894bf861da7914e.r2.dev/4531262407124189.mp4
carried-forward  28254741910775992 c0  → https://pub-893b4a6a607b4221a894bf861da7914e.r2.dev/28254741910775992.mp4
carried-forward  3155628847962719 c0  → https://pub-893b4a6a607b4221a894bf861da7914e.r2.dev/3155628847962719.mp4
carried-forward  1761545541670351 c0  → https://pub-893b4a6a607b4221a894bf861da7914e.r2.dev/1761545541670351.mp4
carried-forward  1526599748398499 c0  → https://pub-893b4a6a607b4221a894bf861da7914e.r2.dev/1526599748398499.mp4
carried-forward  27171113109254491 c0  → https://pub-893b4a6a607b4221a894bf861da7914e.r2.dev/27171113109254491.mp4
carried-forward  1678379283453451 c0  → https://pub-893b4a6a607b4221a894bf861da7914e.r2.dev/1678379283453451.mp4
carried-forward  1532371217813932 c0  → https://pub-893b4a6a607b4221a894bf861da7914e.r2.dev/1532371217813932.mp4
uploaded         1351761780382616 c0  (video) ← 1351761780382616.mp4  → https://pub-893b4a6a607b4221a894bf861da7914e.r2.dev/1351761780382616.mp4
carried-forward  1055451546883252 c0  → https://pub-893b4a6a607b4221a894bf861da7914e.r2.dev/1055451546883252.mp4
carried-forward  912846888518802 c0  → https://pub-893b4a6a607b4221a894bf861da7914e.r2.dev/912846888518802.mp4
carried-forward  1102346855789311 c0  → https://pub-893b4a6a607b4221a894bf861da7914e.r2.dev/1102346855789311.mp4
carried-forward  1351104653163972 c0  → https://pub-893b4a6a607b4221a894bf861da7914e.r2.dev/1351104653163972.mp4
carried-forward  1550037346903114 c0  → https://pub-893b4a6a607b4221a894bf861da7914e.r2.dev/1550037346903114.mp4
carried-forward  1553250802921957 c0  → https://pub-893b4a6a607b4221a894bf861da7914e.r2.dev/1553250802921957.mp4
carried-forward  1690329032226269 c0  → https://pub-893b4a6a607b4221a894bf861da7914e.r2.dev/1690329032226269.mp4
carried-forward  1346832780758975 c0  → https://pub-893b4a6a607b4221a894bf861da7914e.r2.dev/1346832780758975.mp4
carried-forward  1579443816948070 c0  → https://pub-893b4a6a607b4221a894bf861da7914e.r2.dev/1579443816948070.mp4
carried-forward  1075542551710880 c0  → https://pub-893b4a6a607b4221a894bf861da7914e.r2.dev/1075542551710880.mp4
carried-forward  1300113352290551 c0  → https://pub-893b4a6a607b4221a894bf861da7914e.r2.dev/1300113352290551.mp4
carried-forward  1076713821482023 c0  → https://pub-893b4a6a607b4221a894bf861da7914e.r2.dev/1076713821482023.mp4
carried-forward  1556283036216137 c0  → https://pub-893b4a6a607b4221a894bf861da7914e.r2.dev/1556283036216137.mp4
carried-forward  1404375011749888 c0  → https://pub-893b4a6a607b4221a894bf861da7914e.r2.dev/1404375011749888.mp4
carried-forward  1360155599371318 c0  → https://pub-893b4a6a607b4221a894bf861da7914e.r2.dev/1360155599371318.mp4
carried-forward  2043967689541651 c0  → https://pub-893b4a6a607b4221a894bf861da7914e.r2.dev/2043967689541651.mp4
carried-forward  1037420685568863 c0  → https://pub-893b4a6a607b4221a894bf861da7914e.r2.dev/1037420685568863.mp4
carried-forward  1264112379002091 c0  → https://pub-893b4a6a607b4221a894bf861da7914e.r2.dev/1264112379002091.mp4
uploaded         2995897160754664 c0  (video) ← 2995897160754664.mp4  → https://pub-893b4a6a607b4221a894bf861da7914e.r2.dev/2995897160754664.mp4
carried-forward  1380651957275499 c0  → https://pub-893b4a6a607b4221a894bf861da7914e.r2.dev/1380651957275499.mp4
carried-forward  1031965902557804 c0  → https://pub-893b4a6a607b4221a894bf861da7914e.r2.dev/1031965902557804.mp4
carried-forward  2410715992747792 c0  → https://pub-893b4a6a607b4221a894bf861da7914e.r2.dev/2410715992747792.mp4
carried-forward  1757175298641732 c0  → https://pub-893b4a6a607b4221a894bf861da7914e.r2.dev/1757175298641732.mp4
carried-forward  2278125376375222 c0  → https://pub-893b4a6a607b4221a894bf861da7914e.r2.dev/2278125376375222.mp4
carried-forward  2038127397095989 c0  → https://pub-893b4a6a607b4221a894bf861da7914e.r2.dev/2038127397095989.mp4
carried-forward  36953778727603955 c0  → https://pub-893b4a6a607b4221a894bf861da7914e.r2.dev/36953778727603955.mp4
carried-forward  1351853273037524 c0  → https://pub-893b4a6a607b4221a894bf861da7914e.r2.dev/1351853273037524.mp4
carried-forward  1635215360918989 c0  → https://pub-893b4a6a607b4221a894bf861da7914e.r2.dev/1635215360918989.mp4
carried-forward  1700427231075832 c0  → https://pub-893b4a6a607b4221a894bf861da7914e.r2.dev/1700427231075832.mp4
carried-forward  1593506989055593 c0  → https://pub-893b4a6a607b4221a894bf861da7914e.r2.dev/1593506989055593.mp4
carried-forward  2582755122144483 c0  → https://pub-893b4a6a607b4221a894bf861da7914e.r2.dev/2582755122144483.mp4
carried-forward  1360591792698190 c0  → https://pub-893b4a6a607b4221a894bf861da7914e.r2.dev/1360591792698190.mp4
uploaded         1750999535905101 c0  (video) ← 1750999535905101.mp4  → https://pub-893b4a6a607b4221a894bf861da7914e.r2.dev/1750999535905101.mp4
carried-forward  979926591690487 c0  → https://pub-893b4a6a607b4221a894bf861da7914e.r2.dev/979926591690487.mp4
carried-forward  1016600137901431 c0  → https://pub-893b4a6a607b4221a894bf861da7914e.r2.dev/1016600137901431.mp4
carried-forward  1679975973286060 c0  → https://pub-893b4a6a607b4221a894bf861da7914e.r2.dev/1679975973286060.mp4
carried-forward  986024980878185 c0  → https://pub-893b4a6a607b4221a894bf861da7914e.r2.dev/986024980878185.mp4
carried-forward  1021961830212223 c0  → https://pub-893b4a6a607b4221a894bf861da7914e.r2.dev/1021961830212223.mp4
uploaded         865373969680754 c0  (video) ← 865373969680754.mp4  → https://pub-893b4a6a607b4221a894bf861da7914e.r2.dev/865373969680754.mp4
uploaded         1548103140087643 c0  (video) ← 1548103140087643.mp4  → https://pub-893b4a6a607b4221a894bf861da7914e.r2.dev/1548103140087643.mp4
carried-forward  1284484790216787 c0  → https://pub-893b4a6a607b4221a894bf861da7914e.r2.dev/1284484790216787.mp4
carried-forward  28309152782004073 c0  → https://pub-893b4a6a607b4221a894bf861da7914e.r2.dev/28309152782004073.mp4
carried-forward  28597716999829439 c0  → https://pub-893b4a6a607b4221a894bf861da7914e.r2.dev/28597716999829439.mp4
carried-forward  1550825906643768 c0  → https://pub-893b4a6a607b4221a894bf861da7914e.r2.dev/1550825906643768.mp4
carried-forward  997826756463875 c0  → https://pub-893b4a6a607b4221a894bf861da7914e.r2.dev/997826756463875.mp4
uploaded         1604952787810163 c0  (video) ← 1604952787810163.mp4  → https://pub-893b4a6a607b4221a894bf861da7914e.r2.dev/1604952787810163.mp4
carried-forward  1774241500587954 c0  → https://pub-893b4a6a607b4221a894bf861da7914e.r2.dev/1774241500587954.mp4
carried-forward  1562000798939942 c0  → https://pub-893b4a6a607b4221a894bf861da7914e.r2.dev/1562000798939942.mp4
carried-forward  1549247150203977 c0  → https://pub-893b4a6a607b4221a894bf861da7914e.r2.dev/1549247150203977.mp4
carried-forward  1598260625282277 c0  → https://pub-893b4a6a607b4221a894bf861da7914e.r2.dev/1598260625282277.mp4
carried-forward  1676195966972808 c0  → https://pub-893b4a6a607b4221a894bf861da7914e.r2.dev/1676195966972808.mp4
carried-forward  1818064382511618 c0  → https://pub-893b4a6a607b4221a894bf861da7914e.r2.dev/1818064382511618.mp4
carried-forward  2384988698654054 c0  → https://pub-893b4a6a607b4221a894bf861da7914e.r2.dev/2384988698654054.mp4
carried-forward  1009169425229780 c0  → https://pub-893b4a6a607b4221a894bf861da7914e.r2.dev/1009169425229780.mp4
carried-forward  1011203101788835 c0  → https://pub-893b4a6a607b4221a894bf861da7914e.r2.dev/1011203101788835.mp4
carried-forward  1757554012084795 c0  → https://pub-893b4a6a607b4221a894bf861da7914e.r2.dev/1757554012084795.mp4
carried-forward  2245359769555092 c0  → https://pub-893b4a6a607b4221a894bf861da7914e.r2.dev/2245359769555092.mp4
carried-forward  2251010792317759 c0  → https://pub-893b4a6a607b4221a894bf861da7914e.r2.dev/2251010792317759.mp4
carried-forward  1529543691964572 c0  → https://pub-893b4a6a607b4221a894bf861da7914e.r2.dev/1529543691964572.mp4
carried-forward  1555764442572466 c0  → https://pub-893b4a6a607b4221a894bf861da7914e.r2.dev/1555764442572466.mp4
carried-forward  1708007630488676 c0  → https://pub-893b4a6a607b4221a894bf861da7914e.r2.dev/1708007630488676.mp4
carried-forward  1337634014636988 c0  → https://pub-893b4a6a607b4221a894bf861da7914e.r2.dev/1337634014636988.mp4
carried-forward  2000913570552724 c0  → https://pub-893b4a6a607b4221a894bf861da7914e.r2.dev/2000913570552724.mp4
uploaded         2027932644500048 c0  (video) ← 2027932644500048.mp4  → https://pub-893b4a6a607b4221a894bf861da7914e.r2.dev/2027932644500048.mp4
carried-forward  1799544034733272 c0  → https://pub-893b4a6a607b4221a894bf861da7914e.r2.dev/1799544034733272.mp4
carried-forward  923667397433648 c0  → https://pub-893b4a6a607b4221a894bf861da7914e.r2.dev/923667397433648.mp4
carried-forward  1061803716382467 c0  → https://pub-893b4a6a607b4221a894bf861da7914e.r2.dev/1061803716382467.mp4
carried-forward  27192017473832256 c0  → https://pub-893b4a6a607b4221a894bf861da7914e.r2.dev/27192017473832256.mp4
carried-forward  1027523236312348 c0  → https://pub-893b4a6a607b4221a894bf861da7914e.r2.dev/1027523236312348.mp4
carried-forward  1362661155980082 c0  → https://pub-893b4a6a607b4221a894bf861da7914e.r2.dev/1362661155980082.mp4
carried-forward  1572318447882083 c0  → https://pub-893b4a6a607b4221a894bf861da7914e.r2.dev/1572318447882083.mp4
carried-forward  1011509568312752 c0  → https://pub-893b4a6a607b4221a894bf861da7914e.r2.dev/1011509568312752.mp4
carried-forward  1651061369327692 c0  → https://pub-893b4a6a607b4221a894bf861da7914e.r2.dev/1651061369327692.mp4
carried-forward  1772435467121636 c0  → https://pub-893b4a6a607b4221a894bf861da7914e.r2.dev/1772435467121636.mp4
carried-forward  2794731494219714 c0  → https://pub-893b4a6a607b4221a894bf861da7914e.r2.dev/2794731494219714.mp4
carried-forward  1518916412488930 c0  → https://pub-893b4a6a607b4221a894bf861da7914e.r2.dev/1518916412488930.mp4
carried-forward  1749737806164983 c0  → https://pub-893b4a6a607b4221a894bf861da7914e.r2.dev/1749737806164983.mp4
uploaded         1408273838023915 c0  (video) ← 1408273838023915.mp4  → https://pub-893b4a6a607b4221a894bf861da7914e.r2.dev/1408273838023915.mp4
carried-forward  2283025218901164 c0  → https://pub-893b4a6a607b4221a894bf861da7914e.r2.dev/2283025218901164.mp4
carried-forward  1828325671944421 c0  → https://pub-893b4a6a607b4221a894bf861da7914e.r2.dev/1828325671944421.mp4
carried-forward  27558293853823452 c0  → https://pub-893b4a6a607b4221a894bf861da7914e.r2.dev/27558293853823452.mp4
carried-forward  1593425012356611 c0  → https://pub-893b4a6a607b4221a894bf861da7914e.r2.dev/1593425012356611.mp4
carried-forward  3893175160988013 c0  → https://pub-893b4a6a607b4221a894bf861da7914e.r2.dev/3893175160988013.mp4
carried-forward  1553673186453453 c0  → https://pub-893b4a6a607b4221a894bf861da7914e.r2.dev/1553673186453453.mp4
carried-forward  916224887426273 c0  → https://pub-893b4a6a607b4221a894bf861da7914e.r2.dev/916224887426273.mp4
carried-forward  2379096062649903 c0  → https://pub-893b4a6a607b4221a894bf861da7914e.r2.dev/2379096062649903.mp4
carried-forward  1059310467047802 c0  → https://pub-893b4a6a607b4221a894bf861da7914e.r2.dev/1059310467047802.mp4
uploaded         1348493374064536 c0  (video) ← 1348493374064536.mp4  → https://pub-893b4a6a607b4221a894bf861da7914e.r2.dev/1348493374064536.mp4
carried-forward  1392840026074844 c0  → https://pub-893b4a6a607b4221a894bf861da7914e.r2.dev/1392840026074844.mp4
carried-forward  1756386112184302 c0  → https://pub-893b4a6a607b4221a894bf861da7914e.r2.dev/1756386112184302.mp4
carried-forward  1024466240301940 c0  → https://pub-893b4a6a607b4221a894bf861da7914e.r2.dev/1024466240301940.mp4
carried-forward  1572033057645862 c0  → https://pub-893b4a6a607b4221a894bf861da7914e.r2.dev/1572033057645862.mp4
carried-forward  4370657373201809 c0  → https://pub-893b4a6a607b4221a894bf861da7914e.r2.dev/4370657373201809.mp4
uploaded         877077458384696 c0  (video) ← 877077458384696.mp4  → https://pub-893b4a6a607b4221a894bf861da7914e.r2.dev/877077458384696.mp4
carried-forward  1028318359781088 c0  → https://pub-893b4a6a607b4221a894bf861da7914e.r2.dev/1028318359781088.mp4
carried-forward  1036384958750209 c0  → https://pub-893b4a6a607b4221a894bf861da7914e.r2.dev/1036384958750209.mp4
carried-forward  1350665050600421 c0  → https://pub-893b4a6a607b4221a894bf861da7914e.r2.dev/1350665050600421.mp4
uploaded         1549141556886354 c0  (video) ← 1549141556886354.mp4  → https://pub-893b4a6a607b4221a894bf861da7914e.r2.dev/1549141556886354.mp4
uploaded         2188049045319084 c0  (video) ← 2188049045319084.mp4  → https://pub-893b4a6a607b4221a894bf861da7914e.r2.dev/2188049045319084.mp4
carried-forward  2241143646686335 c0  → https://pub-893b4a6a607b4221a894bf861da7914e.r2.dev/2241143646686335.mp4
carried-forward  27703050869350197 c0  → https://pub-893b4a6a607b4221a894bf861da7914e.r2.dev/27703050869350197.mp4
carried-forward  1419783906636688 c0  → https://pub-893b4a6a607b4221a894bf861da7914e.r2.dev/1419783906636688.mp4
carried-forward  1756638655362024 c0  → https://pub-893b4a6a607b4221a894bf861da7914e.r2.dev/1756638655362024.mp4
carried-forward  2081358779116501 c0  → https://pub-893b4a6a607b4221a894bf861da7914e.r2.dev/2081358779116501.mp4
uploaded         2097300307664665 c0  (video) ← 2097300307664665.mp4  → https://pub-893b4a6a607b4221a894bf861da7914e.r2.dev/2097300307664665.mp4
carried-forward  2563228734139105 c0  → https://pub-893b4a6a607b4221a894bf861da7914e.r2.dev/2563228734139105.mp4
carried-forward  4373232079613595 c0  → https://pub-893b4a6a607b4221a894bf861da7914e.r2.dev/4373232079613595.mp4
carried-forward  920953324360864 c0  → https://pub-893b4a6a607b4221a894bf861da7914e.r2.dev/920953324360864.mp4
uploaded         1036977032217940 c0  (video) ← 1036977032217940.mp4  → https://pub-893b4a6a607b4221a894bf861da7914e.r2.dev/1036977032217940.mp4
uploaded         1440777631443560 c0  (video) ← 1440777631443560.mp4  → https://pub-893b4a6a607b4221a894bf861da7914e.r2.dev/1440777631443560.mp4
uploaded         1484816956733142 c0  (video) ← 1484816956733142.mp4  → https://pub-893b4a6a607b4221a894bf861da7914e.r2.dev/1484816956733142.mp4
uploaded         1689726825648907 c0  (video) ← 1689726825648907.mp4  → https://pub-893b4a6a607b4221a894bf861da7914e.r2.dev/1689726825648907.mp4
carried-forward  2119651915431693 c0  → https://pub-893b4a6a607b4221a894bf861da7914e.r2.dev/2119651915431693.mp4
uploaded         4798002630418259 c0  (video) ← 4798002630418259.mp4  → https://pub-893b4a6a607b4221a894bf861da7914e.r2.dev/4798002630418259.mp4
