# Step 3 run log
# competitor : lingo-ai
# started_at : 2026-07-11T15:38:55
# input      : facebook/inputs/fb-ads-lingo-ai-2026-07-11-1516.csv
# videos     : facebook/videos/lingo-ai-2026-07-11
# master     : facebook/master/lingo-ai.csv  (updated)
# enriched   : facebook/inputs/fb-ads-lingo-ai-2026-07-11-1516_enriched.csv
# bucket     : video-ads
# public_base: https://pub-893b4a6a607b4221a894bf861da7914e.r2.dev
# dry_run    : False
#
# counts     : {'uploaded': 22, 'carried-forward': 148, 'image-pending': 0, 'video-missing': 6, 'no-creative': 0, 'error': 1}
#
carried-forward  1038854211901779 c0  → https://pub-893b4a6a607b4221a894bf861da7914e.r2.dev/1038854211901779.mp4
video-missing    1038854211901779 c0  (expected file not found in facebook/videos/lingo-ai-2026-07-11)
carried-forward  1586245716244003 c0  → https://pub-893b4a6a607b4221a894bf861da7914e.r2.dev/1586245716244003.mp4
carried-forward  1093823739826634 c0  → https://pub-893b4a6a607b4221a894bf861da7914e.r2.dev/1093823739826634.mp4
carried-forward  1007110078391526 c0  → https://pub-893b4a6a607b4221a894bf861da7914e.r2.dev/1007110078391526.mp4
carried-forward  1962277031827815 c0  → https://pub-893b4a6a607b4221a894bf861da7914e.r2.dev/1962277031827815.mp4
carried-forward  1003526658752736 c0  → https://pub-893b4a6a607b4221a894bf861da7914e.r2.dev/1003526658752736.mp4
video-missing    1003526658752736 c0  (expected file not found in facebook/videos/lingo-ai-2026-07-11)
carried-forward  2817216648647618 c0  → https://pub-893b4a6a607b4221a894bf861da7914e.r2.dev/2817216648647618.mp4
video-missing    2817216648647618 c0  (expected file not found in facebook/videos/lingo-ai-2026-07-11)
carried-forward  1651336692836508 c0  → https://pub-893b4a6a607b4221a894bf861da7914e.r2.dev/1651336692836508.mp4
carried-forward  1683265226128164 c0  → https://pub-893b4a6a607b4221a894bf861da7914e.r2.dev/1683265226128164.mp4
carried-forward  1312402474407625 c0  → https://pub-893b4a6a607b4221a894bf861da7914e.r2.dev/1312402474407625.mp4
carried-forward  993382163488187 c0  → https://pub-893b4a6a607b4221a894bf861da7914e.r2.dev/993382163488187.mp4
carried-forward  27223086024028518 c0  → https://pub-893b4a6a607b4221a894bf861da7914e.r2.dev/27223086024028518.mp4
carried-forward  2391010851423275 c0  → https://pub-893b4a6a607b4221a894bf861da7914e.r2.dev/2391010851423275.mp4
carried-forward  1525338649343366 c0  → https://pub-893b4a6a607b4221a894bf861da7914e.r2.dev/1525338649343366.mp4
carried-forward  1334703498047853 c0  → https://pub-893b4a6a607b4221a894bf861da7914e.r2.dev/1334703498047853.mp4
carried-forward  1006880602208933 c0  → https://pub-893b4a6a607b4221a894bf861da7914e.r2.dev/1006880602208933.mp4
video-missing    1006880602208933 c0  (expected file not found in facebook/videos/lingo-ai-2026-07-11)
carried-forward  1402910178342547 c0  → https://pub-893b4a6a607b4221a894bf861da7914e.r2.dev/1402910178342547.mp4
carried-forward  2223760955053163 c0  → https://pub-893b4a6a607b4221a894bf861da7914e.r2.dev/2223760955053163.mp4
carried-forward  4494315040857752 c0  → https://pub-893b4a6a607b4221a894bf861da7914e.r2.dev/4494315040857752.mp4
carried-forward  2019382318667999 c0  → https://pub-893b4a6a607b4221a894bf861da7914e.r2.dev/2019382318667999.mp4
carried-forward  1037404378858206 c0  → https://pub-893b4a6a607b4221a894bf861da7914e.r2.dev/1037404378858206.mp4
carried-forward  2392982457860413 c0  → https://pub-893b4a6a607b4221a894bf861da7914e.r2.dev/2392982457860413.mp4
carried-forward  1045500287898156 c0  → https://pub-893b4a6a607b4221a894bf861da7914e.r2.dev/1045500287898156.mp4
carried-forward  3504755886343451 c0  → https://pub-893b4a6a607b4221a894bf861da7914e.r2.dev/3504755886343451.mp4
carried-forward  1606914717526779 c0  → https://pub-893b4a6a607b4221a894bf861da7914e.r2.dev/1606914717526779.mp4
carried-forward  2253769662106911 c0  → https://pub-893b4a6a607b4221a894bf861da7914e.r2.dev/2253769662106911.mp4
carried-forward  1698860684599117 c0  → https://pub-893b4a6a607b4221a894bf861da7914e.r2.dev/1698860684599117.mp4
carried-forward  1015373884534744 c0  → https://pub-893b4a6a607b4221a894bf861da7914e.r2.dev/1015373884534744.mp4
carried-forward  1005118642480638 c0  → https://pub-893b4a6a607b4221a894bf861da7914e.r2.dev/1005118642480638.mp4
carried-forward  887411437264964 c0  → https://pub-893b4a6a607b4221a894bf861da7914e.r2.dev/887411437264964.mp4
carried-forward  1320259926955388 c0  → https://pub-893b4a6a607b4221a894bf861da7914e.r2.dev/1320259926955388.mp4
carried-forward  1543107963869133 c0  → https://pub-893b4a6a607b4221a894bf861da7914e.r2.dev/1543107963869133.mp4
video-missing    1543107963869133 c0  (expected file not found in facebook/videos/lingo-ai-2026-07-11)
carried-forward  1270550088309623 c0  → https://pub-893b4a6a607b4221a894bf861da7914e.r2.dev/1270550088309623.mp4
carried-forward  1550615179788469 c0  → https://pub-893b4a6a607b4221a894bf861da7914e.r2.dev/1550615179788469.mp4
carried-forward  2369767763548108 c0  → https://pub-893b4a6a607b4221a894bf861da7914e.r2.dev/2369767763548108.mp4
carried-forward  1335647948693091 c0  → https://pub-893b4a6a607b4221a894bf861da7914e.r2.dev/1335647948693091.mp4
carried-forward  1710683036820361 c0  → https://pub-893b4a6a607b4221a894bf861da7914e.r2.dev/1710683036820361.mp4
carried-forward  2565741070509053 c0  → https://pub-893b4a6a607b4221a894bf861da7914e.r2.dev/2565741070509053.mp4
carried-forward  1705366507331909 c0  → https://pub-893b4a6a607b4221a894bf861da7914e.r2.dev/1705366507331909.mp4
carried-forward  1506922147561152 c0  → https://pub-893b4a6a607b4221a894bf861da7914e.r2.dev/1506922147561152.mp4
carried-forward  1315584217229561 c0  → https://pub-893b4a6a607b4221a894bf861da7914e.r2.dev/1315584217229561.mp4
carried-forward  992641953651273 c0  → https://pub-893b4a6a607b4221a894bf861da7914e.r2.dev/992641953651273.mp4
carried-forward  1679190003136935 c0  → https://pub-893b4a6a607b4221a894bf861da7914e.r2.dev/1679190003136935.mp4
carried-forward  844826715136633 c0  → https://pub-893b4a6a607b4221a894bf861da7914e.r2.dev/844826715136633.mp4
carried-forward  4224513657811159 c0  → https://pub-893b4a6a607b4221a894bf861da7914e.r2.dev/4224513657811159.mp4
carried-forward  1699898057920736 c0  → https://pub-893b4a6a607b4221a894bf861da7914e.r2.dev/1699898057920736.mp4
carried-forward  898871176564000 c0  → https://pub-893b4a6a607b4221a894bf861da7914e.r2.dev/898871176564000.mp4
carried-forward  876256078890716 c0  → https://pub-893b4a6a607b4221a894bf861da7914e.r2.dev/876256078890716.mp4
carried-forward  1382542137258042 c0  → https://pub-893b4a6a607b4221a894bf861da7914e.r2.dev/1382542137258042.mp4
carried-forward  1633628567704710 c0  → https://pub-893b4a6a607b4221a894bf861da7914e.r2.dev/1633628567704710.mp4
carried-forward  1691784178829769 c0  → https://pub-893b4a6a607b4221a894bf861da7914e.r2.dev/1691784178829769.mp4
carried-forward  2216824899072586 c0  → https://pub-893b4a6a607b4221a894bf861da7914e.r2.dev/2216824899072586.mp4
carried-forward  2076022413797975 c0  → https://pub-893b4a6a607b4221a894bf861da7914e.r2.dev/2076022413797975.mp4
carried-forward  878207795333026 c0  → https://pub-893b4a6a607b4221a894bf861da7914e.r2.dev/878207795333026.mp4
carried-forward  1737720157248252 c0  → https://pub-893b4a6a607b4221a894bf861da7914e.r2.dev/1737720157248252.mp4
carried-forward  1339863324327266 c0  → https://pub-893b4a6a607b4221a894bf861da7914e.r2.dev/1339863324327266.mp4
carried-forward  900011839294388 c0  → https://pub-893b4a6a607b4221a894bf861da7914e.r2.dev/900011839294388.mp4
carried-forward  1731350314547390 c0  → https://pub-893b4a6a607b4221a894bf861da7914e.r2.dev/1731350314547390.mp4
carried-forward  3403536496487480 c0  → https://pub-893b4a6a607b4221a894bf861da7914e.r2.dev/3403536496487480.mp4
carried-forward  4252978928346557 c0  → https://pub-893b4a6a607b4221a894bf861da7914e.r2.dev/4252978928346557.mp4
carried-forward  1787338259110606 c0  → https://pub-893b4a6a607b4221a894bf861da7914e.r2.dev/1787338259110606.mp4
carried-forward  1247435140696299 c0  → https://pub-893b4a6a607b4221a894bf861da7914e.r2.dev/1247435140696299.mp4
carried-forward  1376125071000503 c0  → https://pub-893b4a6a607b4221a894bf861da7914e.r2.dev/1376125071000503.mp4
carried-forward  2153258851904762 c0  → https://pub-893b4a6a607b4221a894bf861da7914e.r2.dev/2153258851904762.mp4
carried-forward  1332107031680751 c0  → https://pub-893b4a6a607b4221a894bf861da7914e.r2.dev/1332107031680751.mp4
carried-forward  1735192437671922 c0  → https://pub-893b4a6a607b4221a894bf861da7914e.r2.dev/1735192437671922.mp4
carried-forward  1929767137611529 c0  → https://pub-893b4a6a607b4221a894bf861da7914e.r2.dev/1929767137611529.mp4
carried-forward  1583929746697634 c0  → https://pub-893b4a6a607b4221a894bf861da7914e.r2.dev/1583929746697634.mp4
carried-forward  1492092175305768 c0  → https://pub-893b4a6a607b4221a894bf861da7914e.r2.dev/1492092175305768.mp4
carried-forward  1031747116205172 c0  → https://pub-893b4a6a607b4221a894bf861da7914e.r2.dev/1031747116205172.mp4
carried-forward  1220089980142236 c0  → https://pub-893b4a6a607b4221a894bf861da7914e.r2.dev/1220089980142236.mp4
carried-forward  4563175387238880 c0  → https://pub-893b4a6a607b4221a894bf861da7914e.r2.dev/4563175387238880.mp4
carried-forward  3340516169466059 c0  → https://pub-893b4a6a607b4221a894bf861da7914e.r2.dev/3340516169466059.mp4
carried-forward  1427717762585898 c0  → https://pub-893b4a6a607b4221a894bf861da7914e.r2.dev/1427717762585898.mp4
carried-forward  1663926744681954 c0  → https://pub-893b4a6a607b4221a894bf861da7914e.r2.dev/1663926744681954.mp4
carried-forward  3302356096615244 c0  → https://pub-893b4a6a607b4221a894bf861da7914e.r2.dev/3302356096615244.mp4
carried-forward  1821063475538897 c0  → https://pub-893b4a6a607b4221a894bf861da7914e.r2.dev/1821063475538897.mp4
carried-forward  1035971962252837 c0  → https://pub-893b4a6a607b4221a894bf861da7914e.r2.dev/1035971962252837.mp4
video-missing    1035971962252837 c0  (expected file not found in facebook/videos/lingo-ai-2026-07-11)
carried-forward  1196805302586861 c0  → https://pub-893b4a6a607b4221a894bf861da7914e.r2.dev/1196805302586861.mp4
carried-forward  2823538731356920 c0  → https://pub-893b4a6a607b4221a894bf861da7914e.r2.dev/2823538731356920.mp4
carried-forward  27452618647721236 c0  → https://pub-893b4a6a607b4221a894bf861da7914e.r2.dev/27452618647721236.mp4
carried-forward  2013049059297231 c0  → https://pub-893b4a6a607b4221a894bf861da7914e.r2.dev/2013049059297231.mp4
carried-forward  2092898847957783 c0  → https://pub-893b4a6a607b4221a894bf861da7914e.r2.dev/2092898847957783.mp4
carried-forward  1045174564674619 c0  → https://pub-893b4a6a607b4221a894bf861da7914e.r2.dev/1045174564674619.mp4
carried-forward  1343730573811486 c0  → https://pub-893b4a6a607b4221a894bf861da7914e.r2.dev/1343730573811486.mp4
carried-forward  1754835955688580 c0  → https://pub-893b4a6a607b4221a894bf861da7914e.r2.dev/1754835955688580.mp4
carried-forward  826967597018641 c0  → https://pub-893b4a6a607b4221a894bf861da7914e.r2.dev/826967597018641.mp4
carried-forward  1561874152143403 c0  → https://pub-893b4a6a607b4221a894bf861da7914e.r2.dev/1561874152143403.mp4
carried-forward  1403634755018898 c0  → https://pub-893b4a6a607b4221a894bf861da7914e.r2.dev/1403634755018898.mp4
error-upload     1015124921433772 c0  ← 1015124921433772.mp4  : ReadTimeoutError: Read timeout on endpoint URL: "https://dcfd27564ef899969db9a562c7e1945f.r2.cloudflarestorage.com/video-ads/1015124921433772.mp4"
carried-forward  1778942330132715 c0  → https://pub-893b4a6a607b4221a894bf861da7914e.r2.dev/1778942330132715.mp4
carried-forward  1542381087664169 c0  → https://pub-893b4a6a607b4221a894bf861da7914e.r2.dev/1542381087664169.mp4
carried-forward  27350423597950324 c0  → https://pub-893b4a6a607b4221a894bf861da7914e.r2.dev/27350423597950324.mp4
uploaded         1005858105794583 c0  (video) ← 1005858105794583.mp4  → https://pub-893b4a6a607b4221a894bf861da7914e.r2.dev/1005858105794583.mp4
carried-forward  1028449009853941 c0  → https://pub-893b4a6a607b4221a894bf861da7914e.r2.dev/1028449009853941.mp4
carried-forward  1283221783885984 c0  → https://pub-893b4a6a607b4221a894bf861da7914e.r2.dev/1283221783885984.mp4
uploaded         930122306779499 c0  (video) ← 930122306779499.mp4  → https://pub-893b4a6a607b4221a894bf861da7914e.r2.dev/930122306779499.mp4
carried-forward  1665570207993946 c0  → https://pub-893b4a6a607b4221a894bf861da7914e.r2.dev/1665570207993946.mp4
carried-forward  1919347278781942 c0  → https://pub-893b4a6a607b4221a894bf861da7914e.r2.dev/1919347278781942.mp4
carried-forward  26585542294455680 c0  → https://pub-893b4a6a607b4221a894bf861da7914e.r2.dev/26585542294455680.mp4
carried-forward  2367898560406946 c0  → https://pub-893b4a6a607b4221a894bf861da7914e.r2.dev/2367898560406946.mp4
carried-forward  2276444916498087 c0  → https://pub-893b4a6a607b4221a894bf861da7914e.r2.dev/2276444916498087.mp4
uploaded         1027048733068187 c0  (video) ← 1027048733068187.mp4  → https://pub-893b4a6a607b4221a894bf861da7914e.r2.dev/1027048733068187.mp4
carried-forward  1522131736306902 c0  → https://pub-893b4a6a607b4221a894bf861da7914e.r2.dev/1522131736306902.mp4
carried-forward  1439572961529603 c0  → https://pub-893b4a6a607b4221a894bf861da7914e.r2.dev/1439572961529603.mp4
carried-forward  864884643351667 c0  → https://pub-893b4a6a607b4221a894bf861da7914e.r2.dev/864884643351667.mp4
uploaded         1060787429797748 c0  (video) ← 1060787429797748.mp4  → https://pub-893b4a6a607b4221a894bf861da7914e.r2.dev/1060787429797748.mp4
carried-forward  1620690590064291 c0  → https://pub-893b4a6a607b4221a894bf861da7914e.r2.dev/1620690590064291.mp4
carried-forward  1967353097232627 c0  → https://pub-893b4a6a607b4221a894bf861da7914e.r2.dev/1967353097232627.mp4
carried-forward  888239487656454 c0  → https://pub-893b4a6a607b4221a894bf861da7914e.r2.dev/888239487656454.mp4
carried-forward  1635215360918989 c0  → https://pub-893b4a6a607b4221a894bf861da7914e.r2.dev/1635215360918989.mp4
carried-forward  27769826902701872 c0  → https://pub-893b4a6a607b4221a894bf861da7914e.r2.dev/27769826902701872.mp4
carried-forward  2085395099082017 c0  → https://pub-893b4a6a607b4221a894bf861da7914e.r2.dev/2085395099082017.mp4
carried-forward  1016181760769430 c0  → https://pub-893b4a6a607b4221a894bf861da7914e.r2.dev/1016181760769430.mp4
carried-forward  4502343840085095 c0  → https://pub-893b4a6a607b4221a894bf861da7914e.r2.dev/4502343840085095.mp4
carried-forward  927001883738955 c0  → https://pub-893b4a6a607b4221a894bf861da7914e.r2.dev/927001883738955.mp4
carried-forward  1016600137901431 c0  → https://pub-893b4a6a607b4221a894bf861da7914e.r2.dev/1016600137901431.mp4
uploaded         1512107510084733 c0  (video) ← 1512107510084733.mp4  → https://pub-893b4a6a607b4221a894bf861da7914e.r2.dev/1512107510084733.mp4
carried-forward  1336049577946625 c0  → https://pub-893b4a6a607b4221a894bf861da7914e.r2.dev/1336049577946625.mp4
carried-forward  2004918717053281 c0  → https://pub-893b4a6a607b4221a894bf861da7914e.r2.dev/2004918717053281.mp4
carried-forward  1700427231075832 c0  → https://pub-893b4a6a607b4221a894bf861da7914e.r2.dev/1700427231075832.mp4
uploaded         2179213682620587 c0  (video) ← 2179213682620587.mp4  → https://pub-893b4a6a607b4221a894bf861da7914e.r2.dev/2179213682620587.mp4
carried-forward  989294387242933 c0  → https://pub-893b4a6a607b4221a894bf861da7914e.r2.dev/989294387242933.mp4
carried-forward  1374120354782002 c0  → https://pub-893b4a6a607b4221a894bf861da7914e.r2.dev/1374120354782002.mp4
carried-forward  1583414193197730 c0  → https://pub-893b4a6a607b4221a894bf861da7914e.r2.dev/1583414193197730.mp4
carried-forward  1707581497157872 c0  → https://pub-893b4a6a607b4221a894bf861da7914e.r2.dev/1707581497157872.mp4
carried-forward  2068067197478170 c0  → https://pub-893b4a6a607b4221a894bf861da7914e.r2.dev/2068067197478170.mp4
carried-forward  3220717538115795 c0  → https://pub-893b4a6a607b4221a894bf861da7914e.r2.dev/3220717538115795.mp4
carried-forward  27200422259600892 c0  → https://pub-893b4a6a607b4221a894bf861da7914e.r2.dev/27200422259600892.mp4
carried-forward  2803714463336846 c0  → https://pub-893b4a6a607b4221a894bf861da7914e.r2.dev/2803714463336846.mp4
uploaded         4397797407216679 c0  (video) ← 4397797407216679.mp4  → https://pub-893b4a6a607b4221a894bf861da7914e.r2.dev/4397797407216679.mp4
carried-forward  1060355273110030 c0  → https://pub-893b4a6a607b4221a894bf861da7914e.r2.dev/1060355273110030.mp4
uploaded         1972127246813621 c0  (video) ← 1972127246813621.mp4  → https://pub-893b4a6a607b4221a894bf861da7914e.r2.dev/1972127246813621.mp4
carried-forward  1715352939800344 c0  → https://pub-893b4a6a607b4221a894bf861da7914e.r2.dev/1715352939800344.mp4
carried-forward  4375615639367489 c0  → https://pub-893b4a6a607b4221a894bf861da7914e.r2.dev/4375615639367489.mp4
carried-forward  986024980878185 c0  → https://pub-893b4a6a607b4221a894bf861da7914e.r2.dev/986024980878185.mp4
carried-forward  1372763528076706 c0  → https://pub-893b4a6a607b4221a894bf861da7914e.r2.dev/1372763528076706.mp4
uploaded         4289469851302149 c0  (video) ← 4289469851302149.mp4  → https://pub-893b4a6a607b4221a894bf861da7914e.r2.dev/4289469851302149.mp4
carried-forward  1564342995284861 c0  → https://pub-893b4a6a607b4221a894bf861da7914e.r2.dev/1564342995284861.mp4
carried-forward  1576176400691896 c0  → https://pub-893b4a6a607b4221a894bf861da7914e.r2.dev/1576176400691896.mp4
carried-forward  2200965640744058 c0  → https://pub-893b4a6a607b4221a894bf861da7914e.r2.dev/2200965640744058.mp4
carried-forward  1662197908406292 c0  → https://pub-893b4a6a607b4221a894bf861da7914e.r2.dev/1662197908406292.mp4
carried-forward  958995487133739 c0  → https://pub-893b4a6a607b4221a894bf861da7914e.r2.dev/958995487133739.mp4
carried-forward  1700473561187346 c0  → https://pub-893b4a6a607b4221a894bf861da7914e.r2.dev/1700473561187346.mp4
carried-forward  1800250790970348 c0  → https://pub-893b4a6a607b4221a894bf861da7914e.r2.dev/1800250790970348.mp4
carried-forward  966959169705796 c0  → https://pub-893b4a6a607b4221a894bf861da7914e.r2.dev/966959169705796.mp4
carried-forward  2815498448806265 c0  → https://pub-893b4a6a607b4221a894bf861da7914e.r2.dev/2815498448806265.mp4
carried-forward  1023667883631726 c0  → https://pub-893b4a6a607b4221a894bf861da7914e.r2.dev/1023667883631726.mp4
carried-forward  1331149945806050 c0  → https://pub-893b4a6a607b4221a894bf861da7914e.r2.dev/1331149945806050.mp4
uploaded         28177094421896972 c0  (video) ← 28177094421896972.mp4  → https://pub-893b4a6a607b4221a894bf861da7914e.r2.dev/28177094421896972.mp4
carried-forward  1227138466187768 c0  → https://pub-893b4a6a607b4221a894bf861da7914e.r2.dev/1227138466187768.mp4
carried-forward  3925500614254378 c0  → https://pub-893b4a6a607b4221a894bf861da7914e.r2.dev/3925500614254378.mp4
carried-forward  1114436335096220 c0  → https://pub-893b4a6a607b4221a894bf861da7914e.r2.dev/1114436335096220.mp4
uploaded         2654198474977868 c0  (video) ← 2654198474977868.mp4  → https://pub-893b4a6a607b4221a894bf861da7914e.r2.dev/2654198474977868.mp4
carried-forward  1013550654629784 c0  → https://pub-893b4a6a607b4221a894bf861da7914e.r2.dev/1013550654629784.mp4
uploaded         1561681932015617 c0  (video) ← 1561681932015617.mp4  → https://pub-893b4a6a607b4221a894bf861da7914e.r2.dev/1561681932015617.mp4
carried-forward  2016025865946313 c0  → https://pub-893b4a6a607b4221a894bf861da7914e.r2.dev/2016025865946313.mp4
carried-forward  2134439107466829 c0  → https://pub-893b4a6a607b4221a894bf861da7914e.r2.dev/2134439107466829.mp4
carried-forward  879066984787795 c0  → https://pub-893b4a6a607b4221a894bf861da7914e.r2.dev/879066984787795.mp4
uploaded         1036575242203841 c0  (video) ← 1036575242203841.mp4  → https://pub-893b4a6a607b4221a894bf861da7914e.r2.dev/1036575242203841.mp4
carried-forward  1077103504746451 c0  → https://pub-893b4a6a607b4221a894bf861da7914e.r2.dev/1077103504746451.mp4
uploaded         1078811787841101 c0  (video) ← 1078811787841101.mp4  → https://pub-893b4a6a607b4221a894bf861da7914e.r2.dev/1078811787841101.mp4
uploaded         1360591792698190 c0  (video) ← 1360591792698190.mp4  → https://pub-893b4a6a607b4221a894bf861da7914e.r2.dev/1360591792698190.mp4
uploaded         1476996661108631 c0  (video) ← 1476996661108631.mp4  → https://pub-893b4a6a607b4221a894bf861da7914e.r2.dev/1476996661108631.mp4
uploaded         1539898520838626 c0  (video) ← 1539898520838626.mp4  → https://pub-893b4a6a607b4221a894bf861da7914e.r2.dev/1539898520838626.mp4
uploaded         1566755251808699 c0  (video) ← 1566755251808699.mp4  → https://pub-893b4a6a607b4221a894bf861da7914e.r2.dev/1566755251808699.mp4
uploaded         1676195966972808 c0  (video) ← 1676195966972808.mp4  → https://pub-893b4a6a607b4221a894bf861da7914e.r2.dev/1676195966972808.mp4
uploaded         3144037579130136 c0  (video) ← 3144037579130136.mp4  → https://pub-893b4a6a607b4221a894bf861da7914e.r2.dev/3144037579130136.mp4
uploaded         3155628847962719 c0  (video) ← 3155628847962719.mp4  → https://pub-893b4a6a607b4221a894bf861da7914e.r2.dev/3155628847962719.mp4
carried-forward  27530590489886828 c0  → https://pub-893b4a6a607b4221a894bf861da7914e.r2.dev/27530590489886828.mp4
uploaded         27861019510189640 c0  (video) ← 27861019510189640.mp4  → https://pub-893b4a6a607b4221a894bf861da7914e.r2.dev/27861019510189640.mp4
