# Step 3 run log
# competitor : lingo-ai
# started_at : 2026-06-23T13:40:54
# input      : facebook/inputs/fb-ads-lingo-ai-2026-06-23-1321.csv
# videos     : facebook/videos/lingo-ai-2026-06-23
# master     : facebook/master/lingo-ai.csv  (updated)
# enriched   : facebook/inputs/fb-ads-lingo-ai-2026-06-23-1321_enriched.csv
# bucket     : video-ads
# public_base: https://dcfd27564ef899969db9a562c7e1945f.r2.cloudflarestorage.com
# dry_run    : False
#
# counts     : {'uploaded': 0, 'carried-forward': 30, 'image-pending': 0, 'video-missing': 0, 'no-creative': 0, 'error': 0}
#
carried-forward  1977029976261208 c0  → https://dcfd27564ef899969db9a562c7e1945f.r2.cloudflarestorage.com/1977029976261208.mp4
carried-forward  1383319060331609 c0  → https://dcfd27564ef899969db9a562c7e1945f.r2.cloudflarestorage.com/1383319060331609.mp4
carried-forward  4472111663072824 c0  → https://dcfd27564ef899969db9a562c7e1945f.r2.cloudflarestorage.com/4472111663072824.mp4
carried-forward  1093823739826634 c0  → https://dcfd27564ef899969db9a562c7e1945f.r2.cloudflarestorage.com/1093823739826634.mp4
carried-forward  1651336692836508 c0  → https://dcfd27564ef899969db9a562c7e1945f.r2.cloudflarestorage.com/1651336692836508.mp4
carried-forward  2450479242113519 c0  → https://dcfd27564ef899969db9a562c7e1945f.r2.cloudflarestorage.com/2450479242113519.mp4
carried-forward  1585086063034358 c0  → https://dcfd27564ef899969db9a562c7e1945f.r2.cloudflarestorage.com/1585086063034358.mp4
carried-forward  1007110078391526 c0  → https://dcfd27564ef899969db9a562c7e1945f.r2.cloudflarestorage.com/1007110078391526.mp4
carried-forward  1333230688768920 c0  → https://dcfd27564ef899969db9a562c7e1945f.r2.cloudflarestorage.com/1333230688768920.mp4
carried-forward  1348272590597709 c0  → https://dcfd27564ef899969db9a562c7e1945f.r2.cloudflarestorage.com/1348272590597709.mp4
carried-forward  992031523734356 c0  → https://dcfd27564ef899969db9a562c7e1945f.r2.cloudflarestorage.com/992031523734356.mp4
carried-forward  2200199017412412 c0  → https://dcfd27564ef899969db9a562c7e1945f.r2.cloudflarestorage.com/2200199017412412.mp4
carried-forward  965379309656441 c0  → https://dcfd27564ef899969db9a562c7e1945f.r2.cloudflarestorage.com/965379309656441.mp4
carried-forward  2223760955053163 c0  → https://dcfd27564ef899969db9a562c7e1945f.r2.cloudflarestorage.com/2223760955053163.mp4
carried-forward  2529530774161992 c0  → https://dcfd27564ef899969db9a562c7e1945f.r2.cloudflarestorage.com/2529530774161992.mp4
carried-forward  1402910178342547 c0  → https://dcfd27564ef899969db9a562c7e1945f.r2.cloudflarestorage.com/1402910178342547.mp4
carried-forward  4538220956421951 c0  → https://dcfd27564ef899969db9a562c7e1945f.r2.cloudflarestorage.com/4538220956421951.mp4
carried-forward  1005665278776250 c0  → https://dcfd27564ef899969db9a562c7e1945f.r2.cloudflarestorage.com/1005665278776250.mp4
carried-forward  993382163488187 c0  → https://dcfd27564ef899969db9a562c7e1945f.r2.cloudflarestorage.com/993382163488187.mp4
carried-forward  2741226512911984 c0  → https://dcfd27564ef899969db9a562c7e1945f.r2.cloudflarestorage.com/2741226512911984.mp4
carried-forward  1951759685545457 c0  → https://dcfd27564ef899969db9a562c7e1945f.r2.cloudflarestorage.com/1951759685545457.mp4
carried-forward  1637899393946769 c0  → https://dcfd27564ef899969db9a562c7e1945f.r2.cloudflarestorage.com/1637899393946769.mp4
carried-forward  2065988441018895 c0  → https://dcfd27564ef899969db9a562c7e1945f.r2.cloudflarestorage.com/2065988441018895.mp4
carried-forward  1005118642480638 c0  → https://dcfd27564ef899969db9a562c7e1945f.r2.cloudflarestorage.com/1005118642480638.mp4
carried-forward  1448015583763183 c0  → https://dcfd27564ef899969db9a562c7e1945f.r2.cloudflarestorage.com/1448015583763183.mp4
carried-forward  1266210548740608 c0  → https://dcfd27564ef899969db9a562c7e1945f.r2.cloudflarestorage.com/1266210548740608.mp4
carried-forward  4687673938174151 c0  → https://dcfd27564ef899969db9a562c7e1945f.r2.cloudflarestorage.com/4687673938174151.mp4
carried-forward  1024869239979532 c0  → https://dcfd27564ef899969db9a562c7e1945f.r2.cloudflarestorage.com/1024869239979532.mp4
carried-forward  2153023128817946 c0  → https://dcfd27564ef899969db9a562c7e1945f.r2.cloudflarestorage.com/2153023128817946.mp4
carried-forward  3157903207933727 c0  → https://dcfd27564ef899969db9a562c7e1945f.r2.cloudflarestorage.com/3157903207933727.mp4
