# Step 3 run log
# competitor : lingo-ai
# started_at : 2026-07-10T13:44:37
# input      : facebook/inputs/fb-ads-lingo-ai-2026-07-10-1336.csv
# videos     : facebook/videos/lingo-ai-2026-07-10
# master     : facebook/master/lingo-ai.csv  (updated)
# enriched   : facebook/inputs/fb-ads-lingo-ai-2026-07-10-1336_enriched.csv
# bucket     : video-ads
# public_base: https://pub-893b4a6a607b4221a894bf861da7914e.r2.dev
# dry_run    : False
#
# counts     : {'uploaded': 90, 'carried-forward': 142, 'image-pending': 0, 'video-missing': 1, 'no-creative': 0, 'error': 0}
#
carried-forward  1038854211901779 c0  → https://pub-893b4a6a607b4221a894bf861da7914e.r2.dev/1038854211901779.mp4
video-missing    1038854211901779 c0  (expected file not found in facebook/videos/lingo-ai-2026-07-10)
carried-forward  1586245716244003 c0  → https://pub-893b4a6a607b4221a894bf861da7914e.r2.dev/1586245716244003.mp4
carried-forward  1093823739826634 c0  → https://pub-893b4a6a607b4221a894bf861da7914e.r2.dev/1093823739826634.mp4
carried-forward  1007110078391526 c0  → https://pub-893b4a6a607b4221a894bf861da7914e.r2.dev/1007110078391526.mp4
carried-forward  1962277031827815 c0  → https://pub-893b4a6a607b4221a894bf861da7914e.r2.dev/1962277031827815.mp4
carried-forward  1003526658752736 c0  → https://pub-893b4a6a607b4221a894bf861da7914e.r2.dev/1003526658752736.mp4
carried-forward  2817216648647618 c0  → https://pub-893b4a6a607b4221a894bf861da7914e.r2.dev/2817216648647618.mp4
carried-forward  1651336692836508 c0  → https://pub-893b4a6a607b4221a894bf861da7914e.r2.dev/1651336692836508.mp4
carried-forward  861649606640914 c0  → https://pub-893b4a6a607b4221a894bf861da7914e.r2.dev/861649606640914.mp4
carried-forward  1683265226128164 c0  → https://pub-893b4a6a607b4221a894bf861da7914e.r2.dev/1683265226128164.mp4
carried-forward  1312402474407625 c0  → https://pub-893b4a6a607b4221a894bf861da7914e.r2.dev/1312402474407625.mp4
carried-forward  993382163488187 c0  → https://pub-893b4a6a607b4221a894bf861da7914e.r2.dev/993382163488187.mp4
carried-forward  27223086024028518 c0  → https://pub-893b4a6a607b4221a894bf861da7914e.r2.dev/27223086024028518.mp4
carried-forward  1525338649343366 c0  → https://pub-893b4a6a607b4221a894bf861da7914e.r2.dev/1525338649343366.mp4
uploaded         1040008251940278 c0  (video) ← 1040008251940278.mp4  → https://pub-893b4a6a607b4221a894bf861da7914e.r2.dev/1040008251940278.mp4
carried-forward  831092886606480 c0  → https://pub-893b4a6a607b4221a894bf861da7914e.r2.dev/831092886606480.mp4
carried-forward  1006880602208933 c0  → https://pub-893b4a6a607b4221a894bf861da7914e.r2.dev/1006880602208933.mp4
carried-forward  1402910178342547 c0  → https://pub-893b4a6a607b4221a894bf861da7914e.r2.dev/1402910178342547.mp4
carried-forward  2466790553795266 c0  → https://pub-893b4a6a607b4221a894bf861da7914e.r2.dev/2466790553795266.mp4
carried-forward  2223760955053163 c0  → https://pub-893b4a6a607b4221a894bf861da7914e.r2.dev/2223760955053163.mp4
carried-forward  4494315040857752 c0  → https://pub-893b4a6a607b4221a894bf861da7914e.r2.dev/4494315040857752.mp4
carried-forward  2019382318667999 c0  → https://pub-893b4a6a607b4221a894bf861da7914e.r2.dev/2019382318667999.mp4
carried-forward  1037404378858206 c0  → https://pub-893b4a6a607b4221a894bf861da7914e.r2.dev/1037404378858206.mp4
carried-forward  1045500287898156 c0  → https://pub-893b4a6a607b4221a894bf861da7914e.r2.dev/1045500287898156.mp4
uploaded         1907043540682083 c0  (video) ← 1907043540682083.mp4  → https://pub-893b4a6a607b4221a894bf861da7914e.r2.dev/1907043540682083.mp4
carried-forward  3504755886343451 c0  → https://pub-893b4a6a607b4221a894bf861da7914e.r2.dev/3504755886343451.mp4
carried-forward  1606914717526779 c0  → https://pub-893b4a6a607b4221a894bf861da7914e.r2.dev/1606914717526779.mp4
carried-forward  2253769662106911 c0  → https://pub-893b4a6a607b4221a894bf861da7914e.r2.dev/2253769662106911.mp4
carried-forward  1698860684599117 c0  → https://pub-893b4a6a607b4221a894bf861da7914e.r2.dev/1698860684599117.mp4
carried-forward  1015373884534744 c0  → https://pub-893b4a6a607b4221a894bf861da7914e.r2.dev/1015373884534744.mp4
carried-forward  1005118642480638 c0  → https://pub-893b4a6a607b4221a894bf861da7914e.r2.dev/1005118642480638.mp4
carried-forward  887411437264964 c0  → https://pub-893b4a6a607b4221a894bf861da7914e.r2.dev/887411437264964.mp4
uploaded         1416914453817157 c0  (video) ← 1416914453817157.mp4  → https://pub-893b4a6a607b4221a894bf861da7914e.r2.dev/1416914453817157.mp4
carried-forward  1336448118024889 c0  → https://pub-893b4a6a607b4221a894bf861da7914e.r2.dev/1336448118024889.mp4
carried-forward  1320259926955388 c0  → https://pub-893b4a6a607b4221a894bf861da7914e.r2.dev/1320259926955388.mp4
carried-forward  1543107963869133 c0  → https://pub-893b4a6a607b4221a894bf861da7914e.r2.dev/1543107963869133.mp4
carried-forward  1270550088309623 c0  → https://pub-893b4a6a607b4221a894bf861da7914e.r2.dev/1270550088309623.mp4
carried-forward  1427273542560007 c0  → https://pub-893b4a6a607b4221a894bf861da7914e.r2.dev/1427273542560007.mp4
uploaded         1034923762285330 c0  (video) ← 1034923762285330.mp4  → https://pub-893b4a6a607b4221a894bf861da7914e.r2.dev/1034923762285330.mp4
carried-forward  1550615179788469 c0  → https://pub-893b4a6a607b4221a894bf861da7914e.r2.dev/1550615179788469.mp4
carried-forward  2369767763548108 c0  → https://pub-893b4a6a607b4221a894bf861da7914e.r2.dev/2369767763548108.mp4
carried-forward  1710683036820361 c0  → https://pub-893b4a6a607b4221a894bf861da7914e.r2.dev/1710683036820361.mp4
carried-forward  870963332338882 c0  → https://pub-893b4a6a607b4221a894bf861da7914e.r2.dev/870963332338882.mp4
carried-forward  2565741070509053 c0  → https://pub-893b4a6a607b4221a894bf861da7914e.r2.dev/2565741070509053.mp4
carried-forward  1705366507331909 c0  → https://pub-893b4a6a607b4221a894bf861da7914e.r2.dev/1705366507331909.mp4
carried-forward  1506922147561152 c0  → https://pub-893b4a6a607b4221a894bf861da7914e.r2.dev/1506922147561152.mp4
carried-forward  1314349297349028 c0  → https://pub-893b4a6a607b4221a894bf861da7914e.r2.dev/1314349297349028.mp4
carried-forward  1315584217229561 c0  → https://pub-893b4a6a607b4221a894bf861da7914e.r2.dev/1315584217229561.mp4
carried-forward  992641953651273 c0  → https://pub-893b4a6a607b4221a894bf861da7914e.r2.dev/992641953651273.mp4
carried-forward  1679190003136935 c0  → https://pub-893b4a6a607b4221a894bf861da7914e.r2.dev/1679190003136935.mp4
carried-forward  1023882713944329 c0  → https://pub-893b4a6a607b4221a894bf861da7914e.r2.dev/1023882713944329.mp4
carried-forward  1360909859310163 c0  → https://pub-893b4a6a607b4221a894bf861da7914e.r2.dev/1360909859310163.mp4
uploaded         2115206619430551 c0  (video) ← 2115206619430551.mp4  → https://pub-893b4a6a607b4221a894bf861da7914e.r2.dev/2115206619430551.mp4
carried-forward  898871176564000 c0  → https://pub-893b4a6a607b4221a894bf861da7914e.r2.dev/898871176564000.mp4
carried-forward  1382542137258042 c0  → https://pub-893b4a6a607b4221a894bf861da7914e.r2.dev/1382542137258042.mp4
carried-forward  1633628567704710 c0  → https://pub-893b4a6a607b4221a894bf861da7914e.r2.dev/1633628567704710.mp4
carried-forward  1691784178829769 c0  → https://pub-893b4a6a607b4221a894bf861da7914e.r2.dev/1691784178829769.mp4
carried-forward  2216824899072586 c0  → https://pub-893b4a6a607b4221a894bf861da7914e.r2.dev/2216824899072586.mp4
carried-forward  2076022413797975 c0  → https://pub-893b4a6a607b4221a894bf861da7914e.r2.dev/2076022413797975.mp4
carried-forward  1555307446033768 c0  → https://pub-893b4a6a607b4221a894bf861da7914e.r2.dev/1555307446033768.mp4
uploaded         1807588650220452 c0  (video) ← 1807588650220452.mp4  → https://pub-893b4a6a607b4221a894bf861da7914e.r2.dev/1807588650220452.mp4
carried-forward  2953210015070433 c0  → https://pub-893b4a6a607b4221a894bf861da7914e.r2.dev/2953210015070433.mp4
carried-forward  2301738637239103 c0  → https://pub-893b4a6a607b4221a894bf861da7914e.r2.dev/2301738637239103.mp4
carried-forward  27721992284097701 c0  → https://pub-893b4a6a607b4221a894bf861da7914e.r2.dev/27721992284097701.mp4
carried-forward  1038960765740921 c0  → https://pub-893b4a6a607b4221a894bf861da7914e.r2.dev/1038960765740921.mp4
carried-forward  878207795333026 c0  → https://pub-893b4a6a607b4221a894bf861da7914e.r2.dev/878207795333026.mp4
carried-forward  2482904312217567 c0  → https://pub-893b4a6a607b4221a894bf861da7914e.r2.dev/2482904312217567.mp4
carried-forward  2813715025687922 c0  → https://pub-893b4a6a607b4221a894bf861da7914e.r2.dev/2813715025687922.mp4
carried-forward  1737720157248252 c0  → https://pub-893b4a6a607b4221a894bf861da7914e.r2.dev/1737720157248252.mp4
uploaded         2150079808885518 c0  (video) ← 2150079808885518.mp4  → https://pub-893b4a6a607b4221a894bf861da7914e.r2.dev/2150079808885518.mp4
carried-forward  900011839294388 c0  → https://pub-893b4a6a607b4221a894bf861da7914e.r2.dev/900011839294388.mp4
carried-forward  1731350314547390 c0  → https://pub-893b4a6a607b4221a894bf861da7914e.r2.dev/1731350314547390.mp4
carried-forward  3403536496487480 c0  → https://pub-893b4a6a607b4221a894bf861da7914e.r2.dev/3403536496487480.mp4
carried-forward  4252978928346557 c0  → https://pub-893b4a6a607b4221a894bf861da7914e.r2.dev/4252978928346557.mp4
carried-forward  1787338259110606 c0  → https://pub-893b4a6a607b4221a894bf861da7914e.r2.dev/1787338259110606.mp4
carried-forward  2746750199025259 c0  → https://pub-893b4a6a607b4221a894bf861da7914e.r2.dev/2746750199025259.mp4
carried-forward  1376125071000503 c0  → https://pub-893b4a6a607b4221a894bf861da7914e.r2.dev/1376125071000503.mp4
carried-forward  2153258851904762 c0  → https://pub-893b4a6a607b4221a894bf861da7914e.r2.dev/2153258851904762.mp4
carried-forward  1032381292979378 c0  → https://pub-893b4a6a607b4221a894bf861da7914e.r2.dev/1032381292979378.mp4
carried-forward  1872503484122617 c0  → https://pub-893b4a6a607b4221a894bf861da7914e.r2.dev/1872503484122617.mp4
carried-forward  1332107031680751 c0  → https://pub-893b4a6a607b4221a894bf861da7914e.r2.dev/1332107031680751.mp4
uploaded         1735192437671922 c0  (video) ← 1735192437671922.mp4  → https://pub-893b4a6a607b4221a894bf861da7914e.r2.dev/1735192437671922.mp4
uploaded         1458249186324763 c0  (video) ← 1458249186324763.mp4  → https://pub-893b4a6a607b4221a894bf861da7914e.r2.dev/1458249186324763.mp4
carried-forward  1344368677815429 c0  → https://pub-893b4a6a607b4221a894bf861da7914e.r2.dev/1344368677815429.mp4
carried-forward  802952912808823 c0  → https://pub-893b4a6a607b4221a894bf861da7914e.r2.dev/802952912808823.mp4
carried-forward  1929767137611529 c0  → https://pub-893b4a6a607b4221a894bf861da7914e.r2.dev/1929767137611529.mp4
carried-forward  1583929746697634 c0  → https://pub-893b4a6a607b4221a894bf861da7914e.r2.dev/1583929746697634.mp4
uploaded         2093130471625718 c0  (video) ← 2093130471625718.mp4  → https://pub-893b4a6a607b4221a894bf861da7914e.r2.dev/2093130471625718.mp4
carried-forward  1492092175305768 c0  → https://pub-893b4a6a607b4221a894bf861da7914e.r2.dev/1492092175305768.mp4
carried-forward  1031747116205172 c0  → https://pub-893b4a6a607b4221a894bf861da7914e.r2.dev/1031747116205172.mp4
carried-forward  4374936622824437 c0  → https://pub-893b4a6a607b4221a894bf861da7914e.r2.dev/4374936622824437.mp4
carried-forward  2185053722273515 c0  → https://pub-893b4a6a607b4221a894bf861da7914e.r2.dev/2185053722273515.mp4
carried-forward  1220089980142236 c0  → https://pub-893b4a6a607b4221a894bf861da7914e.r2.dev/1220089980142236.mp4
carried-forward  3340516169466059 c0  → https://pub-893b4a6a607b4221a894bf861da7914e.r2.dev/3340516169466059.mp4
carried-forward  1516135953622417 c0  → https://pub-893b4a6a607b4221a894bf861da7914e.r2.dev/1516135953622417.mp4
uploaded         1003315479167022 c0  (video) ← 1003315479167022.mp4  → https://pub-893b4a6a607b4221a894bf861da7914e.r2.dev/1003315479167022.mp4
uploaded         989982946995737 c0  (video) ← 989982946995737.mp4  → https://pub-893b4a6a607b4221a894bf861da7914e.r2.dev/989982946995737.mp4
carried-forward  2077032929915956 c0  → https://pub-893b4a6a607b4221a894bf861da7914e.r2.dev/2077032929915956.mp4
carried-forward  1427717762585898 c0  → https://pub-893b4a6a607b4221a894bf861da7914e.r2.dev/1427717762585898.mp4
carried-forward  1100399292660108 c0  → https://pub-893b4a6a607b4221a894bf861da7914e.r2.dev/1100399292660108.mp4
carried-forward  1663926744681954 c0  → https://pub-893b4a6a607b4221a894bf861da7914e.r2.dev/1663926744681954.mp4
carried-forward  3302356096615244 c0  → https://pub-893b4a6a607b4221a894bf861da7914e.r2.dev/3302356096615244.mp4
carried-forward  1037270988881709 c0  → https://pub-893b4a6a607b4221a894bf861da7914e.r2.dev/1037270988881709.mp4
carried-forward  1821063475538897 c0  → https://pub-893b4a6a607b4221a894bf861da7914e.r2.dev/1821063475538897.mp4
carried-forward  1035971962252837 c0  → https://pub-893b4a6a607b4221a894bf861da7914e.r2.dev/1035971962252837.mp4
carried-forward  1915386352474119 c0  → https://pub-893b4a6a607b4221a894bf861da7914e.r2.dev/1915386352474119.mp4
uploaded         1002416809226052 c0  (video) ← 1002416809226052.mp4  → https://pub-893b4a6a607b4221a894bf861da7914e.r2.dev/1002416809226052.mp4
carried-forward  1196805302586861 c0  → https://pub-893b4a6a607b4221a894bf861da7914e.r2.dev/1196805302586861.mp4
carried-forward  1415999857029783 c0  → https://pub-893b4a6a607b4221a894bf861da7914e.r2.dev/1415999857029783.mp4
carried-forward  2823538731356920 c0  → https://pub-893b4a6a607b4221a894bf861da7914e.r2.dev/2823538731356920.mp4
uploaded         1006789228761524 c0  (video) ← 1006789228761524.mp4  → https://pub-893b4a6a607b4221a894bf861da7914e.r2.dev/1006789228761524.mp4
carried-forward  1532901558303092 c0  → https://pub-893b4a6a607b4221a894bf861da7914e.r2.dev/1532901558303092.mp4
carried-forward  2013049059297231 c0  → https://pub-893b4a6a607b4221a894bf861da7914e.r2.dev/2013049059297231.mp4
carried-forward  1069174625775853 c0  → https://pub-893b4a6a607b4221a894bf861da7914e.r2.dev/1069174625775853.mp4
carried-forward  1045174564674619 c0  → https://pub-893b4a6a607b4221a894bf861da7914e.r2.dev/1045174564674619.mp4
uploaded         1570138978076084 c0  (video) ← 1570138978076084.mp4  → https://pub-893b4a6a607b4221a894bf861da7914e.r2.dev/1570138978076084.mp4
uploaded         1557099132823923 c0  (video) ← 1557099132823923.mp4  → https://pub-893b4a6a607b4221a894bf861da7914e.r2.dev/1557099132823923.mp4
uploaded         3960277550773306 c0  (video) ← 3960277550773306.mp4  → https://pub-893b4a6a607b4221a894bf861da7914e.r2.dev/3960277550773306.mp4
carried-forward  1754835955688580 c0  → https://pub-893b4a6a607b4221a894bf861da7914e.r2.dev/1754835955688580.mp4
carried-forward  826967597018641 c0  → https://pub-893b4a6a607b4221a894bf861da7914e.r2.dev/826967597018641.mp4
uploaded         1646475299774320 c0  (video) ← 1646475299774320.mp4  → https://pub-893b4a6a607b4221a894bf861da7914e.r2.dev/1646475299774320.mp4
uploaded         875876362246342 c0  (video) ← 875876362246342.mp4  → https://pub-893b4a6a607b4221a894bf861da7914e.r2.dev/875876362246342.mp4
uploaded         1013140234803146 c0  (video) ← 1013140234803146.mp4  → https://pub-893b4a6a607b4221a894bf861da7914e.r2.dev/1013140234803146.mp4
carried-forward  1778942330132715 c0  → https://pub-893b4a6a607b4221a894bf861da7914e.r2.dev/1778942330132715.mp4
uploaded         1542381087664169 c0  (video) ← 1542381087664169.mp4  → https://pub-893b4a6a607b4221a894bf861da7914e.r2.dev/1542381087664169.mp4
carried-forward  27350423597950324 c0  → https://pub-893b4a6a607b4221a894bf861da7914e.r2.dev/27350423597950324.mp4
carried-forward  1609843680737239 c0  → https://pub-893b4a6a607b4221a894bf861da7914e.r2.dev/1609843680737239.mp4
uploaded         1585595433284459 c0  (video) ← 1585595433284459.mp4  → https://pub-893b4a6a607b4221a894bf861da7914e.r2.dev/1585595433284459.mp4
carried-forward  1028449009853941 c0  → https://pub-893b4a6a607b4221a894bf861da7914e.r2.dev/1028449009853941.mp4
carried-forward  1068226675777247 c0  → https://pub-893b4a6a607b4221a894bf861da7914e.r2.dev/1068226675777247.mp4
uploaded         1283221783885984 c0  (video) ← 1283221783885984.mp4  → https://pub-893b4a6a607b4221a894bf861da7914e.r2.dev/1283221783885984.mp4
carried-forward  831151359935196 c0  → https://pub-893b4a6a607b4221a894bf861da7914e.r2.dev/831151359935196.mp4
carried-forward  27171113109254491 c0  → https://pub-893b4a6a607b4221a894bf861da7914e.r2.dev/27171113109254491.mp4
carried-forward  1343397883899179 c0  → https://pub-893b4a6a607b4221a894bf861da7914e.r2.dev/1343397883899179.mp4
carried-forward  1689492209025217 c0  → https://pub-893b4a6a607b4221a894bf861da7914e.r2.dev/1689492209025217.mp4
carried-forward  4675112942774885 c0  → https://pub-893b4a6a607b4221a894bf861da7914e.r2.dev/4675112942774885.mp4
uploaded         2284506075420261 c0  (video) ← 2284506075420261.mp4  → https://pub-893b4a6a607b4221a894bf861da7914e.r2.dev/2284506075420261.mp4
uploaded         1745399336518238 c0  (video) ← 1745399336518238.mp4  → https://pub-893b4a6a607b4221a894bf861da7914e.r2.dev/1745399336518238.mp4
uploaded         3178701462329878 c0  (video) ← 3178701462329878.mp4  → https://pub-893b4a6a607b4221a894bf861da7914e.r2.dev/3178701462329878.mp4
carried-forward  1665570207993946 c0  → https://pub-893b4a6a607b4221a894bf861da7914e.r2.dev/1665570207993946.mp4
carried-forward  1337668218548557 c0  → https://pub-893b4a6a607b4221a894bf861da7914e.r2.dev/1337668218548557.mp4
carried-forward  1330583959053128 c0  → https://pub-893b4a6a607b4221a894bf861da7914e.r2.dev/1330583959053128.mp4
uploaded         1919347278781942 c0  (video) ← 1919347278781942.mp4  → https://pub-893b4a6a607b4221a894bf861da7914e.r2.dev/1919347278781942.mp4
carried-forward  1102346855789311 c0  → https://pub-893b4a6a607b4221a894bf861da7914e.r2.dev/1102346855789311.mp4
uploaded         1765718994861744 c0  (video) ← 1765718994861744.mp4  → https://pub-893b4a6a607b4221a894bf861da7914e.r2.dev/1765718994861744.mp4
uploaded         2107275066486083 c0  (video) ← 2107275066486083.mp4  → https://pub-893b4a6a607b4221a894bf861da7914e.r2.dev/2107275066486083.mp4
uploaded         26585542294455680 c0  (video) ← 26585542294455680.mp4  → https://pub-893b4a6a607b4221a894bf861da7914e.r2.dev/26585542294455680.mp4
carried-forward  2367898560406946 c0  → https://pub-893b4a6a607b4221a894bf861da7914e.r2.dev/2367898560406946.mp4
uploaded         3294172767454704 c0  (video) ← 3294172767454704.mp4  → https://pub-893b4a6a607b4221a894bf861da7914e.r2.dev/3294172767454704.mp4
carried-forward  2039412566650201 c0  → https://pub-893b4a6a607b4221a894bf861da7914e.r2.dev/2039412566650201.mp4
uploaded         4115891368543225 c0  (video) ← 4115891368543225.mp4  → https://pub-893b4a6a607b4221a894bf861da7914e.r2.dev/4115891368543225.mp4
uploaded         1339947270997771 c0  (video) ← 1339947270997771.mp4  → https://pub-893b4a6a607b4221a894bf861da7914e.r2.dev/1339947270997771.mp4
carried-forward  2276444916498087 c0  → https://pub-893b4a6a607b4221a894bf861da7914e.r2.dev/2276444916498087.mp4
uploaded         1551603666422517 c0  (video) ← 1551603666422517.mp4  → https://pub-893b4a6a607b4221a894bf861da7914e.r2.dev/1551603666422517.mp4
uploaded         1792775208588741 c0  (video) ← 1792775208588741.mp4  → https://pub-893b4a6a607b4221a894bf861da7914e.r2.dev/1792775208588741.mp4
carried-forward  1264112379002091 c0  → https://pub-893b4a6a607b4221a894bf861da7914e.r2.dev/1264112379002091.mp4
uploaded         1913352399346933 c0  (video) ← 1913352399346933.mp4  → https://pub-893b4a6a607b4221a894bf861da7914e.r2.dev/1913352399346933.mp4
uploaded         1536490818158225 c0  (video) ← 1536490818158225.mp4  → https://pub-893b4a6a607b4221a894bf861da7914e.r2.dev/1536490818158225.mp4
uploaded         1522131736306902 c0  (video) ← 1522131736306902.mp4  → https://pub-893b4a6a607b4221a894bf861da7914e.r2.dev/1522131736306902.mp4
uploaded         1439572961529603 c0  (video) ← 1439572961529603.mp4  → https://pub-893b4a6a607b4221a894bf861da7914e.r2.dev/1439572961529603.mp4
carried-forward  850129837933649 c0  → https://pub-893b4a6a607b4221a894bf861da7914e.r2.dev/850129837933649.mp4
uploaded         910559432064227 c0  (video) ← 910559432064227.mp4  → https://pub-893b4a6a607b4221a894bf861da7914e.r2.dev/910559432064227.mp4
carried-forward  1635746304190089 c0  → https://pub-893b4a6a607b4221a894bf861da7914e.r2.dev/1635746304190089.mp4
carried-forward  1620690590064291 c0  → https://pub-893b4a6a607b4221a894bf861da7914e.r2.dev/1620690590064291.mp4
uploaded         1793444395326496 c0  (video) ← 1793444395326496.mp4  → https://pub-893b4a6a607b4221a894bf861da7914e.r2.dev/1793444395326496.mp4
carried-forward  1967353097232627 c0  → https://pub-893b4a6a607b4221a894bf861da7914e.r2.dev/1967353097232627.mp4
carried-forward  888239487656454 c0  → https://pub-893b4a6a607b4221a894bf861da7914e.r2.dev/888239487656454.mp4
carried-forward  1635215360918989 c0  → https://pub-893b4a6a607b4221a894bf861da7914e.r2.dev/1635215360918989.mp4
uploaded         1761509618634234 c0  (video) ← 1761509618634234.mp4  → https://pub-893b4a6a607b4221a894bf861da7914e.r2.dev/1761509618634234.mp4
uploaded         1258813166190577 c0  (video) ← 1258813166190577.mp4  → https://pub-893b4a6a607b4221a894bf861da7914e.r2.dev/1258813166190577.mp4
uploaded         2085395099082017 c0  (video) ← 2085395099082017.mp4  → https://pub-893b4a6a607b4221a894bf861da7914e.r2.dev/2085395099082017.mp4
carried-forward  1646364236435916 c0  → https://pub-893b4a6a607b4221a894bf861da7914e.r2.dev/1646364236435916.mp4
carried-forward  1016181760769430 c0  → https://pub-893b4a6a607b4221a894bf861da7914e.r2.dev/1016181760769430.mp4
carried-forward  4502343840085095 c0  → https://pub-893b4a6a607b4221a894bf861da7914e.r2.dev/4502343840085095.mp4
uploaded         927001883738955 c0  (video) ← 927001883738955.mp4  → https://pub-893b4a6a607b4221a894bf861da7914e.r2.dev/927001883738955.mp4
carried-forward  1016600137901431 c0  → https://pub-893b4a6a607b4221a894bf861da7914e.r2.dev/1016600137901431.mp4
uploaded         1440279601275913 c0  (video) ← 1440279601275913.mp4  → https://pub-893b4a6a607b4221a894bf861da7914e.r2.dev/1440279601275913.mp4
carried-forward  1336049577946625 c0  → https://pub-893b4a6a607b4221a894bf861da7914e.r2.dev/1336049577946625.mp4
uploaded         2004918717053281 c0  (video) ← 2004918717053281.mp4  → https://pub-893b4a6a607b4221a894bf861da7914e.r2.dev/2004918717053281.mp4
carried-forward  1337840091790742 c0  → https://pub-893b4a6a607b4221a894bf861da7914e.r2.dev/1337840091790742.mp4
carried-forward  1700427231075832 c0  → https://pub-893b4a6a607b4221a894bf861da7914e.r2.dev/1700427231075832.mp4
uploaded         989294387242933 c0  (video) ← 989294387242933.mp4  → https://pub-893b4a6a607b4221a894bf861da7914e.r2.dev/989294387242933.mp4
uploaded         1374120354782002 c0  (video) ← 1374120354782002.mp4  → https://pub-893b4a6a607b4221a894bf861da7914e.r2.dev/1374120354782002.mp4
uploaded         1707581497157872 c0  (video) ← 1707581497157872.mp4  → https://pub-893b4a6a607b4221a894bf861da7914e.r2.dev/1707581497157872.mp4
carried-forward  2068067197478170 c0  → https://pub-893b4a6a607b4221a894bf861da7914e.r2.dev/2068067197478170.mp4
uploaded         1475256577979969 c0  (video) ← 1475256577979969.mp4  → https://pub-893b4a6a607b4221a894bf861da7914e.r2.dev/1475256577979969.mp4
carried-forward  3220717538115795 c0  → https://pub-893b4a6a607b4221a894bf861da7914e.r2.dev/3220717538115795.mp4
carried-forward  27200422259600892 c0  → https://pub-893b4a6a607b4221a894bf861da7914e.r2.dev/27200422259600892.mp4
uploaded         2803714463336846 c0  (video) ← 2803714463336846.mp4  → https://pub-893b4a6a607b4221a894bf861da7914e.r2.dev/2803714463336846.mp4
uploaded         984287154432676 c0  (video) ← 984287154432676.mp4  → https://pub-893b4a6a607b4221a894bf861da7914e.r2.dev/984287154432676.mp4
uploaded         1060355273110030 c0  (video) ← 1060355273110030.mp4  → https://pub-893b4a6a607b4221a894bf861da7914e.r2.dev/1060355273110030.mp4
carried-forward  1318468093605981 c0  → https://pub-893b4a6a607b4221a894bf861da7914e.r2.dev/1318468093605981.mp4
uploaded         4375615639367489 c0  (video) ← 4375615639367489.mp4  → https://pub-893b4a6a607b4221a894bf861da7914e.r2.dev/4375615639367489.mp4
carried-forward  986024980878185 c0  → https://pub-893b4a6a607b4221a894bf861da7914e.r2.dev/986024980878185.mp4
uploaded         1372763528076706 c0  (video) ← 1372763528076706.mp4  → https://pub-893b4a6a607b4221a894bf861da7914e.r2.dev/1372763528076706.mp4
uploaded         1554504029660911 c0  (video) ← 1554504029660911.mp4  → https://pub-893b4a6a607b4221a894bf861da7914e.r2.dev/1554504029660911.mp4
carried-forward  1722970195676115 c0  → https://pub-893b4a6a607b4221a894bf861da7914e.r2.dev/1722970195676115.mp4
carried-forward  1014666224660601 c0  → https://pub-893b4a6a607b4221a894bf861da7914e.r2.dev/1014666224660601.mp4
uploaded         1339863324327266 c0  (video) ← 1339863324327266.mp4  → https://pub-893b4a6a607b4221a894bf861da7914e.r2.dev/1339863324327266.mp4
uploaded         1564342995284861 c0  (video) ← 1564342995284861.mp4  → https://pub-893b4a6a607b4221a894bf861da7914e.r2.dev/1564342995284861.mp4
uploaded         1379571924310549 c0  (video) ← 1379571924310549.mp4  → https://pub-893b4a6a607b4221a894bf861da7914e.r2.dev/1379571924310549.mp4
uploaded         1859588755015263 c0  (video) ← 1859588755015263.mp4  → https://pub-893b4a6a607b4221a894bf861da7914e.r2.dev/1859588755015263.mp4
uploaded         2200965640744058 c0  (video) ← 2200965640744058.mp4  → https://pub-893b4a6a607b4221a894bf861da7914e.r2.dev/2200965640744058.mp4
uploaded         3153226311552481 c0  (video) ← 3153226311552481.mp4  → https://pub-893b4a6a607b4221a894bf861da7914e.r2.dev/3153226311552481.mp4
uploaded         1376628884387685 c0  (video) ← 1376628884387685.mp4  → https://pub-893b4a6a607b4221a894bf861da7914e.r2.dev/1376628884387685.mp4
carried-forward  958995487133739 c0  → https://pub-893b4a6a607b4221a894bf861da7914e.r2.dev/958995487133739.mp4
uploaded         1050155927434951 c0  (video) ← 1050155927434951.mp4  → https://pub-893b4a6a607b4221a894bf861da7914e.r2.dev/1050155927434951.mp4
uploaded         1396302608983038 c0  (video) ← 1396302608983038.mp4  → https://pub-893b4a6a607b4221a894bf861da7914e.r2.dev/1396302608983038.mp4
uploaded         1700473561187346 c0  (video) ← 1700473561187346.mp4  → https://pub-893b4a6a607b4221a894bf861da7914e.r2.dev/1700473561187346.mp4
uploaded         1632726494495165 c0  (video) ← 1632726494495165.mp4  → https://pub-893b4a6a607b4221a894bf861da7914e.r2.dev/1632726494495165.mp4
uploaded         1800250790970348 c0  (video) ← 1800250790970348.mp4  → https://pub-893b4a6a607b4221a894bf861da7914e.r2.dev/1800250790970348.mp4
uploaded         4502517490032668 c0  (video) ← 4502517490032668.mp4  → https://pub-893b4a6a607b4221a894bf861da7914e.r2.dev/4502517490032668.mp4
uploaded         966959169705796 c0  (video) ← 966959169705796.mp4  → https://pub-893b4a6a607b4221a894bf861da7914e.r2.dev/966959169705796.mp4
uploaded         980022811729466 c0  (video) ← 980022811729466.mp4  → https://pub-893b4a6a607b4221a894bf861da7914e.r2.dev/980022811729466.mp4
uploaded         1544257270381052 c0  (video) ← 1544257270381052.mp4  → https://pub-893b4a6a607b4221a894bf861da7914e.r2.dev/1544257270381052.mp4
uploaded         840161242413870 c0  (video) ← 840161242413870.mp4  → https://pub-893b4a6a607b4221a894bf861da7914e.r2.dev/840161242413870.mp4
uploaded         870022549089564 c0  (video) ← 870022549089564.mp4  → https://pub-893b4a6a607b4221a894bf861da7914e.r2.dev/870022549089564.mp4
uploaded         1331149945806050 c0  (video) ← 1331149945806050.mp4  → https://pub-893b4a6a607b4221a894bf861da7914e.r2.dev/1331149945806050.mp4
uploaded         1478073454007137 c0  (video) ← 1478073454007137.mp4  → https://pub-893b4a6a607b4221a894bf861da7914e.r2.dev/1478073454007137.mp4
uploaded         2263488574055810 c0  (video) ← 2263488574055810.mp4  → https://pub-893b4a6a607b4221a894bf861da7914e.r2.dev/2263488574055810.mp4
uploaded         1047862551511547 c0  (video) ← 1047862551511547.mp4  → https://pub-893b4a6a607b4221a894bf861da7914e.r2.dev/1047862551511547.mp4
uploaded         1227138466187768 c0  (video) ← 1227138466187768.mp4  → https://pub-893b4a6a607b4221a894bf861da7914e.r2.dev/1227138466187768.mp4
uploaded         3925500614254378 c0  (video) ← 3925500614254378.mp4  → https://pub-893b4a6a607b4221a894bf861da7914e.r2.dev/3925500614254378.mp4
uploaded         1114436335096220 c0  (video) ← 1114436335096220.mp4  → https://pub-893b4a6a607b4221a894bf861da7914e.r2.dev/1114436335096220.mp4
uploaded         1013550654629784 c0  (video) ← 1013550654629784.mp4  → https://pub-893b4a6a607b4221a894bf861da7914e.r2.dev/1013550654629784.mp4
uploaded         2016025865946313 c0  (video) ← 2016025865946313.mp4  → https://pub-893b4a6a607b4221a894bf861da7914e.r2.dev/2016025865946313.mp4
uploaded         2134439107466829 c0  (video) ← 2134439107466829.mp4  → https://pub-893b4a6a607b4221a894bf861da7914e.r2.dev/2134439107466829.mp4
uploaded         879066984787795 c0  (video) ← 879066984787795.mp4  → https://pub-893b4a6a607b4221a894bf861da7914e.r2.dev/879066984787795.mp4
uploaded         1015386244569915 c0  (video) ← 1015386244569915.mp4  → https://pub-893b4a6a607b4221a894bf861da7914e.r2.dev/1015386244569915.mp4
uploaded         1077103504746451 c0  (video) ← 1077103504746451.mp4  → https://pub-893b4a6a607b4221a894bf861da7914e.r2.dev/1077103504746451.mp4
uploaded         1491453942663064 c0  (video) ← 1491453942663064.mp4  → https://pub-893b4a6a607b4221a894bf861da7914e.r2.dev/1491453942663064.mp4
uploaded         27530590489886828 c0  (video) ← 27530590489886828.mp4  → https://pub-893b4a6a607b4221a894bf861da7914e.r2.dev/27530590489886828.mp4
