# Step 3 run log
# competitor : lingo-ai
# started_at : 2026-07-15T13:45:15
# input      : facebook/inputs/fb-ads-lingo-ai-2026-07-15-1341.csv
# videos     : facebook/videos/lingo-ai-2026-07-15
# master     : facebook/master/lingo-ai.csv  (updated)
# enriched   : facebook/inputs/fb-ads-lingo-ai-2026-07-15-1341_enriched.csv
# bucket     : video-ads
# public_base: https://pub-893b4a6a607b4221a894bf861da7914e.r2.dev
# dry_run    : False
#
# counts     : {'uploaded': 43, 'carried-forward': 136, 'image-pending': 0, 'video-missing': 0, 'no-creative': 0, 'error': 0}
#
carried-forward  2817216648647618 c0  → https://pub-893b4a6a607b4221a894bf861da7914e.r2.dev/2817216648647618.mp4
carried-forward  861649606640914 c0  → https://pub-893b4a6a607b4221a894bf861da7914e.r2.dev/861649606640914.mp4
carried-forward  1651336692836508 c0  → https://pub-893b4a6a607b4221a894bf861da7914e.r2.dev/1651336692836508.mp4
carried-forward  1525338649343366 c0  → https://pub-893b4a6a607b4221a894bf861da7914e.r2.dev/1525338649343366.mp4
carried-forward  831092886606480 c0  → https://pub-893b4a6a607b4221a894bf861da7914e.r2.dev/831092886606480.mp4
carried-forward  1683265226128164 c0  → https://pub-893b4a6a607b4221a894bf861da7914e.r2.dev/1683265226128164.mp4
carried-forward  1015124921433772 c0  → https://pub-893b4a6a607b4221a894bf861da7914e.r2.dev/1015124921433772.mp4
carried-forward  993382163488187 c0  → https://pub-893b4a6a607b4221a894bf861da7914e.r2.dev/993382163488187.mp4
carried-forward  27223086024028518 c0  → https://pub-893b4a6a607b4221a894bf861da7914e.r2.dev/27223086024028518.mp4
carried-forward  1335647948693091 c0  → https://pub-893b4a6a607b4221a894bf861da7914e.r2.dev/1335647948693091.mp4
carried-forward  2253769662106911 c0  → https://pub-893b4a6a607b4221a894bf861da7914e.r2.dev/2253769662106911.mp4
carried-forward  1006880602208933 c0  → https://pub-893b4a6a607b4221a894bf861da7914e.r2.dev/1006880602208933.mp4
carried-forward  4494315040857752 c0  → https://pub-893b4a6a607b4221a894bf861da7914e.r2.dev/4494315040857752.mp4
carried-forward  1972127246813621 c0  → https://pub-893b4a6a607b4221a894bf861da7914e.r2.dev/1972127246813621.mp4
carried-forward  2019382318667999 c0  → https://pub-893b4a6a607b4221a894bf861da7914e.r2.dev/2019382318667999.mp4
carried-forward  1574457477430487 c0  → https://pub-893b4a6a607b4221a894bf861da7914e.r2.dev/1574457477430487.mp4
carried-forward  1037404378858206 c0  → https://pub-893b4a6a607b4221a894bf861da7914e.r2.dev/1037404378858206.mp4
carried-forward  1698860684599117 c0  → https://pub-893b4a6a607b4221a894bf861da7914e.r2.dev/1698860684599117.mp4
carried-forward  1366647432087219 c0  → https://pub-893b4a6a607b4221a894bf861da7914e.r2.dev/1366647432087219.mp4
carried-forward  1583414193197730 c0  → https://pub-893b4a6a607b4221a894bf861da7914e.r2.dev/1583414193197730.mp4
carried-forward  1502905814452626 c0  → https://pub-893b4a6a607b4221a894bf861da7914e.r2.dev/1502905814452626.mp4
carried-forward  1588598465941159 c0  → https://pub-893b4a6a607b4221a894bf861da7914e.r2.dev/1588598465941159.mp4
carried-forward  3263205557220973 c0  → https://pub-893b4a6a607b4221a894bf861da7914e.r2.dev/3263205557220973.mp4
carried-forward  1543107963869133 c0  → https://pub-893b4a6a607b4221a894bf861da7914e.r2.dev/1543107963869133.mp4
carried-forward  1712701976599588 c0  → https://pub-893b4a6a607b4221a894bf861da7914e.r2.dev/1712701976599588.mp4
carried-forward  1539898520838626 c0  → https://pub-893b4a6a607b4221a894bf861da7914e.r2.dev/1539898520838626.mp4
carried-forward  1027048733068187 c0  → https://pub-893b4a6a607b4221a894bf861da7914e.r2.dev/1027048733068187.mp4
carried-forward  1734003744580617 c0  → https://pub-893b4a6a607b4221a894bf861da7914e.r2.dev/1734003744580617.mp4
carried-forward  1387668796571355 c0  → https://pub-893b4a6a607b4221a894bf861da7914e.r2.dev/1387668796571355.mp4
carried-forward  1060787429797748 c0  → https://pub-893b4a6a607b4221a894bf861da7914e.r2.dev/1060787429797748.mp4
carried-forward  4252978928346557 c0  → https://pub-893b4a6a607b4221a894bf861da7914e.r2.dev/4252978928346557.mp4
carried-forward  1602516684621660 c0  → https://pub-893b4a6a607b4221a894bf861da7914e.r2.dev/1602516684621660.mp4
carried-forward  2953210015070433 c0  → https://pub-893b4a6a607b4221a894bf861da7914e.r2.dev/2953210015070433.mp4
carried-forward  1691784178829769 c0  → https://pub-893b4a6a607b4221a894bf861da7914e.r2.dev/1691784178829769.mp4
carried-forward  1772652803922964 c0  → https://pub-893b4a6a607b4221a894bf861da7914e.r2.dev/1772652803922964.mp4
carried-forward  26787357374277010 c0  → https://pub-893b4a6a607b4221a894bf861da7914e.r2.dev/26787357374277010.mp4
carried-forward  2301738637239103 c0  → https://pub-893b4a6a607b4221a894bf861da7914e.r2.dev/2301738637239103.mp4
uploaded         4308553339407245 c0  (video) ← 4308553339407245.mp4  → https://pub-893b4a6a607b4221a894bf861da7914e.r2.dev/4308553339407245.mp4
carried-forward  1035971962252837 c0  → https://pub-893b4a6a607b4221a894bf861da7914e.r2.dev/1035971962252837.mp4
carried-forward  2654198474977868 c0  → https://pub-893b4a6a607b4221a894bf861da7914e.r2.dev/2654198474977868.mp4
carried-forward  802952912808823 c0  → https://pub-893b4a6a607b4221a894bf861da7914e.r2.dev/802952912808823.mp4
uploaded         1466504155245534 c0  (video) ← 1466504155245534.mp4  → https://pub-893b4a6a607b4221a894bf861da7914e.r2.dev/1466504155245534.mp4
carried-forward  1872503484122617 c0  → https://pub-893b4a6a607b4221a894bf861da7914e.r2.dev/1872503484122617.mp4
carried-forward  2153258851904762 c0  → https://pub-893b4a6a607b4221a894bf861da7914e.r2.dev/2153258851904762.mp4
carried-forward  1915386352474119 c0  → https://pub-893b4a6a607b4221a894bf861da7914e.r2.dev/1915386352474119.mp4
carried-forward  1929767137611529 c0  → https://pub-893b4a6a607b4221a894bf861da7914e.r2.dev/1929767137611529.mp4
carried-forward  1576176400691896 c0  → https://pub-893b4a6a607b4221a894bf861da7914e.r2.dev/1576176400691896.mp4
carried-forward  2477354359407848 c0  → https://pub-893b4a6a607b4221a894bf861da7914e.r2.dev/2477354359407848.mp4
carried-forward  4675112942774885 c0  → https://pub-893b4a6a607b4221a894bf861da7914e.r2.dev/4675112942774885.mp4
carried-forward  1532901558303092 c0  → https://pub-893b4a6a607b4221a894bf861da7914e.r2.dev/1532901558303092.mp4
carried-forward  1516135953622417 c0  → https://pub-893b4a6a607b4221a894bf861da7914e.r2.dev/1516135953622417.mp4
carried-forward  1372666424964311 c0  → https://pub-893b4a6a607b4221a894bf861da7914e.r2.dev/1372666424964311.mp4
carried-forward  1100399292660108 c0  → https://pub-893b4a6a607b4221a894bf861da7914e.r2.dev/1100399292660108.mp4
carried-forward  1347209950391613 c0  → https://pub-893b4a6a607b4221a894bf861da7914e.r2.dev/1347209950391613.mp4
carried-forward  1821063475538897 c0  → https://pub-893b4a6a607b4221a894bf861da7914e.r2.dev/1821063475538897.mp4
carried-forward  1415999857029783 c0  → https://pub-893b4a6a607b4221a894bf861da7914e.r2.dev/1415999857029783.mp4
carried-forward  1806166717021524 c0  → https://pub-893b4a6a607b4221a894bf861da7914e.r2.dev/1806166717021524.mp4
carried-forward  1005858105794583 c0  → https://pub-893b4a6a607b4221a894bf861da7914e.r2.dev/1005858105794583.mp4
carried-forward  1715352939800344 c0  → https://pub-893b4a6a607b4221a894bf861da7914e.r2.dev/1715352939800344.mp4
carried-forward  2013049059297231 c0  → https://pub-893b4a6a607b4221a894bf861da7914e.r2.dev/2013049059297231.mp4
carried-forward  1069174625775853 c0  → https://pub-893b4a6a607b4221a894bf861da7914e.r2.dev/1069174625775853.mp4
carried-forward  1754835955688580 c0  → https://pub-893b4a6a607b4221a894bf861da7914e.r2.dev/1754835955688580.mp4
uploaded         27294713090198521 c0  (video) ← 27294713090198521.mp4  → https://pub-893b4a6a607b4221a894bf861da7914e.r2.dev/27294713090198521.mp4
carried-forward  826967597018641 c0  → https://pub-893b4a6a607b4221a894bf861da7914e.r2.dev/826967597018641.mp4
carried-forward  1019762410809692 c0  → https://pub-893b4a6a607b4221a894bf861da7914e.r2.dev/1019762410809692.mp4
uploaded         1984871529063488 c0  (video) ← 1984871529063488.mp4  → https://pub-893b4a6a607b4221a894bf861da7914e.r2.dev/1984871529063488.mp4
uploaded         1591979609205208 c0  (video) ← 1591979609205208.mp4  → https://pub-893b4a6a607b4221a894bf861da7914e.r2.dev/1591979609205208.mp4
carried-forward  27350423597950324 c0  → https://pub-893b4a6a607b4221a894bf861da7914e.r2.dev/27350423597950324.mp4
carried-forward  1778942330132715 c0  → https://pub-893b4a6a607b4221a894bf861da7914e.r2.dev/1778942330132715.mp4
uploaded         1618251693238135 c0  (video) ← 1618251693238135.mp4  → https://pub-893b4a6a607b4221a894bf861da7914e.r2.dev/1618251693238135.mp4
carried-forward  1476996661108631 c0  → https://pub-893b4a6a607b4221a894bf861da7914e.r2.dev/1476996661108631.mp4
carried-forward  3155628847962719 c0  → https://pub-893b4a6a607b4221a894bf861da7914e.r2.dev/3155628847962719.mp4
carried-forward  4289469851302149 c0  → https://pub-893b4a6a607b4221a894bf861da7914e.r2.dev/4289469851302149.mp4
carried-forward  27171113109254491 c0  → https://pub-893b4a6a607b4221a894bf861da7914e.r2.dev/27171113109254491.mp4
carried-forward  1343397883899179 c0  → https://pub-893b4a6a607b4221a894bf861da7914e.r2.dev/1343397883899179.mp4
carried-forward  1689492209025217 c0  → https://pub-893b4a6a607b4221a894bf861da7914e.r2.dev/1689492209025217.mp4
carried-forward  1343116734615568 c0  → https://pub-893b4a6a607b4221a894bf861da7914e.r2.dev/1343116734615568.mp4
uploaded         1009670995287003 c0  (video) ← 1009670995287003.mp4  → https://pub-893b4a6a607b4221a894bf861da7914e.r2.dev/1009670995287003.mp4
carried-forward  1337668218548557 c0  → https://pub-893b4a6a607b4221a894bf861da7914e.r2.dev/1337668218548557.mp4
carried-forward  1102346855789311 c0  → https://pub-893b4a6a607b4221a894bf861da7914e.r2.dev/1102346855789311.mp4
carried-forward  1665570207993946 c0  → https://pub-893b4a6a607b4221a894bf861da7914e.r2.dev/1665570207993946.mp4
uploaded         1047166274357007 c0  (video) ← 1047166274357007.mp4  → https://pub-893b4a6a607b4221a894bf861da7914e.r2.dev/1047166274357007.mp4
uploaded         1387445679946693 c0  (video) ← 1387445679946693.mp4  → https://pub-893b4a6a607b4221a894bf861da7914e.r2.dev/1387445679946693.mp4
carried-forward  1330583959053128 c0  → https://pub-893b4a6a607b4221a894bf861da7914e.r2.dev/1330583959053128.mp4
carried-forward  2179213682620587 c0  → https://pub-893b4a6a607b4221a894bf861da7914e.r2.dev/2179213682620587.mp4
uploaded         1371333568214710 c0  (video) ← 1371333568214710.mp4  → https://pub-893b4a6a607b4221a894bf861da7914e.r2.dev/1371333568214710.mp4
carried-forward  4397797407216679 c0  → https://pub-893b4a6a607b4221a894bf861da7914e.r2.dev/4397797407216679.mp4
carried-forward  2039412566650201 c0  → https://pub-893b4a6a607b4221a894bf861da7914e.r2.dev/2039412566650201.mp4
carried-forward  1556283036216137 c0  → https://pub-893b4a6a607b4221a894bf861da7914e.r2.dev/1556283036216137.mp4
carried-forward  4419123344997588 c0  → https://pub-893b4a6a607b4221a894bf861da7914e.r2.dev/4419123344997588.mp4
uploaded         2401524953669213 c0  (video) ← 2401524953669213.mp4  → https://pub-893b4a6a607b4221a894bf861da7914e.r2.dev/2401524953669213.mp4
uploaded         4425249484459391 c0  (video) ← 4425249484459391.mp4  → https://pub-893b4a6a607b4221a894bf861da7914e.r2.dev/4425249484459391.mp4
carried-forward  1264112379002091 c0  → https://pub-893b4a6a607b4221a894bf861da7914e.r2.dev/1264112379002091.mp4
uploaded         1049563470857669 c0  (video) ← 1049563470857669.mp4  → https://pub-893b4a6a607b4221a894bf861da7914e.r2.dev/1049563470857669.mp4
carried-forward  1023667883631726 c0  → https://pub-893b4a6a607b4221a894bf861da7914e.r2.dev/1023667883631726.mp4
carried-forward  2221848241692614 c0  → https://pub-893b4a6a607b4221a894bf861da7914e.r2.dev/2221848241692614.mp4
uploaded         2236960657074580 c0  (video) ← 2236960657074580.mp4  → https://pub-893b4a6a607b4221a894bf861da7914e.r2.dev/2236960657074580.mp4
uploaded         1313063350812868 c0  (video) ← 1313063350812868.mp4  → https://pub-893b4a6a607b4221a894bf861da7914e.r2.dev/1313063350812868.mp4
uploaded         2269371720470752 c0  (video) ← 2269371720470752.mp4  → https://pub-893b4a6a607b4221a894bf861da7914e.r2.dev/2269371720470752.mp4
carried-forward  1360591792698190 c0  → https://pub-893b4a6a607b4221a894bf861da7914e.r2.dev/1360591792698190.mp4
carried-forward  2410715992747792 c0  → https://pub-893b4a6a607b4221a894bf861da7914e.r2.dev/2410715992747792.mp4
carried-forward  27769826902701872 c0  → https://pub-893b4a6a607b4221a894bf861da7914e.r2.dev/27769826902701872.mp4
carried-forward  1662197908406292 c0  → https://pub-893b4a6a607b4221a894bf861da7914e.r2.dev/1662197908406292.mp4
carried-forward  1644972694300693 c0  → https://pub-893b4a6a607b4221a894bf861da7914e.r2.dev/1644972694300693.mp4
carried-forward  1700427231075832 c0  → https://pub-893b4a6a607b4221a894bf861da7914e.r2.dev/1700427231075832.mp4
carried-forward  1646364236435916 c0  → https://pub-893b4a6a607b4221a894bf861da7914e.r2.dev/1646364236435916.mp4
carried-forward  1021961830212223 c0  → https://pub-893b4a6a607b4221a894bf861da7914e.r2.dev/1021961830212223.mp4
carried-forward  1016600137901431 c0  → https://pub-893b4a6a607b4221a894bf861da7914e.r2.dev/1016600137901431.mp4
carried-forward  1512107510084733 c0  → https://pub-893b4a6a607b4221a894bf861da7914e.r2.dev/1512107510084733.mp4
carried-forward  1014659388133211 c0  → https://pub-893b4a6a607b4221a894bf861da7914e.r2.dev/1014659388133211.mp4
carried-forward  1009169425229780 c0  → https://pub-893b4a6a607b4221a894bf861da7914e.r2.dev/1009169425229780.mp4
carried-forward  1570066971479022 c0  → https://pub-893b4a6a607b4221a894bf861da7914e.r2.dev/1570066971479022.mp4
carried-forward  1598260625282277 c0  → https://pub-893b4a6a607b4221a894bf861da7914e.r2.dev/1598260625282277.mp4
carried-forward  2000913570552724 c0  → https://pub-893b4a6a607b4221a894bf861da7914e.r2.dev/2000913570552724.mp4
uploaded         1037322958668741 c0  (video) ← 1037322958668741.mp4  → https://pub-893b4a6a607b4221a894bf861da7914e.r2.dev/1037322958668741.mp4
carried-forward  1318468093605981 c0  → https://pub-893b4a6a607b4221a894bf861da7914e.r2.dev/1318468093605981.mp4
uploaded         888594700969411 c0  (video) ← 888594700969411.mp4  → https://pub-893b4a6a607b4221a894bf861da7914e.r2.dev/888594700969411.mp4
carried-forward  2079659836277553 c0  → https://pub-893b4a6a607b4221a894bf861da7914e.r2.dev/2079659836277553.mp4
uploaded         1696283211577418 c0  (video) ← 1696283211577418.mp4  → https://pub-893b4a6a607b4221a894bf861da7914e.r2.dev/1696283211577418.mp4
carried-forward  986024980878185 c0  → https://pub-893b4a6a607b4221a894bf861da7914e.r2.dev/986024980878185.mp4
carried-forward  1014666224660601 c0  → https://pub-893b4a6a607b4221a894bf861da7914e.r2.dev/1014666224660601.mp4
carried-forward  1352319143021842 c0  → https://pub-893b4a6a607b4221a894bf861da7914e.r2.dev/1352319143021842.mp4
carried-forward  1264398075622368 c0  → https://pub-893b4a6a607b4221a894bf861da7914e.r2.dev/1264398075622368.mp4
carried-forward  1420988316522685 c0  → https://pub-893b4a6a607b4221a894bf861da7914e.r2.dev/1420988316522685.mp4
carried-forward  1397797165529432 c0  → https://pub-893b4a6a607b4221a894bf861da7914e.r2.dev/1397797165529432.mp4
carried-forward  1722970195676115 c0  → https://pub-893b4a6a607b4221a894bf861da7914e.r2.dev/1722970195676115.mp4
carried-forward  874509921951713 c0  → https://pub-893b4a6a607b4221a894bf861da7914e.r2.dev/874509921951713.mp4
uploaded         981365784901696 c0  (video) ← 981365784901696.mp4  → https://pub-893b4a6a607b4221a894bf861da7914e.r2.dev/981365784901696.mp4
uploaded         1458441786041749 c0  (video) ← 1458441786041749.mp4  → https://pub-893b4a6a607b4221a894bf861da7914e.r2.dev/1458441786041749.mp4
uploaded         1494049665813538 c0  (video) ← 1494049665813538.mp4  → https://pub-893b4a6a607b4221a894bf861da7914e.r2.dev/1494049665813538.mp4
carried-forward  1749737806164983 c0  → https://pub-893b4a6a607b4221a894bf861da7914e.r2.dev/1749737806164983.mp4
carried-forward  1011509568312752 c0  → https://pub-893b4a6a607b4221a894bf861da7914e.r2.dev/1011509568312752.mp4
carried-forward  1083068107997665 c0  → https://pub-893b4a6a607b4221a894bf861da7914e.r2.dev/1083068107997665.mp4
uploaded         1294545619418263 c0  (video) ← 1294545619418263.mp4  → https://pub-893b4a6a607b4221a894bf861da7914e.r2.dev/1294545619418263.mp4
carried-forward  1665212694751723 c0  → https://pub-893b4a6a607b4221a894bf861da7914e.r2.dev/1665212694751723.mp4
carried-forward  1828325671944421 c0  → https://pub-893b4a6a607b4221a894bf861da7914e.r2.dev/1828325671944421.mp4
carried-forward  2866701513688995 c0  → https://pub-893b4a6a607b4221a894bf861da7914e.r2.dev/2866701513688995.mp4
carried-forward  1366912782084706 c0  → https://pub-893b4a6a607b4221a894bf861da7914e.r2.dev/1366912782084706.mp4
uploaded         1622620066541728 c0  (video) ← 1622620066541728.mp4  → https://pub-893b4a6a607b4221a894bf861da7914e.r2.dev/1622620066541728.mp4
uploaded         26752228304451996 c0  (video) ← 26752228304451996.mp4  → https://pub-893b4a6a607b4221a894bf861da7914e.r2.dev/26752228304451996.mp4
uploaded         1744661523249181 c0  (video) ← 1744661523249181.mp4  → https://pub-893b4a6a607b4221a894bf861da7914e.r2.dev/1744661523249181.mp4
carried-forward  28177094421896972 c0  → https://pub-893b4a6a607b4221a894bf861da7914e.r2.dev/28177094421896972.mp4
carried-forward  1021656443795154 c0  → https://pub-893b4a6a607b4221a894bf861da7914e.r2.dev/1021656443795154.mp4
carried-forward  1757175298641732 c0  → https://pub-893b4a6a607b4221a894bf861da7914e.r2.dev/1757175298641732.mp4
uploaded         3661768397316292 c0  (video) ← 3661768397316292.mp4  → https://pub-893b4a6a607b4221a894bf861da7914e.r2.dev/3661768397316292.mp4
uploaded         882444871117868 c0  (video) ← 882444871117868.mp4  → https://pub-893b4a6a607b4221a894bf861da7914e.r2.dev/882444871117868.mp4
carried-forward  1017842921136572 c0  → https://pub-893b4a6a607b4221a894bf861da7914e.r2.dev/1017842921136572.mp4
uploaded         1295928072755687 c0  (video) ← 1295928072755687.mp4  → https://pub-893b4a6a607b4221a894bf861da7914e.r2.dev/1295928072755687.mp4
carried-forward  1553250802921957 c0  → https://pub-893b4a6a607b4221a894bf861da7914e.r2.dev/1553250802921957.mp4
carried-forward  1360938902891215 c0  → https://pub-893b4a6a607b4221a894bf861da7914e.r2.dev/1360938902891215.mp4
carried-forward  27662285396770575 c0  → https://pub-893b4a6a607b4221a894bf861da7914e.r2.dev/27662285396770575.mp4
carried-forward  1511543203535885 c0  → https://pub-893b4a6a607b4221a894bf861da7914e.r2.dev/1511543203535885.mp4
carried-forward  2384988698654054 c0  → https://pub-893b4a6a607b4221a894bf861da7914e.r2.dev/2384988698654054.mp4
carried-forward  1004133729070588 c0  → https://pub-893b4a6a607b4221a894bf861da7914e.r2.dev/1004133729070588.mp4
carried-forward  1350665050600421 c0  → https://pub-893b4a6a607b4221a894bf861da7914e.r2.dev/1350665050600421.mp4
carried-forward  1055124300408894 c0  → https://pub-893b4a6a607b4221a894bf861da7914e.r2.dev/1055124300408894.mp4
uploaded         1060394719763345 c0  (video) ← 1060394719763345.mp4  → https://pub-893b4a6a607b4221a894bf861da7914e.r2.dev/1060394719763345.mp4
carried-forward  1412955420704388 c0  → https://pub-893b4a6a607b4221a894bf861da7914e.r2.dev/1412955420704388.mp4
uploaded         1685950269157410 c0  (video) ← 1685950269157410.mp4  → https://pub-893b4a6a607b4221a894bf861da7914e.r2.dev/1685950269157410.mp4
uploaded         1712092449980965 c0  (video) ← 1712092449980965.mp4  → https://pub-893b4a6a607b4221a894bf861da7914e.r2.dev/1712092449980965.mp4
uploaded         1749490736187637 c0  (video) ← 1749490736187637.mp4  → https://pub-893b4a6a607b4221a894bf861da7914e.r2.dev/1749490736187637.mp4
carried-forward  2241143646686335 c0  → https://pub-893b4a6a607b4221a894bf861da7914e.r2.dev/2241143646686335.mp4
carried-forward  2242051179882869 c0  → https://pub-893b4a6a607b4221a894bf861da7914e.r2.dev/2242051179882869.mp4
uploaded         27804244885931374 c0  (video) ← 27804244885931374.mp4  → https://pub-893b4a6a607b4221a894bf861da7914e.r2.dev/27804244885931374.mp4
uploaded         997826756463875 c0  (video) ← 997826756463875.mp4  → https://pub-893b4a6a607b4221a894bf861da7914e.r2.dev/997826756463875.mp4
carried-forward  1593425012356611 c0  → https://pub-893b4a6a607b4221a894bf861da7914e.r2.dev/1593425012356611.mp4
carried-forward  1595236978876918 c0  → https://pub-893b4a6a607b4221a894bf861da7914e.r2.dev/1595236978876918.mp4
uploaded         1910597022970645 c0  (video) ← 1910597022970645.mp4  → https://pub-893b4a6a607b4221a894bf861da7914e.r2.dev/1910597022970645.mp4
uploaded         2219994698784090 c0  (video) ← 2219994698784090.mp4  → https://pub-893b4a6a607b4221a894bf861da7914e.r2.dev/2219994698784090.mp4
carried-forward  4373232079613595 c0  → https://pub-893b4a6a607b4221a894bf861da7914e.r2.dev/4373232079613595.mp4
uploaded         911788074554436 c0  (video) ← 911788074554436.mp4  → https://pub-893b4a6a607b4221a894bf861da7914e.r2.dev/911788074554436.mp4
carried-forward  970051129424916 c0  → https://pub-893b4a6a607b4221a894bf861da7914e.r2.dev/970051129424916.mp4
uploaded         1016163137995401 c0  (video) ← 1016163137995401.mp4  → https://pub-893b4a6a607b4221a894bf861da7914e.r2.dev/1016163137995401.mp4
uploaded         1048614687631721 c0  (video) ← 1048614687631721.mp4  → https://pub-893b4a6a607b4221a894bf861da7914e.r2.dev/1048614687631721.mp4
carried-forward  1529543691964572 c0  → https://pub-893b4a6a607b4221a894bf861da7914e.r2.dev/1529543691964572.mp4
uploaded         1704376667272632 c0  (video) ← 1704376667272632.mp4  → https://pub-893b4a6a607b4221a894bf861da7914e.r2.dev/1704376667272632.mp4
carried-forward  1910069126651915 c0  → https://pub-893b4a6a607b4221a894bf861da7914e.r2.dev/1910069126651915.mp4
uploaded         3893175160988013 c0  (video) ← 3893175160988013.mp4  → https://pub-893b4a6a607b4221a894bf861da7914e.r2.dev/3893175160988013.mp4
uploaded         27115715618129888 c0  (video) ← 27115715618129888.mp4  → https://pub-893b4a6a607b4221a894bf861da7914e.r2.dev/27115715618129888.mp4
