# Step 3 run log
# competitor : lingo-ai
# started_at : 2026-06-17T13:42:01
# input      : facebook/inputs/fb-ads-lingo-ai-2026-06-17-1337.csv
# videos     : facebook/videos/lingo-ai-2026-06-17
# master     : facebook/master/lingo-ai.csv  (updated)
# enriched   : facebook/inputs/fb-ads-lingo-ai-2026-06-17-1337_enriched.csv
# bucket     : video-ads
# public_base: https://dcfd27564ef899969db9a562c7e1945f.r2.cloudflarestorage.com
# dry_run    : False
#
# counts     : {'uploaded': 50, 'carried-forward': 43, 'image-pending': 0, 'video-missing': 0, 'no-creative': 0, 'error': 0}
#
carried-forward  4245939425660754 c0  → https://dcfd27564ef899969db9a562c7e1945f.r2.cloudflarestorage.com/4245939425660754.mp4
carried-forward  1977029976261208 c0  → https://dcfd27564ef899969db9a562c7e1945f.r2.cloudflarestorage.com/1977029976261208.mp4
carried-forward  919002281155664 c0  → https://dcfd27564ef899969db9a562c7e1945f.r2.cloudflarestorage.com/919002281155664.mp4
carried-forward  1025722076570233 c0  → https://dcfd27564ef899969db9a562c7e1945f.r2.cloudflarestorage.com/1025722076570233.mp4
carried-forward  1252728760039239 c0  → https://dcfd27564ef899969db9a562c7e1945f.r2.cloudflarestorage.com/1252728760039239.mp4
carried-forward  4576200355997577 c0  → https://dcfd27564ef899969db9a562c7e1945f.r2.cloudflarestorage.com/4576200355997577.mp4
carried-forward  963221736695752 c0  → https://dcfd27564ef899969db9a562c7e1945f.r2.cloudflarestorage.com/963221736695752.mp4
carried-forward  2450479242113519 c0  → https://dcfd27564ef899969db9a562c7e1945f.r2.cloudflarestorage.com/2450479242113519.mp4
carried-forward  980472391441234 c0  → https://dcfd27564ef899969db9a562c7e1945f.r2.cloudflarestorage.com/980472391441234.mp4
uploaded         1526326005826589 c0  (video) ← 1526326005826589.mp4  → https://dcfd27564ef899969db9a562c7e1945f.r2.cloudflarestorage.com/1526326005826589.mp4
carried-forward  27252840764373165 c0  → https://dcfd27564ef899969db9a562c7e1945f.r2.cloudflarestorage.com/27252840764373165.mp4
carried-forward  965379309656441 c0  → https://dcfd27564ef899969db9a562c7e1945f.r2.cloudflarestorage.com/965379309656441.mp4
carried-forward  4538220956421951 c0  → https://dcfd27564ef899969db9a562c7e1945f.r2.cloudflarestorage.com/4538220956421951.mp4
uploaded         835085229403559 c0  (video) ← 835085229403559.mp4  → https://dcfd27564ef899969db9a562c7e1945f.r2.cloudflarestorage.com/835085229403559.mp4
carried-forward  2741226512911984 c0  → https://dcfd27564ef899969db9a562c7e1945f.r2.cloudflarestorage.com/2741226512911984.mp4
carried-forward  1651336692836508 c0  → https://dcfd27564ef899969db9a562c7e1945f.r2.cloudflarestorage.com/1651336692836508.mp4
carried-forward  2204277097086348 c0  → https://dcfd27564ef899969db9a562c7e1945f.r2.cloudflarestorage.com/2204277097086348.mp4
uploaded         1006421665187559 c0  (video) ← 1006421665187559.mp4  → https://dcfd27564ef899969db9a562c7e1945f.r2.cloudflarestorage.com/1006421665187559.mp4
carried-forward  2076473126238898 c0  → https://dcfd27564ef899969db9a562c7e1945f.r2.cloudflarestorage.com/2076473126238898.mp4
carried-forward  1006749742165873 c0  → https://dcfd27564ef899969db9a562c7e1945f.r2.cloudflarestorage.com/1006749742165873.mp4
carried-forward  1637899393946769 c0  → https://dcfd27564ef899969db9a562c7e1945f.r2.cloudflarestorage.com/1637899393946769.mp4
uploaded         1557158972540606 c0  (video) ← 1557158972540606.mp4  → https://dcfd27564ef899969db9a562c7e1945f.r2.cloudflarestorage.com/1557158972540606.mp4
carried-forward  2153023128817946 c0  → https://dcfd27564ef899969db9a562c7e1945f.r2.cloudflarestorage.com/2153023128817946.mp4
carried-forward  1333230688768920 c0  → https://dcfd27564ef899969db9a562c7e1945f.r2.cloudflarestorage.com/1333230688768920.mp4
carried-forward  993382163488187 c0  → https://dcfd27564ef899969db9a562c7e1945f.r2.cloudflarestorage.com/993382163488187.mp4
uploaded         2942098689488300 c0  (video) ← 2942098689488300.mp4  → https://dcfd27564ef899969db9a562c7e1945f.r2.cloudflarestorage.com/2942098689488300.mp4
carried-forward  1444573690806212 c0  → https://dcfd27564ef899969db9a562c7e1945f.r2.cloudflarestorage.com/1444573690806212.mp4
carried-forward  1555753755947747 c0  → https://dcfd27564ef899969db9a562c7e1945f.r2.cloudflarestorage.com/1555753755947747.mp4
uploaded         869908926163691 c0  (video) ← 869908926163691.mp4  → https://dcfd27564ef899969db9a562c7e1945f.r2.cloudflarestorage.com/869908926163691.mp4
carried-forward  1704791477199973 c0  → https://dcfd27564ef899969db9a562c7e1945f.r2.cloudflarestorage.com/1704791477199973.mp4
carried-forward  2388976068265097 c0  → https://dcfd27564ef899969db9a562c7e1945f.r2.cloudflarestorage.com/2388976068265097.mp4
carried-forward  1644228480168526 c0  → https://dcfd27564ef899969db9a562c7e1945f.r2.cloudflarestorage.com/1644228480168526.mp4
carried-forward  2820605464942152 c0  → https://dcfd27564ef899969db9a562c7e1945f.r2.cloudflarestorage.com/2820605464942152.mp4
carried-forward  1747869789910274 c0  → https://dcfd27564ef899969db9a562c7e1945f.r2.cloudflarestorage.com/1747869789910274.mp4
carried-forward  1915361298965714 c0  → https://dcfd27564ef899969db9a562c7e1945f.r2.cloudflarestorage.com/1915361298965714.mp4
carried-forward  4687673938174151 c0  → https://dcfd27564ef899969db9a562c7e1945f.r2.cloudflarestorage.com/4687673938174151.mp4
carried-forward  3315138595335780 c0  → https://dcfd27564ef899969db9a562c7e1945f.r2.cloudflarestorage.com/3315138595335780.mp4
carried-forward  2032626797461477 c0  → https://dcfd27564ef899969db9a562c7e1945f.r2.cloudflarestorage.com/2032626797461477.mp4
uploaded         1537064428044245 c0  (video) ← 1537064428044245.mp4  → https://dcfd27564ef899969db9a562c7e1945f.r2.cloudflarestorage.com/1537064428044245.mp4
uploaded         1386818953298541 c0  (video) ← 1386818953298541.mp4  → https://dcfd27564ef899969db9a562c7e1945f.r2.cloudflarestorage.com/1386818953298541.mp4
carried-forward  1568454698132016 c0  → https://dcfd27564ef899969db9a562c7e1945f.r2.cloudflarestorage.com/1568454698132016.mp4
uploaded         2025522311379279 c0  (video) ← 2025522311379279.mp4  → https://dcfd27564ef899969db9a562c7e1945f.r2.cloudflarestorage.com/2025522311379279.mp4
carried-forward  1096538780053471 c0  → https://dcfd27564ef899969db9a562c7e1945f.r2.cloudflarestorage.com/1096538780053471.mp4
uploaded         2217238392444405 c0  (video) ← 2217238392444405.mp4  → https://dcfd27564ef899969db9a562c7e1945f.r2.cloudflarestorage.com/2217238392444405.mp4
uploaded         1268852761989800 c0  (video) ← 1268852761989800.mp4  → https://dcfd27564ef899969db9a562c7e1945f.r2.cloudflarestorage.com/1268852761989800.mp4
uploaded         1015187231092030 c0  (video) ← 1015187231092030.mp4  → https://dcfd27564ef899969db9a562c7e1945f.r2.cloudflarestorage.com/1015187231092030.mp4
uploaded         1795404701807915 c0  (video) ← 1795404701807915.mp4  → https://dcfd27564ef899969db9a562c7e1945f.r2.cloudflarestorage.com/1795404701807915.mp4
carried-forward  4042598066038325 c0  → https://dcfd27564ef899969db9a562c7e1945f.r2.cloudflarestorage.com/4042598066038325.mp4
carried-forward  926058690492896 c0  → https://dcfd27564ef899969db9a562c7e1945f.r2.cloudflarestorage.com/926058690492896.mp4
uploaded         1787729085545056 c0  (video) ← 1787729085545056.mp4  → https://dcfd27564ef899969db9a562c7e1945f.r2.cloudflarestorage.com/1787729085545056.mp4
carried-forward  1691784178829769 c0  → https://dcfd27564ef899969db9a562c7e1945f.r2.cloudflarestorage.com/1691784178829769.mp4
uploaded         1573178924379763 c0  (video) ← 1573178924379763.mp4  → https://dcfd27564ef899969db9a562c7e1945f.r2.cloudflarestorage.com/1573178924379763.mp4
uploaded         2214736702613067 c0  (video) ← 2214736702613067.mp4  → https://dcfd27564ef899969db9a562c7e1945f.r2.cloudflarestorage.com/2214736702613067.mp4
carried-forward  1311647397762391 c0  → https://dcfd27564ef899969db9a562c7e1945f.r2.cloudflarestorage.com/1311647397762391.mp4
carried-forward  1929767137611529 c0  → https://dcfd27564ef899969db9a562c7e1945f.r2.cloudflarestorage.com/1929767137611529.mp4
uploaded         928827256836837 c0  (video) ← 928827256836837.mp4  → https://dcfd27564ef899969db9a562c7e1945f.r2.cloudflarestorage.com/928827256836837.mp4
uploaded         1007541725330421 c0  (video) ← 1007541725330421.mp4  → https://dcfd27564ef899969db9a562c7e1945f.r2.cloudflarestorage.com/1007541725330421.mp4
carried-forward  994716566609726 c0  → https://dcfd27564ef899969db9a562c7e1945f.r2.cloudflarestorage.com/994716566609726.mp4
uploaded         1772896170361459 c0  (video) ← 1772896170361459.mp4  → https://dcfd27564ef899969db9a562c7e1945f.r2.cloudflarestorage.com/1772896170361459.mp4
uploaded         1054584297235889 c0  (video) ← 1054584297235889.mp4  → https://dcfd27564ef899969db9a562c7e1945f.r2.cloudflarestorage.com/1054584297235889.mp4
uploaded         869229706239477 c0  (video) ← 869229706239477.mp4  → https://dcfd27564ef899969db9a562c7e1945f.r2.cloudflarestorage.com/869229706239477.mp4
uploaded         1050527274067149 c0  (video) ← 1050527274067149.mp4  → https://dcfd27564ef899969db9a562c7e1945f.r2.cloudflarestorage.com/1050527274067149.mp4
uploaded         4472111663072824 c0  (video) ← 4472111663072824.mp4  → https://dcfd27564ef899969db9a562c7e1945f.r2.cloudflarestorage.com/4472111663072824.mp4
uploaded         1550386230032600 c0  (video) ← 1550386230032600.mp4  → https://dcfd27564ef899969db9a562c7e1945f.r2.cloudflarestorage.com/1550386230032600.mp4
uploaded         1631602037926060 c0  (video) ← 1631602037926060.mp4  → https://dcfd27564ef899969db9a562c7e1945f.r2.cloudflarestorage.com/1631602037926060.mp4
uploaded         1501331884229139 c0  (video) ← 1501331884229139.mp4  → https://dcfd27564ef899969db9a562c7e1945f.r2.cloudflarestorage.com/1501331884229139.mp4
uploaded         1530923368683061 c0  (video) ← 1530923368683061.mp4  → https://dcfd27564ef899969db9a562c7e1945f.r2.cloudflarestorage.com/1530923368683061.mp4
uploaded         1518921700020018 c0  (video) ← 1518921700020018.mp4  → https://dcfd27564ef899969db9a562c7e1945f.r2.cloudflarestorage.com/1518921700020018.mp4
carried-forward  1778942330132715 c0  → https://dcfd27564ef899969db9a562c7e1945f.r2.cloudflarestorage.com/1778942330132715.mp4
carried-forward  1378308274350492 c0  → https://dcfd27564ef899969db9a562c7e1945f.r2.cloudflarestorage.com/1378308274350492.mp4
carried-forward  1324711415771152 c0  → https://dcfd27564ef899969db9a562c7e1945f.r2.cloudflarestorage.com/1324711415771152.mp4
uploaded         1589301959391190 c0  (video) ← 1589301959391190.mp4  → https://dcfd27564ef899969db9a562c7e1945f.r2.cloudflarestorage.com/1589301959391190.mp4
uploaded         2200199017412412 c0  (video) ← 2200199017412412.mp4  → https://dcfd27564ef899969db9a562c7e1945f.r2.cloudflarestorage.com/2200199017412412.mp4
uploaded         989080657272415 c0  (video) ← 989080657272415.mp4  → https://dcfd27564ef899969db9a562c7e1945f.r2.cloudflarestorage.com/989080657272415.mp4
uploaded         1056730870368516 c0  (video) ← 1056730870368516.mp4  → https://dcfd27564ef899969db9a562c7e1945f.r2.cloudflarestorage.com/1056730870368516.mp4
uploaded         27787661044153699 c0  (video) ← 27787661044153699.mp4  → https://dcfd27564ef899969db9a562c7e1945f.r2.cloudflarestorage.com/27787661044153699.mp4
uploaded         1665570207993946 c0  (video) ← 1665570207993946.mp4  → https://dcfd27564ef899969db9a562c7e1945f.r2.cloudflarestorage.com/1665570207993946.mp4
uploaded         1164802695815463 c0  (video) ← 1164802695815463.mp4  → https://dcfd27564ef899969db9a562c7e1945f.r2.cloudflarestorage.com/1164802695815463.mp4
uploaded         1000525612735463 c0  (video) ← 1000525612735463.mp4  → https://dcfd27564ef899969db9a562c7e1945f.r2.cloudflarestorage.com/1000525612735463.mp4
uploaded         1708092980610981 c0  (video) ← 1708092980610981.mp4  → https://dcfd27564ef899969db9a562c7e1945f.r2.cloudflarestorage.com/1708092980610981.mp4
uploaded         1781578599492452 c0  (video) ← 1781578599492452.mp4  → https://dcfd27564ef899969db9a562c7e1945f.r2.cloudflarestorage.com/1781578599492452.mp4
uploaded         27595074290086518 c0  (video) ← 27595074290086518.mp4  → https://dcfd27564ef899969db9a562c7e1945f.r2.cloudflarestorage.com/27595074290086518.mp4
uploaded         3663203097153647 c0  (video) ← 3663203097153647.mp4  → https://dcfd27564ef899969db9a562c7e1945f.r2.cloudflarestorage.com/3663203097153647.mp4
uploaded         2065988441018895 c0  (video) ← 2065988441018895.mp4  → https://dcfd27564ef899969db9a562c7e1945f.r2.cloudflarestorage.com/2065988441018895.mp4
uploaded         1388064789801947 c0  (video) ← 1388064789801947.mp4  → https://dcfd27564ef899969db9a562c7e1945f.r2.cloudflarestorage.com/1388064789801947.mp4
uploaded         2013049059297231 c0  (video) ← 2013049059297231.mp4  → https://dcfd27564ef899969db9a562c7e1945f.r2.cloudflarestorage.com/2013049059297231.mp4
uploaded         2168987457218569 c0  (video) ← 2168987457218569.mp4  → https://dcfd27564ef899969db9a562c7e1945f.r2.cloudflarestorage.com/2168987457218569.mp4
uploaded         985001377845685 c0  (video) ← 985001377845685.mp4  → https://dcfd27564ef899969db9a562c7e1945f.r2.cloudflarestorage.com/985001377845685.mp4
uploaded         5100169360209452 c0  (video) ← 5100169360209452.mp4  → https://dcfd27564ef899969db9a562c7e1945f.r2.cloudflarestorage.com/5100169360209452.mp4
uploaded         969266155933497 c0  (video) ← 969266155933497.mp4  → https://dcfd27564ef899969db9a562c7e1945f.r2.cloudflarestorage.com/969266155933497.mp4
uploaded         1520557299602731 c0  (video) ← 1520557299602731.mp4  → https://dcfd27564ef899969db9a562c7e1945f.r2.cloudflarestorage.com/1520557299602731.mp4
uploaded         4383895821853188 c0  (video) ← 4383895821853188.mp4  → https://dcfd27564ef899969db9a562c7e1945f.r2.cloudflarestorage.com/4383895821853188.mp4
uploaded         2506292793150954 c0  (video) ← 2506292793150954.mp4  → https://dcfd27564ef899969db9a562c7e1945f.r2.cloudflarestorage.com/2506292793150954.mp4
