# Step 3 run log
# competitor : loora
# started_at : 2026-07-25T06:27:27
# input      : facebook/inputs/fb-ads-loora-2026-07-25-0626.csv
# videos     : facebook/videos/loora-2026-07-25
# master     : facebook/master/loora.csv  (updated)
# enriched   : facebook/inputs/fb-ads-loora-2026-07-25-0626_enriched.csv
# bucket     : video-ads
# public_base: https://pub-893b4a6a607b4221a894bf861da7914e.r2.dev
# dry_run    : False
#
# counts     : {'uploaded': 1, 'carried-forward': 64, 'image-pending': 5, 'video-missing': 37, 'no-creative': 0, 'error': 0}
#
carried-forward  1923073918386349 c0  → https://pub-893b4a6a607b4221a894bf861da7914e.r2.dev/1923073918386349.mp4
video-missing    1923073918386349 c0  (expected file not found in facebook/videos/loora-2026-07-25)
carried-forward  1032864065896787 c0  → https://pub-893b4a6a607b4221a894bf861da7914e.r2.dev/1032864065896787.mp4
video-missing    1032864065896787 c0  (expected file not found in facebook/videos/loora-2026-07-25)
video-missing    1032864065896787 c0  (expected file not found in facebook/videos/loora-2026-07-25)
carried-forward  1011292844956913 c0  → https://pub-893b4a6a607b4221a894bf861da7914e.r2.dev/1011292844956913.mp4
carried-forward  1399715815299179 c0  → https://pub-893b4a6a607b4221a894bf861da7914e.r2.dev/1399715815299179.mp4
carried-forward  979523084446611 c0  → https://pub-893b4a6a607b4221a894bf861da7914e.r2.dev/979523084446611.mp4
carried-forward  2537378303379370 c0  → https://pub-893b4a6a607b4221a894bf861da7914e.r2.dev/2537378303379370.mp4
carried-forward  1671558640619944 c0  → https://pub-893b4a6a607b4221a894bf861da7914e.r2.dev/1671558640619944.mp4
carried-forward  1495982208735813 c0  → https://pub-893b4a6a607b4221a894bf861da7914e.r2.dev/1495982208735813.mp4
carried-forward  1030430109678081 c0  → https://pub-893b4a6a607b4221a894bf861da7914e.r2.dev/1030430109678081.mp4
carried-forward  28000341219563581 c0  → https://pub-893b4a6a607b4221a894bf861da7914e.r2.dev/28000341219563581.mp4
video-missing    28000341219563581 c0  (expected file not found in facebook/videos/loora-2026-07-25)
carried-forward  1547298730167265 c0  → https://pub-893b4a6a607b4221a894bf861da7914e.r2.dev/1547298730167265.mp4
carried-forward  1354175103312608 c0  → https://pub-893b4a6a607b4221a894bf861da7914e.r2.dev/1354175103312608.mp4
carried-forward  955592144204810 c0  → https://pub-893b4a6a607b4221a894bf861da7914e.r2.dev/955592144204810.mp4
video-missing    955592144204810 c0  (expected file not found in facebook/videos/loora-2026-07-25)
carried-forward  1317685440350002 c0  → https://pub-893b4a6a607b4221a894bf861da7914e.r2.dev/1317685440350002.mp4
video-missing    1317685440350002 c0  (expected file not found in facebook/videos/loora-2026-07-25)
carried-forward  1704800317458489 c0  → https://pub-893b4a6a607b4221a894bf861da7914e.r2.dev/1704800317458489.mp4
carried-forward  911558108594444 c0  → https://pub-893b4a6a607b4221a894bf861da7914e.r2.dev/911558108594444.mp4
carried-forward  2121429988723554 c0  → https://pub-893b4a6a607b4221a894bf861da7914e.r2.dev/2121429988723554.mp4
carried-forward  1651325459631448 c0  → https://pub-893b4a6a607b4221a894bf861da7914e.r2.dev/1651325459631448.mp4
carried-forward  1027598446793749 c0  → https://pub-893b4a6a607b4221a894bf861da7914e.r2.dev/1027598446793749.mp4
video-missing    1027598446793749 c0  (expected file not found in facebook/videos/loora-2026-07-25)
carried-forward  975194242006056 c0  → https://pub-893b4a6a607b4221a894bf861da7914e.r2.dev/975194242006056.mp4
carried-forward  2257110451487366 c0  → https://pub-893b4a6a607b4221a894bf861da7914e.r2.dev/2257110451487366.mp4
carried-forward  870914545699672 c0  → https://pub-893b4a6a607b4221a894bf861da7914e.r2.dev/870914545699672.mp4
video-missing    870914545699672 c0  (expected file not found in facebook/videos/loora-2026-07-25)
carried-forward  869185468874772 c0  → https://pub-893b4a6a607b4221a894bf861da7914e.r2.dev/869185468874772.mp4
carried-forward  1636996230727602 c0  → https://pub-893b4a6a607b4221a894bf861da7914e.r2.dev/1636996230727602.mp4
video-missing    1636996230727602 c0  (expected file not found in facebook/videos/loora-2026-07-25)
carried-forward  1017721613974007 c0  → https://pub-893b4a6a607b4221a894bf861da7914e.r2.dev/1017721613974007.mp4
carried-forward  1015372294539208 c0  → https://pub-893b4a6a607b4221a894bf861da7914e.r2.dev/1015372294539208.mp4
video-missing    1015372294539208 c0  (expected file not found in facebook/videos/loora-2026-07-25)
carried-forward  1288912503097505 c0  → https://pub-893b4a6a607b4221a894bf861da7914e.r2.dev/1288912503097505.mp4
video-missing    1288912503097505 c0  (expected file not found in facebook/videos/loora-2026-07-25)
carried-forward  3986740264793174 c0  → https://pub-893b4a6a607b4221a894bf861da7914e.r2.dev/3986740264793174.mp4
carried-forward  1336212968718713 c0  → https://pub-893b4a6a607b4221a894bf861da7914e.r2.dev/1336212968718713.mp4
video-missing    1336212968718713 c0  (expected file not found in facebook/videos/loora-2026-07-25)
uploaded         2099202457608804 c0  (video) ← 2099202457608804.mp4  → https://pub-893b4a6a607b4221a894bf861da7914e.r2.dev/2099202457608804.mp4
carried-forward  3808546165953885 c0  → https://pub-893b4a6a607b4221a894bf861da7914e.r2.dev/3808546165953885.mp4
video-missing    3808546165953885 c0  (expected file not found in facebook/videos/loora-2026-07-25)
carried-forward  1632804617809986 c0  → https://pub-893b4a6a607b4221a894bf861da7914e.r2.dev/1632804617809986.mp4
carried-forward  1684750995910833 c0  → https://pub-893b4a6a607b4221a894bf861da7914e.r2.dev/1684750995910833.mp4
carried-forward  2154774542127805 c0  → https://pub-893b4a6a607b4221a894bf861da7914e.r2.dev/2154774542127805.mp4
video-missing    2154774542127805 c0  (expected file not found in facebook/videos/loora-2026-07-25)
carried-forward  1044304634647027 c0  → https://pub-893b4a6a607b4221a894bf861da7914e.r2.dev/1044304634647027.mp4
video-missing    1044304634647027 c0  (expected file not found in facebook/videos/loora-2026-07-25)
carried-forward  989729313528735 c0  → https://pub-893b4a6a607b4221a894bf861da7914e.r2.dev/989729313528735.mp4
carried-forward  36835547972756534 c0  → https://pub-893b4a6a607b4221a894bf861da7914e.r2.dev/36835547972756534.mp4
carried-forward  1696945591429846 c0  → https://pub-893b4a6a607b4221a894bf861da7914e.r2.dev/1696945591429846.mp4
video-missing    1696945591429846 c0  (expected file not found in facebook/videos/loora-2026-07-25)
carried-forward  1564037895089707 c0  → https://pub-893b4a6a607b4221a894bf861da7914e.r2.dev/1564037895089707.mp4
video-missing    1564037895089707 c0  (expected file not found in facebook/videos/loora-2026-07-25)
carried-forward  1050343200873764 c0  → https://pub-893b4a6a607b4221a894bf861da7914e.r2.dev/1050343200873764.mp4
video-missing    1050343200873764 c0  (expected file not found in facebook/videos/loora-2026-07-25)
carried-forward  2094998248088254 c0  → https://pub-893b4a6a607b4221a894bf861da7914e.r2.dev/2094998248088254.mp4
carried-forward  1034426875739269 c0  → https://pub-893b4a6a607b4221a894bf861da7914e.r2.dev/1034426875739269.mp4
video-missing    1034426875739269 c0  (expected file not found in facebook/videos/loora-2026-07-25)
video-missing    1034426875739269 c0  (expected file not found in facebook/videos/loora-2026-07-25)
video-missing    1034426875739269 c0  (expected file not found in facebook/videos/loora-2026-07-25)
carried-forward  1376673434369180 c0  → https://pub-893b4a6a607b4221a894bf861da7914e.r2.dev/1376673434369180.mp4
carried-forward  1585467806699602 c0  → https://pub-893b4a6a607b4221a894bf861da7914e.r2.dev/1585467806699602.mp4
carried-forward  897321943418751 c0  → https://pub-893b4a6a607b4221a894bf861da7914e.r2.dev/897321943418751.mp4
video-missing    897321943418751 c0  (expected file not found in facebook/videos/loora-2026-07-25)
carried-forward  1588359709601998 c0  → https://pub-893b4a6a607b4221a894bf861da7914e.r2.dev/1588359709601998.mp4
video-missing    1588359709601998 c0  (expected file not found in facebook/videos/loora-2026-07-25)
carried-forward  1565174518464522 c0  → https://pub-893b4a6a607b4221a894bf861da7914e.r2.dev/1565174518464522.mp4
carried-forward  2032931734096101 c0  → https://pub-893b4a6a607b4221a894bf861da7914e.r2.dev/2032931734096101.mp4
video-missing    2032931734096101 c0  (expected file not found in facebook/videos/loora-2026-07-25)
carried-forward  894154967072003 c0  → https://pub-893b4a6a607b4221a894bf861da7914e.r2.dev/894154967072003.mp4
video-missing    894154967072003 c0  (expected file not found in facebook/videos/loora-2026-07-25)
carried-forward  3330216970496876 c0  → https://pub-893b4a6a607b4221a894bf861da7914e.r2.dev/3330216970496876.mp4
video-missing    3330216970496876 c0  (expected file not found in facebook/videos/loora-2026-07-25)
carried-forward  26717927631214700 c0  → https://pub-893b4a6a607b4221a894bf861da7914e.r2.dev/26717927631214700.mp4
video-missing    26717927631214700 c0  (expected file not found in facebook/videos/loora-2026-07-25)
carried-forward  1337793668505922 c0  → https://pub-893b4a6a607b4221a894bf861da7914e.r2.dev/1337793668505922.mp4
video-missing    1337793668505922 c0  (expected file not found in facebook/videos/loora-2026-07-25)
carried-forward  1640641020765022 c0  → https://pub-893b4a6a607b4221a894bf861da7914e.r2.dev/1640641020765022.mp4
carried-forward  912992904418282 c0  → https://pub-893b4a6a607b4221a894bf861da7914e.r2.dev/912992904418282.mp4
video-missing    912992904418282 c0  (expected file not found in facebook/videos/loora-2026-07-25)
carried-forward  37077031308579275 c0  → https://pub-893b4a6a607b4221a894bf861da7914e.r2.dev/37077031308579275.mp4
video-missing    37077031308579275 c0  (expected file not found in facebook/videos/loora-2026-07-25)
video-missing    37077031308579275 c0  (expected file not found in facebook/videos/loora-2026-07-25)
video-missing    37077031308579275 c0  (expected file not found in facebook/videos/loora-2026-07-25)
carried-forward  1683632599420389 c0  → https://pub-893b4a6a607b4221a894bf861da7914e.r2.dev/1683632599420389.mp4
carried-forward  1965538320761161 c0  → https://pub-893b4a6a607b4221a894bf861da7914e.r2.dev/1965538320761161.mp4
video-missing    1965538320761161 c0  (expected file not found in facebook/videos/loora-2026-07-25)
carried-forward  906208792534550 c0  → https://pub-893b4a6a607b4221a894bf861da7914e.r2.dev/906208792534550.mp4
video-missing    906208792534550 c0  (expected file not found in facebook/videos/loora-2026-07-25)
carried-forward  995028603371360 c0  → https://pub-893b4a6a607b4221a894bf861da7914e.r2.dev/995028603371360.mp4
video-missing    995028603371360 c0  (expected file not found in facebook/videos/loora-2026-07-25)
carried-forward  1035968878809133 c0  → https://pub-893b4a6a607b4221a894bf861da7914e.r2.dev/1035968878809133.mp4
video-missing    1035968878809133 c0  (expected file not found in facebook/videos/loora-2026-07-25)
carried-forward  1207744522423851 c0  → https://pub-893b4a6a607b4221a894bf861da7914e.r2.dev/1207744522423851.mp4
video-missing    1207744522423851 c0  (expected file not found in facebook/videos/loora-2026-07-25)
carried-forward  27423307387277285 c0  → https://pub-893b4a6a607b4221a894bf861da7914e.r2.dev/27423307387277285.mp4
image-pending    1591620048968017 c0  (HANDOVER §8.5 — image handling not yet built)
carried-forward  2865239173811617 c0  → https://pub-893b4a6a607b4221a894bf861da7914e.r2.dev/2865239173811617.mp4
image-pending    1748269009499480 c0  (HANDOVER §8.5 — image handling not yet built)
image-pending    1784013629425060 c0  (HANDOVER §8.5 — image handling not yet built)
carried-forward  2125828964815285 c0  → https://pub-893b4a6a607b4221a894bf861da7914e.r2.dev/2125828964815285.mp4
image-pending    1065007649423102 c0  (HANDOVER §8.5 — image handling not yet built)
image-pending    4433420273537103 c0  (HANDOVER §8.5 — image handling not yet built)
carried-forward  1351363066453052 c0  → https://pub-893b4a6a607b4221a894bf861da7914e.r2.dev/1351363066453052.mp4
