# Step 3 run log
# competitor : loora
# started_at : 2026-07-12T06:27:23
# input      : facebook/inputs/fb-ads-loora-2026-07-12-0625.csv
# videos     : facebook/videos/loora-2026-07-12
# master     : facebook/master/loora.csv  (updated)
# enriched   : facebook/inputs/fb-ads-loora-2026-07-12-0625_enriched.csv
# bucket     : video-ads
# public_base: https://pub-893b4a6a607b4221a894bf861da7914e.r2.dev
# dry_run    : False
#
# counts     : {'uploaded': 7, 'carried-forward': 47, 'image-pending': 0, 'video-missing': 12, 'no-creative': 0, 'error': 0}
#
carried-forward  1923073918386349 c0  → https://pub-893b4a6a607b4221a894bf861da7914e.r2.dev/1923073918386349.mp4
video-missing    1923073918386349 c0  (expected file not found in facebook/videos/loora-2026-07-12)
carried-forward  1017749350907847 c0  → https://pub-893b4a6a607b4221a894bf861da7914e.r2.dev/1017749350907847.mp4
carried-forward  1011292844956913 c0  → https://pub-893b4a6a607b4221a894bf861da7914e.r2.dev/1011292844956913.mp4
carried-forward  1021136453737366 c0  → https://pub-893b4a6a607b4221a894bf861da7914e.r2.dev/1021136453737366.mp4
carried-forward  1399715815299179 c0  → https://pub-893b4a6a607b4221a894bf861da7914e.r2.dev/1399715815299179.mp4
video-missing    1399715815299179 c0  (expected file not found in facebook/videos/loora-2026-07-12)
carried-forward  1389378246427597 c0  → https://pub-893b4a6a607b4221a894bf861da7914e.r2.dev/1389378246427597.mp4
video-missing    1389378246427597 c0  (expected file not found in facebook/videos/loora-2026-07-12)
uploaded         858897586932065 c0  (video) ← 858897586932065.mp4  → https://pub-893b4a6a607b4221a894bf861da7914e.r2.dev/858897586932065.mp4
video-missing    858897586932065 c0  (expected file not found in facebook/videos/loora-2026-07-12)
video-missing    858897586932065 c0  (expected file not found in facebook/videos/loora-2026-07-12)
video-missing    858897586932065 c0  (expected file not found in facebook/videos/loora-2026-07-12)
carried-forward  2537378303379370 c0  → https://pub-893b4a6a607b4221a894bf861da7914e.r2.dev/2537378303379370.mp4
carried-forward  979523084446611 c0  → https://pub-893b4a6a607b4221a894bf861da7914e.r2.dev/979523084446611.mp4
carried-forward  1495982208735813 c0  → https://pub-893b4a6a607b4221a894bf861da7914e.r2.dev/1495982208735813.mp4
carried-forward  1032668232984789 c0  → https://pub-893b4a6a607b4221a894bf861da7914e.r2.dev/1032668232984789.mp4
carried-forward  979977635018465 c0  → https://pub-893b4a6a607b4221a894bf861da7914e.r2.dev/979977635018465.mp4
carried-forward  4085441481753577 c0  → https://pub-893b4a6a607b4221a894bf861da7914e.r2.dev/4085441481753577.mp4
carried-forward  989786880310878 c0  → https://pub-893b4a6a607b4221a894bf861da7914e.r2.dev/989786880310878.mp4
carried-forward  1032864065896787 c0  → https://pub-893b4a6a607b4221a894bf861da7914e.r2.dev/1032864065896787.mp4
carried-forward  1328840059355856 c0  → https://pub-893b4a6a607b4221a894bf861da7914e.r2.dev/1328840059355856.mp4
carried-forward  911558108594444 c0  → https://pub-893b4a6a607b4221a894bf861da7914e.r2.dev/911558108594444.mp4
carried-forward  1555971279252723 c0  → https://pub-893b4a6a607b4221a894bf861da7914e.r2.dev/1555971279252723.mp4
carried-forward  1354175103312608 c0  → https://pub-893b4a6a607b4221a894bf861da7914e.r2.dev/1354175103312608.mp4
uploaded         1749977376182059 c0  (video) ← 1749977376182059.mp4  → https://pub-893b4a6a607b4221a894bf861da7914e.r2.dev/1749977376182059.mp4
video-missing    1749977376182059 c0  (expected file not found in facebook/videos/loora-2026-07-12)
carried-forward  28365108253078782 c0  → https://pub-893b4a6a607b4221a894bf861da7914e.r2.dev/28365108253078782.mp4
carried-forward  1800522517580952 c0  → https://pub-893b4a6a607b4221a894bf861da7914e.r2.dev/1800522517580952.mp4
carried-forward  1575036264038808 c0  → https://pub-893b4a6a607b4221a894bf861da7914e.r2.dev/1575036264038808.mp4
carried-forward  1053758737567750 c0  → https://pub-893b4a6a607b4221a894bf861da7914e.r2.dev/1053758737567750.mp4
video-missing    1053758737567750 c0  (expected file not found in facebook/videos/loora-2026-07-12)
uploaded         1553491046417796 c0  (video) ← 1553491046417796.mp4  → https://pub-893b4a6a607b4221a894bf861da7914e.r2.dev/1553491046417796.mp4
carried-forward  2257110451487366 c0  → https://pub-893b4a6a607b4221a894bf861da7914e.r2.dev/2257110451487366.mp4
carried-forward  3236793519837388 c0  → https://pub-893b4a6a607b4221a894bf861da7914e.r2.dev/3236793519837388.mp4
uploaded         2041893553197573 c0  (video) ← 2041893553197573.mp4  → https://pub-893b4a6a607b4221a894bf861da7914e.r2.dev/2041893553197573.mp4
video-missing    2041893553197573 c0  (expected file not found in facebook/videos/loora-2026-07-12)
uploaded         1591820286063298 c0  (video) ← 1591820286063298.mp4  → https://pub-893b4a6a607b4221a894bf861da7914e.r2.dev/1591820286063298.mp4
video-missing    1591820286063298 c0  (expected file not found in facebook/videos/loora-2026-07-12)
carried-forward  1651325459631448 c0  → https://pub-893b4a6a607b4221a894bf861da7914e.r2.dev/1651325459631448.mp4
carried-forward  27895788590026016 c0  → https://pub-893b4a6a607b4221a894bf861da7914e.r2.dev/27895788590026016.mp4
video-missing    27895788590026016 c0  (expected file not found in facebook/videos/loora-2026-07-12)
carried-forward  27312881168353507 c0  → https://pub-893b4a6a607b4221a894bf861da7914e.r2.dev/27312881168353507.mp4
carried-forward  1003207599247646 c0  → https://pub-893b4a6a607b4221a894bf861da7914e.r2.dev/1003207599247646.mp4
carried-forward  869185468874772 c0  → https://pub-893b4a6a607b4221a894bf861da7914e.r2.dev/869185468874772.mp4
carried-forward  975194242006056 c0  → https://pub-893b4a6a607b4221a894bf861da7914e.r2.dev/975194242006056.mp4
carried-forward  1671097577430352 c0  → https://pub-893b4a6a607b4221a894bf861da7914e.r2.dev/1671097577430352.mp4
carried-forward  2122627011616500 c0  → https://pub-893b4a6a607b4221a894bf861da7914e.r2.dev/2122627011616500.mp4
carried-forward  886284157893490 c0  → https://pub-893b4a6a607b4221a894bf861da7914e.r2.dev/886284157893490.mp4
carried-forward  2920536348298813 c0  → https://pub-893b4a6a607b4221a894bf861da7914e.r2.dev/2920536348298813.mp4
carried-forward  1366146328694387 c0  → https://pub-893b4a6a607b4221a894bf861da7914e.r2.dev/1366146328694387.mp4
uploaded         2547698822300142 c0  (video) ← 2547698822300142.mp4  → https://pub-893b4a6a607b4221a894bf861da7914e.r2.dev/2547698822300142.mp4
carried-forward  3986740264793174 c0  → https://pub-893b4a6a607b4221a894bf861da7914e.r2.dev/3986740264793174.mp4
carried-forward  1632804617809986 c0  → https://pub-893b4a6a607b4221a894bf861da7914e.r2.dev/1632804617809986.mp4
uploaded         946651168463756 c0  (video) ← 946651168463756.mp4  → https://pub-893b4a6a607b4221a894bf861da7914e.r2.dev/946651168463756.mp4
video-missing    946651168463756 c0  (expected file not found in facebook/videos/loora-2026-07-12)
carried-forward  989729313528735 c0  → https://pub-893b4a6a607b4221a894bf861da7914e.r2.dev/989729313528735.mp4
carried-forward  2311025816307474 c0  → https://pub-893b4a6a607b4221a894bf861da7914e.r2.dev/2311025816307474.mp4
carried-forward  27356581034010818 c0  → https://pub-893b4a6a607b4221a894bf861da7914e.r2.dev/27356581034010818.mp4
carried-forward  1298208928762380 c0  → https://pub-893b4a6a607b4221a894bf861da7914e.r2.dev/1298208928762380.mp4
carried-forward  2418322802022115 c0  → https://pub-893b4a6a607b4221a894bf861da7914e.r2.dev/2418322802022115.mp4
carried-forward  1565174518464522 c0  → https://pub-893b4a6a607b4221a894bf861da7914e.r2.dev/1565174518464522.mp4
carried-forward  27423307387277285 c0  → https://pub-893b4a6a607b4221a894bf861da7914e.r2.dev/27423307387277285.mp4
carried-forward  2299097647495324 c0  → https://pub-893b4a6a607b4221a894bf861da7914e.r2.dev/2299097647495324.mp4
carried-forward  2337129586816797 c0  → https://pub-893b4a6a607b4221a894bf861da7914e.r2.dev/2337129586816797.mp4
carried-forward  1257067016406614 c0  → https://pub-893b4a6a607b4221a894bf861da7914e.r2.dev/1257067016406614.mp4
