# Step 3 run log
# competitor : pw-talk
# started_at : 2026-06-16T14:42:28
# input      : facebook/inputs/fb-ads-pw-talk-2026-06-16-1423.csv
# videos     : facebook/videos/pw-talk-2026-06-16
# master     : facebook/master/pw-talk.csv  (updated)
# enriched   : facebook/inputs/fb-ads-pw-talk-2026-06-16-1423_enriched.csv
# bucket     : video-ads
# public_base: https://dcfd27564ef899969db9a562c7e1945f.r2.cloudflarestorage.com
# dry_run    : False
#
# counts     : {'uploaded': 89, 'carried-forward': 20, 'image-pending': 24, 'video-missing': 77, 'no-creative': 0, 'error': 0}
#
image-pending    2349362925531593 c0  (HANDOVER §8.5 — image handling not yet built)
image-pending    1668604657811317 c0  (HANDOVER §8.5 — image handling not yet built)
image-pending    1668604657811317 c0  (HANDOVER §8.5 — image handling not yet built)
image-pending    1668604657811317 c0  (HANDOVER §8.5 — image handling not yet built)
carried-forward  1542662291202539 c0  → https://dcfd27564ef899969db9a562c7e1945f.r2.cloudflarestorage.com/1542662291202539.mp4
video-missing    1542662291202539 c0  (expected file not found in facebook/videos/pw-talk-2026-06-16)
carried-forward  1324708162884438 c0  → https://dcfd27564ef899969db9a562c7e1945f.r2.cloudflarestorage.com/1324708162884438.mp4
video-missing    1324708162884438 c0  (expected file not found in facebook/videos/pw-talk-2026-06-16)
carried-forward  2118422772240776 c0  → https://dcfd27564ef899969db9a562c7e1945f.r2.cloudflarestorage.com/2118422772240776.mp4
carried-forward  1281960683918283 c0  → https://dcfd27564ef899969db9a562c7e1945f.r2.cloudflarestorage.com/1281960683918283.mp4
carried-forward  1724197118748377 c0  → https://dcfd27564ef899969db9a562c7e1945f.r2.cloudflarestorage.com/1724197118748377.mp4
video-missing    1724197118748377 c0  (expected file not found in facebook/videos/pw-talk-2026-06-16)
carried-forward  1007300494972391 c0  → https://dcfd27564ef899969db9a562c7e1945f.r2.cloudflarestorage.com/1007300494972391.mp4
carried-forward  956692124024564 c0  → https://dcfd27564ef899969db9a562c7e1945f.r2.cloudflarestorage.com/956692124024564.mp4
carried-forward  1023770803552722 c0  → https://dcfd27564ef899969db9a562c7e1945f.r2.cloudflarestorage.com/1023770803552722.mp4
video-missing    1023770803552722 c0  (expected file not found in facebook/videos/pw-talk-2026-06-16)
video-missing    1023770803552722 c0  (expected file not found in facebook/videos/pw-talk-2026-06-16)
carried-forward  941613088747926 c0  → https://dcfd27564ef899969db9a562c7e1945f.r2.cloudflarestorage.com/941613088747926.mp4
carried-forward  1545545373757343 c0  → https://dcfd27564ef899969db9a562c7e1945f.r2.cloudflarestorage.com/1545545373757343.mp4
video-missing    1545545373757343 c0  (expected file not found in facebook/videos/pw-talk-2026-06-16)
carried-forward  982593771083391 c0  → https://dcfd27564ef899969db9a562c7e1945f.r2.cloudflarestorage.com/982593771083391.mp4
video-missing    982593771083391 c0  (expected file not found in facebook/videos/pw-talk-2026-06-16)
carried-forward  1470471397608970 c0  → https://dcfd27564ef899969db9a562c7e1945f.r2.cloudflarestorage.com/1470471397608970.mp4
carried-forward  954609790259093 c0  → https://dcfd27564ef899969db9a562c7e1945f.r2.cloudflarestorage.com/954609790259093.mp4
video-missing    954609790259093 c0  (expected file not found in facebook/videos/pw-talk-2026-06-16)
video-missing    954609790259093 c0  (expected file not found in facebook/videos/pw-talk-2026-06-16)
carried-forward  2147829419384950 c0  → https://dcfd27564ef899969db9a562c7e1945f.r2.cloudflarestorage.com/2147829419384950.mp4
video-missing    2147829419384950 c0  (expected file not found in facebook/videos/pw-talk-2026-06-16)
image-pending    1616029346132773 c0  (HANDOVER §8.5 — image handling not yet built)
image-pending    1616029346132773 c0  (HANDOVER §8.5 — image handling not yet built)
carried-forward  1459802412348522 c0  → https://dcfd27564ef899969db9a562c7e1945f.r2.cloudflarestorage.com/1459802412348522.mp4
video-missing    1459802412348522 c0  (expected file not found in facebook/videos/pw-talk-2026-06-16)
video-missing    1459802412348522 c0  (expected file not found in facebook/videos/pw-talk-2026-06-16)
carried-forward  1271072245182250 c0  → https://dcfd27564ef899969db9a562c7e1945f.r2.cloudflarestorage.com/1271072245182250.mp4
carried-forward  26964483843185846 c0  → https://dcfd27564ef899969db9a562c7e1945f.r2.cloudflarestorage.com/26964483843185846.mp4
carried-forward  1510838230642930 c0  → https://dcfd27564ef899969db9a562c7e1945f.r2.cloudflarestorage.com/1510838230642930.mp4
video-missing    1510838230642930 c0  (expected file not found in facebook/videos/pw-talk-2026-06-16)
video-missing    1510838230642930 c0  (expected file not found in facebook/videos/pw-talk-2026-06-16)
video-missing    1510838230642930 c0  (expected file not found in facebook/videos/pw-talk-2026-06-16)
carried-forward  1888603368477515 c0  → https://dcfd27564ef899969db9a562c7e1945f.r2.cloudflarestorage.com/1888603368477515.mp4
video-missing    1888603368477515 c0  (expected file not found in facebook/videos/pw-talk-2026-06-16)
carried-forward  1484334716724850 c0  → https://dcfd27564ef899969db9a562c7e1945f.r2.cloudflarestorage.com/1484334716724850.mp4
video-missing    1484334716724850 c0  (expected file not found in facebook/videos/pw-talk-2026-06-16)
video-missing    1484334716724850 c0  (expected file not found in facebook/videos/pw-talk-2026-06-16)
video-missing    1484334716724850 c0  (expected file not found in facebook/videos/pw-talk-2026-06-16)
uploaded         2012385659367758 c0  (video) ← 2012385659367758.mp4  → https://dcfd27564ef899969db9a562c7e1945f.r2.cloudflarestorage.com/2012385659367758.mp4
video-missing    2012385659367758 c0  (expected file not found in facebook/videos/pw-talk-2026-06-16)
uploaded         2044839999773285 c0  (video) ← 2044839999773285.mp4  → https://dcfd27564ef899969db9a562c7e1945f.r2.cloudflarestorage.com/2044839999773285.mp4
video-missing    2044839999773285 c0  (expected file not found in facebook/videos/pw-talk-2026-06-16)
video-missing    2044839999773285 c0  (expected file not found in facebook/videos/pw-talk-2026-06-16)
image-pending    1477576483809130 c0  (HANDOVER §8.5 — image handling not yet built)
uploaded         1383947583494215 c0  (video) ← 1383947583494215.mp4  → https://dcfd27564ef899969db9a562c7e1945f.r2.cloudflarestorage.com/1383947583494215.mp4
video-missing    1383947583494215 c0  (expected file not found in facebook/videos/pw-talk-2026-06-16)
uploaded         1558063979656305 c0  (video) ← 1558063979656305.mp4  → https://dcfd27564ef899969db9a562c7e1945f.r2.cloudflarestorage.com/1558063979656305.mp4
video-missing    1558063979656305 c0  (expected file not found in facebook/videos/pw-talk-2026-06-16)
video-missing    1558063979656305 c0  (expected file not found in facebook/videos/pw-talk-2026-06-16)
video-missing    1558063979656305 c0  (expected file not found in facebook/videos/pw-talk-2026-06-16)
uploaded         1290451376083367 c0  (video) ← 1290451376083367.mp4  → https://dcfd27564ef899969db9a562c7e1945f.r2.cloudflarestorage.com/1290451376083367.mp4
video-missing    1290451376083367 c0  (expected file not found in facebook/videos/pw-talk-2026-06-16)
video-missing    1290451376083367 c0  (expected file not found in facebook/videos/pw-talk-2026-06-16)
image-pending    975830475191925 c0  (HANDOVER §8.5 — image handling not yet built)
uploaded         873558985758115 c0  (video) ← 873558985758115.mp4  → https://dcfd27564ef899969db9a562c7e1945f.r2.cloudflarestorage.com/873558985758115.mp4
uploaded         1383764603589213 c0  (video) ← 1383764603589213.mp4  → https://dcfd27564ef899969db9a562c7e1945f.r2.cloudflarestorage.com/1383764603589213.mp4
image-pending    1379701207397707 c0  (HANDOVER §8.5 — image handling not yet built)
uploaded         990067790082865 c0  (video) ← 990067790082865.mp4  → https://dcfd27564ef899969db9a562c7e1945f.r2.cloudflarestorage.com/990067790082865.mp4
uploaded         1244804194191792 c0  (video) ← 1244804194191792.mp4  → https://dcfd27564ef899969db9a562c7e1945f.r2.cloudflarestorage.com/1244804194191792.mp4
video-missing    1244804194191792 c0  (expected file not found in facebook/videos/pw-talk-2026-06-16)
video-missing    1244804194191792 c0  (expected file not found in facebook/videos/pw-talk-2026-06-16)
uploaded         1410583254158330 c0  (video) ← 1410583254158330.mp4  → https://dcfd27564ef899969db9a562c7e1945f.r2.cloudflarestorage.com/1410583254158330.mp4
video-missing    1410583254158330 c0  (expected file not found in facebook/videos/pw-talk-2026-06-16)
video-missing    1410583254158330 c0  (expected file not found in facebook/videos/pw-talk-2026-06-16)
uploaded         990103036720803 c0  (video) ← 990103036720803.mp4  → https://dcfd27564ef899969db9a562c7e1945f.r2.cloudflarestorage.com/990103036720803.mp4
uploaded         910631738693945 c0  (video) ← 910631738693945.mp4  → https://dcfd27564ef899969db9a562c7e1945f.r2.cloudflarestorage.com/910631738693945.mp4
video-missing    910631738693945 c0  (expected file not found in facebook/videos/pw-talk-2026-06-16)
video-missing    910631738693945 c0  (expected file not found in facebook/videos/pw-talk-2026-06-16)
uploaded         35616055594707499 c0  (video) ← 35616055594707499.mp4  → https://dcfd27564ef899969db9a562c7e1945f.r2.cloudflarestorage.com/35616055594707499.mp4
image-pending    1529619835340866 c0  (HANDOVER §8.5 — image handling not yet built)
image-pending    1543899037311006 c0  (HANDOVER §8.5 — image handling not yet built)
uploaded         1761637955248042 c0  (video) ← 1761637955248042.mp4  → https://dcfd27564ef899969db9a562c7e1945f.r2.cloudflarestorage.com/1761637955248042.mp4
image-pending    1279844364134321 c0  (HANDOVER §8.5 — image handling not yet built)
image-pending    1427890712476618 c0  (HANDOVER §8.5 — image handling not yet built)
uploaded         3404871473007544 c0  (video) ← 3404871473007544.mp4  → https://dcfd27564ef899969db9a562c7e1945f.r2.cloudflarestorage.com/3404871473007544.mp4
video-missing    3404871473007544 c0  (expected file not found in facebook/videos/pw-talk-2026-06-16)
image-pending    3385563551622383 c0  (HANDOVER §8.5 — image handling not yet built)
uploaded         1378914400744740 c0  (video) ← 1378914400744740.mp4  → https://dcfd27564ef899969db9a562c7e1945f.r2.cloudflarestorage.com/1378914400744740.mp4
uploaded         1513314403857875 c0  (video) ← 1513314403857875.mp4  → https://dcfd27564ef899969db9a562c7e1945f.r2.cloudflarestorage.com/1513314403857875.mp4
uploaded         863233420161856 c0  (video) ← 863233420161856.mp4  → https://dcfd27564ef899969db9a562c7e1945f.r2.cloudflarestorage.com/863233420161856.mp4
image-pending    1282891997259604 c0  (HANDOVER §8.5 — image handling not yet built)
image-pending    1380779020740039 c0  (HANDOVER §8.5 — image handling not yet built)
image-pending    1005508155503187 c0  (HANDOVER §8.5 — image handling not yet built)
uploaded         933714815692813 c0  (video) ← 933714815692813.mp4  → https://dcfd27564ef899969db9a562c7e1945f.r2.cloudflarestorage.com/933714815692813.mp4
video-missing    933714815692813 c0  (expected file not found in facebook/videos/pw-talk-2026-06-16)
uploaded         1716360766456463 c0  (video) ← 1716360766456463.mp4  → https://dcfd27564ef899969db9a562c7e1945f.r2.cloudflarestorage.com/1716360766456463.mp4
uploaded         1448807829637445 c0  (video) ← 1448807829637445.mp4  → https://dcfd27564ef899969db9a562c7e1945f.r2.cloudflarestorage.com/1448807829637445.mp4
video-missing    1448807829637445 c0  (expected file not found in facebook/videos/pw-talk-2026-06-16)
video-missing    1448807829637445 c0  (expected file not found in facebook/videos/pw-talk-2026-06-16)
uploaded         1440487231130234 c0  (video) ← 1440487231130234.mp4  → https://dcfd27564ef899969db9a562c7e1945f.r2.cloudflarestorage.com/1440487231130234.mp4
video-missing    1440487231130234 c0  (expected file not found in facebook/videos/pw-talk-2026-06-16)
uploaded         1697902834684350 c0  (video) ← 1697902834684350.mp4  → https://dcfd27564ef899969db9a562c7e1945f.r2.cloudflarestorage.com/1697902834684350.mp4
image-pending    1512309166936625 c0  (HANDOVER §8.5 — image handling not yet built)
uploaded         1538536904371801 c0  (video) ← 1538536904371801.mp4  → https://dcfd27564ef899969db9a562c7e1945f.r2.cloudflarestorage.com/1538536904371801.mp4
uploaded         2927738817566830 c0  (video) ← 2927738817566830.mp4  → https://dcfd27564ef899969db9a562c7e1945f.r2.cloudflarestorage.com/2927738817566830.mp4
uploaded         1551214316696728 c0  (video) ← 1551214316696728.mp4  → https://dcfd27564ef899969db9a562c7e1945f.r2.cloudflarestorage.com/1551214316696728.mp4
uploaded         4032411253724650 c0  (video) ← 4032411253724650.mp4  → https://dcfd27564ef899969db9a562c7e1945f.r2.cloudflarestorage.com/4032411253724650.mp4
uploaded         1319590739598224 c0  (video) ← 1319590739598224.mp4  → https://dcfd27564ef899969db9a562c7e1945f.r2.cloudflarestorage.com/1319590739598224.mp4
uploaded         1673722073879679 c0  (video) ← 1673722073879679.mp4  → https://dcfd27564ef899969db9a562c7e1945f.r2.cloudflarestorage.com/1673722073879679.mp4
uploaded         962920393089241 c0  (video) ← 962920393089241.mp4  → https://dcfd27564ef899969db9a562c7e1945f.r2.cloudflarestorage.com/962920393089241.mp4
video-missing    962920393089241 c0  (expected file not found in facebook/videos/pw-talk-2026-06-16)
video-missing    962920393089241 c0  (expected file not found in facebook/videos/pw-talk-2026-06-16)
uploaded         1694533281791470 c0  (video) ← 1694533281791470.mp4  → https://dcfd27564ef899969db9a562c7e1945f.r2.cloudflarestorage.com/1694533281791470.mp4
uploaded         1398691244996445 c0  (video) ← 1398691244996445.mp4  → https://dcfd27564ef899969db9a562c7e1945f.r2.cloudflarestorage.com/1398691244996445.mp4
video-missing    1398691244996445 c0  (expected file not found in facebook/videos/pw-talk-2026-06-16)
uploaded         1629149148185749 c0  (video) ← 1629149148185749.mp4  → https://dcfd27564ef899969db9a562c7e1945f.r2.cloudflarestorage.com/1629149148185749.mp4
uploaded         2012900123438878 c0  (video) ← 2012900123438878.mp4  → https://dcfd27564ef899969db9a562c7e1945f.r2.cloudflarestorage.com/2012900123438878.mp4
uploaded         1175933374295559 c0  (video) ← 1175933374295559.mp4  → https://dcfd27564ef899969db9a562c7e1945f.r2.cloudflarestorage.com/1175933374295559.mp4
uploaded         823893853913277 c0  (video) ← 823893853913277.mp4  → https://dcfd27564ef899969db9a562c7e1945f.r2.cloudflarestorage.com/823893853913277.mp4
uploaded         1810610246280277 c0  (video) ← 1810610246280277.mp4  → https://dcfd27564ef899969db9a562c7e1945f.r2.cloudflarestorage.com/1810610246280277.mp4
uploaded         27959016983700695 c0  (video) ← 27959016983700695.mp4  → https://dcfd27564ef899969db9a562c7e1945f.r2.cloudflarestorage.com/27959016983700695.mp4
uploaded         1476773330606036 c0  (video) ← 1476773330606036.mp4  → https://dcfd27564ef899969db9a562c7e1945f.r2.cloudflarestorage.com/1476773330606036.mp4
video-missing    1476773330606036 c0  (expected file not found in facebook/videos/pw-talk-2026-06-16)
video-missing    1476773330606036 c0  (expected file not found in facebook/videos/pw-talk-2026-06-16)
uploaded         1922940892437204 c0  (video) ← 1922940892437204.mp4  → https://dcfd27564ef899969db9a562c7e1945f.r2.cloudflarestorage.com/1922940892437204.mp4
uploaded         26910824648598388 c0  (video) ← 26910824648598388.mp4  → https://dcfd27564ef899969db9a562c7e1945f.r2.cloudflarestorage.com/26910824648598388.mp4
uploaded         1274208157485689 c0  (video) ← 1274208157485689.mp4  → https://dcfd27564ef899969db9a562c7e1945f.r2.cloudflarestorage.com/1274208157485689.mp4
video-missing    1274208157485689 c0  (expected file not found in facebook/videos/pw-talk-2026-06-16)
video-missing    1274208157485689 c0  (expected file not found in facebook/videos/pw-talk-2026-06-16)
uploaded         25506520168976866 c0  (video) ← 25506520168976866.mp4  → https://dcfd27564ef899969db9a562c7e1945f.r2.cloudflarestorage.com/25506520168976866.mp4
image-pending    1519683533536266 c0  (HANDOVER §8.5 — image handling not yet built)
uploaded         3482915095217476 c0  (video) ← 3482915095217476.mp4  → https://dcfd27564ef899969db9a562c7e1945f.r2.cloudflarestorage.com/3482915095217476.mp4
uploaded         1716593546422400 c0  (video) ← 1716593546422400.mp4  → https://dcfd27564ef899969db9a562c7e1945f.r2.cloudflarestorage.com/1716593546422400.mp4
video-missing    1716593546422400 c0  (expected file not found in facebook/videos/pw-talk-2026-06-16)
video-missing    1716593546422400 c0  (expected file not found in facebook/videos/pw-talk-2026-06-16)
video-missing    1716593546422400 c0  (expected file not found in facebook/videos/pw-talk-2026-06-16)
uploaded         1032008312493950 c0  (video) ← 1032008312493950.mp4  → https://dcfd27564ef899969db9a562c7e1945f.r2.cloudflarestorage.com/1032008312493950.mp4
uploaded         1610948496652199 c0  (video) ← 1610948496652199.mp4  → https://dcfd27564ef899969db9a562c7e1945f.r2.cloudflarestorage.com/1610948496652199.mp4
video-missing    1610948496652199 c0  (expected file not found in facebook/videos/pw-talk-2026-06-16)
video-missing    1610948496652199 c0  (expected file not found in facebook/videos/pw-talk-2026-06-16)
uploaded         4422642624690358 c0  (video) ← 4422642624690358.mp4  → https://dcfd27564ef899969db9a562c7e1945f.r2.cloudflarestorage.com/4422642624690358.mp4
uploaded         931656546562920 c0  (video) ← 931656546562920.mp4  → https://dcfd27564ef899969db9a562c7e1945f.r2.cloudflarestorage.com/931656546562920.mp4
image-pending    1319141779549945 c0  (HANDOVER §8.5 — image handling not yet built)
uploaded         911440421411962 c0  (video) ← 911440421411962.mp4  → https://dcfd27564ef899969db9a562c7e1945f.r2.cloudflarestorage.com/911440421411962.mp4
uploaded         856074337114553 c0  (video) ← 856074337114553.mp4  → https://dcfd27564ef899969db9a562c7e1945f.r2.cloudflarestorage.com/856074337114553.mp4
uploaded         25708460672174884 c0  (video) ← 25708460672174884.mp4  → https://dcfd27564ef899969db9a562c7e1945f.r2.cloudflarestorage.com/25708460672174884.mp4
uploaded         958573573586121 c0  (video) ← 958573573586121.mp4  → https://dcfd27564ef899969db9a562c7e1945f.r2.cloudflarestorage.com/958573573586121.mp4
uploaded         955183070649190 c0  (video) ← 955183070649190.mp4  → https://dcfd27564ef899969db9a562c7e1945f.r2.cloudflarestorage.com/955183070649190.mp4
video-missing    955183070649190 c0  (expected file not found in facebook/videos/pw-talk-2026-06-16)
video-missing    955183070649190 c0  (expected file not found in facebook/videos/pw-talk-2026-06-16)
video-missing    955183070649190 c0  (expected file not found in facebook/videos/pw-talk-2026-06-16)
uploaded         1557206485797910 c0  (video) ← 1557206485797910.mp4  → https://dcfd27564ef899969db9a562c7e1945f.r2.cloudflarestorage.com/1557206485797910.mp4
uploaded         2689205164778706 c0  (video) ← 2689205164778706.mp4  → https://dcfd27564ef899969db9a562c7e1945f.r2.cloudflarestorage.com/2689205164778706.mp4
video-missing    2689205164778706 c0  (expected file not found in facebook/videos/pw-talk-2026-06-16)
video-missing    2689205164778706 c0  (expected file not found in facebook/videos/pw-talk-2026-06-16)
uploaded         990621093352631 c0  (video) ← 990621093352631.mp4  → https://dcfd27564ef899969db9a562c7e1945f.r2.cloudflarestorage.com/990621093352631.mp4
video-missing    990621093352631 c0  (expected file not found in facebook/videos/pw-talk-2026-06-16)
uploaded         2509145826184441 c0  (video) ← 2509145826184441.mp4  → https://dcfd27564ef899969db9a562c7e1945f.r2.cloudflarestorage.com/2509145826184441.mp4
uploaded         718234571379170 c0  (video) ← 718234571379170.mp4  → https://dcfd27564ef899969db9a562c7e1945f.r2.cloudflarestorage.com/718234571379170.mp4
video-missing    718234571379170 c0  (expected file not found in facebook/videos/pw-talk-2026-06-16)
video-missing    718234571379170 c0  (expected file not found in facebook/videos/pw-talk-2026-06-16)
video-missing    718234571379170 c0  (expected file not found in facebook/videos/pw-talk-2026-06-16)
uploaded         2490566491402542 c0  (video) ← 2490566491402542.mp4  → https://dcfd27564ef899969db9a562c7e1945f.r2.cloudflarestorage.com/2490566491402542.mp4
uploaded         969397399258262 c0  (video) ← 969397399258262.mp4  → https://dcfd27564ef899969db9a562c7e1945f.r2.cloudflarestorage.com/969397399258262.mp4
uploaded         1343483664648943 c0  (video) ← 1343483664648943.mp4  → https://dcfd27564ef899969db9a562c7e1945f.r2.cloudflarestorage.com/1343483664648943.mp4
image-pending    1675659863710761 c0  (HANDOVER §8.5 — image handling not yet built)
uploaded         1532066918300938 c0  (video) ← 1532066918300938.mp4  → https://dcfd27564ef899969db9a562c7e1945f.r2.cloudflarestorage.com/1532066918300938.mp4
uploaded         2152190968965147 c0  (video) ← 2152190968965147.mp4  → https://dcfd27564ef899969db9a562c7e1945f.r2.cloudflarestorage.com/2152190968965147.mp4
uploaded         829706806169021 c0  (video) ← 829706806169021.mp4  → https://dcfd27564ef899969db9a562c7e1945f.r2.cloudflarestorage.com/829706806169021.mp4
video-missing    829706806169021 c0  (expected file not found in facebook/videos/pw-talk-2026-06-16)
video-missing    829706806169021 c0  (expected file not found in facebook/videos/pw-talk-2026-06-16)
video-missing    829706806169021 c0  (expected file not found in facebook/videos/pw-talk-2026-06-16)
uploaded         824600273417843 c0  (video) ← 824600273417843.mp4  → https://dcfd27564ef899969db9a562c7e1945f.r2.cloudflarestorage.com/824600273417843.mp4
video-missing    824600273417843 c0  (expected file not found in facebook/videos/pw-talk-2026-06-16)
video-missing    824600273417843 c0  (expected file not found in facebook/videos/pw-talk-2026-06-16)
video-missing    824600273417843 c0  (expected file not found in facebook/videos/pw-talk-2026-06-16)
uploaded         2261387548010517 c0  (video) ← 2261387548010517.mp4  → https://dcfd27564ef899969db9a562c7e1945f.r2.cloudflarestorage.com/2261387548010517.mp4
uploaded         1586731656353958 c0  (video) ← 1586731656353958.mp4  → https://dcfd27564ef899969db9a562c7e1945f.r2.cloudflarestorage.com/1586731656353958.mp4
uploaded         2233165930785010 c0  (video) ← 2233165930785010.mp4  → https://dcfd27564ef899969db9a562c7e1945f.r2.cloudflarestorage.com/2233165930785010.mp4
video-missing    2233165930785010 c0  (expected file not found in facebook/videos/pw-talk-2026-06-16)
uploaded         996186669659412 c0  (video) ← 996186669659412.mp4  → https://dcfd27564ef899969db9a562c7e1945f.r2.cloudflarestorage.com/996186669659412.mp4
uploaded         2408984296280626 c0  (video) ← 2408984296280626.mp4  → https://dcfd27564ef899969db9a562c7e1945f.r2.cloudflarestorage.com/2408984296280626.mp4
uploaded         1017025177512749 c0  (video) ← 1017025177512749.mp4  → https://dcfd27564ef899969db9a562c7e1945f.r2.cloudflarestorage.com/1017025177512749.mp4
uploaded         1459063862660451 c0  (video) ← 1459063862660451.mp4  → https://dcfd27564ef899969db9a562c7e1945f.r2.cloudflarestorage.com/1459063862660451.mp4
uploaded         1364636219033957 c0  (video) ← 1364636219033957.mp4  → https://dcfd27564ef899969db9a562c7e1945f.r2.cloudflarestorage.com/1364636219033957.mp4
video-missing    1364636219033957 c0  (expected file not found in facebook/videos/pw-talk-2026-06-16)
uploaded         2099085243988558 c0  (video) ← 2099085243988558.mp4  → https://dcfd27564ef899969db9a562c7e1945f.r2.cloudflarestorage.com/2099085243988558.mp4
video-missing    2099085243988558 c0  (expected file not found in facebook/videos/pw-talk-2026-06-16)
video-missing    2099085243988558 c0  (expected file not found in facebook/videos/pw-talk-2026-06-16)
video-missing    2099085243988558 c0  (expected file not found in facebook/videos/pw-talk-2026-06-16)
image-pending    993346566991575 c0  (HANDOVER §8.5 — image handling not yet built)
uploaded         1500684418055839 c0  (video) ← 1500684418055839.mp4  → https://dcfd27564ef899969db9a562c7e1945f.r2.cloudflarestorage.com/1500684418055839.mp4
image-pending    1682356512961435 c0  (HANDOVER §8.5 — image handling not yet built)
uploaded         1484396486622158 c0  (video) ← 1484396486622158.mp4  → https://dcfd27564ef899969db9a562c7e1945f.r2.cloudflarestorage.com/1484396486622158.mp4
video-missing    1484396486622158 c0  (expected file not found in facebook/videos/pw-talk-2026-06-16)
video-missing    1484396486622158 c0  (expected file not found in facebook/videos/pw-talk-2026-06-16)
uploaded         1001221348906871 c0  (video) ← 1001221348906871.mp4  → https://dcfd27564ef899969db9a562c7e1945f.r2.cloudflarestorage.com/1001221348906871.mp4
uploaded         1504396264684384 c0  (video) ← 1504396264684384.mp4  → https://dcfd27564ef899969db9a562c7e1945f.r2.cloudflarestorage.com/1504396264684384.mp4
uploaded         1744948076945550 c0  (video) ← 1744948076945550.mp4  → https://dcfd27564ef899969db9a562c7e1945f.r2.cloudflarestorage.com/1744948076945550.mp4
uploaded         1285399016659666 c0  (video) ← 1285399016659666.mp4  → https://dcfd27564ef899969db9a562c7e1945f.r2.cloudflarestorage.com/1285399016659666.mp4
video-missing    1285399016659666 c0  (expected file not found in facebook/videos/pw-talk-2026-06-16)
image-pending    1017507954054005 c0  (HANDOVER §8.5 — image handling not yet built)
uploaded         1812131213254272 c0  (video) ← 1812131213254272.mp4  → https://dcfd27564ef899969db9a562c7e1945f.r2.cloudflarestorage.com/1812131213254272.mp4
video-missing    1812131213254272 c0  (expected file not found in facebook/videos/pw-talk-2026-06-16)
uploaded         874203262356382 c0  (video) ← 874203262356382.mp4  → https://dcfd27564ef899969db9a562c7e1945f.r2.cloudflarestorage.com/874203262356382.mp4
uploaded         1359488312753507 c0  (video) ← 1359488312753507.mp4  → https://dcfd27564ef899969db9a562c7e1945f.r2.cloudflarestorage.com/1359488312753507.mp4
uploaded         939016588843645 c0  (video) ← 939016588843645.mp4  → https://dcfd27564ef899969db9a562c7e1945f.r2.cloudflarestorage.com/939016588843645.mp4
video-missing    939016588843645 c0  (expected file not found in facebook/videos/pw-talk-2026-06-16)
video-missing    939016588843645 c0  (expected file not found in facebook/videos/pw-talk-2026-06-16)
uploaded         1569659958009913 c0  (video) ← 1569659958009913.mp4  → https://dcfd27564ef899969db9a562c7e1945f.r2.cloudflarestorage.com/1569659958009913.mp4
uploaded         1685794299537493 c0  (video) ← 1685794299537493.mp4  → https://dcfd27564ef899969db9a562c7e1945f.r2.cloudflarestorage.com/1685794299537493.mp4
uploaded         1002363505662165 c0  (video) ← 1002363505662165.mp4  → https://dcfd27564ef899969db9a562c7e1945f.r2.cloudflarestorage.com/1002363505662165.mp4
uploaded         1305202587874367 c0  (video) ← 1305202587874367.mp4  → https://dcfd27564ef899969db9a562c7e1945f.r2.cloudflarestorage.com/1305202587874367.mp4
