# Step 3 run log
# competitor : pw-talk
# started_at : 2026-07-07T13:44:10
# input      : facebook/inputs/fb-ads-pw-talk-2026-07-07-1342.csv
# videos     : facebook/videos/pw-talk-2026-07-07
# master     : facebook/master/pw-talk.csv  (updated)
# enriched   : facebook/inputs/fb-ads-pw-talk-2026-07-07-1342_enriched.csv
# bucket     : video-ads
# public_base: https://pub-893b4a6a607b4221a894bf861da7914e.r2.dev
# dry_run    : False
#
# counts     : {'uploaded': 12, 'carried-forward': 68, 'image-pending': 29, 'video-missing': 52, 'no-creative': 0, 'error': 0}
#
carried-forward  1542662291202539 c0  → https://pub-893b4a6a607b4221a894bf861da7914e.r2.dev/1542662291202539.mp4
video-missing    1542662291202539 c0  (expected file not found in facebook/videos/pw-talk-2026-07-07)
video-missing    1542662291202539 c0  (expected file not found in facebook/videos/pw-talk-2026-07-07)
video-missing    1542662291202539 c0  (expected file not found in facebook/videos/pw-talk-2026-07-07)
image-pending    1668604657811317 c0  (HANDOVER §8.5 — image handling not yet built)
image-pending    1668604657811317 c0  (HANDOVER §8.5 — image handling not yet built)
image-pending    1668604657811317 c0  (HANDOVER §8.5 — image handling not yet built)
image-pending    1616029346132773 c0  (HANDOVER §8.5 — image handling not yet built)
image-pending    1616029346132773 c0  (HANDOVER §8.5 — image handling not yet built)
carried-forward  1281960683918283 c0  → https://pub-893b4a6a607b4221a894bf861da7914e.r2.dev/1281960683918283.mp4
carried-forward  2118422772240776 c0  → https://pub-893b4a6a607b4221a894bf861da7914e.r2.dev/2118422772240776.mp4
video-missing    2118422772240776 c0  (expected file not found in facebook/videos/pw-talk-2026-07-07)
carried-forward  1007300494972391 c0  → https://pub-893b4a6a607b4221a894bf861da7914e.r2.dev/1007300494972391.mp4
image-pending    1928172847901225 c0  (HANDOVER §8.5 — image handling not yet built)
image-pending    1928172847901225 c0  (HANDOVER §8.5 — image handling not yet built)
image-pending    1928172847901225 c0  (HANDOVER §8.5 — image handling not yet built)
carried-forward  982593771083391 c0  → https://pub-893b4a6a607b4221a894bf861da7914e.r2.dev/982593771083391.mp4
video-missing    982593771083391 c0  (expected file not found in facebook/videos/pw-talk-2026-07-07)
carried-forward  941613088747926 c0  → https://pub-893b4a6a607b4221a894bf861da7914e.r2.dev/941613088747926.mp4
carried-forward  1656226372193192 c0  → https://pub-893b4a6a607b4221a894bf861da7914e.r2.dev/1656226372193192.mp4
video-missing    1656226372193192 c0  (expected file not found in facebook/videos/pw-talk-2026-07-07)
carried-forward  1459802412348522 c0  → https://pub-893b4a6a607b4221a894bf861da7914e.r2.dev/1459802412348522.mp4
video-missing    1459802412348522 c0  (expected file not found in facebook/videos/pw-talk-2026-07-07)
video-missing    1459802412348522 c0  (expected file not found in facebook/videos/pw-talk-2026-07-07)
carried-forward  954609790259093 c0  → https://pub-893b4a6a607b4221a894bf861da7914e.r2.dev/954609790259093.mp4
video-missing    954609790259093 c0  (expected file not found in facebook/videos/pw-talk-2026-07-07)
video-missing    954609790259093 c0  (expected file not found in facebook/videos/pw-talk-2026-07-07)
carried-forward  990067790082865 c0  → https://pub-893b4a6a607b4221a894bf861da7914e.r2.dev/990067790082865.mp4
carried-forward  1484334716724850 c0  → https://pub-893b4a6a607b4221a894bf861da7914e.r2.dev/1484334716724850.mp4
video-missing    1484334716724850 c0  (expected file not found in facebook/videos/pw-talk-2026-07-07)
video-missing    1484334716724850 c0  (expected file not found in facebook/videos/pw-talk-2026-07-07)
video-missing    1484334716724850 c0  (expected file not found in facebook/videos/pw-talk-2026-07-07)
video-missing    1484334716724850 c0  (expected file not found in facebook/videos/pw-talk-2026-07-07)
video-missing    1484334716724850 c0  (expected file not found in facebook/videos/pw-talk-2026-07-07)
carried-forward  910631738693945 c0  → https://pub-893b4a6a607b4221a894bf861da7914e.r2.dev/910631738693945.mp4
video-missing    910631738693945 c0  (expected file not found in facebook/videos/pw-talk-2026-07-07)
image-pending    1279844364134321 c0  (HANDOVER §8.5 — image handling not yet built)
carried-forward  1761637955248042 c0  → https://pub-893b4a6a607b4221a894bf861da7914e.r2.dev/1761637955248042.mp4
video-missing    1761637955248042 c0  (expected file not found in facebook/videos/pw-talk-2026-07-07)
video-missing    1761637955248042 c0  (expected file not found in facebook/videos/pw-talk-2026-07-07)
carried-forward  873558985758115 c0  → https://pub-893b4a6a607b4221a894bf861da7914e.r2.dev/873558985758115.mp4
carried-forward  1510838230642930 c0  → https://pub-893b4a6a607b4221a894bf861da7914e.r2.dev/1510838230642930.mp4
video-missing    1510838230642930 c0  (expected file not found in facebook/videos/pw-talk-2026-07-07)
video-missing    1510838230642930 c0  (expected file not found in facebook/videos/pw-talk-2026-07-07)
video-missing    1510838230642930 c0  (expected file not found in facebook/videos/pw-talk-2026-07-07)
video-missing    1510838230642930 c0  (expected file not found in facebook/videos/pw-talk-2026-07-07)
carried-forward  1888603368477515 c0  → https://pub-893b4a6a607b4221a894bf861da7914e.r2.dev/1888603368477515.mp4
video-missing    1888603368477515 c0  (expected file not found in facebook/videos/pw-talk-2026-07-07)
carried-forward  1290451376083367 c0  → https://pub-893b4a6a607b4221a894bf861da7914e.r2.dev/1290451376083367.mp4
video-missing    1290451376083367 c0  (expected file not found in facebook/videos/pw-talk-2026-07-07)
video-missing    1290451376083367 c0  (expected file not found in facebook/videos/pw-talk-2026-07-07)
carried-forward  986491307132323 c0  → https://pub-893b4a6a607b4221a894bf861da7914e.r2.dev/986491307132323.mp4
image-pending    1282891997259604 c0  (HANDOVER §8.5 — image handling not yet built)
carried-forward  3404871473007544 c0  → https://pub-893b4a6a607b4221a894bf861da7914e.r2.dev/3404871473007544.mp4
video-missing    3404871473007544 c0  (expected file not found in facebook/videos/pw-talk-2026-07-07)
video-missing    3404871473007544 c0  (expected file not found in facebook/videos/pw-talk-2026-07-07)
video-missing    3404871473007544 c0  (expected file not found in facebook/videos/pw-talk-2026-07-07)
image-pending    1477576483809130 c0  (HANDOVER §8.5 — image handling not yet built)
carried-forward  1244804194191792 c0  → https://pub-893b4a6a607b4221a894bf861da7914e.r2.dev/1244804194191792.mp4
image-pending    3385563551622383 c0  (HANDOVER §8.5 — image handling not yet built)
carried-forward  997681036449177 c0  → https://pub-893b4a6a607b4221a894bf861da7914e.r2.dev/997681036449177.mp4
carried-forward  962816803136157 c0  → https://pub-893b4a6a607b4221a894bf861da7914e.r2.dev/962816803136157.mp4
carried-forward  1321440442950609 c0  → https://pub-893b4a6a607b4221a894bf861da7914e.r2.dev/1321440442950609.mp4
video-missing    1321440442950609 c0  (expected file not found in facebook/videos/pw-talk-2026-07-07)
image-pending    3428402423999893 c0  (HANDOVER §8.5 — image handling not yet built)
carried-forward  1685917296870721 c0  → https://pub-893b4a6a607b4221a894bf861da7914e.r2.dev/1685917296870721.mp4
video-missing    1685917296870721 c0  (expected file not found in facebook/videos/pw-talk-2026-07-07)
video-missing    1685917296870721 c0  (expected file not found in facebook/videos/pw-talk-2026-07-07)
carried-forward  863233420161856 c0  → https://pub-893b4a6a607b4221a894bf861da7914e.r2.dev/863233420161856.mp4
carried-forward  990621093352631 c0  → https://pub-893b4a6a607b4221a894bf861da7914e.r2.dev/990621093352631.mp4
video-missing    990621093352631 c0  (expected file not found in facebook/videos/pw-talk-2026-07-07)
carried-forward  1694533281791470 c0  → https://pub-893b4a6a607b4221a894bf861da7914e.r2.dev/1694533281791470.mp4
uploaded         1331224645117344 c0  (video) ← 1331224645117344.mp4  → https://pub-893b4a6a607b4221a894bf861da7914e.r2.dev/1331224645117344.mp4
video-missing    1331224645117344 c0  (expected file not found in facebook/videos/pw-talk-2026-07-07)
uploaded         1611808773250006 c0  (video) ← 1611808773250006.mp4  → https://pub-893b4a6a607b4221a894bf861da7914e.r2.dev/1611808773250006.mp4
carried-forward  1511519637178275 c0  → https://pub-893b4a6a607b4221a894bf861da7914e.r2.dev/1511519637178275.mp4
video-missing    1511519637178275 c0  (expected file not found in facebook/videos/pw-talk-2026-07-07)
carried-forward  1697902834684350 c0  → https://pub-893b4a6a607b4221a894bf861da7914e.r2.dev/1697902834684350.mp4
carried-forward  1291252116517177 c0  → https://pub-893b4a6a607b4221a894bf861da7914e.r2.dev/1291252116517177.mp4
carried-forward  933714815692813 c0  → https://pub-893b4a6a607b4221a894bf861da7914e.r2.dev/933714815692813.mp4
image-pending    1673206037279143 c0  (HANDOVER §8.5 — image handling not yet built)
image-pending    1673206037279143 c0  (HANDOVER §8.5 — image handling not yet built)
image-pending    1673206037279143 c0  (HANDOVER §8.5 — image handling not yet built)
carried-forward  1538536904371801 c0  → https://pub-893b4a6a607b4221a894bf861da7914e.r2.dev/1538536904371801.mp4
carried-forward  1703276117526351 c0  → https://pub-893b4a6a607b4221a894bf861da7914e.r2.dev/1703276117526351.mp4
uploaded         1155828513394146 c0  (video) ← 1155828513394146.mp4  → https://pub-893b4a6a607b4221a894bf861da7914e.r2.dev/1155828513394146.mp4
carried-forward  2012900123438878 c0  → https://pub-893b4a6a607b4221a894bf861da7914e.r2.dev/2012900123438878.mp4
carried-forward  962920393089241 c0  → https://pub-893b4a6a607b4221a894bf861da7914e.r2.dev/962920393089241.mp4
video-missing    962920393089241 c0  (expected file not found in facebook/videos/pw-talk-2026-07-07)
video-missing    962920393089241 c0  (expected file not found in facebook/videos/pw-talk-2026-07-07)
carried-forward  1952764212047061 c0  → https://pub-893b4a6a607b4221a894bf861da7914e.r2.dev/1952764212047061.mp4
carried-forward  1398691244996445 c0  → https://pub-893b4a6a607b4221a894bf861da7914e.r2.dev/1398691244996445.mp4
uploaded         995349610036230 c0  (video) ← 995349610036230.mp4  → https://pub-893b4a6a607b4221a894bf861da7914e.r2.dev/995349610036230.mp4
video-missing    995349610036230 c0  (expected file not found in facebook/videos/pw-talk-2026-07-07)
carried-forward  26910824648598388 c0  → https://pub-893b4a6a607b4221a894bf861da7914e.r2.dev/26910824648598388.mp4
carried-forward  1175933374295559 c0  → https://pub-893b4a6a607b4221a894bf861da7914e.r2.dev/1175933374295559.mp4
carried-forward  2235954877164840 c0  → https://pub-893b4a6a607b4221a894bf861da7914e.r2.dev/2235954877164840.mp4
carried-forward  1810610246280277 c0  → https://pub-893b4a6a607b4221a894bf861da7914e.r2.dev/1810610246280277.mp4
carried-forward  1476773330606036 c0  → https://pub-893b4a6a607b4221a894bf861da7914e.r2.dev/1476773330606036.mp4
video-missing    1476773330606036 c0  (expected file not found in facebook/videos/pw-talk-2026-07-07)
video-missing    1476773330606036 c0  (expected file not found in facebook/videos/pw-talk-2026-07-07)
carried-forward  1969883523697091 c0  → https://pub-893b4a6a607b4221a894bf861da7914e.r2.dev/1969883523697091.mp4
carried-forward  1922940892437204 c0  → https://pub-893b4a6a607b4221a894bf861da7914e.r2.dev/1922940892437204.mp4
carried-forward  1274208157485689 c0  → https://pub-893b4a6a607b4221a894bf861da7914e.r2.dev/1274208157485689.mp4
video-missing    1274208157485689 c0  (expected file not found in facebook/videos/pw-talk-2026-07-07)
video-missing    1274208157485689 c0  (expected file not found in facebook/videos/pw-talk-2026-07-07)
carried-forward  25506520168976866 c0  → https://pub-893b4a6a607b4221a894bf861da7914e.r2.dev/25506520168976866.mp4
carried-forward  1768727637443286 c0  → https://pub-893b4a6a607b4221a894bf861da7914e.r2.dev/1768727637443286.mp4
carried-forward  999531552886652 c0  → https://pub-893b4a6a607b4221a894bf861da7914e.r2.dev/999531552886652.mp4
carried-forward  1610948496652199 c0  → https://pub-893b4a6a607b4221a894bf861da7914e.r2.dev/1610948496652199.mp4
video-missing    1610948496652199 c0  (expected file not found in facebook/videos/pw-talk-2026-07-07)
video-missing    1610948496652199 c0  (expected file not found in facebook/videos/pw-talk-2026-07-07)
uploaded         1538943841066780 c0  (video) ← 1538943841066780.mp4  → https://pub-893b4a6a607b4221a894bf861da7914e.r2.dev/1538943841066780.mp4
video-missing    1538943841066780 c0  (expected file not found in facebook/videos/pw-talk-2026-07-07)
carried-forward  911440421411962 c0  → https://pub-893b4a6a607b4221a894bf861da7914e.r2.dev/911440421411962.mp4
carried-forward  25708460672174884 c0  → https://pub-893b4a6a607b4221a894bf861da7914e.r2.dev/25708460672174884.mp4
carried-forward  969397399258262 c0  → https://pub-893b4a6a607b4221a894bf861da7914e.r2.dev/969397399258262.mp4
image-pending    3423707654457091 c0  (HANDOVER §8.5 — image handling not yet built)
image-pending    3423707654457091 c0  (HANDOVER §8.5 — image handling not yet built)
carried-forward  2689205164778706 c0  → https://pub-893b4a6a607b4221a894bf861da7914e.r2.dev/2689205164778706.mp4
video-missing    2689205164778706 c0  (expected file not found in facebook/videos/pw-talk-2026-07-07)
video-missing    2689205164778706 c0  (expected file not found in facebook/videos/pw-talk-2026-07-07)
carried-forward  1532066918300938 c0  → https://pub-893b4a6a607b4221a894bf861da7914e.r2.dev/1532066918300938.mp4
carried-forward  2233165930785010 c0  → https://pub-893b4a6a607b4221a894bf861da7914e.r2.dev/2233165930785010.mp4
video-missing    2233165930785010 c0  (expected file not found in facebook/videos/pw-talk-2026-07-07)
image-pending    994908826779122 c0  (HANDOVER §8.5 — image handling not yet built)
uploaded         3408245936015917 c0  (video) ← 3408245936015917.mp4  → https://pub-893b4a6a607b4221a894bf861da7914e.r2.dev/3408245936015917.mp4
carried-forward  2052261332068478 c0  → https://pub-893b4a6a607b4221a894bf861da7914e.r2.dev/2052261332068478.mp4
image-pending    1353459739896951 c0  (HANDOVER §8.5 — image handling not yet built)
image-pending    2195122731268390 c0  (HANDOVER §8.5 — image handling not yet built)
image-pending    2195122731268390 c0  (HANDOVER §8.5 — image handling not yet built)
carried-forward  984548757726767 c0  → https://pub-893b4a6a607b4221a894bf861da7914e.r2.dev/984548757726767.mp4
carried-forward  1364636219033957 c0  → https://pub-893b4a6a607b4221a894bf861da7914e.r2.dev/1364636219033957.mp4
image-pending    1756246105826668 c0  (HANDOVER §8.5 — image handling not yet built)
carried-forward  1500684418055839 c0  → https://pub-893b4a6a607b4221a894bf861da7914e.r2.dev/1500684418055839.mp4
carried-forward  1776237840210693 c0  → https://pub-893b4a6a607b4221a894bf861da7914e.r2.dev/1776237840210693.mp4
carried-forward  1419619376634665 c0  → https://pub-893b4a6a607b4221a894bf861da7914e.r2.dev/1419619376634665.mp4
video-missing    1419619376634665 c0  (expected file not found in facebook/videos/pw-talk-2026-07-07)
video-missing    1419619376634665 c0  (expected file not found in facebook/videos/pw-talk-2026-07-07)
uploaded         1347292534133209 c0  (video) ← 1347292534133209.mp4  → https://pub-893b4a6a607b4221a894bf861da7914e.r2.dev/1347292534133209.mp4
uploaded         1002291319388226 c0  (video) ← 1002291319388226.mp4  → https://pub-893b4a6a607b4221a894bf861da7914e.r2.dev/1002291319388226.mp4
image-pending    1794694598434181 c0  (HANDOVER §8.5 — image handling not yet built)
carried-forward  2520178828434850 c0  → https://pub-893b4a6a607b4221a894bf861da7914e.r2.dev/2520178828434850.mp4
image-pending    1328926616030516 c0  (HANDOVER §8.5 — image handling not yet built)
carried-forward  1812131213254272 c0  → https://pub-893b4a6a607b4221a894bf861da7914e.r2.dev/1812131213254272.mp4
video-missing    1812131213254272 c0  (expected file not found in facebook/videos/pw-talk-2026-07-07)
image-pending    868876099140823 c0  (HANDOVER §8.5 — image handling not yet built)
carried-forward  1021255273973673 c0  → https://pub-893b4a6a607b4221a894bf861da7914e.r2.dev/1021255273973673.mp4
carried-forward  1359488312753507 c0  → https://pub-893b4a6a607b4221a894bf861da7914e.r2.dev/1359488312753507.mp4
carried-forward  1739956290526598 c0  → https://pub-893b4a6a607b4221a894bf861da7914e.r2.dev/1739956290526598.mp4
carried-forward  939016588843645 c0  → https://pub-893b4a6a607b4221a894bf861da7914e.r2.dev/939016588843645.mp4
video-missing    939016588843645 c0  (expected file not found in facebook/videos/pw-talk-2026-07-07)
video-missing    939016588843645 c0  (expected file not found in facebook/videos/pw-talk-2026-07-07)
image-pending    1300782878934916 c0  (HANDOVER §8.5 — image handling not yet built)
image-pending    1385187736808003 c0  (HANDOVER §8.5 — image handling not yet built)
uploaded         823653094031405 c0  (video) ← 823653094031405.mp4  → https://pub-893b4a6a607b4221a894bf861da7914e.r2.dev/823653094031405.mp4
carried-forward  1685794299537493 c0  → https://pub-893b4a6a607b4221a894bf861da7914e.r2.dev/1685794299537493.mp4
image-pending    1935267303846227 c0  (HANDOVER §8.5 — image handling not yet built)
uploaded         1645326913232111 c0  (video) ← 1645326913232111.mp4  → https://pub-893b4a6a607b4221a894bf861da7914e.r2.dev/1645326913232111.mp4
uploaded         4591238507770702 c0  (video) ← 4591238507770702.mp4  → https://pub-893b4a6a607b4221a894bf861da7914e.r2.dev/4591238507770702.mp4
uploaded         1636851685108890 c0  (video) ← 1636851685108890.mp4  → https://pub-893b4a6a607b4221a894bf861da7914e.r2.dev/1636851685108890.mp4
