# Step 3 run log
# competitor : pw-talk
# started_at : 2026-06-23T15:25:25
# input      : facebook/inputs/fb-ads-pw-talk-2026-06-23-1318.csv
# videos     : facebook/videos/pw-talk-2026-06-23
# master     : facebook/master/pw-talk.csv  (updated)
# enriched   : facebook/inputs/fb-ads-pw-talk-2026-06-23-1318_enriched.csv
# bucket     : video-ads
# public_base: https://dcfd27564ef899969db9a562c7e1945f.r2.cloudflarestorage.com
# dry_run    : False
#
# counts     : {'uploaded': 0, 'carried-forward': 19, 'image-pending': 5, 'video-missing': 6, 'no-creative': 0, 'error': 0}
#
carried-forward  1542662291202539 c0  → https://dcfd27564ef899969db9a562c7e1945f.r2.cloudflarestorage.com/1542662291202539.mp4
video-missing    1542662291202539 c0  (expected file not found in facebook/videos/pw-talk-2026-06-23)
image-pending    1668604657811317 c0  (HANDOVER §8.5 — image handling not yet built)
image-pending    1668604657811317 c0  (HANDOVER §8.5 — image handling not yet built)
carried-forward  2118422772240776 c0  → https://dcfd27564ef899969db9a562c7e1945f.r2.cloudflarestorage.com/2118422772240776.mp4
carried-forward  1281960683918283 c0  → https://dcfd27564ef899969db9a562c7e1945f.r2.cloudflarestorage.com/1281960683918283.mp4
carried-forward  1007300494972391 c0  → https://dcfd27564ef899969db9a562c7e1945f.r2.cloudflarestorage.com/1007300494972391.mp4
carried-forward  956692124024564 c0  → https://dcfd27564ef899969db9a562c7e1945f.r2.cloudflarestorage.com/956692124024564.mp4
image-pending    1616029346132773 c0  (HANDOVER §8.5 — image handling not yet built)
image-pending    1616029346132773 c0  (HANDOVER §8.5 — image handling not yet built)
carried-forward  1023770803552722 c0  → https://dcfd27564ef899969db9a562c7e1945f.r2.cloudflarestorage.com/1023770803552722.mp4
video-missing    1023770803552722 c0  (expected file not found in facebook/videos/pw-talk-2026-06-23)
carried-forward  982593771083391 c0  → https://dcfd27564ef899969db9a562c7e1945f.r2.cloudflarestorage.com/982593771083391.mp4
video-missing    982593771083391 c0  (expected file not found in facebook/videos/pw-talk-2026-06-23)
carried-forward  941613088747926 c0  → https://dcfd27564ef899969db9a562c7e1945f.r2.cloudflarestorage.com/941613088747926.mp4
carried-forward  1271072245182250 c0  → https://dcfd27564ef899969db9a562c7e1945f.r2.cloudflarestorage.com/1271072245182250.mp4
carried-forward  794561180289136 c0  → https://dcfd27564ef899969db9a562c7e1945f.r2.cloudflarestorage.com/794561180289136.mp4
carried-forward  1656226372193192 c0  → https://dcfd27564ef899969db9a562c7e1945f.r2.cloudflarestorage.com/1656226372193192.mp4
carried-forward  954609790259093 c0  → https://dcfd27564ef899969db9a562c7e1945f.r2.cloudflarestorage.com/954609790259093.mp4
video-missing    954609790259093 c0  (expected file not found in facebook/videos/pw-talk-2026-06-23)
video-missing    954609790259093 c0  (expected file not found in facebook/videos/pw-talk-2026-06-23)
carried-forward  1459802412348522 c0  → https://dcfd27564ef899969db9a562c7e1945f.r2.cloudflarestorage.com/1459802412348522.mp4
carried-forward  1484334716724850 c0  → https://dcfd27564ef899969db9a562c7e1945f.r2.cloudflarestorage.com/1484334716724850.mp4
carried-forward  1537961454587719 c0  → https://dcfd27564ef899969db9a562c7e1945f.r2.cloudflarestorage.com/1537961454587719.mp4
carried-forward  990067790082865 c0  → https://dcfd27564ef899969db9a562c7e1945f.r2.cloudflarestorage.com/990067790082865.mp4
carried-forward  1510838230642930 c0  → https://dcfd27564ef899969db9a562c7e1945f.r2.cloudflarestorage.com/1510838230642930.mp4
video-missing    1510838230642930 c0  (expected file not found in facebook/videos/pw-talk-2026-06-23)
carried-forward  1888603368477515 c0  → https://dcfd27564ef899969db9a562c7e1945f.r2.cloudflarestorage.com/1888603368477515.mp4
image-pending    975830475191925 c0  (HANDOVER §8.5 — image handling not yet built)
carried-forward  910631738693945 c0  → https://dcfd27564ef899969db9a562c7e1945f.r2.cloudflarestorage.com/910631738693945.mp4
