# Step 3 run log
# competitor : pw-talk
# started_at : 2026-07-21T14:10:56
# input      : facebook/inputs/fb-ads-pw-talk-2026-07-21-1409.csv
# videos     : facebook/videos/pw-talk-2026-07-21
# master     : facebook/master/pw-talk.csv  (updated)
# enriched   : facebook/inputs/fb-ads-pw-talk-2026-07-21-1409_enriched.csv
# bucket     : video-ads
# public_base: https://pub-893b4a6a607b4221a894bf861da7914e.r2.dev
# dry_run    : False
#
# counts     : {'uploaded': 1, 'carried-forward': 64, 'image-pending': 30, 'video-missing': 35, 'no-creative': 0, 'error': 0}
#
image-pending    1668604657811317 c0  (HANDOVER §8.5 — image handling not yet built)
image-pending    1668604657811317 c0  (HANDOVER §8.5 — image handling not yet built)
image-pending    1668604657811317 c0  (HANDOVER §8.5 — image handling not yet built)
image-pending    1668604657811317 c0  (HANDOVER §8.5 — image handling not yet built)
image-pending    1668604657811317 c0  (HANDOVER §8.5 — image handling not yet built)
image-pending    1928172847901225 c0  (HANDOVER §8.5 — image handling not yet built)
image-pending    1928172847901225 c0  (HANDOVER §8.5 — image handling not yet built)
image-pending    1928172847901225 c0  (HANDOVER §8.5 — image handling not yet built)
image-pending    1928172847901225 c0  (HANDOVER §8.5 — image handling not yet built)
image-pending    1928172847901225 c0  (HANDOVER §8.5 — image handling not yet built)
image-pending    1616029346132773 c0  (HANDOVER §8.5 — image handling not yet built)
image-pending    1616029346132773 c0  (HANDOVER §8.5 — image handling not yet built)
carried-forward  1281960683918283 c0  → https://pub-893b4a6a607b4221a894bf861da7914e.r2.dev/1281960683918283.mp4
carried-forward  1007300494972391 c0  → https://pub-893b4a6a607b4221a894bf861da7914e.r2.dev/1007300494972391.mp4
carried-forward  2118422772240776 c0  → https://pub-893b4a6a607b4221a894bf861da7914e.r2.dev/2118422772240776.mp4
carried-forward  982593771083391 c0  → https://pub-893b4a6a607b4221a894bf861da7914e.r2.dev/982593771083391.mp4
video-missing    982593771083391 c0  (expected file not found in facebook/videos/pw-talk-2026-07-21)
carried-forward  1656226372193192 c0  → https://pub-893b4a6a607b4221a894bf861da7914e.r2.dev/1656226372193192.mp4
video-missing    1656226372193192 c0  (expected file not found in facebook/videos/pw-talk-2026-07-21)
video-missing    1656226372193192 c0  (expected file not found in facebook/videos/pw-talk-2026-07-21)
carried-forward  910631738693945 c0  → https://pub-893b4a6a607b4221a894bf861da7914e.r2.dev/910631738693945.mp4
video-missing    910631738693945 c0  (expected file not found in facebook/videos/pw-talk-2026-07-21)
carried-forward  990067790082865 c0  → https://pub-893b4a6a607b4221a894bf861da7914e.r2.dev/990067790082865.mp4
carried-forward  1459802412348522 c0  → https://pub-893b4a6a607b4221a894bf861da7914e.r2.dev/1459802412348522.mp4
video-missing    1459802412348522 c0  (expected file not found in facebook/videos/pw-talk-2026-07-21)
video-missing    1459802412348522 c0  (expected file not found in facebook/videos/pw-talk-2026-07-21)
image-pending    3428402423999893 c0  (HANDOVER §8.5 — image handling not yet built)
carried-forward  2235954877164840 c0  → https://pub-893b4a6a607b4221a894bf861da7914e.r2.dev/2235954877164840.mp4
video-missing    2235954877164840 c0  (expected file not found in facebook/videos/pw-talk-2026-07-21)
carried-forward  1484334716724850 c0  → https://pub-893b4a6a607b4221a894bf861da7914e.r2.dev/1484334716724850.mp4
video-missing    1484334716724850 c0  (expected file not found in facebook/videos/pw-talk-2026-07-21)
carried-forward  986491307132323 c0  → https://pub-893b4a6a607b4221a894bf861da7914e.r2.dev/986491307132323.mp4
carried-forward  990621093352631 c0  → https://pub-893b4a6a607b4221a894bf861da7914e.r2.dev/990621093352631.mp4
video-missing    990621093352631 c0  (expected file not found in facebook/videos/pw-talk-2026-07-21)
image-pending    1279844364134321 c0  (HANDOVER §8.5 — image handling not yet built)
carried-forward  1761637955248042 c0  → https://pub-893b4a6a607b4221a894bf861da7914e.r2.dev/1761637955248042.mp4
carried-forward  873558985758115 c0  → https://pub-893b4a6a607b4221a894bf861da7914e.r2.dev/873558985758115.mp4
carried-forward  1952764212047061 c0  → https://pub-893b4a6a607b4221a894bf861da7914e.r2.dev/1952764212047061.mp4
video-missing    1952764212047061 c0  (expected file not found in facebook/videos/pw-talk-2026-07-21)
video-missing    1952764212047061 c0  (expected file not found in facebook/videos/pw-talk-2026-07-21)
video-missing    1952764212047061 c0  (expected file not found in facebook/videos/pw-talk-2026-07-21)
carried-forward  1290451376083367 c0  → https://pub-893b4a6a607b4221a894bf861da7914e.r2.dev/1290451376083367.mp4
video-missing    1290451376083367 c0  (expected file not found in facebook/videos/pw-talk-2026-07-21)
video-missing    1290451376083367 c0  (expected file not found in facebook/videos/pw-talk-2026-07-21)
carried-forward  2030893881148855 c0  → https://pub-893b4a6a607b4221a894bf861da7914e.r2.dev/2030893881148855.mp4
video-missing    2030893881148855 c0  (expected file not found in facebook/videos/pw-talk-2026-07-21)
carried-forward  1888603368477515 c0  → https://pub-893b4a6a607b4221a894bf861da7914e.r2.dev/1888603368477515.mp4
image-pending    3385563551622383 c0  (HANDOVER §8.5 — image handling not yet built)
image-pending    1477576483809130 c0  (HANDOVER §8.5 — image handling not yet built)
carried-forward  1611808773250006 c0  → https://pub-893b4a6a607b4221a894bf861da7914e.r2.dev/1611808773250006.mp4
carried-forward  4418464488439320 c0  → https://pub-893b4a6a607b4221a894bf861da7914e.r2.dev/4418464488439320.mp4
video-missing    4418464488439320 c0  (expected file not found in facebook/videos/pw-talk-2026-07-21)
video-missing    4418464488439320 c0  (expected file not found in facebook/videos/pw-talk-2026-07-21)
carried-forward  2328908670850681 c0  → https://pub-893b4a6a607b4221a894bf861da7914e.r2.dev/2328908670850681.mp4
carried-forward  863233420161856 c0  → https://pub-893b4a6a607b4221a894bf861da7914e.r2.dev/863233420161856.mp4
carried-forward  1969883523697091 c0  → https://pub-893b4a6a607b4221a894bf861da7914e.r2.dev/1969883523697091.mp4
video-missing    1969883523697091 c0  (expected file not found in facebook/videos/pw-talk-2026-07-21)
carried-forward  962816803136157 c0  → https://pub-893b4a6a607b4221a894bf861da7914e.r2.dev/962816803136157.mp4
carried-forward  995349610036230 c0  → https://pub-893b4a6a607b4221a894bf861da7914e.r2.dev/995349610036230.mp4
video-missing    995349610036230 c0  (expected file not found in facebook/videos/pw-talk-2026-07-21)
video-missing    995349610036230 c0  (expected file not found in facebook/videos/pw-talk-2026-07-21)
carried-forward  1568012748241583 c0  → https://pub-893b4a6a607b4221a894bf861da7914e.r2.dev/1568012748241583.mp4
video-missing    1568012748241583 c0  (expected file not found in facebook/videos/pw-talk-2026-07-21)
video-missing    1568012748241583 c0  (expected file not found in facebook/videos/pw-talk-2026-07-21)
carried-forward  1703276117526351 c0  → https://pub-893b4a6a607b4221a894bf861da7914e.r2.dev/1703276117526351.mp4
image-pending    1744854186873436 c0  (HANDOVER §8.5 — image handling not yet built)
carried-forward  4450977831887585 c0  → https://pub-893b4a6a607b4221a894bf861da7914e.r2.dev/4450977831887585.mp4
video-missing    4450977831887585 c0  (expected file not found in facebook/videos/pw-talk-2026-07-21)
video-missing    4450977831887585 c0  (expected file not found in facebook/videos/pw-talk-2026-07-21)
carried-forward  1537207307879549 c0  → https://pub-893b4a6a607b4221a894bf861da7914e.r2.dev/1537207307879549.mp4
carried-forward  1043108071709163 c0  → https://pub-893b4a6a607b4221a894bf861da7914e.r2.dev/1043108071709163.mp4
video-missing    1043108071709163 c0  (expected file not found in facebook/videos/pw-talk-2026-07-21)
video-missing    1043108071709163 c0  (expected file not found in facebook/videos/pw-talk-2026-07-21)
carried-forward  933714815692813 c0  → https://pub-893b4a6a607b4221a894bf861da7914e.r2.dev/933714815692813.mp4
carried-forward  1028350056558406 c0  → https://pub-893b4a6a607b4221a894bf861da7914e.r2.dev/1028350056558406.mp4
carried-forward  994739106942227 c0  → https://pub-893b4a6a607b4221a894bf861da7914e.r2.dev/994739106942227.mp4
carried-forward  1644235086654060 c0  → https://pub-893b4a6a607b4221a894bf861da7914e.r2.dev/1644235086654060.mp4
video-missing    1644235086654060 c0  (expected file not found in facebook/videos/pw-talk-2026-07-21)
video-missing    1644235086654060 c0  (expected file not found in facebook/videos/pw-talk-2026-07-21)
carried-forward  1739956290526598 c0  → https://pub-893b4a6a607b4221a894bf861da7914e.r2.dev/1739956290526598.mp4
carried-forward  4502341303427184 c0  → https://pub-893b4a6a607b4221a894bf861da7914e.r2.dev/4502341303427184.mp4
carried-forward  2185328818992708 c0  → https://pub-893b4a6a607b4221a894bf861da7914e.r2.dev/2185328818992708.mp4
carried-forward  1398691244996445 c0  → https://pub-893b4a6a607b4221a894bf861da7914e.r2.dev/1398691244996445.mp4
carried-forward  4111128282512883 c0  → https://pub-893b4a6a607b4221a894bf861da7914e.r2.dev/4111128282512883.mp4
carried-forward  1175933374295559 c0  → https://pub-893b4a6a607b4221a894bf861da7914e.r2.dev/1175933374295559.mp4
carried-forward  1810610246280277 c0  → https://pub-893b4a6a607b4221a894bf861da7914e.r2.dev/1810610246280277.mp4
carried-forward  2123300389064781 c0  → https://pub-893b4a6a607b4221a894bf861da7914e.r2.dev/2123300389064781.mp4
video-missing    2123300389064781 c0  (expected file not found in facebook/videos/pw-talk-2026-07-21)
carried-forward  1532066918300938 c0  → https://pub-893b4a6a607b4221a894bf861da7914e.r2.dev/1532066918300938.mp4
carried-forward  1922940892437204 c0  → https://pub-893b4a6a607b4221a894bf861da7914e.r2.dev/1922940892437204.mp4
carried-forward  25506520168976866 c0  → https://pub-893b4a6a607b4221a894bf861da7914e.r2.dev/25506520168976866.mp4
carried-forward  1523393919266772 c0  → https://pub-893b4a6a607b4221a894bf861da7914e.r2.dev/1523393919266772.mp4
carried-forward  911440421411962 c0  → https://pub-893b4a6a607b4221a894bf861da7914e.r2.dev/911440421411962.mp4
carried-forward  25708460672174884 c0  → https://pub-893b4a6a607b4221a894bf861da7914e.r2.dev/25708460672174884.mp4
carried-forward  1382158450478347 c0  → https://pub-893b4a6a607b4221a894bf861da7914e.r2.dev/1382158450478347.mp4
video-missing    1382158450478347 c0  (expected file not found in facebook/videos/pw-talk-2026-07-21)
carried-forward  1083629414172317 c0  → https://pub-893b4a6a607b4221a894bf861da7914e.r2.dev/1083629414172317.mp4
video-missing    1083629414172317 c0  (expected file not found in facebook/videos/pw-talk-2026-07-21)
image-pending    3423707654457091 c0  (HANDOVER §8.5 — image handling not yet built)
image-pending    3423707654457091 c0  (HANDOVER §8.5 — image handling not yet built)
carried-forward  2121876151724484 c0  → https://pub-893b4a6a607b4221a894bf861da7914e.r2.dev/2121876151724484.mp4
image-pending    1044959517952597 c0  (HANDOVER §8.5 — image handling not yet built)
image-pending    1044959517952597 c0  (HANDOVER §8.5 — image handling not yet built)
image-pending    4037885109675432 c0  (HANDOVER §8.5 — image handling not yet built)
carried-forward  2233165930785010 c0  → https://pub-893b4a6a607b4221a894bf861da7914e.r2.dev/2233165930785010.mp4
image-pending    994908826779122 c0  (HANDOVER §8.5 — image handling not yet built)
image-pending    1570180031154109 c0  (HANDOVER §8.5 — image handling not yet built)
uploaded         855677377401096 c0  (video) ← 855677377401096.mp4  → https://pub-893b4a6a607b4221a894bf861da7914e.r2.dev/855677377401096.mp4
image-pending    2195122731268390 c0  (HANDOVER §8.5 — image handling not yet built)
image-pending    2195122731268390 c0  (HANDOVER §8.5 — image handling not yet built)
carried-forward  1803872500771582 c0  → https://pub-893b4a6a607b4221a894bf861da7914e.r2.dev/1803872500771582.mp4
video-missing    1803872500771582 c0  (expected file not found in facebook/videos/pw-talk-2026-07-21)
carried-forward  1364636219033957 c0  → https://pub-893b4a6a607b4221a894bf861da7914e.r2.dev/1364636219033957.mp4
image-pending    1756246105826668 c0  (HANDOVER §8.5 — image handling not yet built)
carried-forward  1500684418055839 c0  → https://pub-893b4a6a607b4221a894bf861da7914e.r2.dev/1500684418055839.mp4
image-pending    1794694598434181 c0  (HANDOVER §8.5 — image handling not yet built)
carried-forward  1812131213254272 c0  → https://pub-893b4a6a607b4221a894bf861da7914e.r2.dev/1812131213254272.mp4
video-missing    1812131213254272 c0  (expected file not found in facebook/videos/pw-talk-2026-07-21)
carried-forward  1021255273973673 c0  → https://pub-893b4a6a607b4221a894bf861da7914e.r2.dev/1021255273973673.mp4
image-pending    868876099140823 c0  (HANDOVER §8.5 — image handling not yet built)
carried-forward  1359488312753507 c0  → https://pub-893b4a6a607b4221a894bf861da7914e.r2.dev/1359488312753507.mp4
image-pending    1385187736808003 c0  (HANDOVER §8.5 — image handling not yet built)
carried-forward  4477580215816977 c0  → https://pub-893b4a6a607b4221a894bf861da7914e.r2.dev/4477580215816977.mp4
carried-forward  1685794299537493 c0  → https://pub-893b4a6a607b4221a894bf861da7914e.r2.dev/1685794299537493.mp4
carried-forward  1682563569696317 c0  → https://pub-893b4a6a607b4221a894bf861da7914e.r2.dev/1682563569696317.mp4
video-missing    1682563569696317 c0  (expected file not found in facebook/videos/pw-talk-2026-07-21)
carried-forward  810257092082738 c0  → https://pub-893b4a6a607b4221a894bf861da7914e.r2.dev/810257092082738.mp4
carried-forward  1002848749228623 c0  → https://pub-893b4a6a607b4221a894bf861da7914e.r2.dev/1002848749228623.mp4
carried-forward  1033356585771486 c0  → https://pub-893b4a6a607b4221a894bf861da7914e.r2.dev/1033356585771486.mp4
video-missing    1033356585771486 c0  (expected file not found in facebook/videos/pw-talk-2026-07-21)
