# Step 3 run log
# competitor : pw-talk
# started_at : 2026-06-17T13:45:16
# input      : facebook/inputs/fb-ads-pw-talk-2026-06-17-1343.csv
# videos     : facebook/videos/pw-talk-2026-06-17
# master     : facebook/master/pw-talk.csv  (updated)
# enriched   : facebook/inputs/fb-ads-pw-talk-2026-06-17-1343_enriched.csv
# bucket     : video-ads
# public_base: https://dcfd27564ef899969db9a562c7e1945f.r2.cloudflarestorage.com
# dry_run    : False
#
# counts     : {'uploaded': 10, 'carried-forward': 78, 'image-pending': 19, 'video-missing': 47, 'no-creative': 0, 'error': 0}
#
image-pending    1668604657811317 c0  (HANDOVER §8.5 — image handling not yet built)
image-pending    1668604657811317 c0  (HANDOVER §8.5 — image handling not yet built)
image-pending    1668604657811317 c0  (HANDOVER §8.5 — image handling not yet built)
image-pending    1668604657811317 c0  (HANDOVER §8.5 — image handling not yet built)
carried-forward  1542662291202539 c0  → https://dcfd27564ef899969db9a562c7e1945f.r2.cloudflarestorage.com/1542662291202539.mp4
video-missing    1542662291202539 c0  (expected file not found in facebook/videos/pw-talk-2026-06-17)
carried-forward  2118422772240776 c0  → https://dcfd27564ef899969db9a562c7e1945f.r2.cloudflarestorage.com/2118422772240776.mp4
carried-forward  1281960683918283 c0  → https://dcfd27564ef899969db9a562c7e1945f.r2.cloudflarestorage.com/1281960683918283.mp4
carried-forward  1007300494972391 c0  → https://dcfd27564ef899969db9a562c7e1945f.r2.cloudflarestorage.com/1007300494972391.mp4
carried-forward  956692124024564 c0  → https://dcfd27564ef899969db9a562c7e1945f.r2.cloudflarestorage.com/956692124024564.mp4
carried-forward  1023770803552722 c0  → https://dcfd27564ef899969db9a562c7e1945f.r2.cloudflarestorage.com/1023770803552722.mp4
video-missing    1023770803552722 c0  (expected file not found in facebook/videos/pw-talk-2026-06-17)
video-missing    1023770803552722 c0  (expected file not found in facebook/videos/pw-talk-2026-06-17)
carried-forward  941613088747926 c0  → https://dcfd27564ef899969db9a562c7e1945f.r2.cloudflarestorage.com/941613088747926.mp4
carried-forward  982593771083391 c0  → https://dcfd27564ef899969db9a562c7e1945f.r2.cloudflarestorage.com/982593771083391.mp4
video-missing    982593771083391 c0  (expected file not found in facebook/videos/pw-talk-2026-06-17)
carried-forward  1545545373757343 c0  → https://dcfd27564ef899969db9a562c7e1945f.r2.cloudflarestorage.com/1545545373757343.mp4
video-missing    1545545373757343 c0  (expected file not found in facebook/videos/pw-talk-2026-06-17)
image-pending    1616029346132773 c0  (HANDOVER §8.5 — image handling not yet built)
image-pending    1616029346132773 c0  (HANDOVER §8.5 — image handling not yet built)
carried-forward  954609790259093 c0  → https://dcfd27564ef899969db9a562c7e1945f.r2.cloudflarestorage.com/954609790259093.mp4
video-missing    954609790259093 c0  (expected file not found in facebook/videos/pw-talk-2026-06-17)
video-missing    954609790259093 c0  (expected file not found in facebook/videos/pw-talk-2026-06-17)
uploaded         1656226372193192 c0  (video) ← 1656226372193192.mp4  → https://dcfd27564ef899969db9a562c7e1945f.r2.cloudflarestorage.com/1656226372193192.mp4
carried-forward  1459802412348522 c0  → https://dcfd27564ef899969db9a562c7e1945f.r2.cloudflarestorage.com/1459802412348522.mp4
video-missing    1459802412348522 c0  (expected file not found in facebook/videos/pw-talk-2026-06-17)
video-missing    1459802412348522 c0  (expected file not found in facebook/videos/pw-talk-2026-06-17)
carried-forward  1271072245182250 c0  → https://dcfd27564ef899969db9a562c7e1945f.r2.cloudflarestorage.com/1271072245182250.mp4
carried-forward  26964483843185846 c0  → https://dcfd27564ef899969db9a562c7e1945f.r2.cloudflarestorage.com/26964483843185846.mp4
carried-forward  1510838230642930 c0  → https://dcfd27564ef899969db9a562c7e1945f.r2.cloudflarestorage.com/1510838230642930.mp4
video-missing    1510838230642930 c0  (expected file not found in facebook/videos/pw-talk-2026-06-17)
video-missing    1510838230642930 c0  (expected file not found in facebook/videos/pw-talk-2026-06-17)
video-missing    1510838230642930 c0  (expected file not found in facebook/videos/pw-talk-2026-06-17)
video-missing    1510838230642930 c0  (expected file not found in facebook/videos/pw-talk-2026-06-17)
carried-forward  1888603368477515 c0  → https://dcfd27564ef899969db9a562c7e1945f.r2.cloudflarestorage.com/1888603368477515.mp4
video-missing    1888603368477515 c0  (expected file not found in facebook/videos/pw-talk-2026-06-17)
carried-forward  2012385659367758 c0  → https://dcfd27564ef899969db9a562c7e1945f.r2.cloudflarestorage.com/2012385659367758.mp4
video-missing    2012385659367758 c0  (expected file not found in facebook/videos/pw-talk-2026-06-17)
carried-forward  1484334716724850 c0  → https://dcfd27564ef899969db9a562c7e1945f.r2.cloudflarestorage.com/1484334716724850.mp4
video-missing    1484334716724850 c0  (expected file not found in facebook/videos/pw-talk-2026-06-17)
video-missing    1484334716724850 c0  (expected file not found in facebook/videos/pw-talk-2026-06-17)
video-missing    1484334716724850 c0  (expected file not found in facebook/videos/pw-talk-2026-06-17)
image-pending    1477576483809130 c0  (HANDOVER §8.5 — image handling not yet built)
uploaded         1537961454587719 c0  (video) ← 1537961454587719.mp4  → https://dcfd27564ef899969db9a562c7e1945f.r2.cloudflarestorage.com/1537961454587719.mp4
carried-forward  1383947583494215 c0  → https://dcfd27564ef899969db9a562c7e1945f.r2.cloudflarestorage.com/1383947583494215.mp4
video-missing    1383947583494215 c0  (expected file not found in facebook/videos/pw-talk-2026-06-17)
uploaded         794561180289136 c0  (video) ← 794561180289136.mp4  → https://dcfd27564ef899969db9a562c7e1945f.r2.cloudflarestorage.com/794561180289136.mp4
video-missing    794561180289136 c0  (expected file not found in facebook/videos/pw-talk-2026-06-17)
video-missing    794561180289136 c0  (expected file not found in facebook/videos/pw-talk-2026-06-17)
image-pending    975830475191925 c0  (HANDOVER §8.5 — image handling not yet built)
carried-forward  1383764603589213 c0  → https://dcfd27564ef899969db9a562c7e1945f.r2.cloudflarestorage.com/1383764603589213.mp4
carried-forward  873558985758115 c0  → https://dcfd27564ef899969db9a562c7e1945f.r2.cloudflarestorage.com/873558985758115.mp4
carried-forward  990067790082865 c0  → https://dcfd27564ef899969db9a562c7e1945f.r2.cloudflarestorage.com/990067790082865.mp4
image-pending    1379701207397707 c0  (HANDOVER §8.5 — image handling not yet built)
carried-forward  910631738693945 c0  → https://dcfd27564ef899969db9a562c7e1945f.r2.cloudflarestorage.com/910631738693945.mp4
video-missing    910631738693945 c0  (expected file not found in facebook/videos/pw-talk-2026-06-17)
video-missing    910631738693945 c0  (expected file not found in facebook/videos/pw-talk-2026-06-17)
carried-forward  1244804194191792 c0  → https://dcfd27564ef899969db9a562c7e1945f.r2.cloudflarestorage.com/1244804194191792.mp4
video-missing    1244804194191792 c0  (expected file not found in facebook/videos/pw-talk-2026-06-17)
carried-forward  990103036720803 c0  → https://dcfd27564ef899969db9a562c7e1945f.r2.cloudflarestorage.com/990103036720803.mp4
image-pending    1529619835340866 c0  (HANDOVER §8.5 — image handling not yet built)
image-pending    1543899037311006 c0  (HANDOVER §8.5 — image handling not yet built)
image-pending    1279844364134321 c0  (HANDOVER §8.5 — image handling not yet built)
carried-forward  1761637955248042 c0  → https://dcfd27564ef899969db9a562c7e1945f.r2.cloudflarestorage.com/1761637955248042.mp4
image-pending    1427890712476618 c0  (HANDOVER §8.5 — image handling not yet built)
uploaded         986491307132323 c0  (video) ← 986491307132323.mp4  → https://dcfd27564ef899969db9a562c7e1945f.r2.cloudflarestorage.com/986491307132323.mp4
carried-forward  3404871473007544 c0  → https://dcfd27564ef899969db9a562c7e1945f.r2.cloudflarestorage.com/3404871473007544.mp4
video-missing    3404871473007544 c0  (expected file not found in facebook/videos/pw-talk-2026-06-17)
image-pending    3385563551622383 c0  (HANDOVER §8.5 — image handling not yet built)
image-pending    1282891997259604 c0  (HANDOVER §8.5 — image handling not yet built)
image-pending    1380779020740039 c0  (HANDOVER §8.5 — image handling not yet built)
image-pending    1005508155503187 c0  (HANDOVER §8.5 — image handling not yet built)
carried-forward  933714815692813 c0  → https://dcfd27564ef899969db9a562c7e1945f.r2.cloudflarestorage.com/933714815692813.mp4
video-missing    933714815692813 c0  (expected file not found in facebook/videos/pw-talk-2026-06-17)
carried-forward  1551214316696728 c0  → https://dcfd27564ef899969db9a562c7e1945f.r2.cloudflarestorage.com/1551214316696728.mp4
carried-forward  1440487231130234 c0  → https://dcfd27564ef899969db9a562c7e1945f.r2.cloudflarestorage.com/1440487231130234.mp4
video-missing    1440487231130234 c0  (expected file not found in facebook/videos/pw-talk-2026-06-17)
carried-forward  1673722073879679 c0  → https://dcfd27564ef899969db9a562c7e1945f.r2.cloudflarestorage.com/1673722073879679.mp4
carried-forward  1697902834684350 c0  → https://dcfd27564ef899969db9a562c7e1945f.r2.cloudflarestorage.com/1697902834684350.mp4
carried-forward  4032411253724650 c0  → https://dcfd27564ef899969db9a562c7e1945f.r2.cloudflarestorage.com/4032411253724650.mp4
carried-forward  1538536904371801 c0  → https://dcfd27564ef899969db9a562c7e1945f.r2.cloudflarestorage.com/1538536904371801.mp4
carried-forward  1319590739598224 c0  → https://dcfd27564ef899969db9a562c7e1945f.r2.cloudflarestorage.com/1319590739598224.mp4
carried-forward  1629149148185749 c0  → https://dcfd27564ef899969db9a562c7e1945f.r2.cloudflarestorage.com/1629149148185749.mp4
carried-forward  1694533281791470 c0  → https://dcfd27564ef899969db9a562c7e1945f.r2.cloudflarestorage.com/1694533281791470.mp4
carried-forward  27959016983700695 c0  → https://dcfd27564ef899969db9a562c7e1945f.r2.cloudflarestorage.com/27959016983700695.mp4
carried-forward  962920393089241 c0  → https://dcfd27564ef899969db9a562c7e1945f.r2.cloudflarestorage.com/962920393089241.mp4
video-missing    962920393089241 c0  (expected file not found in facebook/videos/pw-talk-2026-06-17)
video-missing    962920393089241 c0  (expected file not found in facebook/videos/pw-talk-2026-06-17)
carried-forward  4422642624690358 c0  → https://dcfd27564ef899969db9a562c7e1945f.r2.cloudflarestorage.com/4422642624690358.mp4
carried-forward  931656546562920 c0  → https://dcfd27564ef899969db9a562c7e1945f.r2.cloudflarestorage.com/931656546562920.mp4
carried-forward  1398691244996445 c0  → https://dcfd27564ef899969db9a562c7e1945f.r2.cloudflarestorage.com/1398691244996445.mp4
video-missing    1398691244996445 c0  (expected file not found in facebook/videos/pw-talk-2026-06-17)
carried-forward  2012900123438878 c0  → https://dcfd27564ef899969db9a562c7e1945f.r2.cloudflarestorage.com/2012900123438878.mp4
carried-forward  1175933374295559 c0  → https://dcfd27564ef899969db9a562c7e1945f.r2.cloudflarestorage.com/1175933374295559.mp4
carried-forward  3482915095217476 c0  → https://dcfd27564ef899969db9a562c7e1945f.r2.cloudflarestorage.com/3482915095217476.mp4
carried-forward  1810610246280277 c0  → https://dcfd27564ef899969db9a562c7e1945f.r2.cloudflarestorage.com/1810610246280277.mp4
carried-forward  1476773330606036 c0  → https://dcfd27564ef899969db9a562c7e1945f.r2.cloudflarestorage.com/1476773330606036.mp4
video-missing    1476773330606036 c0  (expected file not found in facebook/videos/pw-talk-2026-06-17)
video-missing    1476773330606036 c0  (expected file not found in facebook/videos/pw-talk-2026-06-17)
carried-forward  26910824648598388 c0  → https://dcfd27564ef899969db9a562c7e1945f.r2.cloudflarestorage.com/26910824648598388.mp4
carried-forward  1922940892437204 c0  → https://dcfd27564ef899969db9a562c7e1945f.r2.cloudflarestorage.com/1922940892437204.mp4
carried-forward  1274208157485689 c0  → https://dcfd27564ef899969db9a562c7e1945f.r2.cloudflarestorage.com/1274208157485689.mp4
video-missing    1274208157485689 c0  (expected file not found in facebook/videos/pw-talk-2026-06-17)
video-missing    1274208157485689 c0  (expected file not found in facebook/videos/pw-talk-2026-06-17)
uploaded         1477133837198003 c0  (video) ← 1477133837198003.mp4  → https://dcfd27564ef899969db9a562c7e1945f.r2.cloudflarestorage.com/1477133837198003.mp4
carried-forward  25506520168976866 c0  → https://dcfd27564ef899969db9a562c7e1945f.r2.cloudflarestorage.com/25506520168976866.mp4
carried-forward  1032008312493950 c0  → https://dcfd27564ef899969db9a562c7e1945f.r2.cloudflarestorage.com/1032008312493950.mp4
carried-forward  1610948496652199 c0  → https://dcfd27564ef899969db9a562c7e1945f.r2.cloudflarestorage.com/1610948496652199.mp4
video-missing    1610948496652199 c0  (expected file not found in facebook/videos/pw-talk-2026-06-17)
video-missing    1610948496652199 c0  (expected file not found in facebook/videos/pw-talk-2026-06-17)
carried-forward  911440421411962 c0  → https://dcfd27564ef899969db9a562c7e1945f.r2.cloudflarestorage.com/911440421411962.mp4
carried-forward  856074337114553 c0  → https://dcfd27564ef899969db9a562c7e1945f.r2.cloudflarestorage.com/856074337114553.mp4
carried-forward  25708460672174884 c0  → https://dcfd27564ef899969db9a562c7e1945f.r2.cloudflarestorage.com/25708460672174884.mp4
carried-forward  1557206485797910 c0  → https://dcfd27564ef899969db9a562c7e1945f.r2.cloudflarestorage.com/1557206485797910.mp4
carried-forward  990621093352631 c0  → https://dcfd27564ef899969db9a562c7e1945f.r2.cloudflarestorage.com/990621093352631.mp4
video-missing    990621093352631 c0  (expected file not found in facebook/videos/pw-talk-2026-06-17)
carried-forward  2689205164778706 c0  → https://dcfd27564ef899969db9a562c7e1945f.r2.cloudflarestorage.com/2689205164778706.mp4
video-missing    2689205164778706 c0  (expected file not found in facebook/videos/pw-talk-2026-06-17)
video-missing    2689205164778706 c0  (expected file not found in facebook/videos/pw-talk-2026-06-17)
carried-forward  2509145826184441 c0  → https://dcfd27564ef899969db9a562c7e1945f.r2.cloudflarestorage.com/2509145826184441.mp4
carried-forward  2490566491402542 c0  → https://dcfd27564ef899969db9a562c7e1945f.r2.cloudflarestorage.com/2490566491402542.mp4
carried-forward  969397399258262 c0  → https://dcfd27564ef899969db9a562c7e1945f.r2.cloudflarestorage.com/969397399258262.mp4
image-pending    1248192480570431 c0  (HANDOVER §8.5 — image handling not yet built)
image-pending    1248192480570431 c0  (HANDOVER §8.5 — image handling not yet built)
carried-forward  1343483664648943 c0  → https://dcfd27564ef899969db9a562c7e1945f.r2.cloudflarestorage.com/1343483664648943.mp4
uploaded         27245669081785604 c0  (video) ← 27245669081785604.mp4  → https://dcfd27564ef899969db9a562c7e1945f.r2.cloudflarestorage.com/27245669081785604.mp4
carried-forward  2233165930785010 c0  → https://dcfd27564ef899969db9a562c7e1945f.r2.cloudflarestorage.com/2233165930785010.mp4
video-missing    2233165930785010 c0  (expected file not found in facebook/videos/pw-talk-2026-06-17)
carried-forward  996186669659412 c0  → https://dcfd27564ef899969db9a562c7e1945f.r2.cloudflarestorage.com/996186669659412.mp4
carried-forward  2408984296280626 c0  → https://dcfd27564ef899969db9a562c7e1945f.r2.cloudflarestorage.com/2408984296280626.mp4
carried-forward  1017025177512749 c0  → https://dcfd27564ef899969db9a562c7e1945f.r2.cloudflarestorage.com/1017025177512749.mp4
carried-forward  1459063862660451 c0  → https://dcfd27564ef899969db9a562c7e1945f.r2.cloudflarestorage.com/1459063862660451.mp4
carried-forward  1364636219033957 c0  → https://dcfd27564ef899969db9a562c7e1945f.r2.cloudflarestorage.com/1364636219033957.mp4
video-missing    1364636219033957 c0  (expected file not found in facebook/videos/pw-talk-2026-06-17)
carried-forward  1500684418055839 c0  → https://dcfd27564ef899969db9a562c7e1945f.r2.cloudflarestorage.com/1500684418055839.mp4
carried-forward  1569659958009913 c0  → https://dcfd27564ef899969db9a562c7e1945f.r2.cloudflarestorage.com/1569659958009913.mp4
uploaded         1419619376634665 c0  (video) ← 1419619376634665.mp4  → https://dcfd27564ef899969db9a562c7e1945f.r2.cloudflarestorage.com/1419619376634665.mp4
video-missing    1419619376634665 c0  (expected file not found in facebook/videos/pw-talk-2026-06-17)
video-missing    1419619376634665 c0  (expected file not found in facebook/videos/pw-talk-2026-06-17)
carried-forward  1744948076945550 c0  → https://dcfd27564ef899969db9a562c7e1945f.r2.cloudflarestorage.com/1744948076945550.mp4
carried-forward  1285399016659666 c0  → https://dcfd27564ef899969db9a562c7e1945f.r2.cloudflarestorage.com/1285399016659666.mp4
video-missing    1285399016659666 c0  (expected file not found in facebook/videos/pw-talk-2026-06-17)
uploaded         1975446566468610 c0  (video) ← 1975446566468610.mp4  → https://dcfd27564ef899969db9a562c7e1945f.r2.cloudflarestorage.com/1975446566468610.mp4
carried-forward  1812131213254272 c0  → https://dcfd27564ef899969db9a562c7e1945f.r2.cloudflarestorage.com/1812131213254272.mp4
video-missing    1812131213254272 c0  (expected file not found in facebook/videos/pw-talk-2026-06-17)
carried-forward  1359488312753507 c0  → https://dcfd27564ef899969db9a562c7e1945f.r2.cloudflarestorage.com/1359488312753507.mp4
carried-forward  939016588843645 c0  → https://dcfd27564ef899969db9a562c7e1945f.r2.cloudflarestorage.com/939016588843645.mp4
video-missing    939016588843645 c0  (expected file not found in facebook/videos/pw-talk-2026-06-17)
video-missing    939016588843645 c0  (expected file not found in facebook/videos/pw-talk-2026-06-17)
carried-forward  1685794299537493 c0  → https://dcfd27564ef899969db9a562c7e1945f.r2.cloudflarestorage.com/1685794299537493.mp4
uploaded         1021255273973673 c0  (video) ← 1021255273973673.mp4  → https://dcfd27564ef899969db9a562c7e1945f.r2.cloudflarestorage.com/1021255273973673.mp4
uploaded         1739956290526598 c0  (video) ← 1739956290526598.mp4  → https://dcfd27564ef899969db9a562c7e1945f.r2.cloudflarestorage.com/1739956290526598.mp4
carried-forward  1002363505662165 c0  → https://dcfd27564ef899969db9a562c7e1945f.r2.cloudflarestorage.com/1002363505662165.mp4
carried-forward  1305202587874367 c0  → https://dcfd27564ef899969db9a562c7e1945f.r2.cloudflarestorage.com/1305202587874367.mp4
