# Step 3 run log
# competitor : pw-talk
# started_at : 2026-06-27T14:08:53
# input      : facebook/inputs/fb-ads-pw-talk-2026-06-27-1407.csv
# videos     : facebook/videos/pw-talk-2026-06-27
# master     : facebook/master/pw-talk.csv  (updated)
# enriched   : facebook/inputs/fb-ads-pw-talk-2026-06-27-1407_enriched.csv
# bucket     : video-ads
# public_base: https://pub-893b4a6a607b4221a894bf861da7914e.r2.dev
# dry_run    : False
#
# counts     : {'uploaded': 5, 'carried-forward': 86, 'image-pending': 21, 'video-missing': 65, 'no-creative': 0, 'error': 0}
#
carried-forward  1542662291202539 c0  → https://pub-893b4a6a607b4221a894bf861da7914e.r2.dev/1542662291202539.mp4
video-missing    1542662291202539 c0  (expected file not found in facebook/videos/pw-talk-2026-06-27)
video-missing    1542662291202539 c0  (expected file not found in facebook/videos/pw-talk-2026-06-27)
video-missing    1542662291202539 c0  (expected file not found in facebook/videos/pw-talk-2026-06-27)
image-pending    1668604657811317 c0  (HANDOVER §8.5 — image handling not yet built)
image-pending    1668604657811317 c0  (HANDOVER §8.5 — image handling not yet built)
image-pending    1668604657811317 c0  (HANDOVER §8.5 — image handling not yet built)
carried-forward  1281960683918283 c0  → https://pub-893b4a6a607b4221a894bf861da7914e.r2.dev/1281960683918283.mp4
carried-forward  2118422772240776 c0  → https://pub-893b4a6a607b4221a894bf861da7914e.r2.dev/2118422772240776.mp4
video-missing    2118422772240776 c0  (expected file not found in facebook/videos/pw-talk-2026-06-27)
video-missing    2118422772240776 c0  (expected file not found in facebook/videos/pw-talk-2026-06-27)
image-pending    1616029346132773 c0  (HANDOVER §8.5 — image handling not yet built)
image-pending    1616029346132773 c0  (HANDOVER §8.5 — image handling not yet built)
carried-forward  1007300494972391 c0  → https://pub-893b4a6a607b4221a894bf861da7914e.r2.dev/1007300494972391.mp4
carried-forward  956692124024564 c0  → https://pub-893b4a6a607b4221a894bf861da7914e.r2.dev/956692124024564.mp4
video-missing    956692124024564 c0  (expected file not found in facebook/videos/pw-talk-2026-06-27)
carried-forward  982593771083391 c0  → https://pub-893b4a6a607b4221a894bf861da7914e.r2.dev/982593771083391.mp4
video-missing    982593771083391 c0  (expected file not found in facebook/videos/pw-talk-2026-06-27)
carried-forward  1023770803552722 c0  → https://pub-893b4a6a607b4221a894bf861da7914e.r2.dev/1023770803552722.mp4
video-missing    1023770803552722 c0  (expected file not found in facebook/videos/pw-talk-2026-06-27)
video-missing    1023770803552722 c0  (expected file not found in facebook/videos/pw-talk-2026-06-27)
carried-forward  794561180289136 c0  → https://pub-893b4a6a607b4221a894bf861da7914e.r2.dev/794561180289136.mp4
video-missing    794561180289136 c0  (expected file not found in facebook/videos/pw-talk-2026-06-27)
video-missing    794561180289136 c0  (expected file not found in facebook/videos/pw-talk-2026-06-27)
carried-forward  941613088747926 c0  → https://pub-893b4a6a607b4221a894bf861da7914e.r2.dev/941613088747926.mp4
carried-forward  1271072245182250 c0  → https://pub-893b4a6a607b4221a894bf861da7914e.r2.dev/1271072245182250.mp4
video-missing    1271072245182250 c0  (expected file not found in facebook/videos/pw-talk-2026-06-27)
video-missing    1271072245182250 c0  (expected file not found in facebook/videos/pw-talk-2026-06-27)
carried-forward  1656226372193192 c0  → https://pub-893b4a6a607b4221a894bf861da7914e.r2.dev/1656226372193192.mp4
video-missing    1656226372193192 c0  (expected file not found in facebook/videos/pw-talk-2026-06-27)
carried-forward  954609790259093 c0  → https://pub-893b4a6a607b4221a894bf861da7914e.r2.dev/954609790259093.mp4
video-missing    954609790259093 c0  (expected file not found in facebook/videos/pw-talk-2026-06-27)
video-missing    954609790259093 c0  (expected file not found in facebook/videos/pw-talk-2026-06-27)
carried-forward  1459802412348522 c0  → https://pub-893b4a6a607b4221a894bf861da7914e.r2.dev/1459802412348522.mp4
video-missing    1459802412348522 c0  (expected file not found in facebook/videos/pw-talk-2026-06-27)
video-missing    1459802412348522 c0  (expected file not found in facebook/videos/pw-talk-2026-06-27)
carried-forward  1484334716724850 c0  → https://pub-893b4a6a607b4221a894bf861da7914e.r2.dev/1484334716724850.mp4
video-missing    1484334716724850 c0  (expected file not found in facebook/videos/pw-talk-2026-06-27)
video-missing    1484334716724850 c0  (expected file not found in facebook/videos/pw-talk-2026-06-27)
video-missing    1484334716724850 c0  (expected file not found in facebook/videos/pw-talk-2026-06-27)
video-missing    1484334716724850 c0  (expected file not found in facebook/videos/pw-talk-2026-06-27)
video-missing    1484334716724850 c0  (expected file not found in facebook/videos/pw-talk-2026-06-27)
carried-forward  990067790082865 c0  → https://pub-893b4a6a607b4221a894bf861da7914e.r2.dev/990067790082865.mp4
carried-forward  1537961454587719 c0  → https://pub-893b4a6a607b4221a894bf861da7914e.r2.dev/1537961454587719.mp4
video-missing    1537961454587719 c0  (expected file not found in facebook/videos/pw-talk-2026-06-27)
video-missing    1537961454587719 c0  (expected file not found in facebook/videos/pw-talk-2026-06-27)
carried-forward  910631738693945 c0  → https://pub-893b4a6a607b4221a894bf861da7914e.r2.dev/910631738693945.mp4
video-missing    910631738693945 c0  (expected file not found in facebook/videos/pw-talk-2026-06-27)
video-missing    910631738693945 c0  (expected file not found in facebook/videos/pw-talk-2026-06-27)
carried-forward  1510838230642930 c0  → https://pub-893b4a6a607b4221a894bf861da7914e.r2.dev/1510838230642930.mp4
video-missing    1510838230642930 c0  (expected file not found in facebook/videos/pw-talk-2026-06-27)
video-missing    1510838230642930 c0  (expected file not found in facebook/videos/pw-talk-2026-06-27)
video-missing    1510838230642930 c0  (expected file not found in facebook/videos/pw-talk-2026-06-27)
video-missing    1510838230642930 c0  (expected file not found in facebook/videos/pw-talk-2026-06-27)
carried-forward  1888603368477515 c0  → https://pub-893b4a6a607b4221a894bf861da7914e.r2.dev/1888603368477515.mp4
video-missing    1888603368477515 c0  (expected file not found in facebook/videos/pw-talk-2026-06-27)
image-pending    1279844364134321 c0  (HANDOVER §8.5 — image handling not yet built)
carried-forward  873558985758115 c0  → https://pub-893b4a6a607b4221a894bf861da7914e.r2.dev/873558985758115.mp4
image-pending    1477576483809130 c0  (HANDOVER §8.5 — image handling not yet built)
carried-forward  1761637955248042 c0  → https://pub-893b4a6a607b4221a894bf861da7914e.r2.dev/1761637955248042.mp4
video-missing    1761637955248042 c0  (expected file not found in facebook/videos/pw-talk-2026-06-27)
video-missing    1761637955248042 c0  (expected file not found in facebook/videos/pw-talk-2026-06-27)
carried-forward  1551214316696728 c0  → https://pub-893b4a6a607b4221a894bf861da7914e.r2.dev/1551214316696728.mp4
video-missing    1551214316696728 c0  (expected file not found in facebook/videos/pw-talk-2026-06-27)
image-pending    1928172847901225 c0  (HANDOVER §8.5 — image handling not yet built)
carried-forward  986491307132323 c0  → https://pub-893b4a6a607b4221a894bf861da7914e.r2.dev/986491307132323.mp4
image-pending    1282891997259604 c0  (HANDOVER §8.5 — image handling not yet built)
carried-forward  1244804194191792 c0  → https://pub-893b4a6a607b4221a894bf861da7914e.r2.dev/1244804194191792.mp4
video-missing    1244804194191792 c0  (expected file not found in facebook/videos/pw-talk-2026-06-27)
carried-forward  3404871473007544 c0  → https://pub-893b4a6a607b4221a894bf861da7914e.r2.dev/3404871473007544.mp4
video-missing    3404871473007544 c0  (expected file not found in facebook/videos/pw-talk-2026-06-27)
video-missing    3404871473007544 c0  (expected file not found in facebook/videos/pw-talk-2026-06-27)
video-missing    3404871473007544 c0  (expected file not found in facebook/videos/pw-talk-2026-06-27)
image-pending    3385563551622383 c0  (HANDOVER §8.5 — image handling not yet built)
carried-forward  962816803136157 c0  → https://pub-893b4a6a607b4221a894bf861da7914e.r2.dev/962816803136157.mp4
carried-forward  931656546562920 c0  → https://pub-893b4a6a607b4221a894bf861da7914e.r2.dev/931656546562920.mp4
image-pending    1017646650720619 c0  (HANDOVER §8.5 — image handling not yet built)
carried-forward  1694533281791470 c0  → https://pub-893b4a6a607b4221a894bf861da7914e.r2.dev/1694533281791470.mp4
carried-forward  1291252116517177 c0  → https://pub-893b4a6a607b4221a894bf861da7914e.r2.dev/1291252116517177.mp4
carried-forward  984170634387806 c0  → https://pub-893b4a6a607b4221a894bf861da7914e.r2.dev/984170634387806.mp4
carried-forward  933714815692813 c0  → https://pub-893b4a6a607b4221a894bf861da7914e.r2.dev/933714815692813.mp4
video-missing    933714815692813 c0  (expected file not found in facebook/videos/pw-talk-2026-06-27)
carried-forward  1697902834684350 c0  → https://pub-893b4a6a607b4221a894bf861da7914e.r2.dev/1697902834684350.mp4
carried-forward  1313145004338868 c0  → https://pub-893b4a6a607b4221a894bf861da7914e.r2.dev/1313145004338868.mp4
carried-forward  3300601286799572 c0  → https://pub-893b4a6a607b4221a894bf861da7914e.r2.dev/3300601286799572.mp4
carried-forward  1538536904371801 c0  → https://pub-893b4a6a607b4221a894bf861da7914e.r2.dev/1538536904371801.mp4
carried-forward  1323953329843500 c0  → https://pub-893b4a6a607b4221a894bf861da7914e.r2.dev/1323953329843500.mp4
carried-forward  1656820212211156 c0  → https://pub-893b4a6a607b4221a894bf861da7914e.r2.dev/1656820212211156.mp4
carried-forward  1295106905943473 c0  → https://pub-893b4a6a607b4221a894bf861da7914e.r2.dev/1295106905943473.mp4
image-pending    1590902289118648 c0  (HANDOVER §8.5 — image handling not yet built)
carried-forward  2464673260627115 c0  → https://pub-893b4a6a607b4221a894bf861da7914e.r2.dev/2464673260627115.mp4
carried-forward  1671362184120151 c0  → https://pub-893b4a6a607b4221a894bf861da7914e.r2.dev/1671362184120151.mp4
image-pending    1047135224934099 c0  (HANDOVER §8.5 — image handling not yet built)
carried-forward  995359886830365 c0  → https://pub-893b4a6a607b4221a894bf861da7914e.r2.dev/995359886830365.mp4
video-missing    995359886830365 c0  (expected file not found in facebook/videos/pw-talk-2026-06-27)
video-missing    995359886830365 c0  (expected file not found in facebook/videos/pw-talk-2026-06-27)
carried-forward  962920393089241 c0  → https://pub-893b4a6a607b4221a894bf861da7914e.r2.dev/962920393089241.mp4
video-missing    962920393089241 c0  (expected file not found in facebook/videos/pw-talk-2026-06-27)
video-missing    962920393089241 c0  (expected file not found in facebook/videos/pw-talk-2026-06-27)
carried-forward  1717387636275283 c0  → https://pub-893b4a6a607b4221a894bf861da7914e.r2.dev/1717387636275283.mp4
carried-forward  2012900123438878 c0  → https://pub-893b4a6a607b4221a894bf861da7914e.r2.dev/2012900123438878.mp4
carried-forward  1398691244996445 c0  → https://pub-893b4a6a607b4221a894bf861da7914e.r2.dev/1398691244996445.mp4
video-missing    1398691244996445 c0  (expected file not found in facebook/videos/pw-talk-2026-06-27)
carried-forward  1175933374295559 c0  → https://pub-893b4a6a607b4221a894bf861da7914e.r2.dev/1175933374295559.mp4
carried-forward  26910824648598388 c0  → https://pub-893b4a6a607b4221a894bf861da7914e.r2.dev/26910824648598388.mp4
uploaded         3505764476253436 c0  (video) ← 3505764476253436.mp4  → https://pub-893b4a6a607b4221a894bf861da7914e.r2.dev/3505764476253436.mp4
video-missing    3505764476253436 c0  (expected file not found in facebook/videos/pw-talk-2026-06-27)
carried-forward  1810610246280277 c0  → https://pub-893b4a6a607b4221a894bf861da7914e.r2.dev/1810610246280277.mp4
carried-forward  1476773330606036 c0  → https://pub-893b4a6a607b4221a894bf861da7914e.r2.dev/1476773330606036.mp4
video-missing    1476773330606036 c0  (expected file not found in facebook/videos/pw-talk-2026-06-27)
video-missing    1476773330606036 c0  (expected file not found in facebook/videos/pw-talk-2026-06-27)
carried-forward  1922940892437204 c0  → https://pub-893b4a6a607b4221a894bf861da7914e.r2.dev/1922940892437204.mp4
carried-forward  1477133837198003 c0  → https://pub-893b4a6a607b4221a894bf861da7914e.r2.dev/1477133837198003.mp4
carried-forward  1274208157485689 c0  → https://pub-893b4a6a607b4221a894bf861da7914e.r2.dev/1274208157485689.mp4
video-missing    1274208157485689 c0  (expected file not found in facebook/videos/pw-talk-2026-06-27)
video-missing    1274208157485689 c0  (expected file not found in facebook/videos/pw-talk-2026-06-27)
carried-forward  25506520168976866 c0  → https://pub-893b4a6a607b4221a894bf861da7914e.r2.dev/25506520168976866.mp4
carried-forward  966352053066566 c0  → https://pub-893b4a6a607b4221a894bf861da7914e.r2.dev/966352053066566.mp4
image-pending    4382835078711354 c0  (HANDOVER §8.5 — image handling not yet built)
carried-forward  1930624197622523 c0  → https://pub-893b4a6a607b4221a894bf861da7914e.r2.dev/1930624197622523.mp4
carried-forward  1610948496652199 c0  → https://pub-893b4a6a607b4221a894bf861da7914e.r2.dev/1610948496652199.mp4
video-missing    1610948496652199 c0  (expected file not found in facebook/videos/pw-talk-2026-06-27)
video-missing    1610948496652199 c0  (expected file not found in facebook/videos/pw-talk-2026-06-27)
uploaded         1685917296870721 c0  (video) ← 1685917296870721.mp4  → https://pub-893b4a6a607b4221a894bf861da7914e.r2.dev/1685917296870721.mp4
video-missing    1685917296870721 c0  (expected file not found in facebook/videos/pw-talk-2026-06-27)
video-missing    1685917296870721 c0  (expected file not found in facebook/videos/pw-talk-2026-06-27)
carried-forward  911440421411962 c0  → https://pub-893b4a6a607b4221a894bf861da7914e.r2.dev/911440421411962.mp4
carried-forward  990621093352631 c0  → https://pub-893b4a6a607b4221a894bf861da7914e.r2.dev/990621093352631.mp4
video-missing    990621093352631 c0  (expected file not found in facebook/videos/pw-talk-2026-06-27)
carried-forward  25708460672174884 c0  → https://pub-893b4a6a607b4221a894bf861da7914e.r2.dev/25708460672174884.mp4
image-pending    1302409005009052 c0  (HANDOVER §8.5 — image handling not yet built)
uploaded         2236946910396459 c0  (video) ← 2236946910396459.mp4  → https://pub-893b4a6a607b4221a894bf861da7914e.r2.dev/2236946910396459.mp4
image-pending    873236152522296 c0  (HANDOVER §8.5 — image handling not yet built)
carried-forward  969397399258262 c0  → https://pub-893b4a6a607b4221a894bf861da7914e.r2.dev/969397399258262.mp4
uploaded         1703276117526351 c0  (video) ← 1703276117526351.mp4  → https://pub-893b4a6a607b4221a894bf861da7914e.r2.dev/1703276117526351.mp4
image-pending    3423707654457091 c0  (HANDOVER §8.5 — image handling not yet built)
carried-forward  784112198059615 c0  → https://pub-893b4a6a607b4221a894bf861da7914e.r2.dev/784112198059615.mp4
carried-forward  2689205164778706 c0  → https://pub-893b4a6a607b4221a894bf861da7914e.r2.dev/2689205164778706.mp4
video-missing    2689205164778706 c0  (expected file not found in facebook/videos/pw-talk-2026-06-27)
video-missing    2689205164778706 c0  (expected file not found in facebook/videos/pw-talk-2026-06-27)
uploaded         1373908677928784 c0  (video) ← 1373908677928784.mp4  → https://pub-893b4a6a607b4221a894bf861da7914e.r2.dev/1373908677928784.mp4
video-missing    1373908677928784 c0  (expected file not found in facebook/videos/pw-talk-2026-06-27)
carried-forward  2509145826184441 c0  → https://pub-893b4a6a607b4221a894bf861da7914e.r2.dev/2509145826184441.mp4
image-pending    1248192480570431 c0  (HANDOVER §8.5 — image handling not yet built)
carried-forward  2490566491402542 c0  → https://pub-893b4a6a607b4221a894bf861da7914e.r2.dev/2490566491402542.mp4
carried-forward  1343483664648943 c0  → https://pub-893b4a6a607b4221a894bf861da7914e.r2.dev/1343483664648943.mp4
carried-forward  1481417903730539 c0  → https://pub-893b4a6a607b4221a894bf861da7914e.r2.dev/1481417903730539.mp4
carried-forward  27245669081785604 c0  → https://pub-893b4a6a607b4221a894bf861da7914e.r2.dev/27245669081785604.mp4
carried-forward  1995190501114135 c0  → https://pub-893b4a6a607b4221a894bf861da7914e.r2.dev/1995190501114135.mp4
image-pending    2195122731268390 c0  (HANDOVER §8.5 — image handling not yet built)
carried-forward  996186669659412 c0  → https://pub-893b4a6a607b4221a894bf861da7914e.r2.dev/996186669659412.mp4
carried-forward  2408984296280626 c0  → https://pub-893b4a6a607b4221a894bf861da7914e.r2.dev/2408984296280626.mp4
image-pending    1530777085406777 c0  (HANDOVER §8.5 — image handling not yet built)
carried-forward  1017025177512749 c0  → https://pub-893b4a6a607b4221a894bf861da7914e.r2.dev/1017025177512749.mp4
carried-forward  1459063862660451 c0  → https://pub-893b4a6a607b4221a894bf861da7914e.r2.dev/1459063862660451.mp4
carried-forward  1364636219033957 c0  → https://pub-893b4a6a607b4221a894bf861da7914e.r2.dev/1364636219033957.mp4
video-missing    1364636219033957 c0  (expected file not found in facebook/videos/pw-talk-2026-06-27)
carried-forward  806385245772286 c0  → https://pub-893b4a6a607b4221a894bf861da7914e.r2.dev/806385245772286.mp4
image-pending    1044959517952597 c0  (HANDOVER §8.5 — image handling not yet built)
carried-forward  1500684418055839 c0  → https://pub-893b4a6a607b4221a894bf861da7914e.r2.dev/1500684418055839.mp4
carried-forward  1419619376634665 c0  → https://pub-893b4a6a607b4221a894bf861da7914e.r2.dev/1419619376634665.mp4
video-missing    1419619376634665 c0  (expected file not found in facebook/videos/pw-talk-2026-06-27)
video-missing    1419619376634665 c0  (expected file not found in facebook/videos/pw-talk-2026-06-27)
carried-forward  1744948076945550 c0  → https://pub-893b4a6a607b4221a894bf861da7914e.r2.dev/1744948076945550.mp4
carried-forward  1285399016659666 c0  → https://pub-893b4a6a607b4221a894bf861da7914e.r2.dev/1285399016659666.mp4
video-missing    1285399016659666 c0  (expected file not found in facebook/videos/pw-talk-2026-06-27)
carried-forward  1812131213254272 c0  → https://pub-893b4a6a607b4221a894bf861da7914e.r2.dev/1812131213254272.mp4
video-missing    1812131213254272 c0  (expected file not found in facebook/videos/pw-talk-2026-06-27)
carried-forward  1359488312753507 c0  → https://pub-893b4a6a607b4221a894bf861da7914e.r2.dev/1359488312753507.mp4
carried-forward  1021255273973673 c0  → https://pub-893b4a6a607b4221a894bf861da7914e.r2.dev/1021255273973673.mp4
carried-forward  939016588843645 c0  → https://pub-893b4a6a607b4221a894bf861da7914e.r2.dev/939016588843645.mp4
video-missing    939016588843645 c0  (expected file not found in facebook/videos/pw-talk-2026-06-27)
video-missing    939016588843645 c0  (expected file not found in facebook/videos/pw-talk-2026-06-27)
carried-forward  1739956290526598 c0  → https://pub-893b4a6a607b4221a894bf861da7914e.r2.dev/1739956290526598.mp4
carried-forward  1685794299537493 c0  → https://pub-893b4a6a607b4221a894bf861da7914e.r2.dev/1685794299537493.mp4
carried-forward  1002363505662165 c0  → https://pub-893b4a6a607b4221a894bf861da7914e.r2.dev/1002363505662165.mp4
carried-forward  1305202587874367 c0  → https://pub-893b4a6a607b4221a894bf861da7914e.r2.dev/1305202587874367.mp4
