# Step 3 run log
# competitor : speakx
# started_at : 2026-07-15T06:19:56
# input      : facebook/inputs/fb-ads-speakx-2026-07-15-0617.csv
# videos     : facebook/videos/speakx-2026-07-15
# master     : facebook/master/speakx.csv  (updated)
# enriched   : facebook/inputs/fb-ads-speakx-2026-07-15-0617_enriched.csv
# bucket     : video-ads
# public_base: https://pub-893b4a6a607b4221a894bf861da7914e.r2.dev
# dry_run    : False
#
# counts     : {'uploaded': 7, 'carried-forward': 140, 'image-pending': 16, 'video-missing': 25, 'no-creative': 0, 'error': 0}
#
carried-forward  2170232180187458 c0  → https://pub-893b4a6a607b4221a894bf861da7914e.r2.dev/2170232180187458.mp4
carried-forward  1676862793642995 c0  → https://pub-893b4a6a607b4221a894bf861da7914e.r2.dev/1676862793642995.mp4
carried-forward  1025654197054648 c0  → https://pub-893b4a6a607b4221a894bf861da7914e.r2.dev/1025654197054648.mp4
carried-forward  999797746202495 c0  → https://pub-893b4a6a607b4221a894bf861da7914e.r2.dev/999797746202495.mp4
carried-forward  1507220527751466 c0  → https://pub-893b4a6a607b4221a894bf861da7914e.r2.dev/1507220527751466.mp4
carried-forward  1962115631098937 c0  → https://pub-893b4a6a607b4221a894bf861da7914e.r2.dev/1962115631098937.mp4
carried-forward  1459744116192629 c0  → https://pub-893b4a6a607b4221a894bf861da7914e.r2.dev/1459744116192629.mp4
carried-forward  1006144355452513 c0  → https://pub-893b4a6a607b4221a894bf861da7914e.r2.dev/1006144355452513.mp4
carried-forward  1524280652525589 c0  → https://pub-893b4a6a607b4221a894bf861da7914e.r2.dev/1524280652525589.mp4
carried-forward  1314381756861108 c0  → https://pub-893b4a6a607b4221a894bf861da7914e.r2.dev/1314381756861108.mp4
carried-forward  997580799646263 c0  → https://pub-893b4a6a607b4221a894bf861da7914e.r2.dev/997580799646263.mp4
video-missing    997580799646263 c0  (expected file not found in facebook/videos/speakx-2026-07-15)
video-missing    997580799646263 c0  (expected file not found in facebook/videos/speakx-2026-07-15)
carried-forward  1573736987697228 c0  → https://pub-893b4a6a607b4221a894bf861da7914e.r2.dev/1573736987697228.mp4
carried-forward  1945091749524573 c0  → https://pub-893b4a6a607b4221a894bf861da7914e.r2.dev/1945091749524573.mp4
carried-forward  1544800664105521 c0  → https://pub-893b4a6a607b4221a894bf861da7914e.r2.dev/1544800664105521.mp4
carried-forward  1951806882141238 c0  → https://pub-893b4a6a607b4221a894bf861da7914e.r2.dev/1951806882141238.mp4
carried-forward  2556548328132117 c0  → https://pub-893b4a6a607b4221a894bf861da7914e.r2.dev/2556548328132117.mp4
carried-forward  982762464660618 c0  → https://pub-893b4a6a607b4221a894bf861da7914e.r2.dev/982762464660618.mp4
carried-forward  1008889414931118 c0  → https://pub-893b4a6a607b4221a894bf861da7914e.r2.dev/1008889414931118.mp4
carried-forward  1712870236507784 c0  → https://pub-893b4a6a607b4221a894bf861da7914e.r2.dev/1712870236507784.mp4
carried-forward  1663497831527377 c0  → https://pub-893b4a6a607b4221a894bf861da7914e.r2.dev/1663497831527377.mp4
carried-forward  1541795334197554 c0  → https://pub-893b4a6a607b4221a894bf861da7914e.r2.dev/1541795334197554.mp4
carried-forward  1335664508621430 c0  → https://pub-893b4a6a607b4221a894bf861da7914e.r2.dev/1335664508621430.mp4
carried-forward  1402822115240024 c0  → https://pub-893b4a6a607b4221a894bf861da7914e.r2.dev/1402822115240024.mp4
carried-forward  1271227128122015 c0  → https://pub-893b4a6a607b4221a894bf861da7914e.r2.dev/1271227128122015.mp4
carried-forward  878992604485262 c0  → https://pub-893b4a6a607b4221a894bf861da7914e.r2.dev/878992604485262.mp4
carried-forward  2277051736458243 c0  → https://pub-893b4a6a607b4221a894bf861da7914e.r2.dev/2277051736458243.mp4
carried-forward  1549778223524414 c0  → https://pub-893b4a6a607b4221a894bf861da7914e.r2.dev/1549778223524414.mp4
carried-forward  2085674658961809 c0  → https://pub-893b4a6a607b4221a894bf861da7914e.r2.dev/2085674658961809.mp4
carried-forward  1319070990377407 c0  → https://pub-893b4a6a607b4221a894bf861da7914e.r2.dev/1319070990377407.mp4
carried-forward  1024972506819768 c0  → https://pub-893b4a6a607b4221a894bf861da7914e.r2.dev/1024972506819768.mp4
carried-forward  1553179199937865 c0  → https://pub-893b4a6a607b4221a894bf861da7914e.r2.dev/1553179199937865.mp4
carried-forward  1579824307032138 c0  → https://pub-893b4a6a607b4221a894bf861da7914e.r2.dev/1579824307032138.mp4
carried-forward  2493959911111238 c0  → https://pub-893b4a6a607b4221a894bf861da7914e.r2.dev/2493959911111238.mp4
video-missing    2493959911111238 c0  (expected file not found in facebook/videos/speakx-2026-07-15)
carried-forward  1748068816627011 c0  → https://pub-893b4a6a607b4221a894bf861da7914e.r2.dev/1748068816627011.mp4
carried-forward  1612981090248047 c0  → https://pub-893b4a6a607b4221a894bf861da7914e.r2.dev/1612981090248047.mp4
carried-forward  2177042646483754 c0  → https://pub-893b4a6a607b4221a894bf861da7914e.r2.dev/2177042646483754.mp4
carried-forward  1603255194920353 c0  → https://pub-893b4a6a607b4221a894bf861da7914e.r2.dev/1603255194920353.mp4
carried-forward  1503815247634703 c0  → https://pub-893b4a6a607b4221a894bf861da7914e.r2.dev/1503815247634703.mp4
carried-forward  1606161311081490 c0  → https://pub-893b4a6a607b4221a894bf861da7914e.r2.dev/1606161311081490.mp4
carried-forward  2548048525626662 c0  → https://pub-893b4a6a607b4221a894bf861da7914e.r2.dev/2548048525626662.mp4
carried-forward  1528983802208134 c0  → https://pub-893b4a6a607b4221a894bf861da7914e.r2.dev/1528983802208134.mp4
carried-forward  2431019154040799 c0  → https://pub-893b4a6a607b4221a894bf861da7914e.r2.dev/2431019154040799.mp4
carried-forward  1718754532619881 c0  → https://pub-893b4a6a607b4221a894bf861da7914e.r2.dev/1718754532619881.mp4
carried-forward  1911617969511435 c0  → https://pub-893b4a6a607b4221a894bf861da7914e.r2.dev/1911617969511435.mp4
carried-forward  2445266529284122 c0  → https://pub-893b4a6a607b4221a894bf861da7914e.r2.dev/2445266529284122.mp4
carried-forward  2055225678395208 c0  → https://pub-893b4a6a607b4221a894bf861da7914e.r2.dev/2055225678395208.mp4
carried-forward  1030442616045657 c0  → https://pub-893b4a6a607b4221a894bf861da7914e.r2.dev/1030442616045657.mp4
carried-forward  1387399283411233 c0  → https://pub-893b4a6a607b4221a894bf861da7914e.r2.dev/1387399283411233.mp4
carried-forward  979397888269297 c0  → https://pub-893b4a6a607b4221a894bf861da7914e.r2.dev/979397888269297.mp4
carried-forward  993366446988196 c0  → https://pub-893b4a6a607b4221a894bf861da7914e.r2.dev/993366446988196.mp4
carried-forward  1390995239748223 c0  → https://pub-893b4a6a607b4221a894bf861da7914e.r2.dev/1390995239748223.mp4
carried-forward  2541274646337890 c0  → https://pub-893b4a6a607b4221a894bf861da7914e.r2.dev/2541274646337890.mp4
carried-forward  1317357846423381 c0  → https://pub-893b4a6a607b4221a894bf861da7914e.r2.dev/1317357846423381.mp4
carried-forward  1030440172717015 c0  → https://pub-893b4a6a607b4221a894bf861da7914e.r2.dev/1030440172717015.mp4
carried-forward  2979110629115345 c0  → https://pub-893b4a6a607b4221a894bf861da7914e.r2.dev/2979110629115345.mp4
carried-forward  1748954446342276 c0  → https://pub-893b4a6a607b4221a894bf861da7914e.r2.dev/1748954446342276.mp4
carried-forward  4304356203209733 c0  → https://pub-893b4a6a607b4221a894bf861da7914e.r2.dev/4304356203209733.mp4
carried-forward  1710759870250423 c0  → https://pub-893b4a6a607b4221a894bf861da7914e.r2.dev/1710759870250423.mp4
carried-forward  1019027777130898 c0  → https://pub-893b4a6a607b4221a894bf861da7914e.r2.dev/1019027777130898.mp4
carried-forward  1888179688562464 c0  → https://pub-893b4a6a607b4221a894bf861da7914e.r2.dev/1888179688562464.mp4
carried-forward  2064798011081043 c0  → https://pub-893b4a6a607b4221a894bf861da7914e.r2.dev/2064798011081043.mp4
carried-forward  1316777246578170 c0  → https://pub-893b4a6a607b4221a894bf861da7914e.r2.dev/1316777246578170.mp4
carried-forward  2203126280543270 c0  → https://pub-893b4a6a607b4221a894bf861da7914e.r2.dev/2203126280543270.mp4
carried-forward  1035062932251478 c0  → https://pub-893b4a6a607b4221a894bf861da7914e.r2.dev/1035062932251478.mp4
carried-forward  1008071835310409 c0  → https://pub-893b4a6a607b4221a894bf861da7914e.r2.dev/1008071835310409.mp4
carried-forward  1048333250872687 c0  → https://pub-893b4a6a607b4221a894bf861da7914e.r2.dev/1048333250872687.mp4
video-missing    1048333250872687 c0  (expected file not found in facebook/videos/speakx-2026-07-15)
carried-forward  1755985579113125 c0  → https://pub-893b4a6a607b4221a894bf861da7914e.r2.dev/1755985579113125.mp4
carried-forward  3194390794101462 c0  → https://pub-893b4a6a607b4221a894bf861da7914e.r2.dev/3194390794101462.mp4
carried-forward  1362890869132799 c0  → https://pub-893b4a6a607b4221a894bf861da7914e.r2.dev/1362890869132799.mp4
carried-forward  3417319231779287 c0  → https://pub-893b4a6a607b4221a894bf861da7914e.r2.dev/3417319231779287.mp4
carried-forward  880180717685885 c0  → https://pub-893b4a6a607b4221a894bf861da7914e.r2.dev/880180717685885.mp4
carried-forward  1350966316920951 c0  → https://pub-893b4a6a607b4221a894bf861da7914e.r2.dev/1350966316920951.mp4
carried-forward  27229193570063215 c0  → https://pub-893b4a6a607b4221a894bf861da7914e.r2.dev/27229193570063215.mp4
carried-forward  873618651754187 c0  → https://pub-893b4a6a607b4221a894bf861da7914e.r2.dev/873618651754187.mp4
carried-forward  1018420804497050 c0  → https://pub-893b4a6a607b4221a894bf861da7914e.r2.dev/1018420804497050.mp4
carried-forward  1002226199188311 c0  → https://pub-893b4a6a607b4221a894bf861da7914e.r2.dev/1002226199188311.mp4
carried-forward  1017961491189825 c0  → https://pub-893b4a6a607b4221a894bf861da7914e.r2.dev/1017961491189825.mp4
carried-forward  1724422962333351 c0  → https://pub-893b4a6a607b4221a894bf861da7914e.r2.dev/1724422962333351.mp4
carried-forward  1359996982637929 c0  → https://pub-893b4a6a607b4221a894bf861da7914e.r2.dev/1359996982637929.mp4
image-pending    1028571596228151 c0  (HANDOVER §8.5 — image handling not yet built)
carried-forward  872479192551236 c0  → https://pub-893b4a6a607b4221a894bf861da7914e.r2.dev/872479192551236.mp4
uploaded         1021003247501595 c0  (video) ← 1021003247501595.mp4  → https://pub-893b4a6a607b4221a894bf861da7914e.r2.dev/1021003247501595.mp4
carried-forward  998521345905657 c0  → https://pub-893b4a6a607b4221a894bf861da7914e.r2.dev/998521345905657.mp4
carried-forward  1018266577731610 c0  → https://pub-893b4a6a607b4221a894bf861da7914e.r2.dev/1018266577731610.mp4
carried-forward  1474482837766143 c0  → https://pub-893b4a6a607b4221a894bf861da7914e.r2.dev/1474482837766143.mp4
uploaded         1580695847023745 c0  (video) ← 1580695847023745.mp4  → https://pub-893b4a6a607b4221a894bf861da7914e.r2.dev/1580695847023745.mp4
carried-forward  1620624462822052 c0  → https://pub-893b4a6a607b4221a894bf861da7914e.r2.dev/1620624462822052.mp4
image-pending    1545016926970763 c0  (HANDOVER §8.5 — image handling not yet built)
image-pending    1545016926970763 c0  (HANDOVER §8.5 — image handling not yet built)
carried-forward  1530495967917146 c0  → https://pub-893b4a6a607b4221a894bf861da7914e.r2.dev/1530495967917146.mp4
carried-forward  2071191783775784 c0  → https://pub-893b4a6a607b4221a894bf861da7914e.r2.dev/2071191783775784.mp4
carried-forward  1513879384084872 c0  → https://pub-893b4a6a607b4221a894bf861da7914e.r2.dev/1513879384084872.mp4
image-pending    1355918086631670 c0  (HANDOVER §8.5 — image handling not yet built)
image-pending    1355918086631670 c0  (HANDOVER §8.5 — image handling not yet built)
carried-forward  1027328636938020 c0  → https://pub-893b4a6a607b4221a894bf861da7914e.r2.dev/1027328636938020.mp4
carried-forward  2576560662796293 c0  → https://pub-893b4a6a607b4221a894bf861da7914e.r2.dev/2576560662796293.mp4
carried-forward  2546085119143678 c0  → https://pub-893b4a6a607b4221a894bf861da7914e.r2.dev/2546085119143678.mp4
carried-forward  1349410449900531 c0  → https://pub-893b4a6a607b4221a894bf861da7914e.r2.dev/1349410449900531.mp4
image-pending    1042478948739321 c0  (HANDOVER §8.5 — image handling not yet built)
image-pending    1042478948739321 c0  (HANDOVER §8.5 — image handling not yet built)
carried-forward  1704786630849293 c0  → https://pub-893b4a6a607b4221a894bf861da7914e.r2.dev/1704786630849293.mp4
video-missing    1704786630849293 c0  (expected file not found in facebook/videos/speakx-2026-07-15)
video-missing    1704786630849293 c0  (expected file not found in facebook/videos/speakx-2026-07-15)
video-missing    1704786630849293 c0  (expected file not found in facebook/videos/speakx-2026-07-15)
image-pending    1514130699917175 c0  (HANDOVER §8.5 — image handling not yet built)
image-pending    1514130699917175 c0  (HANDOVER §8.5 — image handling not yet built)
carried-forward  4396039874003966 c0  → https://pub-893b4a6a607b4221a894bf861da7914e.r2.dev/4396039874003966.mp4
video-missing    4396039874003966 c0  (expected file not found in facebook/videos/speakx-2026-07-15)
video-missing    4396039874003966 c0  (expected file not found in facebook/videos/speakx-2026-07-15)
carried-forward  994115556784219 c0  → https://pub-893b4a6a607b4221a894bf861da7914e.r2.dev/994115556784219.mp4
video-missing    994115556784219 c0  (expected file not found in facebook/videos/speakx-2026-07-15)
video-missing    994115556784219 c0  (expected file not found in facebook/videos/speakx-2026-07-15)
carried-forward  1514823886522189 c0  → https://pub-893b4a6a607b4221a894bf861da7914e.r2.dev/1514823886522189.mp4
video-missing    1514823886522189 c0  (expected file not found in facebook/videos/speakx-2026-07-15)
video-missing    1514823886522189 c0  (expected file not found in facebook/videos/speakx-2026-07-15)
carried-forward  1980734699307088 c0  → https://pub-893b4a6a607b4221a894bf861da7914e.r2.dev/1980734699307088.mp4
video-missing    1980734699307088 c0  (expected file not found in facebook/videos/speakx-2026-07-15)
video-missing    1980734699307088 c0  (expected file not found in facebook/videos/speakx-2026-07-15)
carried-forward  1708327897965161 c0  → https://pub-893b4a6a607b4221a894bf861da7914e.r2.dev/1708327897965161.mp4
video-missing    1708327897965161 c0  (expected file not found in facebook/videos/speakx-2026-07-15)
video-missing    1708327897965161 c0  (expected file not found in facebook/videos/speakx-2026-07-15)
carried-forward  1348187480589319 c0  → https://pub-893b4a6a607b4221a894bf861da7914e.r2.dev/1348187480589319.mp4
video-missing    1348187480589319 c0  (expected file not found in facebook/videos/speakx-2026-07-15)
carried-forward  1036413095395358 c0  → https://pub-893b4a6a607b4221a894bf861da7914e.r2.dev/1036413095395358.mp4
video-missing    1036413095395358 c0  (expected file not found in facebook/videos/speakx-2026-07-15)
image-pending    1023590177073076 c0  (HANDOVER §8.5 — image handling not yet built)
image-pending    1023590177073076 c0  (HANDOVER §8.5 — image handling not yet built)
carried-forward  1766475954768825 c0  → https://pub-893b4a6a607b4221a894bf861da7914e.r2.dev/1766475954768825.mp4
carried-forward  2721403284920040 c0  → https://pub-893b4a6a607b4221a894bf861da7914e.r2.dev/2721403284920040.mp4
video-missing    2721403284920040 c0  (expected file not found in facebook/videos/speakx-2026-07-15)
carried-forward  1022358740389325 c0  → https://pub-893b4a6a607b4221a894bf861da7914e.r2.dev/1022358740389325.mp4
carried-forward  1059656459751703 c0  → https://pub-893b4a6a607b4221a894bf861da7914e.r2.dev/1059656459751703.mp4
carried-forward  1005519279030758 c0  → https://pub-893b4a6a607b4221a894bf861da7914e.r2.dev/1005519279030758.mp4
carried-forward  3378809785632828 c0  → https://pub-893b4a6a607b4221a894bf861da7914e.r2.dev/3378809785632828.mp4
carried-forward  1346725010320044 c0  → https://pub-893b4a6a607b4221a894bf861da7914e.r2.dev/1346725010320044.mp4
carried-forward  3178604612344293 c0  → https://pub-893b4a6a607b4221a894bf861da7914e.r2.dev/3178604612344293.mp4
carried-forward  4273130982904372 c0  → https://pub-893b4a6a607b4221a894bf861da7914e.r2.dev/4273130982904372.mp4
carried-forward  1005881575407302 c0  → https://pub-893b4a6a607b4221a894bf861da7914e.r2.dev/1005881575407302.mp4
carried-forward  1347782843412789 c0  → https://pub-893b4a6a607b4221a894bf861da7914e.r2.dev/1347782843412789.mp4
carried-forward  1393428569356226 c0  → https://pub-893b4a6a607b4221a894bf861da7914e.r2.dev/1393428569356226.mp4
carried-forward  2171555343625309 c0  → https://pub-893b4a6a607b4221a894bf861da7914e.r2.dev/2171555343625309.mp4
carried-forward  1744985810173912 c0  → https://pub-893b4a6a607b4221a894bf861da7914e.r2.dev/1744985810173912.mp4
carried-forward  1724908168843048 c0  → https://pub-893b4a6a607b4221a894bf861da7914e.r2.dev/1724908168843048.mp4
carried-forward  1593452458915653 c0  → https://pub-893b4a6a607b4221a894bf861da7914e.r2.dev/1593452458915653.mp4
carried-forward  1020757694018351 c0  → https://pub-893b4a6a607b4221a894bf861da7914e.r2.dev/1020757694018351.mp4
carried-forward  1346628600905762 c0  → https://pub-893b4a6a607b4221a894bf861da7914e.r2.dev/1346628600905762.mp4
carried-forward  1665421797895611 c0  → https://pub-893b4a6a607b4221a894bf861da7914e.r2.dev/1665421797895611.mp4
carried-forward  778207355354204 c0  → https://pub-893b4a6a607b4221a894bf861da7914e.r2.dev/778207355354204.mp4
carried-forward  1032087992996376 c0  → https://pub-893b4a6a607b4221a894bf861da7914e.r2.dev/1032087992996376.mp4
carried-forward  1739863243702041 c0  → https://pub-893b4a6a607b4221a894bf861da7914e.r2.dev/1739863243702041.mp4
image-pending    1684648989531977 c0  (HANDOVER §8.5 — image handling not yet built)
carried-forward  1010875421567269 c0  → https://pub-893b4a6a607b4221a894bf861da7914e.r2.dev/1010875421567269.mp4
carried-forward  1717988749231493 c0  → https://pub-893b4a6a607b4221a894bf861da7914e.r2.dev/1717988749231493.mp4
carried-forward  4546749738933960 c0  → https://pub-893b4a6a607b4221a894bf861da7914e.r2.dev/4546749738933960.mp4
carried-forward  1583946576480802 c0  → https://pub-893b4a6a607b4221a894bf861da7914e.r2.dev/1583946576480802.mp4
video-missing    1583946576480802 c0  (expected file not found in facebook/videos/speakx-2026-07-15)
carried-forward  1011100428413905 c0  → https://pub-893b4a6a607b4221a894bf861da7914e.r2.dev/1011100428413905.mp4
carried-forward  2182240635899731 c0  → https://pub-893b4a6a607b4221a894bf861da7914e.r2.dev/2182240635899731.mp4
uploaded         1826638481804963 c0  (video) ← 1826638481804963.mp4  → https://pub-893b4a6a607b4221a894bf861da7914e.r2.dev/1826638481804963.mp4
carried-forward  1067924226183052 c0  → https://pub-893b4a6a607b4221a894bf861da7914e.r2.dev/1067924226183052.mp4
uploaded         1560949138777533 c0  (video) ← 1560949138777533.mp4  → https://pub-893b4a6a607b4221a894bf861da7914e.r2.dev/1560949138777533.mp4
carried-forward  928023739697992 c0  → https://pub-893b4a6a607b4221a894bf861da7914e.r2.dev/928023739697992.mp4
carried-forward  2475443019600562 c0  → https://pub-893b4a6a607b4221a894bf861da7914e.r2.dev/2475443019600562.mp4
carried-forward  1048673554168865 c0  → https://pub-893b4a6a607b4221a894bf861da7914e.r2.dev/1048673554168865.mp4
carried-forward  859044913676463 c0  → https://pub-893b4a6a607b4221a894bf861da7914e.r2.dev/859044913676463.mp4
carried-forward  4469593953288868 c0  → https://pub-893b4a6a607b4221a894bf861da7914e.r2.dev/4469593953288868.mp4
carried-forward  1391248272883164 c0  → https://pub-893b4a6a607b4221a894bf861da7914e.r2.dev/1391248272883164.mp4
uploaded         1646077303571522 c0  (video) ← 1646077303571522.mp4  → https://pub-893b4a6a607b4221a894bf861da7914e.r2.dev/1646077303571522.mp4
carried-forward  1065182379367436 c0  → https://pub-893b4a6a607b4221a894bf861da7914e.r2.dev/1065182379367436.mp4
image-pending    1319774340279303 c0  (HANDOVER §8.5 — image handling not yet built)
image-pending    1319774340279303 c0  (HANDOVER §8.5 — image handling not yet built)
carried-forward  1739479963750989 c0  → https://pub-893b4a6a607b4221a894bf861da7914e.r2.dev/1739479963750989.mp4
video-missing    1739479963750989 c0  (expected file not found in facebook/videos/speakx-2026-07-15)
uploaded         1340248171507964 c0  (video) ← 1340248171507964.mp4  → https://pub-893b4a6a607b4221a894bf861da7914e.r2.dev/1340248171507964.mp4
uploaded         1346164564272776 c0  (video) ← 1346164564272776.mp4  → https://pub-893b4a6a607b4221a894bf861da7914e.r2.dev/1346164564272776.mp4
carried-forward  1055778470214518 c0  → https://pub-893b4a6a607b4221a894bf861da7914e.r2.dev/1055778470214518.mp4
carried-forward  1340007950958225 c0  → https://pub-893b4a6a607b4221a894bf861da7914e.r2.dev/1340007950958225.mp4
video-missing    1340007950958225 c0  (expected file not found in facebook/videos/speakx-2026-07-15)
carried-forward  1534744628291389 c0  → https://pub-893b4a6a607b4221a894bf861da7914e.r2.dev/1534744628291389.mp4
video-missing    1534744628291389 c0  (expected file not found in facebook/videos/speakx-2026-07-15)
carried-forward  1018301297462586 c0  → https://pub-893b4a6a607b4221a894bf861da7914e.r2.dev/1018301297462586.mp4
video-missing    1018301297462586 c0  (expected file not found in facebook/videos/speakx-2026-07-15)
image-pending    1034269619292360 c0  (HANDOVER §8.5 — image handling not yet built)
image-pending    1034269619292360 c0  (HANDOVER §8.5 — image handling not yet built)
