# Step 3 run log
# competitor : speakx
# started_at : 2026-07-02T06:17:21
# input      : facebook/inputs/fb-ads-speakx-2026-07-02-0615.csv
# videos     : facebook/videos/speakx-2026-07-02
# master     : facebook/master/speakx.csv  (updated)
# enriched   : facebook/inputs/fb-ads-speakx-2026-07-02-0615_enriched.csv
# bucket     : video-ads
# public_base: https://pub-893b4a6a607b4221a894bf861da7914e.r2.dev
# dry_run    : False
#
# counts     : {'uploaded': 0, 'carried-forward': 165, 'image-pending': 8, 'video-missing': 5, 'no-creative': 0, 'error': 0}
#
carried-forward  4317358591866176 c0  → https://pub-893b4a6a607b4221a894bf861da7914e.r2.dev/4317358591866176.mp4
carried-forward  1384462390164703 c0  → https://pub-893b4a6a607b4221a894bf861da7914e.r2.dev/1384462390164703.mp4
carried-forward  26844394018563524 c0  → https://pub-893b4a6a607b4221a894bf861da7914e.r2.dev/26844394018563524.mp4
carried-forward  1676862793642995 c0  → https://pub-893b4a6a607b4221a894bf861da7914e.r2.dev/1676862793642995.mp4
carried-forward  2939848399741782 c0  → https://pub-893b4a6a607b4221a894bf861da7914e.r2.dev/2939848399741782.mp4
carried-forward  36517908114474049 c0  → https://pub-893b4a6a607b4221a894bf861da7914e.r2.dev/36517908114474049.mp4
carried-forward  1361741085811598 c0  → https://pub-893b4a6a607b4221a894bf861da7914e.r2.dev/1361741085811598.mp4
carried-forward  1011020231314440 c0  → https://pub-893b4a6a607b4221a894bf861da7914e.r2.dev/1011020231314440.mp4
carried-forward  1760213275136486 c0  → https://pub-893b4a6a607b4221a894bf861da7914e.r2.dev/1760213275136486.mp4
carried-forward  1006132832418897 c0  → https://pub-893b4a6a607b4221a894bf861da7914e.r2.dev/1006132832418897.mp4
carried-forward  1507220527751466 c0  → https://pub-893b4a6a607b4221a894bf861da7914e.r2.dev/1507220527751466.mp4
carried-forward  1519722763280163 c0  → https://pub-893b4a6a607b4221a894bf861da7914e.r2.dev/1519722763280163.mp4
video-missing    1519722763280163 c0  (expected file not found in facebook/videos/speakx-2026-07-02)
carried-forward  1306104707759795 c0  → https://pub-893b4a6a607b4221a894bf861da7914e.r2.dev/1306104707759795.mp4
video-missing    1306104707759795 c0  (expected file not found in facebook/videos/speakx-2026-07-02)
carried-forward  842042471990963 c0  → https://pub-893b4a6a607b4221a894bf861da7914e.r2.dev/842042471990963.mp4
carried-forward  2504659850014715 c0  → https://pub-893b4a6a607b4221a894bf861da7914e.r2.dev/2504659850014715.mp4
carried-forward  1962115631098937 c0  → https://pub-893b4a6a607b4221a894bf861da7914e.r2.dev/1962115631098937.mp4
carried-forward  2245758992828721 c0  → https://pub-893b4a6a607b4221a894bf861da7914e.r2.dev/2245758992828721.mp4
carried-forward  1025654197054648 c0  → https://pub-893b4a6a607b4221a894bf861da7914e.r2.dev/1025654197054648.mp4
carried-forward  1362944402569298 c0  → https://pub-893b4a6a607b4221a894bf861da7914e.r2.dev/1362944402569298.mp4
carried-forward  1541795334197554 c0  → https://pub-893b4a6a607b4221a894bf861da7914e.r2.dev/1541795334197554.mp4
video-missing    1541795334197554 c0  (expected file not found in facebook/videos/speakx-2026-07-02)
carried-forward  975868448384290 c0  → https://pub-893b4a6a607b4221a894bf861da7914e.r2.dev/975868448384290.mp4
carried-forward  4080095702285014 c0  → https://pub-893b4a6a607b4221a894bf861da7914e.r2.dev/4080095702285014.mp4
video-missing    4080095702285014 c0  (expected file not found in facebook/videos/speakx-2026-07-02)
carried-forward  1811089719867101 c0  → https://pub-893b4a6a607b4221a894bf861da7914e.r2.dev/1811089719867101.mp4
carried-forward  1631437637912562 c0  → https://pub-893b4a6a607b4221a894bf861da7914e.r2.dev/1631437637912562.mp4
carried-forward  1646829209907293 c0  → https://pub-893b4a6a607b4221a894bf861da7914e.r2.dev/1646829209907293.mp4
carried-forward  1656371092252840 c0  → https://pub-893b4a6a607b4221a894bf861da7914e.r2.dev/1656371092252840.mp4
carried-forward  962644176775840 c0  → https://pub-893b4a6a607b4221a894bf861da7914e.r2.dev/962644176775840.mp4
carried-forward  878992604485262 c0  → https://pub-893b4a6a607b4221a894bf861da7914e.r2.dev/878992604485262.mp4
carried-forward  1008889414931118 c0  → https://pub-893b4a6a607b4221a894bf861da7914e.r2.dev/1008889414931118.mp4
carried-forward  1991706455067992 c0  → https://pub-893b4a6a607b4221a894bf861da7914e.r2.dev/1991706455067992.mp4
carried-forward  1573736987697228 c0  → https://pub-893b4a6a607b4221a894bf861da7914e.r2.dev/1573736987697228.mp4
carried-forward  27039326735676879 c0  → https://pub-893b4a6a607b4221a894bf861da7914e.r2.dev/27039326735676879.mp4
carried-forward  1712870236507784 c0  → https://pub-893b4a6a607b4221a894bf861da7914e.r2.dev/1712870236507784.mp4
carried-forward  1544800664105521 c0  → https://pub-893b4a6a607b4221a894bf861da7914e.r2.dev/1544800664105521.mp4
carried-forward  1681625439656874 c0  → https://pub-893b4a6a607b4221a894bf861da7914e.r2.dev/1681625439656874.mp4
carried-forward  2289248188147929 c0  → https://pub-893b4a6a607b4221a894bf861da7914e.r2.dev/2289248188147929.mp4
video-missing    2289248188147929 c0  (expected file not found in facebook/videos/speakx-2026-07-02)
carried-forward  1271227128122015 c0  → https://pub-893b4a6a607b4221a894bf861da7914e.r2.dev/1271227128122015.mp4
carried-forward  1030329693015754 c0  → https://pub-893b4a6a607b4221a894bf861da7914e.r2.dev/1030329693015754.mp4
carried-forward  1459744116192629 c0  → https://pub-893b4a6a607b4221a894bf861da7914e.r2.dev/1459744116192629.mp4
carried-forward  3689448171208985 c0  → https://pub-893b4a6a607b4221a894bf861da7914e.r2.dev/3689448171208985.mp4
carried-forward  1351262990299594 c0  → https://pub-893b4a6a607b4221a894bf861da7914e.r2.dev/1351262990299594.mp4
carried-forward  928672226847609 c0  → https://pub-893b4a6a607b4221a894bf861da7914e.r2.dev/928672226847609.mp4
carried-forward  880190364528542 c0  → https://pub-893b4a6a607b4221a894bf861da7914e.r2.dev/880190364528542.mp4
carried-forward  1945091749524573 c0  → https://pub-893b4a6a607b4221a894bf861da7914e.r2.dev/1945091749524573.mp4
carried-forward  918355924593292 c0  → https://pub-893b4a6a607b4221a894bf861da7914e.r2.dev/918355924593292.mp4
carried-forward  1883151975705319 c0  → https://pub-893b4a6a607b4221a894bf861da7914e.r2.dev/1883151975705319.mp4
carried-forward  1708004703678900 c0  → https://pub-893b4a6a607b4221a894bf861da7914e.r2.dev/1708004703678900.mp4
carried-forward  1553179199937865 c0  → https://pub-893b4a6a607b4221a894bf861da7914e.r2.dev/1553179199937865.mp4
carried-forward  2177042646483754 c0  → https://pub-893b4a6a607b4221a894bf861da7914e.r2.dev/2177042646483754.mp4
carried-forward  1748068816627011 c0  → https://pub-893b4a6a607b4221a894bf861da7914e.r2.dev/1748068816627011.mp4
carried-forward  1406313074589852 c0  → https://pub-893b4a6a607b4221a894bf861da7914e.r2.dev/1406313074589852.mp4
carried-forward  878652348591010 c0  → https://pub-893b4a6a607b4221a894bf861da7914e.r2.dev/878652348591010.mp4
carried-forward  1543328573849703 c0  → https://pub-893b4a6a607b4221a894bf861da7914e.r2.dev/1543328573849703.mp4
carried-forward  2556548328132117 c0  → https://pub-893b4a6a607b4221a894bf861da7914e.r2.dev/2556548328132117.mp4
carried-forward  1335664508621430 c0  → https://pub-893b4a6a607b4221a894bf861da7914e.r2.dev/1335664508621430.mp4
carried-forward  817247541325649 c0  → https://pub-893b4a6a607b4221a894bf861da7914e.r2.dev/817247541325649.mp4
carried-forward  1559092795653919 c0  → https://pub-893b4a6a607b4221a894bf861da7914e.r2.dev/1559092795653919.mp4
carried-forward  1528983802208134 c0  → https://pub-893b4a6a607b4221a894bf861da7914e.r2.dev/1528983802208134.mp4
carried-forward  2041460689911312 c0  → https://pub-893b4a6a607b4221a894bf861da7914e.r2.dev/2041460689911312.mp4
carried-forward  2085674658961809 c0  → https://pub-893b4a6a607b4221a894bf861da7914e.r2.dev/2085674658961809.mp4
carried-forward  982762464660618 c0  → https://pub-893b4a6a607b4221a894bf861da7914e.r2.dev/982762464660618.mp4
carried-forward  1951806882141238 c0  → https://pub-893b4a6a607b4221a894bf861da7914e.r2.dev/1951806882141238.mp4
carried-forward  3239172676273214 c0  → https://pub-893b4a6a607b4221a894bf861da7914e.r2.dev/3239172676273214.mp4
carried-forward  1502176517809162 c0  → https://pub-893b4a6a607b4221a894bf861da7914e.r2.dev/1502176517809162.mp4
carried-forward  1035880228803854 c0  → https://pub-893b4a6a607b4221a894bf861da7914e.r2.dev/1035880228803854.mp4
carried-forward  1784390322973469 c0  → https://pub-893b4a6a607b4221a894bf861da7914e.r2.dev/1784390322973469.mp4
carried-forward  2380382949113659 c0  → https://pub-893b4a6a607b4221a894bf861da7914e.r2.dev/2380382949113659.mp4
carried-forward  1524280652525589 c0  → https://pub-893b4a6a607b4221a894bf861da7914e.r2.dev/1524280652525589.mp4
carried-forward  1663497831527377 c0  → https://pub-893b4a6a607b4221a894bf861da7914e.r2.dev/1663497831527377.mp4
carried-forward  2277051736458243 c0  → https://pub-893b4a6a607b4221a894bf861da7914e.r2.dev/2277051736458243.mp4
carried-forward  824616770475280 c0  → https://pub-893b4a6a607b4221a894bf861da7914e.r2.dev/824616770475280.mp4
carried-forward  1718754532619881 c0  → https://pub-893b4a6a607b4221a894bf861da7914e.r2.dev/1718754532619881.mp4
carried-forward  1519137703335884 c0  → https://pub-893b4a6a607b4221a894bf861da7914e.r2.dev/1519137703335884.mp4
carried-forward  2174385197293200 c0  → https://pub-893b4a6a607b4221a894bf861da7914e.r2.dev/2174385197293200.mp4
carried-forward  2087931068421187 c0  → https://pub-893b4a6a607b4221a894bf861da7914e.r2.dev/2087931068421187.mp4
carried-forward  27527127623617244 c0  → https://pub-893b4a6a607b4221a894bf861da7914e.r2.dev/27527127623617244.mp4
carried-forward  2215935059244884 c0  → https://pub-893b4a6a607b4221a894bf861da7914e.r2.dev/2215935059244884.mp4
carried-forward  1312620537668127 c0  → https://pub-893b4a6a607b4221a894bf861da7914e.r2.dev/1312620537668127.mp4
carried-forward  1409116061125049 c0  → https://pub-893b4a6a607b4221a894bf861da7914e.r2.dev/1409116061125049.mp4
carried-forward  2055225678395208 c0  → https://pub-893b4a6a607b4221a894bf861da7914e.r2.dev/2055225678395208.mp4
carried-forward  1730346694625329 c0  → https://pub-893b4a6a607b4221a894bf861da7914e.r2.dev/1730346694625329.mp4
carried-forward  2445266529284122 c0  → https://pub-893b4a6a607b4221a894bf861da7914e.r2.dev/2445266529284122.mp4
carried-forward  1549778223524414 c0  → https://pub-893b4a6a607b4221a894bf861da7914e.r2.dev/1549778223524414.mp4
carried-forward  1665305344789047 c0  → https://pub-893b4a6a607b4221a894bf861da7914e.r2.dev/1665305344789047.mp4
carried-forward  1007530385081900 c0  → https://pub-893b4a6a607b4221a894bf861da7914e.r2.dev/1007530385081900.mp4
carried-forward  1264955088855948 c0  → https://pub-893b4a6a607b4221a894bf861da7914e.r2.dev/1264955088855948.mp4
carried-forward  2027539371487379 c0  → https://pub-893b4a6a607b4221a894bf861da7914e.r2.dev/2027539371487379.mp4
carried-forward  1319070990377407 c0  → https://pub-893b4a6a607b4221a894bf861da7914e.r2.dev/1319070990377407.mp4
carried-forward  975392855199734 c0  → https://pub-893b4a6a607b4221a894bf861da7914e.r2.dev/975392855199734.mp4
carried-forward  1387399283411233 c0  → https://pub-893b4a6a607b4221a894bf861da7914e.r2.dev/1387399283411233.mp4
carried-forward  1339557674759234 c0  → https://pub-893b4a6a607b4221a894bf861da7914e.r2.dev/1339557674759234.mp4
carried-forward  983503630938689 c0  → https://pub-893b4a6a607b4221a894bf861da7914e.r2.dev/983503630938689.mp4
carried-forward  1019502594165977 c0  → https://pub-893b4a6a607b4221a894bf861da7914e.r2.dev/1019502594165977.mp4
carried-forward  1306274787895707 c0  → https://pub-893b4a6a607b4221a894bf861da7914e.r2.dev/1306274787895707.mp4
carried-forward  1751381559566795 c0  → https://pub-893b4a6a607b4221a894bf861da7914e.r2.dev/1751381559566795.mp4
carried-forward  36389016304045469 c0  → https://pub-893b4a6a607b4221a894bf861da7914e.r2.dev/36389016304045469.mp4
carried-forward  1005340095418175 c0  → https://pub-893b4a6a607b4221a894bf861da7914e.r2.dev/1005340095418175.mp4
carried-forward  1537332977762360 c0  → https://pub-893b4a6a607b4221a894bf861da7914e.r2.dev/1537332977762360.mp4
carried-forward  2852148961823035 c0  → https://pub-893b4a6a607b4221a894bf861da7914e.r2.dev/2852148961823035.mp4
carried-forward  1592549529173067 c0  → https://pub-893b4a6a607b4221a894bf861da7914e.r2.dev/1592549529173067.mp4
carried-forward  1575691400787331 c0  → https://pub-893b4a6a607b4221a894bf861da7914e.r2.dev/1575691400787331.mp4
carried-forward  1812790096772217 c0  → https://pub-893b4a6a607b4221a894bf861da7914e.r2.dev/1812790096772217.mp4
carried-forward  1362392719184469 c0  → https://pub-893b4a6a607b4221a894bf861da7914e.r2.dev/1362392719184469.mp4
carried-forward  1628053695325535 c0  → https://pub-893b4a6a607b4221a894bf861da7914e.r2.dev/1628053695325535.mp4
carried-forward  1030440172717015 c0  → https://pub-893b4a6a607b4221a894bf861da7914e.r2.dev/1030440172717015.mp4
carried-forward  36996968466554959 c0  → https://pub-893b4a6a607b4221a894bf861da7914e.r2.dev/36996968466554959.mp4
carried-forward  989703680547354 c0  → https://pub-893b4a6a607b4221a894bf861da7914e.r2.dev/989703680547354.mp4
carried-forward  4304356203209733 c0  → https://pub-893b4a6a607b4221a894bf861da7914e.r2.dev/4304356203209733.mp4
carried-forward  1480373503839635 c0  → https://pub-893b4a6a607b4221a894bf861da7914e.r2.dev/1480373503839635.mp4
carried-forward  1603255194920353 c0  → https://pub-893b4a6a607b4221a894bf861da7914e.r2.dev/1603255194920353.mp4
carried-forward  1019027777130898 c0  → https://pub-893b4a6a607b4221a894bf861da7914e.r2.dev/1019027777130898.mp4
carried-forward  1880454822626452 c0  → https://pub-893b4a6a607b4221a894bf861da7914e.r2.dev/1880454822626452.mp4
carried-forward  1542586317563155 c0  → https://pub-893b4a6a607b4221a894bf861da7914e.r2.dev/1542586317563155.mp4
carried-forward  27139212809055235 c0  → https://pub-893b4a6a607b4221a894bf861da7914e.r2.dev/27139212809055235.mp4
carried-forward  1534951244867864 c0  → https://pub-893b4a6a607b4221a894bf861da7914e.r2.dev/1534951244867864.mp4
carried-forward  1317357846423381 c0  → https://pub-893b4a6a607b4221a894bf861da7914e.r2.dev/1317357846423381.mp4
carried-forward  1518844083190295 c0  → https://pub-893b4a6a607b4221a894bf861da7914e.r2.dev/1518844083190295.mp4
carried-forward  1283594347179158 c0  → https://pub-893b4a6a607b4221a894bf861da7914e.r2.dev/1283594347179158.mp4
carried-forward  1316777246578170 c0  → https://pub-893b4a6a607b4221a894bf861da7914e.r2.dev/1316777246578170.mp4
carried-forward  1385625296768441 c0  → https://pub-893b4a6a607b4221a894bf861da7914e.r2.dev/1385625296768441.mp4
carried-forward  1019696327203383 c0  → https://pub-893b4a6a607b4221a894bf861da7914e.r2.dev/1019696327203383.mp4
carried-forward  1521544949749932 c0  → https://pub-893b4a6a607b4221a894bf861da7914e.r2.dev/1521544949749932.mp4
carried-forward  2343524256180543 c0  → https://pub-893b4a6a607b4221a894bf861da7914e.r2.dev/2343524256180543.mp4
carried-forward  2180793392740960 c0  → https://pub-893b4a6a607b4221a894bf861da7914e.r2.dev/2180793392740960.mp4
carried-forward  2431019154040799 c0  → https://pub-893b4a6a607b4221a894bf861da7914e.r2.dev/2431019154040799.mp4
carried-forward  993366446988196 c0  → https://pub-893b4a6a607b4221a894bf861da7914e.r2.dev/993366446988196.mp4
carried-forward  2073537180176297 c0  → https://pub-893b4a6a607b4221a894bf861da7914e.r2.dev/2073537180176297.mp4
carried-forward  2195235391020085 c0  → https://pub-893b4a6a607b4221a894bf861da7914e.r2.dev/2195235391020085.mp4
carried-forward  1015528570998771 c0  → https://pub-893b4a6a607b4221a894bf861da7914e.r2.dev/1015528570998771.mp4
carried-forward  1314381756861108 c0  → https://pub-893b4a6a607b4221a894bf861da7914e.r2.dev/1314381756861108.mp4
carried-forward  1888179688562464 c0  → https://pub-893b4a6a607b4221a894bf861da7914e.r2.dev/1888179688562464.mp4
carried-forward  999793912757557 c0  → https://pub-893b4a6a607b4221a894bf861da7914e.r2.dev/999793912757557.mp4
carried-forward  1664834988132991 c0  → https://pub-893b4a6a607b4221a894bf861da7914e.r2.dev/1664834988132991.mp4
carried-forward  1755985579113125 c0  → https://pub-893b4a6a607b4221a894bf861da7914e.r2.dev/1755985579113125.mp4
carried-forward  986106167606403 c0  → https://pub-893b4a6a607b4221a894bf861da7914e.r2.dev/986106167606403.mp4
carried-forward  1025351456556289 c0  → https://pub-893b4a6a607b4221a894bf861da7914e.r2.dev/1025351456556289.mp4
carried-forward  3194390794101462 c0  → https://pub-893b4a6a607b4221a894bf861da7914e.r2.dev/3194390794101462.mp4
carried-forward  1701013401044660 c0  → https://pub-893b4a6a607b4221a894bf861da7914e.r2.dev/1701013401044660.mp4
carried-forward  880180717685885 c0  → https://pub-893b4a6a607b4221a894bf861da7914e.r2.dev/880180717685885.mp4
carried-forward  1350966316920951 c0  → https://pub-893b4a6a607b4221a894bf861da7914e.r2.dev/1350966316920951.mp4
carried-forward  27229193570063215 c0  → https://pub-893b4a6a607b4221a894bf861da7914e.r2.dev/27229193570063215.mp4
carried-forward  1002226199188311 c0  → https://pub-893b4a6a607b4221a894bf861da7914e.r2.dev/1002226199188311.mp4
carried-forward  1017961491189825 c0  → https://pub-893b4a6a607b4221a894bf861da7914e.r2.dev/1017961491189825.mp4
carried-forward  873618651754187 c0  → https://pub-893b4a6a607b4221a894bf861da7914e.r2.dev/873618651754187.mp4
carried-forward  1748954446342276 c0  → https://pub-893b4a6a607b4221a894bf861da7914e.r2.dev/1748954446342276.mp4
carried-forward  1724422962333351 c0  → https://pub-893b4a6a607b4221a894bf861da7914e.r2.dev/1724422962333351.mp4
carried-forward  2064798011081043 c0  → https://pub-893b4a6a607b4221a894bf861da7914e.r2.dev/2064798011081043.mp4
carried-forward  1040469018628927 c0  → https://pub-893b4a6a607b4221a894bf861da7914e.r2.dev/1040469018628927.mp4
carried-forward  1359996982637929 c0  → https://pub-893b4a6a607b4221a894bf861da7914e.r2.dev/1359996982637929.mp4
carried-forward  1002307968916209 c0  → https://pub-893b4a6a607b4221a894bf861da7914e.r2.dev/1002307968916209.mp4
carried-forward  1723206915372815 c0  → https://pub-893b4a6a607b4221a894bf861da7914e.r2.dev/1723206915372815.mp4
carried-forward  872479192551236 c0  → https://pub-893b4a6a607b4221a894bf861da7914e.r2.dev/872479192551236.mp4
carried-forward  986647784342463 c0  → https://pub-893b4a6a607b4221a894bf861da7914e.r2.dev/986647784342463.mp4
carried-forward  1474482837766143 c0  → https://pub-893b4a6a607b4221a894bf861da7914e.r2.dev/1474482837766143.mp4
carried-forward  998521345905657 c0  → https://pub-893b4a6a607b4221a894bf861da7914e.r2.dev/998521345905657.mp4
carried-forward  1018266577731610 c0  → https://pub-893b4a6a607b4221a894bf861da7914e.r2.dev/1018266577731610.mp4
carried-forward  846627981575774 c0  → https://pub-893b4a6a607b4221a894bf861da7914e.r2.dev/846627981575774.mp4
image-pending    1502553454983449 c0  (HANDOVER §8.5 — image handling not yet built)
image-pending    1668913915243531 c0  (HANDOVER §8.5 — image handling not yet built)
image-pending    1530276725269853 c0  (HANDOVER §8.5 — image handling not yet built)
carried-forward  2852221428457241 c0  → https://pub-893b4a6a607b4221a894bf861da7914e.r2.dev/2852221428457241.mp4
image-pending    1587003312849731 c0  (HANDOVER §8.5 — image handling not yet built)
carried-forward  1032088779257493 c0  → https://pub-893b4a6a607b4221a894bf861da7914e.r2.dev/1032088779257493.mp4
image-pending    1341185267964259 c0  (HANDOVER §8.5 — image handling not yet built)
carried-forward  985249144363806 c0  → https://pub-893b4a6a607b4221a894bf861da7914e.r2.dev/985249144363806.mp4
carried-forward  1031255179567911 c0  → https://pub-893b4a6a607b4221a894bf861da7914e.r2.dev/1031255179567911.mp4
image-pending    2304650336940476 c0  (HANDOVER §8.5 — image handling not yet built)
image-pending    1022383650256237 c0  (HANDOVER §8.5 — image handling not yet built)
carried-forward  845484834915284 c0  → https://pub-893b4a6a607b4221a894bf861da7914e.r2.dev/845484834915284.mp4
image-pending    1551047923410116 c0  (HANDOVER §8.5 — image handling not yet built)
carried-forward  933981069692312 c0  → https://pub-893b4a6a607b4221a894bf861da7914e.r2.dev/933981069692312.mp4
carried-forward  1513995210370651 c0  → https://pub-893b4a6a607b4221a894bf861da7914e.r2.dev/1513995210370651.mp4
carried-forward  1318839933771493 c0  → https://pub-893b4a6a607b4221a894bf861da7914e.r2.dev/1318839933771493.mp4
