# Step 3 run log
# competitor : speakeasy
# started_at : 2026-07-22T13:51:41
# input      : facebook/inputs/fb-ads-speakeasy-2026-07-22-1347.csv
# videos     : facebook/videos/speakeasy-2026-07-22
# master     : facebook/master/speakeasy.csv  (updated)
# enriched   : facebook/inputs/fb-ads-speakeasy-2026-07-22-1347_enriched.csv
# bucket     : video-ads
# public_base: https://pub-893b4a6a607b4221a894bf861da7914e.r2.dev
# dry_run    : False
#
# counts     : {'uploaded': 55, 'carried-forward': 149, 'image-pending': 0, 'video-missing': 3, 'no-creative': 0, 'error': 0}
#
carried-forward  2096925954204563 c0  → https://pub-893b4a6a607b4221a894bf861da7914e.r2.dev/2096925954204563.mp4
carried-forward  2202456460521928 c0  → https://pub-893b4a6a607b4221a894bf861da7914e.r2.dev/2202456460521928.mp4
carried-forward  1329522652574885 c0  → https://pub-893b4a6a607b4221a894bf861da7914e.r2.dev/1329522652574885.mp4
carried-forward  1350528533804193 c0  → https://pub-893b4a6a607b4221a894bf861da7914e.r2.dev/1350528533804193.mp4
video-missing    1350528533804193 c0  (expected file not found in facebook/videos/speakeasy-2026-07-22)
carried-forward  1715366832977862 c0  → https://pub-893b4a6a607b4221a894bf861da7914e.r2.dev/1715366832977862.mp4
video-missing    1715366832977862 c0  (expected file not found in facebook/videos/speakeasy-2026-07-22)
carried-forward  1990549078495400 c0  → https://pub-893b4a6a607b4221a894bf861da7914e.r2.dev/1990549078495400.mp4
carried-forward  1274918781380927 c0  → https://pub-893b4a6a607b4221a894bf861da7914e.r2.dev/1274918781380927.mp4
carried-forward  1509000537534731 c0  → https://pub-893b4a6a607b4221a894bf861da7914e.r2.dev/1509000537534731.mp4
video-missing    1509000537534731 c0  (expected file not found in facebook/videos/speakeasy-2026-07-22)
carried-forward  1758345675330702 c0  → https://pub-893b4a6a607b4221a894bf861da7914e.r2.dev/1758345675330702.mp4
carried-forward  2906298679721315 c0  → https://pub-893b4a6a607b4221a894bf861da7914e.r2.dev/2906298679721315.mp4
carried-forward  2470272863452382 c0  → https://pub-893b4a6a607b4221a894bf861da7914e.r2.dev/2470272863452382.mp4
carried-forward  2146898272848405 c0  → https://pub-893b4a6a607b4221a894bf861da7914e.r2.dev/2146898272848405.mp4
carried-forward  996641986578618 c0  → https://pub-893b4a6a607b4221a894bf861da7914e.r2.dev/996641986578618.mp4
carried-forward  1535695454763774 c0  → https://pub-893b4a6a607b4221a894bf861da7914e.r2.dev/1535695454763774.mp4
carried-forward  1034063345758631 c0  → https://pub-893b4a6a607b4221a894bf861da7914e.r2.dev/1034063345758631.mp4
carried-forward  2227054274738884 c0  → https://pub-893b4a6a607b4221a894bf861da7914e.r2.dev/2227054274738884.mp4
carried-forward  1802246977424820 c0  → https://pub-893b4a6a607b4221a894bf861da7914e.r2.dev/1802246977424820.mp4
carried-forward  3124895651053219 c0  → https://pub-893b4a6a607b4221a894bf861da7914e.r2.dev/3124895651053219.mp4
carried-forward  1010871498599888 c0  → https://pub-893b4a6a607b4221a894bf861da7914e.r2.dev/1010871498599888.mp4
carried-forward  878270771469415 c0  → https://pub-893b4a6a607b4221a894bf861da7914e.r2.dev/878270771469415.mp4
carried-forward  2006263380252771 c0  → https://pub-893b4a6a607b4221a894bf861da7914e.r2.dev/2006263380252771.mp4
carried-forward  1551354719827011 c0  → https://pub-893b4a6a607b4221a894bf861da7914e.r2.dev/1551354719827011.mp4
carried-forward  1000318475941339 c0  → https://pub-893b4a6a607b4221a894bf861da7914e.r2.dev/1000318475941339.mp4
carried-forward  1066299185827495 c0  → https://pub-893b4a6a607b4221a894bf861da7914e.r2.dev/1066299185827495.mp4
carried-forward  1386286703413839 c0  → https://pub-893b4a6a607b4221a894bf861da7914e.r2.dev/1386286703413839.mp4
carried-forward  27750642057957688 c0  → https://pub-893b4a6a607b4221a894bf861da7914e.r2.dev/27750642057957688.mp4
carried-forward  1964307320952705 c0  → https://pub-893b4a6a607b4221a894bf861da7914e.r2.dev/1964307320952705.mp4
carried-forward  1255180603194330 c0  → https://pub-893b4a6a607b4221a894bf861da7914e.r2.dev/1255180603194330.mp4
carried-forward  2588790301556027 c0  → https://pub-893b4a6a607b4221a894bf861da7914e.r2.dev/2588790301556027.mp4
carried-forward  1798531068186834 c0  → https://pub-893b4a6a607b4221a894bf861da7914e.r2.dev/1798531068186834.mp4
carried-forward  956122300785435 c0  → https://pub-893b4a6a607b4221a894bf861da7914e.r2.dev/956122300785435.mp4
carried-forward  1602048658304870 c0  → https://pub-893b4a6a607b4221a894bf861da7914e.r2.dev/1602048658304870.mp4
carried-forward  925325953929207 c0  → https://pub-893b4a6a607b4221a894bf861da7914e.r2.dev/925325953929207.mp4
carried-forward  1353570046966025 c0  → https://pub-893b4a6a607b4221a894bf861da7914e.r2.dev/1353570046966025.mp4
carried-forward  1663957771359820 c0  → https://pub-893b4a6a607b4221a894bf861da7914e.r2.dev/1663957771359820.mp4
carried-forward  901376378990412 c0  → https://pub-893b4a6a607b4221a894bf861da7914e.r2.dev/901376378990412.mp4
carried-forward  1556972895267408 c0  → https://pub-893b4a6a607b4221a894bf861da7914e.r2.dev/1556972895267408.mp4
carried-forward  1904138763600988 c0  → https://pub-893b4a6a607b4221a894bf861da7914e.r2.dev/1904138763600988.mp4
carried-forward  1056256433746398 c0  → https://pub-893b4a6a607b4221a894bf861da7914e.r2.dev/1056256433746398.mp4
carried-forward  1617773846661457 c0  → https://pub-893b4a6a607b4221a894bf861da7914e.r2.dev/1617773846661457.mp4
carried-forward  1610600343761377 c0  → https://pub-893b4a6a607b4221a894bf861da7914e.r2.dev/1610600343761377.mp4
carried-forward  1717069239596440 c0  → https://pub-893b4a6a607b4221a894bf861da7914e.r2.dev/1717069239596440.mp4
carried-forward  2065947900961631 c0  → https://pub-893b4a6a607b4221a894bf861da7914e.r2.dev/2065947900961631.mp4
carried-forward  1355847972655919 c0  → https://pub-893b4a6a607b4221a894bf861da7914e.r2.dev/1355847972655919.mp4
carried-forward  1213162864256094 c0  → https://pub-893b4a6a607b4221a894bf861da7914e.r2.dev/1213162864256094.mp4
carried-forward  1775597420545602 c0  → https://pub-893b4a6a607b4221a894bf861da7914e.r2.dev/1775597420545602.mp4
carried-forward  1046482351472886 c0  → https://pub-893b4a6a607b4221a894bf861da7914e.r2.dev/1046482351472886.mp4
carried-forward  2232335177513132 c0  → https://pub-893b4a6a607b4221a894bf861da7914e.r2.dev/2232335177513132.mp4
carried-forward  1380496350646536 c0  → https://pub-893b4a6a607b4221a894bf861da7914e.r2.dev/1380496350646536.mp4
carried-forward  1512408050210939 c0  → https://pub-893b4a6a607b4221a894bf861da7914e.r2.dev/1512408050210939.mp4
carried-forward  1447615700720112 c0  → https://pub-893b4a6a607b4221a894bf861da7914e.r2.dev/1447615700720112.mp4
carried-forward  1650969065965046 c0  → https://pub-893b4a6a607b4221a894bf861da7914e.r2.dev/1650969065965046.mp4
carried-forward  1330555632620802 c0  → https://pub-893b4a6a607b4221a894bf861da7914e.r2.dev/1330555632620802.mp4
carried-forward  2101709597049894 c0  → https://pub-893b4a6a607b4221a894bf861da7914e.r2.dev/2101709597049894.mp4
carried-forward  1670326970721443 c0  → https://pub-893b4a6a607b4221a894bf861da7914e.r2.dev/1670326970721443.mp4
carried-forward  1070609361989779 c0  → https://pub-893b4a6a607b4221a894bf861da7914e.r2.dev/1070609361989779.mp4
carried-forward  1983543708995810 c0  → https://pub-893b4a6a607b4221a894bf861da7914e.r2.dev/1983543708995810.mp4
carried-forward  1293685430486442 c0  → https://pub-893b4a6a607b4221a894bf861da7914e.r2.dev/1293685430486442.mp4
carried-forward  995889549913608 c0  → https://pub-893b4a6a607b4221a894bf861da7914e.r2.dev/995889549913608.mp4
carried-forward  899918089823930 c0  → https://pub-893b4a6a607b4221a894bf861da7914e.r2.dev/899918089823930.mp4
carried-forward  1572884764622000 c0  → https://pub-893b4a6a607b4221a894bf861da7914e.r2.dev/1572884764622000.mp4
carried-forward  1718925022376334 c0  → https://pub-893b4a6a607b4221a894bf861da7914e.r2.dev/1718925022376334.mp4
carried-forward  785082348027489 c0  → https://pub-893b4a6a607b4221a894bf861da7914e.r2.dev/785082348027489.mp4
carried-forward  1583596219859217 c0  → https://pub-893b4a6a607b4221a894bf861da7914e.r2.dev/1583596219859217.mp4
carried-forward  1563626482031128 c0  → https://pub-893b4a6a607b4221a894bf861da7914e.r2.dev/1563626482031128.mp4
carried-forward  3215709351956671 c0  → https://pub-893b4a6a607b4221a894bf861da7914e.r2.dev/3215709351956671.mp4
carried-forward  1438538771644480 c0  → https://pub-893b4a6a607b4221a894bf861da7914e.r2.dev/1438538771644480.mp4
carried-forward  1040958635122079 c0  → https://pub-893b4a6a607b4221a894bf861da7914e.r2.dev/1040958635122079.mp4
carried-forward  1654998238907612 c0  → https://pub-893b4a6a607b4221a894bf861da7914e.r2.dev/1654998238907612.mp4
carried-forward  870431506136433 c0  → https://pub-893b4a6a607b4221a894bf861da7914e.r2.dev/870431506136433.mp4
carried-forward  1408729797742511 c0  → https://pub-893b4a6a607b4221a894bf861da7914e.r2.dev/1408729797742511.mp4
carried-forward  1588936472854876 c0  → https://pub-893b4a6a607b4221a894bf861da7914e.r2.dev/1588936472854876.mp4
carried-forward  2880427788970614 c0  → https://pub-893b4a6a607b4221a894bf861da7914e.r2.dev/2880427788970614.mp4
carried-forward  1758071342105167 c0  → https://pub-893b4a6a607b4221a894bf861da7914e.r2.dev/1758071342105167.mp4
carried-forward  1529849151382010 c0  → https://pub-893b4a6a607b4221a894bf861da7914e.r2.dev/1529849151382010.mp4
carried-forward  1024176566872271 c0  → https://pub-893b4a6a607b4221a894bf861da7914e.r2.dev/1024176566872271.mp4
carried-forward  1268174568618120 c0  → https://pub-893b4a6a607b4221a894bf861da7914e.r2.dev/1268174568618120.mp4
carried-forward  1493817772792546 c0  → https://pub-893b4a6a607b4221a894bf861da7914e.r2.dev/1493817772792546.mp4
carried-forward  2697754877288462 c0  → https://pub-893b4a6a607b4221a894bf861da7914e.r2.dev/2697754877288462.mp4
carried-forward  1040981391962140 c0  → https://pub-893b4a6a607b4221a894bf861da7914e.r2.dev/1040981391962140.mp4
carried-forward  1892715198769365 c0  → https://pub-893b4a6a607b4221a894bf861da7914e.r2.dev/1892715198769365.mp4
carried-forward  1068912645489360 c0  → https://pub-893b4a6a607b4221a894bf861da7914e.r2.dev/1068912645489360.mp4
carried-forward  1537011231218971 c0  → https://pub-893b4a6a607b4221a894bf861da7914e.r2.dev/1537011231218971.mp4
carried-forward  1027469503223235 c0  → https://pub-893b4a6a607b4221a894bf861da7914e.r2.dev/1027469503223235.mp4
carried-forward  3299946863542401 c0  → https://pub-893b4a6a607b4221a894bf861da7914e.r2.dev/3299946863542401.mp4
carried-forward  1069184032210776 c0  → https://pub-893b4a6a607b4221a894bf861da7914e.r2.dev/1069184032210776.mp4
carried-forward  1769340284061310 c0  → https://pub-893b4a6a607b4221a894bf861da7914e.r2.dev/1769340284061310.mp4
carried-forward  1582691480037506 c0  → https://pub-893b4a6a607b4221a894bf861da7914e.r2.dev/1582691480037506.mp4
carried-forward  1358418029756152 c0  → https://pub-893b4a6a607b4221a894bf861da7914e.r2.dev/1358418029756152.mp4
carried-forward  2108582196704728 c0  → https://pub-893b4a6a607b4221a894bf861da7914e.r2.dev/2108582196704728.mp4
carried-forward  2438475116636253 c0  → https://pub-893b4a6a607b4221a894bf861da7914e.r2.dev/2438475116636253.mp4
carried-forward  1504784027602882 c0  → https://pub-893b4a6a607b4221a894bf861da7914e.r2.dev/1504784027602882.mp4
carried-forward  1587217669636542 c0  → https://pub-893b4a6a607b4221a894bf861da7914e.r2.dev/1587217669636542.mp4
carried-forward  2811565099205874 c0  → https://pub-893b4a6a607b4221a894bf861da7914e.r2.dev/2811565099205874.mp4
carried-forward  28614403684817014 c0  → https://pub-893b4a6a607b4221a894bf861da7914e.r2.dev/28614403684817014.mp4
carried-forward  37093339393643936 c0  → https://pub-893b4a6a607b4221a894bf861da7914e.r2.dev/37093339393643936.mp4
carried-forward  3287991174921979 c0  → https://pub-893b4a6a607b4221a894bf861da7914e.r2.dev/3287991174921979.mp4
carried-forward  1559977682320391 c0  → https://pub-893b4a6a607b4221a894bf861da7914e.r2.dev/1559977682320391.mp4
carried-forward  1469943388501988 c0  → https://pub-893b4a6a607b4221a894bf861da7914e.r2.dev/1469943388501988.mp4
carried-forward  3599028213597520 c0  → https://pub-893b4a6a607b4221a894bf861da7914e.r2.dev/3599028213597520.mp4
carried-forward  1049319184210036 c0  → https://pub-893b4a6a607b4221a894bf861da7914e.r2.dev/1049319184210036.mp4
carried-forward  1563991325113359 c0  → https://pub-893b4a6a607b4221a894bf861da7914e.r2.dev/1563991325113359.mp4
carried-forward  1406087614760141 c0  → https://pub-893b4a6a607b4221a894bf861da7914e.r2.dev/1406087614760141.mp4
carried-forward  2450474868781248 c0  → https://pub-893b4a6a607b4221a894bf861da7914e.r2.dev/2450474868781248.mp4
carried-forward  1037357591997757 c0  → https://pub-893b4a6a607b4221a894bf861da7914e.r2.dev/1037357591997757.mp4
carried-forward  1581633623522487 c0  → https://pub-893b4a6a607b4221a894bf861da7914e.r2.dev/1581633623522487.mp4
carried-forward  1547919966874509 c0  → https://pub-893b4a6a607b4221a894bf861da7914e.r2.dev/1547919966874509.mp4
uploaded         1562285355486884 c0  (video) ← 1562285355486884.mp4  → https://pub-893b4a6a607b4221a894bf861da7914e.r2.dev/1562285355486884.mp4
carried-forward  1025952563756033 c0  → https://pub-893b4a6a607b4221a894bf861da7914e.r2.dev/1025952563756033.mp4
carried-forward  1214850087453624 c0  → https://pub-893b4a6a607b4221a894bf861da7914e.r2.dev/1214850087453624.mp4
carried-forward  1394295789463865 c0  → https://pub-893b4a6a607b4221a894bf861da7914e.r2.dev/1394295789463865.mp4
uploaded         1806386590736626 c0  (video) ← 1806386590736626.mp4  → https://pub-893b4a6a607b4221a894bf861da7914e.r2.dev/1806386590736626.mp4
carried-forward  1579859463277198 c0  → https://pub-893b4a6a607b4221a894bf861da7914e.r2.dev/1579859463277198.mp4
carried-forward  920211211089397 c0  → https://pub-893b4a6a607b4221a894bf861da7914e.r2.dev/920211211089397.mp4
carried-forward  1703824997547049 c0  → https://pub-893b4a6a607b4221a894bf861da7914e.r2.dev/1703824997547049.mp4
carried-forward  1023252604018252 c0  → https://pub-893b4a6a607b4221a894bf861da7914e.r2.dev/1023252604018252.mp4
carried-forward  2756328018085438 c0  → https://pub-893b4a6a607b4221a894bf861da7914e.r2.dev/2756328018085438.mp4
uploaded         1051990197540202 c0  (video) ← 1051990197540202.mp4  → https://pub-893b4a6a607b4221a894bf861da7914e.r2.dev/1051990197540202.mp4
carried-forward  1607286517667851 c0  → https://pub-893b4a6a607b4221a894bf861da7914e.r2.dev/1607286517667851.mp4
uploaded         1623875525827648 c0  (video) ← 1623875525827648.mp4  → https://pub-893b4a6a607b4221a894bf861da7914e.r2.dev/1623875525827648.mp4
uploaded         1069595255422178 c0  (video) ← 1069595255422178.mp4  → https://pub-893b4a6a607b4221a894bf861da7914e.r2.dev/1069595255422178.mp4
carried-forward  1978225152861838 c0  → https://pub-893b4a6a607b4221a894bf861da7914e.r2.dev/1978225152861838.mp4
uploaded         1415886777050143 c0  (video) ← 1415886777050143.mp4  → https://pub-893b4a6a607b4221a894bf861da7914e.r2.dev/1415886777050143.mp4
uploaded         1044178431877525 c0  (video) ← 1044178431877525.mp4  → https://pub-893b4a6a607b4221a894bf861da7914e.r2.dev/1044178431877525.mp4
carried-forward  3010769729258285 c0  → https://pub-893b4a6a607b4221a894bf861da7914e.r2.dev/3010769729258285.mp4
carried-forward  2109849516577913 c0  → https://pub-893b4a6a607b4221a894bf861da7914e.r2.dev/2109849516577913.mp4
uploaded         2178950849558598 c0  (video) ← 2178950849558598.mp4  → https://pub-893b4a6a607b4221a894bf861da7914e.r2.dev/2178950849558598.mp4
carried-forward  2514977909022773 c0  → https://pub-893b4a6a607b4221a894bf861da7914e.r2.dev/2514977909022773.mp4
carried-forward  1528205468796975 c0  → https://pub-893b4a6a607b4221a894bf861da7914e.r2.dev/1528205468796975.mp4
carried-forward  1229149502597052 c0  → https://pub-893b4a6a607b4221a894bf861da7914e.r2.dev/1229149502597052.mp4
carried-forward  2236501443806601 c0  → https://pub-893b4a6a607b4221a894bf861da7914e.r2.dev/2236501443806601.mp4
uploaded         26820006801007659 c0  (video) ← 26820006801007659.mp4  → https://pub-893b4a6a607b4221a894bf861da7914e.r2.dev/26820006801007659.mp4
uploaded         1052238337247482 c0  (video) ← 1052238337247482.mp4  → https://pub-893b4a6a607b4221a894bf861da7914e.r2.dev/1052238337247482.mp4
uploaded         1544272023774075 c0  (video) ← 1544272023774075.mp4  → https://pub-893b4a6a607b4221a894bf861da7914e.r2.dev/1544272023774075.mp4
uploaded         2828561987521751 c0  (video) ← 2828561987521751.mp4  → https://pub-893b4a6a607b4221a894bf861da7914e.r2.dev/2828561987521751.mp4
uploaded         1937240823607631 c0  (video) ← 1937240823607631.mp4  → https://pub-893b4a6a607b4221a894bf861da7914e.r2.dev/1937240823607631.mp4
uploaded         1734129480825507 c0  (video) ← 1734129480825507.mp4  → https://pub-893b4a6a607b4221a894bf861da7914e.r2.dev/1734129480825507.mp4
uploaded         2189594125219096 c0  (video) ← 2189594125219096.mp4  → https://pub-893b4a6a607b4221a894bf861da7914e.r2.dev/2189594125219096.mp4
uploaded         2558880327875454 c0  (video) ← 2558880327875454.mp4  → https://pub-893b4a6a607b4221a894bf861da7914e.r2.dev/2558880327875454.mp4
carried-forward  1660811185666077 c0  → https://pub-893b4a6a607b4221a894bf861da7914e.r2.dev/1660811185666077.mp4
uploaded         2111079902806883 c0  (video) ← 2111079902806883.mp4  → https://pub-893b4a6a607b4221a894bf861da7914e.r2.dev/2111079902806883.mp4
uploaded         4378692459011546 c0  (video) ← 4378692459011546.mp4  → https://pub-893b4a6a607b4221a894bf861da7914e.r2.dev/4378692459011546.mp4
uploaded         1023084370517025 c0  (video) ← 1023084370517025.mp4  → https://pub-893b4a6a607b4221a894bf861da7914e.r2.dev/1023084370517025.mp4
uploaded         1568025714979070 c0  (video) ← 1568025714979070.mp4  → https://pub-893b4a6a607b4221a894bf861da7914e.r2.dev/1568025714979070.mp4
uploaded         1550288969807165 c0  (video) ← 1550288969807165.mp4  → https://pub-893b4a6a607b4221a894bf861da7914e.r2.dev/1550288969807165.mp4
uploaded         2693772587726354 c0  (video) ← 2693772587726354.mp4  → https://pub-893b4a6a607b4221a894bf861da7914e.r2.dev/2693772587726354.mp4
uploaded         885546684617410 c0  (video) ← 885546684617410.mp4  → https://pub-893b4a6a607b4221a894bf861da7914e.r2.dev/885546684617410.mp4
uploaded         1947683476189080 c0  (video) ← 1947683476189080.mp4  → https://pub-893b4a6a607b4221a894bf861da7914e.r2.dev/1947683476189080.mp4
uploaded         1394933002514313 c0  (video) ← 1394933002514313.mp4  → https://pub-893b4a6a607b4221a894bf861da7914e.r2.dev/1394933002514313.mp4
uploaded         1981060659280546 c0  (video) ← 1981060659280546.mp4  → https://pub-893b4a6a607b4221a894bf861da7914e.r2.dev/1981060659280546.mp4
uploaded         2201172610734060 c0  (video) ← 2201172610734060.mp4  → https://pub-893b4a6a607b4221a894bf861da7914e.r2.dev/2201172610734060.mp4
uploaded         1343810117305630 c0  (video) ← 1343810117305630.mp4  → https://pub-893b4a6a607b4221a894bf861da7914e.r2.dev/1343810117305630.mp4
uploaded         1347864380210793 c0  (video) ← 1347864380210793.mp4  → https://pub-893b4a6a607b4221a894bf861da7914e.r2.dev/1347864380210793.mp4
uploaded         1998418394167137 c0  (video) ← 1998418394167137.mp4  → https://pub-893b4a6a607b4221a894bf861da7914e.r2.dev/1998418394167137.mp4
uploaded         2251078802384500 c0  (video) ← 2251078802384500.mp4  → https://pub-893b4a6a607b4221a894bf861da7914e.r2.dev/2251078802384500.mp4
uploaded         2057866808174033 c0  (video) ← 2057866808174033.mp4  → https://pub-893b4a6a607b4221a894bf861da7914e.r2.dev/2057866808174033.mp4
uploaded         3984279595200576 c0  (video) ← 3984279595200576.mp4  → https://pub-893b4a6a607b4221a894bf861da7914e.r2.dev/3984279595200576.mp4
uploaded         1681255416430616 c0  (video) ← 1681255416430616.mp4  → https://pub-893b4a6a607b4221a894bf861da7914e.r2.dev/1681255416430616.mp4
uploaded         1004040625770122 c0  (video) ← 1004040625770122.mp4  → https://pub-893b4a6a607b4221a894bf861da7914e.r2.dev/1004040625770122.mp4
uploaded         1592487709091121 c0  (video) ← 1592487709091121.mp4  → https://pub-893b4a6a607b4221a894bf861da7914e.r2.dev/1592487709091121.mp4
uploaded         867452506135799 c0  (video) ← 867452506135799.mp4  → https://pub-893b4a6a607b4221a894bf861da7914e.r2.dev/867452506135799.mp4
carried-forward  1431209032174340 c0  → https://pub-893b4a6a607b4221a894bf861da7914e.r2.dev/1431209032174340.mp4
carried-forward  27815415298084440 c0  → https://pub-893b4a6a607b4221a894bf861da7914e.r2.dev/27815415298084440.mp4
uploaded         988856204115824 c0  (video) ← 988856204115824.mp4  → https://pub-893b4a6a607b4221a894bf861da7914e.r2.dev/988856204115824.mp4
uploaded         2065054937435715 c0  (video) ← 2065054937435715.mp4  → https://pub-893b4a6a607b4221a894bf861da7914e.r2.dev/2065054937435715.mp4
uploaded         1577939717185545 c0  (video) ← 1577939717185545.mp4  → https://pub-893b4a6a607b4221a894bf861da7914e.r2.dev/1577939717185545.mp4
uploaded         1562596578634693 c0  (video) ← 1562596578634693.mp4  → https://pub-893b4a6a607b4221a894bf861da7914e.r2.dev/1562596578634693.mp4
carried-forward  1573799770762054 c0  → https://pub-893b4a6a607b4221a894bf861da7914e.r2.dev/1573799770762054.mp4
uploaded         2252159495600772 c0  (video) ← 2252159495600772.mp4  → https://pub-893b4a6a607b4221a894bf861da7914e.r2.dev/2252159495600772.mp4
uploaded         956147874105998 c0  (video) ← 956147874105998.mp4  → https://pub-893b4a6a607b4221a894bf861da7914e.r2.dev/956147874105998.mp4
carried-forward  1184386010520083 c0  → https://pub-893b4a6a607b4221a894bf861da7914e.r2.dev/1184386010520083.mp4
uploaded         2976562162689413 c0  (video) ← 2976562162689413.mp4  → https://pub-893b4a6a607b4221a894bf861da7914e.r2.dev/2976562162689413.mp4
uploaded         4102608673372989 c0  (video) ← 4102608673372989.mp4  → https://pub-893b4a6a607b4221a894bf861da7914e.r2.dev/4102608673372989.mp4
uploaded         1492783912531675 c0  (video) ← 1492783912531675.mp4  → https://pub-893b4a6a607b4221a894bf861da7914e.r2.dev/1492783912531675.mp4
uploaded         1724564338622959 c0  (video) ← 1724564338622959.mp4  → https://pub-893b4a6a607b4221a894bf861da7914e.r2.dev/1724564338622959.mp4
uploaded         1379599624082580 c0  (video) ← 1379599624082580.mp4  → https://pub-893b4a6a607b4221a894bf861da7914e.r2.dev/1379599624082580.mp4
uploaded         1570780251370036 c0  (video) ← 1570780251370036.mp4  → https://pub-893b4a6a607b4221a894bf861da7914e.r2.dev/1570780251370036.mp4
uploaded         1617108943182458 c0  (video) ← 1617108943182458.mp4  → https://pub-893b4a6a607b4221a894bf861da7914e.r2.dev/1617108943182458.mp4
uploaded         1000269406308683 c0  (video) ← 1000269406308683.mp4  → https://pub-893b4a6a607b4221a894bf861da7914e.r2.dev/1000269406308683.mp4
uploaded         2314606165994862 c0  (video) ← 2314606165994862.mp4  → https://pub-893b4a6a607b4221a894bf861da7914e.r2.dev/2314606165994862.mp4
carried-forward  1912406996383214 c0  → https://pub-893b4a6a607b4221a894bf861da7914e.r2.dev/1912406996383214.mp4
uploaded         27867841619517618 c0  (video) ← 27867841619517618.mp4  → https://pub-893b4a6a607b4221a894bf861da7914e.r2.dev/27867841619517618.mp4
carried-forward  1377141237621817 c0  → https://pub-893b4a6a607b4221a894bf861da7914e.r2.dev/1377141237621817.mp4
uploaded         4524981941122403 c0  (video) ← 4524981941122403.mp4  → https://pub-893b4a6a607b4221a894bf861da7914e.r2.dev/4524981941122403.mp4
carried-forward  2087987378472161 c0  → https://pub-893b4a6a607b4221a894bf861da7914e.r2.dev/2087987378472161.mp4
carried-forward  1896860787628995 c0  → https://pub-893b4a6a607b4221a894bf861da7914e.r2.dev/1896860787628995.mp4
uploaded         1331343735879637 c0  (video) ← 1331343735879637.mp4  → https://pub-893b4a6a607b4221a894bf861da7914e.r2.dev/1331343735879637.mp4
carried-forward  2762734147432390 c0  → https://pub-893b4a6a607b4221a894bf861da7914e.r2.dev/2762734147432390.mp4
carried-forward  2201754610603677 c0  → https://pub-893b4a6a607b4221a894bf861da7914e.r2.dev/2201754610603677.mp4
carried-forward  1269756885082342 c0  → https://pub-893b4a6a607b4221a894bf861da7914e.r2.dev/1269756885082342.mp4
carried-forward  2222256028347224 c0  → https://pub-893b4a6a607b4221a894bf861da7914e.r2.dev/2222256028347224.mp4
carried-forward  958018013919547 c0  → https://pub-893b4a6a607b4221a894bf861da7914e.r2.dev/958018013919547.mp4
carried-forward  1593444748791575 c0  → https://pub-893b4a6a607b4221a894bf861da7914e.r2.dev/1593444748791575.mp4
carried-forward  2485639215236433 c0  → https://pub-893b4a6a607b4221a894bf861da7914e.r2.dev/2485639215236433.mp4
carried-forward  2104101840175793 c0  → https://pub-893b4a6a607b4221a894bf861da7914e.r2.dev/2104101840175793.mp4
carried-forward  2324155347991756 c0  → https://pub-893b4a6a607b4221a894bf861da7914e.r2.dev/2324155347991756.mp4
carried-forward  1028227123019537 c0  → https://pub-893b4a6a607b4221a894bf861da7914e.r2.dev/1028227123019537.mp4
carried-forward  1933230364052576 c0  → https://pub-893b4a6a607b4221a894bf861da7914e.r2.dev/1933230364052576.mp4
carried-forward  2255971488490731 c0  → https://pub-893b4a6a607b4221a894bf861da7914e.r2.dev/2255971488490731.mp4
carried-forward  1816399399768731 c0  → https://pub-893b4a6a607b4221a894bf861da7914e.r2.dev/1816399399768731.mp4
carried-forward  1335940752069497 c0  → https://pub-893b4a6a607b4221a894bf861da7914e.r2.dev/1335940752069497.mp4
carried-forward  1671805693873767 c0  → https://pub-893b4a6a607b4221a894bf861da7914e.r2.dev/1671805693873767.mp4
carried-forward  1744287289933298 c0  → https://pub-893b4a6a607b4221a894bf861da7914e.r2.dev/1744287289933298.mp4
carried-forward  2556561588118842 c0  → https://pub-893b4a6a607b4221a894bf861da7914e.r2.dev/2556561588118842.mp4
