# Step 3 run log
# competitor : speakeasy
# started_at : 2026-07-16T13:51:47
# input      : facebook/inputs/fb-ads-speakeasy-2026-07-16-1346.csv
# videos     : facebook/videos/speakeasy-2026-07-16
# master     : facebook/master/speakeasy.csv  (updated)
# enriched   : facebook/inputs/fb-ads-speakeasy-2026-07-16-1346_enriched.csv
# bucket     : video-ads
# public_base: https://pub-893b4a6a607b4221a894bf861da7914e.r2.dev
# dry_run    : False
#
# counts     : {'uploaded': 60, 'carried-forward': 165, 'image-pending': 0, 'video-missing': 5, 'no-creative': 0, 'error': 0}
#
carried-forward  2096925954204563 c0  → https://pub-893b4a6a607b4221a894bf861da7914e.r2.dev/2096925954204563.mp4
carried-forward  2202456460521928 c0  → https://pub-893b4a6a607b4221a894bf861da7914e.r2.dev/2202456460521928.mp4
carried-forward  1329522652574885 c0  → https://pub-893b4a6a607b4221a894bf861da7914e.r2.dev/1329522652574885.mp4
carried-forward  1350528533804193 c0  → https://pub-893b4a6a607b4221a894bf861da7914e.r2.dev/1350528533804193.mp4
video-missing    1350528533804193 c0  (expected file not found in facebook/videos/speakeasy-2026-07-16)
carried-forward  1990549078495400 c0  → https://pub-893b4a6a607b4221a894bf861da7914e.r2.dev/1990549078495400.mp4
carried-forward  1715366832977862 c0  → https://pub-893b4a6a607b4221a894bf861da7914e.r2.dev/1715366832977862.mp4
video-missing    1715366832977862 c0  (expected file not found in facebook/videos/speakeasy-2026-07-16)
carried-forward  1274918781380927 c0  → https://pub-893b4a6a607b4221a894bf861da7914e.r2.dev/1274918781380927.mp4
carried-forward  933307746352020 c0  → https://pub-893b4a6a607b4221a894bf861da7914e.r2.dev/933307746352020.mp4
carried-forward  1509000537534731 c0  → https://pub-893b4a6a607b4221a894bf861da7914e.r2.dev/1509000537534731.mp4
video-missing    1509000537534731 c0  (expected file not found in facebook/videos/speakeasy-2026-07-16)
carried-forward  1758345675330702 c0  → https://pub-893b4a6a607b4221a894bf861da7914e.r2.dev/1758345675330702.mp4
carried-forward  2906298679721315 c0  → https://pub-893b4a6a607b4221a894bf861da7914e.r2.dev/2906298679721315.mp4
carried-forward  2541924189593676 c0  → https://pub-893b4a6a607b4221a894bf861da7914e.r2.dev/2541924189593676.mp4
carried-forward  1734392771068941 c0  → https://pub-893b4a6a607b4221a894bf861da7914e.r2.dev/1734392771068941.mp4
carried-forward  1535695454763774 c0  → https://pub-893b4a6a607b4221a894bf861da7914e.r2.dev/1535695454763774.mp4
carried-forward  1011965198455335 c0  → https://pub-893b4a6a607b4221a894bf861da7914e.r2.dev/1011965198455335.mp4
video-missing    1011965198455335 c0  (expected file not found in facebook/videos/speakeasy-2026-07-16)
carried-forward  996641986578618 c0  → https://pub-893b4a6a607b4221a894bf861da7914e.r2.dev/996641986578618.mp4
carried-forward  1802246977424820 c0  → https://pub-893b4a6a607b4221a894bf861da7914e.r2.dev/1802246977424820.mp4
video-missing    1802246977424820 c0  (expected file not found in facebook/videos/speakeasy-2026-07-16)
carried-forward  2146898272848405 c0  → https://pub-893b4a6a607b4221a894bf861da7914e.r2.dev/2146898272848405.mp4
carried-forward  2227054274738884 c0  → https://pub-893b4a6a607b4221a894bf861da7914e.r2.dev/2227054274738884.mp4
carried-forward  2470272863452382 c0  → https://pub-893b4a6a607b4221a894bf861da7914e.r2.dev/2470272863452382.mp4
carried-forward  1551354719827011 c0  → https://pub-893b4a6a607b4221a894bf861da7914e.r2.dev/1551354719827011.mp4
carried-forward  878270771469415 c0  → https://pub-893b4a6a607b4221a894bf861da7914e.r2.dev/878270771469415.mp4
carried-forward  1522462465946347 c0  → https://pub-893b4a6a607b4221a894bf861da7914e.r2.dev/1522462465946347.mp4
carried-forward  1000318475941339 c0  → https://pub-893b4a6a607b4221a894bf861da7914e.r2.dev/1000318475941339.mp4
carried-forward  2006263380252771 c0  → https://pub-893b4a6a607b4221a894bf861da7914e.r2.dev/2006263380252771.mp4
carried-forward  3124895651053219 c0  → https://pub-893b4a6a607b4221a894bf861da7914e.r2.dev/3124895651053219.mp4
carried-forward  1255180603194330 c0  → https://pub-893b4a6a607b4221a894bf861da7914e.r2.dev/1255180603194330.mp4
carried-forward  1034063345758631 c0  → https://pub-893b4a6a607b4221a894bf861da7914e.r2.dev/1034063345758631.mp4
carried-forward  1597341511954866 c0  → https://pub-893b4a6a607b4221a894bf861da7914e.r2.dev/1597341511954866.mp4
carried-forward  1010871498599888 c0  → https://pub-893b4a6a607b4221a894bf861da7914e.r2.dev/1010871498599888.mp4
carried-forward  1066299185827495 c0  → https://pub-893b4a6a607b4221a894bf861da7914e.r2.dev/1066299185827495.mp4
carried-forward  27828393366752661 c0  → https://pub-893b4a6a607b4221a894bf861da7914e.r2.dev/27828393366752661.mp4
carried-forward  1386286703413839 c0  → https://pub-893b4a6a607b4221a894bf861da7914e.r2.dev/1386286703413839.mp4
carried-forward  1798531068186834 c0  → https://pub-893b4a6a607b4221a894bf861da7914e.r2.dev/1798531068186834.mp4
carried-forward  925325953929207 c0  → https://pub-893b4a6a607b4221a894bf861da7914e.r2.dev/925325953929207.mp4
carried-forward  901376378990412 c0  → https://pub-893b4a6a607b4221a894bf861da7914e.r2.dev/901376378990412.mp4
carried-forward  956122300785435 c0  → https://pub-893b4a6a607b4221a894bf861da7914e.r2.dev/956122300785435.mp4
carried-forward  1556972895267408 c0  → https://pub-893b4a6a607b4221a894bf861da7914e.r2.dev/1556972895267408.mp4
carried-forward  1056256433746398 c0  → https://pub-893b4a6a607b4221a894bf861da7914e.r2.dev/1056256433746398.mp4
carried-forward  1213162864256094 c0  → https://pub-893b4a6a607b4221a894bf861da7914e.r2.dev/1213162864256094.mp4
carried-forward  2065947900961631 c0  → https://pub-893b4a6a607b4221a894bf861da7914e.r2.dev/2065947900961631.mp4
carried-forward  1717069239596440 c0  → https://pub-893b4a6a607b4221a894bf861da7914e.r2.dev/1717069239596440.mp4
carried-forward  1355847972655919 c0  → https://pub-893b4a6a607b4221a894bf861da7914e.r2.dev/1355847972655919.mp4
carried-forward  1775597420545602 c0  → https://pub-893b4a6a607b4221a894bf861da7914e.r2.dev/1775597420545602.mp4
carried-forward  1617773846661457 c0  → https://pub-893b4a6a607b4221a894bf861da7914e.r2.dev/1617773846661457.mp4
carried-forward  1650969065965046 c0  → https://pub-893b4a6a607b4221a894bf861da7914e.r2.dev/1650969065965046.mp4
carried-forward  995889549913608 c0  → https://pub-893b4a6a607b4221a894bf861da7914e.r2.dev/995889549913608.mp4
carried-forward  1610600343761377 c0  → https://pub-893b4a6a607b4221a894bf861da7914e.r2.dev/1610600343761377.mp4
carried-forward  1964307320952705 c0  → https://pub-893b4a6a607b4221a894bf861da7914e.r2.dev/1964307320952705.mp4
carried-forward  1670326970721443 c0  → https://pub-893b4a6a607b4221a894bf861da7914e.r2.dev/1670326970721443.mp4
carried-forward  2232335177513132 c0  → https://pub-893b4a6a607b4221a894bf861da7914e.r2.dev/2232335177513132.mp4
carried-forward  1686378555771529 c0  → https://pub-893b4a6a607b4221a894bf861da7914e.r2.dev/1686378555771529.mp4
carried-forward  1512408050210939 c0  → https://pub-893b4a6a607b4221a894bf861da7914e.r2.dev/1512408050210939.mp4
carried-forward  1236853288467800 c0  → https://pub-893b4a6a607b4221a894bf861da7914e.r2.dev/1236853288467800.mp4
carried-forward  1447615700720112 c0  → https://pub-893b4a6a607b4221a894bf861da7914e.r2.dev/1447615700720112.mp4
carried-forward  1983543708995810 c0  → https://pub-893b4a6a607b4221a894bf861da7914e.r2.dev/1983543708995810.mp4
carried-forward  1383981716927674 c0  → https://pub-893b4a6a607b4221a894bf861da7914e.r2.dev/1383981716927674.mp4
carried-forward  1070609361989779 c0  → https://pub-893b4a6a607b4221a894bf861da7914e.r2.dev/1070609361989779.mp4
carried-forward  1076005282047913 c0  → https://pub-893b4a6a607b4221a894bf861da7914e.r2.dev/1076005282047913.mp4
carried-forward  27827739420189342 c0  → https://pub-893b4a6a607b4221a894bf861da7914e.r2.dev/27827739420189342.mp4
carried-forward  27750642057957688 c0  → https://pub-893b4a6a607b4221a894bf861da7914e.r2.dev/27750642057957688.mp4
carried-forward  891022330731698 c0  → https://pub-893b4a6a607b4221a894bf861da7914e.r2.dev/891022330731698.mp4
carried-forward  1663957771359820 c0  → https://pub-893b4a6a607b4221a894bf861da7914e.r2.dev/1663957771359820.mp4
carried-forward  785082348027489 c0  → https://pub-893b4a6a607b4221a894bf861da7914e.r2.dev/785082348027489.mp4
carried-forward  1330555632620802 c0  → https://pub-893b4a6a607b4221a894bf861da7914e.r2.dev/1330555632620802.mp4
carried-forward  1563626482031128 c0  → https://pub-893b4a6a607b4221a894bf861da7914e.r2.dev/1563626482031128.mp4
carried-forward  1040958635122079 c0  → https://pub-893b4a6a607b4221a894bf861da7914e.r2.dev/1040958635122079.mp4
carried-forward  1718925022376334 c0  → https://pub-893b4a6a607b4221a894bf861da7914e.r2.dev/1718925022376334.mp4
carried-forward  899918089823930 c0  → https://pub-893b4a6a607b4221a894bf861da7914e.r2.dev/899918089823930.mp4
carried-forward  1325169356004881 c0  → https://pub-893b4a6a607b4221a894bf861da7914e.r2.dev/1325169356004881.mp4
carried-forward  4596333187246513 c0  → https://pub-893b4a6a607b4221a894bf861da7914e.r2.dev/4596333187246513.mp4
carried-forward  1696373418307508 c0  → https://pub-893b4a6a607b4221a894bf861da7914e.r2.dev/1696373418307508.mp4
carried-forward  2674792829585398 c0  → https://pub-893b4a6a607b4221a894bf861da7914e.r2.dev/2674792829585398.mp4
carried-forward  1250367120426702 c0  → https://pub-893b4a6a607b4221a894bf861da7914e.r2.dev/1250367120426702.mp4
carried-forward  2526781611077042 c0  → https://pub-893b4a6a607b4221a894bf861da7914e.r2.dev/2526781611077042.mp4
carried-forward  982614491479333 c0  → https://pub-893b4a6a607b4221a894bf861da7914e.r2.dev/982614491479333.mp4
carried-forward  1350481087058996 c0  → https://pub-893b4a6a607b4221a894bf861da7914e.r2.dev/1350481087058996.mp4
carried-forward  1595204948876522 c0  → https://pub-893b4a6a607b4221a894bf861da7914e.r2.dev/1595204948876522.mp4
carried-forward  1381054697211582 c0  → https://pub-893b4a6a607b4221a894bf861da7914e.r2.dev/1381054697211582.mp4
carried-forward  3561541550666743 c0  → https://pub-893b4a6a607b4221a894bf861da7914e.r2.dev/3561541550666743.mp4
carried-forward  27355622267433352 c0  → https://pub-893b4a6a607b4221a894bf861da7914e.r2.dev/27355622267433352.mp4
carried-forward  2914228738925326 c0  → https://pub-893b4a6a607b4221a894bf861da7914e.r2.dev/2914228738925326.mp4
carried-forward  1320552253485277 c0  → https://pub-893b4a6a607b4221a894bf861da7914e.r2.dev/1320552253485277.mp4
carried-forward  1334592281634486 c0  → https://pub-893b4a6a607b4221a894bf861da7914e.r2.dev/1334592281634486.mp4
carried-forward  4570439376576150 c0  → https://pub-893b4a6a607b4221a894bf861da7914e.r2.dev/4570439376576150.mp4
carried-forward  2297041117497142 c0  → https://pub-893b4a6a607b4221a894bf861da7914e.r2.dev/2297041117497142.mp4
carried-forward  2093440487870903 c0  → https://pub-893b4a6a607b4221a894bf861da7914e.r2.dev/2093440487870903.mp4
carried-forward  1535623451070440 c0  → https://pub-893b4a6a607b4221a894bf861da7914e.r2.dev/1535623451070440.mp4
carried-forward  2598616730581724 c0  → https://pub-893b4a6a607b4221a894bf861da7914e.r2.dev/2598616730581724.mp4
carried-forward  2963779063827374 c0  → https://pub-893b4a6a607b4221a894bf861da7914e.r2.dev/2963779063827374.mp4
carried-forward  1506990937853641 c0  → https://pub-893b4a6a607b4221a894bf861da7914e.r2.dev/1506990937853641.mp4
carried-forward  1802240601141720 c0  → https://pub-893b4a6a607b4221a894bf861da7914e.r2.dev/1802240601141720.mp4
carried-forward  3218109538372603 c0  → https://pub-893b4a6a607b4221a894bf861da7914e.r2.dev/3218109538372603.mp4
carried-forward  1319978233629750 c0  → https://pub-893b4a6a607b4221a894bf861da7914e.r2.dev/1319978233629750.mp4
carried-forward  2418197828675378 c0  → https://pub-893b4a6a607b4221a894bf861da7914e.r2.dev/2418197828675378.mp4
carried-forward  2796270944086095 c0  → https://pub-893b4a6a607b4221a894bf861da7914e.r2.dev/2796270944086095.mp4
carried-forward  1335464032080186 c0  → https://pub-893b4a6a607b4221a894bf861da7914e.r2.dev/1335464032080186.mp4
carried-forward  2517669345323719 c0  → https://pub-893b4a6a607b4221a894bf861da7914e.r2.dev/2517669345323719.mp4
carried-forward  870862166096961 c0  → https://pub-893b4a6a607b4221a894bf861da7914e.r2.dev/870862166096961.mp4
carried-forward  870431506136433 c0  → https://pub-893b4a6a607b4221a894bf861da7914e.r2.dev/870431506136433.mp4
carried-forward  853713144256746 c0  → https://pub-893b4a6a607b4221a894bf861da7914e.r2.dev/853713144256746.mp4
carried-forward  1800374614465315 c0  → https://pub-893b4a6a607b4221a894bf861da7914e.r2.dev/1800374614465315.mp4
carried-forward  27702437406076573 c0  → https://pub-893b4a6a607b4221a894bf861da7914e.r2.dev/27702437406076573.mp4
carried-forward  1014730701200916 c0  → https://pub-893b4a6a607b4221a894bf861da7914e.r2.dev/1014730701200916.mp4
carried-forward  1047137787860479 c0  → https://pub-893b4a6a607b4221a894bf861da7914e.r2.dev/1047137787860479.mp4
carried-forward  1625844662576521 c0  → https://pub-893b4a6a607b4221a894bf861da7914e.r2.dev/1625844662576521.mp4
carried-forward  1904138763600988 c0  → https://pub-893b4a6a607b4221a894bf861da7914e.r2.dev/1904138763600988.mp4
carried-forward  1754066178934773 c0  → https://pub-893b4a6a607b4221a894bf861da7914e.r2.dev/1754066178934773.mp4
carried-forward  1042137601640294 c0  → https://pub-893b4a6a607b4221a894bf861da7914e.r2.dev/1042137601640294.mp4
carried-forward  1571808534609298 c0  → https://pub-893b4a6a607b4221a894bf861da7914e.r2.dev/1571808534609298.mp4
carried-forward  1745904109925206 c0  → https://pub-893b4a6a607b4221a894bf861da7914e.r2.dev/1745904109925206.mp4
carried-forward  4627749517546985 c0  → https://pub-893b4a6a607b4221a894bf861da7914e.r2.dev/4627749517546985.mp4
carried-forward  886651387357938 c0  → https://pub-893b4a6a607b4221a894bf861da7914e.r2.dev/886651387357938.mp4
carried-forward  3195903233941462 c0  → https://pub-893b4a6a607b4221a894bf861da7914e.r2.dev/3195903233941462.mp4
carried-forward  1747568576384378 c0  → https://pub-893b4a6a607b4221a894bf861da7914e.r2.dev/1747568576384378.mp4
carried-forward  2267902177316206 c0  → https://pub-893b4a6a607b4221a894bf861da7914e.r2.dev/2267902177316206.mp4
carried-forward  1583596219859217 c0  → https://pub-893b4a6a607b4221a894bf861da7914e.r2.dev/1583596219859217.mp4
carried-forward  873970615366148 c0  → https://pub-893b4a6a607b4221a894bf861da7914e.r2.dev/873970615366148.mp4
carried-forward  1794988258343643 c0  → https://pub-893b4a6a607b4221a894bf861da7914e.r2.dev/1794988258343643.mp4
carried-forward  1654998238907612 c0  → https://pub-893b4a6a607b4221a894bf861da7914e.r2.dev/1654998238907612.mp4
carried-forward  1587103172993485 c0  → https://pub-893b4a6a607b4221a894bf861da7914e.r2.dev/1587103172993485.mp4
carried-forward  1092827496570705 c0  → https://pub-893b4a6a607b4221a894bf861da7914e.r2.dev/1092827496570705.mp4
carried-forward  2228551701331802 c0  → https://pub-893b4a6a607b4221a894bf861da7914e.r2.dev/2228551701331802.mp4
carried-forward  1662829854787318 c0  → https://pub-893b4a6a607b4221a894bf861da7914e.r2.dev/1662829854787318.mp4
carried-forward  1656211858770558 c0  → https://pub-893b4a6a607b4221a894bf861da7914e.r2.dev/1656211858770558.mp4
carried-forward  3215709351956671 c0  → https://pub-893b4a6a607b4221a894bf861da7914e.r2.dev/3215709351956671.mp4
carried-forward  1073311072026840 c0  → https://pub-893b4a6a607b4221a894bf861da7914e.r2.dev/1073311072026840.mp4
carried-forward  920211211089397 c0  → https://pub-893b4a6a607b4221a894bf861da7914e.r2.dev/920211211089397.mp4
carried-forward  998646672967589 c0  → https://pub-893b4a6a607b4221a894bf861da7914e.r2.dev/998646672967589.mp4
carried-forward  1053895127284097 c0  → https://pub-893b4a6a607b4221a894bf861da7914e.r2.dev/1053895127284097.mp4
carried-forward  1607286517667851 c0  → https://pub-893b4a6a607b4221a894bf861da7914e.r2.dev/1607286517667851.mp4
carried-forward  1797330238300587 c0  → https://pub-893b4a6a607b4221a894bf861da7914e.r2.dev/1797330238300587.mp4
carried-forward  1303737575111957 c0  → https://pub-893b4a6a607b4221a894bf861da7914e.r2.dev/1303737575111957.mp4
carried-forward  1347726907560463 c0  → https://pub-893b4a6a607b4221a894bf861da7914e.r2.dev/1347726907560463.mp4
carried-forward  792807927193798 c0  → https://pub-893b4a6a607b4221a894bf861da7914e.r2.dev/792807927193798.mp4
carried-forward  1528205468796975 c0  → https://pub-893b4a6a607b4221a894bf861da7914e.r2.dev/1528205468796975.mp4
carried-forward  1229149502597052 c0  → https://pub-893b4a6a607b4221a894bf861da7914e.r2.dev/1229149502597052.mp4
carried-forward  2236501443806601 c0  → https://pub-893b4a6a607b4221a894bf861da7914e.r2.dev/2236501443806601.mp4
uploaded         1525791231931583 c0  (video) ← 1525791231931583.mp4  → https://pub-893b4a6a607b4221a894bf861da7914e.r2.dev/1525791231931583.mp4
uploaded         1634383475355754 c0  (video) ← 1634383475355754.mp4  → https://pub-893b4a6a607b4221a894bf861da7914e.r2.dev/1634383475355754.mp4
carried-forward  2880427788970614 c0  → https://pub-893b4a6a607b4221a894bf861da7914e.r2.dev/2880427788970614.mp4
uploaded         1773994727093959 c0  (video) ← 1773994727093959.mp4  → https://pub-893b4a6a607b4221a894bf861da7914e.r2.dev/1773994727093959.mp4
uploaded         1031653619409095 c0  (video) ← 1031653619409095.mp4  → https://pub-893b4a6a607b4221a894bf861da7914e.r2.dev/1031653619409095.mp4
uploaded         868586519313806 c0  (video) ← 868586519313806.mp4  → https://pub-893b4a6a607b4221a894bf861da7914e.r2.dev/868586519313806.mp4
uploaded         4612077479079157 c0  (video) ← 4612077479079157.mp4  → https://pub-893b4a6a607b4221a894bf861da7914e.r2.dev/4612077479079157.mp4
uploaded         2981801628827874 c0  (video) ← 2981801628827874.mp4  → https://pub-893b4a6a607b4221a894bf861da7914e.r2.dev/2981801628827874.mp4
uploaded         2248194406009167 c0  (video) ← 2248194406009167.mp4  → https://pub-893b4a6a607b4221a894bf861da7914e.r2.dev/2248194406009167.mp4
uploaded         2460452854444418 c0  (video) ← 2460452854444418.mp4  → https://pub-893b4a6a607b4221a894bf861da7914e.r2.dev/2460452854444418.mp4
uploaded         1571808057665199 c0  (video) ← 1571808057665199.mp4  → https://pub-893b4a6a607b4221a894bf861da7914e.r2.dev/1571808057665199.mp4
uploaded         964421226623710 c0  (video) ← 964421226623710.mp4  → https://pub-893b4a6a607b4221a894bf861da7914e.r2.dev/964421226623710.mp4
uploaded         1778444516859322 c0  (video) ← 1778444516859322.mp4  → https://pub-893b4a6a607b4221a894bf861da7914e.r2.dev/1778444516859322.mp4
uploaded         27598820129752645 c0  (video) ← 27598820129752645.mp4  → https://pub-893b4a6a607b4221a894bf861da7914e.r2.dev/27598820129752645.mp4
uploaded         1268657821851350 c0  (video) ← 1268657821851350.mp4  → https://pub-893b4a6a607b4221a894bf861da7914e.r2.dev/1268657821851350.mp4
uploaded         1033842315799737 c0  (video) ← 1033842315799737.mp4  → https://pub-893b4a6a607b4221a894bf861da7914e.r2.dev/1033842315799737.mp4
uploaded         1402490118667543 c0  (video) ← 1402490118667543.mp4  → https://pub-893b4a6a607b4221a894bf861da7914e.r2.dev/1402490118667543.mp4
uploaded         4506172943001637 c0  (video) ← 4506172943001637.mp4  → https://pub-893b4a6a607b4221a894bf861da7914e.r2.dev/4506172943001637.mp4
uploaded         27562531213387323 c0  (video) ← 27562531213387323.mp4  → https://pub-893b4a6a607b4221a894bf861da7914e.r2.dev/27562531213387323.mp4
uploaded         1054773300381636 c0  (video) ← 1054773300381636.mp4  → https://pub-893b4a6a607b4221a894bf861da7914e.r2.dev/1054773300381636.mp4
uploaded         1659873671748680 c0  (video) ← 1659873671748680.mp4  → https://pub-893b4a6a607b4221a894bf861da7914e.r2.dev/1659873671748680.mp4
uploaded         1055436974107996 c0  (video) ← 1055436974107996.mp4  → https://pub-893b4a6a607b4221a894bf861da7914e.r2.dev/1055436974107996.mp4
uploaded         1029659046465670 c0  (video) ← 1029659046465670.mp4  → https://pub-893b4a6a607b4221a894bf861da7914e.r2.dev/1029659046465670.mp4
uploaded         4261566124155697 c0  (video) ← 4261566124155697.mp4  → https://pub-893b4a6a607b4221a894bf861da7914e.r2.dev/4261566124155697.mp4
uploaded         1361479879293765 c0  (video) ← 1361479879293765.mp4  → https://pub-893b4a6a607b4221a894bf861da7914e.r2.dev/1361479879293765.mp4
uploaded         1342870691315926 c0  (video) ← 1342870691315926.mp4  → https://pub-893b4a6a607b4221a894bf861da7914e.r2.dev/1342870691315926.mp4
uploaded         1813783346269232 c0  (video) ← 1813783346269232.mp4  → https://pub-893b4a6a607b4221a894bf861da7914e.r2.dev/1813783346269232.mp4
uploaded         4137368463234062 c0  (video) ← 4137368463234062.mp4  → https://pub-893b4a6a607b4221a894bf861da7914e.r2.dev/4137368463234062.mp4
uploaded         1066183792501004 c0  (video) ← 1066183792501004.mp4  → https://pub-893b4a6a607b4221a894bf861da7914e.r2.dev/1066183792501004.mp4
uploaded         1499963024768541 c0  (video) ← 1499963024768541.mp4  → https://pub-893b4a6a607b4221a894bf861da7914e.r2.dev/1499963024768541.mp4
uploaded         1674920326954437 c0  (video) ← 1674920326954437.mp4  → https://pub-893b4a6a607b4221a894bf861da7914e.r2.dev/1674920326954437.mp4
uploaded         3790158631123959 c0  (video) ← 3790158631123959.mp4  → https://pub-893b4a6a607b4221a894bf861da7914e.r2.dev/3790158631123959.mp4
uploaded         2226662084803365 c0  (video) ← 2226662084803365.mp4  → https://pub-893b4a6a607b4221a894bf861da7914e.r2.dev/2226662084803365.mp4
uploaded         1478121844330765 c0  (video) ← 1478121844330765.mp4  → https://pub-893b4a6a607b4221a894bf861da7914e.r2.dev/1478121844330765.mp4
uploaded         1705285737350413 c0  (video) ← 1705285737350413.mp4  → https://pub-893b4a6a607b4221a894bf861da7914e.r2.dev/1705285737350413.mp4
uploaded         1538367320464102 c0  (video) ← 1538367320464102.mp4  → https://pub-893b4a6a607b4221a894bf861da7914e.r2.dev/1538367320464102.mp4
uploaded         999068833168042 c0  (video) ← 999068833168042.mp4  → https://pub-893b4a6a607b4221a894bf861da7914e.r2.dev/999068833168042.mp4
uploaded         995620069962545 c0  (video) ← 995620069962545.mp4  → https://pub-893b4a6a607b4221a894bf861da7914e.r2.dev/995620069962545.mp4
uploaded         4375666339244427 c0  (video) ← 4375666339244427.mp4  → https://pub-893b4a6a607b4221a894bf861da7914e.r2.dev/4375666339244427.mp4
uploaded         1939703050027071 c0  (video) ← 1939703050027071.mp4  → https://pub-893b4a6a607b4221a894bf861da7914e.r2.dev/1939703050027071.mp4
uploaded         965165153241939 c0  (video) ← 965165153241939.mp4  → https://pub-893b4a6a607b4221a894bf861da7914e.r2.dev/965165153241939.mp4
uploaded         1054729137123373 c0  (video) ← 1054729137123373.mp4  → https://pub-893b4a6a607b4221a894bf861da7914e.r2.dev/1054729137123373.mp4
uploaded         857628883867767 c0  (video) ← 857628883867767.mp4  → https://pub-893b4a6a607b4221a894bf861da7914e.r2.dev/857628883867767.mp4
uploaded         27921003047493584 c0  (video) ← 27921003047493584.mp4  → https://pub-893b4a6a607b4221a894bf861da7914e.r2.dev/27921003047493584.mp4
uploaded         1357140435751039 c0  (video) ← 1357140435751039.mp4  → https://pub-893b4a6a607b4221a894bf861da7914e.r2.dev/1357140435751039.mp4
carried-forward  1431209032174340 c0  → https://pub-893b4a6a607b4221a894bf861da7914e.r2.dev/1431209032174340.mp4
carried-forward  1660811185666077 c0  → https://pub-893b4a6a607b4221a894bf861da7914e.r2.dev/1660811185666077.mp4
carried-forward  27815415298084440 c0  → https://pub-893b4a6a607b4221a894bf861da7914e.r2.dev/27815415298084440.mp4
uploaded         1433551048819598 c0  (video) ← 1433551048819598.mp4  → https://pub-893b4a6a607b4221a894bf861da7914e.r2.dev/1433551048819598.mp4
uploaded         1084513130899501 c0  (video) ← 1084513130899501.mp4  → https://pub-893b4a6a607b4221a894bf861da7914e.r2.dev/1084513130899501.mp4
uploaded         2002394963735493 c0  (video) ← 2002394963735493.mp4  → https://pub-893b4a6a607b4221a894bf861da7914e.r2.dev/2002394963735493.mp4
uploaded         957822183946180 c0  (video) ← 957822183946180.mp4  → https://pub-893b4a6a607b4221a894bf861da7914e.r2.dev/957822183946180.mp4
uploaded         1717208469320265 c0  (video) ← 1717208469320265.mp4  → https://pub-893b4a6a607b4221a894bf861da7914e.r2.dev/1717208469320265.mp4
uploaded         1021402687424557 c0  (video) ← 1021402687424557.mp4  → https://pub-893b4a6a607b4221a894bf861da7914e.r2.dev/1021402687424557.mp4
uploaded         4116405885159075 c0  (video) ← 4116405885159075.mp4  → https://pub-893b4a6a607b4221a894bf861da7914e.r2.dev/4116405885159075.mp4
carried-forward  1573799770762054 c0  → https://pub-893b4a6a607b4221a894bf861da7914e.r2.dev/1573799770762054.mp4
uploaded         3528906517282565 c0  (video) ← 3528906517282565.mp4  → https://pub-893b4a6a607b4221a894bf861da7914e.r2.dev/3528906517282565.mp4
uploaded         1549896656617582 c0  (video) ← 1549896656617582.mp4  → https://pub-893b4a6a607b4221a894bf861da7914e.r2.dev/1549896656617582.mp4
carried-forward  1184386010520083 c0  → https://pub-893b4a6a607b4221a894bf861da7914e.r2.dev/1184386010520083.mp4
uploaded         1860282908691114 c0  (video) ← 1860282908691114.mp4  → https://pub-893b4a6a607b4221a894bf861da7914e.r2.dev/1860282908691114.mp4
carried-forward  1912406996383214 c0  → https://pub-893b4a6a607b4221a894bf861da7914e.r2.dev/1912406996383214.mp4
uploaded         1528846875636747 c0  (video) ← 1528846875636747.mp4  → https://pub-893b4a6a607b4221a894bf861da7914e.r2.dev/1528846875636747.mp4
carried-forward  2087987378472161 c0  → https://pub-893b4a6a607b4221a894bf861da7914e.r2.dev/2087987378472161.mp4
carried-forward  1377141237621817 c0  → https://pub-893b4a6a607b4221a894bf861da7914e.r2.dev/1377141237621817.mp4
uploaded         1037724192299018 c0  (video) ← 1037724192299018.mp4  → https://pub-893b4a6a607b4221a894bf861da7914e.r2.dev/1037724192299018.mp4
uploaded         27512304731744411 c0  (video) ← 27512304731744411.mp4  → https://pub-893b4a6a607b4221a894bf861da7914e.r2.dev/27512304731744411.mp4
carried-forward  1896860787628995 c0  → https://pub-893b4a6a607b4221a894bf861da7914e.r2.dev/1896860787628995.mp4
carried-forward  2762734147432390 c0  → https://pub-893b4a6a607b4221a894bf861da7914e.r2.dev/2762734147432390.mp4
carried-forward  2201754610603677 c0  → https://pub-893b4a6a607b4221a894bf861da7914e.r2.dev/2201754610603677.mp4
uploaded         1353409463029789 c0  (video) ← 1353409463029789.mp4  → https://pub-893b4a6a607b4221a894bf861da7914e.r2.dev/1353409463029789.mp4
carried-forward  1269756885082342 c0  → https://pub-893b4a6a607b4221a894bf861da7914e.r2.dev/1269756885082342.mp4
carried-forward  2222256028347224 c0  → https://pub-893b4a6a607b4221a894bf861da7914e.r2.dev/2222256028347224.mp4
uploaded         2073646236565398 c0  (video) ← 2073646236565398.mp4  → https://pub-893b4a6a607b4221a894bf861da7914e.r2.dev/2073646236565398.mp4
carried-forward  2485639215236433 c0  → https://pub-893b4a6a607b4221a894bf861da7914e.r2.dev/2485639215236433.mp4
carried-forward  958018013919547 c0  → https://pub-893b4a6a607b4221a894bf861da7914e.r2.dev/958018013919547.mp4
carried-forward  1593444748791575 c0  → https://pub-893b4a6a607b4221a894bf861da7914e.r2.dev/1593444748791575.mp4
carried-forward  2324155347991756 c0  → https://pub-893b4a6a607b4221a894bf861da7914e.r2.dev/2324155347991756.mp4
carried-forward  2104101840175793 c0  → https://pub-893b4a6a607b4221a894bf861da7914e.r2.dev/2104101840175793.mp4
carried-forward  1028227123019537 c0  → https://pub-893b4a6a607b4221a894bf861da7914e.r2.dev/1028227123019537.mp4
carried-forward  1933230364052576 c0  → https://pub-893b4a6a607b4221a894bf861da7914e.r2.dev/1933230364052576.mp4
carried-forward  2255971488490731 c0  → https://pub-893b4a6a607b4221a894bf861da7914e.r2.dev/2255971488490731.mp4
carried-forward  1335940752069497 c0  → https://pub-893b4a6a607b4221a894bf861da7914e.r2.dev/1335940752069497.mp4
carried-forward  1816399399768731 c0  → https://pub-893b4a6a607b4221a894bf861da7914e.r2.dev/1816399399768731.mp4
carried-forward  1671805693873767 c0  → https://pub-893b4a6a607b4221a894bf861da7914e.r2.dev/1671805693873767.mp4
uploaded         1081124217929241 c0  (video) ← 1081124217929241.mp4  → https://pub-893b4a6a607b4221a894bf861da7914e.r2.dev/1081124217929241.mp4
carried-forward  1744287289933298 c0  → https://pub-893b4a6a607b4221a894bf861da7914e.r2.dev/1744287289933298.mp4
carried-forward  2556561588118842 c0  → https://pub-893b4a6a607b4221a894bf861da7914e.r2.dev/2556561588118842.mp4
