# Step 3 run log
# competitor : speakx
# started_at : 2026-07-10T06:18:09
# input      : facebook/inputs/fb-ads-speakx-2026-07-10-0615.csv
# videos     : facebook/videos/speakx-2026-07-10
# master     : facebook/master/speakx.csv  (updated)
# enriched   : facebook/inputs/fb-ads-speakx-2026-07-10-0615_enriched.csv
# bucket     : video-ads
# public_base: https://pub-893b4a6a607b4221a894bf861da7914e.r2.dev
# dry_run    : False
#
# counts     : {'uploaded': 15, 'carried-forward': 125, 'image-pending': 14, 'video-missing': 8, 'no-creative': 0, 'error': 0}
#
carried-forward  1676862793642995 c0  → https://pub-893b4a6a607b4221a894bf861da7914e.r2.dev/1676862793642995.mp4
carried-forward  2170232180187458 c0  → https://pub-893b4a6a607b4221a894bf861da7914e.r2.dev/2170232180187458.mp4
carried-forward  1351262990299594 c0  → https://pub-893b4a6a607b4221a894bf861da7914e.r2.dev/1351262990299594.mp4
carried-forward  1507220527751466 c0  → https://pub-893b4a6a607b4221a894bf861da7914e.r2.dev/1507220527751466.mp4
carried-forward  1025654197054648 c0  → https://pub-893b4a6a607b4221a894bf861da7914e.r2.dev/1025654197054648.mp4
carried-forward  1962115631098937 c0  → https://pub-893b4a6a607b4221a894bf861da7914e.r2.dev/1962115631098937.mp4
carried-forward  1006144355452513 c0  → https://pub-893b4a6a607b4221a894bf861da7914e.r2.dev/1006144355452513.mp4
carried-forward  1459744116192629 c0  → https://pub-893b4a6a607b4221a894bf861da7914e.r2.dev/1459744116192629.mp4
carried-forward  1314381756861108 c0  → https://pub-893b4a6a607b4221a894bf861da7914e.r2.dev/1314381756861108.mp4
carried-forward  1573736987697228 c0  → https://pub-893b4a6a607b4221a894bf861da7914e.r2.dev/1573736987697228.mp4
carried-forward  999797746202495 c0  → https://pub-893b4a6a607b4221a894bf861da7914e.r2.dev/999797746202495.mp4
carried-forward  2556548328132117 c0  → https://pub-893b4a6a607b4221a894bf861da7914e.r2.dev/2556548328132117.mp4
carried-forward  1524280652525589 c0  → https://pub-893b4a6a607b4221a894bf861da7914e.r2.dev/1524280652525589.mp4
carried-forward  1945091749524573 c0  → https://pub-893b4a6a607b4221a894bf861da7914e.r2.dev/1945091749524573.mp4
carried-forward  1951806882141238 c0  → https://pub-893b4a6a607b4221a894bf861da7914e.r2.dev/1951806882141238.mp4
carried-forward  1008889414931118 c0  → https://pub-893b4a6a607b4221a894bf861da7914e.r2.dev/1008889414931118.mp4
carried-forward  1541795334197554 c0  → https://pub-893b4a6a607b4221a894bf861da7914e.r2.dev/1541795334197554.mp4
video-missing    1541795334197554 c0  (expected file not found in facebook/videos/speakx-2026-07-10)
carried-forward  1544800664105521 c0  → https://pub-893b4a6a607b4221a894bf861da7914e.r2.dev/1544800664105521.mp4
carried-forward  982762464660618 c0  → https://pub-893b4a6a607b4221a894bf861da7914e.r2.dev/982762464660618.mp4
carried-forward  1335664508621430 c0  → https://pub-893b4a6a607b4221a894bf861da7914e.r2.dev/1335664508621430.mp4
carried-forward  1712870236507784 c0  → https://pub-893b4a6a607b4221a894bf861da7914e.r2.dev/1712870236507784.mp4
carried-forward  878992604485262 c0  → https://pub-893b4a6a607b4221a894bf861da7914e.r2.dev/878992604485262.mp4
carried-forward  1019502594165977 c0  → https://pub-893b4a6a607b4221a894bf861da7914e.r2.dev/1019502594165977.mp4
carried-forward  1009666725318622 c0  → https://pub-893b4a6a607b4221a894bf861da7914e.r2.dev/1009666725318622.mp4
carried-forward  1271227128122015 c0  → https://pub-893b4a6a607b4221a894bf861da7914e.r2.dev/1271227128122015.mp4
carried-forward  1663497831527377 c0  → https://pub-893b4a6a607b4221a894bf861da7914e.r2.dev/1663497831527377.mp4
carried-forward  1502176517809162 c0  → https://pub-893b4a6a607b4221a894bf861da7914e.r2.dev/1502176517809162.mp4
carried-forward  2277051736458243 c0  → https://pub-893b4a6a607b4221a894bf861da7914e.r2.dev/2277051736458243.mp4
carried-forward  2085674658961809 c0  → https://pub-893b4a6a607b4221a894bf861da7914e.r2.dev/2085674658961809.mp4
carried-forward  1553179199937865 c0  → https://pub-893b4a6a607b4221a894bf861da7914e.r2.dev/1553179199937865.mp4
carried-forward  1035880228803854 c0  → https://pub-893b4a6a607b4221a894bf861da7914e.r2.dev/1035880228803854.mp4
carried-forward  1549778223524414 c0  → https://pub-893b4a6a607b4221a894bf861da7914e.r2.dev/1549778223524414.mp4
carried-forward  1319070990377407 c0  → https://pub-893b4a6a607b4221a894bf861da7914e.r2.dev/1319070990377407.mp4
carried-forward  1010490721756021 c0  → https://pub-893b4a6a607b4221a894bf861da7914e.r2.dev/1010490721756021.mp4
carried-forward  2177042646483754 c0  → https://pub-893b4a6a607b4221a894bf861da7914e.r2.dev/2177042646483754.mp4
carried-forward  1748068816627011 c0  → https://pub-893b4a6a607b4221a894bf861da7914e.r2.dev/1748068816627011.mp4
carried-forward  2493959911111238 c0  → https://pub-893b4a6a607b4221a894bf861da7914e.r2.dev/2493959911111238.mp4
video-missing    2493959911111238 c0  (expected file not found in facebook/videos/speakx-2026-07-10)
carried-forward  1579824307032138 c0  → https://pub-893b4a6a607b4221a894bf861da7914e.r2.dev/1579824307032138.mp4
carried-forward  953801784374334 c0  → https://pub-893b4a6a607b4221a894bf861da7914e.r2.dev/953801784374334.mp4
carried-forward  1397836285735648 c0  → https://pub-893b4a6a607b4221a894bf861da7914e.r2.dev/1397836285735648.mp4
carried-forward  1603255194920353 c0  → https://pub-893b4a6a607b4221a894bf861da7914e.r2.dev/1603255194920353.mp4
carried-forward  1784390322973469 c0  → https://pub-893b4a6a607b4221a894bf861da7914e.r2.dev/1784390322973469.mp4
carried-forward  1528983802208134 c0  → https://pub-893b4a6a607b4221a894bf861da7914e.r2.dev/1528983802208134.mp4
carried-forward  1590273166008635 c0  → https://pub-893b4a6a607b4221a894bf861da7914e.r2.dev/1590273166008635.mp4
carried-forward  1024972506819768 c0  → https://pub-893b4a6a607b4221a894bf861da7914e.r2.dev/1024972506819768.mp4
carried-forward  27187527107536108 c0  → https://pub-893b4a6a607b4221a894bf861da7914e.r2.dev/27187527107536108.mp4
carried-forward  1718754532619881 c0  → https://pub-893b4a6a607b4221a894bf861da7914e.r2.dev/1718754532619881.mp4
carried-forward  1353348313555298 c0  → https://pub-893b4a6a607b4221a894bf861da7914e.r2.dev/1353348313555298.mp4
carried-forward  2431019154040799 c0  → https://pub-893b4a6a607b4221a894bf861da7914e.r2.dev/2431019154040799.mp4
carried-forward  3239090386275527 c0  → https://pub-893b4a6a607b4221a894bf861da7914e.r2.dev/3239090386275527.mp4
carried-forward  2445266529284122 c0  → https://pub-893b4a6a607b4221a894bf861da7914e.r2.dev/2445266529284122.mp4
carried-forward  2055225678395208 c0  → https://pub-893b4a6a607b4221a894bf861da7914e.r2.dev/2055225678395208.mp4
carried-forward  1612981090248047 c0  → https://pub-893b4a6a607b4221a894bf861da7914e.r2.dev/1612981090248047.mp4
carried-forward  987984854000992 c0  → https://pub-893b4a6a607b4221a894bf861da7914e.r2.dev/987984854000992.mp4
carried-forward  1178995387743429 c0  → https://pub-893b4a6a607b4221a894bf861da7914e.r2.dev/1178995387743429.mp4
carried-forward  997580799646263 c0  → https://pub-893b4a6a607b4221a894bf861da7914e.r2.dev/997580799646263.mp4
carried-forward  1402822115240024 c0  → https://pub-893b4a6a607b4221a894bf861da7914e.r2.dev/1402822115240024.mp4
carried-forward  1387399283411233 c0  → https://pub-893b4a6a607b4221a894bf861da7914e.r2.dev/1387399283411233.mp4
carried-forward  2548048525626662 c0  → https://pub-893b4a6a607b4221a894bf861da7914e.r2.dev/2548048525626662.mp4
carried-forward  1365348615741176 c0  → https://pub-893b4a6a607b4221a894bf861da7914e.r2.dev/1365348615741176.mp4
carried-forward  1503815247634703 c0  → https://pub-893b4a6a607b4221a894bf861da7914e.r2.dev/1503815247634703.mp4
carried-forward  979397888269297 c0  → https://pub-893b4a6a607b4221a894bf861da7914e.r2.dev/979397888269297.mp4
uploaded         3440156466143422 c0  (video) ← 3440156466143422.mp4  → https://pub-893b4a6a607b4221a894bf861da7914e.r2.dev/3440156466143422.mp4
uploaded         3440156466143422 c0  (video) ← 3440156466143422_ver1_c0.mp4  → https://pub-893b4a6a607b4221a894bf861da7914e.r2.dev/3440156466143422_ver1_c0.mp4
carried-forward  1030440172717015 c0  → https://pub-893b4a6a607b4221a894bf861da7914e.r2.dev/1030440172717015.mp4
carried-forward  1745618079926147 c0  → https://pub-893b4a6a607b4221a894bf861da7914e.r2.dev/1745618079926147.mp4
carried-forward  1317357846423381 c0  → https://pub-893b4a6a607b4221a894bf861da7914e.r2.dev/1317357846423381.mp4
carried-forward  4304356203209733 c0  → https://pub-893b4a6a607b4221a894bf861da7914e.r2.dev/4304356203209733.mp4
carried-forward  1692907201922288 c0  → https://pub-893b4a6a607b4221a894bf861da7914e.r2.dev/1692907201922288.mp4
carried-forward  1019027777130898 c0  → https://pub-893b4a6a607b4221a894bf861da7914e.r2.dev/1019027777130898.mp4
carried-forward  860120010192043 c0  → https://pub-893b4a6a607b4221a894bf861da7914e.r2.dev/860120010192043.mp4
carried-forward  1036641875584902 c0  → https://pub-893b4a6a607b4221a894bf861da7914e.r2.dev/1036641875584902.mp4
carried-forward  1002691085973361 c0  → https://pub-893b4a6a607b4221a894bf861da7914e.r2.dev/1002691085973361.mp4
carried-forward  1472102651338699 c0  → https://pub-893b4a6a607b4221a894bf861da7914e.r2.dev/1472102651338699.mp4
carried-forward  1748954446342276 c0  → https://pub-893b4a6a607b4221a894bf861da7914e.r2.dev/1748954446342276.mp4
carried-forward  1911617969511435 c0  → https://pub-893b4a6a607b4221a894bf861da7914e.r2.dev/1911617969511435.mp4
carried-forward  993366446988196 c0  → https://pub-893b4a6a607b4221a894bf861da7914e.r2.dev/993366446988196.mp4
carried-forward  1316777246578170 c0  → https://pub-893b4a6a607b4221a894bf861da7914e.r2.dev/1316777246578170.mp4
carried-forward  1030442616045657 c0  → https://pub-893b4a6a607b4221a894bf861da7914e.r2.dev/1030442616045657.mp4
carried-forward  2064798011081043 c0  → https://pub-893b4a6a607b4221a894bf861da7914e.r2.dev/2064798011081043.mp4
carried-forward  4335560583422955 c0  → https://pub-893b4a6a607b4221a894bf861da7914e.r2.dev/4335560583422955.mp4
carried-forward  1390995239748223 c0  → https://pub-893b4a6a607b4221a894bf861da7914e.r2.dev/1390995239748223.mp4
carried-forward  1903938010283095 c0  → https://pub-893b4a6a607b4221a894bf861da7914e.r2.dev/1903938010283095.mp4
carried-forward  2203126280543270 c0  → https://pub-893b4a6a607b4221a894bf861da7914e.r2.dev/2203126280543270.mp4
carried-forward  2541274646337890 c0  → https://pub-893b4a6a607b4221a894bf861da7914e.r2.dev/2541274646337890.mp4
carried-forward  1888179688562464 c0  → https://pub-893b4a6a607b4221a894bf861da7914e.r2.dev/1888179688562464.mp4
carried-forward  1035647988838944 c0  → https://pub-893b4a6a607b4221a894bf861da7914e.r2.dev/1035647988838944.mp4
carried-forward  1034906239043885 c0  → https://pub-893b4a6a607b4221a894bf861da7914e.r2.dev/1034906239043885.mp4
carried-forward  1048333250872687 c0  → https://pub-893b4a6a607b4221a894bf861da7914e.r2.dev/1048333250872687.mp4
video-missing    1048333250872687 c0  (expected file not found in facebook/videos/speakx-2026-07-10)
carried-forward  1035062932251478 c0  → https://pub-893b4a6a607b4221a894bf861da7914e.r2.dev/1035062932251478.mp4
carried-forward  1755985579113125 c0  → https://pub-893b4a6a607b4221a894bf861da7914e.r2.dev/1755985579113125.mp4
carried-forward  1710759870250423 c0  → https://pub-893b4a6a607b4221a894bf861da7914e.r2.dev/1710759870250423.mp4
carried-forward  2979110629115345 c0  → https://pub-893b4a6a607b4221a894bf861da7914e.r2.dev/2979110629115345.mp4
carried-forward  3194390794101462 c0  → https://pub-893b4a6a607b4221a894bf861da7914e.r2.dev/3194390794101462.mp4
carried-forward  1362890869132799 c0  → https://pub-893b4a6a607b4221a894bf861da7914e.r2.dev/1362890869132799.mp4
carried-forward  1008071835310409 c0  → https://pub-893b4a6a607b4221a894bf861da7914e.r2.dev/1008071835310409.mp4
carried-forward  3417319231779287 c0  → https://pub-893b4a6a607b4221a894bf861da7914e.r2.dev/3417319231779287.mp4
carried-forward  880180717685885 c0  → https://pub-893b4a6a607b4221a894bf861da7914e.r2.dev/880180717685885.mp4
carried-forward  27229193570063215 c0  → https://pub-893b4a6a607b4221a894bf861da7914e.r2.dev/27229193570063215.mp4
carried-forward  1350966316920951 c0  → https://pub-893b4a6a607b4221a894bf861da7914e.r2.dev/1350966316920951.mp4
carried-forward  1002226199188311 c0  → https://pub-893b4a6a607b4221a894bf861da7914e.r2.dev/1002226199188311.mp4
carried-forward  873618651754187 c0  → https://pub-893b4a6a607b4221a894bf861da7914e.r2.dev/873618651754187.mp4
carried-forward  1017961491189825 c0  → https://pub-893b4a6a607b4221a894bf861da7914e.r2.dev/1017961491189825.mp4
carried-forward  1724422962333351 c0  → https://pub-893b4a6a607b4221a894bf861da7914e.r2.dev/1724422962333351.mp4
carried-forward  1018420804497050 c0  → https://pub-893b4a6a607b4221a894bf861da7914e.r2.dev/1018420804497050.mp4
carried-forward  1359996982637929 c0  → https://pub-893b4a6a607b4221a894bf861da7914e.r2.dev/1359996982637929.mp4
carried-forward  1231666342332159 c0  → https://pub-893b4a6a607b4221a894bf861da7914e.r2.dev/1231666342332159.mp4
carried-forward  872479192551236 c0  → https://pub-893b4a6a607b4221a894bf861da7914e.r2.dev/872479192551236.mp4
carried-forward  998521345905657 c0  → https://pub-893b4a6a607b4221a894bf861da7914e.r2.dev/998521345905657.mp4
carried-forward  1474482837766143 c0  → https://pub-893b4a6a607b4221a894bf861da7914e.r2.dev/1474482837766143.mp4
carried-forward  1018266577731610 c0  → https://pub-893b4a6a607b4221a894bf861da7914e.r2.dev/1018266577731610.mp4
image-pending    1545016926970763 c0  (HANDOVER §8.5 — image handling not yet built)
image-pending    1545016926970763 c0  (HANDOVER §8.5 — image handling not yet built)
image-pending    1355918086631670 c0  (HANDOVER §8.5 — image handling not yet built)
image-pending    1355918086631670 c0  (HANDOVER §8.5 — image handling not yet built)
carried-forward  1027328636938020 c0  → https://pub-893b4a6a607b4221a894bf861da7914e.r2.dev/1027328636938020.mp4
carried-forward  1567861934935310 c0  → https://pub-893b4a6a607b4221a894bf861da7914e.r2.dev/1567861934935310.mp4
carried-forward  2153857368680329 c0  → https://pub-893b4a6a607b4221a894bf861da7914e.r2.dev/2153857368680329.mp4
image-pending    1514130699917175 c0  (HANDOVER §8.5 — image handling not yet built)
image-pending    1514130699917175 c0  (HANDOVER §8.5 — image handling not yet built)
carried-forward  1036842332366490 c0  → https://pub-893b4a6a607b4221a894bf861da7914e.r2.dev/1036842332366490.mp4
image-pending    1023590177073076 c0  (HANDOVER §8.5 — image handling not yet built)
image-pending    1023590177073076 c0  (HANDOVER §8.5 — image handling not yet built)
carried-forward  1530495967917146 c0  → https://pub-893b4a6a607b4221a894bf861da7914e.r2.dev/1530495967917146.mp4
carried-forward  1513879384084872 c0  → https://pub-893b4a6a607b4221a894bf861da7914e.r2.dev/1513879384084872.mp4
carried-forward  2071191783775784 c0  → https://pub-893b4a6a607b4221a894bf861da7914e.r2.dev/2071191783775784.mp4
carried-forward  2576560662796293 c0  → https://pub-893b4a6a607b4221a894bf861da7914e.r2.dev/2576560662796293.mp4
carried-forward  2546085119143678 c0  → https://pub-893b4a6a607b4221a894bf861da7914e.r2.dev/2546085119143678.mp4
carried-forward  1349410449900531 c0  → https://pub-893b4a6a607b4221a894bf861da7914e.r2.dev/1349410449900531.mp4
carried-forward  1036413095395358 c0  → https://pub-893b4a6a607b4221a894bf861da7914e.r2.dev/1036413095395358.mp4
video-missing    1036413095395358 c0  (expected file not found in facebook/videos/speakx-2026-07-10)
image-pending    1042478948739321 c0  (HANDOVER §8.5 — image handling not yet built)
image-pending    1042478948739321 c0  (HANDOVER §8.5 — image handling not yet built)
carried-forward  1049969107602118 c0  → https://pub-893b4a6a607b4221a894bf861da7914e.r2.dev/1049969107602118.mp4
video-missing    1049969107602118 c0  (expected file not found in facebook/videos/speakx-2026-07-10)
carried-forward  1739479963750989 c0  → https://pub-893b4a6a607b4221a894bf861da7914e.r2.dev/1739479963750989.mp4
image-pending    1357021366357055 c0  (HANDOVER §8.5 — image handling not yet built)
image-pending    1357021366357055 c0  (HANDOVER §8.5 — image handling not yet built)
carried-forward  2721403284920040 c0  → https://pub-893b4a6a607b4221a894bf861da7914e.r2.dev/2721403284920040.mp4
video-missing    2721403284920040 c0  (expected file not found in facebook/videos/speakx-2026-07-10)
uploaded         1534744628291389 c0  (video) ← 1534744628291389.mp4  → https://pub-893b4a6a607b4221a894bf861da7914e.r2.dev/1534744628291389.mp4
video-missing    1534744628291389 c0  (expected file not found in facebook/videos/speakx-2026-07-10)
uploaded         791056860696238 c0  (video) ← 791056860696238.mp4  → https://pub-893b4a6a607b4221a894bf861da7914e.r2.dev/791056860696238.mp4
uploaded         2007739379844908 c0  (video) ← 2007739379844908.mp4  → https://pub-893b4a6a607b4221a894bf861da7914e.r2.dev/2007739379844908.mp4
uploaded         856323653936689 c0  (video) ← 856323653936689.mp4  → https://pub-893b4a6a607b4221a894bf861da7914e.r2.dev/856323653936689.mp4
uploaded         1280012374208351 c0  (video) ← 1280012374208351.mp4  → https://pub-893b4a6a607b4221a894bf861da7914e.r2.dev/1280012374208351.mp4
image-pending    1338566518256713 c0  (HANDOVER §8.5 — image handling not yet built)
uploaded         1813450486290822 c0  (video) ← 1813450486290822.mp4  → https://pub-893b4a6a607b4221a894bf861da7914e.r2.dev/1813450486290822.mp4
uploaded         1005743248531003 c0  (video) ← 1005743248531003.mp4  → https://pub-893b4a6a607b4221a894bf861da7914e.r2.dev/1005743248531003.mp4
carried-forward  1018301297462586 c0  → https://pub-893b4a6a607b4221a894bf861da7914e.r2.dev/1018301297462586.mp4
uploaded         1944664899515494 c0  (video) ← 1944664899515494.mp4  → https://pub-893b4a6a607b4221a894bf861da7914e.r2.dev/1944664899515494.mp4
carried-forward  1340007950958225 c0  → https://pub-893b4a6a607b4221a894bf861da7914e.r2.dev/1340007950958225.mp4
video-missing    1340007950958225 c0  (expected file not found in facebook/videos/speakx-2026-07-10)
uploaded         896627793494279 c0  (video) ← 896627793494279.mp4  → https://pub-893b4a6a607b4221a894bf861da7914e.r2.dev/896627793494279.mp4
uploaded         1561306658866210 c0  (video) ← 1561306658866210.mp4  → https://pub-893b4a6a607b4221a894bf861da7914e.r2.dev/1561306658866210.mp4
uploaded         1057165336752779 c0  (video) ← 1057165336752779.mp4  → https://pub-893b4a6a607b4221a894bf861da7914e.r2.dev/1057165336752779.mp4
uploaded         2156167178287943 c0  (video) ← 2156167178287943.mp4  → https://pub-893b4a6a607b4221a894bf861da7914e.r2.dev/2156167178287943.mp4
uploaded         3103212589868281 c0  (video) ← 3103212589868281.mp4  → https://pub-893b4a6a607b4221a894bf861da7914e.r2.dev/3103212589868281.mp4
image-pending    1684648989531977 c0  (HANDOVER §8.5 — image handling not yet built)
