# Step 3 run log
# competitor : speakeasy
# started_at : 2026-06-24T14:08:13
# input      : facebook/inputs/fb-ads-speakeasy-2026-06-24-1404.csv
# videos     : facebook/videos/speakeasy-2026-06-24
# master     : facebook/master/speakeasy.csv  (updated)
# enriched   : facebook/inputs/fb-ads-speakeasy-2026-06-24-1404_enriched.csv
# bucket     : video-ads
# public_base: https://pub-893b4a6a607b4221a894bf861da7914e.r2.dev
# dry_run    : False
#
# counts     : {'uploaded': 43, 'carried-forward': 69, 'image-pending': 0, 'video-missing': 0, 'no-creative': 0, 'error': 0}
#
carried-forward  2096925954204563 c0  → https://pub-893b4a6a607b4221a894bf861da7914e.r2.dev/2096925954204563.mp4
carried-forward  972795661907348 c0  → https://pub-893b4a6a607b4221a894bf861da7914e.r2.dev/972795661907348.mp4
carried-forward  2202456460521928 c0  → https://pub-893b4a6a607b4221a894bf861da7914e.r2.dev/2202456460521928.mp4
carried-forward  1350528533804193 c0  → https://pub-893b4a6a607b4221a894bf861da7914e.r2.dev/1350528533804193.mp4
carried-forward  1329522652574885 c0  → https://pub-893b4a6a607b4221a894bf861da7914e.r2.dev/1329522652574885.mp4
carried-forward  2046215799301881 c0  → https://pub-893b4a6a607b4221a894bf861da7914e.r2.dev/2046215799301881.mp4
carried-forward  832059772860621 c0  → https://pub-893b4a6a607b4221a894bf861da7914e.r2.dev/832059772860621.mp4
carried-forward  2230483907768260 c0  → https://pub-893b4a6a607b4221a894bf861da7914e.r2.dev/2230483907768260.mp4
carried-forward  27190213957294951 c0  → https://pub-893b4a6a607b4221a894bf861da7914e.r2.dev/27190213957294951.mp4
carried-forward  979539158020932 c0  → https://pub-893b4a6a607b4221a894bf861da7914e.r2.dev/979539158020932.mp4
carried-forward  1003649275414638 c0  → https://pub-893b4a6a607b4221a894bf861da7914e.r2.dev/1003649275414638.mp4
carried-forward  2443549536146368 c0  → https://pub-893b4a6a607b4221a894bf861da7914e.r2.dev/2443549536146368.mp4
carried-forward  947802114906536 c0  → https://pub-893b4a6a607b4221a894bf861da7914e.r2.dev/947802114906536.mp4
carried-forward  933307746352020 c0  → https://pub-893b4a6a607b4221a894bf861da7914e.r2.dev/933307746352020.mp4
carried-forward  989566713658308 c0  → https://pub-893b4a6a607b4221a894bf861da7914e.r2.dev/989566713658308.mp4
carried-forward  1586155146379829 c0  → https://pub-893b4a6a607b4221a894bf861da7914e.r2.dev/1586155146379829.mp4
carried-forward  1836498971087758 c0  → https://pub-893b4a6a607b4221a894bf861da7914e.r2.dev/1836498971087758.mp4
carried-forward  1004243468673350 c0  → https://pub-893b4a6a607b4221a894bf861da7914e.r2.dev/1004243468673350.mp4
carried-forward  1515028196659572 c0  → https://pub-893b4a6a607b4221a894bf861da7914e.r2.dev/1515028196659572.mp4
carried-forward  27025689503764135 c0  → https://pub-893b4a6a607b4221a894bf861da7914e.r2.dev/27025689503764135.mp4
carried-forward  1921299865193505 c0  → https://pub-893b4a6a607b4221a894bf861da7914e.r2.dev/1921299865193505.mp4
carried-forward  1990549078495400 c0  → https://pub-893b4a6a607b4221a894bf861da7914e.r2.dev/1990549078495400.mp4
carried-forward  1715366832977862 c0  → https://pub-893b4a6a607b4221a894bf861da7914e.r2.dev/1715366832977862.mp4
carried-forward  1459277669338335 c0  → https://pub-893b4a6a607b4221a894bf861da7914e.r2.dev/1459277669338335.mp4
carried-forward  1044795624562796 c0  → https://pub-893b4a6a607b4221a894bf861da7914e.r2.dev/1044795624562796.mp4
carried-forward  1528971672204383 c0  → https://pub-893b4a6a607b4221a894bf861da7914e.r2.dev/1528971672204383.mp4
carried-forward  1321959232684279 c0  → https://pub-893b4a6a607b4221a894bf861da7914e.r2.dev/1321959232684279.mp4
carried-forward  1031572926061825 c0  → https://pub-893b4a6a607b4221a894bf861da7914e.r2.dev/1031572926061825.mp4
carried-forward  1697445064905391 c0  → https://pub-893b4a6a607b4221a894bf861da7914e.r2.dev/1697445064905391.mp4
carried-forward  1749757829714015 c0  → https://pub-893b4a6a607b4221a894bf861da7914e.r2.dev/1749757829714015.mp4
carried-forward  1509000537534731 c0  → https://pub-893b4a6a607b4221a894bf861da7914e.r2.dev/1509000537534731.mp4
carried-forward  27086569487680423 c0  → https://pub-893b4a6a607b4221a894bf861da7914e.r2.dev/27086569487680423.mp4
carried-forward  881778314332597 c0  → https://pub-893b4a6a607b4221a894bf861da7914e.r2.dev/881778314332597.mp4
carried-forward  27378272641859957 c0  → https://pub-893b4a6a607b4221a894bf861da7914e.r2.dev/27378272641859957.mp4
carried-forward  4143356245955538 c0  → https://pub-893b4a6a607b4221a894bf861da7914e.r2.dev/4143356245955538.mp4
carried-forward  2004881760391786 c0  → https://pub-893b4a6a607b4221a894bf861da7914e.r2.dev/2004881760391786.mp4
carried-forward  1754597612655199 c0  → https://pub-893b4a6a607b4221a894bf861da7914e.r2.dev/1754597612655199.mp4
carried-forward  1033786642642767 c0  → https://pub-893b4a6a607b4221a894bf861da7914e.r2.dev/1033786642642767.mp4
carried-forward  1013230951086366 c0  → https://pub-893b4a6a607b4221a894bf861da7914e.r2.dev/1013230951086366.mp4
carried-forward  1706586897142307 c0  → https://pub-893b4a6a607b4221a894bf861da7914e.r2.dev/1706586897142307.mp4
carried-forward  27501723209413940 c0  → https://pub-893b4a6a607b4221a894bf861da7914e.r2.dev/27501723209413940.mp4
carried-forward  889233933501921 c0  → https://pub-893b4a6a607b4221a894bf861da7914e.r2.dev/889233933501921.mp4
carried-forward  2099249430662365 c0  → https://pub-893b4a6a607b4221a894bf861da7914e.r2.dev/2099249430662365.mp4
carried-forward  1274918781380927 c0  → https://pub-893b4a6a607b4221a894bf861da7914e.r2.dev/1274918781380927.mp4
carried-forward  4233618053522585 c0  → https://pub-893b4a6a607b4221a894bf861da7914e.r2.dev/4233618053522585.mp4
carried-forward  1723870662261164 c0  → https://pub-893b4a6a607b4221a894bf861da7914e.r2.dev/1723870662261164.mp4
carried-forward  1011965198455335 c0  → https://pub-893b4a6a607b4221a894bf861da7914e.r2.dev/1011965198455335.mp4
carried-forward  3339788186203354 c0  → https://pub-893b4a6a607b4221a894bf861da7914e.r2.dev/3339788186203354.mp4
carried-forward  2033832710566826 c0  → https://pub-893b4a6a607b4221a894bf861da7914e.r2.dev/2033832710566826.mp4
carried-forward  1890078848354220 c0  → https://pub-893b4a6a607b4221a894bf861da7914e.r2.dev/1890078848354220.mp4
carried-forward  27046815901606274 c0  → https://pub-893b4a6a607b4221a894bf861da7914e.r2.dev/27046815901606274.mp4
carried-forward  1324292329831050 c0  → https://pub-893b4a6a607b4221a894bf861da7914e.r2.dev/1324292329831050.mp4
carried-forward  1386805923279705 c0  → https://pub-893b4a6a607b4221a894bf861da7914e.r2.dev/1386805923279705.mp4
carried-forward  2906298679721315 c0  → https://pub-893b4a6a607b4221a894bf861da7914e.r2.dev/2906298679721315.mp4
carried-forward  2071647760437589 c0  → https://pub-893b4a6a607b4221a894bf861da7914e.r2.dev/2071647760437589.mp4
carried-forward  1758345675330702 c0  → https://pub-893b4a6a607b4221a894bf861da7914e.r2.dev/1758345675330702.mp4
carried-forward  1285753573334918 c0  → https://pub-893b4a6a607b4221a894bf861da7914e.r2.dev/1285753573334918.mp4
carried-forward  1010463461343787 c0  → https://pub-893b4a6a607b4221a894bf861da7914e.r2.dev/1010463461343787.mp4
carried-forward  1028672456571398 c0  → https://pub-893b4a6a607b4221a894bf861da7914e.r2.dev/1028672456571398.mp4
carried-forward  854032033985665 c0  → https://pub-893b4a6a607b4221a894bf861da7914e.r2.dev/854032033985665.mp4
carried-forward  1653566946609414 c0  → https://pub-893b4a6a607b4221a894bf861da7914e.r2.dev/1653566946609414.mp4
carried-forward  1168131235478527 c0  → https://pub-893b4a6a607b4221a894bf861da7914e.r2.dev/1168131235478527.mp4
carried-forward  2245734962626860 c0  → https://pub-893b4a6a607b4221a894bf861da7914e.r2.dev/2245734962626860.mp4
carried-forward  874722785094358 c0  → https://pub-893b4a6a607b4221a894bf861da7914e.r2.dev/874722785094358.mp4
carried-forward  1657579782144196 c0  → https://pub-893b4a6a607b4221a894bf861da7914e.r2.dev/1657579782144196.mp4
carried-forward  1023353213520872 c0  → https://pub-893b4a6a607b4221a894bf861da7914e.r2.dev/1023353213520872.mp4
carried-forward  1749948459510113 c0  → https://pub-893b4a6a607b4221a894bf861da7914e.r2.dev/1749948459510113.mp4
carried-forward  1543528693797253 c0  → https://pub-893b4a6a607b4221a894bf861da7914e.r2.dev/1543528693797253.mp4
carried-forward  1782202363157939 c0  → https://pub-893b4a6a607b4221a894bf861da7914e.r2.dev/1782202363157939.mp4
uploaded         2015338379345824 c0  (video) ← 2015338379345824.mp4  → https://pub-893b4a6a607b4221a894bf861da7914e.r2.dev/2015338379345824.mp4
uploaded         1007394932018188 c0  (video) ← 1007394932018188.mp4  → https://pub-893b4a6a607b4221a894bf861da7914e.r2.dev/1007394932018188.mp4
uploaded         2854629138250861 c0  (video) ← 2854629138250861.mp4  → https://pub-893b4a6a607b4221a894bf861da7914e.r2.dev/2854629138250861.mp4
uploaded         1005290858755106 c0  (video) ← 1005290858755106.mp4  → https://pub-893b4a6a607b4221a894bf861da7914e.r2.dev/1005290858755106.mp4
uploaded         981035167890304 c0  (video) ← 981035167890304.mp4  → https://pub-893b4a6a607b4221a894bf861da7914e.r2.dev/981035167890304.mp4
uploaded         1772558894189872 c0  (video) ← 1772558894189872.mp4  → https://pub-893b4a6a607b4221a894bf861da7914e.r2.dev/1772558894189872.mp4
uploaded         1694028108409817 c0  (video) ← 1694028108409817.mp4  → https://pub-893b4a6a607b4221a894bf861da7914e.r2.dev/1694028108409817.mp4
uploaded         2405155876661280 c0  (video) ← 2405155876661280.mp4  → https://pub-893b4a6a607b4221a894bf861da7914e.r2.dev/2405155876661280.mp4
uploaded         2089865811886437 c0  (video) ← 2089865811886437.mp4  → https://pub-893b4a6a607b4221a894bf861da7914e.r2.dev/2089865811886437.mp4
uploaded         1330212525238228 c0  (video) ← 1330212525238228.mp4  → https://pub-893b4a6a607b4221a894bf861da7914e.r2.dev/1330212525238228.mp4
uploaded         896989763433459 c0  (video) ← 896989763433459.mp4  → https://pub-893b4a6a607b4221a894bf861da7914e.r2.dev/896989763433459.mp4
uploaded         1586296943155034 c0  (video) ← 1586296943155034.mp4  → https://pub-893b4a6a607b4221a894bf861da7914e.r2.dev/1586296943155034.mp4
uploaded         819733277739729 c0  (video) ← 819733277739729.mp4  → https://pub-893b4a6a607b4221a894bf861da7914e.r2.dev/819733277739729.mp4
uploaded         2213246832761664 c0  (video) ← 2213246832761664.mp4  → https://pub-893b4a6a607b4221a894bf861da7914e.r2.dev/2213246832761664.mp4
uploaded         1695783751714849 c0  (video) ← 1695783751714849.mp4  → https://pub-893b4a6a607b4221a894bf861da7914e.r2.dev/1695783751714849.mp4
uploaded         1018543047347932 c0  (video) ← 1018543047347932.mp4  → https://pub-893b4a6a607b4221a894bf861da7914e.r2.dev/1018543047347932.mp4
uploaded         2261220358027835 c0  (video) ← 2261220358027835.mp4  → https://pub-893b4a6a607b4221a894bf861da7914e.r2.dev/2261220358027835.mp4
uploaded         2394547624289953 c0  (video) ← 2394547624289953.mp4  → https://pub-893b4a6a607b4221a894bf861da7914e.r2.dev/2394547624289953.mp4
uploaded         1695810444996044 c0  (video) ← 1695810444996044.mp4  → https://pub-893b4a6a607b4221a894bf861da7914e.r2.dev/1695810444996044.mp4
uploaded         1365518585752933 c0  (video) ← 1365518585752933.mp4  → https://pub-893b4a6a607b4221a894bf861da7914e.r2.dev/1365518585752933.mp4
uploaded         1945519429485659 c0  (video) ← 1945519429485659.mp4  → https://pub-893b4a6a607b4221a894bf861da7914e.r2.dev/1945519429485659.mp4
uploaded         1329286339306900 c0  (video) ← 1329286339306900.mp4  → https://pub-893b4a6a607b4221a894bf861da7914e.r2.dev/1329286339306900.mp4
uploaded         1329530475266124 c0  (video) ← 1329530475266124.mp4  → https://pub-893b4a6a607b4221a894bf861da7914e.r2.dev/1329530475266124.mp4
uploaded         1375657254410866 c0  (video) ← 1375657254410866.mp4  → https://pub-893b4a6a607b4221a894bf861da7914e.r2.dev/1375657254410866.mp4
uploaded         1371920964787000 c0  (video) ← 1371920964787000.mp4  → https://pub-893b4a6a607b4221a894bf861da7914e.r2.dev/1371920964787000.mp4
uploaded         1032503149467138 c0  (video) ← 1032503149467138.mp4  → https://pub-893b4a6a607b4221a894bf861da7914e.r2.dev/1032503149467138.mp4
uploaded         1893779937968049 c0  (video) ← 1893779937968049.mp4  → https://pub-893b4a6a607b4221a894bf861da7914e.r2.dev/1893779937968049.mp4
uploaded         1036583772282106 c0  (video) ← 1036583772282106.mp4  → https://pub-893b4a6a607b4221a894bf861da7914e.r2.dev/1036583772282106.mp4
uploaded         1452946436870988 c0  (video) ← 1452946436870988.mp4  → https://pub-893b4a6a607b4221a894bf861da7914e.r2.dev/1452946436870988.mp4
uploaded         1968303247153256 c0  (video) ← 1968303247153256.mp4  → https://pub-893b4a6a607b4221a894bf861da7914e.r2.dev/1968303247153256.mp4
uploaded         1323868526555337 c0  (video) ← 1323868526555337.mp4  → https://pub-893b4a6a607b4221a894bf861da7914e.r2.dev/1323868526555337.mp4
uploaded         1637483051215310 c0  (video) ← 1637483051215310.mp4  → https://pub-893b4a6a607b4221a894bf861da7914e.r2.dev/1637483051215310.mp4
uploaded         1017904837553177 c0  (video) ← 1017904837553177.mp4  → https://pub-893b4a6a607b4221a894bf861da7914e.r2.dev/1017904837553177.mp4
uploaded         1738837290701811 c0  (video) ← 1738837290701811.mp4  → https://pub-893b4a6a607b4221a894bf861da7914e.r2.dev/1738837290701811.mp4
uploaded         2542296809552034 c0  (video) ← 2542296809552034.mp4  → https://pub-893b4a6a607b4221a894bf861da7914e.r2.dev/2542296809552034.mp4
uploaded         986003521085719 c0  (video) ← 986003521085719.mp4  → https://pub-893b4a6a607b4221a894bf861da7914e.r2.dev/986003521085719.mp4
uploaded         1012623951226742 c0  (video) ← 1012623951226742.mp4  → https://pub-893b4a6a607b4221a894bf861da7914e.r2.dev/1012623951226742.mp4
uploaded         1356496527096530 c0  (video) ← 1356496527096530.mp4  → https://pub-893b4a6a607b4221a894bf861da7914e.r2.dev/1356496527096530.mp4
uploaded         27780816231536833 c0  (video) ← 27780816231536833.mp4  → https://pub-893b4a6a607b4221a894bf861da7914e.r2.dev/27780816231536833.mp4
uploaded         2038343334227407 c0  (video) ← 2038343334227407.mp4  → https://pub-893b4a6a607b4221a894bf861da7914e.r2.dev/2038343334227407.mp4
uploaded         1296645402226755 c0  (video) ← 1296645402226755.mp4  → https://pub-893b4a6a607b4221a894bf861da7914e.r2.dev/1296645402226755.mp4
uploaded         27425351817092054 c0  (video) ← 27425351817092054.mp4  → https://pub-893b4a6a607b4221a894bf861da7914e.r2.dev/27425351817092054.mp4
uploaded         1044147908549480 c0  (video) ← 1044147908549480.mp4  → https://pub-893b4a6a607b4221a894bf861da7914e.r2.dev/1044147908549480.mp4
