# Step 3 run log
# competitor : speakx
# started_at : 2026-07-06T18:07:04
# input      : facebook/inputs/fb-ads-speakx-2026-07-06-0811.csv
# videos     : facebook/videos/speakx-2026-07-06
# master     : facebook/master/speakx.csv  (updated)
# enriched   : facebook/inputs/fb-ads-speakx-2026-07-06-0811_enriched.csv
# bucket     : video-ads
# public_base: https://pub-893b4a6a607b4221a894bf861da7914e.r2.dev
# dry_run    : False
#
# counts     : {'uploaded': 0, 'carried-forward': 124, 'image-pending': 8, 'video-missing': 7, 'no-creative': 0, 'error': 0}
#
carried-forward  1676862793642995 c0  → https://pub-893b4a6a607b4221a894bf861da7914e.r2.dev/1676862793642995.mp4
carried-forward  1507220527751466 c0  → https://pub-893b4a6a607b4221a894bf861da7914e.r2.dev/1507220527751466.mp4
carried-forward  1025654197054648 c0  → https://pub-893b4a6a607b4221a894bf861da7914e.r2.dev/1025654197054648.mp4
carried-forward  1962115631098937 c0  → https://pub-893b4a6a607b4221a894bf861da7914e.r2.dev/1962115631098937.mp4
carried-forward  1006144355452513 c0  → https://pub-893b4a6a607b4221a894bf861da7914e.r2.dev/1006144355452513.mp4
carried-forward  1573736987697228 c0  → https://pub-893b4a6a607b4221a894bf861da7914e.r2.dev/1573736987697228.mp4
carried-forward  1459744116192629 c0  → https://pub-893b4a6a607b4221a894bf861da7914e.r2.dev/1459744116192629.mp4
carried-forward  880190364528542 c0  → https://pub-893b4a6a607b4221a894bf861da7914e.r2.dev/880190364528542.mp4
carried-forward  2556548328132117 c0  → https://pub-893b4a6a607b4221a894bf861da7914e.r2.dev/2556548328132117.mp4
carried-forward  1541795334197554 c0  → https://pub-893b4a6a607b4221a894bf861da7914e.r2.dev/1541795334197554.mp4
video-missing    1541795334197554 c0  (expected file not found in facebook/videos/speakx-2026-07-06)
carried-forward  1945091749524573 c0  → https://pub-893b4a6a607b4221a894bf861da7914e.r2.dev/1945091749524573.mp4
carried-forward  1314381756861108 c0  → https://pub-893b4a6a607b4221a894bf861da7914e.r2.dev/1314381756861108.mp4
carried-forward  1008889414931118 c0  → https://pub-893b4a6a607b4221a894bf861da7914e.r2.dev/1008889414931118.mp4
carried-forward  1544800664105521 c0  → https://pub-893b4a6a607b4221a894bf861da7914e.r2.dev/1544800664105521.mp4
carried-forward  878992604485262 c0  → https://pub-893b4a6a607b4221a894bf861da7914e.r2.dev/878992604485262.mp4
carried-forward  1712870236507784 c0  → https://pub-893b4a6a607b4221a894bf861da7914e.r2.dev/1712870236507784.mp4
carried-forward  2343524256180543 c0  → https://pub-893b4a6a607b4221a894bf861da7914e.r2.dev/2343524256180543.mp4
carried-forward  2041460689911312 c0  → https://pub-893b4a6a607b4221a894bf861da7914e.r2.dev/2041460689911312.mp4
video-missing    2041460689911312 c0  (expected file not found in facebook/videos/speakx-2026-07-06)
carried-forward  1951806882141238 c0  → https://pub-893b4a6a607b4221a894bf861da7914e.r2.dev/1951806882141238.mp4
carried-forward  1030329693015754 c0  → https://pub-893b4a6a607b4221a894bf861da7914e.r2.dev/1030329693015754.mp4
carried-forward  1351262990299594 c0  → https://pub-893b4a6a607b4221a894bf861da7914e.r2.dev/1351262990299594.mp4
carried-forward  2289248188147929 c0  → https://pub-893b4a6a607b4221a894bf861da7914e.r2.dev/2289248188147929.mp4
video-missing    2289248188147929 c0  (expected file not found in facebook/videos/speakx-2026-07-06)
carried-forward  1009666725318622 c0  → https://pub-893b4a6a607b4221a894bf861da7914e.r2.dev/1009666725318622.mp4
carried-forward  1271227128122015 c0  → https://pub-893b4a6a607b4221a894bf861da7914e.r2.dev/1271227128122015.mp4
carried-forward  2174385197293200 c0  → https://pub-893b4a6a607b4221a894bf861da7914e.r2.dev/2174385197293200.mp4
carried-forward  1335664508621430 c0  → https://pub-893b4a6a607b4221a894bf861da7914e.r2.dev/1335664508621430.mp4
carried-forward  3239172676273214 c0  → https://pub-893b4a6a607b4221a894bf861da7914e.r2.dev/3239172676273214.mp4
carried-forward  1524280652525589 c0  → https://pub-893b4a6a607b4221a894bf861da7914e.r2.dev/1524280652525589.mp4
carried-forward  1502176517809162 c0  → https://pub-893b4a6a607b4221a894bf861da7914e.r2.dev/1502176517809162.mp4
carried-forward  982762464660618 c0  → https://pub-893b4a6a607b4221a894bf861da7914e.r2.dev/982762464660618.mp4
carried-forward  1553179199937865 c0  → https://pub-893b4a6a607b4221a894bf861da7914e.r2.dev/1553179199937865.mp4
carried-forward  2085674658961809 c0  → https://pub-893b4a6a607b4221a894bf861da7914e.r2.dev/2085674658961809.mp4
carried-forward  2277051736458243 c0  → https://pub-893b4a6a607b4221a894bf861da7914e.r2.dev/2277051736458243.mp4
carried-forward  817247541325649 c0  → https://pub-893b4a6a607b4221a894bf861da7914e.r2.dev/817247541325649.mp4
carried-forward  1025351456556289 c0  → https://pub-893b4a6a607b4221a894bf861da7914e.r2.dev/1025351456556289.mp4
video-missing    1025351456556289 c0  (expected file not found in facebook/videos/speakx-2026-07-06)
carried-forward  2177042646483754 c0  → https://pub-893b4a6a607b4221a894bf861da7914e.r2.dev/2177042646483754.mp4
carried-forward  1748068816627011 c0  → https://pub-893b4a6a607b4221a894bf861da7914e.r2.dev/1748068816627011.mp4
carried-forward  1319070990377407 c0  → https://pub-893b4a6a607b4221a894bf861da7914e.r2.dev/1319070990377407.mp4
carried-forward  1306274787895707 c0  → https://pub-893b4a6a607b4221a894bf861da7914e.r2.dev/1306274787895707.mp4
carried-forward  999793912757557 c0  → https://pub-893b4a6a607b4221a894bf861da7914e.r2.dev/999793912757557.mp4
carried-forward  1019502594165977 c0  → https://pub-893b4a6a607b4221a894bf861da7914e.r2.dev/1019502594165977.mp4
carried-forward  1549778223524414 c0  → https://pub-893b4a6a607b4221a894bf861da7914e.r2.dev/1549778223524414.mp4
carried-forward  1035880228803854 c0  → https://pub-893b4a6a607b4221a894bf861da7914e.r2.dev/1035880228803854.mp4
carried-forward  1264955088855948 c0  → https://pub-893b4a6a607b4221a894bf861da7914e.r2.dev/1264955088855948.mp4
carried-forward  1528983802208134 c0  → https://pub-893b4a6a607b4221a894bf861da7914e.r2.dev/1528983802208134.mp4
carried-forward  1784390322973469 c0  → https://pub-893b4a6a607b4221a894bf861da7914e.r2.dev/1784390322973469.mp4
carried-forward  1663497831527377 c0  → https://pub-893b4a6a607b4221a894bf861da7914e.r2.dev/1663497831527377.mp4
carried-forward  1409116061125049 c0  → https://pub-893b4a6a607b4221a894bf861da7914e.r2.dev/1409116061125049.mp4
carried-forward  1603255194920353 c0  → https://pub-893b4a6a607b4221a894bf861da7914e.r2.dev/1603255194920353.mp4
carried-forward  1362392719184469 c0  → https://pub-893b4a6a607b4221a894bf861da7914e.r2.dev/1362392719184469.mp4
carried-forward  1575691400787331 c0  → https://pub-893b4a6a607b4221a894bf861da7914e.r2.dev/1575691400787331.mp4
carried-forward  1537114968044424 c0  → https://pub-893b4a6a607b4221a894bf861da7914e.r2.dev/1537114968044424.mp4
carried-forward  1701013401044660 c0  → https://pub-893b4a6a607b4221a894bf861da7914e.r2.dev/1701013401044660.mp4
video-missing    1701013401044660 c0  (expected file not found in facebook/videos/speakx-2026-07-06)
carried-forward  1718754532619881 c0  → https://pub-893b4a6a607b4221a894bf861da7914e.r2.dev/1718754532619881.mp4
carried-forward  1479084983988138 c0  → https://pub-893b4a6a607b4221a894bf861da7914e.r2.dev/1479084983988138.mp4
carried-forward  2445266529284122 c0  → https://pub-893b4a6a607b4221a894bf861da7914e.r2.dev/2445266529284122.mp4
carried-forward  2055225678395208 c0  → https://pub-893b4a6a607b4221a894bf861da7914e.r2.dev/2055225678395208.mp4
carried-forward  989703680547354 c0  → https://pub-893b4a6a607b4221a894bf861da7914e.r2.dev/989703680547354.mp4
carried-forward  1480373503839635 c0  → https://pub-893b4a6a607b4221a894bf861da7914e.r2.dev/1480373503839635.mp4
carried-forward  1880454822626452 c0  → https://pub-893b4a6a607b4221a894bf861da7914e.r2.dev/1880454822626452.mp4
carried-forward  1575260164158601 c0  → https://pub-893b4a6a607b4221a894bf861da7914e.r2.dev/1575260164158601.mp4
carried-forward  1013976714353518 c0  → https://pub-893b4a6a607b4221a894bf861da7914e.r2.dev/1013976714353518.mp4
video-missing    1013976714353518 c0  (expected file not found in facebook/videos/speakx-2026-07-06)
carried-forward  1355170459896183 c0  → https://pub-893b4a6a607b4221a894bf861da7914e.r2.dev/1355170459896183.mp4
carried-forward  1016202597791945 c0  → https://pub-893b4a6a607b4221a894bf861da7914e.r2.dev/1016202597791945.mp4
carried-forward  2431019154040799 c0  → https://pub-893b4a6a607b4221a894bf861da7914e.r2.dev/2431019154040799.mp4
carried-forward  1387399283411233 c0  → https://pub-893b4a6a607b4221a894bf861da7914e.r2.dev/1387399283411233.mp4
carried-forward  2248135302598746 c0  → https://pub-893b4a6a607b4221a894bf861da7914e.r2.dev/2248135302598746.mp4
carried-forward  1579824307032138 c0  → https://pub-893b4a6a607b4221a894bf861da7914e.r2.dev/1579824307032138.mp4
carried-forward  3683922041758505 c0  → https://pub-893b4a6a607b4221a894bf861da7914e.r2.dev/3683922041758505.mp4
carried-forward  27187527107536108 c0  → https://pub-893b4a6a607b4221a894bf861da7914e.r2.dev/27187527107536108.mp4
carried-forward  1030440172717015 c0  → https://pub-893b4a6a607b4221a894bf861da7914e.r2.dev/1030440172717015.mp4
carried-forward  1460498285835111 c0  → https://pub-893b4a6a607b4221a894bf861da7914e.r2.dev/1460498285835111.mp4
carried-forward  4304356203209733 c0  → https://pub-893b4a6a607b4221a894bf861da7914e.r2.dev/4304356203209733.mp4
carried-forward  1542586317563155 c0  → https://pub-893b4a6a607b4221a894bf861da7914e.r2.dev/1542586317563155.mp4
video-missing    1542586317563155 c0  (expected file not found in facebook/videos/speakx-2026-07-06)
carried-forward  1019027777130898 c0  → https://pub-893b4a6a607b4221a894bf861da7914e.r2.dev/1019027777130898.mp4
carried-forward  1317357846423381 c0  → https://pub-893b4a6a607b4221a894bf861da7914e.r2.dev/1317357846423381.mp4
carried-forward  1024972506819768 c0  → https://pub-893b4a6a607b4221a894bf861da7914e.r2.dev/1024972506819768.mp4
carried-forward  1316777246578170 c0  → https://pub-893b4a6a607b4221a894bf861da7914e.r2.dev/1316777246578170.mp4
carried-forward  1406476871300305 c0  → https://pub-893b4a6a607b4221a894bf861da7914e.r2.dev/1406476871300305.mp4
carried-forward  1178995387743429 c0  → https://pub-893b4a6a607b4221a894bf861da7914e.r2.dev/1178995387743429.mp4
carried-forward  1924599755181213 c0  → https://pub-893b4a6a607b4221a894bf861da7914e.r2.dev/1924599755181213.mp4
carried-forward  993366446988196 c0  → https://pub-893b4a6a607b4221a894bf861da7914e.r2.dev/993366446988196.mp4
carried-forward  1353348313555298 c0  → https://pub-893b4a6a607b4221a894bf861da7914e.r2.dev/1353348313555298.mp4
carried-forward  1748954446342276 c0  → https://pub-893b4a6a607b4221a894bf861da7914e.r2.dev/1748954446342276.mp4
carried-forward  1040469018628927 c0  → https://pub-893b4a6a607b4221a894bf861da7914e.r2.dev/1040469018628927.mp4
carried-forward  1348218336655877 c0  → https://pub-893b4a6a607b4221a894bf861da7914e.r2.dev/1348218336655877.mp4
carried-forward  1888179688562464 c0  → https://pub-893b4a6a607b4221a894bf861da7914e.r2.dev/1888179688562464.mp4
carried-forward  2064798011081043 c0  → https://pub-893b4a6a607b4221a894bf861da7914e.r2.dev/2064798011081043.mp4
carried-forward  1035280016098545 c0  → https://pub-893b4a6a607b4221a894bf861da7914e.r2.dev/1035280016098545.mp4
carried-forward  1755985579113125 c0  → https://pub-893b4a6a607b4221a894bf861da7914e.r2.dev/1755985579113125.mp4
carried-forward  1725635455252618 c0  → https://pub-893b4a6a607b4221a894bf861da7914e.r2.dev/1725635455252618.mp4
carried-forward  3194390794101462 c0  → https://pub-893b4a6a607b4221a894bf861da7914e.r2.dev/3194390794101462.mp4
carried-forward  1041263552181453 c0  → https://pub-893b4a6a607b4221a894bf861da7914e.r2.dev/1041263552181453.mp4
carried-forward  1362890869132799 c0  → https://pub-893b4a6a607b4221a894bf861da7914e.r2.dev/1362890869132799.mp4
carried-forward  880180717685885 c0  → https://pub-893b4a6a607b4221a894bf861da7914e.r2.dev/880180717685885.mp4
carried-forward  27229193570063215 c0  → https://pub-893b4a6a607b4221a894bf861da7914e.r2.dev/27229193570063215.mp4
carried-forward  1350966316920951 c0  → https://pub-893b4a6a607b4221a894bf861da7914e.r2.dev/1350966316920951.mp4
carried-forward  1002226199188311 c0  → https://pub-893b4a6a607b4221a894bf861da7914e.r2.dev/1002226199188311.mp4
carried-forward  1017961491189825 c0  → https://pub-893b4a6a607b4221a894bf861da7914e.r2.dev/1017961491189825.mp4
carried-forward  873618651754187 c0  → https://pub-893b4a6a607b4221a894bf861da7914e.r2.dev/873618651754187.mp4
carried-forward  27450337197999112 c0  → https://pub-893b4a6a607b4221a894bf861da7914e.r2.dev/27450337197999112.mp4
carried-forward  1724422962333351 c0  → https://pub-893b4a6a607b4221a894bf861da7914e.r2.dev/1724422962333351.mp4
carried-forward  1018420804497050 c0  → https://pub-893b4a6a607b4221a894bf861da7914e.r2.dev/1018420804497050.mp4
carried-forward  1418765420059794 c0  → https://pub-893b4a6a607b4221a894bf861da7914e.r2.dev/1418765420059794.mp4
carried-forward  1359996982637929 c0  → https://pub-893b4a6a607b4221a894bf861da7914e.r2.dev/1359996982637929.mp4
carried-forward  779014288637298 c0  → https://pub-893b4a6a607b4221a894bf861da7914e.r2.dev/779014288637298.mp4
carried-forward  1010490721756021 c0  → https://pub-893b4a6a607b4221a894bf861da7914e.r2.dev/1010490721756021.mp4
carried-forward  2441301233021502 c0  → https://pub-893b4a6a607b4221a894bf861da7914e.r2.dev/2441301233021502.mp4
carried-forward  1362839305910894 c0  → https://pub-893b4a6a607b4221a894bf861da7914e.r2.dev/1362839305910894.mp4
carried-forward  872479192551236 c0  → https://pub-893b4a6a607b4221a894bf861da7914e.r2.dev/872479192551236.mp4
carried-forward  986647784342463 c0  → https://pub-893b4a6a607b4221a894bf861da7914e.r2.dev/986647784342463.mp4
carried-forward  987984854000992 c0  → https://pub-893b4a6a607b4221a894bf861da7914e.r2.dev/987984854000992.mp4
carried-forward  1538522081103506 c0  → https://pub-893b4a6a607b4221a894bf861da7914e.r2.dev/1538522081103506.mp4
carried-forward  1474482837766143 c0  → https://pub-893b4a6a607b4221a894bf861da7914e.r2.dev/1474482837766143.mp4
carried-forward  998521345905657 c0  → https://pub-893b4a6a607b4221a894bf861da7914e.r2.dev/998521345905657.mp4
carried-forward  1018266577731610 c0  → https://pub-893b4a6a607b4221a894bf861da7914e.r2.dev/1018266577731610.mp4
image-pending    1502553454983449 c0  (HANDOVER §8.5 — image handling not yet built)
image-pending    1668913915243531 c0  (HANDOVER §8.5 — image handling not yet built)
image-pending    1530276725269853 c0  (HANDOVER §8.5 — image handling not yet built)
carried-forward  1031255179567911 c0  → https://pub-893b4a6a607b4221a894bf861da7914e.r2.dev/1031255179567911.mp4
carried-forward  2852221428457241 c0  → https://pub-893b4a6a607b4221a894bf861da7914e.r2.dev/2852221428457241.mp4
image-pending    1587003312849731 c0  (HANDOVER §8.5 — image handling not yet built)
carried-forward  1032088779257493 c0  → https://pub-893b4a6a607b4221a894bf861da7914e.r2.dev/1032088779257493.mp4
image-pending    1341185267964259 c0  (HANDOVER §8.5 — image handling not yet built)
carried-forward  985249144363806 c0  → https://pub-893b4a6a607b4221a894bf861da7914e.r2.dev/985249144363806.mp4
image-pending    2304650336940476 c0  (HANDOVER §8.5 — image handling not yet built)
image-pending    1022383650256237 c0  (HANDOVER §8.5 — image handling not yet built)
carried-forward  1513995210370651 c0  → https://pub-893b4a6a607b4221a894bf861da7914e.r2.dev/1513995210370651.mp4
carried-forward  845484834915284 c0  → https://pub-893b4a6a607b4221a894bf861da7914e.r2.dev/845484834915284.mp4
image-pending    1551047923410116 c0  (HANDOVER §8.5 — image handling not yet built)
carried-forward  933981069692312 c0  → https://pub-893b4a6a607b4221a894bf861da7914e.r2.dev/933981069692312.mp4
carried-forward  1318839933771493 c0  → https://pub-893b4a6a607b4221a894bf861da7914e.r2.dev/1318839933771493.mp4
