# Step 3 run log
# competitor : speakeasy
# started_at : 2026-06-25T14:14:18
# input      : facebook/inputs/fb-ads-speakeasy-2026-06-25-1410.csv
# videos     : facebook/videos/speakeasy-2026-06-25
# master     : facebook/master/speakeasy.csv  (updated)
# enriched   : facebook/inputs/fb-ads-speakeasy-2026-06-25-1410_enriched.csv
# bucket     : video-ads
# public_base: https://pub-893b4a6a607b4221a894bf861da7914e.r2.dev
# dry_run    : False
#
# counts     : {'uploaded': 50, 'carried-forward': 86, 'image-pending': 0, 'video-missing': 0, 'no-creative': 0, 'error': 0}
#
carried-forward  2096925954204563 c0  → https://pub-893b4a6a607b4221a894bf861da7914e.r2.dev/2096925954204563.mp4
carried-forward  972795661907348 c0  → https://pub-893b4a6a607b4221a894bf861da7914e.r2.dev/972795661907348.mp4
carried-forward  2202456460521928 c0  → https://pub-893b4a6a607b4221a894bf861da7914e.r2.dev/2202456460521928.mp4
carried-forward  1350528533804193 c0  → https://pub-893b4a6a607b4221a894bf861da7914e.r2.dev/1350528533804193.mp4
carried-forward  1329522652574885 c0  → https://pub-893b4a6a607b4221a894bf861da7914e.r2.dev/1329522652574885.mp4
carried-forward  2046215799301881 c0  → https://pub-893b4a6a607b4221a894bf861da7914e.r2.dev/2046215799301881.mp4
carried-forward  832059772860621 c0  → https://pub-893b4a6a607b4221a894bf861da7914e.r2.dev/832059772860621.mp4
carried-forward  2230483907768260 c0  → https://pub-893b4a6a607b4221a894bf861da7914e.r2.dev/2230483907768260.mp4
carried-forward  27190213957294951 c0  → https://pub-893b4a6a607b4221a894bf861da7914e.r2.dev/27190213957294951.mp4
carried-forward  979539158020932 c0  → https://pub-893b4a6a607b4221a894bf861da7914e.r2.dev/979539158020932.mp4
carried-forward  1003649275414638 c0  → https://pub-893b4a6a607b4221a894bf861da7914e.r2.dev/1003649275414638.mp4
carried-forward  2443549536146368 c0  → https://pub-893b4a6a607b4221a894bf861da7914e.r2.dev/2443549536146368.mp4
carried-forward  947802114906536 c0  → https://pub-893b4a6a607b4221a894bf861da7914e.r2.dev/947802114906536.mp4
carried-forward  933307746352020 c0  → https://pub-893b4a6a607b4221a894bf861da7914e.r2.dev/933307746352020.mp4
carried-forward  989566713658308 c0  → https://pub-893b4a6a607b4221a894bf861da7914e.r2.dev/989566713658308.mp4
carried-forward  1586155146379829 c0  → https://pub-893b4a6a607b4221a894bf861da7914e.r2.dev/1586155146379829.mp4
carried-forward  1836498971087758 c0  → https://pub-893b4a6a607b4221a894bf861da7914e.r2.dev/1836498971087758.mp4
carried-forward  1004243468673350 c0  → https://pub-893b4a6a607b4221a894bf861da7914e.r2.dev/1004243468673350.mp4
carried-forward  1515028196659572 c0  → https://pub-893b4a6a607b4221a894bf861da7914e.r2.dev/1515028196659572.mp4
carried-forward  1715366832977862 c0  → https://pub-893b4a6a607b4221a894bf861da7914e.r2.dev/1715366832977862.mp4
carried-forward  27025689503764135 c0  → https://pub-893b4a6a607b4221a894bf861da7914e.r2.dev/27025689503764135.mp4
carried-forward  1921299865193505 c0  → https://pub-893b4a6a607b4221a894bf861da7914e.r2.dev/1921299865193505.mp4
carried-forward  1990549078495400 c0  → https://pub-893b4a6a607b4221a894bf861da7914e.r2.dev/1990549078495400.mp4
carried-forward  1459277669338335 c0  → https://pub-893b4a6a607b4221a894bf861da7914e.r2.dev/1459277669338335.mp4
carried-forward  1044795624562796 c0  → https://pub-893b4a6a607b4221a894bf861da7914e.r2.dev/1044795624562796.mp4
carried-forward  1528971672204383 c0  → https://pub-893b4a6a607b4221a894bf861da7914e.r2.dev/1528971672204383.mp4
carried-forward  1321959232684279 c0  → https://pub-893b4a6a607b4221a894bf861da7914e.r2.dev/1321959232684279.mp4
carried-forward  1031572926061825 c0  → https://pub-893b4a6a607b4221a894bf861da7914e.r2.dev/1031572926061825.mp4
carried-forward  1697445064905391 c0  → https://pub-893b4a6a607b4221a894bf861da7914e.r2.dev/1697445064905391.mp4
carried-forward  1749757829714015 c0  → https://pub-893b4a6a607b4221a894bf861da7914e.r2.dev/1749757829714015.mp4
carried-forward  27086569487680423 c0  → https://pub-893b4a6a607b4221a894bf861da7914e.r2.dev/27086569487680423.mp4
carried-forward  27378272641859957 c0  → https://pub-893b4a6a607b4221a894bf861da7914e.r2.dev/27378272641859957.mp4
carried-forward  1274918781380927 c0  → https://pub-893b4a6a607b4221a894bf861da7914e.r2.dev/1274918781380927.mp4
carried-forward  1754597612655199 c0  → https://pub-893b4a6a607b4221a894bf861da7914e.r2.dev/1754597612655199.mp4
carried-forward  1013230951086366 c0  → https://pub-893b4a6a607b4221a894bf861da7914e.r2.dev/1013230951086366.mp4
carried-forward  1033786642642767 c0  → https://pub-893b4a6a607b4221a894bf861da7914e.r2.dev/1033786642642767.mp4
carried-forward  2004881760391786 c0  → https://pub-893b4a6a607b4221a894bf861da7914e.r2.dev/2004881760391786.mp4
carried-forward  2033832710566826 c0  → https://pub-893b4a6a607b4221a894bf861da7914e.r2.dev/2033832710566826.mp4
carried-forward  1890078848354220 c0  → https://pub-893b4a6a607b4221a894bf861da7914e.r2.dev/1890078848354220.mp4
carried-forward  1706586897142307 c0  → https://pub-893b4a6a607b4221a894bf861da7914e.r2.dev/1706586897142307.mp4
carried-forward  27501723209413940 c0  → https://pub-893b4a6a607b4221a894bf861da7914e.r2.dev/27501723209413940.mp4
carried-forward  1011965198455335 c0  → https://pub-893b4a6a607b4221a894bf861da7914e.r2.dev/1011965198455335.mp4
carried-forward  2906298679721315 c0  → https://pub-893b4a6a607b4221a894bf861da7914e.r2.dev/2906298679721315.mp4
carried-forward  3339788186203354 c0  → https://pub-893b4a6a607b4221a894bf861da7914e.r2.dev/3339788186203354.mp4
carried-forward  27046815901606274 c0  → https://pub-893b4a6a607b4221a894bf861da7914e.r2.dev/27046815901606274.mp4
carried-forward  1010463461343787 c0  → https://pub-893b4a6a607b4221a894bf861da7914e.r2.dev/1010463461343787.mp4
carried-forward  1723870662261164 c0  → https://pub-893b4a6a607b4221a894bf861da7914e.r2.dev/1723870662261164.mp4
carried-forward  1324292329831050 c0  → https://pub-893b4a6a607b4221a894bf861da7914e.r2.dev/1324292329831050.mp4
carried-forward  1758345675330702 c0  → https://pub-893b4a6a607b4221a894bf861da7914e.r2.dev/1758345675330702.mp4
carried-forward  1285753573334918 c0  → https://pub-893b4a6a607b4221a894bf861da7914e.r2.dev/1285753573334918.mp4
carried-forward  2071647760437589 c0  → https://pub-893b4a6a607b4221a894bf861da7914e.r2.dev/2071647760437589.mp4
carried-forward  1028672456571398 c0  → https://pub-893b4a6a607b4221a894bf861da7914e.r2.dev/1028672456571398.mp4
carried-forward  1386805923279705 c0  → https://pub-893b4a6a607b4221a894bf861da7914e.r2.dev/1386805923279705.mp4
carried-forward  2245734962626860 c0  → https://pub-893b4a6a607b4221a894bf861da7914e.r2.dev/2245734962626860.mp4
carried-forward  1653566946609414 c0  → https://pub-893b4a6a607b4221a894bf861da7914e.r2.dev/1653566946609414.mp4
carried-forward  874722785094358 c0  → https://pub-893b4a6a607b4221a894bf861da7914e.r2.dev/874722785094358.mp4
carried-forward  1168131235478527 c0  → https://pub-893b4a6a607b4221a894bf861da7914e.r2.dev/1168131235478527.mp4
carried-forward  854032033985665 c0  → https://pub-893b4a6a607b4221a894bf861da7914e.r2.dev/854032033985665.mp4
carried-forward  1023353213520872 c0  → https://pub-893b4a6a607b4221a894bf861da7914e.r2.dev/1023353213520872.mp4
carried-forward  1749948459510113 c0  → https://pub-893b4a6a607b4221a894bf861da7914e.r2.dev/1749948459510113.mp4
carried-forward  1452946436870988 c0  → https://pub-893b4a6a607b4221a894bf861da7914e.r2.dev/1452946436870988.mp4
carried-forward  1543528693797253 c0  → https://pub-893b4a6a607b4221a894bf861da7914e.r2.dev/1543528693797253.mp4
carried-forward  1968303247153256 c0  → https://pub-893b4a6a607b4221a894bf861da7914e.r2.dev/1968303247153256.mp4
carried-forward  1695783751714849 c0  → https://pub-893b4a6a607b4221a894bf861da7914e.r2.dev/1695783751714849.mp4
carried-forward  27425351817092054 c0  → https://pub-893b4a6a607b4221a894bf861da7914e.r2.dev/27425351817092054.mp4
carried-forward  1296645402226755 c0  → https://pub-893b4a6a607b4221a894bf861da7914e.r2.dev/1296645402226755.mp4
carried-forward  986003521085719 c0  → https://pub-893b4a6a607b4221a894bf861da7914e.r2.dev/986003521085719.mp4
carried-forward  1017904837553177 c0  → https://pub-893b4a6a607b4221a894bf861da7914e.r2.dev/1017904837553177.mp4
carried-forward  1330212525238228 c0  → https://pub-893b4a6a607b4221a894bf861da7914e.r2.dev/1330212525238228.mp4
carried-forward  2542296809552034 c0  → https://pub-893b4a6a607b4221a894bf861da7914e.r2.dev/2542296809552034.mp4
carried-forward  1356496527096530 c0  → https://pub-893b4a6a607b4221a894bf861da7914e.r2.dev/1356496527096530.mp4
carried-forward  1738837290701811 c0  → https://pub-893b4a6a607b4221a894bf861da7914e.r2.dev/1738837290701811.mp4
carried-forward  1036583772282106 c0  → https://pub-893b4a6a607b4221a894bf861da7914e.r2.dev/1036583772282106.mp4
carried-forward  2394547624289953 c0  → https://pub-893b4a6a607b4221a894bf861da7914e.r2.dev/2394547624289953.mp4
carried-forward  1044147908549480 c0  → https://pub-893b4a6a607b4221a894bf861da7914e.r2.dev/1044147908549480.mp4
carried-forward  1012623951226742 c0  → https://pub-893b4a6a607b4221a894bf861da7914e.r2.dev/1012623951226742.mp4
carried-forward  819733277739729 c0  → https://pub-893b4a6a607b4221a894bf861da7914e.r2.dev/819733277739729.mp4
carried-forward  1371920964787000 c0  → https://pub-893b4a6a607b4221a894bf861da7914e.r2.dev/1371920964787000.mp4
carried-forward  1375657254410866 c0  → https://pub-893b4a6a607b4221a894bf861da7914e.r2.dev/1375657254410866.mp4
carried-forward  1032503149467138 c0  → https://pub-893b4a6a607b4221a894bf861da7914e.r2.dev/1032503149467138.mp4
carried-forward  1695810444996044 c0  → https://pub-893b4a6a607b4221a894bf861da7914e.r2.dev/1695810444996044.mp4
uploaded         2260533191150973 c0  (video) ← 2260533191150973.mp4  → https://pub-893b4a6a607b4221a894bf861da7914e.r2.dev/2260533191150973.mp4
uploaded         848971781628162 c0  (video) ← 848971781628162.mp4  → https://pub-893b4a6a607b4221a894bf861da7914e.r2.dev/848971781628162.mp4
carried-forward  896989763433459 c0  → https://pub-893b4a6a607b4221a894bf861da7914e.r2.dev/896989763433459.mp4
uploaded         993165076902807 c0  (video) ← 993165076902807.mp4  → https://pub-893b4a6a607b4221a894bf861da7914e.r2.dev/993165076902807.mp4
uploaded         1759917562117033 c0  (video) ← 1759917562117033.mp4  → https://pub-893b4a6a607b4221a894bf861da7914e.r2.dev/1759917562117033.mp4
carried-forward  2261220358027835 c0  → https://pub-893b4a6a607b4221a894bf861da7914e.r2.dev/2261220358027835.mp4
carried-forward  2038343334227407 c0  → https://pub-893b4a6a607b4221a894bf861da7914e.r2.dev/2038343334227407.mp4
carried-forward  1694028108409817 c0  → https://pub-893b4a6a607b4221a894bf861da7914e.r2.dev/1694028108409817.mp4
carried-forward  1005290858755106 c0  → https://pub-893b4a6a607b4221a894bf861da7914e.r2.dev/1005290858755106.mp4
uploaded         1559495785519992 c0  (video) ← 1559495785519992.mp4  → https://pub-893b4a6a607b4221a894bf861da7914e.r2.dev/1559495785519992.mp4
uploaded         1763163464667778 c0  (video) ← 1763163464667778.mp4  → https://pub-893b4a6a607b4221a894bf861da7914e.r2.dev/1763163464667778.mp4
uploaded         2255359371932744 c0  (video) ← 2255359371932744.mp4  → https://pub-893b4a6a607b4221a894bf861da7914e.r2.dev/2255359371932744.mp4
uploaded         4539960142950619 c0  (video) ← 4539960142950619.mp4  → https://pub-893b4a6a607b4221a894bf861da7914e.r2.dev/4539960142950619.mp4
uploaded         986194264326548 c0  (video) ← 986194264326548.mp4  → https://pub-893b4a6a607b4221a894bf861da7914e.r2.dev/986194264326548.mp4
uploaded         1005331035549216 c0  (video) ← 1005331035549216.mp4  → https://pub-893b4a6a607b4221a894bf861da7914e.r2.dev/1005331035549216.mp4
uploaded         1027572049619032 c0  (video) ← 1027572049619032.mp4  → https://pub-893b4a6a607b4221a894bf861da7914e.r2.dev/1027572049619032.mp4
uploaded         1389822543204144 c0  (video) ← 1389822543204144.mp4  → https://pub-893b4a6a607b4221a894bf861da7914e.r2.dev/1389822543204144.mp4
uploaded         1664340988190356 c0  (video) ← 1664340988190356.mp4  → https://pub-893b4a6a607b4221a894bf861da7914e.r2.dev/1664340988190356.mp4
uploaded         37044784298446099 c0  (video) ← 37044784298446099.mp4  → https://pub-893b4a6a607b4221a894bf861da7914e.r2.dev/37044784298446099.mp4
uploaded         2925368487811208 c0  (video) ← 2925368487811208.mp4  → https://pub-893b4a6a607b4221a894bf861da7914e.r2.dev/2925368487811208.mp4
uploaded         942186425500033 c0  (video) ← 942186425500033.mp4  → https://pub-893b4a6a607b4221a894bf861da7914e.r2.dev/942186425500033.mp4
uploaded         2069634304433222 c0  (video) ← 2069634304433222.mp4  → https://pub-893b4a6a607b4221a894bf861da7914e.r2.dev/2069634304433222.mp4
uploaded         2037544283534590 c0  (video) ← 2037544283534590.mp4  → https://pub-893b4a6a607b4221a894bf861da7914e.r2.dev/2037544283534590.mp4
uploaded         2177477169702299 c0  (video) ← 2177477169702299.mp4  → https://pub-893b4a6a607b4221a894bf861da7914e.r2.dev/2177477169702299.mp4
uploaded         2023645954940017 c0  (video) ← 2023645954940017.mp4  → https://pub-893b4a6a607b4221a894bf861da7914e.r2.dev/2023645954940017.mp4
uploaded         1823569825748369 c0  (video) ← 1823569825748369.mp4  → https://pub-893b4a6a607b4221a894bf861da7914e.r2.dev/1823569825748369.mp4
uploaded         2077261656249916 c0  (video) ← 2077261656249916.mp4  → https://pub-893b4a6a607b4221a894bf861da7914e.r2.dev/2077261656249916.mp4
uploaded         2065913707471647 c0  (video) ← 2065913707471647.mp4  → https://pub-893b4a6a607b4221a894bf861da7914e.r2.dev/2065913707471647.mp4
uploaded         2144309496142735 c0  (video) ← 2144309496142735.mp4  → https://pub-893b4a6a607b4221a894bf861da7914e.r2.dev/2144309496142735.mp4
uploaded         1021952743777235 c0  (video) ← 1021952743777235.mp4  → https://pub-893b4a6a607b4221a894bf861da7914e.r2.dev/1021952743777235.mp4
uploaded         3922291927907491 c0  (video) ← 3922291927907491.mp4  → https://pub-893b4a6a607b4221a894bf861da7914e.r2.dev/3922291927907491.mp4
uploaded         2239986650081716 c0  (video) ← 2239986650081716.mp4  → https://pub-893b4a6a607b4221a894bf861da7914e.r2.dev/2239986650081716.mp4
uploaded         845325358364561 c0  (video) ← 845325358364561.mp4  → https://pub-893b4a6a607b4221a894bf861da7914e.r2.dev/845325358364561.mp4
uploaded         1034347915635118 c0  (video) ← 1034347915635118.mp4  → https://pub-893b4a6a607b4221a894bf861da7914e.r2.dev/1034347915635118.mp4
uploaded         1903962816956522 c0  (video) ← 1903962816956522.mp4  → https://pub-893b4a6a607b4221a894bf861da7914e.r2.dev/1903962816956522.mp4
uploaded         1782510706247992 c0  (video) ← 1782510706247992.mp4  → https://pub-893b4a6a607b4221a894bf861da7914e.r2.dev/1782510706247992.mp4
uploaded         1027644689642170 c0  (video) ← 1027644689642170.mp4  → https://pub-893b4a6a607b4221a894bf861da7914e.r2.dev/1027644689642170.mp4
uploaded         992543626719435 c0  (video) ← 992543626719435.mp4  → https://pub-893b4a6a607b4221a894bf861da7914e.r2.dev/992543626719435.mp4
uploaded         957369430694606 c0  (video) ← 957369430694606.mp4  → https://pub-893b4a6a607b4221a894bf861da7914e.r2.dev/957369430694606.mp4
uploaded         1056873020643925 c0  (video) ← 1056873020643925.mp4  → https://pub-893b4a6a607b4221a894bf861da7914e.r2.dev/1056873020643925.mp4
uploaded         1551354719827011 c0  (video) ← 1551354719827011.mp4  → https://pub-893b4a6a607b4221a894bf861da7914e.r2.dev/1551354719827011.mp4
uploaded         1667798627831923 c0  (video) ← 1667798627831923.mp4  → https://pub-893b4a6a607b4221a894bf861da7914e.r2.dev/1667798627831923.mp4
uploaded         1333743158181668 c0  (video) ← 1333743158181668.mp4  → https://pub-893b4a6a607b4221a894bf861da7914e.r2.dev/1333743158181668.mp4
uploaded         1330329419069493 c0  (video) ← 1330329419069493.mp4  → https://pub-893b4a6a607b4221a894bf861da7914e.r2.dev/1330329419069493.mp4
uploaded         1550785770004136 c0  (video) ← 1550785770004136.mp4  → https://pub-893b4a6a607b4221a894bf861da7914e.r2.dev/1550785770004136.mp4
uploaded         1040175208363411 c0  (video) ← 1040175208363411.mp4  → https://pub-893b4a6a607b4221a894bf861da7914e.r2.dev/1040175208363411.mp4
uploaded         1746746386743353 c0  (video) ← 1746746386743353.mp4  → https://pub-893b4a6a607b4221a894bf861da7914e.r2.dev/1746746386743353.mp4
uploaded         4559050471083973 c0  (video) ← 4559050471083973.mp4  → https://pub-893b4a6a607b4221a894bf861da7914e.r2.dev/4559050471083973.mp4
uploaded         1000221402877141 c0  (video) ← 1000221402877141.mp4  → https://pub-893b4a6a607b4221a894bf861da7914e.r2.dev/1000221402877141.mp4
uploaded         960948276986531 c0  (video) ← 960948276986531.mp4  → https://pub-893b4a6a607b4221a894bf861da7914e.r2.dev/960948276986531.mp4
uploaded         4547606502136789 c0  (video) ← 4547606502136789.mp4  → https://pub-893b4a6a607b4221a894bf861da7914e.r2.dev/4547606502136789.mp4
uploaded         1028360082898631 c0  (video) ← 1028360082898631.mp4  → https://pub-893b4a6a607b4221a894bf861da7914e.r2.dev/1028360082898631.mp4
uploaded         2123062678552643 c0  (video) ← 2123062678552643.mp4  → https://pub-893b4a6a607b4221a894bf861da7914e.r2.dev/2123062678552643.mp4
uploaded         4217696101817149 c0  (video) ← 4217696101817149.mp4  → https://pub-893b4a6a607b4221a894bf861da7914e.r2.dev/4217696101817149.mp4
uploaded         1255180603194330 c0  (video) ← 1255180603194330.mp4  → https://pub-893b4a6a607b4221a894bf861da7914e.r2.dev/1255180603194330.mp4
