# Step 3 run log
# competitor : speakeasy
# started_at : 2026-07-07T13:49:07
# input      : facebook/inputs/fb-ads-speakeasy-2026-07-07-1345.csv
# videos     : facebook/videos/speakeasy-2026-07-07
# master     : facebook/master/speakeasy.csv  (updated)
# enriched   : facebook/inputs/fb-ads-speakeasy-2026-07-07-1345_enriched.csv
# bucket     : video-ads
# public_base: https://pub-893b4a6a607b4221a894bf861da7914e.r2.dev
# dry_run    : False
#
# counts     : {'uploaded': 43, 'carried-forward': 110, 'image-pending': 0, 'video-missing': 1, 'no-creative': 0, 'error': 0}
#
carried-forward  2096925954204563 c0  → https://pub-893b4a6a607b4221a894bf861da7914e.r2.dev/2096925954204563.mp4
carried-forward  2202456460521928 c0  → https://pub-893b4a6a607b4221a894bf861da7914e.r2.dev/2202456460521928.mp4
carried-forward  1329522652574885 c0  → https://pub-893b4a6a607b4221a894bf861da7914e.r2.dev/1329522652574885.mp4
carried-forward  1350528533804193 c0  → https://pub-893b4a6a607b4221a894bf861da7914e.r2.dev/1350528533804193.mp4
carried-forward  2230483907768260 c0  → https://pub-893b4a6a607b4221a894bf861da7914e.r2.dev/2230483907768260.mp4
carried-forward  27190213957294951 c0  → https://pub-893b4a6a607b4221a894bf861da7914e.r2.dev/27190213957294951.mp4
carried-forward  1515028196659572 c0  → https://pub-893b4a6a607b4221a894bf861da7914e.r2.dev/1515028196659572.mp4
carried-forward  2443549536146368 c0  → https://pub-893b4a6a607b4221a894bf861da7914e.r2.dev/2443549536146368.mp4
carried-forward  1990549078495400 c0  → https://pub-893b4a6a607b4221a894bf861da7914e.r2.dev/1990549078495400.mp4
carried-forward  1003649275414638 c0  → https://pub-893b4a6a607b4221a894bf861da7914e.r2.dev/1003649275414638.mp4
carried-forward  1715366832977862 c0  → https://pub-893b4a6a607b4221a894bf861da7914e.r2.dev/1715366832977862.mp4
carried-forward  1004243468673350 c0  → https://pub-893b4a6a607b4221a894bf861da7914e.r2.dev/1004243468673350.mp4
carried-forward  933307746352020 c0  → https://pub-893b4a6a607b4221a894bf861da7914e.r2.dev/933307746352020.mp4
carried-forward  1274918781380927 c0  → https://pub-893b4a6a607b4221a894bf861da7914e.r2.dev/1274918781380927.mp4
carried-forward  1459277669338335 c0  → https://pub-893b4a6a607b4221a894bf861da7914e.r2.dev/1459277669338335.mp4
carried-forward  1509000537534731 c0  → https://pub-893b4a6a607b4221a894bf861da7914e.r2.dev/1509000537534731.mp4
carried-forward  1697445064905391 c0  → https://pub-893b4a6a607b4221a894bf861da7914e.r2.dev/1697445064905391.mp4
carried-forward  4539960142950619 c0  → https://pub-893b4a6a607b4221a894bf861da7914e.r2.dev/4539960142950619.mp4
carried-forward  1758345675330702 c0  → https://pub-893b4a6a607b4221a894bf861da7914e.r2.dev/1758345675330702.mp4
carried-forward  2906298679721315 c0  → https://pub-893b4a6a607b4221a894bf861da7914e.r2.dev/2906298679721315.mp4
carried-forward  979290208277494 c0  → https://pub-893b4a6a607b4221a894bf861da7914e.r2.dev/979290208277494.mp4
carried-forward  2071647760437589 c0  → https://pub-893b4a6a607b4221a894bf861da7914e.r2.dev/2071647760437589.mp4
carried-forward  1324292329831050 c0  → https://pub-893b4a6a607b4221a894bf861da7914e.r2.dev/1324292329831050.mp4
carried-forward  27378272641859957 c0  → https://pub-893b4a6a607b4221a894bf861da7914e.r2.dev/27378272641859957.mp4
carried-forward  1846633682964760 c0  → https://pub-893b4a6a607b4221a894bf861da7914e.r2.dev/1846633682964760.mp4
carried-forward  1285753573334918 c0  → https://pub-893b4a6a607b4221a894bf861da7914e.r2.dev/1285753573334918.mp4
carried-forward  2245734962626860 c0  → https://pub-893b4a6a607b4221a894bf861da7914e.r2.dev/2245734962626860.mp4
carried-forward  1011965198455335 c0  → https://pub-893b4a6a607b4221a894bf861da7914e.r2.dev/1011965198455335.mp4
carried-forward  1604188747714000 c0  → https://pub-893b4a6a607b4221a894bf861da7914e.r2.dev/1604188747714000.mp4
carried-forward  1754597612655199 c0  → https://pub-893b4a6a607b4221a894bf861da7914e.r2.dev/1754597612655199.mp4
carried-forward  1749757829714015 c0  → https://pub-893b4a6a607b4221a894bf861da7914e.r2.dev/1749757829714015.mp4
carried-forward  1802246977424820 c0  → https://pub-893b4a6a607b4221a894bf861da7914e.r2.dev/1802246977424820.mp4
video-missing    1802246977424820 c0  (expected file not found in facebook/videos/speakeasy-2026-07-07)
carried-forward  1706586897142307 c0  → https://pub-893b4a6a607b4221a894bf861da7914e.r2.dev/1706586897142307.mp4
carried-forward  1734392771068941 c0  → https://pub-893b4a6a607b4221a894bf861da7914e.r2.dev/1734392771068941.mp4
carried-forward  874722785094358 c0  → https://pub-893b4a6a607b4221a894bf861da7914e.r2.dev/874722785094358.mp4
carried-forward  996641986578618 c0  → https://pub-893b4a6a607b4221a894bf861da7914e.r2.dev/996641986578618.mp4
carried-forward  1535695454763774 c0  → https://pub-893b4a6a607b4221a894bf861da7914e.r2.dev/1535695454763774.mp4
carried-forward  2218310135679156 c0  → https://pub-893b4a6a607b4221a894bf861da7914e.r2.dev/2218310135679156.mp4
carried-forward  1818346986204122 c0  → https://pub-893b4a6a607b4221a894bf861da7914e.r2.dev/1818346986204122.mp4
carried-forward  1501674381701938 c0  → https://pub-893b4a6a607b4221a894bf861da7914e.r2.dev/1501674381701938.mp4
carried-forward  2547642902357219 c0  → https://pub-893b4a6a607b4221a894bf861da7914e.r2.dev/2547642902357219.mp4
carried-forward  795854463516781 c0  → https://pub-893b4a6a607b4221a894bf861da7914e.r2.dev/795854463516781.mp4
carried-forward  854032033985665 c0  → https://pub-893b4a6a607b4221a894bf861da7914e.r2.dev/854032033985665.mp4
carried-forward  1023353213520872 c0  → https://pub-893b4a6a607b4221a894bf861da7914e.r2.dev/1023353213520872.mp4
carried-forward  1543528693797253 c0  → https://pub-893b4a6a607b4221a894bf861da7914e.r2.dev/1543528693797253.mp4
carried-forward  1551354719827011 c0  → https://pub-893b4a6a607b4221a894bf861da7914e.r2.dev/1551354719827011.mp4
carried-forward  1334007191542658 c0  → https://pub-893b4a6a607b4221a894bf861da7914e.r2.dev/1334007191542658.mp4
carried-forward  1296646215598722 c0  → https://pub-893b4a6a607b4221a894bf861da7914e.r2.dev/1296646215598722.mp4
carried-forward  1974227159873500 c0  → https://pub-893b4a6a607b4221a894bf861da7914e.r2.dev/1974227159873500.mp4
carried-forward  1522462465946347 c0  → https://pub-893b4a6a607b4221a894bf861da7914e.r2.dev/1522462465946347.mp4
carried-forward  1632885817785834 c0  → https://pub-893b4a6a607b4221a894bf861da7914e.r2.dev/1632885817785834.mp4
carried-forward  1041697571622443 c0  → https://pub-893b4a6a607b4221a894bf861da7914e.r2.dev/1041697571622443.mp4
carried-forward  2099062654319532 c0  → https://pub-893b4a6a607b4221a894bf861da7914e.r2.dev/2099062654319532.mp4
carried-forward  878270771469415 c0  → https://pub-893b4a6a607b4221a894bf861da7914e.r2.dev/878270771469415.mp4
carried-forward  1032328049733145 c0  → https://pub-893b4a6a607b4221a894bf861da7914e.r2.dev/1032328049733145.mp4
carried-forward  1503280224228737 c0  → https://pub-893b4a6a607b4221a894bf861da7914e.r2.dev/1503280224228737.mp4
carried-forward  1763852395061401 c0  → https://pub-893b4a6a607b4221a894bf861da7914e.r2.dev/1763852395061401.mp4
carried-forward  1276216151256048 c0  → https://pub-893b4a6a607b4221a894bf861da7914e.r2.dev/1276216151256048.mp4
carried-forward  1053835513642180 c0  → https://pub-893b4a6a607b4221a894bf861da7914e.r2.dev/1053835513642180.mp4
carried-forward  28143550175230534 c0  → https://pub-893b4a6a607b4221a894bf861da7914e.r2.dev/28143550175230534.mp4
carried-forward  1255180603194330 c0  → https://pub-893b4a6a607b4221a894bf861da7914e.r2.dev/1255180603194330.mp4
carried-forward  898228559286423 c0  → https://pub-893b4a6a607b4221a894bf861da7914e.r2.dev/898228559286423.mp4
carried-forward  1985380975672231 c0  → https://pub-893b4a6a607b4221a894bf861da7914e.r2.dev/1985380975672231.mp4
carried-forward  1001493492505354 c0  → https://pub-893b4a6a607b4221a894bf861da7914e.r2.dev/1001493492505354.mp4
carried-forward  1448236430445821 c0  → https://pub-893b4a6a607b4221a894bf861da7914e.r2.dev/1448236430445821.mp4
carried-forward  2541924189593676 c0  → https://pub-893b4a6a607b4221a894bf861da7914e.r2.dev/2541924189593676.mp4
carried-forward  2091737915053511 c0  → https://pub-893b4a6a607b4221a894bf861da7914e.r2.dev/2091737915053511.mp4
carried-forward  1374815784463032 c0  → https://pub-893b4a6a607b4221a894bf861da7914e.r2.dev/1374815784463032.mp4
carried-forward  1393677475936474 c0  → https://pub-893b4a6a607b4221a894bf861da7914e.r2.dev/1393677475936474.mp4
carried-forward  1362568515807869 c0  → https://pub-893b4a6a607b4221a894bf861da7914e.r2.dev/1362568515807869.mp4
carried-forward  1021509707411878 c0  → https://pub-893b4a6a607b4221a894bf861da7914e.r2.dev/1021509707411878.mp4
carried-forward  27332735843019610 c0  → https://pub-893b4a6a607b4221a894bf861da7914e.r2.dev/27332735843019610.mp4
carried-forward  1338897621551805 c0  → https://pub-893b4a6a607b4221a894bf861da7914e.r2.dev/1338897621551805.mp4
carried-forward  1070403062094490 c0  → https://pub-893b4a6a607b4221a894bf861da7914e.r2.dev/1070403062094490.mp4
carried-forward  1214663760729894 c0  → https://pub-893b4a6a607b4221a894bf861da7914e.r2.dev/1214663760729894.mp4
carried-forward  1909547616385885 c0  → https://pub-893b4a6a607b4221a894bf861da7914e.r2.dev/1909547616385885.mp4
carried-forward  1704148214136553 c0  → https://pub-893b4a6a607b4221a894bf861da7914e.r2.dev/1704148214136553.mp4
carried-forward  992648426733132 c0  → https://pub-893b4a6a607b4221a894bf861da7914e.r2.dev/992648426733132.mp4
carried-forward  991150477141420 c0  → https://pub-893b4a6a607b4221a894bf861da7914e.r2.dev/991150477141420.mp4
carried-forward  1000318475941339 c0  → https://pub-893b4a6a607b4221a894bf861da7914e.r2.dev/1000318475941339.mp4
carried-forward  1590674695908524 c0  → https://pub-893b4a6a607b4221a894bf861da7914e.r2.dev/1590674695908524.mp4
carried-forward  1332420445054231 c0  → https://pub-893b4a6a607b4221a894bf861da7914e.r2.dev/1332420445054231.mp4
carried-forward  1719077382539404 c0  → https://pub-893b4a6a607b4221a894bf861da7914e.r2.dev/1719077382539404.mp4
carried-forward  1001471282690704 c0  → https://pub-893b4a6a607b4221a894bf861da7914e.r2.dev/1001471282690704.mp4
carried-forward  996303673311535 c0  → https://pub-893b4a6a607b4221a894bf861da7914e.r2.dev/996303673311535.mp4
carried-forward  1735473040779762 c0  → https://pub-893b4a6a607b4221a894bf861da7914e.r2.dev/1735473040779762.mp4
carried-forward  1716649926223897 c0  → https://pub-893b4a6a607b4221a894bf861da7914e.r2.dev/1716649926223897.mp4
carried-forward  1770477710743808 c0  → https://pub-893b4a6a607b4221a894bf861da7914e.r2.dev/1770477710743808.mp4
carried-forward  887301687184523 c0  → https://pub-893b4a6a607b4221a894bf861da7914e.r2.dev/887301687184523.mp4
carried-forward  1349635307286567 c0  → https://pub-893b4a6a607b4221a894bf861da7914e.r2.dev/1349635307286567.mp4
carried-forward  3463358273831686 c0  → https://pub-893b4a6a607b4221a894bf861da7914e.r2.dev/3463358273831686.mp4
carried-forward  27828393366752661 c0  → https://pub-893b4a6a607b4221a894bf861da7914e.r2.dev/27828393366752661.mp4
carried-forward  2529911954128408 c0  → https://pub-893b4a6a607b4221a894bf861da7914e.r2.dev/2529911954128408.mp4
carried-forward  1391579126209527 c0  → https://pub-893b4a6a607b4221a894bf861da7914e.r2.dev/1391579126209527.mp4
carried-forward  1833543660958672 c0  → https://pub-893b4a6a607b4221a894bf861da7914e.r2.dev/1833543660958672.mp4
carried-forward  2146898272848405 c0  → https://pub-893b4a6a607b4221a894bf861da7914e.r2.dev/2146898272848405.mp4
carried-forward  2450004685510769 c0  → https://pub-893b4a6a607b4221a894bf861da7914e.r2.dev/2450004685510769.mp4
carried-forward  1467975991801294 c0  → https://pub-893b4a6a607b4221a894bf861da7914e.r2.dev/1467975991801294.mp4
carried-forward  1047253654505861 c0  → https://pub-893b4a6a607b4221a894bf861da7914e.r2.dev/1047253654505861.mp4
carried-forward  1195330742784064 c0  → https://pub-893b4a6a607b4221a894bf861da7914e.r2.dev/1195330742784064.mp4
carried-forward  2410875649400876 c0  → https://pub-893b4a6a607b4221a894bf861da7914e.r2.dev/2410875649400876.mp4
carried-forward  2239485170144584 c0  → https://pub-893b4a6a607b4221a894bf861da7914e.r2.dev/2239485170144584.mp4
carried-forward  1587455962909974 c0  → https://pub-893b4a6a607b4221a894bf861da7914e.r2.dev/1587455962909974.mp4
carried-forward  1480440910438041 c0  → https://pub-893b4a6a607b4221a894bf861da7914e.r2.dev/1480440910438041.mp4
carried-forward  1040958635122079 c0  → https://pub-893b4a6a607b4221a894bf861da7914e.r2.dev/1040958635122079.mp4
carried-forward  2074431106788890 c0  → https://pub-893b4a6a607b4221a894bf861da7914e.r2.dev/2074431106788890.mp4
uploaded         2227054274738884 c0  (video) ← 2227054274738884.mp4  → https://pub-893b4a6a607b4221a894bf861da7914e.r2.dev/2227054274738884.mp4
carried-forward  920211211089397 c0  → https://pub-893b4a6a607b4221a894bf861da7914e.r2.dev/920211211089397.mp4
carried-forward  1607286517667851 c0  → https://pub-893b4a6a607b4221a894bf861da7914e.r2.dev/1607286517667851.mp4
carried-forward  2006263380252771 c0  → https://pub-893b4a6a607b4221a894bf861da7914e.r2.dev/2006263380252771.mp4
carried-forward  2746192179086066 c0  → https://pub-893b4a6a607b4221a894bf861da7914e.r2.dev/2746192179086066.mp4
uploaded         27346940174999019 c0  (video) ← 27346940174999019.mp4  → https://pub-893b4a6a607b4221a894bf861da7914e.r2.dev/27346940174999019.mp4
uploaded         1225320572989174 c0  (video) ← 1225320572989174.mp4  → https://pub-893b4a6a607b4221a894bf861da7914e.r2.dev/1225320572989174.mp4
uploaded         884809604686589 c0  (video) ← 884809604686589.mp4  → https://pub-893b4a6a607b4221a894bf861da7914e.r2.dev/884809604686589.mp4
uploaded         1725401765257481 c0  (video) ← 1725401765257481.mp4  → https://pub-893b4a6a607b4221a894bf861da7914e.r2.dev/1725401765257481.mp4
uploaded         3141980219526587 c0  (video) ← 3141980219526587.mp4  → https://pub-893b4a6a607b4221a894bf861da7914e.r2.dev/3141980219526587.mp4
uploaded         1342294124726812 c0  (video) ← 1342294124726812.mp4  → https://pub-893b4a6a607b4221a894bf861da7914e.r2.dev/1342294124726812.mp4
uploaded         2402230093640412 c0  (video) ← 2402230093640412.mp4  → https://pub-893b4a6a607b4221a894bf861da7914e.r2.dev/2402230093640412.mp4
uploaded         1587409046059885 c0  (video) ← 1587409046059885.mp4  → https://pub-893b4a6a607b4221a894bf861da7914e.r2.dev/1587409046059885.mp4
uploaded         1377337500925952 c0  (video) ← 1377337500925952.mp4  → https://pub-893b4a6a607b4221a894bf861da7914e.r2.dev/1377337500925952.mp4
uploaded         2462388210949536 c0  (video) ← 2462388210949536.mp4  → https://pub-893b4a6a607b4221a894bf861da7914e.r2.dev/2462388210949536.mp4
uploaded         2172556466952329 c0  (video) ← 2172556466952329.mp4  → https://pub-893b4a6a607b4221a894bf861da7914e.r2.dev/2172556466952329.mp4
uploaded         1023988010364202 c0  (video) ← 1023988010364202.mp4  → https://pub-893b4a6a607b4221a894bf861da7914e.r2.dev/1023988010364202.mp4
uploaded         1192368027296673 c0  (video) ← 1192368027296673.mp4  → https://pub-893b4a6a607b4221a894bf861da7914e.r2.dev/1192368027296673.mp4
uploaded         1035879172344781 c0  (video) ← 1035879172344781.mp4  → https://pub-893b4a6a607b4221a894bf861da7914e.r2.dev/1035879172344781.mp4
uploaded         1740609950499972 c0  (video) ← 1740609950499972.mp4  → https://pub-893b4a6a607b4221a894bf861da7914e.r2.dev/1740609950499972.mp4
uploaded         1009506925312398 c0  (video) ← 1009506925312398.mp4  → https://pub-893b4a6a607b4221a894bf861da7914e.r2.dev/1009506925312398.mp4
uploaded         1369401821772300 c0  (video) ← 1369401821772300.mp4  → https://pub-893b4a6a607b4221a894bf861da7914e.r2.dev/1369401821772300.mp4
uploaded         1307446454905547 c0  (video) ← 1307446454905547.mp4  → https://pub-893b4a6a607b4221a894bf861da7914e.r2.dev/1307446454905547.mp4
uploaded         2085602789500487 c0  (video) ← 2085602789500487.mp4  → https://pub-893b4a6a607b4221a894bf861da7914e.r2.dev/2085602789500487.mp4
uploaded         2505667456537354 c0  (video) ← 2505667456537354.mp4  → https://pub-893b4a6a607b4221a894bf861da7914e.r2.dev/2505667456537354.mp4
uploaded         1342694077302415 c0  (video) ← 1342694077302415.mp4  → https://pub-893b4a6a607b4221a894bf861da7914e.r2.dev/1342694077302415.mp4
uploaded         1001147922916143 c0  (video) ← 1001147922916143.mp4  → https://pub-893b4a6a607b4221a894bf861da7914e.r2.dev/1001147922916143.mp4
uploaded         2987030504832419 c0  (video) ← 2987030504832419.mp4  → https://pub-893b4a6a607b4221a894bf861da7914e.r2.dev/2987030504832419.mp4
uploaded         27668112716153112 c0  (video) ← 27668112716153112.mp4  → https://pub-893b4a6a607b4221a894bf861da7914e.r2.dev/27668112716153112.mp4
uploaded         28145326978417302 c0  (video) ← 28145326978417302.mp4  → https://pub-893b4a6a607b4221a894bf861da7914e.r2.dev/28145326978417302.mp4
uploaded         957285167359367 c0  (video) ← 957285167359367.mp4  → https://pub-893b4a6a607b4221a894bf861da7914e.r2.dev/957285167359367.mp4
uploaded         2260663914470142 c0  (video) ← 2260663914470142.mp4  → https://pub-893b4a6a607b4221a894bf861da7914e.r2.dev/2260663914470142.mp4
uploaded         2469497800193610 c0  (video) ← 2469497800193610.mp4  → https://pub-893b4a6a607b4221a894bf861da7914e.r2.dev/2469497800193610.mp4
uploaded         1410309780940215 c0  (video) ← 1410309780940215.mp4  → https://pub-893b4a6a607b4221a894bf861da7914e.r2.dev/1410309780940215.mp4
uploaded         816802498065426 c0  (video) ← 816802498065426.mp4  → https://pub-893b4a6a607b4221a894bf861da7914e.r2.dev/816802498065426.mp4
uploaded         1626409292823936 c0  (video) ← 1626409292823936.mp4  → https://pub-893b4a6a607b4221a894bf861da7914e.r2.dev/1626409292823936.mp4
uploaded         1725173032127179 c0  (video) ← 1725173032127179.mp4  → https://pub-893b4a6a607b4221a894bf861da7914e.r2.dev/1725173032127179.mp4
uploaded         1363702135856117 c0  (video) ← 1363702135856117.mp4  → https://pub-893b4a6a607b4221a894bf861da7914e.r2.dev/1363702135856117.mp4
uploaded         1258246172917487 c0  (video) ← 1258246172917487.mp4  → https://pub-893b4a6a607b4221a894bf861da7914e.r2.dev/1258246172917487.mp4
uploaded         900969355681714 c0  (video) ← 900969355681714.mp4  → https://pub-893b4a6a607b4221a894bf861da7914e.r2.dev/900969355681714.mp4
uploaded         2054050898814001 c0  (video) ← 2054050898814001.mp4  → https://pub-893b4a6a607b4221a894bf861da7914e.r2.dev/2054050898814001.mp4
uploaded         1344870927059504 c0  (video) ← 1344870927059504.mp4  → https://pub-893b4a6a607b4221a894bf861da7914e.r2.dev/1344870927059504.mp4
uploaded         1340265177603036 c0  (video) ← 1340265177603036.mp4  → https://pub-893b4a6a607b4221a894bf861da7914e.r2.dev/1340265177603036.mp4
uploaded         1398846785397568 c0  (video) ← 1398846785397568.mp4  → https://pub-893b4a6a607b4221a894bf861da7914e.r2.dev/1398846785397568.mp4
uploaded         2026350354935834 c0  (video) ← 2026350354935834.mp4  → https://pub-893b4a6a607b4221a894bf861da7914e.r2.dev/2026350354935834.mp4
uploaded         1578970630444146 c0  (video) ← 1578970630444146.mp4  → https://pub-893b4a6a607b4221a894bf861da7914e.r2.dev/1578970630444146.mp4
uploaded         1408226581357527 c0  (video) ← 1408226581357527.mp4  → https://pub-893b4a6a607b4221a894bf861da7914e.r2.dev/1408226581357527.mp4
