# Step 3 run log
# competitor : speakeasy
# started_at : 2026-07-12T15:27:51
# input      : facebook/inputs/fb-ads-speakeasy-2026-07-12-1505.csv
# videos     : facebook/videos/speakeasy-2026-07-12
# master     : facebook/master/speakeasy.csv  (updated)
# enriched   : facebook/inputs/fb-ads-speakeasy-2026-07-12-1505_enriched.csv
# bucket     : video-ads
# public_base: https://pub-893b4a6a607b4221a894bf861da7914e.r2.dev
# dry_run    : False
#
# counts     : {'uploaded': 78, 'carried-forward': 176, 'image-pending': 0, 'video-missing': 4, 'no-creative': 0, 'error': 0}
#
carried-forward  2096925954204563 c0  → https://pub-893b4a6a607b4221a894bf861da7914e.r2.dev/2096925954204563.mp4
carried-forward  2202456460521928 c0  → https://pub-893b4a6a607b4221a894bf861da7914e.r2.dev/2202456460521928.mp4
carried-forward  1329522652574885 c0  → https://pub-893b4a6a607b4221a894bf861da7914e.r2.dev/1329522652574885.mp4
carried-forward  1350528533804193 c0  → https://pub-893b4a6a607b4221a894bf861da7914e.r2.dev/1350528533804193.mp4
video-missing    1350528533804193 c0  (expected file not found in facebook/videos/speakeasy-2026-07-12)
carried-forward  2230483907768260 c0  → https://pub-893b4a6a607b4221a894bf861da7914e.r2.dev/2230483907768260.mp4
carried-forward  27190213957294951 c0  → https://pub-893b4a6a607b4221a894bf861da7914e.r2.dev/27190213957294951.mp4
carried-forward  1990549078495400 c0  → https://pub-893b4a6a607b4221a894bf861da7914e.r2.dev/1990549078495400.mp4
carried-forward  2443549536146368 c0  → https://pub-893b4a6a607b4221a894bf861da7914e.r2.dev/2443549536146368.mp4
carried-forward  1715366832977862 c0  → https://pub-893b4a6a607b4221a894bf861da7914e.r2.dev/1715366832977862.mp4
video-missing    1715366832977862 c0  (expected file not found in facebook/videos/speakeasy-2026-07-12)
carried-forward  1515028196659572 c0  → https://pub-893b4a6a607b4221a894bf861da7914e.r2.dev/1515028196659572.mp4
carried-forward  4539960142950619 c0  → https://pub-893b4a6a607b4221a894bf861da7914e.r2.dev/4539960142950619.mp4
carried-forward  1274918781380927 c0  → https://pub-893b4a6a607b4221a894bf861da7914e.r2.dev/1274918781380927.mp4
carried-forward  933307746352020 c0  → https://pub-893b4a6a607b4221a894bf861da7914e.r2.dev/933307746352020.mp4
carried-forward  1004243468673350 c0  → https://pub-893b4a6a607b4221a894bf861da7914e.r2.dev/1004243468673350.mp4
carried-forward  1509000537534731 c0  → https://pub-893b4a6a607b4221a894bf861da7914e.r2.dev/1509000537534731.mp4
carried-forward  1758345675330702 c0  → https://pub-893b4a6a607b4221a894bf861da7914e.r2.dev/1758345675330702.mp4
carried-forward  1846633682964760 c0  → https://pub-893b4a6a607b4221a894bf861da7914e.r2.dev/1846633682964760.mp4
carried-forward  979290208277494 c0  → https://pub-893b4a6a607b4221a894bf861da7914e.r2.dev/979290208277494.mp4
carried-forward  2906298679721315 c0  → https://pub-893b4a6a607b4221a894bf861da7914e.r2.dev/2906298679721315.mp4
carried-forward  1734392771068941 c0  → https://pub-893b4a6a607b4221a894bf861da7914e.r2.dev/1734392771068941.mp4
carried-forward  1324292329831050 c0  → https://pub-893b4a6a607b4221a894bf861da7914e.r2.dev/1324292329831050.mp4
carried-forward  1535695454763774 c0  → https://pub-893b4a6a607b4221a894bf861da7914e.r2.dev/1535695454763774.mp4
carried-forward  1011965198455335 c0  → https://pub-893b4a6a607b4221a894bf861da7914e.r2.dev/1011965198455335.mp4
video-missing    1011965198455335 c0  (expected file not found in facebook/videos/speakeasy-2026-07-12)
carried-forward  1285753573334918 c0  → https://pub-893b4a6a607b4221a894bf861da7914e.r2.dev/1285753573334918.mp4
carried-forward  27378272641859957 c0  → https://pub-893b4a6a607b4221a894bf861da7914e.r2.dev/27378272641859957.mp4
carried-forward  2245734962626860 c0  → https://pub-893b4a6a607b4221a894bf861da7914e.r2.dev/2245734962626860.mp4
carried-forward  1802246977424820 c0  → https://pub-893b4a6a607b4221a894bf861da7914e.r2.dev/1802246977424820.mp4
video-missing    1802246977424820 c0  (expected file not found in facebook/videos/speakeasy-2026-07-12)
carried-forward  1706586897142307 c0  → https://pub-893b4a6a607b4221a894bf861da7914e.r2.dev/1706586897142307.mp4
carried-forward  996641986578618 c0  → https://pub-893b4a6a607b4221a894bf861da7914e.r2.dev/996641986578618.mp4
carried-forward  2541924189593676 c0  → https://pub-893b4a6a607b4221a894bf861da7914e.r2.dev/2541924189593676.mp4
carried-forward  874722785094358 c0  → https://pub-893b4a6a607b4221a894bf861da7914e.r2.dev/874722785094358.mp4
carried-forward  795854463516781 c0  → https://pub-893b4a6a607b4221a894bf861da7914e.r2.dev/795854463516781.mp4
carried-forward  1974227159873500 c0  → https://pub-893b4a6a607b4221a894bf861da7914e.r2.dev/1974227159873500.mp4
carried-forward  1214663760729894 c0  → https://pub-893b4a6a607b4221a894bf861da7914e.r2.dev/1214663760729894.mp4
carried-forward  1334007191542658 c0  → https://pub-893b4a6a607b4221a894bf861da7914e.r2.dev/1334007191542658.mp4
carried-forward  1543528693797253 c0  → https://pub-893b4a6a607b4221a894bf861da7914e.r2.dev/1543528693797253.mp4
carried-forward  878270771469415 c0  → https://pub-893b4a6a607b4221a894bf861da7914e.r2.dev/878270771469415.mp4
carried-forward  1551354719827011 c0  → https://pub-893b4a6a607b4221a894bf861da7914e.r2.dev/1551354719827011.mp4
carried-forward  1362568515807869 c0  → https://pub-893b4a6a607b4221a894bf861da7914e.r2.dev/1362568515807869.mp4
carried-forward  2146898272848405 c0  → https://pub-893b4a6a607b4221a894bf861da7914e.r2.dev/2146898272848405.mp4
carried-forward  1522462465946347 c0  → https://pub-893b4a6a607b4221a894bf861da7914e.r2.dev/1522462465946347.mp4
carried-forward  854032033985665 c0  → https://pub-893b4a6a607b4221a894bf861da7914e.r2.dev/854032033985665.mp4
carried-forward  1021509707411878 c0  → https://pub-893b4a6a607b4221a894bf861da7914e.r2.dev/1021509707411878.mp4
carried-forward  1023353213520872 c0  → https://pub-893b4a6a607b4221a894bf861da7914e.r2.dev/1023353213520872.mp4
carried-forward  2227054274738884 c0  → https://pub-893b4a6a607b4221a894bf861da7914e.r2.dev/2227054274738884.mp4
carried-forward  991150477141420 c0  → https://pub-893b4a6a607b4221a894bf861da7914e.r2.dev/991150477141420.mp4
carried-forward  1032328049733145 c0  → https://pub-893b4a6a607b4221a894bf861da7914e.r2.dev/1032328049733145.mp4
carried-forward  2450004685510769 c0  → https://pub-893b4a6a607b4221a894bf861da7914e.r2.dev/2450004685510769.mp4
carried-forward  1000318475941339 c0  → https://pub-893b4a6a607b4221a894bf861da7914e.r2.dev/1000318475941339.mp4
carried-forward  1123946773670633 c0  → https://pub-893b4a6a607b4221a894bf861da7914e.r2.dev/1123946773670633.mp4
carried-forward  1255180603194330 c0  → https://pub-893b4a6a607b4221a894bf861da7914e.r2.dev/1255180603194330.mp4
carried-forward  2006263380252771 c0  → https://pub-893b4a6a607b4221a894bf861da7914e.r2.dev/2006263380252771.mp4
carried-forward  1523794219232013 c0  → https://pub-893b4a6a607b4221a894bf861da7914e.r2.dev/1523794219232013.mp4
carried-forward  2209583763150233 c0  → https://pub-893b4a6a607b4221a894bf861da7914e.r2.dev/2209583763150233.mp4
carried-forward  887301687184523 c0  → https://pub-893b4a6a607b4221a894bf861da7914e.r2.dev/887301687184523.mp4
carried-forward  2082896602607732 c0  → https://pub-893b4a6a607b4221a894bf861da7914e.r2.dev/2082896602607732.mp4
carried-forward  27828393366752661 c0  → https://pub-893b4a6a607b4221a894bf861da7914e.r2.dev/27828393366752661.mp4
carried-forward  2470272863452382 c0  → https://pub-893b4a6a607b4221a894bf861da7914e.r2.dev/2470272863452382.mp4
carried-forward  1597341511954866 c0  → https://pub-893b4a6a607b4221a894bf861da7914e.r2.dev/1597341511954866.mp4
carried-forward  1660487538367411 c0  → https://pub-893b4a6a607b4221a894bf861da7914e.r2.dev/1660487538367411.mp4
carried-forward  2554469178336646 c0  → https://pub-893b4a6a607b4221a894bf861da7914e.r2.dev/2554469178336646.mp4
carried-forward  869356792488915 c0  → https://pub-893b4a6a607b4221a894bf861da7914e.r2.dev/869356792488915.mp4
carried-forward  957663743958649 c0  → https://pub-893b4a6a607b4221a894bf861da7914e.r2.dev/957663743958649.mp4
carried-forward  27430286139961465 c0  → https://pub-893b4a6a607b4221a894bf861da7914e.r2.dev/27430286139961465.mp4
carried-forward  1352589126293491 c0  → https://pub-893b4a6a607b4221a894bf861da7914e.r2.dev/1352589126293491.mp4
carried-forward  1026338413452955 c0  → https://pub-893b4a6a607b4221a894bf861da7914e.r2.dev/1026338413452955.mp4
carried-forward  1062844853070568 c0  → https://pub-893b4a6a607b4221a894bf861da7914e.r2.dev/1062844853070568.mp4
carried-forward  1816761915970588 c0  → https://pub-893b4a6a607b4221a894bf861da7914e.r2.dev/1816761915970588.mp4
carried-forward  4379490155624300 c0  → https://pub-893b4a6a607b4221a894bf861da7914e.r2.dev/4379490155624300.mp4
carried-forward  1724278155573152 c0  → https://pub-893b4a6a607b4221a894bf861da7914e.r2.dev/1724278155573152.mp4
carried-forward  1137032725674097 c0  → https://pub-893b4a6a607b4221a894bf861da7914e.r2.dev/1137032725674097.mp4
carried-forward  1422006043100645 c0  → https://pub-893b4a6a607b4221a894bf861da7914e.r2.dev/1422006043100645.mp4
carried-forward  925325953929207 c0  → https://pub-893b4a6a607b4221a894bf861da7914e.r2.dev/925325953929207.mp4
carried-forward  977242541941197 c0  → https://pub-893b4a6a607b4221a894bf861da7914e.r2.dev/977242541941197.mp4
carried-forward  1373400611551785 c0  → https://pub-893b4a6a607b4221a894bf861da7914e.r2.dev/1373400611551785.mp4
carried-forward  2046340279304669 c0  → https://pub-893b4a6a607b4221a894bf861da7914e.r2.dev/2046340279304669.mp4
carried-forward  901376378990412 c0  → https://pub-893b4a6a607b4221a894bf861da7914e.r2.dev/901376378990412.mp4
carried-forward  1040958635122079 c0  → https://pub-893b4a6a607b4221a894bf861da7914e.r2.dev/1040958635122079.mp4
carried-forward  1798531068186834 c0  → https://pub-893b4a6a607b4221a894bf861da7914e.r2.dev/1798531068186834.mp4
carried-forward  2462146980930709 c0  → https://pub-893b4a6a607b4221a894bf861da7914e.r2.dev/2462146980930709.mp4
carried-forward  1383332420319647 c0  → https://pub-893b4a6a607b4221a894bf861da7914e.r2.dev/1383332420319647.mp4
carried-forward  1775597420545602 c0  → https://pub-893b4a6a607b4221a894bf861da7914e.r2.dev/1775597420545602.mp4
carried-forward  1735647691214382 c0  → https://pub-893b4a6a607b4221a894bf861da7914e.r2.dev/1735647691214382.mp4
carried-forward  3484445578390826 c0  → https://pub-893b4a6a607b4221a894bf861da7914e.r2.dev/3484445578390826.mp4
carried-forward  1550048746904249 c0  → https://pub-893b4a6a607b4221a894bf861da7914e.r2.dev/1550048746904249.mp4
carried-forward  1717069239596440 c0  → https://pub-893b4a6a607b4221a894bf861da7914e.r2.dev/1717069239596440.mp4
carried-forward  1041415954972904 c0  → https://pub-893b4a6a607b4221a894bf861da7914e.r2.dev/1041415954972904.mp4
carried-forward  1650969065965046 c0  → https://pub-893b4a6a607b4221a894bf861da7914e.r2.dev/1650969065965046.mp4
carried-forward  2232335177513132 c0  → https://pub-893b4a6a607b4221a894bf861da7914e.r2.dev/2232335177513132.mp4
carried-forward  1556972895267408 c0  → https://pub-893b4a6a607b4221a894bf861da7914e.r2.dev/1556972895267408.mp4
carried-forward  956122300785435 c0  → https://pub-893b4a6a607b4221a894bf861da7914e.r2.dev/956122300785435.mp4
carried-forward  1670326970721443 c0  → https://pub-893b4a6a607b4221a894bf861da7914e.r2.dev/1670326970721443.mp4
carried-forward  2024603854810756 c0  → https://pub-893b4a6a607b4221a894bf861da7914e.r2.dev/2024603854810756.mp4
carried-forward  1769975727329963 c0  → https://pub-893b4a6a607b4221a894bf861da7914e.r2.dev/1769975727329963.mp4
carried-forward  1355847972655919 c0  → https://pub-893b4a6a607b4221a894bf861da7914e.r2.dev/1355847972655919.mp4
carried-forward  2754778731574690 c0  → https://pub-893b4a6a607b4221a894bf861da7914e.r2.dev/2754778731574690.mp4
carried-forward  1056256433746398 c0  → https://pub-893b4a6a607b4221a894bf861da7914e.r2.dev/1056256433746398.mp4
carried-forward  27219698081035735 c0  → https://pub-893b4a6a607b4221a894bf861da7914e.r2.dev/27219698081035735.mp4
carried-forward  1213162864256094 c0  → https://pub-893b4a6a607b4221a894bf861da7914e.r2.dev/1213162864256094.mp4
carried-forward  1739012960442928 c0  → https://pub-893b4a6a607b4221a894bf861da7914e.r2.dev/1739012960442928.mp4
carried-forward  1570318424441027 c0  → https://pub-893b4a6a607b4221a894bf861da7914e.r2.dev/1570318424441027.mp4
carried-forward  1610600343761377 c0  → https://pub-893b4a6a607b4221a894bf861da7914e.r2.dev/1610600343761377.mp4
carried-forward  1378508024149199 c0  → https://pub-893b4a6a607b4221a894bf861da7914e.r2.dev/1378508024149199.mp4
carried-forward  887949464379756 c0  → https://pub-893b4a6a607b4221a894bf861da7914e.r2.dev/887949464379756.mp4
carried-forward  952333917875713 c0  → https://pub-893b4a6a607b4221a894bf861da7914e.r2.dev/952333917875713.mp4
carried-forward  2176934969753712 c0  → https://pub-893b4a6a607b4221a894bf861da7914e.r2.dev/2176934969753712.mp4
carried-forward  2516856682071470 c0  → https://pub-893b4a6a607b4221a894bf861da7914e.r2.dev/2516856682071470.mp4
carried-forward  995889549913608 c0  → https://pub-893b4a6a607b4221a894bf861da7914e.r2.dev/995889549913608.mp4
carried-forward  991287413897005 c0  → https://pub-893b4a6a607b4221a894bf861da7914e.r2.dev/991287413897005.mp4
carried-forward  1744402537004629 c0  → https://pub-893b4a6a607b4221a894bf861da7914e.r2.dev/1744402537004629.mp4
uploaded         1003958755575967 c0  (video) ← 1003958755575967.mp4  → https://pub-893b4a6a607b4221a894bf861da7914e.r2.dev/1003958755575967.mp4
carried-forward  2065947900961631 c0  → https://pub-893b4a6a607b4221a894bf861da7914e.r2.dev/2065947900961631.mp4
carried-forward  1495124108608267 c0  → https://pub-893b4a6a607b4221a894bf861da7914e.r2.dev/1495124108608267.mp4
carried-forward  995404913514416 c0  → https://pub-893b4a6a607b4221a894bf861da7914e.r2.dev/995404913514416.mp4
carried-forward  1054627286990407 c0  → https://pub-893b4a6a607b4221a894bf861da7914e.r2.dev/1054627286990407.mp4
carried-forward  1351594927152999 c0  → https://pub-893b4a6a607b4221a894bf861da7914e.r2.dev/1351594927152999.mp4
carried-forward  1983543708995810 c0  → https://pub-893b4a6a607b4221a894bf861da7914e.r2.dev/1983543708995810.mp4
carried-forward  1345944890316324 c0  → https://pub-893b4a6a607b4221a894bf861da7914e.r2.dev/1345944890316324.mp4
carried-forward  1041829631832578 c0  → https://pub-893b4a6a607b4221a894bf861da7914e.r2.dev/1041829631832578.mp4
carried-forward  1617773846661457 c0  → https://pub-893b4a6a607b4221a894bf861da7914e.r2.dev/1617773846661457.mp4
carried-forward  1600020168380830 c0  → https://pub-893b4a6a607b4221a894bf861da7914e.r2.dev/1600020168380830.mp4
carried-forward  1762021588565914 c0  → https://pub-893b4a6a607b4221a894bf861da7914e.r2.dev/1762021588565914.mp4
carried-forward  1563626482031128 c0  → https://pub-893b4a6a607b4221a894bf861da7914e.r2.dev/1563626482031128.mp4
carried-forward  1542125304276635 c0  → https://pub-893b4a6a607b4221a894bf861da7914e.r2.dev/1542125304276635.mp4
carried-forward  785082348027489 c0  → https://pub-893b4a6a607b4221a894bf861da7914e.r2.dev/785082348027489.mp4
carried-forward  1269260441785465 c0  → https://pub-893b4a6a607b4221a894bf861da7914e.r2.dev/1269260441785465.mp4
carried-forward  2490075131455929 c0  → https://pub-893b4a6a607b4221a894bf861da7914e.r2.dev/2490075131455929.mp4
carried-forward  1447615700720112 c0  → https://pub-893b4a6a607b4221a894bf861da7914e.r2.dev/1447615700720112.mp4
carried-forward  951725751253340 c0  → https://pub-893b4a6a607b4221a894bf861da7914e.r2.dev/951725751253340.mp4
carried-forward  1070609361989779 c0  → https://pub-893b4a6a607b4221a894bf861da7914e.r2.dev/1070609361989779.mp4
carried-forward  1069009418808426 c0  → https://pub-893b4a6a607b4221a894bf861da7914e.r2.dev/1069009418808426.mp4
carried-forward  1718925022376334 c0  → https://pub-893b4a6a607b4221a894bf861da7914e.r2.dev/1718925022376334.mp4
carried-forward  2027980964528438 c0  → https://pub-893b4a6a607b4221a894bf861da7914e.r2.dev/2027980964528438.mp4
carried-forward  1568903747923300 c0  → https://pub-893b4a6a607b4221a894bf861da7914e.r2.dev/1568903747923300.mp4
carried-forward  1496357588484541 c0  → https://pub-893b4a6a607b4221a894bf861da7914e.r2.dev/1496357588484541.mp4
carried-forward  2130453331242207 c0  → https://pub-893b4a6a607b4221a894bf861da7914e.r2.dev/2130453331242207.mp4
carried-forward  1013639841558453 c0  → https://pub-893b4a6a607b4221a894bf861da7914e.r2.dev/1013639841558453.mp4
carried-forward  3566341710185582 c0  → https://pub-893b4a6a607b4221a894bf861da7914e.r2.dev/3566341710185582.mp4
carried-forward  993180473519345 c0  → https://pub-893b4a6a607b4221a894bf861da7914e.r2.dev/993180473519345.mp4
carried-forward  1720382155560826 c0  → https://pub-893b4a6a607b4221a894bf861da7914e.r2.dev/1720382155560826.mp4
carried-forward  1330555632620802 c0  → https://pub-893b4a6a607b4221a894bf861da7914e.r2.dev/1330555632620802.mp4
carried-forward  899918089823930 c0  → https://pub-893b4a6a607b4221a894bf861da7914e.r2.dev/899918089823930.mp4
carried-forward  1512408050210939 c0  → https://pub-893b4a6a607b4221a894bf861da7914e.r2.dev/1512408050210939.mp4
carried-forward  1550798573097917 c0  → https://pub-893b4a6a607b4221a894bf861da7914e.r2.dev/1550798573097917.mp4
carried-forward  2047382145860720 c0  → https://pub-893b4a6a607b4221a894bf861da7914e.r2.dev/2047382145860720.mp4
carried-forward  990649857128864 c0  → https://pub-893b4a6a607b4221a894bf861da7914e.r2.dev/990649857128864.mp4
carried-forward  1322338626673609 c0  → https://pub-893b4a6a607b4221a894bf861da7914e.r2.dev/1322338626673609.mp4
carried-forward  1733774401274940 c0  → https://pub-893b4a6a607b4221a894bf861da7914e.r2.dev/1733774401274940.mp4
carried-forward  1340079877629502 c0  → https://pub-893b4a6a607b4221a894bf861da7914e.r2.dev/1340079877629502.mp4
carried-forward  1991449991666972 c0  → https://pub-893b4a6a607b4221a894bf861da7914e.r2.dev/1991449991666972.mp4
carried-forward  1551177939978635 c0  → https://pub-893b4a6a607b4221a894bf861da7914e.r2.dev/1551177939978635.mp4
carried-forward  1372653368399892 c0  → https://pub-893b4a6a607b4221a894bf861da7914e.r2.dev/1372653368399892.mp4
carried-forward  1825539565074555 c0  → https://pub-893b4a6a607b4221a894bf861da7914e.r2.dev/1825539565074555.mp4
carried-forward  1315826847284359 c0  → https://pub-893b4a6a607b4221a894bf861da7914e.r2.dev/1315826847284359.mp4
carried-forward  1549407039981058 c0  → https://pub-893b4a6a607b4221a894bf861da7914e.r2.dev/1549407039981058.mp4
carried-forward  958780730525270 c0  → https://pub-893b4a6a607b4221a894bf861da7914e.r2.dev/958780730525270.mp4
carried-forward  1261558113697835 c0  → https://pub-893b4a6a607b4221a894bf861da7914e.r2.dev/1261558113697835.mp4
carried-forward  1015465911292826 c0  → https://pub-893b4a6a607b4221a894bf861da7914e.r2.dev/1015465911292826.mp4
carried-forward  1997650587783734 c0  → https://pub-893b4a6a607b4221a894bf861da7914e.r2.dev/1997650587783734.mp4
carried-forward  1513375719960897 c0  → https://pub-893b4a6a607b4221a894bf861da7914e.r2.dev/1513375719960897.mp4
carried-forward  1249556893827524 c0  → https://pub-893b4a6a607b4221a894bf861da7914e.r2.dev/1249556893827524.mp4
carried-forward  2208308339710249 c0  → https://pub-893b4a6a607b4221a894bf861da7914e.r2.dev/2208308339710249.mp4
carried-forward  1574930104167727 c0  → https://pub-893b4a6a607b4221a894bf861da7914e.r2.dev/1574930104167727.mp4
carried-forward  1548355006956451 c0  → https://pub-893b4a6a607b4221a894bf861da7914e.r2.dev/1548355006956451.mp4
carried-forward  2174145666486129 c0  → https://pub-893b4a6a607b4221a894bf861da7914e.r2.dev/2174145666486129.mp4
carried-forward  920211211089397 c0  → https://pub-893b4a6a607b4221a894bf861da7914e.r2.dev/920211211089397.mp4
carried-forward  1992115784773432 c0  → https://pub-893b4a6a607b4221a894bf861da7914e.r2.dev/1992115784773432.mp4
carried-forward  1412541307591066 c0  → https://pub-893b4a6a607b4221a894bf861da7914e.r2.dev/1412541307591066.mp4
carried-forward  1607286517667851 c0  → https://pub-893b4a6a607b4221a894bf861da7914e.r2.dev/1607286517667851.mp4
carried-forward  853783887570300 c0  → https://pub-893b4a6a607b4221a894bf861da7914e.r2.dev/853783887570300.mp4
uploaded         911721131979304 c0  (video) ← 911721131979304.mp4  → https://pub-893b4a6a607b4221a894bf861da7914e.r2.dev/911721131979304.mp4
uploaded         1057591316914512 c0  (video) ← 1057591316914512.mp4  → https://pub-893b4a6a607b4221a894bf861da7914e.r2.dev/1057591316914512.mp4
carried-forward  870431506136433 c0  → https://pub-893b4a6a607b4221a894bf861da7914e.r2.dev/870431506136433.mp4
uploaded         1842999643338976 c0  (video) ← 1842999643338976.mp4  → https://pub-893b4a6a607b4221a894bf861da7914e.r2.dev/1842999643338976.mp4
uploaded         1404698241718011 c0  (video) ← 1404698241718011.mp4  → https://pub-893b4a6a607b4221a894bf861da7914e.r2.dev/1404698241718011.mp4
uploaded         1349638643814751 c0  (video) ← 1349638643814751.mp4  → https://pub-893b4a6a607b4221a894bf861da7914e.r2.dev/1349638643814751.mp4
uploaded         1344389530456738 c0  (video) ← 1344389530456738.mp4  → https://pub-893b4a6a607b4221a894bf861da7914e.r2.dev/1344389530456738.mp4
uploaded         2652217405211139 c0  (video) ← 2652217405211139.mp4  → https://pub-893b4a6a607b4221a894bf861da7914e.r2.dev/2652217405211139.mp4
uploaded         1029960336566858 c0  (video) ← 1029960336566858.mp4  → https://pub-893b4a6a607b4221a894bf861da7914e.r2.dev/1029960336566858.mp4
carried-forward  28422515420689115 c0  → https://pub-893b4a6a607b4221a894bf861da7914e.r2.dev/28422515420689115.mp4
uploaded         2099343410677570 c0  (video) ← 2099343410677570.mp4  → https://pub-893b4a6a607b4221a894bf861da7914e.r2.dev/2099343410677570.mp4
uploaded         1467750661785602 c0  (video) ← 1467750661785602.mp4  → https://pub-893b4a6a607b4221a894bf861da7914e.r2.dev/1467750661785602.mp4
uploaded         2497339690719324 c0  (video) ← 2497339690719324.mp4  → https://pub-893b4a6a607b4221a894bf861da7914e.r2.dev/2497339690719324.mp4
uploaded         1562366812145935 c0  (video) ← 1562366812145935.mp4  → https://pub-893b4a6a607b4221a894bf861da7914e.r2.dev/1562366812145935.mp4
uploaded         2709387412788823 c0  (video) ← 2709387412788823.mp4  → https://pub-893b4a6a607b4221a894bf861da7914e.r2.dev/2709387412788823.mp4
uploaded         1625672995836190 c0  (video) ← 1625672995836190.mp4  → https://pub-893b4a6a607b4221a894bf861da7914e.r2.dev/1625672995836190.mp4
uploaded         901387929023624 c0  (video) ← 901387929023624.mp4  → https://pub-893b4a6a607b4221a894bf861da7914e.r2.dev/901387929023624.mp4
uploaded         931871662645355 c0  (video) ← 931871662645355.mp4  → https://pub-893b4a6a607b4221a894bf861da7914e.r2.dev/931871662645355.mp4
uploaded         1684395599502341 c0  (video) ← 1684395599502341.mp4  → https://pub-893b4a6a607b4221a894bf861da7914e.r2.dev/1684395599502341.mp4
uploaded         1572118647955435 c0  (video) ← 1572118647955435.mp4  → https://pub-893b4a6a607b4221a894bf861da7914e.r2.dev/1572118647955435.mp4
uploaded         984299611108932 c0  (video) ← 984299611108932.mp4  → https://pub-893b4a6a607b4221a894bf861da7914e.r2.dev/984299611108932.mp4
uploaded         1076128631631147 c0  (video) ← 1076128631631147.mp4  → https://pub-893b4a6a607b4221a894bf861da7914e.r2.dev/1076128631631147.mp4
uploaded         1312708097684149 c0  (video) ← 1312708097684149.mp4  → https://pub-893b4a6a607b4221a894bf861da7914e.r2.dev/1312708097684149.mp4
uploaded         998666166481846 c0  (video) ← 998666166481846.mp4  → https://pub-893b4a6a607b4221a894bf861da7914e.r2.dev/998666166481846.mp4
uploaded         1099280332987099 c0  (video) ← 1099280332987099.mp4  → https://pub-893b4a6a607b4221a894bf861da7914e.r2.dev/1099280332987099.mp4
uploaded         1666185644494714 c0  (video) ← 1666185644494714.mp4  → https://pub-893b4a6a607b4221a894bf861da7914e.r2.dev/1666185644494714.mp4
carried-forward  1205047408419523 c0  → https://pub-893b4a6a607b4221a894bf861da7914e.r2.dev/1205047408419523.mp4
uploaded         1046082125058811 c0  (video) ← 1046082125058811.mp4  → https://pub-893b4a6a607b4221a894bf861da7914e.r2.dev/1046082125058811.mp4
uploaded         1052855614342313 c0  (video) ← 1052855614342313.mp4  → https://pub-893b4a6a607b4221a894bf861da7914e.r2.dev/1052855614342313.mp4
uploaded         1076347044724445 c0  (video) ← 1076347044724445.mp4  → https://pub-893b4a6a607b4221a894bf861da7914e.r2.dev/1076347044724445.mp4
uploaded         1335595448681438 c0  (video) ← 1335595448681438.mp4  → https://pub-893b4a6a607b4221a894bf861da7914e.r2.dev/1335595448681438.mp4
uploaded         1538432034678189 c0  (video) ← 1538432034678189.mp4  → https://pub-893b4a6a607b4221a894bf861da7914e.r2.dev/1538432034678189.mp4
uploaded         3308870079293437 c0  (video) ← 3308870079293437.mp4  → https://pub-893b4a6a607b4221a894bf861da7914e.r2.dev/3308870079293437.mp4
uploaded         1061915176271471 c0  (video) ← 1061915176271471.mp4  → https://pub-893b4a6a607b4221a894bf861da7914e.r2.dev/1061915176271471.mp4
uploaded         1503146724948601 c0  (video) ← 1503146724948601.mp4  → https://pub-893b4a6a607b4221a894bf861da7914e.r2.dev/1503146724948601.mp4
uploaded         1018715937558652 c0  (video) ← 1018715937558652.mp4  → https://pub-893b4a6a607b4221a894bf861da7914e.r2.dev/1018715937558652.mp4
uploaded         915052721624072 c0  (video) ← 915052721624072.mp4  → https://pub-893b4a6a607b4221a894bf861da7914e.r2.dev/915052721624072.mp4
uploaded         3447037815474696 c0  (video) ← 3447037815474696.mp4  → https://pub-893b4a6a607b4221a894bf861da7914e.r2.dev/3447037815474696.mp4
uploaded         1642392514222901 c0  (video) ← 1642392514222901.mp4  → https://pub-893b4a6a607b4221a894bf861da7914e.r2.dev/1642392514222901.mp4
uploaded         1844911350087499 c0  (video) ← 1844911350087499.mp4  → https://pub-893b4a6a607b4221a894bf861da7914e.r2.dev/1844911350087499.mp4
uploaded         1072595338800989 c0  (video) ← 1072595338800989.mp4  → https://pub-893b4a6a607b4221a894bf861da7914e.r2.dev/1072595338800989.mp4
uploaded         1010871498599888 c0  (video) ← 1010871498599888.mp4  → https://pub-893b4a6a607b4221a894bf861da7914e.r2.dev/1010871498599888.mp4
uploaded         1034063345758631 c0  (video) ← 1034063345758631.mp4  → https://pub-893b4a6a607b4221a894bf861da7914e.r2.dev/1034063345758631.mp4
carried-forward  1229149502597052 c0  → https://pub-893b4a6a607b4221a894bf861da7914e.r2.dev/1229149502597052.mp4
uploaded         1763798465036939 c0  (video) ← 1763798465036939.mp4  → https://pub-893b4a6a607b4221a894bf861da7914e.r2.dev/1763798465036939.mp4
uploaded         1760410931619964 c0  (video) ← 1760410931619964.mp4  → https://pub-893b4a6a607b4221a894bf861da7914e.r2.dev/1760410931619964.mp4
uploaded         1066299185827495 c0  (video) ← 1066299185827495.mp4  → https://pub-893b4a6a607b4221a894bf861da7914e.r2.dev/1066299185827495.mp4
uploaded         1522288892929020 c0  (video) ← 1522288892929020.mp4  → https://pub-893b4a6a607b4221a894bf861da7914e.r2.dev/1522288892929020.mp4
uploaded         1575412274210569 c0  (video) ← 1575412274210569.mp4  → https://pub-893b4a6a607b4221a894bf861da7914e.r2.dev/1575412274210569.mp4
uploaded         3124895651053219 c0  (video) ← 3124895651053219.mp4  → https://pub-893b4a6a607b4221a894bf861da7914e.r2.dev/3124895651053219.mp4
uploaded         834563629587340 c0  (video) ← 834563629587340.mp4  → https://pub-893b4a6a607b4221a894bf861da7914e.r2.dev/834563629587340.mp4
uploaded         2509106956178969 c0  (video) ← 2509106956178969.mp4  → https://pub-893b4a6a607b4221a894bf861da7914e.r2.dev/2509106956178969.mp4
uploaded         2619460671819312 c0  (video) ← 2619460671819312.mp4  → https://pub-893b4a6a607b4221a894bf861da7914e.r2.dev/2619460671819312.mp4
uploaded         1999200470960177 c0  (video) ← 1999200470960177.mp4  → https://pub-893b4a6a607b4221a894bf861da7914e.r2.dev/1999200470960177.mp4
uploaded         2106518626626730 c0  (video) ← 2106518626626730.mp4  → https://pub-893b4a6a607b4221a894bf861da7914e.r2.dev/2106518626626730.mp4
carried-forward  4370771773171416 c0  → https://pub-893b4a6a607b4221a894bf861da7914e.r2.dev/4370771773171416.mp4
uploaded         1528205468796975 c0  (video) ← 1528205468796975.mp4  → https://pub-893b4a6a607b4221a894bf861da7914e.r2.dev/1528205468796975.mp4
uploaded         2446244482527331 c0  (video) ← 2446244482527331.mp4  → https://pub-893b4a6a607b4221a894bf861da7914e.r2.dev/2446244482527331.mp4
carried-forward  27815415298084440 c0  → https://pub-893b4a6a607b4221a894bf861da7914e.r2.dev/27815415298084440.mp4
uploaded         825684893831540 c0  (video) ← 825684893831540.mp4  → https://pub-893b4a6a607b4221a894bf861da7914e.r2.dev/825684893831540.mp4
uploaded         1990095708377576 c0  (video) ← 1990095708377576.mp4  → https://pub-893b4a6a607b4221a894bf861da7914e.r2.dev/1990095708377576.mp4
uploaded         1356098996448027 c0  (video) ← 1356098996448027.mp4  → https://pub-893b4a6a607b4221a894bf861da7914e.r2.dev/1356098996448027.mp4
uploaded         1605362024511696 c0  (video) ← 1605362024511696.mp4  → https://pub-893b4a6a607b4221a894bf861da7914e.r2.dev/1605362024511696.mp4
uploaded         1385147057129527 c0  (video) ← 1385147057129527.mp4  → https://pub-893b4a6a607b4221a894bf861da7914e.r2.dev/1385147057129527.mp4
uploaded         1350333077246056 c0  (video) ← 1350333077246056.mp4  → https://pub-893b4a6a607b4221a894bf861da7914e.r2.dev/1350333077246056.mp4
uploaded         1737170960864048 c0  (video) ← 1737170960864048.mp4  → https://pub-893b4a6a607b4221a894bf861da7914e.r2.dev/1737170960864048.mp4
uploaded         1660811185666077 c0  (video) ← 1660811185666077.mp4  → https://pub-893b4a6a607b4221a894bf861da7914e.r2.dev/1660811185666077.mp4
uploaded         1555670099379028 c0  (video) ← 1555670099379028.mp4  → https://pub-893b4a6a607b4221a894bf861da7914e.r2.dev/1555670099379028.mp4
uploaded         1507011107314177 c0  (video) ← 1507011107314177.mp4  → https://pub-893b4a6a607b4221a894bf861da7914e.r2.dev/1507011107314177.mp4
uploaded         1467915651711731 c0  (video) ← 1467915651711731.mp4  → https://pub-893b4a6a607b4221a894bf861da7914e.r2.dev/1467915651711731.mp4
uploaded         1513264187211772 c0  (video) ← 1513264187211772.mp4  → https://pub-893b4a6a607b4221a894bf861da7914e.r2.dev/1513264187211772.mp4
uploaded         1386286703413839 c0  (video) ← 1386286703413839.mp4  → https://pub-893b4a6a607b4221a894bf861da7914e.r2.dev/1386286703413839.mp4
uploaded         1030172206405928 c0  (video) ← 1030172206405928.mp4  → https://pub-893b4a6a607b4221a894bf861da7914e.r2.dev/1030172206405928.mp4
uploaded         1573799770762054 c0  (video) ← 1573799770762054.mp4  → https://pub-893b4a6a607b4221a894bf861da7914e.r2.dev/1573799770762054.mp4
uploaded         27626538733669780 c0  (video) ← 27626538733669780.mp4  → https://pub-893b4a6a607b4221a894bf861da7914e.r2.dev/27626538733669780.mp4
carried-forward  2236501443806601 c0  → https://pub-893b4a6a607b4221a894bf861da7914e.r2.dev/2236501443806601.mp4
uploaded         1184386010520083 c0  (video) ← 1184386010520083.mp4  → https://pub-893b4a6a607b4221a894bf861da7914e.r2.dev/1184386010520083.mp4
uploaded         1431209032174340 c0  (video) ← 1431209032174340.mp4  → https://pub-893b4a6a607b4221a894bf861da7914e.r2.dev/1431209032174340.mp4
uploaded         1593444748791575 c0  (video) ← 1593444748791575.mp4  → https://pub-893b4a6a607b4221a894bf861da7914e.r2.dev/1593444748791575.mp4
uploaded         2222256028347224 c0  (video) ← 2222256028347224.mp4  → https://pub-893b4a6a607b4221a894bf861da7914e.r2.dev/2222256028347224.mp4
uploaded         1028227123019537 c0  (video) ← 1028227123019537.mp4  → https://pub-893b4a6a607b4221a894bf861da7914e.r2.dev/1028227123019537.mp4
uploaded         1335940752069497 c0  (video) ← 1335940752069497.mp4  → https://pub-893b4a6a607b4221a894bf861da7914e.r2.dev/1335940752069497.mp4
uploaded         1744287289933298 c0  (video) ← 1744287289933298.mp4  → https://pub-893b4a6a607b4221a894bf861da7914e.r2.dev/1744287289933298.mp4
uploaded         2324155347991756 c0  (video) ← 2324155347991756.mp4  → https://pub-893b4a6a607b4221a894bf861da7914e.r2.dev/2324155347991756.mp4
