# Step 3 run log
# competitor : speakeasy
# started_at : 2026-07-11T16:56:14
# input      : facebook/inputs/fb-ads-speakeasy-2026-07-11-1543.csv
# videos     : facebook/videos/speakeasy-2026-07-11
# master     : facebook/master/speakeasy.csv  (updated)
# enriched   : facebook/inputs/fb-ads-speakeasy-2026-07-11-1543_enriched.csv
# bucket     : video-ads
# public_base: https://pub-893b4a6a607b4221a894bf861da7914e.r2.dev
# dry_run    : False
#
# counts     : {'uploaded': 43, 'carried-forward': 238, 'image-pending': 0, 'video-missing': 1, 'no-creative': 0, 'error': 1}
#
carried-forward  2096925954204563 c0  → https://pub-893b4a6a607b4221a894bf861da7914e.r2.dev/2096925954204563.mp4
carried-forward  2202456460521928 c0  → https://pub-893b4a6a607b4221a894bf861da7914e.r2.dev/2202456460521928.mp4
carried-forward  1329522652574885 c0  → https://pub-893b4a6a607b4221a894bf861da7914e.r2.dev/1329522652574885.mp4
carried-forward  1350528533804193 c0  → https://pub-893b4a6a607b4221a894bf861da7914e.r2.dev/1350528533804193.mp4
carried-forward  2230483907768260 c0  → https://pub-893b4a6a607b4221a894bf861da7914e.r2.dev/2230483907768260.mp4
carried-forward  27190213957294951 c0  → https://pub-893b4a6a607b4221a894bf861da7914e.r2.dev/27190213957294951.mp4
carried-forward  1990549078495400 c0  → https://pub-893b4a6a607b4221a894bf861da7914e.r2.dev/1990549078495400.mp4
carried-forward  2443549536146368 c0  → https://pub-893b4a6a607b4221a894bf861da7914e.r2.dev/2443549536146368.mp4
carried-forward  1715366832977862 c0  → https://pub-893b4a6a607b4221a894bf861da7914e.r2.dev/1715366832977862.mp4
carried-forward  1515028196659572 c0  → https://pub-893b4a6a607b4221a894bf861da7914e.r2.dev/1515028196659572.mp4
carried-forward  1003649275414638 c0  → https://pub-893b4a6a607b4221a894bf861da7914e.r2.dev/1003649275414638.mp4
carried-forward  1274918781380927 c0  → https://pub-893b4a6a607b4221a894bf861da7914e.r2.dev/1274918781380927.mp4
carried-forward  933307746352020 c0  → https://pub-893b4a6a607b4221a894bf861da7914e.r2.dev/933307746352020.mp4
carried-forward  1004243468673350 c0  → https://pub-893b4a6a607b4221a894bf861da7914e.r2.dev/1004243468673350.mp4
carried-forward  4539960142950619 c0  → https://pub-893b4a6a607b4221a894bf861da7914e.r2.dev/4539960142950619.mp4
carried-forward  1509000537534731 c0  → https://pub-893b4a6a607b4221a894bf861da7914e.r2.dev/1509000537534731.mp4
carried-forward  1459277669338335 c0  → https://pub-893b4a6a607b4221a894bf861da7914e.r2.dev/1459277669338335.mp4
carried-forward  1758345675330702 c0  → https://pub-893b4a6a607b4221a894bf861da7914e.r2.dev/1758345675330702.mp4
carried-forward  1697445064905391 c0  → https://pub-893b4a6a607b4221a894bf861da7914e.r2.dev/1697445064905391.mp4
carried-forward  979290208277494 c0  → https://pub-893b4a6a607b4221a894bf861da7914e.r2.dev/979290208277494.mp4
carried-forward  1846633682964760 c0  → https://pub-893b4a6a607b4221a894bf861da7914e.r2.dev/1846633682964760.mp4
carried-forward  2906298679721315 c0  → https://pub-893b4a6a607b4221a894bf861da7914e.r2.dev/2906298679721315.mp4
carried-forward  2071647760437589 c0  → https://pub-893b4a6a607b4221a894bf861da7914e.r2.dev/2071647760437589.mp4
carried-forward  1324292329831050 c0  → https://pub-893b4a6a607b4221a894bf861da7914e.r2.dev/1324292329831050.mp4
carried-forward  1604188747714000 c0  → https://pub-893b4a6a607b4221a894bf861da7914e.r2.dev/1604188747714000.mp4
carried-forward  1734392771068941 c0  → https://pub-893b4a6a607b4221a894bf861da7914e.r2.dev/1734392771068941.mp4
carried-forward  1011965198455335 c0  → https://pub-893b4a6a607b4221a894bf861da7914e.r2.dev/1011965198455335.mp4
carried-forward  1285753573334918 c0  → https://pub-893b4a6a607b4221a894bf861da7914e.r2.dev/1285753573334918.mp4
carried-forward  27378272641859957 c0  → https://pub-893b4a6a607b4221a894bf861da7914e.r2.dev/27378272641859957.mp4
carried-forward  1535695454763774 c0  → https://pub-893b4a6a607b4221a894bf861da7914e.r2.dev/1535695454763774.mp4
carried-forward  2245734962626860 c0  → https://pub-893b4a6a607b4221a894bf861da7914e.r2.dev/2245734962626860.mp4
carried-forward  1802246977424820 c0  → https://pub-893b4a6a607b4221a894bf861da7914e.r2.dev/1802246977424820.mp4
video-missing    1802246977424820 c0  (expected file not found in facebook/videos/speakeasy-2026-07-11)
carried-forward  1754597612655199 c0  → https://pub-893b4a6a607b4221a894bf861da7914e.r2.dev/1754597612655199.mp4
carried-forward  1818346986204122 c0  → https://pub-893b4a6a607b4221a894bf861da7914e.r2.dev/1818346986204122.mp4
carried-forward  1706586897142307 c0  → https://pub-893b4a6a607b4221a894bf861da7914e.r2.dev/1706586897142307.mp4
carried-forward  1749757829714015 c0  → https://pub-893b4a6a607b4221a894bf861da7914e.r2.dev/1749757829714015.mp4
carried-forward  996641986578618 c0  → https://pub-893b4a6a607b4221a894bf861da7914e.r2.dev/996641986578618.mp4
carried-forward  2218310135679156 c0  → https://pub-893b4a6a607b4221a894bf861da7914e.r2.dev/2218310135679156.mp4
carried-forward  874722785094358 c0  → https://pub-893b4a6a607b4221a894bf861da7914e.r2.dev/874722785094358.mp4
carried-forward  795854463516781 c0  → https://pub-893b4a6a607b4221a894bf861da7914e.r2.dev/795854463516781.mp4
carried-forward  2541924189593676 c0  → https://pub-893b4a6a607b4221a894bf861da7914e.r2.dev/2541924189593676.mp4
carried-forward  1974227159873500 c0  → https://pub-893b4a6a607b4221a894bf861da7914e.r2.dev/1974227159873500.mp4
carried-forward  1501674381701938 c0  → https://pub-893b4a6a607b4221a894bf861da7914e.r2.dev/1501674381701938.mp4
carried-forward  1334007191542658 c0  → https://pub-893b4a6a607b4221a894bf861da7914e.r2.dev/1334007191542658.mp4
carried-forward  1214663760729894 c0  → https://pub-893b4a6a607b4221a894bf861da7914e.r2.dev/1214663760729894.mp4
carried-forward  1543528693797253 c0  → https://pub-893b4a6a607b4221a894bf861da7914e.r2.dev/1543528693797253.mp4
carried-forward  854032033985665 c0  → https://pub-893b4a6a607b4221a894bf861da7914e.r2.dev/854032033985665.mp4
carried-forward  878270771469415 c0  → https://pub-893b4a6a607b4221a894bf861da7914e.r2.dev/878270771469415.mp4
carried-forward  1551354719827011 c0  → https://pub-893b4a6a607b4221a894bf861da7914e.r2.dev/1551354719827011.mp4
carried-forward  1023353213520872 c0  → https://pub-893b4a6a607b4221a894bf861da7914e.r2.dev/1023353213520872.mp4
carried-forward  1296646215598722 c0  → https://pub-893b4a6a607b4221a894bf861da7914e.r2.dev/1296646215598722.mp4
carried-forward  1522462465946347 c0  → https://pub-893b4a6a607b4221a894bf861da7914e.r2.dev/1522462465946347.mp4
carried-forward  1362568515807869 c0  → https://pub-893b4a6a607b4221a894bf861da7914e.r2.dev/1362568515807869.mp4
carried-forward  1032328049733145 c0  → https://pub-893b4a6a607b4221a894bf861da7914e.r2.dev/1032328049733145.mp4
carried-forward  1021509707411878 c0  → https://pub-893b4a6a607b4221a894bf861da7914e.r2.dev/1021509707411878.mp4
carried-forward  991150477141420 c0  → https://pub-893b4a6a607b4221a894bf861da7914e.r2.dev/991150477141420.mp4
carried-forward  1001471282690704 c0  → https://pub-893b4a6a607b4221a894bf861da7914e.r2.dev/1001471282690704.mp4
carried-forward  2146898272848405 c0  → https://pub-893b4a6a607b4221a894bf861da7914e.r2.dev/2146898272848405.mp4
carried-forward  2091737915053511 c0  → https://pub-893b4a6a607b4221a894bf861da7914e.r2.dev/2091737915053511.mp4
carried-forward  2450004685510769 c0  → https://pub-893b4a6a607b4221a894bf861da7914e.r2.dev/2450004685510769.mp4
carried-forward  1000318475941339 c0  → https://pub-893b4a6a607b4221a894bf861da7914e.r2.dev/1000318475941339.mp4
carried-forward  2227054274738884 c0  → https://pub-893b4a6a607b4221a894bf861da7914e.r2.dev/2227054274738884.mp4
carried-forward  1719077382539404 c0  → https://pub-893b4a6a607b4221a894bf861da7914e.r2.dev/1719077382539404.mp4
carried-forward  1255180603194330 c0  → https://pub-893b4a6a607b4221a894bf861da7914e.r2.dev/1255180603194330.mp4
carried-forward  2006263380252771 c0  → https://pub-893b4a6a607b4221a894bf861da7914e.r2.dev/2006263380252771.mp4
carried-forward  1123946773670633 c0  → https://pub-893b4a6a607b4221a894bf861da7914e.r2.dev/1123946773670633.mp4
carried-forward  887301687184523 c0  → https://pub-893b4a6a607b4221a894bf861da7914e.r2.dev/887301687184523.mp4
carried-forward  27828393366752661 c0  → https://pub-893b4a6a607b4221a894bf861da7914e.r2.dev/27828393366752661.mp4
carried-forward  1523794219232013 c0  → https://pub-893b4a6a607b4221a894bf861da7914e.r2.dev/1523794219232013.mp4
carried-forward  2021445902097676 c0  → https://pub-893b4a6a607b4221a894bf861da7914e.r2.dev/2021445902097676.mp4
carried-forward  2082896602607732 c0  → https://pub-893b4a6a607b4221a894bf861da7914e.r2.dev/2082896602607732.mp4
carried-forward  1784508499199267 c0  → https://pub-893b4a6a607b4221a894bf861da7914e.r2.dev/1784508499199267.mp4
carried-forward  1992281408060405 c0  → https://pub-893b4a6a607b4221a894bf861da7914e.r2.dev/1992281408060405.mp4
carried-forward  2239485170144584 c0  → https://pub-893b4a6a607b4221a894bf861da7914e.r2.dev/2239485170144584.mp4
carried-forward  1480440910438041 c0  → https://pub-893b4a6a607b4221a894bf861da7914e.r2.dev/1480440910438041.mp4
carried-forward  1663711818261206 c0  → https://pub-893b4a6a607b4221a894bf861da7914e.r2.dev/1663711818261206.mp4
carried-forward  1344300023810868 c0  → https://pub-893b4a6a607b4221a894bf861da7914e.r2.dev/1344300023810868.mp4
carried-forward  4074350866028109 c0  → https://pub-893b4a6a607b4221a894bf861da7914e.r2.dev/4074350866028109.mp4
carried-forward  891518497323032 c0  → https://pub-893b4a6a607b4221a894bf861da7914e.r2.dev/891518497323032.mp4
carried-forward  1791911951778567 c0  → https://pub-893b4a6a607b4221a894bf861da7914e.r2.dev/1791911951778567.mp4
carried-forward  1717092429428056 c0  → https://pub-893b4a6a607b4221a894bf861da7914e.r2.dev/1717092429428056.mp4
carried-forward  1648772409911904 c0  → https://pub-893b4a6a607b4221a894bf861da7914e.r2.dev/1648772409911904.mp4
carried-forward  1342758677960190 c0  → https://pub-893b4a6a607b4221a894bf861da7914e.r2.dev/1342758677960190.mp4
carried-forward  1063387769581337 c0  → https://pub-893b4a6a607b4221a894bf861da7914e.r2.dev/1063387769581337.mp4
carried-forward  2479336475900891 c0  → https://pub-893b4a6a607b4221a894bf861da7914e.r2.dev/2479336475900891.mp4
carried-forward  1578041776997378 c0  → https://pub-893b4a6a607b4221a894bf861da7914e.r2.dev/1578041776997378.mp4
carried-forward  924091447372932 c0  → https://pub-893b4a6a607b4221a894bf861da7914e.r2.dev/924091447372932.mp4
carried-forward  2209583763150233 c0  → https://pub-893b4a6a607b4221a894bf861da7914e.r2.dev/2209583763150233.mp4
carried-forward  1040958635122079 c0  → https://pub-893b4a6a607b4221a894bf861da7914e.r2.dev/1040958635122079.mp4
carried-forward  2072428540334128 c0  → https://pub-893b4a6a607b4221a894bf861da7914e.r2.dev/2072428540334128.mp4
carried-forward  1545930513871571 c0  → https://pub-893b4a6a607b4221a894bf861da7914e.r2.dev/1545930513871571.mp4
carried-forward  3617981765024363 c0  → https://pub-893b4a6a607b4221a894bf861da7914e.r2.dev/3617981765024363.mp4
carried-forward  1375759414703017 c0  → https://pub-893b4a6a607b4221a894bf861da7914e.r2.dev/1375759414703017.mp4
carried-forward  1040866605065053 c0  → https://pub-893b4a6a607b4221a894bf861da7914e.r2.dev/1040866605065053.mp4
carried-forward  2470272863452382 c0  → https://pub-893b4a6a607b4221a894bf861da7914e.r2.dev/2470272863452382.mp4
carried-forward  2579746372455512 c0  → https://pub-893b4a6a607b4221a894bf861da7914e.r2.dev/2579746372455512.mp4
carried-forward  1501484407863476 c0  → https://pub-893b4a6a607b4221a894bf861da7914e.r2.dev/1501484407863476.mp4
carried-forward  1597341511954866 c0  → https://pub-893b4a6a607b4221a894bf861da7914e.r2.dev/1597341511954866.mp4
carried-forward  1688344809087631 c0  → https://pub-893b4a6a607b4221a894bf861da7914e.r2.dev/1688344809087631.mp4
carried-forward  1660487538367411 c0  → https://pub-893b4a6a607b4221a894bf861da7914e.r2.dev/1660487538367411.mp4
carried-forward  1042820778264769 c0  → https://pub-893b4a6a607b4221a894bf861da7914e.r2.dev/1042820778264769.mp4
carried-forward  969367209464212 c0  → https://pub-893b4a6a607b4221a894bf861da7914e.r2.dev/969367209464212.mp4
carried-forward  1048498911190337 c0  → https://pub-893b4a6a607b4221a894bf861da7914e.r2.dev/1048498911190337.mp4
carried-forward  1256578456414061 c0  → https://pub-893b4a6a607b4221a894bf861da7914e.r2.dev/1256578456414061.mp4
carried-forward  3341258446078080 c0  → https://pub-893b4a6a607b4221a894bf861da7914e.r2.dev/3341258446078080.mp4
carried-forward  4463431447303635 c0  → https://pub-893b4a6a607b4221a894bf861da7914e.r2.dev/4463431447303635.mp4
carried-forward  1892273128112135 c0  → https://pub-893b4a6a607b4221a894bf861da7914e.r2.dev/1892273128112135.mp4
carried-forward  1398725629025205 c0  → https://pub-893b4a6a607b4221a894bf861da7914e.r2.dev/1398725629025205.mp4
carried-forward  2010736239648378 c0  → https://pub-893b4a6a607b4221a894bf861da7914e.r2.dev/2010736239648378.mp4
carried-forward  1588961396120673 c0  → https://pub-893b4a6a607b4221a894bf861da7914e.r2.dev/1588961396120673.mp4
carried-forward  4135736413392137 c0  → https://pub-893b4a6a607b4221a894bf861da7914e.r2.dev/4135736413392137.mp4
carried-forward  1345219063691631 c0  → https://pub-893b4a6a607b4221a894bf861da7914e.r2.dev/1345219063691631.mp4
carried-forward  4323868357829159 c0  → https://pub-893b4a6a607b4221a894bf861da7914e.r2.dev/4323868357829159.mp4
carried-forward  1785201999116858 c0  → https://pub-893b4a6a607b4221a894bf861da7914e.r2.dev/1785201999116858.mp4
carried-forward  869356792488915 c0  → https://pub-893b4a6a607b4221a894bf861da7914e.r2.dev/869356792488915.mp4
carried-forward  2028133417843265 c0  → https://pub-893b4a6a607b4221a894bf861da7914e.r2.dev/2028133417843265.mp4
carried-forward  1505556514040341 c0  → https://pub-893b4a6a607b4221a894bf861da7914e.r2.dev/1505556514040341.mp4
carried-forward  1536148764877969 c0  → https://pub-893b4a6a607b4221a894bf861da7914e.r2.dev/1536148764877969.mp4
carried-forward  1018845284224419 c0  → https://pub-893b4a6a607b4221a894bf861da7914e.r2.dev/1018845284224419.mp4
carried-forward  957663743958649 c0  → https://pub-893b4a6a607b4221a894bf861da7914e.r2.dev/957663743958649.mp4
carried-forward  1773083430522130 c0  → https://pub-893b4a6a607b4221a894bf861da7914e.r2.dev/1773083430522130.mp4
carried-forward  1711912796681935 c0  → https://pub-893b4a6a607b4221a894bf861da7914e.r2.dev/1711912796681935.mp4
carried-forward  1335094458196502 c0  → https://pub-893b4a6a607b4221a894bf861da7914e.r2.dev/1335094458196502.mp4
carried-forward  4619103465082070 c0  → https://pub-893b4a6a607b4221a894bf861da7914e.r2.dev/4619103465082070.mp4
carried-forward  1555727799578787 c0  → https://pub-893b4a6a607b4221a894bf861da7914e.r2.dev/1555727799578787.mp4
carried-forward  1346010626971981 c0  → https://pub-893b4a6a607b4221a894bf861da7914e.r2.dev/1346010626971981.mp4
carried-forward  3055715194819514 c0  → https://pub-893b4a6a607b4221a894bf861da7914e.r2.dev/3055715194819514.mp4
carried-forward  787978747676615 c0  → https://pub-893b4a6a607b4221a894bf861da7914e.r2.dev/787978747676615.mp4
carried-forward  1962204591160473 c0  → https://pub-893b4a6a607b4221a894bf861da7914e.r2.dev/1962204591160473.mp4
carried-forward  2081781235766590 c0  → https://pub-893b4a6a607b4221a894bf861da7914e.r2.dev/2081781235766590.mp4
carried-forward  1702177074425130 c0  → https://pub-893b4a6a607b4221a894bf861da7914e.r2.dev/1702177074425130.mp4
carried-forward  1473878144773148 c0  → https://pub-893b4a6a607b4221a894bf861da7914e.r2.dev/1473878144773148.mp4
carried-forward  1772369183935198 c0  → https://pub-893b4a6a607b4221a894bf861da7914e.r2.dev/1772369183935198.mp4
carried-forward  1721017322555110 c0  → https://pub-893b4a6a607b4221a894bf861da7914e.r2.dev/1721017322555110.mp4
carried-forward  872845798782892 c0  → https://pub-893b4a6a607b4221a894bf861da7914e.r2.dev/872845798782892.mp4
carried-forward  1685798842655328 c0  → https://pub-893b4a6a607b4221a894bf861da7914e.r2.dev/1685798842655328.mp4
carried-forward  1574836824238880 c0  → https://pub-893b4a6a607b4221a894bf861da7914e.r2.dev/1574836824238880.mp4
carried-forward  1647803130112267 c0  → https://pub-893b4a6a607b4221a894bf861da7914e.r2.dev/1647803130112267.mp4
carried-forward  876900858823744 c0  → https://pub-893b4a6a607b4221a894bf861da7914e.r2.dev/876900858823744.mp4
carried-forward  3027869670742441 c0  → https://pub-893b4a6a607b4221a894bf861da7914e.r2.dev/3027869670742441.mp4
carried-forward  1041555365041941 c0  → https://pub-893b4a6a607b4221a894bf861da7914e.r2.dev/1041555365041941.mp4
carried-forward  1047847911007376 c0  → https://pub-893b4a6a607b4221a894bf861da7914e.r2.dev/1047847911007376.mp4
carried-forward  2041023796520913 c0  → https://pub-893b4a6a607b4221a894bf861da7914e.r2.dev/2041023796520913.mp4
carried-forward  1371304241540762 c0  → https://pub-893b4a6a607b4221a894bf861da7914e.r2.dev/1371304241540762.mp4
carried-forward  1044395194707290 c0  → https://pub-893b4a6a607b4221a894bf861da7914e.r2.dev/1044395194707290.mp4
carried-forward  4489939144603923 c0  → https://pub-893b4a6a607b4221a894bf861da7914e.r2.dev/4489939144603923.mp4
carried-forward  1557988365671172 c0  → https://pub-893b4a6a607b4221a894bf861da7914e.r2.dev/1557988365671172.mp4
carried-forward  902776498883843 c0  → https://pub-893b4a6a607b4221a894bf861da7914e.r2.dev/902776498883843.mp4
carried-forward  1026079726683029 c0  → https://pub-893b4a6a607b4221a894bf861da7914e.r2.dev/1026079726683029.mp4
carried-forward  4401678413408130 c0  → https://pub-893b4a6a607b4221a894bf861da7914e.r2.dev/4401678413408130.mp4
carried-forward  1344294273761646 c0  → https://pub-893b4a6a607b4221a894bf861da7914e.r2.dev/1344294273761646.mp4
carried-forward  1735647691214382 c0  → https://pub-893b4a6a607b4221a894bf861da7914e.r2.dev/1735647691214382.mp4
carried-forward  1735776034423925 c0  → https://pub-893b4a6a607b4221a894bf861da7914e.r2.dev/1735776034423925.mp4
carried-forward  1343574014554351 c0  → https://pub-893b4a6a607b4221a894bf861da7914e.r2.dev/1343574014554351.mp4
carried-forward  1052578341050725 c0  → https://pub-893b4a6a607b4221a894bf861da7914e.r2.dev/1052578341050725.mp4
carried-forward  1373400611551785 c0  → https://pub-893b4a6a607b4221a894bf861da7914e.r2.dev/1373400611551785.mp4
carried-forward  1007401595495691 c0  → https://pub-893b4a6a607b4221a894bf861da7914e.r2.dev/1007401595495691.mp4
carried-forward  1729378158087021 c0  → https://pub-893b4a6a607b4221a894bf861da7914e.r2.dev/1729378158087021.mp4
carried-forward  1060107960015342 c0  → https://pub-893b4a6a607b4221a894bf861da7914e.r2.dev/1060107960015342.mp4
carried-forward  920211211089397 c0  → https://pub-893b4a6a607b4221a894bf861da7914e.r2.dev/920211211089397.mp4
carried-forward  1559782985585757 c0  → https://pub-893b4a6a607b4221a894bf861da7914e.r2.dev/1559782985585757.mp4
carried-forward  1085278227511527 c0  → https://pub-893b4a6a607b4221a894bf861da7914e.r2.dev/1085278227511527.mp4
carried-forward  1678774410081603 c0  → https://pub-893b4a6a607b4221a894bf861da7914e.r2.dev/1678774410081603.mp4
carried-forward  1607286517667851 c0  → https://pub-893b4a6a607b4221a894bf861da7914e.r2.dev/1607286517667851.mp4
carried-forward  2232335177513132 c0  → https://pub-893b4a6a607b4221a894bf861da7914e.r2.dev/2232335177513132.mp4
carried-forward  1562339288807770 c0  → https://pub-893b4a6a607b4221a894bf861da7914e.r2.dev/1562339288807770.mp4
carried-forward  1779001596607374 c0  → https://pub-893b4a6a607b4221a894bf861da7914e.r2.dev/1779001596607374.mp4
carried-forward  1378508024149199 c0  → https://pub-893b4a6a607b4221a894bf861da7914e.r2.dev/1378508024149199.mp4
carried-forward  904204696046178 c0  → https://pub-893b4a6a607b4221a894bf861da7914e.r2.dev/904204696046178.mp4
carried-forward  2024603854810756 c0  → https://pub-893b4a6a607b4221a894bf861da7914e.r2.dev/2024603854810756.mp4
carried-forward  27430286139961465 c0  → https://pub-893b4a6a607b4221a894bf861da7914e.r2.dev/27430286139961465.mp4
carried-forward  1385970130052432 c0  → https://pub-893b4a6a607b4221a894bf861da7914e.r2.dev/1385970130052432.mp4
carried-forward  1843304586646047 c0  → https://pub-893b4a6a607b4221a894bf861da7914e.r2.dev/1843304586646047.mp4
carried-forward  901376378990412 c0  → https://pub-893b4a6a607b4221a894bf861da7914e.r2.dev/901376378990412.mp4
carried-forward  2554469178336646 c0  → https://pub-893b4a6a607b4221a894bf861da7914e.r2.dev/2554469178336646.mp4
carried-forward  4362436437403758 c0  → https://pub-893b4a6a607b4221a894bf861da7914e.r2.dev/4362436437403758.mp4
error-upload     1003958755575967 c0  ← 1003958755575967.mp4  : ReadTimeoutError: Read timeout on endpoint URL: "https://dcfd27564ef899969db9a562c7e1945f.r2.cloudflarestorage.com/video-ads/1003958755575967.mp4"
uploaded         1054627286990407 c0  (video) ← 1054627286990407.mp4  → https://pub-893b4a6a607b4221a894bf861da7914e.r2.dev/1054627286990407.mp4
uploaded         1229149502597052 c0  (video) ← 1229149502597052.mp4  → https://pub-893b4a6a607b4221a894bf861da7914e.r2.dev/1229149502597052.mp4
uploaded         993180473519345 c0  (video) ← 993180473519345.mp4  → https://pub-893b4a6a607b4221a894bf861da7914e.r2.dev/993180473519345.mp4
carried-forward  1137032725674097 c0  → https://pub-893b4a6a607b4221a894bf861da7914e.r2.dev/1137032725674097.mp4
carried-forward  1026338413452955 c0  → https://pub-893b4a6a607b4221a894bf861da7914e.r2.dev/1026338413452955.mp4
carried-forward  2960204494322197 c0  → https://pub-893b4a6a607b4221a894bf861da7914e.r2.dev/2960204494322197.mp4
carried-forward  925325953929207 c0  → https://pub-893b4a6a607b4221a894bf861da7914e.r2.dev/925325953929207.mp4
carried-forward  4379490155624300 c0  → https://pub-893b4a6a607b4221a894bf861da7914e.r2.dev/4379490155624300.mp4
carried-forward  1352589126293491 c0  → https://pub-893b4a6a607b4221a894bf861da7914e.r2.dev/1352589126293491.mp4
uploaded         1041829631832578 c0  (video) ← 1041829631832578.mp4  → https://pub-893b4a6a607b4221a894bf861da7914e.r2.dev/1041829631832578.mp4
uploaded         995404913514416 c0  (video) ← 995404913514416.mp4  → https://pub-893b4a6a607b4221a894bf861da7914e.r2.dev/995404913514416.mp4
carried-forward  1269260441785465 c0  → https://pub-893b4a6a607b4221a894bf861da7914e.r2.dev/1269260441785465.mp4
carried-forward  1062844853070568 c0  → https://pub-893b4a6a607b4221a894bf861da7914e.r2.dev/1062844853070568.mp4
uploaded         887949464379756 c0  (video) ← 887949464379756.mp4  → https://pub-893b4a6a607b4221a894bf861da7914e.r2.dev/887949464379756.mp4
uploaded         1069009418808426 c0  (video) ← 1069009418808426.mp4  → https://pub-893b4a6a607b4221a894bf861da7914e.r2.dev/1069009418808426.mp4
carried-forward  1526902708886415 c0  → https://pub-893b4a6a607b4221a894bf861da7914e.r2.dev/1526902708886415.mp4
carried-forward  1570318424441027 c0  → https://pub-893b4a6a607b4221a894bf861da7914e.r2.dev/1570318424441027.mp4
carried-forward  1816761915970588 c0  → https://pub-893b4a6a607b4221a894bf861da7914e.r2.dev/1816761915970588.mp4
uploaded         1013639841558453 c0  (video) ← 1013639841558453.mp4  → https://pub-893b4a6a607b4221a894bf861da7914e.r2.dev/1013639841558453.mp4
carried-forward  2462146980930709 c0  → https://pub-893b4a6a607b4221a894bf861da7914e.r2.dev/2462146980930709.mp4
uploaded         1991449991666972 c0  (video) ← 1991449991666972.mp4  → https://pub-893b4a6a607b4221a894bf861da7914e.r2.dev/1991449991666972.mp4
uploaded         1542125304276635 c0  (video) ← 1542125304276635.mp4  → https://pub-893b4a6a607b4221a894bf861da7914e.r2.dev/1542125304276635.mp4
uploaded         1322338626673609 c0  (video) ← 1322338626673609.mp4  → https://pub-893b4a6a607b4221a894bf861da7914e.r2.dev/1322338626673609.mp4
uploaded         2516856682071470 c0  (video) ← 2516856682071470.mp4  → https://pub-893b4a6a607b4221a894bf861da7914e.r2.dev/2516856682071470.mp4
carried-forward  1983543708995810 c0  → https://pub-893b4a6a607b4221a894bf861da7914e.r2.dev/1983543708995810.mp4
uploaded         1550798573097917 c0  (video) ← 1550798573097917.mp4  → https://pub-893b4a6a607b4221a894bf861da7914e.r2.dev/1550798573097917.mp4
carried-forward  1744402537004629 c0  → https://pub-893b4a6a607b4221a894bf861da7914e.r2.dev/1744402537004629.mp4
uploaded         991287413897005 c0  (video) ← 991287413897005.mp4  → https://pub-893b4a6a607b4221a894bf861da7914e.r2.dev/991287413897005.mp4
uploaded         1345944890316324 c0  (video) ← 1345944890316324.mp4  → https://pub-893b4a6a607b4221a894bf861da7914e.r2.dev/1345944890316324.mp4
uploaded         990649857128864 c0  (video) ← 990649857128864.mp4  → https://pub-893b4a6a607b4221a894bf861da7914e.r2.dev/990649857128864.mp4
carried-forward  1550048746904249 c0  → https://pub-893b4a6a607b4221a894bf861da7914e.r2.dev/1550048746904249.mp4
carried-forward  1769975727329963 c0  → https://pub-893b4a6a607b4221a894bf861da7914e.r2.dev/1769975727329963.mp4
carried-forward  977242541941197 c0  → https://pub-893b4a6a607b4221a894bf861da7914e.r2.dev/977242541941197.mp4
carried-forward  1495124108608267 c0  → https://pub-893b4a6a607b4221a894bf861da7914e.r2.dev/1495124108608267.mp4
carried-forward  1213162864256094 c0  → https://pub-893b4a6a607b4221a894bf861da7914e.r2.dev/1213162864256094.mp4
carried-forward  2754778731574690 c0  → https://pub-893b4a6a607b4221a894bf861da7914e.r2.dev/2754778731574690.mp4
carried-forward  1724278155573152 c0  → https://pub-893b4a6a607b4221a894bf861da7914e.r2.dev/1724278155573152.mp4
uploaded         1261558113697835 c0  (video) ← 1261558113697835.mp4  → https://pub-893b4a6a607b4221a894bf861da7914e.r2.dev/1261558113697835.mp4
carried-forward  1718925022376334 c0  → https://pub-893b4a6a607b4221a894bf861da7914e.r2.dev/1718925022376334.mp4
carried-forward  2065947900961631 c0  → https://pub-893b4a6a607b4221a894bf861da7914e.r2.dev/2065947900961631.mp4
uploaded         870431506136433 c0  (video) ← 870431506136433.mp4  → https://pub-893b4a6a607b4221a894bf861da7914e.r2.dev/870431506136433.mp4
carried-forward  2046340279304669 c0  → https://pub-893b4a6a607b4221a894bf861da7914e.r2.dev/2046340279304669.mp4
uploaded         1551177939978635 c0  (video) ← 1551177939978635.mp4  → https://pub-893b4a6a607b4221a894bf861da7914e.r2.dev/1551177939978635.mp4
uploaded         2047382145860720 c0  (video) ← 2047382145860720.mp4  → https://pub-893b4a6a607b4221a894bf861da7914e.r2.dev/2047382145860720.mp4
uploaded         1992115784773432 c0  (video) ← 1992115784773432.mp4  → https://pub-893b4a6a607b4221a894bf861da7914e.r2.dev/1992115784773432.mp4
uploaded         2208308339710249 c0  (video) ← 2208308339710249.mp4  → https://pub-893b4a6a607b4221a894bf861da7914e.r2.dev/2208308339710249.mp4
carried-forward  1568903747923300 c0  → https://pub-893b4a6a607b4221a894bf861da7914e.r2.dev/1568903747923300.mp4
carried-forward  1739012960442928 c0  → https://pub-893b4a6a607b4221a894bf861da7914e.r2.dev/1739012960442928.mp4
uploaded         958780730525270 c0  (video) ← 958780730525270.mp4  → https://pub-893b4a6a607b4221a894bf861da7914e.r2.dev/958780730525270.mp4
carried-forward  785082348027489 c0  → https://pub-893b4a6a607b4221a894bf861da7914e.r2.dev/785082348027489.mp4
carried-forward  1617773846661457 c0  → https://pub-893b4a6a607b4221a894bf861da7914e.r2.dev/1617773846661457.mp4
carried-forward  1056256433746398 c0  → https://pub-893b4a6a607b4221a894bf861da7914e.r2.dev/1056256433746398.mp4
carried-forward  1383332420319647 c0  → https://pub-893b4a6a607b4221a894bf861da7914e.r2.dev/1383332420319647.mp4
uploaded         28422515420689115 c0  (video) ← 28422515420689115.mp4  → https://pub-893b4a6a607b4221a894bf861da7914e.r2.dev/28422515420689115.mp4
carried-forward  995889549913608 c0  → https://pub-893b4a6a607b4221a894bf861da7914e.r2.dev/995889549913608.mp4
carried-forward  1041415954972904 c0  → https://pub-893b4a6a607b4221a894bf861da7914e.r2.dev/1041415954972904.mp4
carried-forward  2176934969753712 c0  → https://pub-893b4a6a607b4221a894bf861da7914e.r2.dev/2176934969753712.mp4
carried-forward  1650969065965046 c0  → https://pub-893b4a6a607b4221a894bf861da7914e.r2.dev/1650969065965046.mp4
uploaded         1412541307591066 c0  (video) ← 1412541307591066.mp4  → https://pub-893b4a6a607b4221a894bf861da7914e.r2.dev/1412541307591066.mp4
carried-forward  1670326970721443 c0  → https://pub-893b4a6a607b4221a894bf861da7914e.r2.dev/1670326970721443.mp4
uploaded         2174145666486129 c0  (video) ← 2174145666486129.mp4  → https://pub-893b4a6a607b4221a894bf861da7914e.r2.dev/2174145666486129.mp4
uploaded         1513375719960897 c0  (video) ← 1513375719960897.mp4  → https://pub-893b4a6a607b4221a894bf861da7914e.r2.dev/1513375719960897.mp4
uploaded         1548355006956451 c0  (video) ← 1548355006956451.mp4  → https://pub-893b4a6a607b4221a894bf861da7914e.r2.dev/1548355006956451.mp4
carried-forward  1717069239596440 c0  → https://pub-893b4a6a607b4221a894bf861da7914e.r2.dev/1717069239596440.mp4
uploaded         853783887570300 c0  (video) ← 853783887570300.mp4  → https://pub-893b4a6a607b4221a894bf861da7914e.r2.dev/853783887570300.mp4
carried-forward  1610600343761377 c0  → https://pub-893b4a6a607b4221a894bf861da7914e.r2.dev/1610600343761377.mp4
uploaded         1015465911292826 c0  (video) ← 1015465911292826.mp4  → https://pub-893b4a6a607b4221a894bf861da7914e.r2.dev/1015465911292826.mp4
carried-forward  2490075131455929 c0  → https://pub-893b4a6a607b4221a894bf861da7914e.r2.dev/2490075131455929.mp4
carried-forward  952333917875713 c0  → https://pub-893b4a6a607b4221a894bf861da7914e.r2.dev/952333917875713.mp4
uploaded         1574930104167727 c0  (video) ← 1574930104167727.mp4  → https://pub-893b4a6a607b4221a894bf861da7914e.r2.dev/1574930104167727.mp4
carried-forward  1351594927152999 c0  → https://pub-893b4a6a607b4221a894bf861da7914e.r2.dev/1351594927152999.mp4
carried-forward  1070609361989779 c0  → https://pub-893b4a6a607b4221a894bf861da7914e.r2.dev/1070609361989779.mp4
carried-forward  3484445578390826 c0  → https://pub-893b4a6a607b4221a894bf861da7914e.r2.dev/3484445578390826.mp4
carried-forward  1355847972655919 c0  → https://pub-893b4a6a607b4221a894bf861da7914e.r2.dev/1355847972655919.mp4
uploaded         1720382155560826 c0  (video) ← 1720382155560826.mp4  → https://pub-893b4a6a607b4221a894bf861da7914e.r2.dev/1720382155560826.mp4
carried-forward  1600020168380830 c0  → https://pub-893b4a6a607b4221a894bf861da7914e.r2.dev/1600020168380830.mp4
carried-forward  2027980964528438 c0  → https://pub-893b4a6a607b4221a894bf861da7914e.r2.dev/2027980964528438.mp4
carried-forward  1556972895267408 c0  → https://pub-893b4a6a607b4221a894bf861da7914e.r2.dev/1556972895267408.mp4
uploaded         1997650587783734 c0  (video) ← 1997650587783734.mp4  → https://pub-893b4a6a607b4221a894bf861da7914e.r2.dev/1997650587783734.mp4
carried-forward  1496357588484541 c0  → https://pub-893b4a6a607b4221a894bf861da7914e.r2.dev/1496357588484541.mp4
carried-forward  1372653368399892 c0  → https://pub-893b4a6a607b4221a894bf861da7914e.r2.dev/1372653368399892.mp4
carried-forward  1798531068186834 c0  → https://pub-893b4a6a607b4221a894bf861da7914e.r2.dev/1798531068186834.mp4
uploaded         4370771773171416 c0  (video) ← 4370771773171416.mp4  → https://pub-893b4a6a607b4221a894bf861da7914e.r2.dev/4370771773171416.mp4
uploaded         27815415298084440 c0  (video) ← 27815415298084440.mp4  → https://pub-893b4a6a607b4221a894bf861da7914e.r2.dev/27815415298084440.mp4
carried-forward  1825539565074555 c0  → https://pub-893b4a6a607b4221a894bf861da7914e.r2.dev/1825539565074555.mp4
carried-forward  1775597420545602 c0  → https://pub-893b4a6a607b4221a894bf861da7914e.r2.dev/1775597420545602.mp4
uploaded         1205047408419523 c0  (video) ← 1205047408419523.mp4  → https://pub-893b4a6a607b4221a894bf861da7914e.r2.dev/1205047408419523.mp4
carried-forward  1762021588565914 c0  → https://pub-893b4a6a607b4221a894bf861da7914e.r2.dev/1762021588565914.mp4
carried-forward  1563626482031128 c0  → https://pub-893b4a6a607b4221a894bf861da7914e.r2.dev/1563626482031128.mp4
carried-forward  1340079877629502 c0  → https://pub-893b4a6a607b4221a894bf861da7914e.r2.dev/1340079877629502.mp4
carried-forward  1512408050210939 c0  → https://pub-893b4a6a607b4221a894bf861da7914e.r2.dev/1512408050210939.mp4
carried-forward  1733774401274940 c0  → https://pub-893b4a6a607b4221a894bf861da7914e.r2.dev/1733774401274940.mp4
carried-forward  1330555632620802 c0  → https://pub-893b4a6a607b4221a894bf861da7914e.r2.dev/1330555632620802.mp4
carried-forward  1447615700720112 c0  → https://pub-893b4a6a607b4221a894bf861da7914e.r2.dev/1447615700720112.mp4
uploaded         951725751253340 c0  (video) ← 951725751253340.mp4  → https://pub-893b4a6a607b4221a894bf861da7914e.r2.dev/951725751253340.mp4
carried-forward  899918089823930 c0  → https://pub-893b4a6a607b4221a894bf861da7914e.r2.dev/899918089823930.mp4
carried-forward  2130453331242207 c0  → https://pub-893b4a6a607b4221a894bf861da7914e.r2.dev/2130453331242207.mp4
carried-forward  956122300785435 c0  → https://pub-893b4a6a607b4221a894bf861da7914e.r2.dev/956122300785435.mp4
uploaded         1549407039981058 c0  (video) ← 1549407039981058.mp4  → https://pub-893b4a6a607b4221a894bf861da7914e.r2.dev/1549407039981058.mp4
uploaded         27219698081035735 c0  (video) ← 27219698081035735.mp4  → https://pub-893b4a6a607b4221a894bf861da7914e.r2.dev/27219698081035735.mp4
uploaded         2236501443806601 c0  (video) ← 2236501443806601.mp4  → https://pub-893b4a6a607b4221a894bf861da7914e.r2.dev/2236501443806601.mp4
uploaded         3566341710185582 c0  (video) ← 3566341710185582.mp4  → https://pub-893b4a6a607b4221a894bf861da7914e.r2.dev/3566341710185582.mp4
uploaded         1249556893827524 c0  (video) ← 1249556893827524.mp4  → https://pub-893b4a6a607b4221a894bf861da7914e.r2.dev/1249556893827524.mp4
uploaded         1315826847284359 c0  (video) ← 1315826847284359.mp4  → https://pub-893b4a6a607b4221a894bf861da7914e.r2.dev/1315826847284359.mp4
carried-forward  1422006043100645 c0  → https://pub-893b4a6a607b4221a894bf861da7914e.r2.dev/1422006043100645.mp4
