# Step 3 run log
# competitor : speakeasy
# started_at : 2026-06-30T13:42:58
# input      : facebook/inputs/fb-ads-speakeasy-2026-06-30-1337.csv
# videos     : facebook/videos/speakeasy-2026-06-30
# master     : facebook/master/speakeasy.csv  (updated)
# enriched   : facebook/inputs/fb-ads-speakeasy-2026-06-30-1337_enriched.csv
# bucket     : video-ads
# public_base: https://pub-893b4a6a607b4221a894bf861da7914e.r2.dev
# dry_run    : False
#
# counts     : {'uploaded': 59, 'carried-forward': 135, 'image-pending': 0, 'video-missing': 1, 'no-creative': 0, 'error': 0}
#
carried-forward  2096925954204563 c0  → https://pub-893b4a6a607b4221a894bf861da7914e.r2.dev/2096925954204563.mp4
carried-forward  972795661907348 c0  → https://pub-893b4a6a607b4221a894bf861da7914e.r2.dev/972795661907348.mp4
video-missing    972795661907348 c0  (expected file not found in facebook/videos/speakeasy-2026-06-30)
carried-forward  2202456460521928 c0  → https://pub-893b4a6a607b4221a894bf861da7914e.r2.dev/2202456460521928.mp4
carried-forward  1329522652574885 c0  → https://pub-893b4a6a607b4221a894bf861da7914e.r2.dev/1329522652574885.mp4
carried-forward  1350528533804193 c0  → https://pub-893b4a6a607b4221a894bf861da7914e.r2.dev/1350528533804193.mp4
carried-forward  2230483907768260 c0  → https://pub-893b4a6a607b4221a894bf861da7914e.r2.dev/2230483907768260.mp4
carried-forward  27190213957294951 c0  → https://pub-893b4a6a607b4221a894bf861da7914e.r2.dev/27190213957294951.mp4
carried-forward  979539158020932 c0  → https://pub-893b4a6a607b4221a894bf861da7914e.r2.dev/979539158020932.mp4
carried-forward  1003649275414638 c0  → https://pub-893b4a6a607b4221a894bf861da7914e.r2.dev/1003649275414638.mp4
carried-forward  2443549536146368 c0  → https://pub-893b4a6a607b4221a894bf861da7914e.r2.dev/2443549536146368.mp4
carried-forward  1515028196659572 c0  → https://pub-893b4a6a607b4221a894bf861da7914e.r2.dev/1515028196659572.mp4
carried-forward  1004243468673350 c0  → https://pub-893b4a6a607b4221a894bf861da7914e.r2.dev/1004243468673350.mp4
carried-forward  947802114906536 c0  → https://pub-893b4a6a607b4221a894bf861da7914e.r2.dev/947802114906536.mp4
carried-forward  933307746352020 c0  → https://pub-893b4a6a607b4221a894bf861da7914e.r2.dev/933307746352020.mp4
carried-forward  1990549078495400 c0  → https://pub-893b4a6a607b4221a894bf861da7914e.r2.dev/1990549078495400.mp4
carried-forward  1715366832977862 c0  → https://pub-893b4a6a607b4221a894bf861da7914e.r2.dev/1715366832977862.mp4
carried-forward  1836498971087758 c0  → https://pub-893b4a6a607b4221a894bf861da7914e.r2.dev/1836498971087758.mp4
carried-forward  1459277669338335 c0  → https://pub-893b4a6a607b4221a894bf861da7914e.r2.dev/1459277669338335.mp4
carried-forward  1528971672204383 c0  → https://pub-893b4a6a607b4221a894bf861da7914e.r2.dev/1528971672204383.mp4
carried-forward  1509000537534731 c0  → https://pub-893b4a6a607b4221a894bf861da7914e.r2.dev/1509000537534731.mp4
carried-forward  1697445064905391 c0  → https://pub-893b4a6a607b4221a894bf861da7914e.r2.dev/1697445064905391.mp4
carried-forward  1274918781380927 c0  → https://pub-893b4a6a607b4221a894bf861da7914e.r2.dev/1274918781380927.mp4
carried-forward  27086569487680423 c0  → https://pub-893b4a6a607b4221a894bf861da7914e.r2.dev/27086569487680423.mp4
carried-forward  27378272641859957 c0  → https://pub-893b4a6a607b4221a894bf861da7914e.r2.dev/27378272641859957.mp4
carried-forward  2906298679721315 c0  → https://pub-893b4a6a607b4221a894bf861da7914e.r2.dev/2906298679721315.mp4
carried-forward  1749757829714015 c0  → https://pub-893b4a6a607b4221a894bf861da7914e.r2.dev/1749757829714015.mp4
carried-forward  1754597612655199 c0  → https://pub-893b4a6a607b4221a894bf861da7914e.r2.dev/1754597612655199.mp4
carried-forward  1013230951086366 c0  → https://pub-893b4a6a607b4221a894bf861da7914e.r2.dev/1013230951086366.mp4
carried-forward  1758345675330702 c0  → https://pub-893b4a6a607b4221a894bf861da7914e.r2.dev/1758345675330702.mp4
carried-forward  1033786642642767 c0  → https://pub-893b4a6a607b4221a894bf861da7914e.r2.dev/1033786642642767.mp4
carried-forward  1011965198455335 c0  → https://pub-893b4a6a607b4221a894bf861da7914e.r2.dev/1011965198455335.mp4
carried-forward  1324292329831050 c0  → https://pub-893b4a6a607b4221a894bf861da7914e.r2.dev/1324292329831050.mp4
carried-forward  2004881760391786 c0  → https://pub-893b4a6a607b4221a894bf861da7914e.r2.dev/2004881760391786.mp4
carried-forward  1285753573334918 c0  → https://pub-893b4a6a607b4221a894bf861da7914e.r2.dev/1285753573334918.mp4
carried-forward  1706586897142307 c0  → https://pub-893b4a6a607b4221a894bf861da7914e.r2.dev/1706586897142307.mp4
carried-forward  27501723209413940 c0  → https://pub-893b4a6a607b4221a894bf861da7914e.r2.dev/27501723209413940.mp4
carried-forward  2071647760437589 c0  → https://pub-893b4a6a607b4221a894bf861da7914e.r2.dev/2071647760437589.mp4
carried-forward  1028672456571398 c0  → https://pub-893b4a6a607b4221a894bf861da7914e.r2.dev/1028672456571398.mp4
carried-forward  4539960142950619 c0  → https://pub-893b4a6a607b4221a894bf861da7914e.r2.dev/4539960142950619.mp4
carried-forward  2245734962626860 c0  → https://pub-893b4a6a607b4221a894bf861da7914e.r2.dev/2245734962626860.mp4
carried-forward  874722785094358 c0  → https://pub-893b4a6a607b4221a894bf861da7914e.r2.dev/874722785094358.mp4
carried-forward  1723870662261164 c0  → https://pub-893b4a6a607b4221a894bf861da7914e.r2.dev/1723870662261164.mp4
carried-forward  1653566946609414 c0  → https://pub-893b4a6a607b4221a894bf861da7914e.r2.dev/1653566946609414.mp4
carried-forward  854032033985665 c0  → https://pub-893b4a6a607b4221a894bf861da7914e.r2.dev/854032033985665.mp4
carried-forward  1736171537821732 c0  → https://pub-893b4a6a607b4221a894bf861da7914e.r2.dev/1736171537821732.mp4
carried-forward  1023353213520872 c0  → https://pub-893b4a6a607b4221a894bf861da7914e.r2.dev/1023353213520872.mp4
carried-forward  1604188747714000 c0  → https://pub-893b4a6a607b4221a894bf861da7914e.r2.dev/1604188747714000.mp4
carried-forward  1802246977424820 c0  → https://pub-893b4a6a607b4221a894bf861da7914e.r2.dev/1802246977424820.mp4
carried-forward  2190623858400536 c0  → https://pub-893b4a6a607b4221a894bf861da7914e.r2.dev/2190623858400536.mp4
carried-forward  996641986578618 c0  → https://pub-893b4a6a607b4221a894bf861da7914e.r2.dev/996641986578618.mp4
carried-forward  979290208277494 c0  → https://pub-893b4a6a607b4221a894bf861da7914e.r2.dev/979290208277494.mp4
carried-forward  1543528693797253 c0  → https://pub-893b4a6a607b4221a894bf861da7914e.r2.dev/1543528693797253.mp4
carried-forward  4559050471083973 c0  → https://pub-893b4a6a607b4221a894bf861da7914e.r2.dev/4559050471083973.mp4
carried-forward  1579493073705762 c0  → https://pub-893b4a6a607b4221a894bf861da7914e.r2.dev/1579493073705762.mp4
carried-forward  1551354719827011 c0  → https://pub-893b4a6a607b4221a894bf861da7914e.r2.dev/1551354719827011.mp4
carried-forward  2547642902357219 c0  → https://pub-893b4a6a607b4221a894bf861da7914e.r2.dev/2547642902357219.mp4
carried-forward  1027270073171992 c0  → https://pub-893b4a6a607b4221a894bf861da7914e.r2.dev/1027270073171992.mp4
carried-forward  1033318672467841 c0  → https://pub-893b4a6a607b4221a894bf861da7914e.r2.dev/1033318672467841.mp4
carried-forward  1756663942362997 c0  → https://pub-893b4a6a607b4221a894bf861da7914e.r2.dev/1756663942362997.mp4
carried-forward  1467235805077911 c0  → https://pub-893b4a6a607b4221a894bf861da7914e.r2.dev/1467235805077911.mp4
carried-forward  1336956607766027 c0  → https://pub-893b4a6a607b4221a894bf861da7914e.r2.dev/1336956607766027.mp4
carried-forward  1330200615374353 c0  → https://pub-893b4a6a607b4221a894bf861da7914e.r2.dev/1330200615374353.mp4
carried-forward  1501674381701938 c0  → https://pub-893b4a6a607b4221a894bf861da7914e.r2.dev/1501674381701938.mp4
carried-forward  1538825931123825 c0  → https://pub-893b4a6a607b4221a894bf861da7914e.r2.dev/1538825931123825.mp4
carried-forward  836374792682089 c0  → https://pub-893b4a6a607b4221a894bf861da7914e.r2.dev/836374792682089.mp4
carried-forward  1476831264214556 c0  → https://pub-893b4a6a607b4221a894bf861da7914e.r2.dev/1476831264214556.mp4
carried-forward  1000318475941339 c0  → https://pub-893b4a6a607b4221a894bf861da7914e.r2.dev/1000318475941339.mp4
carried-forward  1414968217315688 c0  → https://pub-893b4a6a607b4221a894bf861da7914e.r2.dev/1414968217315688.mp4
carried-forward  1632885817785834 c0  → https://pub-893b4a6a607b4221a894bf861da7914e.r2.dev/1632885817785834.mp4
carried-forward  1012011861418746 c0  → https://pub-893b4a6a607b4221a894bf861da7914e.r2.dev/1012011861418746.mp4
carried-forward  1367575215342787 c0  → https://pub-893b4a6a607b4221a894bf861da7914e.r2.dev/1367575215342787.mp4
carried-forward  1200827622147116 c0  → https://pub-893b4a6a607b4221a894bf861da7914e.r2.dev/1200827622147116.mp4
carried-forward  1503280224228737 c0  → https://pub-893b4a6a607b4221a894bf861da7914e.r2.dev/1503280224228737.mp4
carried-forward  975527375476203 c0  → https://pub-893b4a6a607b4221a894bf861da7914e.r2.dev/975527375476203.mp4
carried-forward  3094696644053574 c0  → https://pub-893b4a6a607b4221a894bf861da7914e.r2.dev/3094696644053574.mp4
carried-forward  1323748665936539 c0  → https://pub-893b4a6a607b4221a894bf861da7914e.r2.dev/1323748665936539.mp4
carried-forward  1560554805674948 c0  → https://pub-893b4a6a607b4221a894bf861da7914e.r2.dev/1560554805674948.mp4
carried-forward  1379717024061995 c0  → https://pub-893b4a6a607b4221a894bf861da7914e.r2.dev/1379717024061995.mp4
carried-forward  1664331402366035 c0  → https://pub-893b4a6a607b4221a894bf861da7914e.r2.dev/1664331402366035.mp4
carried-forward  1041697571622443 c0  → https://pub-893b4a6a607b4221a894bf861da7914e.r2.dev/1041697571622443.mp4
carried-forward  2000874894121296 c0  → https://pub-893b4a6a607b4221a894bf861da7914e.r2.dev/2000874894121296.mp4
carried-forward  1808709853836813 c0  → https://pub-893b4a6a607b4221a894bf861da7914e.r2.dev/1808709853836813.mp4
uploaded         1433707785227087 c0  (video) ← 1433707785227087.mp4  → https://pub-893b4a6a607b4221a894bf861da7914e.r2.dev/1433707785227087.mp4
carried-forward  1000924026244900 c0  → https://pub-893b4a6a607b4221a894bf861da7914e.r2.dev/1000924026244900.mp4
carried-forward  1014868794604976 c0  → https://pub-893b4a6a607b4221a894bf861da7914e.r2.dev/1014868794604976.mp4
carried-forward  1053835513642180 c0  → https://pub-893b4a6a607b4221a894bf861da7914e.r2.dev/1053835513642180.mp4
carried-forward  2476486649480700 c0  → https://pub-893b4a6a607b4221a894bf861da7914e.r2.dev/2476486649480700.mp4
carried-forward  1985380975672231 c0  → https://pub-893b4a6a607b4221a894bf861da7914e.r2.dev/1985380975672231.mp4
carried-forward  1024902269993652 c0  → https://pub-893b4a6a607b4221a894bf861da7914e.r2.dev/1024902269993652.mp4
carried-forward  993939993490440 c0  → https://pub-893b4a6a607b4221a894bf861da7914e.r2.dev/993939993490440.mp4
carried-forward  877644682066004 c0  → https://pub-893b4a6a607b4221a894bf861da7914e.r2.dev/877644682066004.mp4
carried-forward  1973724823280908 c0  → https://pub-893b4a6a607b4221a894bf861da7914e.r2.dev/1973724823280908.mp4
carried-forward  1448236430445821 c0  → https://pub-893b4a6a607b4221a894bf861da7914e.r2.dev/1448236430445821.mp4
uploaded         1763852395061401 c0  (video) ← 1763852395061401.mp4  → https://pub-893b4a6a607b4221a894bf861da7914e.r2.dev/1763852395061401.mp4
carried-forward  931394713306875 c0  → https://pub-893b4a6a607b4221a894bf861da7914e.r2.dev/931394713306875.mp4
carried-forward  1255180603194330 c0  → https://pub-893b4a6a607b4221a894bf861da7914e.r2.dev/1255180603194330.mp4
carried-forward  28143550175230534 c0  → https://pub-893b4a6a607b4221a894bf861da7914e.r2.dev/28143550175230534.mp4
carried-forward  1001493492505354 c0  → https://pub-893b4a6a607b4221a894bf861da7914e.r2.dev/1001493492505354.mp4
carried-forward  1565290585226778 c0  → https://pub-893b4a6a607b4221a894bf861da7914e.r2.dev/1565290585226778.mp4
carried-forward  1676193623653211 c0  → https://pub-893b4a6a607b4221a894bf861da7914e.r2.dev/1676193623653211.mp4
carried-forward  2901157483566484 c0  → https://pub-893b4a6a607b4221a894bf861da7914e.r2.dev/2901157483566484.mp4
carried-forward  1070403062094490 c0  → https://pub-893b4a6a607b4221a894bf861da7914e.r2.dev/1070403062094490.mp4
carried-forward  942654208825007 c0  → https://pub-893b4a6a607b4221a894bf861da7914e.r2.dev/942654208825007.mp4
carried-forward  2007576680124404 c0  → https://pub-893b4a6a607b4221a894bf861da7914e.r2.dev/2007576680124404.mp4
carried-forward  1556784332782041 c0  → https://pub-893b4a6a607b4221a894bf861da7914e.r2.dev/1556784332782041.mp4
carried-forward  1293346385902378 c0  → https://pub-893b4a6a607b4221a894bf861da7914e.r2.dev/1293346385902378.mp4
carried-forward  2331349347274327 c0  → https://pub-893b4a6a607b4221a894bf861da7914e.r2.dev/2331349347274327.mp4
carried-forward  1769282797582626 c0  → https://pub-893b4a6a607b4221a894bf861da7914e.r2.dev/1769282797582626.mp4
carried-forward  1031652079760983 c0  → https://pub-893b4a6a607b4221a894bf861da7914e.r2.dev/1031652079760983.mp4
carried-forward  990535003892708 c0  → https://pub-893b4a6a607b4221a894bf861da7914e.r2.dev/990535003892708.mp4
carried-forward  2858796461164119 c0  → https://pub-893b4a6a607b4221a894bf861da7914e.r2.dev/2858796461164119.mp4
carried-forward  1480472946725312 c0  → https://pub-893b4a6a607b4221a894bf861da7914e.r2.dev/1480472946725312.mp4
carried-forward  1374815784463032 c0  → https://pub-893b4a6a607b4221a894bf861da7914e.r2.dev/1374815784463032.mp4
carried-forward  1909547616385885 c0  → https://pub-893b4a6a607b4221a894bf861da7914e.r2.dev/1909547616385885.mp4
uploaded         1329463156003029 c0  (video) ← 1329463156003029.mp4  → https://pub-893b4a6a607b4221a894bf861da7914e.r2.dev/1329463156003029.mp4
carried-forward  1704148214136553 c0  → https://pub-893b4a6a607b4221a894bf861da7914e.r2.dev/1704148214136553.mp4
carried-forward  865414122848544 c0  → https://pub-893b4a6a607b4221a894bf861da7914e.r2.dev/865414122848544.mp4
carried-forward  992648426733132 c0  → https://pub-893b4a6a607b4221a894bf861da7914e.r2.dev/992648426733132.mp4
carried-forward  4449570348633901 c0  → https://pub-893b4a6a607b4221a894bf861da7914e.r2.dev/4449570348633901.mp4
carried-forward  4340832782846996 c0  → https://pub-893b4a6a607b4221a894bf861da7914e.r2.dev/4340832782846996.mp4
carried-forward  1495404795120480 c0  → https://pub-893b4a6a607b4221a894bf861da7914e.r2.dev/1495404795120480.mp4
carried-forward  27332735843019610 c0  → https://pub-893b4a6a607b4221a894bf861da7914e.r2.dev/27332735843019610.mp4
carried-forward  1027814116329625 c0  → https://pub-893b4a6a607b4221a894bf861da7914e.r2.dev/1027814116329625.mp4
carried-forward  1590674695908524 c0  → https://pub-893b4a6a607b4221a894bf861da7914e.r2.dev/1590674695908524.mp4
carried-forward  1006118288952598 c0  → https://pub-893b4a6a607b4221a894bf861da7914e.r2.dev/1006118288952598.mp4
carried-forward  2105015630361267 c0  → https://pub-893b4a6a607b4221a894bf861da7914e.r2.dev/2105015630361267.mp4
carried-forward  2783272062068479 c0  → https://pub-893b4a6a607b4221a894bf861da7914e.r2.dev/2783272062068479.mp4
carried-forward  1540935360914889 c0  → https://pub-893b4a6a607b4221a894bf861da7914e.r2.dev/1540935360914889.mp4
carried-forward  859436880147230 c0  → https://pub-893b4a6a607b4221a894bf861da7914e.r2.dev/859436880147230.mp4
carried-forward  2218310135679156 c0  → https://pub-893b4a6a607b4221a894bf861da7914e.r2.dev/2218310135679156.mp4
carried-forward  2099062654319532 c0  → https://pub-893b4a6a607b4221a894bf861da7914e.r2.dev/2099062654319532.mp4
carried-forward  1588032539541263 c0  → https://pub-893b4a6a607b4221a894bf861da7914e.r2.dev/1588032539541263.mp4
carried-forward  1377567721226261 c0  → https://pub-893b4a6a607b4221a894bf861da7914e.r2.dev/1377567721226261.mp4
carried-forward  2537460143369482 c0  → https://pub-893b4a6a607b4221a894bf861da7914e.r2.dev/2537460143369482.mp4
uploaded         1846633682964760 c0  (video) ← 1846633682964760.mp4  → https://pub-893b4a6a607b4221a894bf861da7914e.r2.dev/1846633682964760.mp4
carried-forward  1734392771068941 c0  → https://pub-893b4a6a607b4221a894bf861da7914e.r2.dev/1734392771068941.mp4
carried-forward  920211211089397 c0  → https://pub-893b4a6a607b4221a894bf861da7914e.r2.dev/920211211089397.mp4
carried-forward  1607286517667851 c0  → https://pub-893b4a6a607b4221a894bf861da7914e.r2.dev/1607286517667851.mp4
uploaded         1818346986204122 c0  (video) ← 1818346986204122.mp4  → https://pub-893b4a6a607b4221a894bf861da7914e.r2.dev/1818346986204122.mp4
uploaded         1029375592815585 c0  (video) ← 1029375592815585.mp4  → https://pub-893b4a6a607b4221a894bf861da7914e.r2.dev/1029375592815585.mp4
carried-forward  1393677475936474 c0  → https://pub-893b4a6a607b4221a894bf861da7914e.r2.dev/1393677475936474.mp4
uploaded         1673358073770989 c0  (video) ← 1673358073770989.mp4  → https://pub-893b4a6a607b4221a894bf861da7914e.r2.dev/1673358073770989.mp4
uploaded         1339677724219860 c0  (video) ← 1339677724219860.mp4  → https://pub-893b4a6a607b4221a894bf861da7914e.r2.dev/1339677724219860.mp4
uploaded         1379524594020673 c0  (video) ← 1379524594020673.mp4  → https://pub-893b4a6a607b4221a894bf861da7914e.r2.dev/1379524594020673.mp4
uploaded         4427905090832297 c0  (video) ← 4427905090832297.mp4  → https://pub-893b4a6a607b4221a894bf861da7914e.r2.dev/4427905090832297.mp4
uploaded         1296646215598722 c0  (video) ← 1296646215598722.mp4  → https://pub-893b4a6a607b4221a894bf861da7914e.r2.dev/1296646215598722.mp4
uploaded         1535695454763774 c0  (video) ← 1535695454763774.mp4  → https://pub-893b4a6a607b4221a894bf861da7914e.r2.dev/1535695454763774.mp4
uploaded         1386476206634403 c0  (video) ← 1386476206634403.mp4  → https://pub-893b4a6a607b4221a894bf861da7914e.r2.dev/1386476206634403.mp4
uploaded         795854463516781 c0  (video) ← 795854463516781.mp4  → https://pub-893b4a6a607b4221a894bf861da7914e.r2.dev/795854463516781.mp4
uploaded         2204189113689993 c0  (video) ← 2204189113689993.mp4  → https://pub-893b4a6a607b4221a894bf861da7914e.r2.dev/2204189113689993.mp4
uploaded         1522462465946347 c0  (video) ← 1522462465946347.mp4  → https://pub-893b4a6a607b4221a894bf861da7914e.r2.dev/1522462465946347.mp4
uploaded         1962460318026236 c0  (video) ← 1962460318026236.mp4  → https://pub-893b4a6a607b4221a894bf861da7914e.r2.dev/1962460318026236.mp4
uploaded         1774438100400862 c0  (video) ← 1774438100400862.mp4  → https://pub-893b4a6a607b4221a894bf861da7914e.r2.dev/1774438100400862.mp4
uploaded         27773707592253432 c0  (video) ← 27773707592253432.mp4  → https://pub-893b4a6a607b4221a894bf861da7914e.r2.dev/27773707592253432.mp4
uploaded         2495597997534719 c0  (video) ← 2495597997534719.mp4  → https://pub-893b4a6a607b4221a894bf861da7914e.r2.dev/2495597997534719.mp4
uploaded         1328971155970467 c0  (video) ← 1328971155970467.mp4  → https://pub-893b4a6a607b4221a894bf861da7914e.r2.dev/1328971155970467.mp4
uploaded         3966572533645858 c0  (video) ← 3966572533645858.mp4  → https://pub-893b4a6a607b4221a894bf861da7914e.r2.dev/3966572533645858.mp4
uploaded         4430465417271845 c0  (video) ← 4430465417271845.mp4  → https://pub-893b4a6a607b4221a894bf861da7914e.r2.dev/4430465417271845.mp4
uploaded         919651591161005 c0  (video) ← 919651591161005.mp4  → https://pub-893b4a6a607b4221a894bf861da7914e.r2.dev/919651591161005.mp4
uploaded         1614501353365174 c0  (video) ← 1614501353365174.mp4  → https://pub-893b4a6a607b4221a894bf861da7914e.r2.dev/1614501353365174.mp4
uploaded         992080773819277 c0  (video) ← 992080773819277.mp4  → https://pub-893b4a6a607b4221a894bf861da7914e.r2.dev/992080773819277.mp4
uploaded         27112597761755705 c0  (video) ← 27112597761755705.mp4  → https://pub-893b4a6a607b4221a894bf861da7914e.r2.dev/27112597761755705.mp4
uploaded         1159653753040221 c0  (video) ← 1159653753040221.mp4  → https://pub-893b4a6a607b4221a894bf861da7914e.r2.dev/1159653753040221.mp4
uploaded         1333879568720149 c0  (video) ← 1333879568720149.mp4  → https://pub-893b4a6a607b4221a894bf861da7914e.r2.dev/1333879568720149.mp4
uploaded         1526616055911729 c0  (video) ← 1526616055911729.mp4  → https://pub-893b4a6a607b4221a894bf861da7914e.r2.dev/1526616055911729.mp4
uploaded         1373763151315822 c0  (video) ← 1373763151315822.mp4  → https://pub-893b4a6a607b4221a894bf861da7914e.r2.dev/1373763151315822.mp4
uploaded         1546007240323508 c0  (video) ← 1546007240323508.mp4  → https://pub-893b4a6a607b4221a894bf861da7914e.r2.dev/1546007240323508.mp4
uploaded         1548717360381136 c0  (video) ← 1548717360381136.mp4  → https://pub-893b4a6a607b4221a894bf861da7914e.r2.dev/1548717360381136.mp4
uploaded         1510693109988470 c0  (video) ← 1510693109988470.mp4  → https://pub-893b4a6a607b4221a894bf861da7914e.r2.dev/1510693109988470.mp4
uploaded         1548398460218082 c0  (video) ← 1548398460218082.mp4  → https://pub-893b4a6a607b4221a894bf861da7914e.r2.dev/1548398460218082.mp4
uploaded         867537609758475 c0  (video) ← 867537609758475.mp4  → https://pub-893b4a6a607b4221a894bf861da7914e.r2.dev/867537609758475.mp4
uploaded         1686388449312381 c0  (video) ← 1686388449312381.mp4  → https://pub-893b4a6a607b4221a894bf861da7914e.r2.dev/1686388449312381.mp4
uploaded         1036761308816313 c0  (video) ← 1036761308816313.mp4  → https://pub-893b4a6a607b4221a894bf861da7914e.r2.dev/1036761308816313.mp4
uploaded         1573029130821729 c0  (video) ← 1573029130821729.mp4  → https://pub-893b4a6a607b4221a894bf861da7914e.r2.dev/1573029130821729.mp4
uploaded         1763873145025652 c0  (video) ← 1763873145025652.mp4  → https://pub-893b4a6a607b4221a894bf861da7914e.r2.dev/1763873145025652.mp4
uploaded         1717313229594027 c0  (video) ← 1717313229594027.mp4  → https://pub-893b4a6a607b4221a894bf861da7914e.r2.dev/1717313229594027.mp4
uploaded         993177216948161 c0  (video) ← 993177216948161.mp4  → https://pub-893b4a6a607b4221a894bf861da7914e.r2.dev/993177216948161.mp4
uploaded         1011998161680343 c0  (video) ← 1011998161680343.mp4  → https://pub-893b4a6a607b4221a894bf861da7914e.r2.dev/1011998161680343.mp4
uploaded         1429546552552905 c0  (video) ← 1429546552552905.mp4  → https://pub-893b4a6a607b4221a894bf861da7914e.r2.dev/1429546552552905.mp4
uploaded         1376396614409390 c0  (video) ← 1376396614409390.mp4  → https://pub-893b4a6a607b4221a894bf861da7914e.r2.dev/1376396614409390.mp4
uploaded         997056216435987 c0  (video) ← 997056216435987.mp4  → https://pub-893b4a6a607b4221a894bf861da7914e.r2.dev/997056216435987.mp4
uploaded         2267755517345993 c0  (video) ← 2267755517345993.mp4  → https://pub-893b4a6a607b4221a894bf861da7914e.r2.dev/2267755517345993.mp4
uploaded         1330592302544173 c0  (video) ← 1330592302544173.mp4  → https://pub-893b4a6a607b4221a894bf861da7914e.r2.dev/1330592302544173.mp4
uploaded         4514123462192442 c0  (video) ← 4514123462192442.mp4  → https://pub-893b4a6a607b4221a894bf861da7914e.r2.dev/4514123462192442.mp4
uploaded         3902435889897830 c0  (video) ← 3902435889897830.mp4  → https://pub-893b4a6a607b4221a894bf861da7914e.r2.dev/3902435889897830.mp4
uploaded         878270771469415 c0  (video) ← 878270771469415.mp4  → https://pub-893b4a6a607b4221a894bf861da7914e.r2.dev/878270771469415.mp4
uploaded         1023568423562508 c0  (video) ← 1023568423562508.mp4  → https://pub-893b4a6a607b4221a894bf861da7914e.r2.dev/1023568423562508.mp4
uploaded         1537223548182851 c0  (video) ← 1537223548182851.mp4  → https://pub-893b4a6a607b4221a894bf861da7914e.r2.dev/1537223548182851.mp4
uploaded         1002649912582576 c0  (video) ← 1002649912582576.mp4  → https://pub-893b4a6a607b4221a894bf861da7914e.r2.dev/1002649912582576.mp4
uploaded         1399400012240688 c0  (video) ← 1399400012240688.mp4  → https://pub-893b4a6a607b4221a894bf861da7914e.r2.dev/1399400012240688.mp4
uploaded         1314297034166669 c0  (video) ← 1314297034166669.mp4  → https://pub-893b4a6a607b4221a894bf861da7914e.r2.dev/1314297034166669.mp4
uploaded         1709202480395694 c0  (video) ← 1709202480395694.mp4  → https://pub-893b4a6a607b4221a894bf861da7914e.r2.dev/1709202480395694.mp4
uploaded         4016918815109601 c0  (video) ← 4016918815109601.mp4  → https://pub-893b4a6a607b4221a894bf861da7914e.r2.dev/4016918815109601.mp4
uploaded         2213197359533935 c0  (video) ← 2213197359533935.mp4  → https://pub-893b4a6a607b4221a894bf861da7914e.r2.dev/2213197359533935.mp4
