# Step 3 run log
# competitor : speakeasy
# started_at : 2026-06-27T14:17:46
# input      : facebook/inputs/fb-ads-speakeasy-2026-06-27-1410.csv
# videos     : facebook/videos/speakeasy-2026-06-27
# master     : facebook/master/speakeasy.csv  (updated)
# enriched   : facebook/inputs/fb-ads-speakeasy-2026-06-27-1410_enriched.csv
# bucket     : video-ads
# public_base: https://pub-893b4a6a607b4221a894bf861da7914e.r2.dev
# dry_run    : False
#
# counts     : {'uploaded': 62, 'carried-forward': 148, 'image-pending': 0, 'video-missing': 2, 'no-creative': 0, 'error': 0}
#
carried-forward  2096925954204563 c0  → https://pub-893b4a6a607b4221a894bf861da7914e.r2.dev/2096925954204563.mp4
carried-forward  972795661907348 c0  → https://pub-893b4a6a607b4221a894bf861da7914e.r2.dev/972795661907348.mp4
video-missing    972795661907348 c0  (expected file not found in facebook/videos/speakeasy-2026-06-27)
carried-forward  2202456460521928 c0  → https://pub-893b4a6a607b4221a894bf861da7914e.r2.dev/2202456460521928.mp4
carried-forward  1329522652574885 c0  → https://pub-893b4a6a607b4221a894bf861da7914e.r2.dev/1329522652574885.mp4
carried-forward  1350528533804193 c0  → https://pub-893b4a6a607b4221a894bf861da7914e.r2.dev/1350528533804193.mp4
carried-forward  2046215799301881 c0  → https://pub-893b4a6a607b4221a894bf861da7914e.r2.dev/2046215799301881.mp4
carried-forward  2230483907768260 c0  → https://pub-893b4a6a607b4221a894bf861da7914e.r2.dev/2230483907768260.mp4
carried-forward  832059772860621 c0  → https://pub-893b4a6a607b4221a894bf861da7914e.r2.dev/832059772860621.mp4
carried-forward  27190213957294951 c0  → https://pub-893b4a6a607b4221a894bf861da7914e.r2.dev/27190213957294951.mp4
carried-forward  979539158020932 c0  → https://pub-893b4a6a607b4221a894bf861da7914e.r2.dev/979539158020932.mp4
carried-forward  1003649275414638 c0  → https://pub-893b4a6a607b4221a894bf861da7914e.r2.dev/1003649275414638.mp4
carried-forward  2443549536146368 c0  → https://pub-893b4a6a607b4221a894bf861da7914e.r2.dev/2443549536146368.mp4
carried-forward  1586155146379829 c0  → https://pub-893b4a6a607b4221a894bf861da7914e.r2.dev/1586155146379829.mp4
carried-forward  947802114906536 c0  → https://pub-893b4a6a607b4221a894bf861da7914e.r2.dev/947802114906536.mp4
carried-forward  1004243468673350 c0  → https://pub-893b4a6a607b4221a894bf861da7914e.r2.dev/1004243468673350.mp4
carried-forward  933307746352020 c0  → https://pub-893b4a6a607b4221a894bf861da7914e.r2.dev/933307746352020.mp4
carried-forward  1515028196659572 c0  → https://pub-893b4a6a607b4221a894bf861da7914e.r2.dev/1515028196659572.mp4
carried-forward  989566713658308 c0  → https://pub-893b4a6a607b4221a894bf861da7914e.r2.dev/989566713658308.mp4
carried-forward  1836498971087758 c0  → https://pub-893b4a6a607b4221a894bf861da7914e.r2.dev/1836498971087758.mp4
carried-forward  27025689503764135 c0  → https://pub-893b4a6a607b4221a894bf861da7914e.r2.dev/27025689503764135.mp4
carried-forward  1990549078495400 c0  → https://pub-893b4a6a607b4221a894bf861da7914e.r2.dev/1990549078495400.mp4
carried-forward  1715366832977862 c0  → https://pub-893b4a6a607b4221a894bf861da7914e.r2.dev/1715366832977862.mp4
carried-forward  1921299865193505 c0  → https://pub-893b4a6a607b4221a894bf861da7914e.r2.dev/1921299865193505.mp4
carried-forward  1459277669338335 c0  → https://pub-893b4a6a607b4221a894bf861da7914e.r2.dev/1459277669338335.mp4
carried-forward  1528971672204383 c0  → https://pub-893b4a6a607b4221a894bf861da7914e.r2.dev/1528971672204383.mp4
carried-forward  1509000537534731 c0  → https://pub-893b4a6a607b4221a894bf861da7914e.r2.dev/1509000537534731.mp4
carried-forward  1697445064905391 c0  → https://pub-893b4a6a607b4221a894bf861da7914e.r2.dev/1697445064905391.mp4
carried-forward  1031572926061825 c0  → https://pub-893b4a6a607b4221a894bf861da7914e.r2.dev/1031572926061825.mp4
carried-forward  1274918781380927 c0  → https://pub-893b4a6a607b4221a894bf861da7914e.r2.dev/1274918781380927.mp4
carried-forward  27086569487680423 c0  → https://pub-893b4a6a607b4221a894bf861da7914e.r2.dev/27086569487680423.mp4
carried-forward  27378272641859957 c0  → https://pub-893b4a6a607b4221a894bf861da7914e.r2.dev/27378272641859957.mp4
carried-forward  1749757829714015 c0  → https://pub-893b4a6a607b4221a894bf861da7914e.r2.dev/1749757829714015.mp4
carried-forward  1754597612655199 c0  → https://pub-893b4a6a607b4221a894bf861da7914e.r2.dev/1754597612655199.mp4
carried-forward  1890078848354220 c0  → https://pub-893b4a6a607b4221a894bf861da7914e.r2.dev/1890078848354220.mp4
carried-forward  1013230951086366 c0  → https://pub-893b4a6a607b4221a894bf861da7914e.r2.dev/1013230951086366.mp4
carried-forward  2906298679721315 c0  → https://pub-893b4a6a607b4221a894bf861da7914e.r2.dev/2906298679721315.mp4
carried-forward  1033786642642767 c0  → https://pub-893b4a6a607b4221a894bf861da7914e.r2.dev/1033786642642767.mp4
carried-forward  2004881760391786 c0  → https://pub-893b4a6a607b4221a894bf861da7914e.r2.dev/2004881760391786.mp4
carried-forward  1011965198455335 c0  → https://pub-893b4a6a607b4221a894bf861da7914e.r2.dev/1011965198455335.mp4
carried-forward  1706586897142307 c0  → https://pub-893b4a6a607b4221a894bf861da7914e.r2.dev/1706586897142307.mp4
carried-forward  1758345675330702 c0  → https://pub-893b4a6a607b4221a894bf861da7914e.r2.dev/1758345675330702.mp4
carried-forward  27501723209413940 c0  → https://pub-893b4a6a607b4221a894bf861da7914e.r2.dev/27501723209413940.mp4
carried-forward  1324292329831050 c0  → https://pub-893b4a6a607b4221a894bf861da7914e.r2.dev/1324292329831050.mp4
carried-forward  1285753573334918 c0  → https://pub-893b4a6a607b4221a894bf861da7914e.r2.dev/1285753573334918.mp4
carried-forward  27046815901606274 c0  → https://pub-893b4a6a607b4221a894bf861da7914e.r2.dev/27046815901606274.mp4
carried-forward  2071647760437589 c0  → https://pub-893b4a6a607b4221a894bf861da7914e.r2.dev/2071647760437589.mp4
carried-forward  1028672456571398 c0  → https://pub-893b4a6a607b4221a894bf861da7914e.r2.dev/1028672456571398.mp4
carried-forward  1723870662261164 c0  → https://pub-893b4a6a607b4221a894bf861da7914e.r2.dev/1723870662261164.mp4
carried-forward  2245734962626860 c0  → https://pub-893b4a6a607b4221a894bf861da7914e.r2.dev/2245734962626860.mp4
carried-forward  1386805923279705 c0  → https://pub-893b4a6a607b4221a894bf861da7914e.r2.dev/1386805923279705.mp4
carried-forward  874722785094358 c0  → https://pub-893b4a6a607b4221a894bf861da7914e.r2.dev/874722785094358.mp4
carried-forward  1653566946609414 c0  → https://pub-893b4a6a607b4221a894bf861da7914e.r2.dev/1653566946609414.mp4
carried-forward  4539960142950619 c0  → https://pub-893b4a6a607b4221a894bf861da7914e.r2.dev/4539960142950619.mp4
carried-forward  854032033985665 c0  → https://pub-893b4a6a607b4221a894bf861da7914e.r2.dev/854032033985665.mp4
carried-forward  986194264326548 c0  → https://pub-893b4a6a607b4221a894bf861da7914e.r2.dev/986194264326548.mp4
carried-forward  1023353213520872 c0  → https://pub-893b4a6a607b4221a894bf861da7914e.r2.dev/1023353213520872.mp4
carried-forward  1749948459510113 c0  → https://pub-893b4a6a607b4221a894bf861da7914e.r2.dev/1749948459510113.mp4
carried-forward  1543528693797253 c0  → https://pub-893b4a6a607b4221a894bf861da7914e.r2.dev/1543528693797253.mp4
carried-forward  1736171537821732 c0  → https://pub-893b4a6a607b4221a894bf861da7914e.r2.dev/1736171537821732.mp4
carried-forward  1903962816956522 c0  → https://pub-893b4a6a607b4221a894bf861da7914e.r2.dev/1903962816956522.mp4
carried-forward  957369430694606 c0  → https://pub-893b4a6a607b4221a894bf861da7914e.r2.dev/957369430694606.mp4
carried-forward  1678267580105068 c0  → https://pub-893b4a6a607b4221a894bf861da7914e.r2.dev/1678267580105068.mp4
carried-forward  4559050471083973 c0  → https://pub-893b4a6a607b4221a894bf861da7914e.r2.dev/4559050471083973.mp4
carried-forward  996641986578618 c0  → https://pub-893b4a6a607b4221a894bf861da7914e.r2.dev/996641986578618.mp4
carried-forward  1823569825748369 c0  → https://pub-893b4a6a607b4221a894bf861da7914e.r2.dev/1823569825748369.mp4
carried-forward  1604188747714000 c0  → https://pub-893b4a6a607b4221a894bf861da7914e.r2.dev/1604188747714000.mp4
carried-forward  1551354719827011 c0  → https://pub-893b4a6a607b4221a894bf861da7914e.r2.dev/1551354719827011.mp4
carried-forward  2260533191150973 c0  → https://pub-893b4a6a607b4221a894bf861da7914e.r2.dev/2260533191150973.mp4
carried-forward  1667798627831923 c0  → https://pub-893b4a6a607b4221a894bf861da7914e.r2.dev/1667798627831923.mp4
carried-forward  1000318475941339 c0  → https://pub-893b4a6a607b4221a894bf861da7914e.r2.dev/1000318475941339.mp4
carried-forward  1059707300038494 c0  → https://pub-893b4a6a607b4221a894bf861da7914e.r2.dev/1059707300038494.mp4
carried-forward  848971781628162 c0  → https://pub-893b4a6a607b4221a894bf861da7914e.r2.dev/848971781628162.mp4
carried-forward  1664340988190356 c0  → https://pub-893b4a6a607b4221a894bf861da7914e.r2.dev/1664340988190356.mp4
carried-forward  1895618541128580 c0  → https://pub-893b4a6a607b4221a894bf861da7914e.r2.dev/1895618541128580.mp4
carried-forward  1034347915635118 c0  → https://pub-893b4a6a607b4221a894bf861da7914e.r2.dev/1034347915635118.mp4
carried-forward  2097717927812890 c0  → https://pub-893b4a6a607b4221a894bf861da7914e.r2.dev/2097717927812890.mp4
carried-forward  2144309496142735 c0  → https://pub-893b4a6a607b4221a894bf861da7914e.r2.dev/2144309496142735.mp4
carried-forward  1662547845005708 c0  → https://pub-893b4a6a607b4221a894bf861da7914e.r2.dev/1662547845005708.mp4
carried-forward  1579493073705762 c0  → https://pub-893b4a6a607b4221a894bf861da7914e.r2.dev/1579493073705762.mp4
carried-forward  1033318672467841 c0  → https://pub-893b4a6a607b4221a894bf861da7914e.r2.dev/1033318672467841.mp4
carried-forward  890436377412637 c0  → https://pub-893b4a6a607b4221a894bf861da7914e.r2.dev/890436377412637.mp4
carried-forward  2925368487811208 c0  → https://pub-893b4a6a607b4221a894bf861da7914e.r2.dev/2925368487811208.mp4
carried-forward  2065913707471647 c0  → https://pub-893b4a6a607b4221a894bf861da7914e.r2.dev/2065913707471647.mp4
carried-forward  2077261656249916 c0  → https://pub-893b4a6a607b4221a894bf861da7914e.r2.dev/2077261656249916.mp4
carried-forward  1000221402877141 c0  → https://pub-893b4a6a607b4221a894bf861da7914e.r2.dev/1000221402877141.mp4
carried-forward  960948276986531 c0  → https://pub-893b4a6a607b4221a894bf861da7914e.r2.dev/960948276986531.mp4
carried-forward  1550785770004136 c0  → https://pub-893b4a6a607b4221a894bf861da7914e.r2.dev/1550785770004136.mp4
carried-forward  1526109055633443 c0  → https://pub-893b4a6a607b4221a894bf861da7914e.r2.dev/1526109055633443.mp4
carried-forward  1040175208363411 c0  → https://pub-893b4a6a607b4221a894bf861da7914e.r2.dev/1040175208363411.mp4
carried-forward  2547642902357219 c0  → https://pub-893b4a6a607b4221a894bf861da7914e.r2.dev/2547642902357219.mp4
carried-forward  2037544283534590 c0  → https://pub-893b4a6a607b4221a894bf861da7914e.r2.dev/2037544283534590.mp4
carried-forward  1467235805077911 c0  → https://pub-893b4a6a607b4221a894bf861da7914e.r2.dev/1467235805077911.mp4
carried-forward  1330200615374353 c0  → https://pub-893b4a6a607b4221a894bf861da7914e.r2.dev/1330200615374353.mp4
carried-forward  1330329419069493 c0  → https://pub-893b4a6a607b4221a894bf861da7914e.r2.dev/1330329419069493.mp4
carried-forward  1999028157410744 c0  → https://pub-893b4a6a607b4221a894bf861da7914e.r2.dev/1999028157410744.mp4
carried-forward  1763163464667778 c0  → https://pub-893b4a6a607b4221a894bf861da7914e.r2.dev/1763163464667778.mp4
carried-forward  4547606502136789 c0  → https://pub-893b4a6a607b4221a894bf861da7914e.r2.dev/4547606502136789.mp4
carried-forward  845325358364561 c0  → https://pub-893b4a6a607b4221a894bf861da7914e.r2.dev/845325358364561.mp4
carried-forward  1756663942362997 c0  → https://pub-893b4a6a607b4221a894bf861da7914e.r2.dev/1756663942362997.mp4
carried-forward  1336956607766027 c0  → https://pub-893b4a6a607b4221a894bf861da7914e.r2.dev/1336956607766027.mp4
carried-forward  1782510706247992 c0  → https://pub-893b4a6a607b4221a894bf861da7914e.r2.dev/1782510706247992.mp4
carried-forward  1056873020643925 c0  → https://pub-893b4a6a607b4221a894bf861da7914e.r2.dev/1056873020643925.mp4
carried-forward  1323748665936539 c0  → https://pub-893b4a6a607b4221a894bf861da7914e.r2.dev/1323748665936539.mp4
carried-forward  1538825931123825 c0  → https://pub-893b4a6a607b4221a894bf861da7914e.r2.dev/1538825931123825.mp4
carried-forward  1503280224228737 c0  → https://pub-893b4a6a607b4221a894bf861da7914e.r2.dev/1503280224228737.mp4
carried-forward  1740976927354770 c0  → https://pub-893b4a6a607b4221a894bf861da7914e.r2.dev/1740976927354770.mp4
carried-forward  1802246977424820 c0  → https://pub-893b4a6a607b4221a894bf861da7914e.r2.dev/1802246977424820.mp4
carried-forward  1005290858755106 c0  → https://pub-893b4a6a607b4221a894bf861da7914e.r2.dev/1005290858755106.mp4
video-missing    1005290858755106 c0  (expected file not found in facebook/videos/speakeasy-2026-06-27)
carried-forward  1559495785519992 c0  → https://pub-893b4a6a607b4221a894bf861da7914e.r2.dev/1559495785519992.mp4
carried-forward  1379717024061995 c0  → https://pub-893b4a6a607b4221a894bf861da7914e.r2.dev/1379717024061995.mp4
carried-forward  903788729409077 c0  → https://pub-893b4a6a607b4221a894bf861da7914e.r2.dev/903788729409077.mp4
carried-forward  1053835513642180 c0  → https://pub-893b4a6a607b4221a894bf861da7914e.r2.dev/1053835513642180.mp4
carried-forward  975527375476203 c0  → https://pub-893b4a6a607b4221a894bf861da7914e.r2.dev/975527375476203.mp4
carried-forward  857477340395294 c0  → https://pub-893b4a6a607b4221a894bf861da7914e.r2.dev/857477340395294.mp4
carried-forward  1490398035692044 c0  → https://pub-893b4a6a607b4221a894bf861da7914e.r2.dev/1490398035692044.mp4
carried-forward  2195335067868783 c0  → https://pub-893b4a6a607b4221a894bf861da7914e.r2.dev/2195335067868783.mp4
carried-forward  1556784332782041 c0  → https://pub-893b4a6a607b4221a894bf861da7914e.r2.dev/1556784332782041.mp4
carried-forward  1985380975672231 c0  → https://pub-893b4a6a607b4221a894bf861da7914e.r2.dev/1985380975672231.mp4
carried-forward  994315830057555 c0  → https://pub-893b4a6a607b4221a894bf861da7914e.r2.dev/994315830057555.mp4
carried-forward  4411311002517575 c0  → https://pub-893b4a6a607b4221a894bf861da7914e.r2.dev/4411311002517575.mp4
carried-forward  985433910960369 c0  → https://pub-893b4a6a607b4221a894bf861da7914e.r2.dev/985433910960369.mp4
carried-forward  1255180603194330 c0  → https://pub-893b4a6a607b4221a894bf861da7914e.r2.dev/1255180603194330.mp4
carried-forward  1333743158181668 c0  → https://pub-893b4a6a607b4221a894bf861da7914e.r2.dev/1333743158181668.mp4
carried-forward  4561660297395473 c0  → https://pub-893b4a6a607b4221a894bf861da7914e.r2.dev/4561660297395473.mp4
carried-forward  911678698613604 c0  → https://pub-893b4a6a607b4221a894bf861da7914e.r2.dev/911678698613604.mp4
carried-forward  942654208825007 c0  → https://pub-893b4a6a607b4221a894bf861da7914e.r2.dev/942654208825007.mp4
carried-forward  1027572049619032 c0  → https://pub-893b4a6a607b4221a894bf861da7914e.r2.dev/1027572049619032.mp4
carried-forward  1973724823280908 c0  → https://pub-893b4a6a607b4221a894bf861da7914e.r2.dev/1973724823280908.mp4
carried-forward  1070403062094490 c0  → https://pub-893b4a6a607b4221a894bf861da7914e.r2.dev/1070403062094490.mp4
carried-forward  1000924026244900 c0  → https://pub-893b4a6a607b4221a894bf861da7914e.r2.dev/1000924026244900.mp4
carried-forward  1028360082898631 c0  → https://pub-893b4a6a607b4221a894bf861da7914e.r2.dev/1028360082898631.mp4
carried-forward  990535003892708 c0  → https://pub-893b4a6a607b4221a894bf861da7914e.r2.dev/990535003892708.mp4
carried-forward  1376526797732561 c0  → https://pub-893b4a6a607b4221a894bf861da7914e.r2.dev/1376526797732561.mp4
uploaded         999274193082140 c0  (video) ← 999274193082140.mp4  → https://pub-893b4a6a607b4221a894bf861da7914e.r2.dev/999274193082140.mp4
carried-forward  1005331035549216 c0  → https://pub-893b4a6a607b4221a894bf861da7914e.r2.dev/1005331035549216.mp4
uploaded         1677072350183306 c0  (video) ← 1677072350183306.mp4  → https://pub-893b4a6a607b4221a894bf861da7914e.r2.dev/1677072350183306.mp4
uploaded         1476831264214556 c0  (video) ← 1476831264214556.mp4  → https://pub-893b4a6a607b4221a894bf861da7914e.r2.dev/1476831264214556.mp4
carried-forward  1453226846574503 c0  → https://pub-893b4a6a607b4221a894bf861da7914e.r2.dev/1453226846574503.mp4
uploaded         1657196515371560 c0  (video) ← 1657196515371560.mp4  → https://pub-893b4a6a607b4221a894bf861da7914e.r2.dev/1657196515371560.mp4
carried-forward  1389822543204144 c0  → https://pub-893b4a6a607b4221a894bf861da7914e.r2.dev/1389822543204144.mp4
carried-forward  1018168410760855 c0  → https://pub-893b4a6a607b4221a894bf861da7914e.r2.dev/1018168410760855.mp4
uploaded         1200827622147116 c0  (video) ← 1200827622147116.mp4  → https://pub-893b4a6a607b4221a894bf861da7914e.r2.dev/1200827622147116.mp4
carried-forward  1001493492505354 c0  → https://pub-893b4a6a607b4221a894bf861da7914e.r2.dev/1001493492505354.mp4
uploaded         1359992692677439 c0  (video) ← 1359992692677439.mp4  → https://pub-893b4a6a607b4221a894bf861da7914e.r2.dev/1359992692677439.mp4
carried-forward  2105015630361267 c0  → https://pub-893b4a6a607b4221a894bf861da7914e.r2.dev/2105015630361267.mp4
uploaded         1664331402366035 c0  (video) ← 1664331402366035.mp4  → https://pub-893b4a6a607b4221a894bf861da7914e.r2.dev/1664331402366035.mp4
carried-forward  2331349347274327 c0  → https://pub-893b4a6a607b4221a894bf861da7914e.r2.dev/2331349347274327.mp4
uploaded         2476486649480700 c0  (video) ← 2476486649480700.mp4  → https://pub-893b4a6a607b4221a894bf861da7914e.r2.dev/2476486649480700.mp4
carried-forward  1746746386743353 c0  → https://pub-893b4a6a607b4221a894bf861da7914e.r2.dev/1746746386743353.mp4
uploaded         1014868794604976 c0  (video) ← 1014868794604976.mp4  → https://pub-893b4a6a607b4221a894bf861da7914e.r2.dev/1014868794604976.mp4
uploaded         1414968217315688 c0  (video) ← 1414968217315688.mp4  → https://pub-893b4a6a607b4221a894bf861da7914e.r2.dev/1414968217315688.mp4
uploaded         1367575215342787 c0  (video) ← 1367575215342787.mp4  → https://pub-893b4a6a607b4221a894bf861da7914e.r2.dev/1367575215342787.mp4
carried-forward  2783272062068479 c0  → https://pub-893b4a6a607b4221a894bf861da7914e.r2.dev/2783272062068479.mp4
uploaded         1041697571622443 c0  (video) ← 1041697571622443.mp4  → https://pub-893b4a6a607b4221a894bf861da7914e.r2.dev/1041697571622443.mp4
carried-forward  1150508974819144 c0  → https://pub-893b4a6a607b4221a894bf861da7914e.r2.dev/1150508974819144.mp4
uploaded         877644682066004 c0  (video) ← 877644682066004.mp4  → https://pub-893b4a6a607b4221a894bf861da7914e.r2.dev/877644682066004.mp4
carried-forward  2901157483566484 c0  → https://pub-893b4a6a607b4221a894bf861da7914e.r2.dev/2901157483566484.mp4
uploaded         1012011861418746 c0  (video) ← 1012011861418746.mp4  → https://pub-893b4a6a607b4221a894bf861da7914e.r2.dev/1012011861418746.mp4
uploaded         1632885817785834 c0  (video) ← 1632885817785834.mp4  → https://pub-893b4a6a607b4221a894bf861da7914e.r2.dev/1632885817785834.mp4
uploaded         2007576680124404 c0  (video) ← 2007576680124404.mp4  → https://pub-893b4a6a607b4221a894bf861da7914e.r2.dev/2007576680124404.mp4
uploaded         1293346385902378 c0  (video) ← 1293346385902378.mp4  → https://pub-893b4a6a607b4221a894bf861da7914e.r2.dev/1293346385902378.mp4
uploaded         1565290585226778 c0  (video) ← 1565290585226778.mp4  → https://pub-893b4a6a607b4221a894bf861da7914e.r2.dev/1565290585226778.mp4
uploaded         2000874894121296 c0  (video) ← 2000874894121296.mp4  → https://pub-893b4a6a607b4221a894bf861da7914e.r2.dev/2000874894121296.mp4
uploaded         1808709853836813 c0  (video) ← 1808709853836813.mp4  → https://pub-893b4a6a607b4221a894bf861da7914e.r2.dev/1808709853836813.mp4
uploaded         3094696644053574 c0  (video) ← 3094696644053574.mp4  → https://pub-893b4a6a607b4221a894bf861da7914e.r2.dev/3094696644053574.mp4
uploaded         1392012526100993 c0  (video) ← 1392012526100993.mp4  → https://pub-893b4a6a607b4221a894bf861da7914e.r2.dev/1392012526100993.mp4
uploaded         1684141736190708 c0  (video) ← 1684141736190708.mp4  → https://pub-893b4a6a607b4221a894bf861da7914e.r2.dev/1684141736190708.mp4
uploaded         1676193623653211 c0  (video) ← 1676193623653211.mp4  → https://pub-893b4a6a607b4221a894bf861da7914e.r2.dev/1676193623653211.mp4
uploaded         1004095885326283 c0  (video) ← 1004095885326283.mp4  → https://pub-893b4a6a607b4221a894bf861da7914e.r2.dev/1004095885326283.mp4
uploaded         931394713306875 c0  (video) ← 931394713306875.mp4  → https://pub-893b4a6a607b4221a894bf861da7914e.r2.dev/931394713306875.mp4
carried-forward  1044621814661801 c0  → https://pub-893b4a6a607b4221a894bf861da7914e.r2.dev/1044621814661801.mp4
uploaded         1704148214136553 c0  (video) ← 1704148214136553.mp4  → https://pub-893b4a6a607b4221a894bf861da7914e.r2.dev/1704148214136553.mp4
uploaded         1769282797582626 c0  (video) ← 1769282797582626.mp4  → https://pub-893b4a6a607b4221a894bf861da7914e.r2.dev/1769282797582626.mp4
uploaded         865414122848544 c0  (video) ← 865414122848544.mp4  → https://pub-893b4a6a607b4221a894bf861da7914e.r2.dev/865414122848544.mp4
uploaded         1575492313921787 c0  (video) ← 1575492313921787.mp4  → https://pub-893b4a6a607b4221a894bf861da7914e.r2.dev/1575492313921787.mp4
uploaded         1480472946725312 c0  (video) ← 1480472946725312.mp4  → https://pub-893b4a6a607b4221a894bf861da7914e.r2.dev/1480472946725312.mp4
uploaded         27300571286274854 c0  (video) ← 27300571286274854.mp4  → https://pub-893b4a6a607b4221a894bf861da7914e.r2.dev/27300571286274854.mp4
uploaded         1024902269993652 c0  (video) ← 1024902269993652.mp4  → https://pub-893b4a6a607b4221a894bf861da7914e.r2.dev/1024902269993652.mp4
carried-forward  4340832782846996 c0  → https://pub-893b4a6a607b4221a894bf861da7914e.r2.dev/4340832782846996.mp4
uploaded         1560554805674948 c0  (video) ← 1560554805674948.mp4  → https://pub-893b4a6a607b4221a894bf861da7914e.r2.dev/1560554805674948.mp4
uploaded         1046647444572140 c0  (video) ← 1046647444572140.mp4  → https://pub-893b4a6a607b4221a894bf861da7914e.r2.dev/1046647444572140.mp4
uploaded         1006118288952598 c0  (video) ← 1006118288952598.mp4  → https://pub-893b4a6a607b4221a894bf861da7914e.r2.dev/1006118288952598.mp4
uploaded         1179077071044190 c0  (video) ← 1179077071044190.mp4  → https://pub-893b4a6a607b4221a894bf861da7914e.r2.dev/1179077071044190.mp4
uploaded         992648426733132 c0  (video) ← 992648426733132.mp4  → https://pub-893b4a6a607b4221a894bf861da7914e.r2.dev/992648426733132.mp4
uploaded         1590674695908524 c0  (video) ← 1590674695908524.mp4  → https://pub-893b4a6a607b4221a894bf861da7914e.r2.dev/1590674695908524.mp4
uploaded         4449570348633901 c0  (video) ← 4449570348633901.mp4  → https://pub-893b4a6a607b4221a894bf861da7914e.r2.dev/4449570348633901.mp4
uploaded         1448236430445821 c0  (video) ← 1448236430445821.mp4  → https://pub-893b4a6a607b4221a894bf861da7914e.r2.dev/1448236430445821.mp4
uploaded         2858796461164119 c0  (video) ← 2858796461164119.mp4  → https://pub-893b4a6a607b4221a894bf861da7914e.r2.dev/2858796461164119.mp4
uploaded         1495404795120480 c0  (video) ← 1495404795120480.mp4  → https://pub-893b4a6a607b4221a894bf861da7914e.r2.dev/1495404795120480.mp4
uploaded         1909547616385885 c0  (video) ← 1909547616385885.mp4  → https://pub-893b4a6a607b4221a894bf861da7914e.r2.dev/1909547616385885.mp4
uploaded         1574046840983752 c0  (video) ← 1574046840983752.mp4  → https://pub-893b4a6a607b4221a894bf861da7914e.r2.dev/1574046840983752.mp4
carried-forward  1607286517667851 c0  → https://pub-893b4a6a607b4221a894bf861da7914e.r2.dev/1607286517667851.mp4
carried-forward  1988343188553429 c0  → https://pub-893b4a6a607b4221a894bf861da7914e.r2.dev/1988343188553429.mp4
uploaded         1374815784463032 c0  (video) ← 1374815784463032.mp4  → https://pub-893b4a6a607b4221a894bf861da7914e.r2.dev/1374815784463032.mp4
uploaded         28143550175230534 c0  (video) ← 28143550175230534.mp4  → https://pub-893b4a6a607b4221a894bf861da7914e.r2.dev/28143550175230534.mp4
uploaded         891666150617214 c0  (video) ← 891666150617214.mp4  → https://pub-893b4a6a607b4221a894bf861da7914e.r2.dev/891666150617214.mp4
uploaded         1027270073171992 c0  (video) ← 1027270073171992.mp4  → https://pub-893b4a6a607b4221a894bf861da7914e.r2.dev/1027270073171992.mp4
uploaded         1501674381701938 c0  (video) ← 1501674381701938.mp4  → https://pub-893b4a6a607b4221a894bf861da7914e.r2.dev/1501674381701938.mp4
uploaded         27332735843019610 c0  (video) ← 27332735843019610.mp4  → https://pub-893b4a6a607b4221a894bf861da7914e.r2.dev/27332735843019610.mp4
uploaded         836374792682089 c0  (video) ← 836374792682089.mp4  → https://pub-893b4a6a607b4221a894bf861da7914e.r2.dev/836374792682089.mp4
uploaded         979290208277494 c0  (video) ← 979290208277494.mp4  → https://pub-893b4a6a607b4221a894bf861da7914e.r2.dev/979290208277494.mp4
uploaded         2243317326482552 c0  (video) ← 2243317326482552.mp4  → https://pub-893b4a6a607b4221a894bf861da7914e.r2.dev/2243317326482552.mp4
uploaded         1517563390050106 c0  (video) ← 1517563390050106.mp4  → https://pub-893b4a6a607b4221a894bf861da7914e.r2.dev/1517563390050106.mp4
uploaded         993939993490440 c0  (video) ← 993939993490440.mp4  → https://pub-893b4a6a607b4221a894bf861da7914e.r2.dev/993939993490440.mp4
uploaded         2550493988708275 c0  (video) ← 2550493988708275.mp4  → https://pub-893b4a6a607b4221a894bf861da7914e.r2.dev/2550493988708275.mp4
uploaded         1435043278672899 c0  (video) ← 1435043278672899.mp4  → https://pub-893b4a6a607b4221a894bf861da7914e.r2.dev/1435043278672899.mp4
uploaded         2537460143369482 c0  (video) ← 2537460143369482.mp4  → https://pub-893b4a6a607b4221a894bf861da7914e.r2.dev/2537460143369482.mp4
uploaded         1338624798406222 c0  (video) ← 1338624798406222.mp4  → https://pub-893b4a6a607b4221a894bf861da7914e.r2.dev/1338624798406222.mp4
uploaded         1582253913505892 c0  (video) ← 1582253913505892.mp4  → https://pub-893b4a6a607b4221a894bf861da7914e.r2.dev/1582253913505892.mp4
uploaded         1027814116329625 c0  (video) ← 1027814116329625.mp4  → https://pub-893b4a6a607b4221a894bf861da7914e.r2.dev/1027814116329625.mp4
