# Step 3 run log
# competitor : speakeasy
# started_at : 2026-06-26T13:51:39
# input      : facebook/inputs/fb-ads-speakeasy-2026-06-26-1346.csv
# videos     : facebook/videos/speakeasy-2026-06-26
# master     : facebook/master/speakeasy.csv  (updated)
# enriched   : facebook/inputs/fb-ads-speakeasy-2026-06-26-1346_enriched.csv
# bucket     : video-ads
# public_base: https://pub-893b4a6a607b4221a894bf861da7914e.r2.dev
# dry_run    : False
#
# counts     : {'uploaded': 67, 'carried-forward': 105, 'image-pending': 0, 'video-missing': 2, 'no-creative': 0, 'error': 0}
#
carried-forward  2096925954204563 c0  → https://pub-893b4a6a607b4221a894bf861da7914e.r2.dev/2096925954204563.mp4
carried-forward  972795661907348 c0  → https://pub-893b4a6a607b4221a894bf861da7914e.r2.dev/972795661907348.mp4
video-missing    972795661907348 c0  (expected file not found in facebook/videos/speakeasy-2026-06-26)
carried-forward  2202456460521928 c0  → https://pub-893b4a6a607b4221a894bf861da7914e.r2.dev/2202456460521928.mp4
carried-forward  1350528533804193 c0  → https://pub-893b4a6a607b4221a894bf861da7914e.r2.dev/1350528533804193.mp4
carried-forward  1329522652574885 c0  → https://pub-893b4a6a607b4221a894bf861da7914e.r2.dev/1329522652574885.mp4
carried-forward  2046215799301881 c0  → https://pub-893b4a6a607b4221a894bf861da7914e.r2.dev/2046215799301881.mp4
carried-forward  832059772860621 c0  → https://pub-893b4a6a607b4221a894bf861da7914e.r2.dev/832059772860621.mp4
carried-forward  2230483907768260 c0  → https://pub-893b4a6a607b4221a894bf861da7914e.r2.dev/2230483907768260.mp4
carried-forward  27190213957294951 c0  → https://pub-893b4a6a607b4221a894bf861da7914e.r2.dev/27190213957294951.mp4
carried-forward  979539158020932 c0  → https://pub-893b4a6a607b4221a894bf861da7914e.r2.dev/979539158020932.mp4
carried-forward  1003649275414638 c0  → https://pub-893b4a6a607b4221a894bf861da7914e.r2.dev/1003649275414638.mp4
carried-forward  2443549536146368 c0  → https://pub-893b4a6a607b4221a894bf861da7914e.r2.dev/2443549536146368.mp4
carried-forward  947802114906536 c0  → https://pub-893b4a6a607b4221a894bf861da7914e.r2.dev/947802114906536.mp4
carried-forward  1586155146379829 c0  → https://pub-893b4a6a607b4221a894bf861da7914e.r2.dev/1586155146379829.mp4
carried-forward  933307746352020 c0  → https://pub-893b4a6a607b4221a894bf861da7914e.r2.dev/933307746352020.mp4
carried-forward  989566713658308 c0  → https://pub-893b4a6a607b4221a894bf861da7914e.r2.dev/989566713658308.mp4
carried-forward  1004243468673350 c0  → https://pub-893b4a6a607b4221a894bf861da7914e.r2.dev/1004243468673350.mp4
carried-forward  1515028196659572 c0  → https://pub-893b4a6a607b4221a894bf861da7914e.r2.dev/1515028196659572.mp4
carried-forward  1836498971087758 c0  → https://pub-893b4a6a607b4221a894bf861da7914e.r2.dev/1836498971087758.mp4
carried-forward  27025689503764135 c0  → https://pub-893b4a6a607b4221a894bf861da7914e.r2.dev/27025689503764135.mp4
carried-forward  1990549078495400 c0  → https://pub-893b4a6a607b4221a894bf861da7914e.r2.dev/1990549078495400.mp4
carried-forward  1715366832977862 c0  → https://pub-893b4a6a607b4221a894bf861da7914e.r2.dev/1715366832977862.mp4
carried-forward  1921299865193505 c0  → https://pub-893b4a6a607b4221a894bf861da7914e.r2.dev/1921299865193505.mp4
carried-forward  1459277669338335 c0  → https://pub-893b4a6a607b4221a894bf861da7914e.r2.dev/1459277669338335.mp4
carried-forward  1528971672204383 c0  → https://pub-893b4a6a607b4221a894bf861da7914e.r2.dev/1528971672204383.mp4
carried-forward  1509000537534731 c0  → https://pub-893b4a6a607b4221a894bf861da7914e.r2.dev/1509000537534731.mp4
carried-forward  1697445064905391 c0  → https://pub-893b4a6a607b4221a894bf861da7914e.r2.dev/1697445064905391.mp4
carried-forward  1031572926061825 c0  → https://pub-893b4a6a607b4221a894bf861da7914e.r2.dev/1031572926061825.mp4
carried-forward  27086569487680423 c0  → https://pub-893b4a6a607b4221a894bf861da7914e.r2.dev/27086569487680423.mp4
carried-forward  27378272641859957 c0  → https://pub-893b4a6a607b4221a894bf861da7914e.r2.dev/27378272641859957.mp4
carried-forward  1749757829714015 c0  → https://pub-893b4a6a607b4221a894bf861da7914e.r2.dev/1749757829714015.mp4
carried-forward  1274918781380927 c0  → https://pub-893b4a6a607b4221a894bf861da7914e.r2.dev/1274918781380927.mp4
carried-forward  1754597612655199 c0  → https://pub-893b4a6a607b4221a894bf861da7914e.r2.dev/1754597612655199.mp4
carried-forward  1013230951086366 c0  → https://pub-893b4a6a607b4221a894bf861da7914e.r2.dev/1013230951086366.mp4
carried-forward  1033786642642767 c0  → https://pub-893b4a6a607b4221a894bf861da7914e.r2.dev/1033786642642767.mp4
carried-forward  2004881760391786 c0  → https://pub-893b4a6a607b4221a894bf861da7914e.r2.dev/2004881760391786.mp4
carried-forward  1890078848354220 c0  → https://pub-893b4a6a607b4221a894bf861da7914e.r2.dev/1890078848354220.mp4
carried-forward  1706586897142307 c0  → https://pub-893b4a6a607b4221a894bf861da7914e.r2.dev/1706586897142307.mp4
carried-forward  27501723209413940 c0  → https://pub-893b4a6a607b4221a894bf861da7914e.r2.dev/27501723209413940.mp4
carried-forward  1011965198455335 c0  → https://pub-893b4a6a607b4221a894bf861da7914e.r2.dev/1011965198455335.mp4
carried-forward  2906298679721315 c0  → https://pub-893b4a6a607b4221a894bf861da7914e.r2.dev/2906298679721315.mp4
carried-forward  27046815901606274 c0  → https://pub-893b4a6a607b4221a894bf861da7914e.r2.dev/27046815901606274.mp4
carried-forward  1723870662261164 c0  → https://pub-893b4a6a607b4221a894bf861da7914e.r2.dev/1723870662261164.mp4
carried-forward  1324292329831050 c0  → https://pub-893b4a6a607b4221a894bf861da7914e.r2.dev/1324292329831050.mp4
carried-forward  1758345675330702 c0  → https://pub-893b4a6a607b4221a894bf861da7914e.r2.dev/1758345675330702.mp4
carried-forward  1285753573334918 c0  → https://pub-893b4a6a607b4221a894bf861da7914e.r2.dev/1285753573334918.mp4
carried-forward  2071647760437589 c0  → https://pub-893b4a6a607b4221a894bf861da7914e.r2.dev/2071647760437589.mp4
carried-forward  1028672456571398 c0  → https://pub-893b4a6a607b4221a894bf861da7914e.r2.dev/1028672456571398.mp4
carried-forward  1386805923279705 c0  → https://pub-893b4a6a607b4221a894bf861da7914e.r2.dev/1386805923279705.mp4
carried-forward  2245734962626860 c0  → https://pub-893b4a6a607b4221a894bf861da7914e.r2.dev/2245734962626860.mp4
carried-forward  1653566946609414 c0  → https://pub-893b4a6a607b4221a894bf861da7914e.r2.dev/1653566946609414.mp4
carried-forward  874722785094358 c0  → https://pub-893b4a6a607b4221a894bf861da7914e.r2.dev/874722785094358.mp4
carried-forward  854032033985665 c0  → https://pub-893b4a6a607b4221a894bf861da7914e.r2.dev/854032033985665.mp4
carried-forward  1023353213520872 c0  → https://pub-893b4a6a607b4221a894bf861da7914e.r2.dev/1023353213520872.mp4
carried-forward  1749948459510113 c0  → https://pub-893b4a6a607b4221a894bf861da7914e.r2.dev/1749948459510113.mp4
carried-forward  1543528693797253 c0  → https://pub-893b4a6a607b4221a894bf861da7914e.r2.dev/1543528693797253.mp4
uploaded         1000318475941339 c0  (video) ← 1000318475941339.mp4  → https://pub-893b4a6a607b4221a894bf861da7914e.r2.dev/1000318475941339.mp4
carried-forward  2260533191150973 c0  → https://pub-893b4a6a607b4221a894bf861da7914e.r2.dev/2260533191150973.mp4
carried-forward  848971781628162 c0  → https://pub-893b4a6a607b4221a894bf861da7914e.r2.dev/848971781628162.mp4
carried-forward  1759917562117033 c0  → https://pub-893b4a6a607b4221a894bf861da7914e.r2.dev/1759917562117033.mp4
carried-forward  1005290858755106 c0  → https://pub-893b4a6a607b4221a894bf861da7914e.r2.dev/1005290858755106.mp4
video-missing    1005290858755106 c0  (expected file not found in facebook/videos/speakeasy-2026-06-26)
carried-forward  1559495785519992 c0  → https://pub-893b4a6a607b4221a894bf861da7914e.r2.dev/1559495785519992.mp4
carried-forward  1763163464667778 c0  → https://pub-893b4a6a607b4221a894bf861da7914e.r2.dev/1763163464667778.mp4
carried-forward  2255359371932744 c0  → https://pub-893b4a6a607b4221a894bf861da7914e.r2.dev/2255359371932744.mp4
carried-forward  4539960142950619 c0  → https://pub-893b4a6a607b4221a894bf861da7914e.r2.dev/4539960142950619.mp4
uploaded         1014740924603776 c0  (video) ← 1014740924603776.mp4  → https://pub-893b4a6a607b4221a894bf861da7914e.r2.dev/1014740924603776.mp4
uploaded         27263311033329854 c0  (video) ← 27263311033329854.mp4  → https://pub-893b4a6a607b4221a894bf861da7914e.r2.dev/27263311033329854.mp4
carried-forward  986194264326548 c0  → https://pub-893b4a6a607b4221a894bf861da7914e.r2.dev/986194264326548.mp4
uploaded         984120534451996 c0  (video) ← 984120534451996.mp4  → https://pub-893b4a6a607b4221a894bf861da7914e.r2.dev/984120534451996.mp4
carried-forward  1005331035549216 c0  → https://pub-893b4a6a607b4221a894bf861da7914e.r2.dev/1005331035549216.mp4
uploaded         3317817078397163 c0  (video) ← 3317817078397163.mp4  → https://pub-893b4a6a607b4221a894bf861da7914e.r2.dev/3317817078397163.mp4
carried-forward  1027572049619032 c0  → https://pub-893b4a6a607b4221a894bf861da7914e.r2.dev/1027572049619032.mp4
carried-forward  1389822543204144 c0  → https://pub-893b4a6a607b4221a894bf861da7914e.r2.dev/1389822543204144.mp4
uploaded         2123546228376837 c0  (video) ← 2123546228376837.mp4  → https://pub-893b4a6a607b4221a894bf861da7914e.r2.dev/2123546228376837.mp4
uploaded         1070403062094490 c0  (video) ← 1070403062094490.mp4  → https://pub-893b4a6a607b4221a894bf861da7914e.r2.dev/1070403062094490.mp4
uploaded         1999028157410744 c0  (video) ← 1999028157410744.mp4  → https://pub-893b4a6a607b4221a894bf861da7914e.r2.dev/1999028157410744.mp4
carried-forward  1664340988190356 c0  → https://pub-893b4a6a607b4221a894bf861da7914e.r2.dev/1664340988190356.mp4
uploaded         1376526797732561 c0  (video) ← 1376526797732561.mp4  → https://pub-893b4a6a607b4221a894bf861da7914e.r2.dev/1376526797732561.mp4
uploaded         1379717024061995 c0  (video) ← 1379717024061995.mp4  → https://pub-893b4a6a607b4221a894bf861da7914e.r2.dev/1379717024061995.mp4
uploaded         1668913314824950 c0  (video) ← 1668913314824950.mp4  → https://pub-893b4a6a607b4221a894bf861da7914e.r2.dev/1668913314824950.mp4
uploaded         1985380975672231 c0  (video) ← 1985380975672231.mp4  → https://pub-893b4a6a607b4221a894bf861da7914e.r2.dev/1985380975672231.mp4
uploaded         1607286517667851 c0  (video) ← 1607286517667851.mp4  → https://pub-893b4a6a607b4221a894bf861da7914e.r2.dev/1607286517667851.mp4
uploaded         1018168410760855 c0  (video) ← 1018168410760855.mp4  → https://pub-893b4a6a607b4221a894bf861da7914e.r2.dev/1018168410760855.mp4
uploaded         890436377412637 c0  (video) ← 890436377412637.mp4  → https://pub-893b4a6a607b4221a894bf861da7914e.r2.dev/890436377412637.mp4
carried-forward  37044784298446099 c0  → https://pub-893b4a6a607b4221a894bf861da7914e.r2.dev/37044784298446099.mp4
carried-forward  2925368487811208 c0  → https://pub-893b4a6a607b4221a894bf861da7914e.r2.dev/2925368487811208.mp4
uploaded         1973724823280908 c0  (video) ← 1973724823280908.mp4  → https://pub-893b4a6a607b4221a894bf861da7914e.r2.dev/1973724823280908.mp4
carried-forward  942186425500033 c0  → https://pub-893b4a6a607b4221a894bf861da7914e.r2.dev/942186425500033.mp4
uploaded         1678267580105068 c0  (video) ← 1678267580105068.mp4  → https://pub-893b4a6a607b4221a894bf861da7914e.r2.dev/1678267580105068.mp4
carried-forward  2069634304433222 c0  → https://pub-893b4a6a607b4221a894bf861da7914e.r2.dev/2069634304433222.mp4
uploaded         2331349347274327 c0  (video) ← 2331349347274327.mp4  → https://pub-893b4a6a607b4221a894bf861da7914e.r2.dev/2331349347274327.mp4
carried-forward  2037544283534590 c0  → https://pub-893b4a6a607b4221a894bf861da7914e.r2.dev/2037544283534590.mp4
carried-forward  2177477169702299 c0  → https://pub-893b4a6a607b4221a894bf861da7914e.r2.dev/2177477169702299.mp4
carried-forward  2023645954940017 c0  → https://pub-893b4a6a607b4221a894bf861da7914e.r2.dev/2023645954940017.mp4
carried-forward  1823569825748369 c0  → https://pub-893b4a6a607b4221a894bf861da7914e.r2.dev/1823569825748369.mp4
carried-forward  2077261656249916 c0  → https://pub-893b4a6a607b4221a894bf861da7914e.r2.dev/2077261656249916.mp4
carried-forward  2065913707471647 c0  → https://pub-893b4a6a607b4221a894bf861da7914e.r2.dev/2065913707471647.mp4
carried-forward  2144309496142735 c0  → https://pub-893b4a6a607b4221a894bf861da7914e.r2.dev/2144309496142735.mp4
uploaded         1988343188553429 c0  (video) ← 1988343188553429.mp4  → https://pub-893b4a6a607b4221a894bf861da7914e.r2.dev/1988343188553429.mp4
carried-forward  1021952743777235 c0  → https://pub-893b4a6a607b4221a894bf861da7914e.r2.dev/1021952743777235.mp4
carried-forward  3922291927907491 c0  → https://pub-893b4a6a607b4221a894bf861da7914e.r2.dev/3922291927907491.mp4
carried-forward  2239986650081716 c0  → https://pub-893b4a6a607b4221a894bf861da7914e.r2.dev/2239986650081716.mp4
carried-forward  845325358364561 c0  → https://pub-893b4a6a607b4221a894bf861da7914e.r2.dev/845325358364561.mp4
uploaded         1806682616978957 c0  (video) ← 1806682616978957.mp4  → https://pub-893b4a6a607b4221a894bf861da7914e.r2.dev/1806682616978957.mp4
carried-forward  1034347915635118 c0  → https://pub-893b4a6a607b4221a894bf861da7914e.r2.dev/1034347915635118.mp4
uploaded         996641986578618 c0  (video) ← 996641986578618.mp4  → https://pub-893b4a6a607b4221a894bf861da7914e.r2.dev/996641986578618.mp4
carried-forward  1903962816956522 c0  → https://pub-893b4a6a607b4221a894bf861da7914e.r2.dev/1903962816956522.mp4
carried-forward  1782510706247992 c0  → https://pub-893b4a6a607b4221a894bf861da7914e.r2.dev/1782510706247992.mp4
uploaded         2097717927812890 c0  (video) ← 2097717927812890.mp4  → https://pub-893b4a6a607b4221a894bf861da7914e.r2.dev/2097717927812890.mp4
carried-forward  1027644689642170 c0  → https://pub-893b4a6a607b4221a894bf861da7914e.r2.dev/1027644689642170.mp4
carried-forward  992543626719435 c0  → https://pub-893b4a6a607b4221a894bf861da7914e.r2.dev/992543626719435.mp4
carried-forward  957369430694606 c0  → https://pub-893b4a6a607b4221a894bf861da7914e.r2.dev/957369430694606.mp4
carried-forward  1056873020643925 c0  → https://pub-893b4a6a607b4221a894bf861da7914e.r2.dev/1056873020643925.mp4
uploaded         1895618541128580 c0  (video) ← 1895618541128580.mp4  → https://pub-893b4a6a607b4221a894bf861da7914e.r2.dev/1895618541128580.mp4
uploaded         1736171537821732 c0  (video) ← 1736171537821732.mp4  → https://pub-893b4a6a607b4221a894bf861da7914e.r2.dev/1736171537821732.mp4
carried-forward  1551354719827011 c0  → https://pub-893b4a6a607b4221a894bf861da7914e.r2.dev/1551354719827011.mp4
uploaded         1467235805077911 c0  (video) ← 1467235805077911.mp4  → https://pub-893b4a6a607b4221a894bf861da7914e.r2.dev/1467235805077911.mp4
carried-forward  1667798627831923 c0  → https://pub-893b4a6a607b4221a894bf861da7914e.r2.dev/1667798627831923.mp4
carried-forward  1333743158181668 c0  → https://pub-893b4a6a607b4221a894bf861da7914e.r2.dev/1333743158181668.mp4
uploaded         1802246977424820 c0  (video) ← 1802246977424820.mp4  → https://pub-893b4a6a607b4221a894bf861da7914e.r2.dev/1802246977424820.mp4
uploaded         1453226846574503 c0  (video) ← 1453226846574503.mp4  → https://pub-893b4a6a607b4221a894bf861da7914e.r2.dev/1453226846574503.mp4
uploaded         2105015630361267 c0  (video) ← 2105015630361267.mp4  → https://pub-893b4a6a607b4221a894bf861da7914e.r2.dev/2105015630361267.mp4
uploaded         903788729409077 c0  (video) ← 903788729409077.mp4  → https://pub-893b4a6a607b4221a894bf861da7914e.r2.dev/903788729409077.mp4
carried-forward  1330329419069493 c0  → https://pub-893b4a6a607b4221a894bf861da7914e.r2.dev/1330329419069493.mp4
carried-forward  1550785770004136 c0  → https://pub-893b4a6a607b4221a894bf861da7914e.r2.dev/1550785770004136.mp4
uploaded         857477340395294 c0  (video) ← 857477340395294.mp4  → https://pub-893b4a6a607b4221a894bf861da7914e.r2.dev/857477340395294.mp4
uploaded         1526109055633443 c0  (video) ← 1526109055633443.mp4  → https://pub-893b4a6a607b4221a894bf861da7914e.r2.dev/1526109055633443.mp4
carried-forward  1040175208363411 c0  → https://pub-893b4a6a607b4221a894bf861da7914e.r2.dev/1040175208363411.mp4
carried-forward  1746746386743353 c0  → https://pub-893b4a6a607b4221a894bf861da7914e.r2.dev/1746746386743353.mp4
uploaded         2547642902357219 c0  (video) ← 2547642902357219.mp4  → https://pub-893b4a6a607b4221a894bf861da7914e.r2.dev/2547642902357219.mp4
uploaded         1033318672467841 c0  (video) ← 1033318672467841.mp4  → https://pub-893b4a6a607b4221a894bf861da7914e.r2.dev/1033318672467841.mp4
uploaded         1336956607766027 c0  (video) ← 1336956607766027.mp4  → https://pub-893b4a6a607b4221a894bf861da7914e.r2.dev/1336956607766027.mp4
carried-forward  4559050471083973 c0  → https://pub-893b4a6a607b4221a894bf861da7914e.r2.dev/4559050471083973.mp4
carried-forward  1000221402877141 c0  → https://pub-893b4a6a607b4221a894bf861da7914e.r2.dev/1000221402877141.mp4
carried-forward  960948276986531 c0  → https://pub-893b4a6a607b4221a894bf861da7914e.r2.dev/960948276986531.mp4
uploaded         1579493073705762 c0  (video) ← 1579493073705762.mp4  → https://pub-893b4a6a607b4221a894bf861da7914e.r2.dev/1579493073705762.mp4
uploaded         1756663942362997 c0  (video) ← 1756663942362997.mp4  → https://pub-893b4a6a607b4221a894bf861da7914e.r2.dev/1756663942362997.mp4
uploaded         1604188747714000 c0  (video) ← 1604188747714000.mp4  → https://pub-893b4a6a607b4221a894bf861da7914e.r2.dev/1604188747714000.mp4
carried-forward  4547606502136789 c0  → https://pub-893b4a6a607b4221a894bf861da7914e.r2.dev/4547606502136789.mp4
carried-forward  1028360082898631 c0  → https://pub-893b4a6a607b4221a894bf861da7914e.r2.dev/1028360082898631.mp4
uploaded         1503280224228737 c0  (video) ← 1503280224228737.mp4  → https://pub-893b4a6a607b4221a894bf861da7914e.r2.dev/1503280224228737.mp4
carried-forward  2123062678552643 c0  → https://pub-893b4a6a607b4221a894bf861da7914e.r2.dev/2123062678552643.mp4
uploaded         1662547845005708 c0  (video) ← 1662547845005708.mp4  → https://pub-893b4a6a607b4221a894bf861da7914e.r2.dev/1662547845005708.mp4
uploaded         1059707300038494 c0  (video) ← 1059707300038494.mp4  → https://pub-893b4a6a607b4221a894bf861da7914e.r2.dev/1059707300038494.mp4
uploaded         1044621814661801 c0  (video) ← 1044621814661801.mp4  → https://pub-893b4a6a607b4221a894bf861da7914e.r2.dev/1044621814661801.mp4
uploaded         1000924026244900 c0  (video) ← 1000924026244900.mp4  → https://pub-893b4a6a607b4221a894bf861da7914e.r2.dev/1000924026244900.mp4
carried-forward  1255180603194330 c0  → https://pub-893b4a6a607b4221a894bf861da7914e.r2.dev/1255180603194330.mp4
uploaded         2901157483566484 c0  (video) ← 2901157483566484.mp4  → https://pub-893b4a6a607b4221a894bf861da7914e.r2.dev/2901157483566484.mp4
uploaded         1001493492505354 c0  (video) ← 1001493492505354.mp4  → https://pub-893b4a6a607b4221a894bf861da7914e.r2.dev/1001493492505354.mp4
uploaded         990535003892708 c0  (video) ← 990535003892708.mp4  → https://pub-893b4a6a607b4221a894bf861da7914e.r2.dev/990535003892708.mp4
uploaded         1740976927354770 c0  (video) ← 1740976927354770.mp4  → https://pub-893b4a6a607b4221a894bf861da7914e.r2.dev/1740976927354770.mp4
uploaded         1050591144310002 c0  (video) ← 1050591144310002.mp4  → https://pub-893b4a6a607b4221a894bf861da7914e.r2.dev/1050591144310002.mp4
uploaded         1205499905015145 c0  (video) ← 1205499905015145.mp4  → https://pub-893b4a6a607b4221a894bf861da7914e.r2.dev/1205499905015145.mp4
uploaded         1490398035692044 c0  (video) ← 1490398035692044.mp4  → https://pub-893b4a6a607b4221a894bf861da7914e.r2.dev/1490398035692044.mp4
uploaded         1323748665936539 c0  (video) ← 1323748665936539.mp4  → https://pub-893b4a6a607b4221a894bf861da7914e.r2.dev/1323748665936539.mp4
uploaded         1150508974819144 c0  (video) ← 1150508974819144.mp4  → https://pub-893b4a6a607b4221a894bf861da7914e.r2.dev/1150508974819144.mp4
uploaded         1053835513642180 c0  (video) ← 1053835513642180.mp4  → https://pub-893b4a6a607b4221a894bf861da7914e.r2.dev/1053835513642180.mp4
uploaded         994315830057555 c0  (video) ← 994315830057555.mp4  → https://pub-893b4a6a607b4221a894bf861da7914e.r2.dev/994315830057555.mp4
uploaded         1556784332782041 c0  (video) ← 1556784332782041.mp4  → https://pub-893b4a6a607b4221a894bf861da7914e.r2.dev/1556784332782041.mp4
uploaded         1031652079760983 c0  (video) ← 1031652079760983.mp4  → https://pub-893b4a6a607b4221a894bf861da7914e.r2.dev/1031652079760983.mp4
uploaded         4340832782846996 c0  (video) ← 4340832782846996.mp4  → https://pub-893b4a6a607b4221a894bf861da7914e.r2.dev/4340832782846996.mp4
uploaded         4411311002517575 c0  (video) ← 4411311002517575.mp4  → https://pub-893b4a6a607b4221a894bf861da7914e.r2.dev/4411311002517575.mp4
uploaded         942654208825007 c0  (video) ← 942654208825007.mp4  → https://pub-893b4a6a607b4221a894bf861da7914e.r2.dev/942654208825007.mp4
uploaded         1538825931123825 c0  (video) ← 1538825931123825.mp4  → https://pub-893b4a6a607b4221a894bf861da7914e.r2.dev/1538825931123825.mp4
uploaded         3900871466887984 c0  (video) ← 3900871466887984.mp4  → https://pub-893b4a6a607b4221a894bf861da7914e.r2.dev/3900871466887984.mp4
uploaded         911678698613604 c0  (video) ← 911678698613604.mp4  → https://pub-893b4a6a607b4221a894bf861da7914e.r2.dev/911678698613604.mp4
uploaded         975527375476203 c0  (video) ← 975527375476203.mp4  → https://pub-893b4a6a607b4221a894bf861da7914e.r2.dev/975527375476203.mp4
uploaded         985433910960369 c0  (video) ← 985433910960369.mp4  → https://pub-893b4a6a607b4221a894bf861da7914e.r2.dev/985433910960369.mp4
uploaded         1330200615374353 c0  (video) ← 1330200615374353.mp4  → https://pub-893b4a6a607b4221a894bf861da7914e.r2.dev/1330200615374353.mp4
uploaded         2195335067868783 c0  (video) ← 2195335067868783.mp4  → https://pub-893b4a6a607b4221a894bf861da7914e.r2.dev/2195335067868783.mp4
uploaded         2783272062068479 c0  (video) ← 2783272062068479.mp4  → https://pub-893b4a6a607b4221a894bf861da7914e.r2.dev/2783272062068479.mp4
uploaded         4561660297395473 c0  (video) ← 4561660297395473.mp4  → https://pub-893b4a6a607b4221a894bf861da7914e.r2.dev/4561660297395473.mp4
