# Step 3 run log
# competitor : speakx
# started_at : 2026-07-25T06:18:16
# input      : facebook/inputs/fb-ads-speakx-2026-07-25-0616.csv
# videos     : facebook/videos/speakx-2026-07-25
# master     : facebook/master/speakx.csv  (updated)
# enriched   : facebook/inputs/fb-ads-speakx-2026-07-25-0616_enriched.csv
# bucket     : video-ads
# public_base: https://pub-893b4a6a607b4221a894bf861da7914e.r2.dev
# dry_run    : False
#
# counts     : {'uploaded': 6, 'carried-forward': 76, 'image-pending': 7, 'video-missing': 3, 'no-creative': 0, 'error': 0}
#
carried-forward  2170232180187458 c0  → https://pub-893b4a6a607b4221a894bf861da7914e.r2.dev/2170232180187458.mp4
video-missing    2170232180187458 c0  (expected file not found in facebook/videos/speakx-2026-07-25)
carried-forward  999797746202495 c0  → https://pub-893b4a6a607b4221a894bf861da7914e.r2.dev/999797746202495.mp4
carried-forward  1351262990299594 c0  → https://pub-893b4a6a607b4221a894bf861da7914e.r2.dev/1351262990299594.mp4
carried-forward  1025654197054648 c0  → https://pub-893b4a6a607b4221a894bf861da7914e.r2.dev/1025654197054648.mp4
carried-forward  1006144355452513 c0  → https://pub-893b4a6a607b4221a894bf861da7914e.r2.dev/1006144355452513.mp4
carried-forward  1402822115240024 c0  → https://pub-893b4a6a607b4221a894bf861da7914e.r2.dev/1402822115240024.mp4
carried-forward  1951806882141238 c0  → https://pub-893b4a6a607b4221a894bf861da7914e.r2.dev/1951806882141238.mp4
carried-forward  1606161311081490 c0  → https://pub-893b4a6a607b4221a894bf861da7914e.r2.dev/1606161311081490.mp4
carried-forward  2556548328132117 c0  → https://pub-893b4a6a607b4221a894bf861da7914e.r2.dev/2556548328132117.mp4
carried-forward  1035880228803854 c0  → https://pub-893b4a6a607b4221a894bf861da7914e.r2.dev/1035880228803854.mp4
carried-forward  2085674658961809 c0  → https://pub-893b4a6a607b4221a894bf861da7914e.r2.dev/2085674658961809.mp4
carried-forward  4676305599359454 c0  → https://pub-893b4a6a607b4221a894bf861da7914e.r2.dev/4676305599359454.mp4
carried-forward  2493959911111238 c0  → https://pub-893b4a6a607b4221a894bf861da7914e.r2.dev/2493959911111238.mp4
video-missing    2493959911111238 c0  (expected file not found in facebook/videos/speakx-2026-07-25)
carried-forward  2431019154040799 c0  → https://pub-893b4a6a607b4221a894bf861da7914e.r2.dev/2431019154040799.mp4
carried-forward  1347118524153628 c0  → https://pub-893b4a6a607b4221a894bf861da7914e.r2.dev/1347118524153628.mp4
carried-forward  979397888269297 c0  → https://pub-893b4a6a607b4221a894bf861da7914e.r2.dev/979397888269297.mp4
carried-forward  1048333250872687 c0  → https://pub-893b4a6a607b4221a894bf861da7914e.r2.dev/1048333250872687.mp4
video-missing    1048333250872687 c0  (expected file not found in facebook/videos/speakx-2026-07-25)
uploaded         1359131179687793 c0  (video) ← 1359131179687793.mp4  → https://pub-893b4a6a607b4221a894bf861da7914e.r2.dev/1359131179687793.mp4
carried-forward  27229193570063215 c0  → https://pub-893b4a6a607b4221a894bf861da7914e.r2.dev/27229193570063215.mp4
uploaded         1746189646409440 c0  (video) ← 1746189646409440.mp4  → https://pub-893b4a6a607b4221a894bf861da7914e.r2.dev/1746189646409440.mp4
uploaded         1742293666903063 c0  (video) ← 1742293666903063.mp4  → https://pub-893b4a6a607b4221a894bf861da7914e.r2.dev/1742293666903063.mp4
uploaded         1340690338224804 c0  (video) ← 1340690338224804.mp4  → https://pub-893b4a6a607b4221a894bf861da7914e.r2.dev/1340690338224804.mp4
uploaded         1345647920972071 c0  (video) ← 1345647920972071.mp4  → https://pub-893b4a6a607b4221a894bf861da7914e.r2.dev/1345647920972071.mp4
uploaded         1429101675817441 c0  (video) ← 1429101675817441.mp4  → https://pub-893b4a6a607b4221a894bf861da7914e.r2.dev/1429101675817441.mp4
carried-forward  1456561929564609 c0  → https://pub-893b4a6a607b4221a894bf861da7914e.r2.dev/1456561929564609.mp4
carried-forward  1048026054439344 c0  → https://pub-893b4a6a607b4221a894bf861da7914e.r2.dev/1048026054439344.mp4
carried-forward  1032087992996376 c0  → https://pub-893b4a6a607b4221a894bf861da7914e.r2.dev/1032087992996376.mp4
image-pending    1355918086631670 c0  (HANDOVER §8.5 — image handling not yet built)
carried-forward  1623703045836274 c0  → https://pub-893b4a6a607b4221a894bf861da7914e.r2.dev/1623703045836274.mp4
carried-forward  1353796682838534 c0  → https://pub-893b4a6a607b4221a894bf861da7914e.r2.dev/1353796682838534.mp4
carried-forward  924936677288402 c0  → https://pub-893b4a6a607b4221a894bf861da7914e.r2.dev/924936677288402.mp4
carried-forward  939854569139984 c0  → https://pub-893b4a6a607b4221a894bf861da7914e.r2.dev/939854569139984.mp4
carried-forward  2799705313732258 c0  → https://pub-893b4a6a607b4221a894bf861da7914e.r2.dev/2799705313732258.mp4
image-pending    1319774340279303 c0  (HANDOVER §8.5 — image handling not yet built)
carried-forward  1551342139720328 c0  → https://pub-893b4a6a607b4221a894bf861da7914e.r2.dev/1551342139720328.mp4
carried-forward  2041285996476505 c0  → https://pub-893b4a6a607b4221a894bf861da7914e.r2.dev/2041285996476505.mp4
carried-forward  1353556223583526 c0  → https://pub-893b4a6a607b4221a894bf861da7914e.r2.dev/1353556223583526.mp4
carried-forward  1346713120409689 c0  → https://pub-893b4a6a607b4221a894bf861da7914e.r2.dev/1346713120409689.mp4
carried-forward  1352516773528491 c0  → https://pub-893b4a6a607b4221a894bf861da7914e.r2.dev/1352516773528491.mp4
carried-forward  1554363889395453 c0  → https://pub-893b4a6a607b4221a894bf861da7914e.r2.dev/1554363889395453.mp4
carried-forward  1703773360855127 c0  → https://pub-893b4a6a607b4221a894bf861da7914e.r2.dev/1703773360855127.mp4
carried-forward  1011396178193162 c0  → https://pub-893b4a6a607b4221a894bf861da7914e.r2.dev/1011396178193162.mp4
carried-forward  2233629897472298 c0  → https://pub-893b4a6a607b4221a894bf861da7914e.r2.dev/2233629897472298.mp4
carried-forward  1366854751688837 c0  → https://pub-893b4a6a607b4221a894bf861da7914e.r2.dev/1366854751688837.mp4
image-pending    1042478948739321 c0  (HANDOVER §8.5 — image handling not yet built)
carried-forward  2190923268355569 c0  → https://pub-893b4a6a607b4221a894bf861da7914e.r2.dev/2190923268355569.mp4
carried-forward  4026499714320295 c0  → https://pub-893b4a6a607b4221a894bf861da7914e.r2.dev/4026499714320295.mp4
carried-forward  1085960227091538 c0  → https://pub-893b4a6a607b4221a894bf861da7914e.r2.dev/1085960227091538.mp4
carried-forward  1074015621644796 c0  → https://pub-893b4a6a607b4221a894bf861da7914e.r2.dev/1074015621644796.mp4
carried-forward  2384344758723437 c0  → https://pub-893b4a6a607b4221a894bf861da7914e.r2.dev/2384344758723437.mp4
carried-forward  1700600357811523 c0  → https://pub-893b4a6a607b4221a894bf861da7914e.r2.dev/1700600357811523.mp4
carried-forward  1342274851361848 c0  → https://pub-893b4a6a607b4221a894bf861da7914e.r2.dev/1342274851361848.mp4
carried-forward  1665942551375702 c0  → https://pub-893b4a6a607b4221a894bf861da7914e.r2.dev/1665942551375702.mp4
carried-forward  2220166195507591 c0  → https://pub-893b4a6a607b4221a894bf861da7914e.r2.dev/2220166195507591.mp4
carried-forward  1719704959273669 c0  → https://pub-893b4a6a607b4221a894bf861da7914e.r2.dev/1719704959273669.mp4
carried-forward  1383137084006100 c0  → https://pub-893b4a6a607b4221a894bf861da7914e.r2.dev/1383137084006100.mp4
image-pending    2198101554346438 c0  (HANDOVER §8.5 — image handling not yet built)
carried-forward  1075076762124258 c0  → https://pub-893b4a6a607b4221a894bf861da7914e.r2.dev/1075076762124258.mp4
carried-forward  1036413095395358 c0  → https://pub-893b4a6a607b4221a894bf861da7914e.r2.dev/1036413095395358.mp4
carried-forward  2474105036398162 c0  → https://pub-893b4a6a607b4221a894bf861da7914e.r2.dev/2474105036398162.mp4
carried-forward  1359091899695701 c0  → https://pub-893b4a6a607b4221a894bf861da7914e.r2.dev/1359091899695701.mp4
carried-forward  1548802097030285 c0  → https://pub-893b4a6a607b4221a894bf861da7914e.r2.dev/1548802097030285.mp4
carried-forward  1062477836172326 c0  → https://pub-893b4a6a607b4221a894bf861da7914e.r2.dev/1062477836172326.mp4
carried-forward  2250359392483130 c0  → https://pub-893b4a6a607b4221a894bf861da7914e.r2.dev/2250359392483130.mp4
carried-forward  1071518578865442 c0  → https://pub-893b4a6a607b4221a894bf861da7914e.r2.dev/1071518578865442.mp4
carried-forward  1825362421760300 c0  → https://pub-893b4a6a607b4221a894bf861da7914e.r2.dev/1825362421760300.mp4
image-pending    2221002488734307 c0  (HANDOVER §8.5 — image handling not yet built)
carried-forward  1851985415776088 c0  → https://pub-893b4a6a607b4221a894bf861da7914e.r2.dev/1851985415776088.mp4
carried-forward  3372721566246543 c0  → https://pub-893b4a6a607b4221a894bf861da7914e.r2.dev/3372721566246543.mp4
carried-forward  2148294932790765 c0  → https://pub-893b4a6a607b4221a894bf861da7914e.r2.dev/2148294932790765.mp4
carried-forward  2721403284920040 c0  → https://pub-893b4a6a607b4221a894bf861da7914e.r2.dev/2721403284920040.mp4
carried-forward  1578900480609049 c0  → https://pub-893b4a6a607b4221a894bf861da7914e.r2.dev/1578900480609049.mp4
carried-forward  1860299485356088 c0  → https://pub-893b4a6a607b4221a894bf861da7914e.r2.dev/1860299485356088.mp4
image-pending    1750635042706914 c0  (HANDOVER §8.5 — image handling not yet built)
carried-forward  1340007950958225 c0  → https://pub-893b4a6a607b4221a894bf861da7914e.r2.dev/1340007950958225.mp4
carried-forward  1511754003508408 c0  → https://pub-893b4a6a607b4221a894bf861da7914e.r2.dev/1511754003508408.mp4
carried-forward  1058306083856051 c0  → https://pub-893b4a6a607b4221a894bf861da7914e.r2.dev/1058306083856051.mp4
carried-forward  2145697812673547 c0  → https://pub-893b4a6a607b4221a894bf861da7914e.r2.dev/2145697812673547.mp4
carried-forward  4511505585789984 c0  → https://pub-893b4a6a607b4221a894bf861da7914e.r2.dev/4511505585789984.mp4
carried-forward  1200073725625934 c0  → https://pub-893b4a6a607b4221a894bf861da7914e.r2.dev/1200073725625934.mp4
carried-forward  814575401742994 c0  → https://pub-893b4a6a607b4221a894bf861da7914e.r2.dev/814575401742994.mp4
carried-forward  1583946576480802 c0  → https://pub-893b4a6a607b4221a894bf861da7914e.r2.dev/1583946576480802.mp4
carried-forward  1073193355176196 c0  → https://pub-893b4a6a607b4221a894bf861da7914e.r2.dev/1073193355176196.mp4
carried-forward  1534744628291389 c0  → https://pub-893b4a6a607b4221a894bf861da7914e.r2.dev/1534744628291389.mp4
carried-forward  1944664899515494 c0  → https://pub-893b4a6a607b4221a894bf861da7914e.r2.dev/1944664899515494.mp4
image-pending    1338566518256713 c0  (HANDOVER §8.5 — image handling not yet built)
carried-forward  2011024553113138 c0  → https://pub-893b4a6a607b4221a894bf861da7914e.r2.dev/2011024553113138.mp4
carried-forward  1350626287269177 c0  → https://pub-893b4a6a607b4221a894bf861da7914e.r2.dev/1350626287269177.mp4
carried-forward  1018301297462586 c0  → https://pub-893b4a6a607b4221a894bf861da7914e.r2.dev/1018301297462586.mp4
