# Step 3 run log
# competitor : speakeasy
# started_at : 2026-07-06T13:49:22
# input      : facebook/inputs/fb-ads-speakeasy-2026-07-06-1348.csv
# videos     : facebook/videos/speakeasy-2026-07-06
# master     : facebook/master/speakeasy.csv  (updated)
# enriched   : facebook/inputs/fb-ads-speakeasy-2026-07-06-1348_enriched.csv
# bucket     : video-ads
# public_base: https://pub-893b4a6a607b4221a894bf861da7914e.r2.dev
# dry_run    : False
#
# counts     : {'uploaded': 3, 'carried-forward': 143, 'image-pending': 0, 'video-missing': 0, 'no-creative': 0, 'error': 0}
#
carried-forward  2096925954204563 c0  → https://pub-893b4a6a607b4221a894bf861da7914e.r2.dev/2096925954204563.mp4
carried-forward  2202456460521928 c0  → https://pub-893b4a6a607b4221a894bf861da7914e.r2.dev/2202456460521928.mp4
carried-forward  1329522652574885 c0  → https://pub-893b4a6a607b4221a894bf861da7914e.r2.dev/1329522652574885.mp4
carried-forward  1350528533804193 c0  → https://pub-893b4a6a607b4221a894bf861da7914e.r2.dev/1350528533804193.mp4
carried-forward  2230483907768260 c0  → https://pub-893b4a6a607b4221a894bf861da7914e.r2.dev/2230483907768260.mp4
carried-forward  27190213957294951 c0  → https://pub-893b4a6a607b4221a894bf861da7914e.r2.dev/27190213957294951.mp4
carried-forward  1515028196659572 c0  → https://pub-893b4a6a607b4221a894bf861da7914e.r2.dev/1515028196659572.mp4
carried-forward  2443549536146368 c0  → https://pub-893b4a6a607b4221a894bf861da7914e.r2.dev/2443549536146368.mp4
carried-forward  1990549078495400 c0  → https://pub-893b4a6a607b4221a894bf861da7914e.r2.dev/1990549078495400.mp4
carried-forward  1003649275414638 c0  → https://pub-893b4a6a607b4221a894bf861da7914e.r2.dev/1003649275414638.mp4
carried-forward  1715366832977862 c0  → https://pub-893b4a6a607b4221a894bf861da7914e.r2.dev/1715366832977862.mp4
carried-forward  1004243468673350 c0  → https://pub-893b4a6a607b4221a894bf861da7914e.r2.dev/1004243468673350.mp4
carried-forward  933307746352020 c0  → https://pub-893b4a6a607b4221a894bf861da7914e.r2.dev/933307746352020.mp4
carried-forward  1274918781380927 c0  → https://pub-893b4a6a607b4221a894bf861da7914e.r2.dev/1274918781380927.mp4
carried-forward  1459277669338335 c0  → https://pub-893b4a6a607b4221a894bf861da7914e.r2.dev/1459277669338335.mp4
carried-forward  1509000537534731 c0  → https://pub-893b4a6a607b4221a894bf861da7914e.r2.dev/1509000537534731.mp4
carried-forward  1697445064905391 c0  → https://pub-893b4a6a607b4221a894bf861da7914e.r2.dev/1697445064905391.mp4
carried-forward  4539960142950619 c0  → https://pub-893b4a6a607b4221a894bf861da7914e.r2.dev/4539960142950619.mp4
carried-forward  1758345675330702 c0  → https://pub-893b4a6a607b4221a894bf861da7914e.r2.dev/1758345675330702.mp4
carried-forward  2906298679721315 c0  → https://pub-893b4a6a607b4221a894bf861da7914e.r2.dev/2906298679721315.mp4
carried-forward  979290208277494 c0  → https://pub-893b4a6a607b4221a894bf861da7914e.r2.dev/979290208277494.mp4
carried-forward  2071647760437589 c0  → https://pub-893b4a6a607b4221a894bf861da7914e.r2.dev/2071647760437589.mp4
carried-forward  1324292329831050 c0  → https://pub-893b4a6a607b4221a894bf861da7914e.r2.dev/1324292329831050.mp4
carried-forward  27378272641859957 c0  → https://pub-893b4a6a607b4221a894bf861da7914e.r2.dev/27378272641859957.mp4
carried-forward  1846633682964760 c0  → https://pub-893b4a6a607b4221a894bf861da7914e.r2.dev/1846633682964760.mp4
carried-forward  1285753573334918 c0  → https://pub-893b4a6a607b4221a894bf861da7914e.r2.dev/1285753573334918.mp4
carried-forward  2245734962626860 c0  → https://pub-893b4a6a607b4221a894bf861da7914e.r2.dev/2245734962626860.mp4
carried-forward  1011965198455335 c0  → https://pub-893b4a6a607b4221a894bf861da7914e.r2.dev/1011965198455335.mp4
carried-forward  1604188747714000 c0  → https://pub-893b4a6a607b4221a894bf861da7914e.r2.dev/1604188747714000.mp4
carried-forward  1754597612655199 c0  → https://pub-893b4a6a607b4221a894bf861da7914e.r2.dev/1754597612655199.mp4
carried-forward  1749757829714015 c0  → https://pub-893b4a6a607b4221a894bf861da7914e.r2.dev/1749757829714015.mp4
carried-forward  1802246977424820 c0  → https://pub-893b4a6a607b4221a894bf861da7914e.r2.dev/1802246977424820.mp4
carried-forward  1706586897142307 c0  → https://pub-893b4a6a607b4221a894bf861da7914e.r2.dev/1706586897142307.mp4
carried-forward  1734392771068941 c0  → https://pub-893b4a6a607b4221a894bf861da7914e.r2.dev/1734392771068941.mp4
carried-forward  874722785094358 c0  → https://pub-893b4a6a607b4221a894bf861da7914e.r2.dev/874722785094358.mp4
carried-forward  996641986578618 c0  → https://pub-893b4a6a607b4221a894bf861da7914e.r2.dev/996641986578618.mp4
carried-forward  1535695454763774 c0  → https://pub-893b4a6a607b4221a894bf861da7914e.r2.dev/1535695454763774.mp4
carried-forward  2218310135679156 c0  → https://pub-893b4a6a607b4221a894bf861da7914e.r2.dev/2218310135679156.mp4
carried-forward  1818346986204122 c0  → https://pub-893b4a6a607b4221a894bf861da7914e.r2.dev/1818346986204122.mp4
carried-forward  1501674381701938 c0  → https://pub-893b4a6a607b4221a894bf861da7914e.r2.dev/1501674381701938.mp4
carried-forward  2547642902357219 c0  → https://pub-893b4a6a607b4221a894bf861da7914e.r2.dev/2547642902357219.mp4
carried-forward  795854463516781 c0  → https://pub-893b4a6a607b4221a894bf861da7914e.r2.dev/795854463516781.mp4
carried-forward  854032033985665 c0  → https://pub-893b4a6a607b4221a894bf861da7914e.r2.dev/854032033985665.mp4
carried-forward  1023353213520872 c0  → https://pub-893b4a6a607b4221a894bf861da7914e.r2.dev/1023353213520872.mp4
carried-forward  1543528693797253 c0  → https://pub-893b4a6a607b4221a894bf861da7914e.r2.dev/1543528693797253.mp4
carried-forward  1551354719827011 c0  → https://pub-893b4a6a607b4221a894bf861da7914e.r2.dev/1551354719827011.mp4
carried-forward  1334007191542658 c0  → https://pub-893b4a6a607b4221a894bf861da7914e.r2.dev/1334007191542658.mp4
carried-forward  1296646215598722 c0  → https://pub-893b4a6a607b4221a894bf861da7914e.r2.dev/1296646215598722.mp4
carried-forward  1974227159873500 c0  → https://pub-893b4a6a607b4221a894bf861da7914e.r2.dev/1974227159873500.mp4
carried-forward  1522462465946347 c0  → https://pub-893b4a6a607b4221a894bf861da7914e.r2.dev/1522462465946347.mp4
carried-forward  1632885817785834 c0  → https://pub-893b4a6a607b4221a894bf861da7914e.r2.dev/1632885817785834.mp4
carried-forward  1041697571622443 c0  → https://pub-893b4a6a607b4221a894bf861da7914e.r2.dev/1041697571622443.mp4
carried-forward  2099062654319532 c0  → https://pub-893b4a6a607b4221a894bf861da7914e.r2.dev/2099062654319532.mp4
carried-forward  878270771469415 c0  → https://pub-893b4a6a607b4221a894bf861da7914e.r2.dev/878270771469415.mp4
carried-forward  1032328049733145 c0  → https://pub-893b4a6a607b4221a894bf861da7914e.r2.dev/1032328049733145.mp4
carried-forward  1503280224228737 c0  → https://pub-893b4a6a607b4221a894bf861da7914e.r2.dev/1503280224228737.mp4
carried-forward  1763852395061401 c0  → https://pub-893b4a6a607b4221a894bf861da7914e.r2.dev/1763852395061401.mp4
carried-forward  1276216151256048 c0  → https://pub-893b4a6a607b4221a894bf861da7914e.r2.dev/1276216151256048.mp4
carried-forward  1053835513642180 c0  → https://pub-893b4a6a607b4221a894bf861da7914e.r2.dev/1053835513642180.mp4
carried-forward  28143550175230534 c0  → https://pub-893b4a6a607b4221a894bf861da7914e.r2.dev/28143550175230534.mp4
carried-forward  1255180603194330 c0  → https://pub-893b4a6a607b4221a894bf861da7914e.r2.dev/1255180603194330.mp4
carried-forward  898228559286423 c0  → https://pub-893b4a6a607b4221a894bf861da7914e.r2.dev/898228559286423.mp4
carried-forward  1985380975672231 c0  → https://pub-893b4a6a607b4221a894bf861da7914e.r2.dev/1985380975672231.mp4
carried-forward  1001493492505354 c0  → https://pub-893b4a6a607b4221a894bf861da7914e.r2.dev/1001493492505354.mp4
carried-forward  1448236430445821 c0  → https://pub-893b4a6a607b4221a894bf861da7914e.r2.dev/1448236430445821.mp4
carried-forward  2541924189593676 c0  → https://pub-893b4a6a607b4221a894bf861da7914e.r2.dev/2541924189593676.mp4
carried-forward  2091737915053511 c0  → https://pub-893b4a6a607b4221a894bf861da7914e.r2.dev/2091737915053511.mp4
carried-forward  1374815784463032 c0  → https://pub-893b4a6a607b4221a894bf861da7914e.r2.dev/1374815784463032.mp4
carried-forward  1393677475936474 c0  → https://pub-893b4a6a607b4221a894bf861da7914e.r2.dev/1393677475936474.mp4
carried-forward  1362568515807869 c0  → https://pub-893b4a6a607b4221a894bf861da7914e.r2.dev/1362568515807869.mp4
carried-forward  1021509707411878 c0  → https://pub-893b4a6a607b4221a894bf861da7914e.r2.dev/1021509707411878.mp4
carried-forward  27332735843019610 c0  → https://pub-893b4a6a607b4221a894bf861da7914e.r2.dev/27332735843019610.mp4
carried-forward  1338897621551805 c0  → https://pub-893b4a6a607b4221a894bf861da7914e.r2.dev/1338897621551805.mp4
carried-forward  1070403062094490 c0  → https://pub-893b4a6a607b4221a894bf861da7914e.r2.dev/1070403062094490.mp4
carried-forward  1214663760729894 c0  → https://pub-893b4a6a607b4221a894bf861da7914e.r2.dev/1214663760729894.mp4
carried-forward  1909547616385885 c0  → https://pub-893b4a6a607b4221a894bf861da7914e.r2.dev/1909547616385885.mp4
carried-forward  1704148214136553 c0  → https://pub-893b4a6a607b4221a894bf861da7914e.r2.dev/1704148214136553.mp4
carried-forward  992648426733132 c0  → https://pub-893b4a6a607b4221a894bf861da7914e.r2.dev/992648426733132.mp4
carried-forward  991150477141420 c0  → https://pub-893b4a6a607b4221a894bf861da7914e.r2.dev/991150477141420.mp4
carried-forward  1000318475941339 c0  → https://pub-893b4a6a607b4221a894bf861da7914e.r2.dev/1000318475941339.mp4
carried-forward  1590674695908524 c0  → https://pub-893b4a6a607b4221a894bf861da7914e.r2.dev/1590674695908524.mp4
carried-forward  1332420445054231 c0  → https://pub-893b4a6a607b4221a894bf861da7914e.r2.dev/1332420445054231.mp4
carried-forward  1719077382539404 c0  → https://pub-893b4a6a607b4221a894bf861da7914e.r2.dev/1719077382539404.mp4
carried-forward  1001471282690704 c0  → https://pub-893b4a6a607b4221a894bf861da7914e.r2.dev/1001471282690704.mp4
carried-forward  996303673311535 c0  → https://pub-893b4a6a607b4221a894bf861da7914e.r2.dev/996303673311535.mp4
carried-forward  2930403880651001 c0  → https://pub-893b4a6a607b4221a894bf861da7914e.r2.dev/2930403880651001.mp4
carried-forward  1735473040779762 c0  → https://pub-893b4a6a607b4221a894bf861da7914e.r2.dev/1735473040779762.mp4
carried-forward  1716649926223897 c0  → https://pub-893b4a6a607b4221a894bf861da7914e.r2.dev/1716649926223897.mp4
carried-forward  1030848779333266 c0  → https://pub-893b4a6a607b4221a894bf861da7914e.r2.dev/1030848779333266.mp4
carried-forward  1770477710743808 c0  → https://pub-893b4a6a607b4221a894bf861da7914e.r2.dev/1770477710743808.mp4
carried-forward  1393676699314627 c0  → https://pub-893b4a6a607b4221a894bf861da7914e.r2.dev/1393676699314627.mp4
carried-forward  887301687184523 c0  → https://pub-893b4a6a607b4221a894bf861da7914e.r2.dev/887301687184523.mp4
carried-forward  2078715102710378 c0  → https://pub-893b4a6a607b4221a894bf861da7914e.r2.dev/2078715102710378.mp4
carried-forward  1349635307286567 c0  → https://pub-893b4a6a607b4221a894bf861da7914e.r2.dev/1349635307286567.mp4
carried-forward  27377944758491901 c0  → https://pub-893b4a6a607b4221a894bf861da7914e.r2.dev/27377944758491901.mp4
carried-forward  3463358273831686 c0  → https://pub-893b4a6a607b4221a894bf861da7914e.r2.dev/3463358273831686.mp4
carried-forward  1531074465482727 c0  → https://pub-893b4a6a607b4221a894bf861da7914e.r2.dev/1531074465482727.mp4
carried-forward  27828393366752661 c0  → https://pub-893b4a6a607b4221a894bf861da7914e.r2.dev/27828393366752661.mp4
carried-forward  2529911954128408 c0  → https://pub-893b4a6a607b4221a894bf861da7914e.r2.dev/2529911954128408.mp4
carried-forward  2434971057006573 c0  → https://pub-893b4a6a607b4221a894bf861da7914e.r2.dev/2434971057006573.mp4
carried-forward  1494386701998346 c0  → https://pub-893b4a6a607b4221a894bf861da7914e.r2.dev/1494386701998346.mp4
carried-forward  4519889515004918 c0  → https://pub-893b4a6a607b4221a894bf861da7914e.r2.dev/4519889515004918.mp4
carried-forward  3308448409360957 c0  → https://pub-893b4a6a607b4221a894bf861da7914e.r2.dev/3308448409360957.mp4
carried-forward  1391579126209527 c0  → https://pub-893b4a6a607b4221a894bf861da7914e.r2.dev/1391579126209527.mp4
carried-forward  1833543660958672 c0  → https://pub-893b4a6a607b4221a894bf861da7914e.r2.dev/1833543660958672.mp4
carried-forward  1021460303579282 c0  → https://pub-893b4a6a607b4221a894bf861da7914e.r2.dev/1021460303579282.mp4
carried-forward  1417068499814105 c0  → https://pub-893b4a6a607b4221a894bf861da7914e.r2.dev/1417068499814105.mp4
carried-forward  1750984219416865 c0  → https://pub-893b4a6a607b4221a894bf861da7914e.r2.dev/1750984219416865.mp4
carried-forward  2146898272848405 c0  → https://pub-893b4a6a607b4221a894bf861da7914e.r2.dev/2146898272848405.mp4
carried-forward  1544064440558327 c0  → https://pub-893b4a6a607b4221a894bf861da7914e.r2.dev/1544064440558327.mp4
uploaded         2450004685510769 c0  (video) ← 2450004685510769.mp4  → https://pub-893b4a6a607b4221a894bf861da7914e.r2.dev/2450004685510769.mp4
carried-forward  2339755836829890 c0  → https://pub-893b4a6a607b4221a894bf861da7914e.r2.dev/2339755836829890.mp4
carried-forward  1467975991801294 c0  → https://pub-893b4a6a607b4221a894bf861da7914e.r2.dev/1467975991801294.mp4
carried-forward  3369062066726389 c0  → https://pub-893b4a6a607b4221a894bf861da7914e.r2.dev/3369062066726389.mp4
carried-forward  1047253654505861 c0  → https://pub-893b4a6a607b4221a894bf861da7914e.r2.dev/1047253654505861.mp4
carried-forward  1751060422699111 c0  → https://pub-893b4a6a607b4221a894bf861da7914e.r2.dev/1751060422699111.mp4
carried-forward  1552976759599385 c0  → https://pub-893b4a6a607b4221a894bf861da7914e.r2.dev/1552976759599385.mp4
carried-forward  1622501162949412 c0  → https://pub-893b4a6a607b4221a894bf861da7914e.r2.dev/1622501162949412.mp4
carried-forward  4586262131656286 c0  → https://pub-893b4a6a607b4221a894bf861da7914e.r2.dev/4586262131656286.mp4
carried-forward  2056297371922096 c0  → https://pub-893b4a6a607b4221a894bf861da7914e.r2.dev/2056297371922096.mp4
carried-forward  1562898808831086 c0  → https://pub-893b4a6a607b4221a894bf861da7914e.r2.dev/1562898808831086.mp4
carried-forward  1716992606156124 c0  → https://pub-893b4a6a607b4221a894bf861da7914e.r2.dev/1716992606156124.mp4
carried-forward  1578488363851885 c0  → https://pub-893b4a6a607b4221a894bf861da7914e.r2.dev/1578488363851885.mp4
carried-forward  1557898412513841 c0  → https://pub-893b4a6a607b4221a894bf861da7914e.r2.dev/1557898412513841.mp4
carried-forward  1685101226039979 c0  → https://pub-893b4a6a607b4221a894bf861da7914e.r2.dev/1685101226039979.mp4
carried-forward  1632987121107330 c0  → https://pub-893b4a6a607b4221a894bf861da7914e.r2.dev/1632987121107330.mp4
carried-forward  26831989979813367 c0  → https://pub-893b4a6a607b4221a894bf861da7914e.r2.dev/26831989979813367.mp4
carried-forward  2100935897189746 c0  → https://pub-893b4a6a607b4221a894bf861da7914e.r2.dev/2100935897189746.mp4
carried-forward  1195330742784064 c0  → https://pub-893b4a6a607b4221a894bf861da7914e.r2.dev/1195330742784064.mp4
carried-forward  2410875649400876 c0  → https://pub-893b4a6a607b4221a894bf861da7914e.r2.dev/2410875649400876.mp4
carried-forward  1371510614861686 c0  → https://pub-893b4a6a607b4221a894bf861da7914e.r2.dev/1371510614861686.mp4
carried-forward  1049947420781477 c0  → https://pub-893b4a6a607b4221a894bf861da7914e.r2.dev/1049947420781477.mp4
carried-forward  2239485170144584 c0  → https://pub-893b4a6a607b4221a894bf861da7914e.r2.dev/2239485170144584.mp4
carried-forward  1587455962909974 c0  → https://pub-893b4a6a607b4221a894bf861da7914e.r2.dev/1587455962909974.mp4
carried-forward  2177416452832312 c0  → https://pub-893b4a6a607b4221a894bf861da7914e.r2.dev/2177416452832312.mp4
carried-forward  2407260569786259 c0  → https://pub-893b4a6a607b4221a894bf861da7914e.r2.dev/2407260569786259.mp4
carried-forward  1480440910438041 c0  → https://pub-893b4a6a607b4221a894bf861da7914e.r2.dev/1480440910438041.mp4
carried-forward  28335674089368754 c0  → https://pub-893b4a6a607b4221a894bf861da7914e.r2.dev/28335674089368754.mp4
carried-forward  1554103612956362 c0  → https://pub-893b4a6a607b4221a894bf861da7914e.r2.dev/1554103612956362.mp4
carried-forward  1040958635122079 c0  → https://pub-893b4a6a607b4221a894bf861da7914e.r2.dev/1040958635122079.mp4
carried-forward  2074431106788890 c0  → https://pub-893b4a6a607b4221a894bf861da7914e.r2.dev/2074431106788890.mp4
carried-forward  920211211089397 c0  → https://pub-893b4a6a607b4221a894bf861da7914e.r2.dev/920211211089397.mp4
carried-forward  1607286517667851 c0  → https://pub-893b4a6a607b4221a894bf861da7914e.r2.dev/1607286517667851.mp4
carried-forward  2233489744153353 c0  → https://pub-893b4a6a607b4221a894bf861da7914e.r2.dev/2233489744153353.mp4
uploaded         2006263380252771 c0  (video) ← 2006263380252771.mp4  → https://pub-893b4a6a607b4221a894bf861da7914e.r2.dev/2006263380252771.mp4
uploaded         2746192179086066 c0  (video) ← 2746192179086066.mp4  → https://pub-893b4a6a607b4221a894bf861da7914e.r2.dev/2746192179086066.mp4
