# Step 3 run log
# competitor : speakeasy
# started_at : 2026-06-23T13:31:24
# input      : facebook/inputs/fb-ads-speakeasy-2026-06-23-1329.csv
# videos     : facebook/videos/speakeasy-2026-06-23
# master     : facebook/master/speakeasy.csv  (updated)
# enriched   : facebook/inputs/fb-ads-speakeasy-2026-06-23-1329_enriched.csv
# bucket     : video-ads
# public_base: https://dcfd27564ef899969db9a562c7e1945f.r2.cloudflarestorage.com
# dry_run    : False
#
# counts     : {'uploaded': 0, 'carried-forward': 30, 'image-pending': 0, 'video-missing': 0, 'no-creative': 0, 'error': 0}
#
carried-forward  2096925954204563 c0  → https://dcfd27564ef899969db9a562c7e1945f.r2.cloudflarestorage.com/2096925954204563.mp4
carried-forward  972795661907348 c0  → https://dcfd27564ef899969db9a562c7e1945f.r2.cloudflarestorage.com/972795661907348.mp4
carried-forward  2202456460521928 c0  → https://dcfd27564ef899969db9a562c7e1945f.r2.cloudflarestorage.com/2202456460521928.mp4
carried-forward  1960351544672313 c0  → https://dcfd27564ef899969db9a562c7e1945f.r2.cloudflarestorage.com/1960351544672313.mp4
carried-forward  1350528533804193 c0  → https://dcfd27564ef899969db9a562c7e1945f.r2.cloudflarestorage.com/1350528533804193.mp4
carried-forward  1329522652574885 c0  → https://dcfd27564ef899969db9a562c7e1945f.r2.cloudflarestorage.com/1329522652574885.mp4
carried-forward  2046215799301881 c0  → https://dcfd27564ef899969db9a562c7e1945f.r2.cloudflarestorage.com/2046215799301881.mp4
carried-forward  832059772860621 c0  → https://dcfd27564ef899969db9a562c7e1945f.r2.cloudflarestorage.com/832059772860621.mp4
carried-forward  2230483907768260 c0  → https://dcfd27564ef899969db9a562c7e1945f.r2.cloudflarestorage.com/2230483907768260.mp4
carried-forward  2502975900173757 c0  → https://dcfd27564ef899969db9a562c7e1945f.r2.cloudflarestorage.com/2502975900173757.mp4
carried-forward  27190213957294951 c0  → https://dcfd27564ef899969db9a562c7e1945f.r2.cloudflarestorage.com/27190213957294951.mp4
carried-forward  979539158020932 c0  → https://dcfd27564ef899969db9a562c7e1945f.r2.cloudflarestorage.com/979539158020932.mp4
carried-forward  1003649275414638 c0  → https://dcfd27564ef899969db9a562c7e1945f.r2.cloudflarestorage.com/1003649275414638.mp4
carried-forward  1709927423521021 c0  → https://dcfd27564ef899969db9a562c7e1945f.r2.cloudflarestorage.com/1709927423521021.mp4
carried-forward  1366251452036374 c0  → https://dcfd27564ef899969db9a562c7e1945f.r2.cloudflarestorage.com/1366251452036374.mp4
carried-forward  2443549536146368 c0  → https://dcfd27564ef899969db9a562c7e1945f.r2.cloudflarestorage.com/2443549536146368.mp4
carried-forward  947802114906536 c0  → https://dcfd27564ef899969db9a562c7e1945f.r2.cloudflarestorage.com/947802114906536.mp4
carried-forward  933307746352020 c0  → https://dcfd27564ef899969db9a562c7e1945f.r2.cloudflarestorage.com/933307746352020.mp4
carried-forward  989566713658308 c0  → https://dcfd27564ef899969db9a562c7e1945f.r2.cloudflarestorage.com/989566713658308.mp4
carried-forward  1586155146379829 c0  → https://dcfd27564ef899969db9a562c7e1945f.r2.cloudflarestorage.com/1586155146379829.mp4
carried-forward  1836498971087758 c0  → https://dcfd27564ef899969db9a562c7e1945f.r2.cloudflarestorage.com/1836498971087758.mp4
carried-forward  1004243468673350 c0  → https://dcfd27564ef899969db9a562c7e1945f.r2.cloudflarestorage.com/1004243468673350.mp4
carried-forward  1515028196659572 c0  → https://dcfd27564ef899969db9a562c7e1945f.r2.cloudflarestorage.com/1515028196659572.mp4
carried-forward  2966208757057233 c0  → https://dcfd27564ef899969db9a562c7e1945f.r2.cloudflarestorage.com/2966208757057233.mp4
carried-forward  27025689503764135 c0  → https://dcfd27564ef899969db9a562c7e1945f.r2.cloudflarestorage.com/27025689503764135.mp4
carried-forward  1921299865193505 c0  → https://dcfd27564ef899969db9a562c7e1945f.r2.cloudflarestorage.com/1921299865193505.mp4
carried-forward  1990549078495400 c0  → https://dcfd27564ef899969db9a562c7e1945f.r2.cloudflarestorage.com/1990549078495400.mp4
carried-forward  1715366832977862 c0  → https://dcfd27564ef899969db9a562c7e1945f.r2.cloudflarestorage.com/1715366832977862.mp4
carried-forward  1459277669338335 c0  → https://dcfd27564ef899969db9a562c7e1945f.r2.cloudflarestorage.com/1459277669338335.mp4
carried-forward  1361588702531436 c0  → https://dcfd27564ef899969db9a562c7e1945f.r2.cloudflarestorage.com/1361588702531436.mp4
