# Step 3 run log
# competitor : speakeasy
# started_at : 2026-07-19T21:17:24
# input      : facebook/inputs/fb-ads-speakeasy-2026-07-19-2113.csv
# videos     : facebook/videos/speakeasy-2026-07-19
# master     : facebook/master/speakeasy.csv  (updated)
# enriched   : facebook/inputs/fb-ads-speakeasy-2026-07-19-2113_enriched.csv
# bucket     : video-ads
# public_base: https://pub-893b4a6a607b4221a894bf861da7914e.r2.dev
# dry_run    : False
#
# counts     : {'uploaded': 20, 'carried-forward': 234, 'image-pending': 0, 'video-missing': 5, 'no-creative': 0, 'error': 0}
#
carried-forward  2096925954204563 c0  → https://pub-893b4a6a607b4221a894bf861da7914e.r2.dev/2096925954204563.mp4
carried-forward  2202456460521928 c0  → https://pub-893b4a6a607b4221a894bf861da7914e.r2.dev/2202456460521928.mp4
carried-forward  1329522652574885 c0  → https://pub-893b4a6a607b4221a894bf861da7914e.r2.dev/1329522652574885.mp4
carried-forward  1350528533804193 c0  → https://pub-893b4a6a607b4221a894bf861da7914e.r2.dev/1350528533804193.mp4
video-missing    1350528533804193 c0  (expected file not found in facebook/videos/speakeasy-2026-07-19)
carried-forward  1990549078495400 c0  → https://pub-893b4a6a607b4221a894bf861da7914e.r2.dev/1990549078495400.mp4
carried-forward  1715366832977862 c0  → https://pub-893b4a6a607b4221a894bf861da7914e.r2.dev/1715366832977862.mp4
video-missing    1715366832977862 c0  (expected file not found in facebook/videos/speakeasy-2026-07-19)
carried-forward  1274918781380927 c0  → https://pub-893b4a6a607b4221a894bf861da7914e.r2.dev/1274918781380927.mp4
carried-forward  1509000537534731 c0  → https://pub-893b4a6a607b4221a894bf861da7914e.r2.dev/1509000537534731.mp4
video-missing    1509000537534731 c0  (expected file not found in facebook/videos/speakeasy-2026-07-19)
carried-forward  933307746352020 c0  → https://pub-893b4a6a607b4221a894bf861da7914e.r2.dev/933307746352020.mp4
carried-forward  1758345675330702 c0  → https://pub-893b4a6a607b4221a894bf861da7914e.r2.dev/1758345675330702.mp4
carried-forward  2906298679721315 c0  → https://pub-893b4a6a607b4221a894bf861da7914e.r2.dev/2906298679721315.mp4
carried-forward  1734392771068941 c0  → https://pub-893b4a6a607b4221a894bf861da7914e.r2.dev/1734392771068941.mp4
carried-forward  1535695454763774 c0  → https://pub-893b4a6a607b4221a894bf861da7914e.r2.dev/1535695454763774.mp4
carried-forward  996641986578618 c0  → https://pub-893b4a6a607b4221a894bf861da7914e.r2.dev/996641986578618.mp4
carried-forward  1011965198455335 c0  → https://pub-893b4a6a607b4221a894bf861da7914e.r2.dev/1011965198455335.mp4
video-missing    1011965198455335 c0  (expected file not found in facebook/videos/speakeasy-2026-07-19)
carried-forward  2146898272848405 c0  → https://pub-893b4a6a607b4221a894bf861da7914e.r2.dev/2146898272848405.mp4
carried-forward  2470272863452382 c0  → https://pub-893b4a6a607b4221a894bf861da7914e.r2.dev/2470272863452382.mp4
carried-forward  2227054274738884 c0  → https://pub-893b4a6a607b4221a894bf861da7914e.r2.dev/2227054274738884.mp4
carried-forward  1802246977424820 c0  → https://pub-893b4a6a607b4221a894bf861da7914e.r2.dev/1802246977424820.mp4
video-missing    1802246977424820 c0  (expected file not found in facebook/videos/speakeasy-2026-07-19)
carried-forward  878270771469415 c0  → https://pub-893b4a6a607b4221a894bf861da7914e.r2.dev/878270771469415.mp4
carried-forward  1551354719827011 c0  → https://pub-893b4a6a607b4221a894bf861da7914e.r2.dev/1551354719827011.mp4
carried-forward  1034063345758631 c0  → https://pub-893b4a6a607b4221a894bf861da7914e.r2.dev/1034063345758631.mp4
carried-forward  1000318475941339 c0  → https://pub-893b4a6a607b4221a894bf861da7914e.r2.dev/1000318475941339.mp4
carried-forward  2006263380252771 c0  → https://pub-893b4a6a607b4221a894bf861da7914e.r2.dev/2006263380252771.mp4
carried-forward  3124895651053219 c0  → https://pub-893b4a6a607b4221a894bf861da7914e.r2.dev/3124895651053219.mp4
carried-forward  1010871498599888 c0  → https://pub-893b4a6a607b4221a894bf861da7914e.r2.dev/1010871498599888.mp4
carried-forward  1597341511954866 c0  → https://pub-893b4a6a607b4221a894bf861da7914e.r2.dev/1597341511954866.mp4
carried-forward  1066299185827495 c0  → https://pub-893b4a6a607b4221a894bf861da7914e.r2.dev/1066299185827495.mp4
carried-forward  1255180603194330 c0  → https://pub-893b4a6a607b4221a894bf861da7914e.r2.dev/1255180603194330.mp4
carried-forward  1386286703413839 c0  → https://pub-893b4a6a607b4221a894bf861da7914e.r2.dev/1386286703413839.mp4
carried-forward  1798531068186834 c0  → https://pub-893b4a6a607b4221a894bf861da7914e.r2.dev/1798531068186834.mp4
carried-forward  27828393366752661 c0  → https://pub-893b4a6a607b4221a894bf861da7914e.r2.dev/27828393366752661.mp4
carried-forward  1964307320952705 c0  → https://pub-893b4a6a607b4221a894bf861da7914e.r2.dev/1964307320952705.mp4
carried-forward  27750642057957688 c0  → https://pub-893b4a6a607b4221a894bf861da7914e.r2.dev/27750642057957688.mp4
carried-forward  925325953929207 c0  → https://pub-893b4a6a607b4221a894bf861da7914e.r2.dev/925325953929207.mp4
carried-forward  956122300785435 c0  → https://pub-893b4a6a607b4221a894bf861da7914e.r2.dev/956122300785435.mp4
carried-forward  901376378990412 c0  → https://pub-893b4a6a607b4221a894bf861da7914e.r2.dev/901376378990412.mp4
carried-forward  1663957771359820 c0  → https://pub-893b4a6a607b4221a894bf861da7914e.r2.dev/1663957771359820.mp4
carried-forward  1556972895267408 c0  → https://pub-893b4a6a607b4221a894bf861da7914e.r2.dev/1556972895267408.mp4
carried-forward  1056256433746398 c0  → https://pub-893b4a6a607b4221a894bf861da7914e.r2.dev/1056256433746398.mp4
carried-forward  1617773846661457 c0  → https://pub-893b4a6a607b4221a894bf861da7914e.r2.dev/1617773846661457.mp4
carried-forward  2065947900961631 c0  → https://pub-893b4a6a607b4221a894bf861da7914e.r2.dev/2065947900961631.mp4
carried-forward  1213162864256094 c0  → https://pub-893b4a6a607b4221a894bf861da7914e.r2.dev/1213162864256094.mp4
carried-forward  1717069239596440 c0  → https://pub-893b4a6a607b4221a894bf861da7914e.r2.dev/1717069239596440.mp4
carried-forward  1355847972655919 c0  → https://pub-893b4a6a607b4221a894bf861da7914e.r2.dev/1355847972655919.mp4
carried-forward  1610600343761377 c0  → https://pub-893b4a6a607b4221a894bf861da7914e.r2.dev/1610600343761377.mp4
carried-forward  1775597420545602 c0  → https://pub-893b4a6a607b4221a894bf861da7914e.r2.dev/1775597420545602.mp4
carried-forward  1650969065965046 c0  → https://pub-893b4a6a607b4221a894bf861da7914e.r2.dev/1650969065965046.mp4
carried-forward  1670326970721443 c0  → https://pub-893b4a6a607b4221a894bf861da7914e.r2.dev/1670326970721443.mp4
carried-forward  995889549913608 c0  → https://pub-893b4a6a607b4221a894bf861da7914e.r2.dev/995889549913608.mp4
carried-forward  2232335177513132 c0  → https://pub-893b4a6a607b4221a894bf861da7914e.r2.dev/2232335177513132.mp4
carried-forward  1512408050210939 c0  → https://pub-893b4a6a607b4221a894bf861da7914e.r2.dev/1512408050210939.mp4
carried-forward  1525791231931583 c0  → https://pub-893b4a6a607b4221a894bf861da7914e.r2.dev/1525791231931583.mp4
carried-forward  1634383475355754 c0  → https://pub-893b4a6a607b4221a894bf861da7914e.r2.dev/1634383475355754.mp4
carried-forward  1447615700720112 c0  → https://pub-893b4a6a607b4221a894bf861da7914e.r2.dev/1447615700720112.mp4
carried-forward  1070609361989779 c0  → https://pub-893b4a6a607b4221a894bf861da7914e.r2.dev/1070609361989779.mp4
carried-forward  1983543708995810 c0  → https://pub-893b4a6a607b4221a894bf861da7914e.r2.dev/1983543708995810.mp4
carried-forward  1330555632620802 c0  → https://pub-893b4a6a607b4221a894bf861da7914e.r2.dev/1330555632620802.mp4
carried-forward  785082348027489 c0  → https://pub-893b4a6a607b4221a894bf861da7914e.r2.dev/785082348027489.mp4
carried-forward  2460452854444418 c0  → https://pub-893b4a6a607b4221a894bf861da7914e.r2.dev/2460452854444418.mp4
carried-forward  899918089823930 c0  → https://pub-893b4a6a607b4221a894bf861da7914e.r2.dev/899918089823930.mp4
carried-forward  1563626482031128 c0  → https://pub-893b4a6a607b4221a894bf861da7914e.r2.dev/1563626482031128.mp4
carried-forward  1718925022376334 c0  → https://pub-893b4a6a607b4221a894bf861da7914e.r2.dev/1718925022376334.mp4
carried-forward  1543083287349880 c0  → https://pub-893b4a6a607b4221a894bf861da7914e.r2.dev/1543083287349880.mp4
carried-forward  1353409463029789 c0  → https://pub-893b4a6a607b4221a894bf861da7914e.r2.dev/1353409463029789.mp4
carried-forward  1992497424715568 c0  → https://pub-893b4a6a607b4221a894bf861da7914e.r2.dev/1992497424715568.mp4
carried-forward  868586519313806 c0  → https://pub-893b4a6a607b4221a894bf861da7914e.r2.dev/868586519313806.mp4
carried-forward  1040958635122079 c0  → https://pub-893b4a6a607b4221a894bf861da7914e.r2.dev/1040958635122079.mp4
carried-forward  1904138763600988 c0  → https://pub-893b4a6a607b4221a894bf861da7914e.r2.dev/1904138763600988.mp4
carried-forward  1033842315799737 c0  → https://pub-893b4a6a607b4221a894bf861da7914e.r2.dev/1033842315799737.mp4
carried-forward  4506172943001637 c0  → https://pub-893b4a6a607b4221a894bf861da7914e.r2.dev/4506172943001637.mp4
carried-forward  27562531213387323 c0  → https://pub-893b4a6a607b4221a894bf861da7914e.r2.dev/27562531213387323.mp4
carried-forward  1112468758108066 c0  → https://pub-893b4a6a607b4221a894bf861da7914e.r2.dev/1112468758108066.mp4
carried-forward  1778444516859322 c0  → https://pub-893b4a6a607b4221a894bf861da7914e.r2.dev/1778444516859322.mp4
carried-forward  1549896656617582 c0  → https://pub-893b4a6a607b4221a894bf861da7914e.r2.dev/1549896656617582.mp4
carried-forward  2981801628827874 c0  → https://pub-893b4a6a607b4221a894bf861da7914e.r2.dev/2981801628827874.mp4
carried-forward  1583596219859217 c0  → https://pub-893b4a6a607b4221a894bf861da7914e.r2.dev/1583596219859217.mp4
carried-forward  1659873671748680 c0  → https://pub-893b4a6a607b4221a894bf861da7914e.r2.dev/1659873671748680.mp4
carried-forward  1499963024768541 c0  → https://pub-893b4a6a607b4221a894bf861da7914e.r2.dev/1499963024768541.mp4
carried-forward  1037724192299018 c0  → https://pub-893b4a6a607b4221a894bf861da7914e.r2.dev/1037724192299018.mp4
carried-forward  2073646236565398 c0  → https://pub-893b4a6a607b4221a894bf861da7914e.r2.dev/2073646236565398.mp4
carried-forward  1361479879293765 c0  → https://pub-893b4a6a607b4221a894bf861da7914e.r2.dev/1361479879293765.mp4
carried-forward  1380496350646536 c0  → https://pub-893b4a6a607b4221a894bf861da7914e.r2.dev/1380496350646536.mp4
carried-forward  27598820129752645 c0  → https://pub-893b4a6a607b4221a894bf861da7914e.r2.dev/27598820129752645.mp4
carried-forward  3215709351956671 c0  → https://pub-893b4a6a607b4221a894bf861da7914e.r2.dev/3215709351956671.mp4
carried-forward  1029659046465670 c0  → https://pub-893b4a6a607b4221a894bf861da7914e.r2.dev/1029659046465670.mp4
carried-forward  4375666339244427 c0  → https://pub-893b4a6a607b4221a894bf861da7914e.r2.dev/4375666339244427.mp4
carried-forward  1402490118667543 c0  → https://pub-893b4a6a607b4221a894bf861da7914e.r2.dev/1402490118667543.mp4
carried-forward  1084513130899501 c0  → https://pub-893b4a6a607b4221a894bf861da7914e.r2.dev/1084513130899501.mp4
carried-forward  4116405885159075 c0  → https://pub-893b4a6a607b4221a894bf861da7914e.r2.dev/4116405885159075.mp4
carried-forward  1342870691315926 c0  → https://pub-893b4a6a607b4221a894bf861da7914e.r2.dev/1342870691315926.mp4
carried-forward  1478121844330765 c0  → https://pub-893b4a6a607b4221a894bf861da7914e.r2.dev/1478121844330765.mp4
carried-forward  27921003047493584 c0  → https://pub-893b4a6a607b4221a894bf861da7914e.r2.dev/27921003047493584.mp4
carried-forward  1303737575111957 c0  → https://pub-893b4a6a607b4221a894bf861da7914e.r2.dev/1303737575111957.mp4
carried-forward  870431506136433 c0  → https://pub-893b4a6a607b4221a894bf861da7914e.r2.dev/870431506136433.mp4
carried-forward  1654998238907612 c0  → https://pub-893b4a6a607b4221a894bf861da7914e.r2.dev/1654998238907612.mp4
carried-forward  1054729137123373 c0  → https://pub-893b4a6a607b4221a894bf861da7914e.r2.dev/1054729137123373.mp4
carried-forward  2431771597326411 c0  → https://pub-893b4a6a607b4221a894bf861da7914e.r2.dev/2431771597326411.mp4
carried-forward  2135284163719709 c0  → https://pub-893b4a6a607b4221a894bf861da7914e.r2.dev/2135284163719709.mp4
carried-forward  4137368463234062 c0  → https://pub-893b4a6a607b4221a894bf861da7914e.r2.dev/4137368463234062.mp4
carried-forward  1357140435751039 c0  → https://pub-893b4a6a607b4221a894bf861da7914e.r2.dev/1357140435751039.mp4
carried-forward  1066183792501004 c0  → https://pub-893b4a6a607b4221a894bf861da7914e.r2.dev/1066183792501004.mp4
carried-forward  999068833168042 c0  → https://pub-893b4a6a607b4221a894bf861da7914e.r2.dev/999068833168042.mp4
carried-forward  1705285737350413 c0  → https://pub-893b4a6a607b4221a894bf861da7914e.r2.dev/1705285737350413.mp4
carried-forward  1362316715964547 c0  → https://pub-893b4a6a607b4221a894bf861da7914e.r2.dev/1362316715964547.mp4
carried-forward  27512304731744411 c0  → https://pub-893b4a6a607b4221a894bf861da7914e.r2.dev/27512304731744411.mp4
carried-forward  1055436974107996 c0  → https://pub-893b4a6a607b4221a894bf861da7914e.r2.dev/1055436974107996.mp4
carried-forward  2248194406009167 c0  → https://pub-893b4a6a607b4221a894bf861da7914e.r2.dev/2248194406009167.mp4
carried-forward  2226662084803365 c0  → https://pub-893b4a6a607b4221a894bf861da7914e.r2.dev/2226662084803365.mp4
carried-forward  2002394963735493 c0  → https://pub-893b4a6a607b4221a894bf861da7914e.r2.dev/2002394963735493.mp4
carried-forward  1492675395993855 c0  → https://pub-893b4a6a607b4221a894bf861da7914e.r2.dev/1492675395993855.mp4
carried-forward  1081124217929241 c0  → https://pub-893b4a6a607b4221a894bf861da7914e.r2.dev/1081124217929241.mp4
carried-forward  1717208469320265 c0  → https://pub-893b4a6a607b4221a894bf861da7914e.r2.dev/1717208469320265.mp4
carried-forward  1993153061392447 c0  → https://pub-893b4a6a607b4221a894bf861da7914e.r2.dev/1993153061392447.mp4
carried-forward  1464541722385449 c0  → https://pub-893b4a6a607b4221a894bf861da7914e.r2.dev/1464541722385449.mp4
carried-forward  997470139997168 c0  → https://pub-893b4a6a607b4221a894bf861da7914e.r2.dev/997470139997168.mp4
carried-forward  957822183946180 c0  → https://pub-893b4a6a607b4221a894bf861da7914e.r2.dev/957822183946180.mp4
carried-forward  1054160663658720 c0  → https://pub-893b4a6a607b4221a894bf861da7914e.r2.dev/1054160663658720.mp4
carried-forward  1020384090623842 c0  → https://pub-893b4a6a607b4221a894bf861da7914e.r2.dev/1020384090623842.mp4
carried-forward  1589002279309266 c0  → https://pub-893b4a6a607b4221a894bf861da7914e.r2.dev/1589002279309266.mp4
carried-forward  1524986729314158 c0  → https://pub-893b4a6a607b4221a894bf861da7914e.r2.dev/1524986729314158.mp4
carried-forward  1376852210992057 c0  → https://pub-893b4a6a607b4221a894bf861da7914e.r2.dev/1376852210992057.mp4
carried-forward  1694053591826771 c0  → https://pub-893b4a6a607b4221a894bf861da7914e.r2.dev/1694053591826771.mp4
carried-forward  5184229675127738 c0  → https://pub-893b4a6a607b4221a894bf861da7914e.r2.dev/5184229675127738.mp4
carried-forward  1035680955613280 c0  → https://pub-893b4a6a607b4221a894bf861da7914e.r2.dev/1035680955613280.mp4
carried-forward  1364373992464819 c0  → https://pub-893b4a6a607b4221a894bf861da7914e.r2.dev/1364373992464819.mp4
carried-forward  27725057577135336 c0  → https://pub-893b4a6a607b4221a894bf861da7914e.r2.dev/27725057577135336.mp4
carried-forward  1064893572625582 c0  → https://pub-893b4a6a607b4221a894bf861da7914e.r2.dev/1064893572625582.mp4
carried-forward  1044336857968230 c0  → https://pub-893b4a6a607b4221a894bf861da7914e.r2.dev/1044336857968230.mp4
carried-forward  1335877768703085 c0  → https://pub-893b4a6a607b4221a894bf861da7914e.r2.dev/1335877768703085.mp4
carried-forward  1727996838303209 c0  → https://pub-893b4a6a607b4221a894bf861da7914e.r2.dev/1727996838303209.mp4
carried-forward  3528906517282565 c0  → https://pub-893b4a6a607b4221a894bf861da7914e.r2.dev/3528906517282565.mp4
carried-forward  1019421464275231 c0  → https://pub-893b4a6a607b4221a894bf861da7914e.r2.dev/1019421464275231.mp4
carried-forward  1721491689054463 c0  → https://pub-893b4a6a607b4221a894bf861da7914e.r2.dev/1721491689054463.mp4
carried-forward  1021402687424557 c0  → https://pub-893b4a6a607b4221a894bf861da7914e.r2.dev/1021402687424557.mp4
carried-forward  1397709455539400 c0  → https://pub-893b4a6a607b4221a894bf861da7914e.r2.dev/1397709455539400.mp4
carried-forward  1350382949851599 c0  → https://pub-893b4a6a607b4221a894bf861da7914e.r2.dev/1350382949851599.mp4
carried-forward  1585689429601158 c0  → https://pub-893b4a6a607b4221a894bf861da7914e.r2.dev/1585689429601158.mp4
carried-forward  920211211089397 c0  → https://pub-893b4a6a607b4221a894bf861da7914e.r2.dev/920211211089397.mp4
uploaded         1677269356687997 c0  (video) ← 1677269356687997.mp4  → https://pub-893b4a6a607b4221a894bf861da7914e.r2.dev/1677269356687997.mp4
carried-forward  2278851326194682 c0  → https://pub-893b4a6a607b4221a894bf861da7914e.r2.dev/2278851326194682.mp4
carried-forward  1349926359876602 c0  → https://pub-893b4a6a607b4221a894bf861da7914e.r2.dev/1349926359876602.mp4
carried-forward  1607286517667851 c0  → https://pub-893b4a6a607b4221a894bf861da7914e.r2.dev/1607286517667851.mp4
carried-forward  895818792987870 c0  → https://pub-893b4a6a607b4221a894bf861da7914e.r2.dev/895818792987870.mp4
carried-forward  1041931594970809 c0  → https://pub-893b4a6a607b4221a894bf861da7914e.r2.dev/1041931594970809.mp4
carried-forward  1033439749547804 c0  → https://pub-893b4a6a607b4221a894bf861da7914e.r2.dev/1033439749547804.mp4
carried-forward  3927891684009827 c0  → https://pub-893b4a6a607b4221a894bf861da7914e.r2.dev/3927891684009827.mp4
carried-forward  1449054330313722 c0  → https://pub-893b4a6a607b4221a894bf861da7914e.r2.dev/1449054330313722.mp4
uploaded         1602048658304870 c0  (video) ← 1602048658304870.mp4  → https://pub-893b4a6a607b4221a894bf861da7914e.r2.dev/1602048658304870.mp4
carried-forward  1396404649339448 c0  → https://pub-893b4a6a607b4221a894bf861da7914e.r2.dev/1396404649339448.mp4
carried-forward  1554733572195634 c0  → https://pub-893b4a6a607b4221a894bf861da7914e.r2.dev/1554733572195634.mp4
carried-forward  853763510945116 c0  → https://pub-893b4a6a607b4221a894bf861da7914e.r2.dev/853763510945116.mp4
carried-forward  1929119147800976 c0  → https://pub-893b4a6a607b4221a894bf861da7914e.r2.dev/1929119147800976.mp4
carried-forward  1057728757198548 c0  → https://pub-893b4a6a607b4221a894bf861da7914e.r2.dev/1057728757198548.mp4
carried-forward  1900086777614306 c0  → https://pub-893b4a6a607b4221a894bf861da7914e.r2.dev/1900086777614306.mp4
carried-forward  3640438499428325 c0  → https://pub-893b4a6a607b4221a894bf861da7914e.r2.dev/3640438499428325.mp4
carried-forward  1362632632497983 c0  → https://pub-893b4a6a607b4221a894bf861da7914e.r2.dev/1362632632497983.mp4
uploaded         1027050646734826 c0  (video) ← 1027050646734826.mp4  → https://pub-893b4a6a607b4221a894bf861da7914e.r2.dev/1027050646734826.mp4
uploaded         1554630476061544 c0  (video) ← 1554630476061544.mp4  → https://pub-893b4a6a607b4221a894bf861da7914e.r2.dev/1554630476061544.mp4
carried-forward  1668379277593178 c0  → https://pub-893b4a6a607b4221a894bf861da7914e.r2.dev/1668379277593178.mp4
carried-forward  2072750159989266 c0  → https://pub-893b4a6a607b4221a894bf861da7914e.r2.dev/2072750159989266.mp4
uploaded         2101709597049894 c0  (video) ← 2101709597049894.mp4  → https://pub-893b4a6a607b4221a894bf861da7914e.r2.dev/2101709597049894.mp4
carried-forward  1064272912597870 c0  → https://pub-893b4a6a607b4221a894bf861da7914e.r2.dev/1064272912597870.mp4
carried-forward  1356156446443110 c0  → https://pub-893b4a6a607b4221a894bf861da7914e.r2.dev/1356156446443110.mp4
uploaded         1938238016887323 c0  (video) ← 1938238016887323.mp4  → https://pub-893b4a6a607b4221a894bf861da7914e.r2.dev/1938238016887323.mp4
carried-forward  1736496840880345 c0  → https://pub-893b4a6a607b4221a894bf861da7914e.r2.dev/1736496840880345.mp4
uploaded         2169960647289931 c0  (video) ← 2169960647289931.mp4  → https://pub-893b4a6a607b4221a894bf861da7914e.r2.dev/2169960647289931.mp4
uploaded         3314484085398495 c0  (video) ← 3314484085398495.mp4  → https://pub-893b4a6a607b4221a894bf861da7914e.r2.dev/3314484085398495.mp4
carried-forward  2500749797087787 c0  → https://pub-893b4a6a607b4221a894bf861da7914e.r2.dev/2500749797087787.mp4
uploaded         2588790301556027 c0  (video) ← 2588790301556027.mp4  → https://pub-893b4a6a607b4221a894bf861da7914e.r2.dev/2588790301556027.mp4
carried-forward  1528205468796975 c0  → https://pub-893b4a6a607b4221a894bf861da7914e.r2.dev/1528205468796975.mp4
carried-forward  1229149502597052 c0  → https://pub-893b4a6a607b4221a894bf861da7914e.r2.dev/1229149502597052.mp4
carried-forward  1919560042076614 c0  → https://pub-893b4a6a607b4221a894bf861da7914e.r2.dev/1919560042076614.mp4
uploaded         1293685430486442 c0  (video) ← 1293685430486442.mp4  → https://pub-893b4a6a607b4221a894bf861da7914e.r2.dev/1293685430486442.mp4
carried-forward  2236501443806601 c0  → https://pub-893b4a6a607b4221a894bf861da7914e.r2.dev/2236501443806601.mp4
uploaded         1034338055845884 c0  (video) ← 1034338055845884.mp4  → https://pub-893b4a6a607b4221a894bf861da7914e.r2.dev/1034338055845884.mp4
uploaded         1353570046966025 c0  (video) ← 1353570046966025.mp4  → https://pub-893b4a6a607b4221a894bf861da7914e.r2.dev/1353570046966025.mp4
uploaded         1438538771644480 c0  (video) ← 1438538771644480.mp4  → https://pub-893b4a6a607b4221a894bf861da7914e.r2.dev/1438538771644480.mp4
uploaded         1046482351472886 c0  (video) ← 1046482351472886.mp4  → https://pub-893b4a6a607b4221a894bf861da7914e.r2.dev/1046482351472886.mp4
carried-forward  2880427788970614 c0  → https://pub-893b4a6a607b4221a894bf861da7914e.r2.dev/2880427788970614.mp4
carried-forward  1528110579110634 c0  → https://pub-893b4a6a607b4221a894bf861da7914e.r2.dev/1528110579110634.mp4
uploaded         2374722406633145 c0  (video) ← 2374722406633145.mp4  → https://pub-893b4a6a607b4221a894bf861da7914e.r2.dev/2374722406633145.mp4
uploaded         1015470974813679 c0  (video) ← 1015470974813679.mp4  → https://pub-893b4a6a607b4221a894bf861da7914e.r2.dev/1015470974813679.mp4
uploaded         1572884764622000 c0  (video) ← 1572884764622000.mp4  → https://pub-893b4a6a607b4221a894bf861da7914e.r2.dev/1572884764622000.mp4
carried-forward  2130006660893883 c0  → https://pub-893b4a6a607b4221a894bf861da7914e.r2.dev/2130006660893883.mp4
carried-forward  1463749675789398 c0  → https://pub-893b4a6a607b4221a894bf861da7914e.r2.dev/1463749675789398.mp4
carried-forward  1673162450612849 c0  → https://pub-893b4a6a607b4221a894bf861da7914e.r2.dev/1673162450612849.mp4
carried-forward  1058226886636463 c0  → https://pub-893b4a6a607b4221a894bf861da7914e.r2.dev/1058226886636463.mp4
carried-forward  855296810779289 c0  → https://pub-893b4a6a607b4221a894bf861da7914e.r2.dev/855296810779289.mp4
carried-forward  1069191188947603 c0  → https://pub-893b4a6a607b4221a894bf861da7914e.r2.dev/1069191188947603.mp4
carried-forward  1029455203012900 c0  → https://pub-893b4a6a607b4221a894bf861da7914e.r2.dev/1029455203012900.mp4
carried-forward  1897827627798174 c0  → https://pub-893b4a6a607b4221a894bf861da7914e.r2.dev/1897827627798174.mp4
carried-forward  1032641019352172 c0  → https://pub-893b4a6a607b4221a894bf861da7914e.r2.dev/1032641019352172.mp4
carried-forward  1050866170799601 c0  → https://pub-893b4a6a607b4221a894bf861da7914e.r2.dev/1050866170799601.mp4
carried-forward  1412647554039330 c0  → https://pub-893b4a6a607b4221a894bf861da7914e.r2.dev/1412647554039330.mp4
carried-forward  2499997880469597 c0  → https://pub-893b4a6a607b4221a894bf861da7914e.r2.dev/2499997880469597.mp4
carried-forward  4644314202467194 c0  → https://pub-893b4a6a607b4221a894bf861da7914e.r2.dev/4644314202467194.mp4
carried-forward  1056293530224171 c0  → https://pub-893b4a6a607b4221a894bf861da7914e.r2.dev/1056293530224171.mp4
carried-forward  1057213243318370 c0  → https://pub-893b4a6a607b4221a894bf861da7914e.r2.dev/1057213243318370.mp4
carried-forward  1034469596233917 c0  → https://pub-893b4a6a607b4221a894bf861da7914e.r2.dev/1034469596233917.mp4
carried-forward  1603635734521722 c0  → https://pub-893b4a6a607b4221a894bf861da7914e.r2.dev/1603635734521722.mp4
carried-forward  1322318293304717 c0  → https://pub-893b4a6a607b4221a894bf861da7914e.r2.dev/1322318293304717.mp4
carried-forward  1761194331719175 c0  → https://pub-893b4a6a607b4221a894bf861da7914e.r2.dev/1761194331719175.mp4
carried-forward  1377604661154060 c0  → https://pub-893b4a6a607b4221a894bf861da7914e.r2.dev/1377604661154060.mp4
carried-forward  2047198496167413 c0  → https://pub-893b4a6a607b4221a894bf861da7914e.r2.dev/2047198496167413.mp4
uploaded         1578905517159149 c0  (video) ← 1578905517159149.mp4  → https://pub-893b4a6a607b4221a894bf861da7914e.r2.dev/1578905517159149.mp4
carried-forward  1950067782367666 c0  → https://pub-893b4a6a607b4221a894bf861da7914e.r2.dev/1950067782367666.mp4
carried-forward  1074601038230313 c0  → https://pub-893b4a6a607b4221a894bf861da7914e.r2.dev/1074601038230313.mp4
carried-forward  3439704236209622 c0  → https://pub-893b4a6a607b4221a894bf861da7914e.r2.dev/3439704236209622.mp4
carried-forward  1516084419695013 c0  → https://pub-893b4a6a607b4221a894bf861da7914e.r2.dev/1516084419695013.mp4
carried-forward  1061431826449614 c0  → https://pub-893b4a6a607b4221a894bf861da7914e.r2.dev/1061431826449614.mp4
carried-forward  1519284906068546 c0  → https://pub-893b4a6a607b4221a894bf861da7914e.r2.dev/1519284906068546.mp4
carried-forward  1008391618640888 c0  → https://pub-893b4a6a607b4221a894bf861da7914e.r2.dev/1008391618640888.mp4
carried-forward  1765569054456251 c0  → https://pub-893b4a6a607b4221a894bf861da7914e.r2.dev/1765569054456251.mp4
carried-forward  2939754649700233 c0  → https://pub-893b4a6a607b4221a894bf861da7914e.r2.dev/2939754649700233.mp4
carried-forward  1126194139965880 c0  → https://pub-893b4a6a607b4221a894bf861da7914e.r2.dev/1126194139965880.mp4
carried-forward  1272833878103835 c0  → https://pub-893b4a6a607b4221a894bf861da7914e.r2.dev/1272833878103835.mp4
carried-forward  27568309642777360 c0  → https://pub-893b4a6a607b4221a894bf861da7914e.r2.dev/27568309642777360.mp4
carried-forward  1343865587376876 c0  → https://pub-893b4a6a607b4221a894bf861da7914e.r2.dev/1343865587376876.mp4
carried-forward  1597637125052513 c0  → https://pub-893b4a6a607b4221a894bf861da7914e.r2.dev/1597637125052513.mp4
carried-forward  1405896654712284 c0  → https://pub-893b4a6a607b4221a894bf861da7914e.r2.dev/1405896654712284.mp4
carried-forward  4785095235051209 c0  → https://pub-893b4a6a607b4221a894bf861da7914e.r2.dev/4785095235051209.mp4
uploaded         1050024200886061 c0  (video) ← 1050024200886061.mp4  → https://pub-893b4a6a607b4221a894bf861da7914e.r2.dev/1050024200886061.mp4
carried-forward  2015317922420093 c0  → https://pub-893b4a6a607b4221a894bf861da7914e.r2.dev/2015317922420093.mp4
carried-forward  2167785470669101 c0  → https://pub-893b4a6a607b4221a894bf861da7914e.r2.dev/2167785470669101.mp4
carried-forward  1660811185666077 c0  → https://pub-893b4a6a607b4221a894bf861da7914e.r2.dev/1660811185666077.mp4
carried-forward  1431209032174340 c0  → https://pub-893b4a6a607b4221a894bf861da7914e.r2.dev/1431209032174340.mp4
carried-forward  27815415298084440 c0  → https://pub-893b4a6a607b4221a894bf861da7914e.r2.dev/27815415298084440.mp4
uploaded         28614403684817014 c0  (video) ← 28614403684817014.mp4  → https://pub-893b4a6a607b4221a894bf861da7914e.r2.dev/28614403684817014.mp4
carried-forward  1573799770762054 c0  → https://pub-893b4a6a607b4221a894bf861da7914e.r2.dev/1573799770762054.mp4
carried-forward  1184386010520083 c0  → https://pub-893b4a6a607b4221a894bf861da7914e.r2.dev/1184386010520083.mp4
carried-forward  1912406996383214 c0  → https://pub-893b4a6a607b4221a894bf861da7914e.r2.dev/1912406996383214.mp4
carried-forward  2087987378472161 c0  → https://pub-893b4a6a607b4221a894bf861da7914e.r2.dev/2087987378472161.mp4
carried-forward  1377141237621817 c0  → https://pub-893b4a6a607b4221a894bf861da7914e.r2.dev/1377141237621817.mp4
carried-forward  1896860787628995 c0  → https://pub-893b4a6a607b4221a894bf861da7914e.r2.dev/1896860787628995.mp4
carried-forward  2762734147432390 c0  → https://pub-893b4a6a607b4221a894bf861da7914e.r2.dev/2762734147432390.mp4
carried-forward  2201754610603677 c0  → https://pub-893b4a6a607b4221a894bf861da7914e.r2.dev/2201754610603677.mp4
carried-forward  1269756885082342 c0  → https://pub-893b4a6a607b4221a894bf861da7914e.r2.dev/1269756885082342.mp4
carried-forward  1002881702575195 c0  → https://pub-893b4a6a607b4221a894bf861da7914e.r2.dev/1002881702575195.mp4
carried-forward  2222256028347224 c0  → https://pub-893b4a6a607b4221a894bf861da7914e.r2.dev/2222256028347224.mp4
carried-forward  2485639215236433 c0  → https://pub-893b4a6a607b4221a894bf861da7914e.r2.dev/2485639215236433.mp4
carried-forward  958018013919547 c0  → https://pub-893b4a6a607b4221a894bf861da7914e.r2.dev/958018013919547.mp4
carried-forward  1593444748791575 c0  → https://pub-893b4a6a607b4221a894bf861da7914e.r2.dev/1593444748791575.mp4
carried-forward  2324155347991756 c0  → https://pub-893b4a6a607b4221a894bf861da7914e.r2.dev/2324155347991756.mp4
carried-forward  2104101840175793 c0  → https://pub-893b4a6a607b4221a894bf861da7914e.r2.dev/2104101840175793.mp4
carried-forward  1028227123019537 c0  → https://pub-893b4a6a607b4221a894bf861da7914e.r2.dev/1028227123019537.mp4
carried-forward  1933230364052576 c0  → https://pub-893b4a6a607b4221a894bf861da7914e.r2.dev/1933230364052576.mp4
carried-forward  2255971488490731 c0  → https://pub-893b4a6a607b4221a894bf861da7914e.r2.dev/2255971488490731.mp4
carried-forward  1335940752069497 c0  → https://pub-893b4a6a607b4221a894bf861da7914e.r2.dev/1335940752069497.mp4
carried-forward  1541429747659431 c0  → https://pub-893b4a6a607b4221a894bf861da7914e.r2.dev/1541429747659431.mp4
carried-forward  1816399399768731 c0  → https://pub-893b4a6a607b4221a894bf861da7914e.r2.dev/1816399399768731.mp4
carried-forward  1671805693873767 c0  → https://pub-893b4a6a607b4221a894bf861da7914e.r2.dev/1671805693873767.mp4
carried-forward  1744287289933298 c0  → https://pub-893b4a6a607b4221a894bf861da7914e.r2.dev/1744287289933298.mp4
carried-forward  2556561588118842 c0  → https://pub-893b4a6a607b4221a894bf861da7914e.r2.dev/2556561588118842.mp4
