# Step 3 run log
# competitor : speakeasy
# started_at : 2026-07-14T13:50:24
# input      : facebook/inputs/fb-ads-speakeasy-2026-07-14-1345.csv
# videos     : facebook/videos/speakeasy-2026-07-14
# master     : facebook/master/speakeasy.csv  (updated)
# enriched   : facebook/inputs/fb-ads-speakeasy-2026-07-14-1345_enriched.csv
# bucket     : video-ads
# public_base: https://pub-893b4a6a607b4221a894bf861da7914e.r2.dev
# dry_run    : False
#
# counts     : {'uploaded': 63, 'carried-forward': 175, 'image-pending': 0, 'video-missing': 7, 'no-creative': 0, 'error': 0}
#
carried-forward  2096925954204563 c0  → https://pub-893b4a6a607b4221a894bf861da7914e.r2.dev/2096925954204563.mp4
carried-forward  2202456460521928 c0  → https://pub-893b4a6a607b4221a894bf861da7914e.r2.dev/2202456460521928.mp4
carried-forward  1329522652574885 c0  → https://pub-893b4a6a607b4221a894bf861da7914e.r2.dev/1329522652574885.mp4
carried-forward  1350528533804193 c0  → https://pub-893b4a6a607b4221a894bf861da7914e.r2.dev/1350528533804193.mp4
video-missing    1350528533804193 c0  (expected file not found in facebook/videos/speakeasy-2026-07-14)
carried-forward  2230483907768260 c0  → https://pub-893b4a6a607b4221a894bf861da7914e.r2.dev/2230483907768260.mp4
carried-forward  27190213957294951 c0  → https://pub-893b4a6a607b4221a894bf861da7914e.r2.dev/27190213957294951.mp4
carried-forward  1990549078495400 c0  → https://pub-893b4a6a607b4221a894bf861da7914e.r2.dev/1990549078495400.mp4
carried-forward  1715366832977862 c0  → https://pub-893b4a6a607b4221a894bf861da7914e.r2.dev/1715366832977862.mp4
video-missing    1715366832977862 c0  (expected file not found in facebook/videos/speakeasy-2026-07-14)
carried-forward  2443549536146368 c0  → https://pub-893b4a6a607b4221a894bf861da7914e.r2.dev/2443549536146368.mp4
carried-forward  1515028196659572 c0  → https://pub-893b4a6a607b4221a894bf861da7914e.r2.dev/1515028196659572.mp4
carried-forward  1274918781380927 c0  → https://pub-893b4a6a607b4221a894bf861da7914e.r2.dev/1274918781380927.mp4
carried-forward  933307746352020 c0  → https://pub-893b4a6a607b4221a894bf861da7914e.r2.dev/933307746352020.mp4
carried-forward  1846633682964760 c0  → https://pub-893b4a6a607b4221a894bf861da7914e.r2.dev/1846633682964760.mp4
carried-forward  1004243468673350 c0  → https://pub-893b4a6a607b4221a894bf861da7914e.r2.dev/1004243468673350.mp4
carried-forward  1509000537534731 c0  → https://pub-893b4a6a607b4221a894bf861da7914e.r2.dev/1509000537534731.mp4
video-missing    1509000537534731 c0  (expected file not found in facebook/videos/speakeasy-2026-07-14)
carried-forward  1758345675330702 c0  → https://pub-893b4a6a607b4221a894bf861da7914e.r2.dev/1758345675330702.mp4
carried-forward  979290208277494 c0  → https://pub-893b4a6a607b4221a894bf861da7914e.r2.dev/979290208277494.mp4
carried-forward  2906298679721315 c0  → https://pub-893b4a6a607b4221a894bf861da7914e.r2.dev/2906298679721315.mp4
carried-forward  1734392771068941 c0  → https://pub-893b4a6a607b4221a894bf861da7914e.r2.dev/1734392771068941.mp4
carried-forward  1324292329831050 c0  → https://pub-893b4a6a607b4221a894bf861da7914e.r2.dev/1324292329831050.mp4
carried-forward  1535695454763774 c0  → https://pub-893b4a6a607b4221a894bf861da7914e.r2.dev/1535695454763774.mp4
carried-forward  1011965198455335 c0  → https://pub-893b4a6a607b4221a894bf861da7914e.r2.dev/1011965198455335.mp4
video-missing    1011965198455335 c0  (expected file not found in facebook/videos/speakeasy-2026-07-14)
carried-forward  27378272641859957 c0  → https://pub-893b4a6a607b4221a894bf861da7914e.r2.dev/27378272641859957.mp4
carried-forward  2541924189593676 c0  → https://pub-893b4a6a607b4221a894bf861da7914e.r2.dev/2541924189593676.mp4
carried-forward  2245734962626860 c0  → https://pub-893b4a6a607b4221a894bf861da7914e.r2.dev/2245734962626860.mp4
carried-forward  1802246977424820 c0  → https://pub-893b4a6a607b4221a894bf861da7914e.r2.dev/1802246977424820.mp4
video-missing    1802246977424820 c0  (expected file not found in facebook/videos/speakeasy-2026-07-14)
carried-forward  996641986578618 c0  → https://pub-893b4a6a607b4221a894bf861da7914e.r2.dev/996641986578618.mp4
carried-forward  1706586897142307 c0  → https://pub-893b4a6a607b4221a894bf861da7914e.r2.dev/1706586897142307.mp4
carried-forward  795854463516781 c0  → https://pub-893b4a6a607b4221a894bf861da7914e.r2.dev/795854463516781.mp4
carried-forward  1214663760729894 c0  → https://pub-893b4a6a607b4221a894bf861da7914e.r2.dev/1214663760729894.mp4
carried-forward  874722785094358 c0  → https://pub-893b4a6a607b4221a894bf861da7914e.r2.dev/874722785094358.mp4
carried-forward  2146898272848405 c0  → https://pub-893b4a6a607b4221a894bf861da7914e.r2.dev/2146898272848405.mp4
carried-forward  1334007191542658 c0  → https://pub-893b4a6a607b4221a894bf861da7914e.r2.dev/1334007191542658.mp4
carried-forward  2227054274738884 c0  → https://pub-893b4a6a607b4221a894bf861da7914e.r2.dev/2227054274738884.mp4
carried-forward  878270771469415 c0  → https://pub-893b4a6a607b4221a894bf861da7914e.r2.dev/878270771469415.mp4
carried-forward  1021509707411878 c0  → https://pub-893b4a6a607b4221a894bf861da7914e.r2.dev/1021509707411878.mp4
carried-forward  1551354719827011 c0  → https://pub-893b4a6a607b4221a894bf861da7914e.r2.dev/1551354719827011.mp4
carried-forward  1522462465946347 c0  → https://pub-893b4a6a607b4221a894bf861da7914e.r2.dev/1522462465946347.mp4
carried-forward  2450004685510769 c0  → https://pub-893b4a6a607b4221a894bf861da7914e.r2.dev/2450004685510769.mp4
carried-forward  854032033985665 c0  → https://pub-893b4a6a607b4221a894bf861da7914e.r2.dev/854032033985665.mp4
carried-forward  1023353213520872 c0  → https://pub-893b4a6a607b4221a894bf861da7914e.r2.dev/1023353213520872.mp4
carried-forward  1032328049733145 c0  → https://pub-893b4a6a607b4221a894bf861da7914e.r2.dev/1032328049733145.mp4
carried-forward  1000318475941339 c0  → https://pub-893b4a6a607b4221a894bf861da7914e.r2.dev/1000318475941339.mp4
carried-forward  2470272863452382 c0  → https://pub-893b4a6a607b4221a894bf861da7914e.r2.dev/2470272863452382.mp4
carried-forward  1523794219232013 c0  → https://pub-893b4a6a607b4221a894bf861da7914e.r2.dev/1523794219232013.mp4
carried-forward  2006263380252771 c0  → https://pub-893b4a6a607b4221a894bf861da7914e.r2.dev/2006263380252771.mp4
carried-forward  2209583763150233 c0  → https://pub-893b4a6a607b4221a894bf861da7914e.r2.dev/2209583763150233.mp4
carried-forward  1255180603194330 c0  → https://pub-893b4a6a607b4221a894bf861da7914e.r2.dev/1255180603194330.mp4
carried-forward  887301687184523 c0  → https://pub-893b4a6a607b4221a894bf861da7914e.r2.dev/887301687184523.mp4
carried-forward  1597341511954866 c0  → https://pub-893b4a6a607b4221a894bf861da7914e.r2.dev/1597341511954866.mp4
carried-forward  27828393366752661 c0  → https://pub-893b4a6a607b4221a894bf861da7914e.r2.dev/27828393366752661.mp4
carried-forward  1018715937558652 c0  → https://pub-893b4a6a607b4221a894bf861da7914e.r2.dev/1018715937558652.mp4
carried-forward  957663743958649 c0  → https://pub-893b4a6a607b4221a894bf861da7914e.r2.dev/957663743958649.mp4
carried-forward  869356792488915 c0  → https://pub-893b4a6a607b4221a894bf861da7914e.r2.dev/869356792488915.mp4
carried-forward  2099343410677570 c0  → https://pub-893b4a6a607b4221a894bf861da7914e.r2.dev/2099343410677570.mp4
carried-forward  1066299185827495 c0  → https://pub-893b4a6a607b4221a894bf861da7914e.r2.dev/1066299185827495.mp4
carried-forward  1798531068186834 c0  → https://pub-893b4a6a607b4221a894bf861da7914e.r2.dev/1798531068186834.mp4
carried-forward  3124895651053219 c0  → https://pub-893b4a6a607b4221a894bf861da7914e.r2.dev/3124895651053219.mp4
carried-forward  1010871498599888 c0  → https://pub-893b4a6a607b4221a894bf861da7914e.r2.dev/1010871498599888.mp4
carried-forward  925325953929207 c0  → https://pub-893b4a6a607b4221a894bf861da7914e.r2.dev/925325953929207.mp4
carried-forward  901376378990412 c0  → https://pub-893b4a6a607b4221a894bf861da7914e.r2.dev/901376378990412.mp4
carried-forward  1034063345758631 c0  → https://pub-893b4a6a607b4221a894bf861da7914e.r2.dev/1034063345758631.mp4
carried-forward  956122300785435 c0  → https://pub-893b4a6a607b4221a894bf861da7914e.r2.dev/956122300785435.mp4
carried-forward  1003958755575967 c0  → https://pub-893b4a6a607b4221a894bf861da7914e.r2.dev/1003958755575967.mp4
carried-forward  1072595338800989 c0  → https://pub-893b4a6a607b4221a894bf861da7914e.r2.dev/1072595338800989.mp4
carried-forward  1386286703413839 c0  → https://pub-893b4a6a607b4221a894bf861da7914e.r2.dev/1386286703413839.mp4
carried-forward  1054627286990407 c0  → https://pub-893b4a6a607b4221a894bf861da7914e.r2.dev/1054627286990407.mp4
carried-forward  1556972895267408 c0  → https://pub-893b4a6a607b4221a894bf861da7914e.r2.dev/1556972895267408.mp4
carried-forward  1041829631832578 c0  → https://pub-893b4a6a607b4221a894bf861da7914e.r2.dev/1041829631832578.mp4
carried-forward  1344389530456738 c0  → https://pub-893b4a6a607b4221a894bf861da7914e.r2.dev/1344389530456738.mp4
carried-forward  1056256433746398 c0  → https://pub-893b4a6a607b4221a894bf861da7914e.r2.dev/1056256433746398.mp4
carried-forward  1404698241718011 c0  → https://pub-893b4a6a607b4221a894bf861da7914e.r2.dev/1404698241718011.mp4
carried-forward  1775597420545602 c0  → https://pub-893b4a6a607b4221a894bf861da7914e.r2.dev/1775597420545602.mp4
carried-forward  1213162864256094 c0  → https://pub-893b4a6a607b4221a894bf861da7914e.r2.dev/1213162864256094.mp4
carried-forward  1717069239596440 c0  → https://pub-893b4a6a607b4221a894bf861da7914e.r2.dev/1717069239596440.mp4
carried-forward  825684893831540 c0  → https://pub-893b4a6a607b4221a894bf861da7914e.r2.dev/825684893831540.mp4
carried-forward  951725751253340 c0  → https://pub-893b4a6a607b4221a894bf861da7914e.r2.dev/951725751253340.mp4
carried-forward  2497339690719324 c0  → https://pub-893b4a6a607b4221a894bf861da7914e.r2.dev/2497339690719324.mp4
carried-forward  1355847972655919 c0  → https://pub-893b4a6a607b4221a894bf861da7914e.r2.dev/1355847972655919.mp4
carried-forward  995889549913608 c0  → https://pub-893b4a6a607b4221a894bf861da7914e.r2.dev/995889549913608.mp4
carried-forward  1670326970721443 c0  → https://pub-893b4a6a607b4221a894bf861da7914e.r2.dev/1670326970721443.mp4
carried-forward  1069009418808426 c0  → https://pub-893b4a6a607b4221a894bf861da7914e.r2.dev/1069009418808426.mp4
carried-forward  1650969065965046 c0  → https://pub-893b4a6a607b4221a894bf861da7914e.r2.dev/1650969065965046.mp4
carried-forward  2709387412788823 c0  → https://pub-893b4a6a607b4221a894bf861da7914e.r2.dev/2709387412788823.mp4
carried-forward  2232335177513132 c0  → https://pub-893b4a6a607b4221a894bf861da7914e.r2.dev/2232335177513132.mp4
carried-forward  1760410931619964 c0  → https://pub-893b4a6a607b4221a894bf861da7914e.r2.dev/1760410931619964.mp4
carried-forward  2065947900961631 c0  → https://pub-893b4a6a607b4221a894bf861da7914e.r2.dev/2065947900961631.mp4
carried-forward  1610600343761377 c0  → https://pub-893b4a6a607b4221a894bf861da7914e.r2.dev/1610600343761377.mp4
carried-forward  1356098996448027 c0  → https://pub-893b4a6a607b4221a894bf861da7914e.r2.dev/1356098996448027.mp4
carried-forward  1322338626673609 c0  → https://pub-893b4a6a607b4221a894bf861da7914e.r2.dev/1322338626673609.mp4
carried-forward  1562366812145935 c0  → https://pub-893b4a6a607b4221a894bf861da7914e.r2.dev/1562366812145935.mp4
carried-forward  1513264187211772 c0  → https://pub-893b4a6a607b4221a894bf861da7914e.r2.dev/1513264187211772.mp4
carried-forward  1617773846661457 c0  → https://pub-893b4a6a607b4221a894bf861da7914e.r2.dev/1617773846661457.mp4
carried-forward  1983543708995810 c0  → https://pub-893b4a6a607b4221a894bf861da7914e.r2.dev/1983543708995810.mp4
carried-forward  1507011107314177 c0  → https://pub-893b4a6a607b4221a894bf861da7914e.r2.dev/1507011107314177.mp4
carried-forward  1040958635122079 c0  → https://pub-893b4a6a607b4221a894bf861da7914e.r2.dev/1040958635122079.mp4
carried-forward  1070609361989779 c0  → https://pub-893b4a6a607b4221a894bf861da7914e.r2.dev/1070609361989779.mp4
carried-forward  785082348027489 c0  → https://pub-893b4a6a607b4221a894bf861da7914e.r2.dev/785082348027489.mp4
carried-forward  1563626482031128 c0  → https://pub-893b4a6a607b4221a894bf861da7914e.r2.dev/1563626482031128.mp4
carried-forward  1447615700720112 c0  → https://pub-893b4a6a607b4221a894bf861da7914e.r2.dev/1447615700720112.mp4
carried-forward  1512408050210939 c0  → https://pub-893b4a6a607b4221a894bf861da7914e.r2.dev/1512408050210939.mp4
carried-forward  834563629587340 c0  → https://pub-893b4a6a607b4221a894bf861da7914e.r2.dev/834563629587340.mp4
carried-forward  2446244482527331 c0  → https://pub-893b4a6a607b4221a894bf861da7914e.r2.dev/2446244482527331.mp4
carried-forward  1312708097684149 c0  → https://pub-893b4a6a607b4221a894bf861da7914e.r2.dev/1312708097684149.mp4
carried-forward  1467915651711731 c0  → https://pub-893b4a6a607b4221a894bf861da7914e.r2.dev/1467915651711731.mp4
carried-forward  1842999643338976 c0  → https://pub-893b4a6a607b4221a894bf861da7914e.r2.dev/1842999643338976.mp4
carried-forward  1330555632620802 c0  → https://pub-893b4a6a607b4221a894bf861da7914e.r2.dev/1330555632620802.mp4
carried-forward  1057591316914512 c0  → https://pub-893b4a6a607b4221a894bf861da7914e.r2.dev/1057591316914512.mp4
carried-forward  911721131979304 c0  → https://pub-893b4a6a607b4221a894bf861da7914e.r2.dev/911721131979304.mp4
carried-forward  1099280332987099 c0  → https://pub-893b4a6a607b4221a894bf861da7914e.r2.dev/1099280332987099.mp4
carried-forward  1076128631631147 c0  → https://pub-893b4a6a607b4221a894bf861da7914e.r2.dev/1076128631631147.mp4
carried-forward  1718925022376334 c0  → https://pub-893b4a6a607b4221a894bf861da7914e.r2.dev/1718925022376334.mp4
carried-forward  984299611108932 c0  → https://pub-893b4a6a607b4221a894bf861da7914e.r2.dev/984299611108932.mp4
carried-forward  899918089823930 c0  → https://pub-893b4a6a607b4221a894bf861da7914e.r2.dev/899918089823930.mp4
carried-forward  2047382145860720 c0  → https://pub-893b4a6a607b4221a894bf861da7914e.r2.dev/2047382145860720.mp4
carried-forward  1555670099379028 c0  → https://pub-893b4a6a607b4221a894bf861da7914e.r2.dev/1555670099379028.mp4
carried-forward  1467750661785602 c0  → https://pub-893b4a6a607b4221a894bf861da7914e.r2.dev/1467750661785602.mp4
carried-forward  2619460671819312 c0  → https://pub-893b4a6a607b4221a894bf861da7914e.r2.dev/2619460671819312.mp4
carried-forward  1990095708377576 c0  → https://pub-893b4a6a607b4221a894bf861da7914e.r2.dev/1990095708377576.mp4
carried-forward  958780730525270 c0  → https://pub-893b4a6a607b4221a894bf861da7914e.r2.dev/958780730525270.mp4
carried-forward  998666166481846 c0  → https://pub-893b4a6a607b4221a894bf861da7914e.r2.dev/998666166481846.mp4
carried-forward  1997650587783734 c0  → https://pub-893b4a6a607b4221a894bf861da7914e.r2.dev/1997650587783734.mp4
carried-forward  1350333077246056 c0  → https://pub-893b4a6a607b4221a894bf861da7914e.r2.dev/1350333077246056.mp4
carried-forward  1549407039981058 c0  → https://pub-893b4a6a607b4221a894bf861da7914e.r2.dev/1549407039981058.mp4
carried-forward  2509106956178969 c0  → https://pub-893b4a6a607b4221a894bf861da7914e.r2.dev/2509106956178969.mp4
video-missing    2509106956178969 c0  (expected file not found in facebook/videos/speakeasy-2026-07-14)
carried-forward  1249556893827524 c0  → https://pub-893b4a6a607b4221a894bf861da7914e.r2.dev/1249556893827524.mp4
carried-forward  1548355006956451 c0  → https://pub-893b4a6a607b4221a894bf861da7914e.r2.dev/1548355006956451.mp4
carried-forward  1605362024511696 c0  → https://pub-893b4a6a607b4221a894bf861da7914e.r2.dev/1605362024511696.mp4
carried-forward  1574930104167727 c0  → https://pub-893b4a6a607b4221a894bf861da7914e.r2.dev/1574930104167727.mp4
carried-forward  1076347044724445 c0  → https://pub-893b4a6a607b4221a894bf861da7914e.r2.dev/1076347044724445.mp4
carried-forward  3447037815474696 c0  → https://pub-893b4a6a607b4221a894bf861da7914e.r2.dev/3447037815474696.mp4
carried-forward  3308870079293437 c0  → https://pub-893b4a6a607b4221a894bf861da7914e.r2.dev/3308870079293437.mp4
carried-forward  931871662645355 c0  → https://pub-893b4a6a607b4221a894bf861da7914e.r2.dev/931871662645355.mp4
carried-forward  1503146724948601 c0  → https://pub-893b4a6a607b4221a894bf861da7914e.r2.dev/1503146724948601.mp4
carried-forward  1412541307591066 c0  → https://pub-893b4a6a607b4221a894bf861da7914e.r2.dev/1412541307591066.mp4
carried-forward  1642392514222901 c0  → https://pub-893b4a6a607b4221a894bf861da7914e.r2.dev/1642392514222901.mp4
carried-forward  1385147057129527 c0  → https://pub-893b4a6a607b4221a894bf861da7914e.r2.dev/1385147057129527.mp4
carried-forward  1572118647955435 c0  → https://pub-893b4a6a607b4221a894bf861da7914e.r2.dev/1572118647955435.mp4
video-missing    1572118647955435 c0  (expected file not found in facebook/videos/speakeasy-2026-07-14)
carried-forward  1737170960864048 c0  → https://pub-893b4a6a607b4221a894bf861da7914e.r2.dev/1737170960864048.mp4
carried-forward  2208308339710249 c0  → https://pub-893b4a6a607b4221a894bf861da7914e.r2.dev/2208308339710249.mp4
carried-forward  915052721624072 c0  → https://pub-893b4a6a607b4221a894bf861da7914e.r2.dev/915052721624072.mp4
carried-forward  1538432034678189 c0  → https://pub-893b4a6a607b4221a894bf861da7914e.r2.dev/1538432034678189.mp4
carried-forward  1684395599502341 c0  → https://pub-893b4a6a607b4221a894bf861da7914e.r2.dev/1684395599502341.mp4
carried-forward  1046082125058811 c0  → https://pub-893b4a6a607b4221a894bf861da7914e.r2.dev/1046082125058811.mp4
carried-forward  1666185644494714 c0  → https://pub-893b4a6a607b4221a894bf861da7914e.r2.dev/1666185644494714.mp4
carried-forward  2652217405211139 c0  → https://pub-893b4a6a607b4221a894bf861da7914e.r2.dev/2652217405211139.mp4
carried-forward  1335595448681438 c0  → https://pub-893b4a6a607b4221a894bf861da7914e.r2.dev/1335595448681438.mp4
carried-forward  870431506136433 c0  → https://pub-893b4a6a607b4221a894bf861da7914e.r2.dev/870431506136433.mp4
carried-forward  1052855614342313 c0  → https://pub-893b4a6a607b4221a894bf861da7914e.r2.dev/1052855614342313.mp4
carried-forward  1061915176271471 c0  → https://pub-893b4a6a607b4221a894bf861da7914e.r2.dev/1061915176271471.mp4
carried-forward  1205047408419523 c0  → https://pub-893b4a6a607b4221a894bf861da7914e.r2.dev/1205047408419523.mp4
carried-forward  1625672995836190 c0  → https://pub-893b4a6a607b4221a894bf861da7914e.r2.dev/1625672995836190.mp4
carried-forward  920211211089397 c0  → https://pub-893b4a6a607b4221a894bf861da7914e.r2.dev/920211211089397.mp4
carried-forward  1607286517667851 c0  → https://pub-893b4a6a607b4221a894bf861da7914e.r2.dev/1607286517667851.mp4
uploaded         1660317535041091 c0  (video) ← 1660317535041091.mp4  → https://pub-893b4a6a607b4221a894bf861da7914e.r2.dev/1660317535041091.mp4
uploaded         1964307320952705 c0  (video) ← 1964307320952705.mp4  → https://pub-893b4a6a607b4221a894bf861da7914e.r2.dev/1964307320952705.mp4
carried-forward  1528205468796975 c0  → https://pub-893b4a6a607b4221a894bf861da7914e.r2.dev/1528205468796975.mp4
carried-forward  2236501443806601 c0  → https://pub-893b4a6a607b4221a894bf861da7914e.r2.dev/2236501443806601.mp4
carried-forward  1229149502597052 c0  → https://pub-893b4a6a607b4221a894bf861da7914e.r2.dev/1229149502597052.mp4
uploaded         811784828685920 c0  (video) ← 811784828685920.mp4  → https://pub-893b4a6a607b4221a894bf861da7914e.r2.dev/811784828685920.mp4
uploaded         1904138763600988 c0  (video) ← 1904138763600988.mp4  → https://pub-893b4a6a607b4221a894bf861da7914e.r2.dev/1904138763600988.mp4
carried-forward  2880427788970614 c0  → https://pub-893b4a6a607b4221a894bf861da7914e.r2.dev/2880427788970614.mp4
uploaded         1578093017073311 c0  (video) ← 1578093017073311.mp4  → https://pub-893b4a6a607b4221a894bf861da7914e.r2.dev/1578093017073311.mp4
carried-forward  1663957771359820 c0  → https://pub-893b4a6a607b4221a894bf861da7914e.r2.dev/1663957771359820.mp4
uploaded         1350481087058996 c0  (video) ← 1350481087058996.mp4  → https://pub-893b4a6a607b4221a894bf861da7914e.r2.dev/1350481087058996.mp4
uploaded         891022330731698 c0  (video) ← 891022330731698.mp4  → https://pub-893b4a6a607b4221a894bf861da7914e.r2.dev/891022330731698.mp4
uploaded         1051632630667199 c0  (video) ← 1051632630667199.mp4  → https://pub-893b4a6a607b4221a894bf861da7914e.r2.dev/1051632630667199.mp4
uploaded         1236853288467800 c0  (video) ← 1236853288467800.mp4  → https://pub-893b4a6a607b4221a894bf861da7914e.r2.dev/1236853288467800.mp4
uploaded         1301289508852303 c0  (video) ← 1301289508852303.mp4  → https://pub-893b4a6a607b4221a894bf861da7914e.r2.dev/1301289508852303.mp4
uploaded         2297041117497142 c0  (video) ← 2297041117497142.mp4  → https://pub-893b4a6a607b4221a894bf861da7914e.r2.dev/2297041117497142.mp4
uploaded         1325169356004881 c0  (video) ← 1325169356004881.mp4  → https://pub-893b4a6a607b4221a894bf861da7914e.r2.dev/1325169356004881.mp4
uploaded         2674792829585398 c0  (video) ← 2674792829585398.mp4  → https://pub-893b4a6a607b4221a894bf861da7914e.r2.dev/2674792829585398.mp4
uploaded         1376274394378555 c0  (video) ← 1376274394378555.mp4  → https://pub-893b4a6a607b4221a894bf861da7914e.r2.dev/1376274394378555.mp4
uploaded         1686378555771529 c0  (video) ← 1686378555771529.mp4  → https://pub-893b4a6a607b4221a894bf861da7914e.r2.dev/1686378555771529.mp4
uploaded         2517669345323719 c0  (video) ← 2517669345323719.mp4  → https://pub-893b4a6a607b4221a894bf861da7914e.r2.dev/2517669345323719.mp4
uploaded         1383981716927674 c0  (video) ← 1383981716927674.mp4  → https://pub-893b4a6a607b4221a894bf861da7914e.r2.dev/1383981716927674.mp4
uploaded         4596333187246513 c0  (video) ← 4596333187246513.mp4  → https://pub-893b4a6a607b4221a894bf861da7914e.r2.dev/4596333187246513.mp4
uploaded         1250367120426702 c0  (video) ← 1250367120426702.mp4  → https://pub-893b4a6a607b4221a894bf861da7914e.r2.dev/1250367120426702.mp4
uploaded         1696373418307508 c0  (video) ← 1696373418307508.mp4  → https://pub-893b4a6a607b4221a894bf861da7914e.r2.dev/1696373418307508.mp4
uploaded         27827739420189342 c0  (video) ← 27827739420189342.mp4  → https://pub-893b4a6a607b4221a894bf861da7914e.r2.dev/27827739420189342.mp4
uploaded         1506990937853641 c0  (video) ← 1506990937853641.mp4  → https://pub-893b4a6a607b4221a894bf861da7914e.r2.dev/1506990937853641.mp4
uploaded         1535623451070440 c0  (video) ← 1535623451070440.mp4  → https://pub-893b4a6a607b4221a894bf861da7914e.r2.dev/1535623451070440.mp4
uploaded         4570439376576150 c0  (video) ← 4570439376576150.mp4  → https://pub-893b4a6a607b4221a894bf861da7914e.r2.dev/4570439376576150.mp4
uploaded         1381054697211582 c0  (video) ← 1381054697211582.mp4  → https://pub-893b4a6a607b4221a894bf861da7914e.r2.dev/1381054697211582.mp4
uploaded         1076005282047913 c0  (video) ← 1076005282047913.mp4  → https://pub-893b4a6a607b4221a894bf861da7914e.r2.dev/1076005282047913.mp4
uploaded         27355622267433352 c0  (video) ← 27355622267433352.mp4  → https://pub-893b4a6a607b4221a894bf861da7914e.r2.dev/27355622267433352.mp4
uploaded         1320552253485277 c0  (video) ← 1320552253485277.mp4  → https://pub-893b4a6a607b4221a894bf861da7914e.r2.dev/1320552253485277.mp4
uploaded         996272969705160 c0  (video) ← 996272969705160.mp4  → https://pub-893b4a6a607b4221a894bf861da7914e.r2.dev/996272969705160.mp4
uploaded         1034277578986304 c0  (video) ← 1034277578986304.mp4  → https://pub-893b4a6a607b4221a894bf861da7914e.r2.dev/1034277578986304.mp4
uploaded         2128704951393059 c0  (video) ← 2128704951393059.mp4  → https://pub-893b4a6a607b4221a894bf861da7914e.r2.dev/2128704951393059.mp4
uploaded         2004796140158502 c0  (video) ← 2004796140158502.mp4  → https://pub-893b4a6a607b4221a894bf861da7914e.r2.dev/2004796140158502.mp4
uploaded         1955029245180681 c0  (video) ← 1955029245180681.mp4  → https://pub-893b4a6a607b4221a894bf861da7914e.r2.dev/1955029245180681.mp4
uploaded         1014730701200916 c0  (video) ← 1014730701200916.mp4  → https://pub-893b4a6a607b4221a894bf861da7914e.r2.dev/1014730701200916.mp4
uploaded         1047137787860479 c0  (video) ← 1047137787860479.mp4  → https://pub-893b4a6a607b4221a894bf861da7914e.r2.dev/1047137787860479.mp4
uploaded         1595204948876522 c0  (video) ← 1595204948876522.mp4  → https://pub-893b4a6a607b4221a894bf861da7914e.r2.dev/1595204948876522.mp4
uploaded         2247750429092762 c0  (video) ← 2247750429092762.mp4  → https://pub-893b4a6a607b4221a894bf861da7914e.r2.dev/2247750429092762.mp4
uploaded         4459983787585905 c0  (video) ← 4459983787585905.mp4  → https://pub-893b4a6a607b4221a894bf861da7914e.r2.dev/4459983787585905.mp4
uploaded         27702437406076573 c0  (video) ← 27702437406076573.mp4  → https://pub-893b4a6a607b4221a894bf861da7914e.r2.dev/27702437406076573.mp4
uploaded         2040142086601451 c0  (video) ← 2040142086601451.mp4  → https://pub-893b4a6a607b4221a894bf861da7914e.r2.dev/2040142086601451.mp4
uploaded         1347726907560463 c0  (video) ← 1347726907560463.mp4  → https://pub-893b4a6a607b4221a894bf861da7914e.r2.dev/1347726907560463.mp4
uploaded         1092827496570705 c0  (video) ← 1092827496570705.mp4  → https://pub-893b4a6a607b4221a894bf861da7914e.r2.dev/1092827496570705.mp4
carried-forward  1431209032174340 c0  → https://pub-893b4a6a607b4221a894bf861da7914e.r2.dev/1431209032174340.mp4
carried-forward  27815415298084440 c0  → https://pub-893b4a6a607b4221a894bf861da7914e.r2.dev/27815415298084440.mp4
carried-forward  1660811185666077 c0  → https://pub-893b4a6a607b4221a894bf861da7914e.r2.dev/1660811185666077.mp4
uploaded         2963779063827374 c0  (video) ← 2963779063827374.mp4  → https://pub-893b4a6a607b4221a894bf861da7914e.r2.dev/2963779063827374.mp4
uploaded         1499540391463836 c0  (video) ← 1499540391463836.mp4  → https://pub-893b4a6a607b4221a894bf861da7914e.r2.dev/1499540391463836.mp4
uploaded         1747568576384378 c0  (video) ← 1747568576384378.mp4  → https://pub-893b4a6a607b4221a894bf861da7914e.r2.dev/1747568576384378.mp4
carried-forward  1573799770762054 c0  → https://pub-893b4a6a607b4221a894bf861da7914e.r2.dev/1573799770762054.mp4
uploaded         1334592281634486 c0  (video) ← 1334592281634486.mp4  → https://pub-893b4a6a607b4221a894bf861da7914e.r2.dev/1334592281634486.mp4
uploaded         1587103172993485 c0  (video) ← 1587103172993485.mp4  → https://pub-893b4a6a607b4221a894bf861da7914e.r2.dev/1587103172993485.mp4
uploaded         1564871145347911 c0  (video) ← 1564871145347911.mp4  → https://pub-893b4a6a607b4221a894bf861da7914e.r2.dev/1564871145347911.mp4
uploaded         1045507124722812 c0  (video) ← 1045507124722812.mp4  → https://pub-893b4a6a607b4221a894bf861da7914e.r2.dev/1045507124722812.mp4
carried-forward  1184386010520083 c0  → https://pub-893b4a6a607b4221a894bf861da7914e.r2.dev/1184386010520083.mp4
uploaded         1583596219859217 c0  (video) ← 1583596219859217.mp4  → https://pub-893b4a6a607b4221a894bf861da7914e.r2.dev/1583596219859217.mp4
uploaded         1654998238907612 c0  (video) ← 1654998238907612.mp4  → https://pub-893b4a6a607b4221a894bf861da7914e.r2.dev/1654998238907612.mp4
uploaded         1054821893768827 c0  (video) ← 1054821893768827.mp4  → https://pub-893b4a6a607b4221a894bf861da7914e.r2.dev/1054821893768827.mp4
carried-forward  1896860787628995 c0  → https://pub-893b4a6a607b4221a894bf861da7914e.r2.dev/1896860787628995.mp4
carried-forward  2762734147432390 c0  → https://pub-893b4a6a607b4221a894bf861da7914e.r2.dev/2762734147432390.mp4
carried-forward  2222256028347224 c0  → https://pub-893b4a6a607b4221a894bf861da7914e.r2.dev/2222256028347224.mp4
uploaded         870862166096961 c0  (video) ← 870862166096961.mp4  → https://pub-893b4a6a607b4221a894bf861da7914e.r2.dev/870862166096961.mp4
carried-forward  1593444748791575 c0  → https://pub-893b4a6a607b4221a894bf861da7914e.r2.dev/1593444748791575.mp4
uploaded         1377141237621817 c0  (video) ← 1377141237621817.mp4  → https://pub-893b4a6a607b4221a894bf861da7914e.r2.dev/1377141237621817.mp4
uploaded         2201754610603677 c0  (video) ← 2201754610603677.mp4  → https://pub-893b4a6a607b4221a894bf861da7914e.r2.dev/2201754610603677.mp4
uploaded         2526781611077042 c0  (video) ← 2526781611077042.mp4  → https://pub-893b4a6a607b4221a894bf861da7914e.r2.dev/2526781611077042.mp4
carried-forward  2485639215236433 c0  → https://pub-893b4a6a607b4221a894bf861da7914e.r2.dev/2485639215236433.mp4
carried-forward  2324155347991756 c0  → https://pub-893b4a6a607b4221a894bf861da7914e.r2.dev/2324155347991756.mp4
uploaded         1269756885082342 c0  (video) ← 1269756885082342.mp4  → https://pub-893b4a6a607b4221a894bf861da7914e.r2.dev/1269756885082342.mp4
carried-forward  1028227123019537 c0  → https://pub-893b4a6a607b4221a894bf861da7914e.r2.dev/1028227123019537.mp4
uploaded         1565361874991892 c0  (video) ← 1565361874991892.mp4  → https://pub-893b4a6a607b4221a894bf861da7914e.r2.dev/1565361874991892.mp4
uploaded         958018013919547 c0  (video) ← 958018013919547.mp4  → https://pub-893b4a6a607b4221a894bf861da7914e.r2.dev/958018013919547.mp4
carried-forward  1335940752069497 c0  → https://pub-893b4a6a607b4221a894bf861da7914e.r2.dev/1335940752069497.mp4
carried-forward  2104101840175793 c0  → https://pub-893b4a6a607b4221a894bf861da7914e.r2.dev/2104101840175793.mp4
carried-forward  1933230364052576 c0  → https://pub-893b4a6a607b4221a894bf861da7914e.r2.dev/1933230364052576.mp4
uploaded         2255971488490731 c0  (video) ← 2255971488490731.mp4  → https://pub-893b4a6a607b4221a894bf861da7914e.r2.dev/2255971488490731.mp4
uploaded         1671805693873767 c0  (video) ← 1671805693873767.mp4  → https://pub-893b4a6a607b4221a894bf861da7914e.r2.dev/1671805693873767.mp4
carried-forward  1744287289933298 c0  → https://pub-893b4a6a607b4221a894bf861da7914e.r2.dev/1744287289933298.mp4
uploaded         1816399399768731 c0  (video) ← 1816399399768731.mp4  → https://pub-893b4a6a607b4221a894bf861da7914e.r2.dev/1816399399768731.mp4
uploaded         2556561588118842 c0  (video) ← 2556561588118842.mp4  → https://pub-893b4a6a607b4221a894bf861da7914e.r2.dev/2556561588118842.mp4
