# Step 3 run log
# competitor : speakeasy
# started_at : 2026-07-17T13:35:46
# input      : facebook/inputs/fb-ads-speakeasy-2026-07-17-1331.csv
# videos     : facebook/videos/speakeasy-2026-07-17
# master     : facebook/master/speakeasy.csv  (updated)
# enriched   : facebook/inputs/fb-ads-speakeasy-2026-07-17-1331_enriched.csv
# bucket     : video-ads
# public_base: https://pub-893b4a6a607b4221a894bf861da7914e.r2.dev
# dry_run    : False
#
# counts     : {'uploaded': 57, 'carried-forward': 183, 'image-pending': 0, 'video-missing': 5, 'no-creative': 0, 'error': 0}
#
carried-forward  2096925954204563 c0  → https://pub-893b4a6a607b4221a894bf861da7914e.r2.dev/2096925954204563.mp4
carried-forward  2202456460521928 c0  → https://pub-893b4a6a607b4221a894bf861da7914e.r2.dev/2202456460521928.mp4
carried-forward  1329522652574885 c0  → https://pub-893b4a6a607b4221a894bf861da7914e.r2.dev/1329522652574885.mp4
carried-forward  1350528533804193 c0  → https://pub-893b4a6a607b4221a894bf861da7914e.r2.dev/1350528533804193.mp4
video-missing    1350528533804193 c0  (expected file not found in facebook/videos/speakeasy-2026-07-17)
carried-forward  1990549078495400 c0  → https://pub-893b4a6a607b4221a894bf861da7914e.r2.dev/1990549078495400.mp4
carried-forward  1715366832977862 c0  → https://pub-893b4a6a607b4221a894bf861da7914e.r2.dev/1715366832977862.mp4
video-missing    1715366832977862 c0  (expected file not found in facebook/videos/speakeasy-2026-07-17)
carried-forward  1274918781380927 c0  → https://pub-893b4a6a607b4221a894bf861da7914e.r2.dev/1274918781380927.mp4
carried-forward  933307746352020 c0  → https://pub-893b4a6a607b4221a894bf861da7914e.r2.dev/933307746352020.mp4
carried-forward  1509000537534731 c0  → https://pub-893b4a6a607b4221a894bf861da7914e.r2.dev/1509000537534731.mp4
video-missing    1509000537534731 c0  (expected file not found in facebook/videos/speakeasy-2026-07-17)
carried-forward  1758345675330702 c0  → https://pub-893b4a6a607b4221a894bf861da7914e.r2.dev/1758345675330702.mp4
carried-forward  2906298679721315 c0  → https://pub-893b4a6a607b4221a894bf861da7914e.r2.dev/2906298679721315.mp4
carried-forward  1734392771068941 c0  → https://pub-893b4a6a607b4221a894bf861da7914e.r2.dev/1734392771068941.mp4
carried-forward  1535695454763774 c0  → https://pub-893b4a6a607b4221a894bf861da7914e.r2.dev/1535695454763774.mp4
carried-forward  1011965198455335 c0  → https://pub-893b4a6a607b4221a894bf861da7914e.r2.dev/1011965198455335.mp4
video-missing    1011965198455335 c0  (expected file not found in facebook/videos/speakeasy-2026-07-17)
carried-forward  996641986578618 c0  → https://pub-893b4a6a607b4221a894bf861da7914e.r2.dev/996641986578618.mp4
carried-forward  1802246977424820 c0  → https://pub-893b4a6a607b4221a894bf861da7914e.r2.dev/1802246977424820.mp4
video-missing    1802246977424820 c0  (expected file not found in facebook/videos/speakeasy-2026-07-17)
carried-forward  2146898272848405 c0  → https://pub-893b4a6a607b4221a894bf861da7914e.r2.dev/2146898272848405.mp4
carried-forward  2227054274738884 c0  → https://pub-893b4a6a607b4221a894bf861da7914e.r2.dev/2227054274738884.mp4
carried-forward  2470272863452382 c0  → https://pub-893b4a6a607b4221a894bf861da7914e.r2.dev/2470272863452382.mp4
carried-forward  1551354719827011 c0  → https://pub-893b4a6a607b4221a894bf861da7914e.r2.dev/1551354719827011.mp4
carried-forward  878270771469415 c0  → https://pub-893b4a6a607b4221a894bf861da7914e.r2.dev/878270771469415.mp4
carried-forward  1000318475941339 c0  → https://pub-893b4a6a607b4221a894bf861da7914e.r2.dev/1000318475941339.mp4
carried-forward  2006263380252771 c0  → https://pub-893b4a6a607b4221a894bf861da7914e.r2.dev/2006263380252771.mp4
carried-forward  3124895651053219 c0  → https://pub-893b4a6a607b4221a894bf861da7914e.r2.dev/3124895651053219.mp4
carried-forward  1255180603194330 c0  → https://pub-893b4a6a607b4221a894bf861da7914e.r2.dev/1255180603194330.mp4
carried-forward  1034063345758631 c0  → https://pub-893b4a6a607b4221a894bf861da7914e.r2.dev/1034063345758631.mp4
carried-forward  1597341511954866 c0  → https://pub-893b4a6a607b4221a894bf861da7914e.r2.dev/1597341511954866.mp4
carried-forward  1010871498599888 c0  → https://pub-893b4a6a607b4221a894bf861da7914e.r2.dev/1010871498599888.mp4
carried-forward  1066299185827495 c0  → https://pub-893b4a6a607b4221a894bf861da7914e.r2.dev/1066299185827495.mp4
carried-forward  27828393366752661 c0  → https://pub-893b4a6a607b4221a894bf861da7914e.r2.dev/27828393366752661.mp4
carried-forward  1386286703413839 c0  → https://pub-893b4a6a607b4221a894bf861da7914e.r2.dev/1386286703413839.mp4
carried-forward  1798531068186834 c0  → https://pub-893b4a6a607b4221a894bf861da7914e.r2.dev/1798531068186834.mp4
carried-forward  925325953929207 c0  → https://pub-893b4a6a607b4221a894bf861da7914e.r2.dev/925325953929207.mp4
carried-forward  901376378990412 c0  → https://pub-893b4a6a607b4221a894bf861da7914e.r2.dev/901376378990412.mp4
carried-forward  956122300785435 c0  → https://pub-893b4a6a607b4221a894bf861da7914e.r2.dev/956122300785435.mp4
carried-forward  1556972895267408 c0  → https://pub-893b4a6a607b4221a894bf861da7914e.r2.dev/1556972895267408.mp4
carried-forward  1056256433746398 c0  → https://pub-893b4a6a607b4221a894bf861da7914e.r2.dev/1056256433746398.mp4
carried-forward  1213162864256094 c0  → https://pub-893b4a6a607b4221a894bf861da7914e.r2.dev/1213162864256094.mp4
carried-forward  2065947900961631 c0  → https://pub-893b4a6a607b4221a894bf861da7914e.r2.dev/2065947900961631.mp4
carried-forward  1717069239596440 c0  → https://pub-893b4a6a607b4221a894bf861da7914e.r2.dev/1717069239596440.mp4
carried-forward  1355847972655919 c0  → https://pub-893b4a6a607b4221a894bf861da7914e.r2.dev/1355847972655919.mp4
carried-forward  1775597420545602 c0  → https://pub-893b4a6a607b4221a894bf861da7914e.r2.dev/1775597420545602.mp4
carried-forward  1617773846661457 c0  → https://pub-893b4a6a607b4221a894bf861da7914e.r2.dev/1617773846661457.mp4
carried-forward  1650969065965046 c0  → https://pub-893b4a6a607b4221a894bf861da7914e.r2.dev/1650969065965046.mp4
carried-forward  995889549913608 c0  → https://pub-893b4a6a607b4221a894bf861da7914e.r2.dev/995889549913608.mp4
carried-forward  1610600343761377 c0  → https://pub-893b4a6a607b4221a894bf861da7914e.r2.dev/1610600343761377.mp4
carried-forward  1964307320952705 c0  → https://pub-893b4a6a607b4221a894bf861da7914e.r2.dev/1964307320952705.mp4
carried-forward  1670326970721443 c0  → https://pub-893b4a6a607b4221a894bf861da7914e.r2.dev/1670326970721443.mp4
carried-forward  2232335177513132 c0  → https://pub-893b4a6a607b4221a894bf861da7914e.r2.dev/2232335177513132.mp4
carried-forward  1512408050210939 c0  → https://pub-893b4a6a607b4221a894bf861da7914e.r2.dev/1512408050210939.mp4
carried-forward  1447615700720112 c0  → https://pub-893b4a6a607b4221a894bf861da7914e.r2.dev/1447615700720112.mp4
carried-forward  1983543708995810 c0  → https://pub-893b4a6a607b4221a894bf861da7914e.r2.dev/1983543708995810.mp4
carried-forward  1070609361989779 c0  → https://pub-893b4a6a607b4221a894bf861da7914e.r2.dev/1070609361989779.mp4
carried-forward  27750642057957688 c0  → https://pub-893b4a6a607b4221a894bf861da7914e.r2.dev/27750642057957688.mp4
carried-forward  1663957771359820 c0  → https://pub-893b4a6a607b4221a894bf861da7914e.r2.dev/1663957771359820.mp4
carried-forward  785082348027489 c0  → https://pub-893b4a6a607b4221a894bf861da7914e.r2.dev/785082348027489.mp4
carried-forward  1330555632620802 c0  → https://pub-893b4a6a607b4221a894bf861da7914e.r2.dev/1330555632620802.mp4
carried-forward  1563626482031128 c0  → https://pub-893b4a6a607b4221a894bf861da7914e.r2.dev/1563626482031128.mp4
carried-forward  1040958635122079 c0  → https://pub-893b4a6a607b4221a894bf861da7914e.r2.dev/1040958635122079.mp4
carried-forward  1718925022376334 c0  → https://pub-893b4a6a607b4221a894bf861da7914e.r2.dev/1718925022376334.mp4
carried-forward  899918089823930 c0  → https://pub-893b4a6a607b4221a894bf861da7914e.r2.dev/899918089823930.mp4
carried-forward  982614491479333 c0  → https://pub-893b4a6a607b4221a894bf861da7914e.r2.dev/982614491479333.mp4
carried-forward  2914228738925326 c0  → https://pub-893b4a6a607b4221a894bf861da7914e.r2.dev/2914228738925326.mp4
carried-forward  2093440487870903 c0  → https://pub-893b4a6a607b4221a894bf861da7914e.r2.dev/2093440487870903.mp4
carried-forward  2598616730581724 c0  → https://pub-893b4a6a607b4221a894bf861da7914e.r2.dev/2598616730581724.mp4
carried-forward  1802240601141720 c0  → https://pub-893b4a6a607b4221a894bf861da7914e.r2.dev/1802240601141720.mp4
carried-forward  3218109538372603 c0  → https://pub-893b4a6a607b4221a894bf861da7914e.r2.dev/3218109538372603.mp4
carried-forward  1319978233629750 c0  → https://pub-893b4a6a607b4221a894bf861da7914e.r2.dev/1319978233629750.mp4
carried-forward  2418197828675378 c0  → https://pub-893b4a6a607b4221a894bf861da7914e.r2.dev/2418197828675378.mp4
carried-forward  2796270944086095 c0  → https://pub-893b4a6a607b4221a894bf861da7914e.r2.dev/2796270944086095.mp4
carried-forward  1335464032080186 c0  → https://pub-893b4a6a607b4221a894bf861da7914e.r2.dev/1335464032080186.mp4
carried-forward  870431506136433 c0  → https://pub-893b4a6a607b4221a894bf861da7914e.r2.dev/870431506136433.mp4
carried-forward  853713144256746 c0  → https://pub-893b4a6a607b4221a894bf861da7914e.r2.dev/853713144256746.mp4
carried-forward  1800374614465315 c0  → https://pub-893b4a6a607b4221a894bf861da7914e.r2.dev/1800374614465315.mp4
carried-forward  1625844662576521 c0  → https://pub-893b4a6a607b4221a894bf861da7914e.r2.dev/1625844662576521.mp4
carried-forward  1904138763600988 c0  → https://pub-893b4a6a607b4221a894bf861da7914e.r2.dev/1904138763600988.mp4
carried-forward  1754066178934773 c0  → https://pub-893b4a6a607b4221a894bf861da7914e.r2.dev/1754066178934773.mp4
carried-forward  1042137601640294 c0  → https://pub-893b4a6a607b4221a894bf861da7914e.r2.dev/1042137601640294.mp4
carried-forward  1571808534609298 c0  → https://pub-893b4a6a607b4221a894bf861da7914e.r2.dev/1571808534609298.mp4
carried-forward  1745904109925206 c0  → https://pub-893b4a6a607b4221a894bf861da7914e.r2.dev/1745904109925206.mp4
carried-forward  4627749517546985 c0  → https://pub-893b4a6a607b4221a894bf861da7914e.r2.dev/4627749517546985.mp4
carried-forward  886651387357938 c0  → https://pub-893b4a6a607b4221a894bf861da7914e.r2.dev/886651387357938.mp4
carried-forward  3195903233941462 c0  → https://pub-893b4a6a607b4221a894bf861da7914e.r2.dev/3195903233941462.mp4
carried-forward  2267902177316206 c0  → https://pub-893b4a6a607b4221a894bf861da7914e.r2.dev/2267902177316206.mp4
carried-forward  1583596219859217 c0  → https://pub-893b4a6a607b4221a894bf861da7914e.r2.dev/1583596219859217.mp4
carried-forward  873970615366148 c0  → https://pub-893b4a6a607b4221a894bf861da7914e.r2.dev/873970615366148.mp4
carried-forward  1794988258343643 c0  → https://pub-893b4a6a607b4221a894bf861da7914e.r2.dev/1794988258343643.mp4
carried-forward  1654998238907612 c0  → https://pub-893b4a6a607b4221a894bf861da7914e.r2.dev/1654998238907612.mp4
carried-forward  2228551701331802 c0  → https://pub-893b4a6a607b4221a894bf861da7914e.r2.dev/2228551701331802.mp4
carried-forward  1662829854787318 c0  → https://pub-893b4a6a607b4221a894bf861da7914e.r2.dev/1662829854787318.mp4
carried-forward  1656211858770558 c0  → https://pub-893b4a6a607b4221a894bf861da7914e.r2.dev/1656211858770558.mp4
carried-forward  3215709351956671 c0  → https://pub-893b4a6a607b4221a894bf861da7914e.r2.dev/3215709351956671.mp4
carried-forward  1073311072026840 c0  → https://pub-893b4a6a607b4221a894bf861da7914e.r2.dev/1073311072026840.mp4
carried-forward  920211211089397 c0  → https://pub-893b4a6a607b4221a894bf861da7914e.r2.dev/920211211089397.mp4
carried-forward  998646672967589 c0  → https://pub-893b4a6a607b4221a894bf861da7914e.r2.dev/998646672967589.mp4
carried-forward  1053895127284097 c0  → https://pub-893b4a6a607b4221a894bf861da7914e.r2.dev/1053895127284097.mp4
carried-forward  1607286517667851 c0  → https://pub-893b4a6a607b4221a894bf861da7914e.r2.dev/1607286517667851.mp4
carried-forward  1797330238300587 c0  → https://pub-893b4a6a607b4221a894bf861da7914e.r2.dev/1797330238300587.mp4
carried-forward  1303737575111957 c0  → https://pub-893b4a6a607b4221a894bf861da7914e.r2.dev/1303737575111957.mp4
uploaded         2839946443030149 c0  (video) ← 2839946443030149.mp4  → https://pub-893b4a6a607b4221a894bf861da7914e.r2.dev/2839946443030149.mp4
uploaded         5184229675127738 c0  (video) ← 5184229675127738.mp4  → https://pub-893b4a6a607b4221a894bf861da7914e.r2.dev/5184229675127738.mp4
uploaded         1570910741082323 c0  (video) ← 1570910741082323.mp4  → https://pub-893b4a6a607b4221a894bf861da7914e.r2.dev/1570910741082323.mp4
uploaded         1543083287349880 c0  (video) ← 1543083287349880.mp4  → https://pub-893b4a6a607b4221a894bf861da7914e.r2.dev/1543083287349880.mp4
uploaded         1464541722385449 c0  (video) ← 1464541722385449.mp4  → https://pub-893b4a6a607b4221a894bf861da7914e.r2.dev/1464541722385449.mp4
carried-forward  792807927193798 c0  → https://pub-893b4a6a607b4221a894bf861da7914e.r2.dev/792807927193798.mp4
uploaded         1112468758108066 c0  (video) ← 1112468758108066.mp4  → https://pub-893b4a6a607b4221a894bf861da7914e.r2.dev/1112468758108066.mp4
carried-forward  1528205468796975 c0  → https://pub-893b4a6a607b4221a894bf861da7914e.r2.dev/1528205468796975.mp4
uploaded         1585689429601158 c0  (video) ← 1585689429601158.mp4  → https://pub-893b4a6a607b4221a894bf861da7914e.r2.dev/1585689429601158.mp4
uploaded         3640438499428325 c0  (video) ← 3640438499428325.mp4  → https://pub-893b4a6a607b4221a894bf861da7914e.r2.dev/3640438499428325.mp4
uploaded         1449054330313722 c0  (video) ← 1449054330313722.mp4  → https://pub-893b4a6a607b4221a894bf861da7914e.r2.dev/1449054330313722.mp4
uploaded         1380496350646536 c0  (video) ← 1380496350646536.mp4  → https://pub-893b4a6a607b4221a894bf861da7914e.r2.dev/1380496350646536.mp4
uploaded         1350382949851599 c0  (video) ← 1350382949851599.mp4  → https://pub-893b4a6a607b4221a894bf861da7914e.r2.dev/1350382949851599.mp4
carried-forward  1229149502597052 c0  → https://pub-893b4a6a607b4221a894bf861da7914e.r2.dev/1229149502597052.mp4
carried-forward  2236501443806601 c0  → https://pub-893b4a6a607b4221a894bf861da7914e.r2.dev/2236501443806601.mp4
uploaded         1019421464275231 c0  (video) ← 1019421464275231.mp4  → https://pub-893b4a6a607b4221a894bf861da7914e.r2.dev/1019421464275231.mp4
uploaded         1992497424715568 c0  (video) ← 1992497424715568.mp4  → https://pub-893b4a6a607b4221a894bf861da7914e.r2.dev/1992497424715568.mp4
uploaded         1396404649339448 c0  (video) ← 1396404649339448.mp4  → https://pub-893b4a6a607b4221a894bf861da7914e.r2.dev/1396404649339448.mp4
uploaded         27725057577135336 c0  (video) ← 27725057577135336.mp4  → https://pub-893b4a6a607b4221a894bf861da7914e.r2.dev/27725057577135336.mp4
carried-forward  1525791231931583 c0  → https://pub-893b4a6a607b4221a894bf861da7914e.r2.dev/1525791231931583.mp4
uploaded         1064893572625582 c0  (video) ← 1064893572625582.mp4  → https://pub-893b4a6a607b4221a894bf861da7914e.r2.dev/1064893572625582.mp4
carried-forward  1634383475355754 c0  → https://pub-893b4a6a607b4221a894bf861da7914e.r2.dev/1634383475355754.mp4
uploaded         1057728757198548 c0  (video) ← 1057728757198548.mp4  → https://pub-893b4a6a607b4221a894bf861da7914e.r2.dev/1057728757198548.mp4
carried-forward  2880427788970614 c0  → https://pub-893b4a6a607b4221a894bf861da7914e.r2.dev/2880427788970614.mp4
carried-forward  868586519313806 c0  → https://pub-893b4a6a607b4221a894bf861da7914e.r2.dev/868586519313806.mp4
uploaded         2500749797087787 c0  (video) ← 2500749797087787.mp4  → https://pub-893b4a6a607b4221a894bf861da7914e.r2.dev/2500749797087787.mp4
uploaded         2135284163719709 c0  (video) ← 2135284163719709.mp4  → https://pub-893b4a6a607b4221a894bf861da7914e.r2.dev/2135284163719709.mp4
uploaded         1021735660834087 c0  (video) ← 1021735660834087.mp4  → https://pub-893b4a6a607b4221a894bf861da7914e.r2.dev/1021735660834087.mp4
carried-forward  2981801628827874 c0  → https://pub-893b4a6a607b4221a894bf861da7914e.r2.dev/2981801628827874.mp4
carried-forward  2248194406009167 c0  → https://pub-893b4a6a607b4221a894bf861da7914e.r2.dev/2248194406009167.mp4
carried-forward  2460452854444418 c0  → https://pub-893b4a6a607b4221a894bf861da7914e.r2.dev/2460452854444418.mp4
carried-forward  964421226623710 c0  → https://pub-893b4a6a607b4221a894bf861da7914e.r2.dev/964421226623710.mp4
carried-forward  1778444516859322 c0  → https://pub-893b4a6a607b4221a894bf861da7914e.r2.dev/1778444516859322.mp4
uploaded         2431771597326411 c0  (video) ← 2431771597326411.mp4  → https://pub-893b4a6a607b4221a894bf861da7914e.r2.dev/2431771597326411.mp4
carried-forward  27598820129752645 c0  → https://pub-893b4a6a607b4221a894bf861da7914e.r2.dev/27598820129752645.mp4
carried-forward  1268657821851350 c0  → https://pub-893b4a6a607b4221a894bf861da7914e.r2.dev/1268657821851350.mp4
carried-forward  1033842315799737 c0  → https://pub-893b4a6a607b4221a894bf861da7914e.r2.dev/1033842315799737.mp4
uploaded         1376852210992057 c0  (video) ← 1376852210992057.mp4  → https://pub-893b4a6a607b4221a894bf861da7914e.r2.dev/1376852210992057.mp4
carried-forward  1402490118667543 c0  → https://pub-893b4a6a607b4221a894bf861da7914e.r2.dev/1402490118667543.mp4
carried-forward  4506172943001637 c0  → https://pub-893b4a6a607b4221a894bf861da7914e.r2.dev/4506172943001637.mp4
uploaded         1035680955613280 c0  (video) ← 1035680955613280.mp4  → https://pub-893b4a6a607b4221a894bf861da7914e.r2.dev/1035680955613280.mp4
uploaded         1054160663658720 c0  (video) ← 1054160663658720.mp4  → https://pub-893b4a6a607b4221a894bf861da7914e.r2.dev/1054160663658720.mp4
carried-forward  27562531213387323 c0  → https://pub-893b4a6a607b4221a894bf861da7914e.r2.dev/27562531213387323.mp4
uploaded         1721491689054463 c0  (video) ← 1721491689054463.mp4  → https://pub-893b4a6a607b4221a894bf861da7914e.r2.dev/1721491689054463.mp4
carried-forward  1659873671748680 c0  → https://pub-893b4a6a607b4221a894bf861da7914e.r2.dev/1659873671748680.mp4
carried-forward  1055436974107996 c0  → https://pub-893b4a6a607b4221a894bf861da7914e.r2.dev/1055436974107996.mp4
carried-forward  1029659046465670 c0  → https://pub-893b4a6a607b4221a894bf861da7914e.r2.dev/1029659046465670.mp4
uploaded         1020384090623842 c0  (video) ← 1020384090623842.mp4  → https://pub-893b4a6a607b4221a894bf861da7914e.r2.dev/1020384090623842.mp4
carried-forward  1361479879293765 c0  → https://pub-893b4a6a607b4221a894bf861da7914e.r2.dev/1361479879293765.mp4
carried-forward  1342870691315926 c0  → https://pub-893b4a6a607b4221a894bf861da7914e.r2.dev/1342870691315926.mp4
carried-forward  1813783346269232 c0  → https://pub-893b4a6a607b4221a894bf861da7914e.r2.dev/1813783346269232.mp4
carried-forward  4137368463234062 c0  → https://pub-893b4a6a607b4221a894bf861da7914e.r2.dev/4137368463234062.mp4
carried-forward  1066183792501004 c0  → https://pub-893b4a6a607b4221a894bf861da7914e.r2.dev/1066183792501004.mp4
carried-forward  1499963024768541 c0  → https://pub-893b4a6a607b4221a894bf861da7914e.r2.dev/1499963024768541.mp4
carried-forward  1674920326954437 c0  → https://pub-893b4a6a607b4221a894bf861da7914e.r2.dev/1674920326954437.mp4
carried-forward  3790158631123959 c0  → https://pub-893b4a6a607b4221a894bf861da7914e.r2.dev/3790158631123959.mp4
carried-forward  2226662084803365 c0  → https://pub-893b4a6a607b4221a894bf861da7914e.r2.dev/2226662084803365.mp4
uploaded         1694053591826771 c0  (video) ← 1694053591826771.mp4  → https://pub-893b4a6a607b4221a894bf861da7914e.r2.dev/1694053591826771.mp4
uploaded         853763510945116 c0  (video) ← 853763510945116.mp4  → https://pub-893b4a6a607b4221a894bf861da7914e.r2.dev/853763510945116.mp4
carried-forward  1478121844330765 c0  → https://pub-893b4a6a607b4221a894bf861da7914e.r2.dev/1478121844330765.mp4
carried-forward  1705285737350413 c0  → https://pub-893b4a6a607b4221a894bf861da7914e.r2.dev/1705285737350413.mp4
carried-forward  1538367320464102 c0  → https://pub-893b4a6a607b4221a894bf861da7914e.r2.dev/1538367320464102.mp4
uploaded         1727996838303209 c0  (video) ← 1727996838303209.mp4  → https://pub-893b4a6a607b4221a894bf861da7914e.r2.dev/1727996838303209.mp4
uploaded         1589002279309266 c0  (video) ← 1589002279309266.mp4  → https://pub-893b4a6a607b4221a894bf861da7914e.r2.dev/1589002279309266.mp4
carried-forward  999068833168042 c0  → https://pub-893b4a6a607b4221a894bf861da7914e.r2.dev/999068833168042.mp4
carried-forward  995620069962545 c0  → https://pub-893b4a6a607b4221a894bf861da7914e.r2.dev/995620069962545.mp4
carried-forward  4375666339244427 c0  → https://pub-893b4a6a607b4221a894bf861da7914e.r2.dev/4375666339244427.mp4
uploaded         1397709455539400 c0  (video) ← 1397709455539400.mp4  → https://pub-893b4a6a607b4221a894bf861da7914e.r2.dev/1397709455539400.mp4
carried-forward  1939703050027071 c0  → https://pub-893b4a6a607b4221a894bf861da7914e.r2.dev/1939703050027071.mp4
carried-forward  965165153241939 c0  → https://pub-893b4a6a607b4221a894bf861da7914e.r2.dev/965165153241939.mp4
carried-forward  1054729137123373 c0  → https://pub-893b4a6a607b4221a894bf861da7914e.r2.dev/1054729137123373.mp4
carried-forward  857628883867767 c0  → https://pub-893b4a6a607b4221a894bf861da7914e.r2.dev/857628883867767.mp4
uploaded         1349926359876602 c0  (video) ← 1349926359876602.mp4  → https://pub-893b4a6a607b4221a894bf861da7914e.r2.dev/1349926359876602.mp4
uploaded         1524986729314158 c0  (video) ← 1524986729314158.mp4  → https://pub-893b4a6a607b4221a894bf861da7914e.r2.dev/1524986729314158.mp4
carried-forward  27921003047493584 c0  → https://pub-893b4a6a607b4221a894bf861da7914e.r2.dev/27921003047493584.mp4
carried-forward  1357140435751039 c0  → https://pub-893b4a6a607b4221a894bf861da7914e.r2.dev/1357140435751039.mp4
uploaded         1736496840880345 c0  (video) ← 1736496840880345.mp4  → https://pub-893b4a6a607b4221a894bf861da7914e.r2.dev/1736496840880345.mp4
uploaded         2278851326194682 c0  (video) ← 2278851326194682.mp4  → https://pub-893b4a6a607b4221a894bf861da7914e.r2.dev/2278851326194682.mp4
uploaded         1554733572195634 c0  (video) ← 1554733572195634.mp4  → https://pub-893b4a6a607b4221a894bf861da7914e.r2.dev/1554733572195634.mp4
carried-forward  1431209032174340 c0  → https://pub-893b4a6a607b4221a894bf861da7914e.r2.dev/1431209032174340.mp4
carried-forward  1660811185666077 c0  → https://pub-893b4a6a607b4221a894bf861da7914e.r2.dev/1660811185666077.mp4
carried-forward  27815415298084440 c0  → https://pub-893b4a6a607b4221a894bf861da7914e.r2.dev/27815415298084440.mp4
carried-forward  1433551048819598 c0  → https://pub-893b4a6a607b4221a894bf861da7914e.r2.dev/1433551048819598.mp4
carried-forward  1084513130899501 c0  → https://pub-893b4a6a607b4221a894bf861da7914e.r2.dev/1084513130899501.mp4
carried-forward  2002394963735493 c0  → https://pub-893b4a6a607b4221a894bf861da7914e.r2.dev/2002394963735493.mp4
carried-forward  957822183946180 c0  → https://pub-893b4a6a607b4221a894bf861da7914e.r2.dev/957822183946180.mp4
carried-forward  1717208469320265 c0  → https://pub-893b4a6a607b4221a894bf861da7914e.r2.dev/1717208469320265.mp4
uploaded         1900086777614306 c0  (video) ← 1900086777614306.mp4  → https://pub-893b4a6a607b4221a894bf861da7914e.r2.dev/1900086777614306.mp4
carried-forward  1021402687424557 c0  → https://pub-893b4a6a607b4221a894bf861da7914e.r2.dev/1021402687424557.mp4
carried-forward  4116405885159075 c0  → https://pub-893b4a6a607b4221a894bf861da7914e.r2.dev/4116405885159075.mp4
carried-forward  1573799770762054 c0  → https://pub-893b4a6a607b4221a894bf861da7914e.r2.dev/1573799770762054.mp4
carried-forward  3528906517282565 c0  → https://pub-893b4a6a607b4221a894bf861da7914e.r2.dev/3528906517282565.mp4
carried-forward  1549896656617582 c0  → https://pub-893b4a6a607b4221a894bf861da7914e.r2.dev/1549896656617582.mp4
uploaded         1356156446443110 c0  (video) ← 1356156446443110.mp4  → https://pub-893b4a6a607b4221a894bf861da7914e.r2.dev/1356156446443110.mp4
carried-forward  1184386010520083 c0  → https://pub-893b4a6a607b4221a894bf861da7914e.r2.dev/1184386010520083.mp4
uploaded         1668379277593178 c0  (video) ← 1668379277593178.mp4  → https://pub-893b4a6a607b4221a894bf861da7914e.r2.dev/1668379277593178.mp4
carried-forward  1860282908691114 c0  → https://pub-893b4a6a607b4221a894bf861da7914e.r2.dev/1860282908691114.mp4
carried-forward  1912406996383214 c0  → https://pub-893b4a6a607b4221a894bf861da7914e.r2.dev/1912406996383214.mp4
carried-forward  2087987378472161 c0  → https://pub-893b4a6a607b4221a894bf861da7914e.r2.dev/2087987378472161.mp4
carried-forward  1377141237621817 c0  → https://pub-893b4a6a607b4221a894bf861da7914e.r2.dev/1377141237621817.mp4
carried-forward  1037724192299018 c0  → https://pub-893b4a6a607b4221a894bf861da7914e.r2.dev/1037724192299018.mp4
carried-forward  27512304731744411 c0  → https://pub-893b4a6a607b4221a894bf861da7914e.r2.dev/27512304731744411.mp4
carried-forward  1896860787628995 c0  → https://pub-893b4a6a607b4221a894bf861da7914e.r2.dev/1896860787628995.mp4
carried-forward  2762734147432390 c0  → https://pub-893b4a6a607b4221a894bf861da7914e.r2.dev/2762734147432390.mp4
carried-forward  2201754610603677 c0  → https://pub-893b4a6a607b4221a894bf861da7914e.r2.dev/2201754610603677.mp4
carried-forward  1353409463029789 c0  → https://pub-893b4a6a607b4221a894bf861da7914e.r2.dev/1353409463029789.mp4
carried-forward  1269756885082342 c0  → https://pub-893b4a6a607b4221a894bf861da7914e.r2.dev/1269756885082342.mp4
carried-forward  2222256028347224 c0  → https://pub-893b4a6a607b4221a894bf861da7914e.r2.dev/2222256028347224.mp4
carried-forward  2073646236565398 c0  → https://pub-893b4a6a607b4221a894bf861da7914e.r2.dev/2073646236565398.mp4
carried-forward  2485639215236433 c0  → https://pub-893b4a6a607b4221a894bf861da7914e.r2.dev/2485639215236433.mp4
carried-forward  958018013919547 c0  → https://pub-893b4a6a607b4221a894bf861da7914e.r2.dev/958018013919547.mp4
carried-forward  1593444748791575 c0  → https://pub-893b4a6a607b4221a894bf861da7914e.r2.dev/1593444748791575.mp4
carried-forward  2324155347991756 c0  → https://pub-893b4a6a607b4221a894bf861da7914e.r2.dev/2324155347991756.mp4
carried-forward  2104101840175793 c0  → https://pub-893b4a6a607b4221a894bf861da7914e.r2.dev/2104101840175793.mp4
carried-forward  1028227123019537 c0  → https://pub-893b4a6a607b4221a894bf861da7914e.r2.dev/1028227123019537.mp4
carried-forward  1933230364052576 c0  → https://pub-893b4a6a607b4221a894bf861da7914e.r2.dev/1933230364052576.mp4
carried-forward  2255971488490731 c0  → https://pub-893b4a6a607b4221a894bf861da7914e.r2.dev/2255971488490731.mp4
uploaded         2072750159989266 c0  (video) ← 2072750159989266.mp4  → https://pub-893b4a6a607b4221a894bf861da7914e.r2.dev/2072750159989266.mp4
uploaded         1044336857968230 c0  (video) ← 1044336857968230.mp4  → https://pub-893b4a6a607b4221a894bf861da7914e.r2.dev/1044336857968230.mp4
carried-forward  1335940752069497 c0  → https://pub-893b4a6a607b4221a894bf861da7914e.r2.dev/1335940752069497.mp4
carried-forward  1816399399768731 c0  → https://pub-893b4a6a607b4221a894bf861da7914e.r2.dev/1816399399768731.mp4
uploaded         997470139997168 c0  (video) ← 997470139997168.mp4  → https://pub-893b4a6a607b4221a894bf861da7914e.r2.dev/997470139997168.mp4
uploaded         1041931594970809 c0  (video) ← 1041931594970809.mp4  → https://pub-893b4a6a607b4221a894bf861da7914e.r2.dev/1041931594970809.mp4
carried-forward  1671805693873767 c0  → https://pub-893b4a6a607b4221a894bf861da7914e.r2.dev/1671805693873767.mp4
uploaded         1064272912597870 c0  (video) ← 1064272912597870.mp4  → https://pub-893b4a6a607b4221a894bf861da7914e.r2.dev/1064272912597870.mp4
uploaded         1747011936479473 c0  (video) ← 1747011936479473.mp4  → https://pub-893b4a6a607b4221a894bf861da7914e.r2.dev/1747011936479473.mp4
uploaded         895818792987870 c0  (video) ← 895818792987870.mp4  → https://pub-893b4a6a607b4221a894bf861da7914e.r2.dev/895818792987870.mp4
uploaded         1033439749547804 c0  (video) ← 1033439749547804.mp4  → https://pub-893b4a6a607b4221a894bf861da7914e.r2.dev/1033439749547804.mp4
carried-forward  1081124217929241 c0  → https://pub-893b4a6a607b4221a894bf861da7914e.r2.dev/1081124217929241.mp4
uploaded         1335877768703085 c0  (video) ← 1335877768703085.mp4  → https://pub-893b4a6a607b4221a894bf861da7914e.r2.dev/1335877768703085.mp4
uploaded         1362316715964547 c0  (video) ← 1362316715964547.mp4  → https://pub-893b4a6a607b4221a894bf861da7914e.r2.dev/1362316715964547.mp4
uploaded         1362632632497983 c0  (video) ← 1362632632497983.mp4  → https://pub-893b4a6a607b4221a894bf861da7914e.r2.dev/1362632632497983.mp4
uploaded         1364373992464819 c0  (video) ← 1364373992464819.mp4  → https://pub-893b4a6a607b4221a894bf861da7914e.r2.dev/1364373992464819.mp4
uploaded         1492675395993855 c0  (video) ← 1492675395993855.mp4  → https://pub-893b4a6a607b4221a894bf861da7914e.r2.dev/1492675395993855.mp4
carried-forward  1744287289933298 c0  → https://pub-893b4a6a607b4221a894bf861da7914e.r2.dev/1744287289933298.mp4
uploaded         1911174899547989 c0  (video) ← 1911174899547989.mp4  → https://pub-893b4a6a607b4221a894bf861da7914e.r2.dev/1911174899547989.mp4
uploaded         1919560042076614 c0  (video) ← 1919560042076614.mp4  → https://pub-893b4a6a607b4221a894bf861da7914e.r2.dev/1919560042076614.mp4
uploaded         1929119147800976 c0  (video) ← 1929119147800976.mp4  → https://pub-893b4a6a607b4221a894bf861da7914e.r2.dev/1929119147800976.mp4
uploaded         1993153061392447 c0  (video) ← 1993153061392447.mp4  → https://pub-893b4a6a607b4221a894bf861da7914e.r2.dev/1993153061392447.mp4
carried-forward  2556561588118842 c0  → https://pub-893b4a6a607b4221a894bf861da7914e.r2.dev/2556561588118842.mp4
uploaded         3927891684009827 c0  (video) ← 3927891684009827.mp4  → https://pub-893b4a6a607b4221a894bf861da7914e.r2.dev/3927891684009827.mp4
