# Step 3 run log
# competitor : speakeasy
# started_at : 2026-07-21T14:18:22
# input      : facebook/inputs/fb-ads-speakeasy-2026-07-21-1412.csv
# videos     : facebook/videos/speakeasy-2026-07-21
# master     : facebook/master/speakeasy.csv  (updated)
# enriched   : facebook/inputs/fb-ads-speakeasy-2026-07-21-1412_enriched.csv
# bucket     : video-ads
# public_base: https://pub-893b4a6a607b4221a894bf861da7914e.r2.dev
# dry_run    : False
#
# counts     : {'uploaded': 52, 'carried-forward': 162, 'image-pending': 0, 'video-missing': 4, 'no-creative': 0, 'error': 0}
#
carried-forward  2096925954204563 c0  → https://pub-893b4a6a607b4221a894bf861da7914e.r2.dev/2096925954204563.mp4
carried-forward  2202456460521928 c0  → https://pub-893b4a6a607b4221a894bf861da7914e.r2.dev/2202456460521928.mp4
carried-forward  1329522652574885 c0  → https://pub-893b4a6a607b4221a894bf861da7914e.r2.dev/1329522652574885.mp4
carried-forward  1350528533804193 c0  → https://pub-893b4a6a607b4221a894bf861da7914e.r2.dev/1350528533804193.mp4
video-missing    1350528533804193 c0  (expected file not found in facebook/videos/speakeasy-2026-07-21)
carried-forward  1990549078495400 c0  → https://pub-893b4a6a607b4221a894bf861da7914e.r2.dev/1990549078495400.mp4
carried-forward  1715366832977862 c0  → https://pub-893b4a6a607b4221a894bf861da7914e.r2.dev/1715366832977862.mp4
video-missing    1715366832977862 c0  (expected file not found in facebook/videos/speakeasy-2026-07-21)
carried-forward  1274918781380927 c0  → https://pub-893b4a6a607b4221a894bf861da7914e.r2.dev/1274918781380927.mp4
carried-forward  1509000537534731 c0  → https://pub-893b4a6a607b4221a894bf861da7914e.r2.dev/1509000537534731.mp4
video-missing    1509000537534731 c0  (expected file not found in facebook/videos/speakeasy-2026-07-21)
carried-forward  933307746352020 c0  → https://pub-893b4a6a607b4221a894bf861da7914e.r2.dev/933307746352020.mp4
carried-forward  1758345675330702 c0  → https://pub-893b4a6a607b4221a894bf861da7914e.r2.dev/1758345675330702.mp4
carried-forward  2906298679721315 c0  → https://pub-893b4a6a607b4221a894bf861da7914e.r2.dev/2906298679721315.mp4
carried-forward  1734392771068941 c0  → https://pub-893b4a6a607b4221a894bf861da7914e.r2.dev/1734392771068941.mp4
carried-forward  1535695454763774 c0  → https://pub-893b4a6a607b4221a894bf861da7914e.r2.dev/1535695454763774.mp4
carried-forward  2146898272848405 c0  → https://pub-893b4a6a607b4221a894bf861da7914e.r2.dev/2146898272848405.mp4
carried-forward  996641986578618 c0  → https://pub-893b4a6a607b4221a894bf861da7914e.r2.dev/996641986578618.mp4
carried-forward  2470272863452382 c0  → https://pub-893b4a6a607b4221a894bf861da7914e.r2.dev/2470272863452382.mp4
carried-forward  1011965198455335 c0  → https://pub-893b4a6a607b4221a894bf861da7914e.r2.dev/1011965198455335.mp4
video-missing    1011965198455335 c0  (expected file not found in facebook/videos/speakeasy-2026-07-21)
carried-forward  2227054274738884 c0  → https://pub-893b4a6a607b4221a894bf861da7914e.r2.dev/2227054274738884.mp4
carried-forward  1034063345758631 c0  → https://pub-893b4a6a607b4221a894bf861da7914e.r2.dev/1034063345758631.mp4
carried-forward  1802246977424820 c0  → https://pub-893b4a6a607b4221a894bf861da7914e.r2.dev/1802246977424820.mp4
carried-forward  878270771469415 c0  → https://pub-893b4a6a607b4221a894bf861da7914e.r2.dev/878270771469415.mp4
carried-forward  1551354719827011 c0  → https://pub-893b4a6a607b4221a894bf861da7914e.r2.dev/1551354719827011.mp4
carried-forward  3124895651053219 c0  → https://pub-893b4a6a607b4221a894bf861da7914e.r2.dev/3124895651053219.mp4
carried-forward  2006263380252771 c0  → https://pub-893b4a6a607b4221a894bf861da7914e.r2.dev/2006263380252771.mp4
carried-forward  1010871498599888 c0  → https://pub-893b4a6a607b4221a894bf861da7914e.r2.dev/1010871498599888.mp4
carried-forward  1000318475941339 c0  → https://pub-893b4a6a607b4221a894bf861da7914e.r2.dev/1000318475941339.mp4
carried-forward  1066299185827495 c0  → https://pub-893b4a6a607b4221a894bf861da7914e.r2.dev/1066299185827495.mp4
carried-forward  1386286703413839 c0  → https://pub-893b4a6a607b4221a894bf861da7914e.r2.dev/1386286703413839.mp4
carried-forward  1255180603194330 c0  → https://pub-893b4a6a607b4221a894bf861da7914e.r2.dev/1255180603194330.mp4
carried-forward  27750642057957688 c0  → https://pub-893b4a6a607b4221a894bf861da7914e.r2.dev/27750642057957688.mp4
carried-forward  1964307320952705 c0  → https://pub-893b4a6a607b4221a894bf861da7914e.r2.dev/1964307320952705.mp4
carried-forward  1798531068186834 c0  → https://pub-893b4a6a607b4221a894bf861da7914e.r2.dev/1798531068186834.mp4
carried-forward  27828393366752661 c0  → https://pub-893b4a6a607b4221a894bf861da7914e.r2.dev/27828393366752661.mp4
carried-forward  956122300785435 c0  → https://pub-893b4a6a607b4221a894bf861da7914e.r2.dev/956122300785435.mp4
carried-forward  925325953929207 c0  → https://pub-893b4a6a607b4221a894bf861da7914e.r2.dev/925325953929207.mp4
carried-forward  901376378990412 c0  → https://pub-893b4a6a607b4221a894bf861da7914e.r2.dev/901376378990412.mp4
carried-forward  1525791231931583 c0  → https://pub-893b4a6a607b4221a894bf861da7914e.r2.dev/1525791231931583.mp4
carried-forward  1663957771359820 c0  → https://pub-893b4a6a607b4221a894bf861da7914e.r2.dev/1663957771359820.mp4
carried-forward  1556972895267408 c0  → https://pub-893b4a6a607b4221a894bf861da7914e.r2.dev/1556972895267408.mp4
carried-forward  1056256433746398 c0  → https://pub-893b4a6a607b4221a894bf861da7914e.r2.dev/1056256433746398.mp4
carried-forward  1617773846661457 c0  → https://pub-893b4a6a607b4221a894bf861da7914e.r2.dev/1617773846661457.mp4
carried-forward  1717069239596440 c0  → https://pub-893b4a6a607b4221a894bf861da7914e.r2.dev/1717069239596440.mp4
carried-forward  2065947900961631 c0  → https://pub-893b4a6a607b4221a894bf861da7914e.r2.dev/2065947900961631.mp4
carried-forward  1610600343761377 c0  → https://pub-893b4a6a607b4221a894bf861da7914e.r2.dev/1610600343761377.mp4
carried-forward  1355847972655919 c0  → https://pub-893b4a6a607b4221a894bf861da7914e.r2.dev/1355847972655919.mp4
carried-forward  1213162864256094 c0  → https://pub-893b4a6a607b4221a894bf861da7914e.r2.dev/1213162864256094.mp4
carried-forward  1775597420545602 c0  → https://pub-893b4a6a607b4221a894bf861da7914e.r2.dev/1775597420545602.mp4
carried-forward  1554630476061544 c0  → https://pub-893b4a6a607b4221a894bf861da7914e.r2.dev/1554630476061544.mp4
carried-forward  1650969065965046 c0  → https://pub-893b4a6a607b4221a894bf861da7914e.r2.dev/1650969065965046.mp4
carried-forward  2232335177513132 c0  → https://pub-893b4a6a607b4221a894bf861da7914e.r2.dev/2232335177513132.mp4
carried-forward  1677269356687997 c0  → https://pub-893b4a6a607b4221a894bf861da7914e.r2.dev/1677269356687997.mp4
carried-forward  1512408050210939 c0  → https://pub-893b4a6a607b4221a894bf861da7914e.r2.dev/1512408050210939.mp4
carried-forward  1447615700720112 c0  → https://pub-893b4a6a607b4221a894bf861da7914e.r2.dev/1447615700720112.mp4
carried-forward  1670326970721443 c0  → https://pub-893b4a6a607b4221a894bf861da7914e.r2.dev/1670326970721443.mp4
carried-forward  995889549913608 c0  → https://pub-893b4a6a607b4221a894bf861da7914e.r2.dev/995889549913608.mp4
carried-forward  1983543708995810 c0  → https://pub-893b4a6a607b4221a894bf861da7914e.r2.dev/1983543708995810.mp4
carried-forward  1070609361989779 c0  → https://pub-893b4a6a607b4221a894bf861da7914e.r2.dev/1070609361989779.mp4
carried-forward  1330555632620802 c0  → https://pub-893b4a6a607b4221a894bf861da7914e.r2.dev/1330555632620802.mp4
carried-forward  1904138763600988 c0  → https://pub-893b4a6a607b4221a894bf861da7914e.r2.dev/1904138763600988.mp4
carried-forward  899918089823930 c0  → https://pub-893b4a6a607b4221a894bf861da7914e.r2.dev/899918089823930.mp4
carried-forward  785082348027489 c0  → https://pub-893b4a6a607b4221a894bf861da7914e.r2.dev/785082348027489.mp4
carried-forward  1380496350646536 c0  → https://pub-893b4a6a607b4221a894bf861da7914e.r2.dev/1380496350646536.mp4
carried-forward  1718925022376334 c0  → https://pub-893b4a6a607b4221a894bf861da7914e.r2.dev/1718925022376334.mp4
carried-forward  1563626482031128 c0  → https://pub-893b4a6a607b4221a894bf861da7914e.r2.dev/1563626482031128.mp4
carried-forward  1602048658304870 c0  → https://pub-893b4a6a607b4221a894bf861da7914e.r2.dev/1602048658304870.mp4
carried-forward  1583596219859217 c0  → https://pub-893b4a6a607b4221a894bf861da7914e.r2.dev/1583596219859217.mp4
carried-forward  2588790301556027 c0  → https://pub-893b4a6a607b4221a894bf861da7914e.r2.dev/2588790301556027.mp4
carried-forward  2169960647289931 c0  → https://pub-893b4a6a607b4221a894bf861da7914e.r2.dev/2169960647289931.mp4
carried-forward  1027050646734826 c0  → https://pub-893b4a6a607b4221a894bf861da7914e.r2.dev/1027050646734826.mp4
carried-forward  3215709351956671 c0  → https://pub-893b4a6a607b4221a894bf861da7914e.r2.dev/3215709351956671.mp4
carried-forward  1673162450612849 c0  → https://pub-893b4a6a607b4221a894bf861da7914e.r2.dev/1673162450612849.mp4
carried-forward  1040958635122079 c0  → https://pub-893b4a6a607b4221a894bf861da7914e.r2.dev/1040958635122079.mp4
carried-forward  2130006660893883 c0  → https://pub-893b4a6a607b4221a894bf861da7914e.r2.dev/2130006660893883.mp4
carried-forward  3314484085398495 c0  → https://pub-893b4a6a607b4221a894bf861da7914e.r2.dev/3314484085398495.mp4
carried-forward  1377604661154060 c0  → https://pub-893b4a6a607b4221a894bf861da7914e.r2.dev/1377604661154060.mp4
carried-forward  2101709597049894 c0  → https://pub-893b4a6a607b4221a894bf861da7914e.r2.dev/2101709597049894.mp4
carried-forward  2939754649700233 c0  → https://pub-893b4a6a607b4221a894bf861da7914e.r2.dev/2939754649700233.mp4
carried-forward  1528110579110634 c0  → https://pub-893b4a6a607b4221a894bf861da7914e.r2.dev/1528110579110634.mp4
carried-forward  1603635734521722 c0  → https://pub-893b4a6a607b4221a894bf861da7914e.r2.dev/1603635734521722.mp4
carried-forward  1353570046966025 c0  → https://pub-893b4a6a607b4221a894bf861da7914e.r2.dev/1353570046966025.mp4
carried-forward  1761194331719175 c0  → https://pub-893b4a6a607b4221a894bf861da7914e.r2.dev/1761194331719175.mp4
carried-forward  1069191188947603 c0  → https://pub-893b4a6a607b4221a894bf861da7914e.r2.dev/1069191188947603.mp4
carried-forward  1046482351472886 c0  → https://pub-893b4a6a607b4221a894bf861da7914e.r2.dev/1046482351472886.mp4
carried-forward  1056293530224171 c0  → https://pub-893b4a6a607b4221a894bf861da7914e.r2.dev/1056293530224171.mp4
carried-forward  1303737575111957 c0  → https://pub-893b4a6a607b4221a894bf861da7914e.r2.dev/1303737575111957.mp4
carried-forward  1034338055845884 c0  → https://pub-893b4a6a607b4221a894bf861da7914e.r2.dev/1034338055845884.mp4
carried-forward  1938238016887323 c0  → https://pub-893b4a6a607b4221a894bf861da7914e.r2.dev/1938238016887323.mp4
carried-forward  1058226886636463 c0  → https://pub-893b4a6a607b4221a894bf861da7914e.r2.dev/1058226886636463.mp4
carried-forward  1034469596233917 c0  → https://pub-893b4a6a607b4221a894bf861da7914e.r2.dev/1034469596233917.mp4
carried-forward  1950067782367666 c0  → https://pub-893b4a6a607b4221a894bf861da7914e.r2.dev/1950067782367666.mp4
carried-forward  2499997880469597 c0  → https://pub-893b4a6a607b4221a894bf861da7914e.r2.dev/2499997880469597.mp4
carried-forward  1654998238907612 c0  → https://pub-893b4a6a607b4221a894bf861da7914e.r2.dev/1654998238907612.mp4
carried-forward  1002881702575195 c0  → https://pub-893b4a6a607b4221a894bf861da7914e.r2.dev/1002881702575195.mp4
carried-forward  855296810779289 c0  → https://pub-893b4a6a607b4221a894bf861da7914e.r2.dev/855296810779289.mp4
carried-forward  4644314202467194 c0  → https://pub-893b4a6a607b4221a894bf861da7914e.r2.dev/4644314202467194.mp4
carried-forward  27568309642777360 c0  → https://pub-893b4a6a607b4221a894bf861da7914e.r2.dev/27568309642777360.mp4
carried-forward  870431506136433 c0  → https://pub-893b4a6a607b4221a894bf861da7914e.r2.dev/870431506136433.mp4
carried-forward  1572884764622000 c0  → https://pub-893b4a6a607b4221a894bf861da7914e.r2.dev/1572884764622000.mp4
carried-forward  1343865587376876 c0  → https://pub-893b4a6a607b4221a894bf861da7914e.r2.dev/1343865587376876.mp4
carried-forward  1029455203012900 c0  → https://pub-893b4a6a607b4221a894bf861da7914e.r2.dev/1029455203012900.mp4
carried-forward  2374722406633145 c0  → https://pub-893b4a6a607b4221a894bf861da7914e.r2.dev/2374722406633145.mp4
carried-forward  1293685430486442 c0  → https://pub-893b4a6a607b4221a894bf861da7914e.r2.dev/1293685430486442.mp4
carried-forward  1050866170799601 c0  → https://pub-893b4a6a607b4221a894bf861da7914e.r2.dev/1050866170799601.mp4
carried-forward  1519284906068546 c0  → https://pub-893b4a6a607b4221a894bf861da7914e.r2.dev/1519284906068546.mp4
carried-forward  1597637125052513 c0  → https://pub-893b4a6a607b4221a894bf861da7914e.r2.dev/1597637125052513.mp4
carried-forward  1405896654712284 c0  → https://pub-893b4a6a607b4221a894bf861da7914e.r2.dev/1405896654712284.mp4
carried-forward  3439704236209622 c0  → https://pub-893b4a6a607b4221a894bf861da7914e.r2.dev/3439704236209622.mp4
carried-forward  1008391618640888 c0  → https://pub-893b4a6a607b4221a894bf861da7914e.r2.dev/1008391618640888.mp4
carried-forward  1015470974813679 c0  → https://pub-893b4a6a607b4221a894bf861da7914e.r2.dev/1015470974813679.mp4
carried-forward  1463749675789398 c0  → https://pub-893b4a6a607b4221a894bf861da7914e.r2.dev/1463749675789398.mp4
carried-forward  1412647554039330 c0  → https://pub-893b4a6a607b4221a894bf861da7914e.r2.dev/1412647554039330.mp4
carried-forward  1044336857968230 c0  → https://pub-893b4a6a607b4221a894bf861da7914e.r2.dev/1044336857968230.mp4
carried-forward  1057213243318370 c0  → https://pub-893b4a6a607b4221a894bf861da7914e.r2.dev/1057213243318370.mp4
carried-forward  1322318293304717 c0  → https://pub-893b4a6a607b4221a894bf861da7914e.r2.dev/1322318293304717.mp4
carried-forward  1074601038230313 c0  → https://pub-893b4a6a607b4221a894bf861da7914e.r2.dev/1074601038230313.mp4
carried-forward  1438538771644480 c0  → https://pub-893b4a6a607b4221a894bf861da7914e.r2.dev/1438538771644480.mp4
carried-forward  1897827627798174 c0  → https://pub-893b4a6a607b4221a894bf861da7914e.r2.dev/1897827627798174.mp4
carried-forward  1032641019352172 c0  → https://pub-893b4a6a607b4221a894bf861da7914e.r2.dev/1032641019352172.mp4
carried-forward  1765569054456251 c0  → https://pub-893b4a6a607b4221a894bf861da7914e.r2.dev/1765569054456251.mp4
carried-forward  1126194139965880 c0  → https://pub-893b4a6a607b4221a894bf861da7914e.r2.dev/1126194139965880.mp4
carried-forward  2167785470669101 c0  → https://pub-893b4a6a607b4221a894bf861da7914e.r2.dev/2167785470669101.mp4
carried-forward  1061431826449614 c0  → https://pub-893b4a6a607b4221a894bf861da7914e.r2.dev/1061431826449614.mp4
carried-forward  4785095235051209 c0  → https://pub-893b4a6a607b4221a894bf861da7914e.r2.dev/4785095235051209.mp4
carried-forward  2047198496167413 c0  → https://pub-893b4a6a607b4221a894bf861da7914e.r2.dev/2047198496167413.mp4
carried-forward  2015317922420093 c0  → https://pub-893b4a6a607b4221a894bf861da7914e.r2.dev/2015317922420093.mp4
carried-forward  1541429747659431 c0  → https://pub-893b4a6a607b4221a894bf861da7914e.r2.dev/1541429747659431.mp4
carried-forward  1272833878103835 c0  → https://pub-893b4a6a607b4221a894bf861da7914e.r2.dev/1272833878103835.mp4
carried-forward  1516084419695013 c0  → https://pub-893b4a6a607b4221a894bf861da7914e.r2.dev/1516084419695013.mp4
carried-forward  920211211089397 c0  → https://pub-893b4a6a607b4221a894bf861da7914e.r2.dev/920211211089397.mp4
carried-forward  1607286517667851 c0  → https://pub-893b4a6a607b4221a894bf861da7914e.r2.dev/1607286517667851.mp4
carried-forward  1050024200886061 c0  → https://pub-893b4a6a607b4221a894bf861da7914e.r2.dev/1050024200886061.mp4
carried-forward  28614403684817014 c0  → https://pub-893b4a6a607b4221a894bf861da7914e.r2.dev/28614403684817014.mp4
carried-forward  1528205468796975 c0  → https://pub-893b4a6a607b4221a894bf861da7914e.r2.dev/1528205468796975.mp4
carried-forward  2880427788970614 c0  → https://pub-893b4a6a607b4221a894bf861da7914e.r2.dev/2880427788970614.mp4
carried-forward  1229149502597052 c0  → https://pub-893b4a6a607b4221a894bf861da7914e.r2.dev/1229149502597052.mp4
carried-forward  2236501443806601 c0  → https://pub-893b4a6a607b4221a894bf861da7914e.r2.dev/2236501443806601.mp4
uploaded         1049319184210036 c0  (video) ← 1049319184210036.mp4  → https://pub-893b4a6a607b4221a894bf861da7914e.r2.dev/1049319184210036.mp4
uploaded         1758071342105167 c0  (video) ← 1758071342105167.mp4  → https://pub-893b4a6a607b4221a894bf861da7914e.r2.dev/1758071342105167.mp4
uploaded         1027469503223235 c0  (video) ← 1027469503223235.mp4  → https://pub-893b4a6a607b4221a894bf861da7914e.r2.dev/1027469503223235.mp4
uploaded         1559977682320391 c0  (video) ← 1559977682320391.mp4  → https://pub-893b4a6a607b4221a894bf861da7914e.r2.dev/1559977682320391.mp4
uploaded         1581633623522487 c0  (video) ← 1581633623522487.mp4  → https://pub-893b4a6a607b4221a894bf861da7914e.r2.dev/1581633623522487.mp4
uploaded         1357943805691032 c0  (video) ← 1357943805691032.mp4  → https://pub-893b4a6a607b4221a894bf861da7914e.r2.dev/1357943805691032.mp4
uploaded         868469056019882 c0  (video) ← 868469056019882.mp4  → https://pub-893b4a6a607b4221a894bf861da7914e.r2.dev/868469056019882.mp4
uploaded         1037357591997757 c0  (video) ← 1037357591997757.mp4  → https://pub-893b4a6a607b4221a894bf861da7914e.r2.dev/1037357591997757.mp4
uploaded         1588936472854876 c0  (video) ← 1588936472854876.mp4  → https://pub-893b4a6a607b4221a894bf861da7914e.r2.dev/1588936472854876.mp4
uploaded         3299946863542401 c0  (video) ← 3299946863542401.mp4  → https://pub-893b4a6a607b4221a894bf861da7914e.r2.dev/3299946863542401.mp4
uploaded         1529849151382010 c0  (video) ← 1529849151382010.mp4  → https://pub-893b4a6a607b4221a894bf861da7914e.r2.dev/1529849151382010.mp4
uploaded         1587217669636542 c0  (video) ← 1587217669636542.mp4  → https://pub-893b4a6a607b4221a894bf861da7914e.r2.dev/1587217669636542.mp4
uploaded         2109849516577913 c0  (video) ← 2109849516577913.mp4  → https://pub-893b4a6a607b4221a894bf861da7914e.r2.dev/2109849516577913.mp4
uploaded         1892715198769365 c0  (video) ← 1892715198769365.mp4  → https://pub-893b4a6a607b4221a894bf861da7914e.r2.dev/1892715198769365.mp4
uploaded         3010769729258285 c0  (video) ← 3010769729258285.mp4  → https://pub-893b4a6a607b4221a894bf861da7914e.r2.dev/3010769729258285.mp4
uploaded         1579859463277198 c0  (video) ← 1579859463277198.mp4  → https://pub-893b4a6a607b4221a894bf861da7914e.r2.dev/1579859463277198.mp4
uploaded         2811565099205874 c0  (video) ← 2811565099205874.mp4  → https://pub-893b4a6a607b4221a894bf861da7914e.r2.dev/2811565099205874.mp4
uploaded         1769340284061310 c0  (video) ← 1769340284061310.mp4  → https://pub-893b4a6a607b4221a894bf861da7914e.r2.dev/1769340284061310.mp4
uploaded         2108582196704728 c0  (video) ← 2108582196704728.mp4  → https://pub-893b4a6a607b4221a894bf861da7914e.r2.dev/2108582196704728.mp4
uploaded         2697754877288462 c0  (video) ← 2697754877288462.mp4  → https://pub-893b4a6a607b4221a894bf861da7914e.r2.dev/2697754877288462.mp4
uploaded         3287991174921979 c0  (video) ← 3287991174921979.mp4  → https://pub-893b4a6a607b4221a894bf861da7914e.r2.dev/3287991174921979.mp4
uploaded         1068912645489360 c0  (video) ← 1068912645489360.mp4  → https://pub-893b4a6a607b4221a894bf861da7914e.r2.dev/1068912645489360.mp4
uploaded         1469943388501988 c0  (video) ← 1469943388501988.mp4  → https://pub-893b4a6a607b4221a894bf861da7914e.r2.dev/1469943388501988.mp4
uploaded         1367823062216257 c0  (video) ← 1367823062216257.mp4  → https://pub-893b4a6a607b4221a894bf861da7914e.r2.dev/1367823062216257.mp4
uploaded         2756328018085438 c0  (video) ← 2756328018085438.mp4  → https://pub-893b4a6a607b4221a894bf861da7914e.r2.dev/2756328018085438.mp4
carried-forward  1660811185666077 c0  → https://pub-893b4a6a607b4221a894bf861da7914e.r2.dev/1660811185666077.mp4
uploaded         1406087614760141 c0  (video) ← 1406087614760141.mp4  → https://pub-893b4a6a607b4221a894bf861da7914e.r2.dev/1406087614760141.mp4
carried-forward  1431209032174340 c0  → https://pub-893b4a6a607b4221a894bf861da7914e.r2.dev/1431209032174340.mp4
carried-forward  27815415298084440 c0  → https://pub-893b4a6a607b4221a894bf861da7914e.r2.dev/27815415298084440.mp4
uploaded         1563991325113359 c0  (video) ← 1563991325113359.mp4  → https://pub-893b4a6a607b4221a894bf861da7914e.r2.dev/1563991325113359.mp4
uploaded         2438475116636253 c0  (video) ← 2438475116636253.mp4  → https://pub-893b4a6a607b4221a894bf861da7914e.r2.dev/2438475116636253.mp4
uploaded         1504784027602882 c0  (video) ← 1504784027602882.mp4  → https://pub-893b4a6a607b4221a894bf861da7914e.r2.dev/1504784027602882.mp4
uploaded         1040981391962140 c0  (video) ← 1040981391962140.mp4  → https://pub-893b4a6a607b4221a894bf861da7914e.r2.dev/1040981391962140.mp4
uploaded         1268174568618120 c0  (video) ← 1268174568618120.mp4  → https://pub-893b4a6a607b4221a894bf861da7914e.r2.dev/1268174568618120.mp4
uploaded         1069184032210776 c0  (video) ← 1069184032210776.mp4  → https://pub-893b4a6a607b4221a894bf861da7914e.r2.dev/1069184032210776.mp4
uploaded         1582691480037506 c0  (video) ← 1582691480037506.mp4  → https://pub-893b4a6a607b4221a894bf861da7914e.r2.dev/1582691480037506.mp4
carried-forward  1573799770762054 c0  → https://pub-893b4a6a607b4221a894bf861da7914e.r2.dev/1573799770762054.mp4
uploaded         1024176566872271 c0  (video) ← 1024176566872271.mp4  → https://pub-893b4a6a607b4221a894bf861da7914e.r2.dev/1024176566872271.mp4
uploaded         1023252604018252 c0  (video) ← 1023252604018252.mp4  → https://pub-893b4a6a607b4221a894bf861da7914e.r2.dev/1023252604018252.mp4
uploaded         1560379232489265 c0  (video) ← 1560379232489265.mp4  → https://pub-893b4a6a607b4221a894bf861da7914e.r2.dev/1560379232489265.mp4
uploaded         3599028213597520 c0  (video) ← 3599028213597520.mp4  → https://pub-893b4a6a607b4221a894bf861da7914e.r2.dev/3599028213597520.mp4
uploaded         37093339393643936 c0  (video) ← 37093339393643936.mp4  → https://pub-893b4a6a607b4221a894bf861da7914e.r2.dev/37093339393643936.mp4
carried-forward  1184386010520083 c0  → https://pub-893b4a6a607b4221a894bf861da7914e.r2.dev/1184386010520083.mp4
uploaded         1547919966874509 c0  (video) ← 1547919966874509.mp4  → https://pub-893b4a6a607b4221a894bf861da7914e.r2.dev/1547919966874509.mp4
uploaded         1537011231218971 c0  (video) ← 1537011231218971.mp4  → https://pub-893b4a6a607b4221a894bf861da7914e.r2.dev/1537011231218971.mp4
uploaded         2514977909022773 c0  (video) ← 2514977909022773.mp4  → https://pub-893b4a6a607b4221a894bf861da7914e.r2.dev/2514977909022773.mp4
uploaded         1703824997547049 c0  (video) ← 1703824997547049.mp4  → https://pub-893b4a6a607b4221a894bf861da7914e.r2.dev/1703824997547049.mp4
uploaded         1408729797742511 c0  (video) ← 1408729797742511.mp4  → https://pub-893b4a6a607b4221a894bf861da7914e.r2.dev/1408729797742511.mp4
uploaded         1214850087453624 c0  (video) ← 1214850087453624.mp4  → https://pub-893b4a6a607b4221a894bf861da7914e.r2.dev/1214850087453624.mp4
carried-forward  1912406996383214 c0  → https://pub-893b4a6a607b4221a894bf861da7914e.r2.dev/1912406996383214.mp4
uploaded         2450474868781248 c0  (video) ← 2450474868781248.mp4  → https://pub-893b4a6a607b4221a894bf861da7914e.r2.dev/2450474868781248.mp4
uploaded         1978225152861838 c0  (video) ← 1978225152861838.mp4  → https://pub-893b4a6a607b4221a894bf861da7914e.r2.dev/1978225152861838.mp4
uploaded         1681548183133337 c0  (video) ← 1681548183133337.mp4  → https://pub-893b4a6a607b4221a894bf861da7914e.r2.dev/1681548183133337.mp4
carried-forward  1377141237621817 c0  → https://pub-893b4a6a607b4221a894bf861da7914e.r2.dev/1377141237621817.mp4
carried-forward  2087987378472161 c0  → https://pub-893b4a6a607b4221a894bf861da7914e.r2.dev/2087987378472161.mp4
carried-forward  1896860787628995 c0  → https://pub-893b4a6a607b4221a894bf861da7914e.r2.dev/1896860787628995.mp4
carried-forward  2762734147432390 c0  → https://pub-893b4a6a607b4221a894bf861da7914e.r2.dev/2762734147432390.mp4
carried-forward  2201754610603677 c0  → https://pub-893b4a6a607b4221a894bf861da7914e.r2.dev/2201754610603677.mp4
carried-forward  1269756885082342 c0  → https://pub-893b4a6a607b4221a894bf861da7914e.r2.dev/1269756885082342.mp4
carried-forward  2222256028347224 c0  → https://pub-893b4a6a607b4221a894bf861da7914e.r2.dev/2222256028347224.mp4
carried-forward  1593444748791575 c0  → https://pub-893b4a6a607b4221a894bf861da7914e.r2.dev/1593444748791575.mp4
carried-forward  2485639215236433 c0  → https://pub-893b4a6a607b4221a894bf861da7914e.r2.dev/2485639215236433.mp4
carried-forward  958018013919547 c0  → https://pub-893b4a6a607b4221a894bf861da7914e.r2.dev/958018013919547.mp4
uploaded         1358418029756152 c0  (video) ← 1358418029756152.mp4  → https://pub-893b4a6a607b4221a894bf861da7914e.r2.dev/1358418029756152.mp4
carried-forward  2324155347991756 c0  → https://pub-893b4a6a607b4221a894bf861da7914e.r2.dev/2324155347991756.mp4
carried-forward  2104101840175793 c0  → https://pub-893b4a6a607b4221a894bf861da7914e.r2.dev/2104101840175793.mp4
carried-forward  1028227123019537 c0  → https://pub-893b4a6a607b4221a894bf861da7914e.r2.dev/1028227123019537.mp4
carried-forward  1933230364052576 c0  → https://pub-893b4a6a607b4221a894bf861da7914e.r2.dev/1933230364052576.mp4
carried-forward  2255971488490731 c0  → https://pub-893b4a6a607b4221a894bf861da7914e.r2.dev/2255971488490731.mp4
uploaded         883970594771023 c0  (video) ← 883970594771023.mp4  → https://pub-893b4a6a607b4221a894bf861da7914e.r2.dev/883970594771023.mp4
uploaded         1493817772792546 c0  (video) ← 1493817772792546.mp4  → https://pub-893b4a6a607b4221a894bf861da7914e.r2.dev/1493817772792546.mp4
uploaded         1394295789463865 c0  (video) ← 1394295789463865.mp4  → https://pub-893b4a6a607b4221a894bf861da7914e.r2.dev/1394295789463865.mp4
carried-forward  1816399399768731 c0  → https://pub-893b4a6a607b4221a894bf861da7914e.r2.dev/1816399399768731.mp4
carried-forward  1335940752069497 c0  → https://pub-893b4a6a607b4221a894bf861da7914e.r2.dev/1335940752069497.mp4
uploaded         1025952563756033 c0  (video) ← 1025952563756033.mp4  → https://pub-893b4a6a607b4221a894bf861da7914e.r2.dev/1025952563756033.mp4
carried-forward  1671805693873767 c0  → https://pub-893b4a6a607b4221a894bf861da7914e.r2.dev/1671805693873767.mp4
carried-forward  1744287289933298 c0  → https://pub-893b4a6a607b4221a894bf861da7914e.r2.dev/1744287289933298.mp4
carried-forward  2556561588118842 c0  → https://pub-893b4a6a607b4221a894bf861da7914e.r2.dev/2556561588118842.mp4
