# Step 3 run log
# competitor : speakeasy
# started_at : 2026-07-08T13:48:27
# input      : facebook/inputs/fb-ads-speakeasy-2026-07-08-1344.csv
# videos     : facebook/videos/speakeasy-2026-07-08
# master     : facebook/master/speakeasy.csv  (updated)
# enriched   : facebook/inputs/fb-ads-speakeasy-2026-07-08-1344_enriched.csv
# bucket     : video-ads
# public_base: https://pub-893b4a6a607b4221a894bf861da7914e.r2.dev
# dry_run    : False
#
# counts     : {'uploaded': 50, 'carried-forward': 145, 'image-pending': 0, 'video-missing': 1, 'no-creative': 0, 'error': 0}
#
carried-forward  2096925954204563 c0  → https://pub-893b4a6a607b4221a894bf861da7914e.r2.dev/2096925954204563.mp4
carried-forward  2202456460521928 c0  → https://pub-893b4a6a607b4221a894bf861da7914e.r2.dev/2202456460521928.mp4
carried-forward  1329522652574885 c0  → https://pub-893b4a6a607b4221a894bf861da7914e.r2.dev/1329522652574885.mp4
carried-forward  1350528533804193 c0  → https://pub-893b4a6a607b4221a894bf861da7914e.r2.dev/1350528533804193.mp4
carried-forward  2230483907768260 c0  → https://pub-893b4a6a607b4221a894bf861da7914e.r2.dev/2230483907768260.mp4
carried-forward  27190213957294951 c0  → https://pub-893b4a6a607b4221a894bf861da7914e.r2.dev/27190213957294951.mp4
carried-forward  1990549078495400 c0  → https://pub-893b4a6a607b4221a894bf861da7914e.r2.dev/1990549078495400.mp4
carried-forward  2443549536146368 c0  → https://pub-893b4a6a607b4221a894bf861da7914e.r2.dev/2443549536146368.mp4
carried-forward  1515028196659572 c0  → https://pub-893b4a6a607b4221a894bf861da7914e.r2.dev/1515028196659572.mp4
carried-forward  1715366832977862 c0  → https://pub-893b4a6a607b4221a894bf861da7914e.r2.dev/1715366832977862.mp4
carried-forward  1003649275414638 c0  → https://pub-893b4a6a607b4221a894bf861da7914e.r2.dev/1003649275414638.mp4
carried-forward  1004243468673350 c0  → https://pub-893b4a6a607b4221a894bf861da7914e.r2.dev/1004243468673350.mp4
carried-forward  933307746352020 c0  → https://pub-893b4a6a607b4221a894bf861da7914e.r2.dev/933307746352020.mp4
carried-forward  1274918781380927 c0  → https://pub-893b4a6a607b4221a894bf861da7914e.r2.dev/1274918781380927.mp4
carried-forward  1509000537534731 c0  → https://pub-893b4a6a607b4221a894bf861da7914e.r2.dev/1509000537534731.mp4
carried-forward  1459277669338335 c0  → https://pub-893b4a6a607b4221a894bf861da7914e.r2.dev/1459277669338335.mp4
carried-forward  4539960142950619 c0  → https://pub-893b4a6a607b4221a894bf861da7914e.r2.dev/4539960142950619.mp4
carried-forward  1697445064905391 c0  → https://pub-893b4a6a607b4221a894bf861da7914e.r2.dev/1697445064905391.mp4
carried-forward  1758345675330702 c0  → https://pub-893b4a6a607b4221a894bf861da7914e.r2.dev/1758345675330702.mp4
carried-forward  2906298679721315 c0  → https://pub-893b4a6a607b4221a894bf861da7914e.r2.dev/2906298679721315.mp4
carried-forward  979290208277494 c0  → https://pub-893b4a6a607b4221a894bf861da7914e.r2.dev/979290208277494.mp4
carried-forward  2071647760437589 c0  → https://pub-893b4a6a607b4221a894bf861da7914e.r2.dev/2071647760437589.mp4
carried-forward  1846633682964760 c0  → https://pub-893b4a6a607b4221a894bf861da7914e.r2.dev/1846633682964760.mp4
carried-forward  1324292329831050 c0  → https://pub-893b4a6a607b4221a894bf861da7914e.r2.dev/1324292329831050.mp4
carried-forward  1604188747714000 c0  → https://pub-893b4a6a607b4221a894bf861da7914e.r2.dev/1604188747714000.mp4
carried-forward  27378272641859957 c0  → https://pub-893b4a6a607b4221a894bf861da7914e.r2.dev/27378272641859957.mp4
carried-forward  1285753573334918 c0  → https://pub-893b4a6a607b4221a894bf861da7914e.r2.dev/1285753573334918.mp4
carried-forward  2245734962626860 c0  → https://pub-893b4a6a607b4221a894bf861da7914e.r2.dev/2245734962626860.mp4
carried-forward  1011965198455335 c0  → https://pub-893b4a6a607b4221a894bf861da7914e.r2.dev/1011965198455335.mp4
carried-forward  1734392771068941 c0  → https://pub-893b4a6a607b4221a894bf861da7914e.r2.dev/1734392771068941.mp4
carried-forward  1754597612655199 c0  → https://pub-893b4a6a607b4221a894bf861da7914e.r2.dev/1754597612655199.mp4
carried-forward  1802246977424820 c0  → https://pub-893b4a6a607b4221a894bf861da7914e.r2.dev/1802246977424820.mp4
video-missing    1802246977424820 c0  (expected file not found in facebook/videos/speakeasy-2026-07-08)
carried-forward  1535695454763774 c0  → https://pub-893b4a6a607b4221a894bf861da7914e.r2.dev/1535695454763774.mp4
carried-forward  1749757829714015 c0  → https://pub-893b4a6a607b4221a894bf861da7914e.r2.dev/1749757829714015.mp4
carried-forward  1706586897142307 c0  → https://pub-893b4a6a607b4221a894bf861da7914e.r2.dev/1706586897142307.mp4
carried-forward  874722785094358 c0  → https://pub-893b4a6a607b4221a894bf861da7914e.r2.dev/874722785094358.mp4
carried-forward  1818346986204122 c0  → https://pub-893b4a6a607b4221a894bf861da7914e.r2.dev/1818346986204122.mp4
carried-forward  996641986578618 c0  → https://pub-893b4a6a607b4221a894bf861da7914e.r2.dev/996641986578618.mp4
carried-forward  2218310135679156 c0  → https://pub-893b4a6a607b4221a894bf861da7914e.r2.dev/2218310135679156.mp4
carried-forward  795854463516781 c0  → https://pub-893b4a6a607b4221a894bf861da7914e.r2.dev/795854463516781.mp4
carried-forward  2547642902357219 c0  → https://pub-893b4a6a607b4221a894bf861da7914e.r2.dev/2547642902357219.mp4
carried-forward  1501674381701938 c0  → https://pub-893b4a6a607b4221a894bf861da7914e.r2.dev/1501674381701938.mp4
carried-forward  1974227159873500 c0  → https://pub-893b4a6a607b4221a894bf861da7914e.r2.dev/1974227159873500.mp4
carried-forward  854032033985665 c0  → https://pub-893b4a6a607b4221a894bf861da7914e.r2.dev/854032033985665.mp4
carried-forward  2541924189593676 c0  → https://pub-893b4a6a607b4221a894bf861da7914e.r2.dev/2541924189593676.mp4
carried-forward  1334007191542658 c0  → https://pub-893b4a6a607b4221a894bf861da7914e.r2.dev/1334007191542658.mp4
carried-forward  1543528693797253 c0  → https://pub-893b4a6a607b4221a894bf861da7914e.r2.dev/1543528693797253.mp4
carried-forward  1023353213520872 c0  → https://pub-893b4a6a607b4221a894bf861da7914e.r2.dev/1023353213520872.mp4
carried-forward  1551354719827011 c0  → https://pub-893b4a6a607b4221a894bf861da7914e.r2.dev/1551354719827011.mp4
carried-forward  1296646215598722 c0  → https://pub-893b4a6a607b4221a894bf861da7914e.r2.dev/1296646215598722.mp4
carried-forward  878270771469415 c0  → https://pub-893b4a6a607b4221a894bf861da7914e.r2.dev/878270771469415.mp4
carried-forward  1214663760729894 c0  → https://pub-893b4a6a607b4221a894bf861da7914e.r2.dev/1214663760729894.mp4
carried-forward  1522462465946347 c0  → https://pub-893b4a6a607b4221a894bf861da7914e.r2.dev/1522462465946347.mp4
carried-forward  1032328049733145 c0  → https://pub-893b4a6a607b4221a894bf861da7914e.r2.dev/1032328049733145.mp4
carried-forward  2099062654319532 c0  → https://pub-893b4a6a607b4221a894bf861da7914e.r2.dev/2099062654319532.mp4
carried-forward  898228559286423 c0  → https://pub-893b4a6a607b4221a894bf861da7914e.r2.dev/898228559286423.mp4
carried-forward  1021509707411878 c0  → https://pub-893b4a6a607b4221a894bf861da7914e.r2.dev/1021509707411878.mp4
carried-forward  1632885817785834 c0  → https://pub-893b4a6a607b4221a894bf861da7914e.r2.dev/1632885817785834.mp4
carried-forward  1362568515807869 c0  → https://pub-893b4a6a607b4221a894bf861da7914e.r2.dev/1362568515807869.mp4
carried-forward  1041697571622443 c0  → https://pub-893b4a6a607b4221a894bf861da7914e.r2.dev/1041697571622443.mp4
carried-forward  1338897621551805 c0  → https://pub-893b4a6a607b4221a894bf861da7914e.r2.dev/1338897621551805.mp4
carried-forward  1503280224228737 c0  → https://pub-893b4a6a607b4221a894bf861da7914e.r2.dev/1503280224228737.mp4
carried-forward  2091737915053511 c0  → https://pub-893b4a6a607b4221a894bf861da7914e.r2.dev/2091737915053511.mp4
carried-forward  991150477141420 c0  → https://pub-893b4a6a607b4221a894bf861da7914e.r2.dev/991150477141420.mp4
carried-forward  1255180603194330 c0  → https://pub-893b4a6a607b4221a894bf861da7914e.r2.dev/1255180603194330.mp4
carried-forward  1053835513642180 c0  → https://pub-893b4a6a607b4221a894bf861da7914e.r2.dev/1053835513642180.mp4
carried-forward  1763852395061401 c0  → https://pub-893b4a6a607b4221a894bf861da7914e.r2.dev/1763852395061401.mp4
carried-forward  1001471282690704 c0  → https://pub-893b4a6a607b4221a894bf861da7914e.r2.dev/1001471282690704.mp4
carried-forward  28143550175230534 c0  → https://pub-893b4a6a607b4221a894bf861da7914e.r2.dev/28143550175230534.mp4
carried-forward  1001493492505354 c0  → https://pub-893b4a6a607b4221a894bf861da7914e.r2.dev/1001493492505354.mp4
carried-forward  1985380975672231 c0  → https://pub-893b4a6a607b4221a894bf861da7914e.r2.dev/1985380975672231.mp4
carried-forward  1332420445054231 c0  → https://pub-893b4a6a607b4221a894bf861da7914e.r2.dev/1332420445054231.mp4
carried-forward  2146898272848405 c0  → https://pub-893b4a6a607b4221a894bf861da7914e.r2.dev/2146898272848405.mp4
carried-forward  1448236430445821 c0  → https://pub-893b4a6a607b4221a894bf861da7914e.r2.dev/1448236430445821.mp4
carried-forward  1374815784463032 c0  → https://pub-893b4a6a607b4221a894bf861da7914e.r2.dev/1374815784463032.mp4
carried-forward  1735473040779762 c0  → https://pub-893b4a6a607b4221a894bf861da7914e.r2.dev/1735473040779762.mp4
carried-forward  1719077382539404 c0  → https://pub-893b4a6a607b4221a894bf861da7914e.r2.dev/1719077382539404.mp4
carried-forward  2450004685510769 c0  → https://pub-893b4a6a607b4221a894bf861da7914e.r2.dev/2450004685510769.mp4
carried-forward  27332735843019610 c0  → https://pub-893b4a6a607b4221a894bf861da7914e.r2.dev/27332735843019610.mp4
carried-forward  1000318475941339 c0  → https://pub-893b4a6a607b4221a894bf861da7914e.r2.dev/1000318475941339.mp4
carried-forward  1070403062094490 c0  → https://pub-893b4a6a607b4221a894bf861da7914e.r2.dev/1070403062094490.mp4
carried-forward  1909547616385885 c0  → https://pub-893b4a6a607b4221a894bf861da7914e.r2.dev/1909547616385885.mp4
carried-forward  1704148214136553 c0  → https://pub-893b4a6a607b4221a894bf861da7914e.r2.dev/1704148214136553.mp4
carried-forward  1349635307286567 c0  → https://pub-893b4a6a607b4221a894bf861da7914e.r2.dev/1349635307286567.mp4
carried-forward  992648426733132 c0  → https://pub-893b4a6a607b4221a894bf861da7914e.r2.dev/992648426733132.mp4
carried-forward  1716649926223897 c0  → https://pub-893b4a6a607b4221a894bf861da7914e.r2.dev/1716649926223897.mp4
carried-forward  3463358273831686 c0  → https://pub-893b4a6a607b4221a894bf861da7914e.r2.dev/3463358273831686.mp4
carried-forward  887301687184523 c0  → https://pub-893b4a6a607b4221a894bf861da7914e.r2.dev/887301687184523.mp4
carried-forward  1590674695908524 c0  → https://pub-893b4a6a607b4221a894bf861da7914e.r2.dev/1590674695908524.mp4
carried-forward  27828393366752661 c0  → https://pub-893b4a6a607b4221a894bf861da7914e.r2.dev/27828393366752661.mp4
carried-forward  2529911954128408 c0  → https://pub-893b4a6a607b4221a894bf861da7914e.r2.dev/2529911954128408.mp4
carried-forward  2006263380252771 c0  → https://pub-893b4a6a607b4221a894bf861da7914e.r2.dev/2006263380252771.mp4
carried-forward  1833543660958672 c0  → https://pub-893b4a6a607b4221a894bf861da7914e.r2.dev/1833543660958672.mp4
carried-forward  1391579126209527 c0  → https://pub-893b4a6a607b4221a894bf861da7914e.r2.dev/1391579126209527.mp4
carried-forward  1467975991801294 c0  → https://pub-893b4a6a607b4221a894bf861da7914e.r2.dev/1467975991801294.mp4
carried-forward  1047253654505861 c0  → https://pub-893b4a6a607b4221a894bf861da7914e.r2.dev/1047253654505861.mp4
carried-forward  2239485170144584 c0  → https://pub-893b4a6a607b4221a894bf861da7914e.r2.dev/2239485170144584.mp4
carried-forward  1195330742784064 c0  → https://pub-893b4a6a607b4221a894bf861da7914e.r2.dev/1195330742784064.mp4
carried-forward  1480440910438041 c0  → https://pub-893b4a6a607b4221a894bf861da7914e.r2.dev/1480440910438041.mp4
carried-forward  2410875649400876 c0  → https://pub-893b4a6a607b4221a894bf861da7914e.r2.dev/2410875649400876.mp4
carried-forward  1587455962909974 c0  → https://pub-893b4a6a607b4221a894bf861da7914e.r2.dev/1587455962909974.mp4
carried-forward  1040958635122079 c0  → https://pub-893b4a6a607b4221a894bf861da7914e.r2.dev/1040958635122079.mp4
carried-forward  2746192179086066 c0  → https://pub-893b4a6a607b4221a894bf861da7914e.r2.dev/2746192179086066.mp4
carried-forward  2505667456537354 c0  → https://pub-893b4a6a607b4221a894bf861da7914e.r2.dev/2505667456537354.mp4
carried-forward  957285167359367 c0  → https://pub-893b4a6a607b4221a894bf861da7914e.r2.dev/957285167359367.mp4
carried-forward  27346940174999019 c0  → https://pub-893b4a6a607b4221a894bf861da7914e.r2.dev/27346940174999019.mp4
carried-forward  1009506925312398 c0  → https://pub-893b4a6a607b4221a894bf861da7914e.r2.dev/1009506925312398.mp4
carried-forward  1023988010364202 c0  → https://pub-893b4a6a607b4221a894bf861da7914e.r2.dev/1023988010364202.mp4
carried-forward  2402230093640412 c0  → https://pub-893b4a6a607b4221a894bf861da7914e.r2.dev/2402230093640412.mp4
carried-forward  2085602789500487 c0  → https://pub-893b4a6a607b4221a894bf861da7914e.r2.dev/2085602789500487.mp4
carried-forward  3141980219526587 c0  → https://pub-893b4a6a607b4221a894bf861da7914e.r2.dev/3141980219526587.mp4
carried-forward  1035879172344781 c0  → https://pub-893b4a6a607b4221a894bf861da7914e.r2.dev/1035879172344781.mp4
carried-forward  1626409292823936 c0  → https://pub-893b4a6a607b4221a894bf861da7914e.r2.dev/1626409292823936.mp4
carried-forward  28145326978417302 c0  → https://pub-893b4a6a607b4221a894bf861da7914e.r2.dev/28145326978417302.mp4
carried-forward  2054050898814001 c0  → https://pub-893b4a6a607b4221a894bf861da7914e.r2.dev/2054050898814001.mp4
carried-forward  2462388210949536 c0  → https://pub-893b4a6a607b4221a894bf861da7914e.r2.dev/2462388210949536.mp4
carried-forward  1725173032127179 c0  → https://pub-893b4a6a607b4221a894bf861da7914e.r2.dev/1725173032127179.mp4
carried-forward  2260663914470142 c0  → https://pub-893b4a6a607b4221a894bf861da7914e.r2.dev/2260663914470142.mp4
carried-forward  900969355681714 c0  → https://pub-893b4a6a607b4221a894bf861da7914e.r2.dev/900969355681714.mp4
carried-forward  1587409046059885 c0  → https://pub-893b4a6a607b4221a894bf861da7914e.r2.dev/1587409046059885.mp4
carried-forward  1377337500925952 c0  → https://pub-893b4a6a607b4221a894bf861da7914e.r2.dev/1377337500925952.mp4
carried-forward  1192368027296673 c0  → https://pub-893b4a6a607b4221a894bf861da7914e.r2.dev/1192368027296673.mp4
carried-forward  1408226581357527 c0  → https://pub-893b4a6a607b4221a894bf861da7914e.r2.dev/1408226581357527.mp4
carried-forward  1740609950499972 c0  → https://pub-893b4a6a607b4221a894bf861da7914e.r2.dev/1740609950499972.mp4
carried-forward  1344870927059504 c0  → https://pub-893b4a6a607b4221a894bf861da7914e.r2.dev/1344870927059504.mp4
carried-forward  1307446454905547 c0  → https://pub-893b4a6a607b4221a894bf861da7914e.r2.dev/1307446454905547.mp4
carried-forward  1340265177603036 c0  → https://pub-893b4a6a607b4221a894bf861da7914e.r2.dev/1340265177603036.mp4
carried-forward  2227054274738884 c0  → https://pub-893b4a6a607b4221a894bf861da7914e.r2.dev/2227054274738884.mp4
carried-forward  1369401821772300 c0  → https://pub-893b4a6a607b4221a894bf861da7914e.r2.dev/1369401821772300.mp4
carried-forward  2026350354935834 c0  → https://pub-893b4a6a607b4221a894bf861da7914e.r2.dev/2026350354935834.mp4
carried-forward  1363702135856117 c0  → https://pub-893b4a6a607b4221a894bf861da7914e.r2.dev/1363702135856117.mp4
carried-forward  920211211089397 c0  → https://pub-893b4a6a607b4221a894bf861da7914e.r2.dev/920211211089397.mp4
carried-forward  1001147922916143 c0  → https://pub-893b4a6a607b4221a894bf861da7914e.r2.dev/1001147922916143.mp4
carried-forward  816802498065426 c0  → https://pub-893b4a6a607b4221a894bf861da7914e.r2.dev/816802498065426.mp4
carried-forward  2987030504832419 c0  → https://pub-893b4a6a607b4221a894bf861da7914e.r2.dev/2987030504832419.mp4
carried-forward  1342294124726812 c0  → https://pub-893b4a6a607b4221a894bf861da7914e.r2.dev/1342294124726812.mp4
carried-forward  2172556466952329 c0  → https://pub-893b4a6a607b4221a894bf861da7914e.r2.dev/2172556466952329.mp4
carried-forward  1607286517667851 c0  → https://pub-893b4a6a607b4221a894bf861da7914e.r2.dev/1607286517667851.mp4
carried-forward  1410309780940215 c0  → https://pub-893b4a6a607b4221a894bf861da7914e.r2.dev/1410309780940215.mp4
carried-forward  1342694077302415 c0  → https://pub-893b4a6a607b4221a894bf861da7914e.r2.dev/1342694077302415.mp4
carried-forward  1578970630444146 c0  → https://pub-893b4a6a607b4221a894bf861da7914e.r2.dev/1578970630444146.mp4
carried-forward  2469497800193610 c0  → https://pub-893b4a6a607b4221a894bf861da7914e.r2.dev/2469497800193610.mp4
carried-forward  1225320572989174 c0  → https://pub-893b4a6a607b4221a894bf861da7914e.r2.dev/1225320572989174.mp4
carried-forward  1398846785397568 c0  → https://pub-893b4a6a607b4221a894bf861da7914e.r2.dev/1398846785397568.mp4
carried-forward  1258246172917487 c0  → https://pub-893b4a6a607b4221a894bf861da7914e.r2.dev/1258246172917487.mp4
uploaded         2021445902097676 c0  (video) ← 2021445902097676.mp4  → https://pub-893b4a6a607b4221a894bf861da7914e.r2.dev/2021445902097676.mp4
uploaded         1123946773670633 c0  (video) ← 1123946773670633.mp4  → https://pub-893b4a6a607b4221a894bf861da7914e.r2.dev/1123946773670633.mp4
uploaded         2082896602607732 c0  (video) ← 2082896602607732.mp4  → https://pub-893b4a6a607b4221a894bf861da7914e.r2.dev/2082896602607732.mp4
uploaded         1039598875212554 c0  (video) ← 1039598875212554.mp4  → https://pub-893b4a6a607b4221a894bf861da7914e.r2.dev/1039598875212554.mp4
uploaded         1523794219232013 c0  (video) ← 1523794219232013.mp4  → https://pub-893b4a6a607b4221a894bf861da7914e.r2.dev/1523794219232013.mp4
uploaded         1761418794911113 c0  (video) ← 1761418794911113.mp4  → https://pub-893b4a6a607b4221a894bf861da7914e.r2.dev/1761418794911113.mp4
uploaded         27910941038497900 c0  (video) ← 27910941038497900.mp4  → https://pub-893b4a6a607b4221a894bf861da7914e.r2.dev/27910941038497900.mp4
uploaded         2125372858321080 c0  (video) ← 2125372858321080.mp4  → https://pub-893b4a6a607b4221a894bf861da7914e.r2.dev/2125372858321080.mp4
uploaded         1004717589030323 c0  (video) ← 1004717589030323.mp4  → https://pub-893b4a6a607b4221a894bf861da7914e.r2.dev/1004717589030323.mp4
uploaded         1791911951778567 c0  (video) ← 1791911951778567.mp4  → https://pub-893b4a6a607b4221a894bf861da7914e.r2.dev/1791911951778567.mp4
uploaded         4074350866028109 c0  (video) ← 4074350866028109.mp4  → https://pub-893b4a6a607b4221a894bf861da7914e.r2.dev/4074350866028109.mp4
uploaded         1549301116582328 c0  (video) ← 1549301116582328.mp4  → https://pub-893b4a6a607b4221a894bf861da7914e.r2.dev/1549301116582328.mp4
uploaded         1578041776997378 c0  (video) ← 1578041776997378.mp4  → https://pub-893b4a6a607b4221a894bf861da7914e.r2.dev/1578041776997378.mp4
uploaded         1784508499199267 c0  (video) ← 1784508499199267.mp4  → https://pub-893b4a6a607b4221a894bf861da7914e.r2.dev/1784508499199267.mp4
uploaded         1663711818261206 c0  (video) ← 1663711818261206.mp4  → https://pub-893b4a6a607b4221a894bf861da7914e.r2.dev/1663711818261206.mp4
uploaded         1190324497501307 c0  (video) ← 1190324497501307.mp4  → https://pub-893b4a6a607b4221a894bf861da7914e.r2.dev/1190324497501307.mp4
uploaded         1717092429428056 c0  (video) ← 1717092429428056.mp4  → https://pub-893b4a6a607b4221a894bf861da7914e.r2.dev/1717092429428056.mp4
uploaded         28059526650340233 c0  (video) ← 28059526650340233.mp4  → https://pub-893b4a6a607b4221a894bf861da7914e.r2.dev/28059526650340233.mp4
uploaded         1685798842655328 c0  (video) ← 1685798842655328.mp4  → https://pub-893b4a6a607b4221a894bf861da7914e.r2.dev/1685798842655328.mp4
uploaded         1501484407863476 c0  (video) ← 1501484407863476.mp4  → https://pub-893b4a6a607b4221a894bf861da7914e.r2.dev/1501484407863476.mp4
uploaded         997547096497631 c0  (video) ← 997547096497631.mp4  → https://pub-893b4a6a607b4221a894bf861da7914e.r2.dev/997547096497631.mp4
uploaded         2072428540334128 c0  (video) ← 2072428540334128.mp4  → https://pub-893b4a6a607b4221a894bf861da7914e.r2.dev/2072428540334128.mp4
uploaded         891518497323032 c0  (video) ← 891518497323032.mp4  → https://pub-893b4a6a607b4221a894bf861da7914e.r2.dev/891518497323032.mp4
uploaded         1308195864634117 c0  (video) ← 1308195864634117.mp4  → https://pub-893b4a6a607b4221a894bf861da7914e.r2.dev/1308195864634117.mp4
uploaded         3341258446078080 c0  (video) ← 3341258446078080.mp4  → https://pub-893b4a6a607b4221a894bf861da7914e.r2.dev/3341258446078080.mp4
uploaded         1571177437879115 c0  (video) ← 1571177437879115.mp4  → https://pub-893b4a6a607b4221a894bf861da7914e.r2.dev/1571177437879115.mp4
uploaded         1344300023810868 c0  (video) ← 1344300023810868.mp4  → https://pub-893b4a6a607b4221a894bf861da7914e.r2.dev/1344300023810868.mp4
uploaded         1063387769581337 c0  (video) ← 1063387769581337.mp4  → https://pub-893b4a6a607b4221a894bf861da7914e.r2.dev/1063387769581337.mp4
uploaded         2579746372455512 c0  (video) ← 2579746372455512.mp4  → https://pub-893b4a6a607b4221a894bf861da7914e.r2.dev/2579746372455512.mp4
uploaded         1992281408060405 c0  (video) ← 1992281408060405.mp4  → https://pub-893b4a6a607b4221a894bf861da7914e.r2.dev/1992281408060405.mp4
uploaded         1555778526279308 c0  (video) ← 1555778526279308.mp4  → https://pub-893b4a6a607b4221a894bf861da7914e.r2.dev/1555778526279308.mp4
uploaded         1042820778264769 c0  (video) ← 1042820778264769.mp4  → https://pub-893b4a6a607b4221a894bf861da7914e.r2.dev/1042820778264769.mp4
uploaded         1018845284224419 c0  (video) ← 1018845284224419.mp4  → https://pub-893b4a6a607b4221a894bf861da7914e.r2.dev/1018845284224419.mp4
uploaded         1040866605065053 c0  (video) ← 1040866605065053.mp4  → https://pub-893b4a6a607b4221a894bf861da7914e.r2.dev/1040866605065053.mp4
uploaded         1342758677960190 c0  (video) ← 1342758677960190.mp4  → https://pub-893b4a6a607b4221a894bf861da7914e.r2.dev/1342758677960190.mp4
uploaded         1398725629025205 c0  (video) ← 1398725629025205.mp4  → https://pub-893b4a6a607b4221a894bf861da7914e.r2.dev/1398725629025205.mp4
uploaded         1536148764877969 c0  (video) ← 1536148764877969.mp4  → https://pub-893b4a6a607b4221a894bf861da7914e.r2.dev/1536148764877969.mp4
uploaded         924091447372932 c0  (video) ← 924091447372932.mp4  → https://pub-893b4a6a607b4221a894bf861da7914e.r2.dev/924091447372932.mp4
uploaded         3045173519026177 c0  (video) ← 3045173519026177.mp4  → https://pub-893b4a6a607b4221a894bf861da7914e.r2.dev/3045173519026177.mp4
uploaded         1545930513871571 c0  (video) ← 1545930513871571.mp4  → https://pub-893b4a6a607b4221a894bf861da7914e.r2.dev/1545930513871571.mp4
uploaded         2162690177642951 c0  (video) ← 2162690177642951.mp4  → https://pub-893b4a6a607b4221a894bf861da7914e.r2.dev/2162690177642951.mp4
uploaded         1648772409911904 c0  (video) ← 1648772409911904.mp4  → https://pub-893b4a6a607b4221a894bf861da7914e.r2.dev/1648772409911904.mp4
uploaded         952801871153782 c0  (video) ← 952801871153782.mp4  → https://pub-893b4a6a607b4221a894bf861da7914e.r2.dev/952801871153782.mp4
uploaded         2836087933428989 c0  (video) ← 2836087933428989.mp4  → https://pub-893b4a6a607b4221a894bf861da7914e.r2.dev/2836087933428989.mp4
uploaded         1375759414703017 c0  (video) ← 1375759414703017.mp4  → https://pub-893b4a6a607b4221a894bf861da7914e.r2.dev/1375759414703017.mp4
uploaded         1773083430522130 c0  (video) ← 1773083430522130.mp4  → https://pub-893b4a6a607b4221a894bf861da7914e.r2.dev/1773083430522130.mp4
uploaded         2041023796520913 c0  (video) ← 2041023796520913.mp4  → https://pub-893b4a6a607b4221a894bf861da7914e.r2.dev/2041023796520913.mp4
uploaded         1362026709357270 c0  (video) ← 1362026709357270.mp4  → https://pub-893b4a6a607b4221a894bf861da7914e.r2.dev/1362026709357270.mp4
uploaded         2479336475900891 c0  (video) ← 2479336475900891.mp4  → https://pub-893b4a6a607b4221a894bf861da7914e.r2.dev/2479336475900891.mp4
uploaded         4323868357829159 c0  (video) ← 4323868357829159.mp4  → https://pub-893b4a6a607b4221a894bf861da7914e.r2.dev/4323868357829159.mp4
