# Step 3 run log
# competitor : wispr-flow
# started_at : 2026-07-22T13:32:03
# input      : facebook/inputs/fb-ads-wispr-flow-2026-07-22-1331.csv
# videos     : facebook/videos/wispr-flow-2026-07-22
# master     : facebook/master/wispr-flow.csv  (updated)
# enriched   : facebook/inputs/fb-ads-wispr-flow-2026-07-22-1331_enriched.csv
# bucket     : video-ads
# public_base: https://pub-893b4a6a607b4221a894bf861da7914e.r2.dev
# dry_run    : False
#
# counts     : {'uploaded': 0, 'carried-forward': 41, 'image-pending': 25, 'video-missing': 0, 'no-creative': 0, 'error': 0}
#
carried-forward  1724438051929110 c0  → https://pub-893b4a6a607b4221a894bf861da7914e.r2.dev/1724438051929110.mp4
carried-forward  1051978690742116 c0  → https://pub-893b4a6a607b4221a894bf861da7914e.r2.dev/1051978690742116.mp4
image-pending    1002529055904133 c0  (HANDOVER §8.5 — image handling not yet built)
carried-forward  849299764904914 c0  → https://pub-893b4a6a607b4221a894bf861da7914e.r2.dev/849299764904914.mp4
carried-forward  1034617109315250 c0  → https://pub-893b4a6a607b4221a894bf861da7914e.r2.dev/1034617109315250.mp4
carried-forward  978023111708983 c0  → https://pub-893b4a6a607b4221a894bf861da7914e.r2.dev/978023111708983.mp4
carried-forward  1005206305387671 c0  → https://pub-893b4a6a607b4221a894bf861da7914e.r2.dev/1005206305387671.mp4
carried-forward  2041279759849850 c0  → https://pub-893b4a6a607b4221a894bf861da7914e.r2.dev/2041279759849850.mp4
carried-forward  2327121097820412 c0  → https://pub-893b4a6a607b4221a894bf861da7914e.r2.dev/2327121097820412.mp4
carried-forward  1299327432353416 c0  → https://pub-893b4a6a607b4221a894bf861da7914e.r2.dev/1299327432353416.mp4
image-pending    1349556383997929 c0  (HANDOVER §8.5 — image handling not yet built)
image-pending    1027337319877150 c0  (HANDOVER §8.5 — image handling not yet built)
carried-forward  1417167010227528 c0  → https://pub-893b4a6a607b4221a894bf861da7914e.r2.dev/1417167010227528.mp4
carried-forward  1560963999146409 c0  → https://pub-893b4a6a607b4221a894bf861da7914e.r2.dev/1560963999146409.mp4
image-pending    2275489369526488 c0  (HANDOVER §8.5 — image handling not yet built)
image-pending    4328943554038266 c0  (HANDOVER §8.5 — image handling not yet built)
carried-forward  1453568586537172 c0  → https://pub-893b4a6a607b4221a894bf861da7914e.r2.dev/1453568586537172.mp4
carried-forward  853910447569286 c0  → https://pub-893b4a6a607b4221a894bf861da7914e.r2.dev/853910447569286.mp4
image-pending    1522960312960160 c0  (HANDOVER §8.5 — image handling not yet built)
carried-forward  1940813073559746 c0  → https://pub-893b4a6a607b4221a894bf861da7914e.r2.dev/1940813073559746.mp4
carried-forward  2224530435067193 c0  → https://pub-893b4a6a607b4221a894bf861da7914e.r2.dev/2224530435067193.mp4
image-pending    1027531709677491 c0  (HANDOVER §8.5 — image handling not yet built)
carried-forward  1063587269925223 c0  → https://pub-893b4a6a607b4221a894bf861da7914e.r2.dev/1063587269925223.mp4
carried-forward  1539687641505367 c0  → https://pub-893b4a6a607b4221a894bf861da7914e.r2.dev/1539687641505367.mp4
carried-forward  1749087119443509 c0  → https://pub-893b4a6a607b4221a894bf861da7914e.r2.dev/1749087119443509.mp4
image-pending    27348639248125430 c0  (HANDOVER §8.5 — image handling not yet built)
image-pending    938508952538638 c0  (HANDOVER §8.5 — image handling not yet built)
carried-forward  2110693476156243 c0  → https://pub-893b4a6a607b4221a894bf861da7914e.r2.dev/2110693476156243.mp4
image-pending    3641404452683782 c0  (HANDOVER §8.5 — image handling not yet built)
image-pending    2016767815639042 c0  (HANDOVER §8.5 — image handling not yet built)
image-pending    1945116339631853 c0  (HANDOVER §8.5 — image handling not yet built)
image-pending    919884424465438 c0  (HANDOVER §8.5 — image handling not yet built)
image-pending    2420504058445837 c0  (HANDOVER §8.5 — image handling not yet built)
carried-forward  1083491307541036 c0  → https://pub-893b4a6a607b4221a894bf861da7914e.r2.dev/1083491307541036.mp4
carried-forward  1405864931180510 c0  → https://pub-893b4a6a607b4221a894bf861da7914e.r2.dev/1405864931180510.mp4
image-pending    1079023641751108 c0  (HANDOVER §8.5 — image handling not yet built)
image-pending    1021919940229138 c0  (HANDOVER §8.5 — image handling not yet built)
carried-forward  1911840256162372 c0  → https://pub-893b4a6a607b4221a894bf861da7914e.r2.dev/1911840256162372.mp4
image-pending    1506295654572352 c0  (HANDOVER §8.5 — image handling not yet built)
image-pending    1003727858957538 c0  (HANDOVER §8.5 — image handling not yet built)
carried-forward  1722035289142196 c0  → https://pub-893b4a6a607b4221a894bf861da7914e.r2.dev/1722035289142196.mp4
carried-forward  969122726161301 c0  → https://pub-893b4a6a607b4221a894bf861da7914e.r2.dev/969122726161301.mp4
image-pending    1081367241232780 c0  (HANDOVER §8.5 — image handling not yet built)
image-pending    27409361862024604 c0  (HANDOVER §8.5 — image handling not yet built)
image-pending    881442491671596 c0  (HANDOVER §8.5 — image handling not yet built)
carried-forward  1006057622323852 c0  → https://pub-893b4a6a607b4221a894bf861da7914e.r2.dev/1006057622323852.mp4
image-pending    1017221324610288 c0  (HANDOVER §8.5 — image handling not yet built)
image-pending    2024423071512210 c0  (HANDOVER §8.5 — image handling not yet built)
image-pending    999158776435786 c0  (HANDOVER §8.5 — image handling not yet built)
carried-forward  4435658483366549 c0  → https://pub-893b4a6a607b4221a894bf861da7914e.r2.dev/4435658483366549.mp4
image-pending    1553150326418901 c0  (HANDOVER §8.5 — image handling not yet built)
carried-forward  1037896822268143 c0  → https://pub-893b4a6a607b4221a894bf861da7914e.r2.dev/1037896822268143.mp4
carried-forward  1010446098268461 c0  → https://pub-893b4a6a607b4221a894bf861da7914e.r2.dev/1010446098268461.mp4
carried-forward  1265070633352017 c0  → https://pub-893b4a6a607b4221a894bf861da7914e.r2.dev/1265070633352017.mp4
carried-forward  1018832087208592 c0  → https://pub-893b4a6a607b4221a894bf861da7914e.r2.dev/1018832087208592.mp4
carried-forward  909304835543708 c0  → https://pub-893b4a6a607b4221a894bf861da7914e.r2.dev/909304835543708.mp4
carried-forward  1502296127796689 c0  → https://pub-893b4a6a607b4221a894bf861da7914e.r2.dev/1502296127796689.mp4
carried-forward  791491180657078 c0  → https://pub-893b4a6a607b4221a894bf861da7914e.r2.dev/791491180657078.mp4
carried-forward  1058746456810441 c0  → https://pub-893b4a6a607b4221a894bf861da7914e.r2.dev/1058746456810441.mp4
carried-forward  2250509392383244 c0  → https://pub-893b4a6a607b4221a894bf861da7914e.r2.dev/2250509392383244.mp4
carried-forward  869261012542439 c0  → https://pub-893b4a6a607b4221a894bf861da7914e.r2.dev/869261012542439.mp4
carried-forward  1806778156954145 c0  → https://pub-893b4a6a607b4221a894bf861da7914e.r2.dev/1806778156954145.mp4
carried-forward  1506529434041835 c0  → https://pub-893b4a6a607b4221a894bf861da7914e.r2.dev/1506529434041835.mp4
carried-forward  1743992433705412 c0  → https://pub-893b4a6a607b4221a894bf861da7914e.r2.dev/1743992433705412.mp4
carried-forward  2600374387043748 c0  → https://pub-893b4a6a607b4221a894bf861da7914e.r2.dev/2600374387043748.mp4
carried-forward  2044595546431200 c0  → https://pub-893b4a6a607b4221a894bf861da7914e.r2.dev/2044595546431200.mp4
