# Step 3 run log
# competitor : wispr-flow
# started_at : 2026-06-25T13:58:28
# input      : facebook/inputs/fb-ads-wispr-flow-2026-06-25-1357.csv
# videos     : facebook/videos/wispr-flow-2026-06-25
# master     : facebook/master/wispr-flow.csv  (updated)
# enriched   : facebook/inputs/fb-ads-wispr-flow-2026-06-25-1357_enriched.csv
# bucket     : video-ads
# public_base: https://pub-893b4a6a607b4221a894bf861da7914e.r2.dev
# dry_run    : False
#
# counts     : {'uploaded': 1, 'carried-forward': 6, 'image-pending': 1, 'video-missing': 0, 'no-creative': 0, 'error': 0}
#
carried-forward  1724438051929110 c0  → https://pub-893b4a6a607b4221a894bf861da7914e.r2.dev/1724438051929110.mp4
carried-forward  849299764904914 c0  → https://pub-893b4a6a607b4221a894bf861da7914e.r2.dev/849299764904914.mp4
carried-forward  1005206305387671 c0  → https://pub-893b4a6a607b4221a894bf861da7914e.r2.dev/1005206305387671.mp4
carried-forward  1034617109315250 c0  → https://pub-893b4a6a607b4221a894bf861da7914e.r2.dev/1034617109315250.mp4
carried-forward  1299327432353416 c0  → https://pub-893b4a6a607b4221a894bf861da7914e.r2.dev/1299327432353416.mp4
carried-forward  2327121097820412 c0  → https://pub-893b4a6a607b4221a894bf861da7914e.r2.dev/2327121097820412.mp4
uploaded         1051978690742116 c0  (video) ← 1051978690742116.mp4  → https://pub-893b4a6a607b4221a894bf861da7914e.r2.dev/1051978690742116.mp4
image-pending    1798704751287375 c0  (HANDOVER §8.5 — image handling not yet built)
