# Step 3 run log
# competitor : wispr-flow
# started_at : 2026-07-12T14:16:10
# input      : facebook/inputs/fb-ads-wispr-flow-2026-07-12-1415.csv
# videos     : facebook/videos/wispr-flow-2026-07-12
# master     : facebook/master/wispr-flow.csv  (updated)
# enriched   : facebook/inputs/fb-ads-wispr-flow-2026-07-12-1415_enriched.csv
# bucket     : video-ads
# public_base: https://pub-893b4a6a607b4221a894bf861da7914e.r2.dev
# dry_run    : False
#
# counts     : {'uploaded': 0, 'carried-forward': 16, 'image-pending': 28, 'video-missing': 0, 'no-creative': 0, 'error': 0}
#
image-pending    1760375222070126 c0  (HANDOVER §8.5 — image handling not yet built)
carried-forward  1724438051929110 c0  → https://pub-893b4a6a607b4221a894bf861da7914e.r2.dev/1724438051929110.mp4
carried-forward  1051978690742116 c0  → https://pub-893b4a6a607b4221a894bf861da7914e.r2.dev/1051978690742116.mp4
image-pending    1798704751287375 c0  (HANDOVER §8.5 — image handling not yet built)
image-pending    1798704751287375 c0  (HANDOVER §8.5 — image handling not yet built)
carried-forward  849299764904914 c0  → https://pub-893b4a6a607b4221a894bf861da7914e.r2.dev/849299764904914.mp4
carried-forward  1021652673555665 c0  → https://pub-893b4a6a607b4221a894bf861da7914e.r2.dev/1021652673555665.mp4
carried-forward  1034617109315250 c0  → https://pub-893b4a6a607b4221a894bf861da7914e.r2.dev/1034617109315250.mp4
carried-forward  1005206305387671 c0  → https://pub-893b4a6a607b4221a894bf861da7914e.r2.dev/1005206305387671.mp4
image-pending    1002529055904133 c0  (HANDOVER §8.5 — image handling not yet built)
carried-forward  2327121097820412 c0  → https://pub-893b4a6a607b4221a894bf861da7914e.r2.dev/2327121097820412.mp4
carried-forward  978023111708983 c0  → https://pub-893b4a6a607b4221a894bf861da7914e.r2.dev/978023111708983.mp4
carried-forward  1299327432353416 c0  → https://pub-893b4a6a607b4221a894bf861da7914e.r2.dev/1299327432353416.mp4
image-pending    1027337319877150 c0  (HANDOVER §8.5 — image handling not yet built)
carried-forward  1453568586537172 c0  → https://pub-893b4a6a607b4221a894bf861da7914e.r2.dev/1453568586537172.mp4
carried-forward  1560963999146409 c0  → https://pub-893b4a6a607b4221a894bf861da7914e.r2.dev/1560963999146409.mp4
image-pending    1349556383997929 c0  (HANDOVER §8.5 — image handling not yet built)
image-pending    2275489369526488 c0  (HANDOVER §8.5 — image handling not yet built)
image-pending    1522960312960160 c0  (HANDOVER §8.5 — image handling not yet built)
carried-forward  2224530435067193 c0  → https://pub-893b4a6a607b4221a894bf861da7914e.r2.dev/2224530435067193.mp4
carried-forward  2041279759849850 c0  → https://pub-893b4a6a607b4221a894bf861da7914e.r2.dev/2041279759849850.mp4
image-pending    3641404452683782 c0  (HANDOVER §8.5 — image handling not yet built)
image-pending    2420504058445837 c0  (HANDOVER §8.5 — image handling not yet built)
image-pending    938508952538638 c0  (HANDOVER §8.5 — image handling not yet built)
image-pending    27348639248125430 c0  (HANDOVER §8.5 — image handling not yet built)
image-pending    4328943554038266 c0  (HANDOVER §8.5 — image handling not yet built)
carried-forward  1405864931180510 c0  → https://pub-893b4a6a607b4221a894bf861da7914e.r2.dev/1405864931180510.mp4
image-pending    1021919940229138 c0  (HANDOVER §8.5 — image handling not yet built)
image-pending    1079023641751108 c0  (HANDOVER §8.5 — image handling not yet built)
image-pending    919884424465438 c0  (HANDOVER §8.5 — image handling not yet built)
image-pending    1027531709677491 c0  (HANDOVER §8.5 — image handling not yet built)
image-pending    1945116339631853 c0  (HANDOVER §8.5 — image handling not yet built)
carried-forward  2110693476156243 c0  → https://pub-893b4a6a607b4221a894bf861da7914e.r2.dev/2110693476156243.mp4
image-pending    2016767815639042 c0  (HANDOVER §8.5 — image handling not yet built)
image-pending    1506295654572352 c0  (HANDOVER §8.5 — image handling not yet built)
image-pending    1003727858957538 c0  (HANDOVER §8.5 — image handling not yet built)
image-pending    1081367241232780 c0  (HANDOVER §8.5 — image handling not yet built)
image-pending    27409361862024604 c0  (HANDOVER §8.5 — image handling not yet built)
image-pending    881442491671596 c0  (HANDOVER §8.5 — image handling not yet built)
image-pending    1017221324610288 c0  (HANDOVER §8.5 — image handling not yet built)
image-pending    999158776435786 c0  (HANDOVER §8.5 — image handling not yet built)
image-pending    2024423071512210 c0  (HANDOVER §8.5 — image handling not yet built)
carried-forward  4435658483366549 c0  → https://pub-893b4a6a607b4221a894bf861da7914e.r2.dev/4435658483366549.mp4
image-pending    1553150326418901 c0  (HANDOVER §8.5 — image handling not yet built)
