# Step 3 run log
# competitor : wispr-flow
# started_at : 2026-06-16T14:17:39
# input      : facebook/inputs/fb-ads-wispr-flow-2026-06-16-1416.csv
# videos     : facebook/videos/wispr-flow-2026-06-16
# master     : facebook/master/wispr-flow.csv  (updated)
# enriched   : facebook/inputs/fb-ads-wispr-flow-2026-06-16-1416_enriched.csv
# bucket     : video-ads
# public_base: https://dcfd27564ef899969db9a562c7e1945f.r2.cloudflarestorage.com
# dry_run    : False
#
# counts     : {'uploaded': 7, 'carried-forward': 0, 'image-pending': 0, 'video-missing': 0, 'no-creative': 0, 'error': 0}
#
uploaded         1724438051929110 c0  (video) ← 1724438051929110.mp4  → https://dcfd27564ef899969db9a562c7e1945f.r2.cloudflarestorage.com/1724438051929110.mp4
uploaded         849299764904914 c0  (video) ← 849299764904914.mp4  → https://dcfd27564ef899969db9a562c7e1945f.r2.cloudflarestorage.com/849299764904914.mp4
uploaded         1005206305387671 c0  (video) ← 1005206305387671.mp4  → https://dcfd27564ef899969db9a562c7e1945f.r2.cloudflarestorage.com/1005206305387671.mp4
uploaded         1502163374924961 c0  (video) ← 1502163374924961.mp4  → https://dcfd27564ef899969db9a562c7e1945f.r2.cloudflarestorage.com/1502163374924961.mp4
uploaded         1034617109315250 c0  (video) ← 1034617109315250.mp4  → https://dcfd27564ef899969db9a562c7e1945f.r2.cloudflarestorage.com/1034617109315250.mp4
uploaded         1299327432353416 c0  (video) ← 1299327432353416.mp4  → https://dcfd27564ef899969db9a562c7e1945f.r2.cloudflarestorage.com/1299327432353416.mp4
uploaded         2327121097820412 c0  (video) ← 2327121097820412.mp4  → https://dcfd27564ef899969db9a562c7e1945f.r2.cloudflarestorage.com/2327121097820412.mp4
