# Step 3 run log
# competitor : wispr-flow
# started_at : 2026-06-23T13:20:21
# input      : facebook/inputs/fb-ads-wispr-flow-2026-06-23-1311.csv
# videos     : facebook/videos/wispr-flow-2026-06-23
# master     : facebook/master/wispr-flow.csv  (updated)
# enriched   : facebook/inputs/fb-ads-wispr-flow-2026-06-23-1311_enriched.csv
# bucket     : video-ads
# public_base: https://dcfd27564ef899969db9a562c7e1945f.r2.cloudflarestorage.com
# dry_run    : False
#
# counts     : {'uploaded': 0, 'carried-forward': 7, 'image-pending': 0, 'video-missing': 0, 'no-creative': 0, 'error': 0}
#
carried-forward  1724438051929110 c0  → https://dcfd27564ef899969db9a562c7e1945f.r2.cloudflarestorage.com/1724438051929110.mp4
carried-forward  849299764904914 c0  → https://dcfd27564ef899969db9a562c7e1945f.r2.cloudflarestorage.com/849299764904914.mp4
carried-forward  1005206305387671 c0  → https://dcfd27564ef899969db9a562c7e1945f.r2.cloudflarestorage.com/1005206305387671.mp4
carried-forward  1034617109315250 c0  → https://dcfd27564ef899969db9a562c7e1945f.r2.cloudflarestorage.com/1034617109315250.mp4
carried-forward  1502163374924961 c0  → https://dcfd27564ef899969db9a562c7e1945f.r2.cloudflarestorage.com/1502163374924961.mp4
carried-forward  1299327432353416 c0  → https://dcfd27564ef899969db9a562c7e1945f.r2.cloudflarestorage.com/1299327432353416.mp4
carried-forward  2327121097820412 c0  → https://dcfd27564ef899969db9a562c7e1945f.r2.cloudflarestorage.com/2327121097820412.mp4
