# Step 3 run log
# competitor : zinglish
# started_at : 2026-07-25T06:22:29
# input      : facebook/inputs/fb-ads-zinglish-2026-07-25-0619.csv
# videos     : facebook/videos/zinglish-2026-07-25
# master     : facebook/master/zinglish.csv  (updated)
# enriched   : facebook/inputs/fb-ads-zinglish-2026-07-25-0619_enriched.csv
# bucket     : video-ads
# public_base: https://pub-893b4a6a607b4221a894bf861da7914e.r2.dev
# dry_run    : False
#
# counts     : {'uploaded': 17, 'carried-forward': 31, 'image-pending': 1, 'video-missing': 0, 'no-creative': 0, 'error': 0}
#
carried-forward  908822938160022 c0  → https://pub-893b4a6a607b4221a894bf861da7914e.r2.dev/908822938160022.mp4
carried-forward  2145402302955929 c0  → https://pub-893b4a6a607b4221a894bf861da7914e.r2.dev/2145402302955929.mp4
carried-forward  1414823376812512 c0  → https://pub-893b4a6a607b4221a894bf861da7914e.r2.dev/1414823376812512.mp4
carried-forward  1214331300401198 c0  → https://pub-893b4a6a607b4221a894bf861da7914e.r2.dev/1214331300401198.mp4
carried-forward  1417738519758197 c0  → https://pub-893b4a6a607b4221a894bf861da7914e.r2.dev/1417738519758197.mp4
carried-forward  1457798545962459 c0  → https://pub-893b4a6a607b4221a894bf861da7914e.r2.dev/1457798545962459.mp4
carried-forward  1403710238171409 c0  → https://pub-893b4a6a607b4221a894bf861da7914e.r2.dev/1403710238171409.mp4
carried-forward  895901269731389 c0  → https://pub-893b4a6a607b4221a894bf861da7914e.r2.dev/895901269731389.mp4
carried-forward  25674228382269402 c0  → https://pub-893b4a6a607b4221a894bf861da7914e.r2.dev/25674228382269402.mp4
carried-forward  1505919334867604 c0  → https://pub-893b4a6a607b4221a894bf861da7914e.r2.dev/1505919334867604.mp4
carried-forward  1228162876124945 c0  → https://pub-893b4a6a607b4221a894bf861da7914e.r2.dev/1228162876124945.mp4
carried-forward  894945046633710 c0  → https://pub-893b4a6a607b4221a894bf861da7914e.r2.dev/894945046633710.mp4
uploaded         968689668869765 c0  (video) ← 968689668869765.mp4  → https://pub-893b4a6a607b4221a894bf861da7914e.r2.dev/968689668869765.mp4
carried-forward  826441597149033 c0  → https://pub-893b4a6a607b4221a894bf861da7914e.r2.dev/826441597149033.mp4
carried-forward  1443156474268077 c0  → https://pub-893b4a6a607b4221a894bf861da7914e.r2.dev/1443156474268077.mp4
carried-forward  1286723966731755 c0  → https://pub-893b4a6a607b4221a894bf861da7914e.r2.dev/1286723966731755.mp4
carried-forward  2004457904289111 c0  → https://pub-893b4a6a607b4221a894bf861da7914e.r2.dev/2004457904289111.mp4
carried-forward  1299322238926571 c0  → https://pub-893b4a6a607b4221a894bf861da7914e.r2.dev/1299322238926571.mp4
uploaded         1975871453024880 c0  (video) ← 1975871453024880.mp4  → https://pub-893b4a6a607b4221a894bf861da7914e.r2.dev/1975871453024880.mp4
carried-forward  1445137293761554 c0  → https://pub-893b4a6a607b4221a894bf861da7914e.r2.dev/1445137293761554.mp4
carried-forward  1263111225719321 c0  → https://pub-893b4a6a607b4221a894bf861da7914e.r2.dev/1263111225719321.mp4
uploaded         1514348313437998 c0  (video) ← 1514348313437998.mp4  → https://pub-893b4a6a607b4221a894bf861da7914e.r2.dev/1514348313437998.mp4
uploaded         1701140431217541 c0  (video) ← 1701140431217541.mp4  → https://pub-893b4a6a607b4221a894bf861da7914e.r2.dev/1701140431217541.mp4
carried-forward  1421135246404699 c0  → https://pub-893b4a6a607b4221a894bf861da7914e.r2.dev/1421135246404699.mp4
carried-forward  1428345402211481 c0  → https://pub-893b4a6a607b4221a894bf861da7914e.r2.dev/1428345402211481.mp4
carried-forward  1446451490465131 c0  → https://pub-893b4a6a607b4221a894bf861da7914e.r2.dev/1446451490465131.mp4
uploaded         26568914816050858 c0  (video) ← 26568914816050858.mp4  → https://pub-893b4a6a607b4221a894bf861da7914e.r2.dev/26568914816050858.mp4
uploaded         1265920289081469 c0  (video) ← 1265920289081469.mp4  → https://pub-893b4a6a607b4221a894bf861da7914e.r2.dev/1265920289081469.mp4
uploaded         1305654981663244 c0  (video) ← 1305654981663244.mp4  → https://pub-893b4a6a607b4221a894bf861da7914e.r2.dev/1305654981663244.mp4
uploaded         961990846551504 c0  (video) ← 961990846551504.mp4  → https://pub-893b4a6a607b4221a894bf861da7914e.r2.dev/961990846551504.mp4
carried-forward  1345913183786766 c0  → https://pub-893b4a6a607b4221a894bf861da7914e.r2.dev/1345913183786766.mp4
carried-forward  834079296351372 c0  → https://pub-893b4a6a607b4221a894bf861da7914e.r2.dev/834079296351372.mp4
carried-forward  906064629056046 c0  → https://pub-893b4a6a607b4221a894bf861da7914e.r2.dev/906064629056046.mp4
uploaded         1857761268195840 c0  (video) ← 1857761268195840.mp4  → https://pub-893b4a6a607b4221a894bf861da7914e.r2.dev/1857761268195840.mp4
uploaded         824688003570925 c0  (video) ← 824688003570925.mp4  → https://pub-893b4a6a607b4221a894bf861da7914e.r2.dev/824688003570925.mp4
carried-forward  1241603491508608 c0  → https://pub-893b4a6a607b4221a894bf861da7914e.r2.dev/1241603491508608.mp4
image-pending    4050817241807441 c0  (HANDOVER §8.5 — image handling not yet built)
carried-forward  1424324155822363 c0  → https://pub-893b4a6a607b4221a894bf861da7914e.r2.dev/1424324155822363.mp4
carried-forward  925115097277639 c0  → https://pub-893b4a6a607b4221a894bf861da7914e.r2.dev/925115097277639.mp4
carried-forward  1345444240674582 c0  → https://pub-893b4a6a607b4221a894bf861da7914e.r2.dev/1345444240674582.mp4
carried-forward  1446821040526426 c0  → https://pub-893b4a6a607b4221a894bf861da7914e.r2.dev/1446821040526426.mp4
uploaded         1029565046369443 c0  (video) ← 1029565046369443.mp4  → https://pub-893b4a6a607b4221a894bf861da7914e.r2.dev/1029565046369443.mp4
uploaded         27849693621336430 c0  (video) ← 27849693621336430.mp4  → https://pub-893b4a6a607b4221a894bf861da7914e.r2.dev/27849693621336430.mp4
uploaded         1685333956025899 c0  (video) ← 1685333956025899.mp4  → https://pub-893b4a6a607b4221a894bf861da7914e.r2.dev/1685333956025899.mp4
uploaded         37530926559854685 c0  (video) ← 37530926559854685.mp4  → https://pub-893b4a6a607b4221a894bf861da7914e.r2.dev/37530926559854685.mp4
carried-forward  912971885179684 c0  → https://pub-893b4a6a607b4221a894bf861da7914e.r2.dev/912971885179684.mp4
uploaded         2120725265548578 c0  (video) ← 2120725265548578.mp4  → https://pub-893b4a6a607b4221a894bf861da7914e.r2.dev/2120725265548578.mp4
uploaded         1750350152989167 c0  (video) ← 1750350152989167.mp4  → https://pub-893b4a6a607b4221a894bf861da7914e.r2.dev/1750350152989167.mp4
uploaded         1513518983878917 c0  (video) ← 1513518983878917.mp4  → https://pub-893b4a6a607b4221a894bf861da7914e.r2.dev/1513518983878917.mp4
