# Step 3 run log (Google pipeline)
# competitor : english-seekho
# started_at : 2026-06-29T20:24:02
# input      : google/inputs/g-ads-english-seekho-2026-06-29.csv
# videos     : google/videos/english-seekho-2026-06-29
# images     : google/images/english-seekho-2026-06-29
# master     : google/master/english-seekho.csv  (updated)
# enriched   : google/inputs/g-ads-english-seekho-2026-06-29_enriched.csv
# bucket     : video-ads
# public_base: https://pub-893b4a6a607b4221a894bf861da7914e.r2.dev
# dry_run    : False
#
# counts     : {'uploaded-video': 0, 'uploaded-image': 0, 'carried-forward': 0, 'text-no-asset': 0, 'asset-missing': 0, 'unsupported': 0, 'no-creative': 0, 'scrape-error': 491, 'error': 0}
#
scrape-error     CR00224238326968745985 v0  (Step 1 tag: html5-banner-no-mp4; re-run Step 1 to recover)
scrape-error     CR00224238326968745985 v1  (Step 1 tag: html5-banner-no-mp4; re-run Step 1 to recover)
scrape-error     CR00224238326968745985 v2  (Step 1 tag: html5-banner-no-mp4; re-run Step 1 to recover)
scrape-error     CR00224238326968745985 v3  (Step 1 tag: html5-banner-no-mp4; re-run Step 1 to recover)
scrape-error     CR00224238326968745985 v4  (Step 1 tag: html5-banner-no-mp4; re-run Step 1 to recover)
scrape-error     CR00284101787298824193 v0  (Step 1 tag: html5-banner-no-mp4; re-run Step 1 to recover)
scrape-error     CR00284101787298824193 v1  (Step 1 tag: html5-banner-no-mp4; re-run Step 1 to recover)
scrape-error     CR00284101787298824193 v2  (Step 1 tag: html5-banner-no-mp4; re-run Step 1 to recover)
scrape-error     CR00284101787298824193 v3  (Step 1 tag: html5-banner-no-mp4; re-run Step 1 to recover)
scrape-error     CR00345932273930993665 v0  (Step 1 tag: html5-banner-no-mp4; re-run Step 1 to recover)
scrape-error     CR00345932273930993665 v1  (Step 1 tag: html5-banner-no-mp4; re-run Step 1 to recover)
scrape-error     CR00345932273930993665 v2  (Step 1 tag: html5-banner-no-mp4; re-run Step 1 to recover)
scrape-error     CR00345932273930993665 v3  (Step 1 tag: html5-banner-no-mp4; re-run Step 1 to recover)
scrape-error     CR00379240329427025921 v0  (Step 1 tag: html5-banner-no-mp4; re-run Step 1 to recover)
scrape-error     CR00379240329427025921 v1  (Step 1 tag: html5-banner-no-mp4; re-run Step 1 to recover)
scrape-error     CR00379240329427025921 v2  (Step 1 tag: html5-banner-no-mp4; re-run Step 1 to recover)
scrape-error     CR00379240329427025921 v3  (Step 1 tag: html5-banner-no-mp4; re-run Step 1 to recover)
scrape-error     CR00818366375704657921 v0  (Step 1 tag: html5-banner-no-mp4; re-run Step 1 to recover)
scrape-error     CR00818366375704657921 v1  (Step 1 tag: html5-banner-no-mp4; re-run Step 1 to recover)
scrape-error     CR00818366375704657921 v2  (Step 1 tag: html5-banner-no-mp4; re-run Step 1 to recover)
scrape-error     CR00818366375704657921 v3  (Step 1 tag: html5-banner-no-mp4; re-run Step 1 to recover)
scrape-error     CR00873319623263518721 v0  (Step 1 tag: html5-banner-no-mp4; re-run Step 1 to recover)
scrape-error     CR00873319623263518721 v1  (Step 1 tag: html5-banner-no-mp4; re-run Step 1 to recover)
scrape-error     CR00873319623263518721 v2  (Step 1 tag: html5-banner-no-mp4; re-run Step 1 to recover)
scrape-error     CR00873319623263518721 v3  (Step 1 tag: html5-banner-no-mp4; re-run Step 1 to recover)
scrape-error     CR00884794470208372737 v0  (Step 1 tag: html5-banner-no-mp4; re-run Step 1 to recover)
scrape-error     CR00884794470208372737 v1  (Step 1 tag: html5-banner-no-mp4; re-run Step 1 to recover)
scrape-error     CR00884794470208372737 v2  (Step 1 tag: html5-banner-no-mp4; re-run Step 1 to recover)
scrape-error     CR00884794470208372737 v3  (Step 1 tag: html5-banner-no-mp4; re-run Step 1 to recover)
scrape-error     CR00884794470208372737 v4  (Step 1 tag: html5-banner-no-mp4; re-run Step 1 to recover)
scrape-error     CR00893801669463113729 v0  (Step 1 tag: html5-banner-no-mp4; re-run Step 1 to recover)
scrape-error     CR00893801669463113729 v1  (Step 1 tag: html5-banner-no-mp4; re-run Step 1 to recover)
scrape-error     CR00893801669463113729 v2  (Step 1 tag: html5-banner-no-mp4; re-run Step 1 to recover)
scrape-error     CR00893801669463113729 v3  (Step 1 tag: html5-banner-no-mp4; re-run Step 1 to recover)
scrape-error     CR00980917281401864193 v0  (Step 1 tag: html5-banner-no-mp4; re-run Step 1 to recover)
scrape-error     CR00980917281401864193 v1  (Step 1 tag: html5-banner-no-mp4; re-run Step 1 to recover)
scrape-error     CR00980917281401864193 v2  (Step 1 tag: html5-banner-no-mp4; re-run Step 1 to recover)
scrape-error     CR00980917281401864193 v3  (Step 1 tag: html5-banner-no-mp4; re-run Step 1 to recover)
scrape-error     CR00998407487742803969 v0  (Step 1 tag: html5-banner-no-mp4; re-run Step 1 to recover)
scrape-error     CR00998407487742803969 v1  (Step 1 tag: html5-banner-no-mp4; re-run Step 1 to recover)
scrape-error     CR00998407487742803969 v2  (Step 1 tag: html5-banner-no-mp4; re-run Step 1 to recover)
scrape-error     CR00998407487742803969 v3  (Step 1 tag: html5-banner-no-mp4; re-run Step 1 to recover)
scrape-error     CR00998407487742803969 v4  (Step 1 tag: html5-banner-no-mp4; re-run Step 1 to recover)
scrape-error     CR01014436142482718721 v0  (Step 1 tag: html5-banner-no-mp4; re-run Step 1 to recover)
scrape-error     CR01014436142482718721 v1  (Step 1 tag: html5-banner-no-mp4; re-run Step 1 to recover)
scrape-error     CR01014436142482718721 v2  (Step 1 tag: html5-banner-no-mp4; re-run Step 1 to recover)
scrape-error     CR01014436142482718721 v3  (Step 1 tag: html5-banner-no-mp4; re-run Step 1 to recover)
scrape-error     CR01015980406563930113 v0  (Step 1 tag: html5-banner-no-mp4; re-run Step 1 to recover)
scrape-error     CR01015980406563930113 v1  (Step 1 tag: html5-banner-no-mp4; re-run Step 1 to recover)
scrape-error     CR01015980406563930113 v2  (Step 1 tag: html5-banner-no-mp4; re-run Step 1 to recover)
scrape-error     CR01025740633844744193 v0  (Step 1 tag: html5-banner-no-mp4; re-run Step 1 to recover)
scrape-error     CR01025740633844744193 v1  (Step 1 tag: html5-banner-no-mp4; re-run Step 1 to recover)
scrape-error     CR01025740633844744193 v2  (Step 1 tag: html5-banner-no-mp4; re-run Step 1 to recover)
scrape-error     CR01025740633844744193 v3  (Step 1 tag: html5-banner-no-mp4; re-run Step 1 to recover)
scrape-error     CR01057967207985709057 v0  (Step 1 tag: html5-banner-no-mp4; re-run Step 1 to recover)
scrape-error     CR01057967207985709057 v1  (Step 1 tag: html5-banner-no-mp4; re-run Step 1 to recover)
scrape-error     CR01057967207985709057 v2  (Step 1 tag: html5-banner-no-mp4; re-run Step 1 to recover)
scrape-error     CR01057967207985709057 v3  (Step 1 tag: html5-banner-no-mp4; re-run Step 1 to recover)
scrape-error     CR01323926469310676993 v0  (Step 1 tag: html5-banner-no-mp4; re-run Step 1 to recover)
scrape-error     CR01323926469310676993 v1  (Step 1 tag: html5-banner-no-mp4; re-run Step 1 to recover)
scrape-error     CR01323926469310676993 v2  (Step 1 tag: html5-banner-no-mp4; re-run Step 1 to recover)
scrape-error     CR01323926469310676993 v3  (Step 1 tag: html5-banner-no-mp4; re-run Step 1 to recover)
scrape-error     CR01323926469310676993 v4  (Step 1 tag: html5-banner-no-mp4; re-run Step 1 to recover)
scrape-error     CR01392012378240974849 v0  (Step 1 tag: html5-banner-no-mp4; re-run Step 1 to recover)
scrape-error     CR01392012378240974849 v1  (Step 1 tag: html5-banner-no-mp4; re-run Step 1 to recover)
scrape-error     CR01392012378240974849 v2  (Step 1 tag: html5-banner-no-mp4; re-run Step 1 to recover)
scrape-error     CR01392012378240974849 v3  (Step 1 tag: html5-banner-no-mp4; re-run Step 1 to recover)
scrape-error     CR02020447526225707009 v0  (Step 1 tag: html5-banner-no-mp4; re-run Step 1 to recover)
scrape-error     CR02020447526225707009 v1  (Step 1 tag: html5-banner-no-mp4; re-run Step 1 to recover)
scrape-error     CR02020447526225707009 v2  (Step 1 tag: html5-banner-no-mp4; re-run Step 1 to recover)
scrape-error     CR02020447526225707009 v3  (Step 1 tag: html5-banner-no-mp4; re-run Step 1 to recover)
scrape-error     CR02023426378103259137 v0  (Step 1 tag: html5-banner-no-mp4; re-run Step 1 to recover)
scrape-error     CR02023426378103259137 v1  (Step 1 tag: html5-banner-no-mp4; re-run Step 1 to recover)
scrape-error     CR02023426378103259137 v2  (Step 1 tag: html5-banner-no-mp4; re-run Step 1 to recover)
scrape-error     CR02023426378103259137 v3  (Step 1 tag: html5-banner-no-mp4; re-run Step 1 to recover)
scrape-error     CR02023426378103259137 v4  (Step 1 tag: html5-banner-no-mp4; re-run Step 1 to recover)
scrape-error     CR02104638231076143105 v0  (Step 1 tag: html5-banner-no-mp4; re-run Step 1 to recover)
scrape-error     CR02104638231076143105 v1  (Step 1 tag: html5-banner-no-mp4; re-run Step 1 to recover)
scrape-error     CR02104638231076143105 v2  (Step 1 tag: html5-banner-no-mp4; re-run Step 1 to recover)
scrape-error     CR02104638231076143105 v3  (Step 1 tag: html5-banner-no-mp4; re-run Step 1 to recover)
scrape-error     CR02276273095683604481 v0  (Step 1 tag: html5-banner-no-mp4; re-run Step 1 to recover)
scrape-error     CR02276273095683604481 v1  (Step 1 tag: html5-banner-no-mp4; re-run Step 1 to recover)
scrape-error     CR02276273095683604481 v2  (Step 1 tag: html5-banner-no-mp4; re-run Step 1 to recover)
scrape-error     CR02276273095683604481 v3  (Step 1 tag: html5-banner-no-mp4; re-run Step 1 to recover)
scrape-error     CR02404892866389213185 v0  (Step 1 tag: html5-banner-no-mp4; re-run Step 1 to recover)
scrape-error     CR02404892866389213185 v1  (Step 1 tag: html5-banner-no-mp4; re-run Step 1 to recover)
scrape-error     CR02404892866389213185 v2  (Step 1 tag: html5-banner-no-mp4; re-run Step 1 to recover)
scrape-error     CR02404892866389213185 v3  (Step 1 tag: html5-banner-no-mp4; re-run Step 1 to recover)
scrape-error     CR02415981441155334145 v0  (Step 1 tag: html5-banner-no-mp4; re-run Step 1 to recover)
scrape-error     CR02415981441155334145 v1  (Step 1 tag: html5-banner-no-mp4; re-run Step 1 to recover)
scrape-error     CR02415981441155334145 v2  (Step 1 tag: html5-banner-no-mp4; re-run Step 1 to recover)
scrape-error     CR02500435753918529537 v0  (Step 1 tag: html5-banner-no-mp4; re-run Step 1 to recover)
scrape-error     CR02500435753918529537 v1  (Step 1 tag: html5-banner-no-mp4; re-run Step 1 to recover)
scrape-error     CR02500435753918529537 v2  (Step 1 tag: html5-banner-no-mp4; re-run Step 1 to recover)
scrape-error     CR02678215831963303937 v0  (Step 1 tag: html5-banner-no-mp4; re-run Step 1 to recover)
scrape-error     CR02678215831963303937 v1  (Step 1 tag: html5-banner-no-mp4; re-run Step 1 to recover)
scrape-error     CR02678215831963303937 v2  (Step 1 tag: html5-banner-no-mp4; re-run Step 1 to recover)
scrape-error     CR02678215831963303937 v3  (Step 1 tag: html5-banner-no-mp4; re-run Step 1 to recover)
scrape-error     CR02721990920328183809 v0  (Step 1 tag: html5-banner-no-mp4; re-run Step 1 to recover)
scrape-error     CR02721990920328183809 v1  (Step 1 tag: html5-banner-no-mp4; re-run Step 1 to recover)
scrape-error     CR02721990920328183809 v2  (Step 1 tag: html5-banner-no-mp4; re-run Step 1 to recover)
scrape-error     CR02721990920328183809 v3  (Step 1 tag: html5-banner-no-mp4; re-run Step 1 to recover)
scrape-error     CR02819408724290961409 v0  (Step 1 tag: html5-banner-no-mp4; re-run Step 1 to recover)
scrape-error     CR02819408724290961409 v1  (Step 1 tag: html5-banner-no-mp4; re-run Step 1 to recover)
scrape-error     CR02819408724290961409 v2  (Step 1 tag: html5-banner-no-mp4; re-run Step 1 to recover)
scrape-error     CR02819408724290961409 v3  (Step 1 tag: html5-banner-no-mp4; re-run Step 1 to recover)
scrape-error     CR02819408724290961409 v4  (Step 1 tag: html5-banner-no-mp4; re-run Step 1 to recover)
scrape-error     CR02919244130984919041 v0  (Step 1 tag: html5-banner-no-mp4; re-run Step 1 to recover)
scrape-error     CR02919244130984919041 v1  (Step 1 tag: html5-banner-no-mp4; re-run Step 1 to recover)
scrape-error     CR02919244130984919041 v2  (Step 1 tag: html5-banner-no-mp4; re-run Step 1 to recover)
scrape-error     CR02919244130984919041 v3  (Step 1 tag: html5-banner-no-mp4; re-run Step 1 to recover)
scrape-error     CR02919244130984919041 v4  (Step 1 tag: html5-banner-no-mp4; re-run Step 1 to recover)
scrape-error     CR03138283133753884673 v0  (Step 1 tag: html5-banner-no-mp4; re-run Step 1 to recover)
scrape-error     CR03138283133753884673 v1  (Step 1 tag: html5-banner-no-mp4; re-run Step 1 to recover)
scrape-error     CR03138283133753884673 v2  (Step 1 tag: html5-banner-no-mp4; re-run Step 1 to recover)
scrape-error     CR03138283133753884673 v3  (Step 1 tag: html5-banner-no-mp4; re-run Step 1 to recover)
scrape-error     CR03244548596116226049 v0  (Step 1 tag: html5-banner-no-mp4; re-run Step 1 to recover)
scrape-error     CR03244548596116226049 v1  (Step 1 tag: html5-banner-no-mp4; re-run Step 1 to recover)
scrape-error     CR03244548596116226049 v2  (Step 1 tag: html5-banner-no-mp4; re-run Step 1 to recover)
scrape-error     CR03244548596116226049 v3  (Step 1 tag: html5-banner-no-mp4; re-run Step 1 to recover)
scrape-error     CR03309923470149681153 v0  (Step 1 tag: detail-fetch: HTTPError; re-run Step 1 to recover)
scrape-error     CR03364486141972578305 v0  (Step 1 tag: html5-banner-no-mp4; re-run Step 1 to recover)
scrape-error     CR03364486141972578305 v1  (Step 1 tag: html5-banner-no-mp4; re-run Step 1 to recover)
scrape-error     CR03364486141972578305 v2  (Step 1 tag: html5-banner-no-mp4; re-run Step 1 to recover)
scrape-error     CR03364486141972578305 v3  (Step 1 tag: html5-banner-no-mp4; re-run Step 1 to recover)
scrape-error     CR03415376530858049537 v0  (Step 1 tag: html5-banner-no-mp4; re-run Step 1 to recover)
scrape-error     CR03415376530858049537 v1  (Step 1 tag: html5-banner-no-mp4; re-run Step 1 to recover)
scrape-error     CR03415376530858049537 v2  (Step 1 tag: html5-banner-no-mp4; re-run Step 1 to recover)
scrape-error     CR03415376530858049537 v3  (Step 1 tag: html5-banner-no-mp4; re-run Step 1 to recover)
scrape-error     CR04736177243229782017 v0  (Step 1 tag: html5-banner-no-mp4; re-run Step 1 to recover)
scrape-error     CR04736177243229782017 v1  (Step 1 tag: html5-banner-no-mp4; re-run Step 1 to recover)
scrape-error     CR04736177243229782017 v2  (Step 1 tag: html5-banner-no-mp4; re-run Step 1 to recover)
scrape-error     CR04736177243229782017 v3  (Step 1 tag: html5-banner-no-mp4; re-run Step 1 to recover)
scrape-error     CR04736177243229782017 v4  (Step 1 tag: html5-banner-no-mp4; re-run Step 1 to recover)
scrape-error     CR05242160631632625665 v0  (Step 1 tag: html5-banner-no-mp4; re-run Step 1 to recover)
scrape-error     CR05242160631632625665 v1  (Step 1 tag: html5-banner-no-mp4; re-run Step 1 to recover)
scrape-error     CR05242160631632625665 v2  (Step 1 tag: html5-banner-no-mp4; re-run Step 1 to recover)
scrape-error     CR05242160631632625665 v3  (Step 1 tag: html5-banner-no-mp4; re-run Step 1 to recover)
scrape-error     CR05291254100690731009 v0  (Step 1 tag: html5-banner-no-mp4; re-run Step 1 to recover)
scrape-error     CR05291254100690731009 v1  (Step 1 tag: html5-banner-no-mp4; re-run Step 1 to recover)
scrape-error     CR05291254100690731009 v2  (Step 1 tag: html5-banner-no-mp4; re-run Step 1 to recover)
scrape-error     CR05291254100690731009 v3  (Step 1 tag: html5-banner-no-mp4; re-run Step 1 to recover)
scrape-error     CR05334922510657912833 v0  (Step 1 tag: html5-banner-no-mp4; re-run Step 1 to recover)
scrape-error     CR05355198647535403009 v0  (Step 1 tag: html5-banner-no-mp4; re-run Step 1 to recover)
scrape-error     CR05355198647535403009 v1  (Step 1 tag: html5-banner-no-mp4; re-run Step 1 to recover)
scrape-error     CR05355198647535403009 v2  (Step 1 tag: html5-banner-no-mp4; re-run Step 1 to recover)
scrape-error     CR05355198647535403009 v3  (Step 1 tag: html5-banner-no-mp4; re-run Step 1 to recover)
scrape-error     CR05421305341046423553 v0  (Step 1 tag: html5-banner-no-mp4; re-run Step 1 to recover)
scrape-error     CR05421305341046423553 v1  (Step 1 tag: html5-banner-no-mp4; re-run Step 1 to recover)
scrape-error     CR05421305341046423553 v2  (Step 1 tag: html5-banner-no-mp4; re-run Step 1 to recover)
scrape-error     CR05421305341046423553 v3  (Step 1 tag: html5-banner-no-mp4; re-run Step 1 to recover)
scrape-error     CR05475784862302470145 v0  (Step 1 tag: html5-banner-no-mp4; re-run Step 1 to recover)
scrape-error     CR05475784862302470145 v1  (Step 1 tag: html5-banner-no-mp4; re-run Step 1 to recover)
scrape-error     CR05475784862302470145 v2  (Step 1 tag: html5-banner-no-mp4; re-run Step 1 to recover)
scrape-error     CR05475784862302470145 v3  (Step 1 tag: html5-banner-no-mp4; re-run Step 1 to recover)
scrape-error     CR05827657419601215489 v0  (Step 1 tag: html5-banner-no-mp4; re-run Step 1 to recover)
scrape-error     CR05827657419601215489 v1  (Step 1 tag: html5-banner-no-mp4; re-run Step 1 to recover)
scrape-error     CR05827657419601215489 v2  (Step 1 tag: html5-banner-no-mp4; re-run Step 1 to recover)
scrape-error     CR05827657419601215489 v3  (Step 1 tag: html5-banner-no-mp4; re-run Step 1 to recover)
scrape-error     CR05827657419601215489 v4  (Step 1 tag: html5-banner-no-mp4; re-run Step 1 to recover)
scrape-error     CR05844354147914088449 v0  (Step 1 tag: html5-banner-no-mp4; re-run Step 1 to recover)
scrape-error     CR05844354147914088449 v1  (Step 1 tag: html5-banner-no-mp4; re-run Step 1 to recover)
scrape-error     CR05844354147914088449 v2  (Step 1 tag: html5-banner-no-mp4; re-run Step 1 to recover)
scrape-error     CR05844354147914088449 v3  (Step 1 tag: html5-banner-no-mp4; re-run Step 1 to recover)
scrape-error     CR05856975278680571905 v0  (Step 1 tag: html5-banner-no-mp4; re-run Step 1 to recover)
scrape-error     CR05856975278680571905 v1  (Step 1 tag: html5-banner-no-mp4; re-run Step 1 to recover)
scrape-error     CR05856975278680571905 v2  (Step 1 tag: html5-banner-no-mp4; re-run Step 1 to recover)
scrape-error     CR05856975278680571905 v3  (Step 1 tag: html5-banner-no-mp4; re-run Step 1 to recover)
scrape-error     CR05856975278680571905 v4  (Step 1 tag: html5-banner-no-mp4; re-run Step 1 to recover)
scrape-error     CR05891505535840157697 v0  (Step 1 tag: html5-banner-no-mp4; re-run Step 1 to recover)
scrape-error     CR05891505535840157697 v1  (Step 1 tag: html5-banner-no-mp4; re-run Step 1 to recover)
scrape-error     CR05891505535840157697 v2  (Step 1 tag: html5-banner-no-mp4; re-run Step 1 to recover)
scrape-error     CR05891505535840157697 v3  (Step 1 tag: html5-banner-no-mp4; re-run Step 1 to recover)
scrape-error     CR06309566519877566465 v0  (Step 1 tag: html5-banner-no-mp4; re-run Step 1 to recover)
scrape-error     CR06309566519877566465 v1  (Step 1 tag: html5-banner-no-mp4; re-run Step 1 to recover)
scrape-error     CR06309566519877566465 v2  (Step 1 tag: html5-banner-no-mp4; re-run Step 1 to recover)
scrape-error     CR06309566519877566465 v3  (Step 1 tag: html5-banner-no-mp4; re-run Step 1 to recover)
scrape-error     CR06309566519877566465 v4  (Step 1 tag: html5-banner-no-mp4; re-run Step 1 to recover)
scrape-error     CR06325611967939608577 v0  (Step 1 tag: html5-banner-no-mp4; re-run Step 1 to recover)
scrape-error     CR06325611967939608577 v1  (Step 1 tag: html5-banner-no-mp4; re-run Step 1 to recover)
scrape-error     CR06325611967939608577 v2  (Step 1 tag: html5-banner-no-mp4; re-run Step 1 to recover)
scrape-error     CR06325611967939608577 v3  (Step 1 tag: html5-banner-no-mp4; re-run Step 1 to recover)
scrape-error     CR06488745408641105921 v0  (Step 1 tag: html5-banner-no-mp4; re-run Step 1 to recover)
scrape-error     CR06488745408641105921 v1  (Step 1 tag: html5-banner-no-mp4; re-run Step 1 to recover)
scrape-error     CR06488745408641105921 v2  (Step 1 tag: html5-banner-no-mp4; re-run Step 1 to recover)
scrape-error     CR06488745408641105921 v3  (Step 1 tag: html5-banner-no-mp4; re-run Step 1 to recover)
scrape-error     CR06536991703990009857 v0  (Step 1 tag: html5-banner-no-mp4; re-run Step 1 to recover)
scrape-error     CR06536991703990009857 v1  (Step 1 tag: html5-banner-no-mp4; re-run Step 1 to recover)
scrape-error     CR06536991703990009857 v2  (Step 1 tag: html5-banner-no-mp4; re-run Step 1 to recover)
scrape-error     CR06536991703990009857 v3  (Step 1 tag: html5-banner-no-mp4; re-run Step 1 to recover)
scrape-error     CR06613274489285246977 v0  (Step 1 tag: html5-banner-no-mp4; re-run Step 1 to recover)
scrape-error     CR06613274489285246977 v1  (Step 1 tag: html5-banner-no-mp4; re-run Step 1 to recover)
scrape-error     CR06613274489285246977 v2  (Step 1 tag: html5-banner-no-mp4; re-run Step 1 to recover)
scrape-error     CR06613274489285246977 v3  (Step 1 tag: html5-banner-no-mp4; re-run Step 1 to recover)
scrape-error     CR06759873706056482817 v0  (Step 1 tag: html5-banner-no-mp4; re-run Step 1 to recover)
scrape-error     CR06759873706056482817 v1  (Step 1 tag: html5-banner-no-mp4; re-run Step 1 to recover)
scrape-error     CR06759873706056482817 v2  (Step 1 tag: html5-banner-no-mp4; re-run Step 1 to recover)
scrape-error     CR06759873706056482817 v3  (Step 1 tag: html5-banner-no-mp4; re-run Step 1 to recover)
scrape-error     CR06759873706056482817 v4  (Step 1 tag: html5-banner-no-mp4; re-run Step 1 to recover)
scrape-error     CR06823254821911396353 v0  (Step 1 tag: html5-banner-no-mp4; re-run Step 1 to recover)
scrape-error     CR06823254821911396353 v1  (Step 1 tag: html5-banner-no-mp4; re-run Step 1 to recover)
scrape-error     CR06823254821911396353 v2  (Step 1 tag: html5-banner-no-mp4; re-run Step 1 to recover)
scrape-error     CR06823254821911396353 v3  (Step 1 tag: html5-banner-no-mp4; re-run Step 1 to recover)
scrape-error     CR06823254821911396353 v4  (Step 1 tag: html5-banner-no-mp4; re-run Step 1 to recover)
scrape-error     CR06949839628522225665 v0  (Step 1 tag: html5-banner-no-mp4; re-run Step 1 to recover)
scrape-error     CR06949839628522225665 v1  (Step 1 tag: html5-banner-no-mp4; re-run Step 1 to recover)
scrape-error     CR06949839628522225665 v2  (Step 1 tag: html5-banner-no-mp4; re-run Step 1 to recover)
scrape-error     CR06951888886268166145 v0  (Step 1 tag: html5-banner-no-mp4; re-run Step 1 to recover)
scrape-error     CR06951888886268166145 v1  (Step 1 tag: html5-banner-no-mp4; re-run Step 1 to recover)
scrape-error     CR06951888886268166145 v2  (Step 1 tag: html5-banner-no-mp4; re-run Step 1 to recover)
scrape-error     CR06951888886268166145 v3  (Step 1 tag: html5-banner-no-mp4; re-run Step 1 to recover)
scrape-error     CR07160685001921527809 v0  (Step 1 tag: html5-banner-no-mp4; re-run Step 1 to recover)
scrape-error     CR07160685001921527809 v1  (Step 1 tag: html5-banner-no-mp4; re-run Step 1 to recover)
scrape-error     CR07160685001921527809 v2  (Step 1 tag: html5-banner-no-mp4; re-run Step 1 to recover)
scrape-error     CR07420450396419653633 v0  (Step 1 tag: html5-banner-no-mp4; re-run Step 1 to recover)
scrape-error     CR07420450396419653633 v1  (Step 1 tag: html5-banner-no-mp4; re-run Step 1 to recover)
scrape-error     CR07420450396419653633 v2  (Step 1 tag: html5-banner-no-mp4; re-run Step 1 to recover)
scrape-error     CR07420450396419653633 v3  (Step 1 tag: html5-banner-no-mp4; re-run Step 1 to recover)
scrape-error     CR07815797394372558849 v0  (Step 1 tag: html5-banner-no-mp4; re-run Step 1 to recover)
scrape-error     CR07815797394372558849 v1  (Step 1 tag: html5-banner-no-mp4; re-run Step 1 to recover)
scrape-error     CR07815797394372558849 v2  (Step 1 tag: html5-banner-no-mp4; re-run Step 1 to recover)
scrape-error     CR07815797394372558849 v3  (Step 1 tag: html5-banner-no-mp4; re-run Step 1 to recover)
scrape-error     CR07934513863846789121 v0  (Step 1 tag: html5-banner-no-mp4; re-run Step 1 to recover)
scrape-error     CR07934513863846789121 v1  (Step 1 tag: html5-banner-no-mp4; re-run Step 1 to recover)
scrape-error     CR07934513863846789121 v2  (Step 1 tag: html5-banner-no-mp4; re-run Step 1 to recover)
scrape-error     CR07934513863846789121 v3  (Step 1 tag: html5-banner-no-mp4; re-run Step 1 to recover)
scrape-error     CR08031063946976821249 v0  (Step 1 tag: html5-banner-no-mp4; re-run Step 1 to recover)
scrape-error     CR08031063946976821249 v1  (Step 1 tag: html5-banner-no-mp4; re-run Step 1 to recover)
scrape-error     CR08031063946976821249 v2  (Step 1 tag: html5-banner-no-mp4; re-run Step 1 to recover)
scrape-error     CR08031063946976821249 v3  (Step 1 tag: html5-banner-no-mp4; re-run Step 1 to recover)
scrape-error     CR08149803162597851137 v0  (Step 1 tag: html5-banner-no-mp4; re-run Step 1 to recover)
scrape-error     CR08149803162597851137 v1  (Step 1 tag: html5-banner-no-mp4; re-run Step 1 to recover)
scrape-error     CR08149803162597851137 v2  (Step 1 tag: html5-banner-no-mp4; re-run Step 1 to recover)
scrape-error     CR08358939370941579265 v0  (Step 1 tag: html5-banner-no-mp4; re-run Step 1 to recover)
scrape-error     CR08358939370941579265 v1  (Step 1 tag: html5-banner-no-mp4; re-run Step 1 to recover)
scrape-error     CR08358939370941579265 v2  (Step 1 tag: html5-banner-no-mp4; re-run Step 1 to recover)
scrape-error     CR08358939370941579265 v3  (Step 1 tag: html5-banner-no-mp4; re-run Step 1 to recover)
scrape-error     CR08493834715931869185 v0  (Step 1 tag: html5-banner-no-mp4; re-run Step 1 to recover)
scrape-error     CR08493834715931869185 v1  (Step 1 tag: html5-banner-no-mp4; re-run Step 1 to recover)
scrape-error     CR08493834715931869185 v2  (Step 1 tag: html5-banner-no-mp4; re-run Step 1 to recover)
scrape-error     CR08620158319811624961 v0  (Step 1 tag: html5-banner-no-mp4; re-run Step 1 to recover)
scrape-error     CR08620158319811624961 v1  (Step 1 tag: html5-banner-no-mp4; re-run Step 1 to recover)
scrape-error     CR08620158319811624961 v2  (Step 1 tag: html5-banner-no-mp4; re-run Step 1 to recover)
scrape-error     CR08620158319811624961 v3  (Step 1 tag: html5-banner-no-mp4; re-run Step 1 to recover)
scrape-error     CR08620158319811624961 v4  (Step 1 tag: html5-banner-no-mp4; re-run Step 1 to recover)
scrape-error     CR08733649540663476225 v0  (Step 1 tag: html5-banner-no-mp4; re-run Step 1 to recover)
scrape-error     CR08734232144387244033 v0  (Step 1 tag: detail-fetch: HTTPError; re-run Step 1 to recover)
scrape-error     CR08793678365824385025 v0  (Step 1 tag: html5-banner-no-mp4; re-run Step 1 to recover)
scrape-error     CR08793678365824385025 v1  (Step 1 tag: html5-banner-no-mp4; re-run Step 1 to recover)
scrape-error     CR08793678365824385025 v2  (Step 1 tag: html5-banner-no-mp4; re-run Step 1 to recover)
scrape-error     CR08793678365824385025 v3  (Step 1 tag: html5-banner-no-mp4; re-run Step 1 to recover)
scrape-error     CR08852009313103773697 v0  (Step 1 tag: html5-banner-no-mp4; re-run Step 1 to recover)
scrape-error     CR08852009313103773697 v1  (Step 1 tag: html5-banner-no-mp4; re-run Step 1 to recover)
scrape-error     CR08852009313103773697 v2  (Step 1 tag: html5-banner-no-mp4; re-run Step 1 to recover)
scrape-error     CR08852009313103773697 v3  (Step 1 tag: html5-banner-no-mp4; re-run Step 1 to recover)
scrape-error     CR08852009313103773697 v4  (Step 1 tag: html5-banner-no-mp4; re-run Step 1 to recover)
scrape-error     CR08860669410281521153 v0  (Step 1 tag: html5-banner-no-mp4; re-run Step 1 to recover)
scrape-error     CR08860669410281521153 v1  (Step 1 tag: html5-banner-no-mp4; re-run Step 1 to recover)
scrape-error     CR08860669410281521153 v2  (Step 1 tag: html5-banner-no-mp4; re-run Step 1 to recover)
scrape-error     CR08860669410281521153 v3  (Step 1 tag: html5-banner-no-mp4; re-run Step 1 to recover)
scrape-error     CR09067798090781556737 v0  (Step 1 tag: html5-banner-no-mp4; re-run Step 1 to recover)
scrape-error     CR09067798090781556737 v1  (Step 1 tag: html5-banner-no-mp4; re-run Step 1 to recover)
scrape-error     CR09067798090781556737 v2  (Step 1 tag: html5-banner-no-mp4; re-run Step 1 to recover)
scrape-error     CR09295687792786931713 v0  (Step 1 tag: html5-banner-no-mp4; re-run Step 1 to recover)
scrape-error     CR09295687792786931713 v1  (Step 1 tag: html5-banner-no-mp4; re-run Step 1 to recover)
scrape-error     CR09295687792786931713 v2  (Step 1 tag: html5-banner-no-mp4; re-run Step 1 to recover)
scrape-error     CR09295687792786931713 v3  (Step 1 tag: html5-banner-no-mp4; re-run Step 1 to recover)
scrape-error     CR09679862859248435201 v0  (Step 1 tag: html5-banner-no-mp4; re-run Step 1 to recover)
scrape-error     CR09679862859248435201 v1  (Step 1 tag: html5-banner-no-mp4; re-run Step 1 to recover)
scrape-error     CR09679862859248435201 v2  (Step 1 tag: html5-banner-no-mp4; re-run Step 1 to recover)
scrape-error     CR09679862859248435201 v3  (Step 1 tag: html5-banner-no-mp4; re-run Step 1 to recover)
scrape-error     CR09693630007548575745 v0  (Step 1 tag: html5-banner-no-mp4; re-run Step 1 to recover)
scrape-error     CR09693630007548575745 v1  (Step 1 tag: html5-banner-no-mp4; re-run Step 1 to recover)
scrape-error     CR09693630007548575745 v2  (Step 1 tag: html5-banner-no-mp4; re-run Step 1 to recover)
scrape-error     CR09693630007548575745 v3  (Step 1 tag: html5-banner-no-mp4; re-run Step 1 to recover)
scrape-error     CR09693630007548575745 v4  (Step 1 tag: html5-banner-no-mp4; re-run Step 1 to recover)
scrape-error     CR09742146164282621953 v0  (Step 1 tag: html5-banner-no-mp4; re-run Step 1 to recover)
scrape-error     CR09742146164282621953 v1  (Step 1 tag: html5-banner-no-mp4; re-run Step 1 to recover)
scrape-error     CR09742146164282621953 v2  (Step 1 tag: html5-banner-no-mp4; re-run Step 1 to recover)
scrape-error     CR09742146164282621953 v3  (Step 1 tag: html5-banner-no-mp4; re-run Step 1 to recover)
scrape-error     CR09757354883995926529 v0  (Step 1 tag: html5-banner-no-mp4; re-run Step 1 to recover)
scrape-error     CR09757354883995926529 v1  (Step 1 tag: html5-banner-no-mp4; re-run Step 1 to recover)
scrape-error     CR09757354883995926529 v2  (Step 1 tag: html5-banner-no-mp4; re-run Step 1 to recover)
scrape-error     CR09757354883995926529 v3  (Step 1 tag: html5-banner-no-mp4; re-run Step 1 to recover)
scrape-error     CR10346195630421966849 v0  (Step 1 tag: html5-banner-no-mp4; re-run Step 1 to recover)
scrape-error     CR10346195630421966849 v1  (Step 1 tag: html5-banner-no-mp4; re-run Step 1 to recover)
scrape-error     CR10346195630421966849 v2  (Step 1 tag: html5-banner-no-mp4; re-run Step 1 to recover)
scrape-error     CR10346195630421966849 v3  (Step 1 tag: html5-banner-no-mp4; re-run Step 1 to recover)
scrape-error     CR10584891315525255169 v0  (Step 1 tag: html5-banner-no-mp4; re-run Step 1 to recover)
scrape-error     CR10584891315525255169 v1  (Step 1 tag: html5-banner-no-mp4; re-run Step 1 to recover)
scrape-error     CR10584891315525255169 v2  (Step 1 tag: html5-banner-no-mp4; re-run Step 1 to recover)
scrape-error     CR10584891315525255169 v3  (Step 1 tag: html5-banner-no-mp4; re-run Step 1 to recover)
scrape-error     CR10726035691902337025 v0  (Step 1 tag: html5-banner-no-mp4; re-run Step 1 to recover)
scrape-error     CR10726035691902337025 v1  (Step 1 tag: html5-banner-no-mp4; re-run Step 1 to recover)
scrape-error     CR10726035691902337025 v2  (Step 1 tag: html5-banner-no-mp4; re-run Step 1 to recover)
scrape-error     CR10726035691902337025 v3  (Step 1 tag: html5-banner-no-mp4; re-run Step 1 to recover)
scrape-error     CR10895639689813819393 v0  (Step 1 tag: html5-banner-no-mp4; re-run Step 1 to recover)
scrape-error     CR10895639689813819393 v1  (Step 1 tag: html5-banner-no-mp4; re-run Step 1 to recover)
scrape-error     CR10895639689813819393 v2  (Step 1 tag: html5-banner-no-mp4; re-run Step 1 to recover)
scrape-error     CR10895639689813819393 v3  (Step 1 tag: html5-banner-no-mp4; re-run Step 1 to recover)
scrape-error     CR11098543290725695489 v0  (Step 1 tag: html5-banner-no-mp4; re-run Step 1 to recover)
scrape-error     CR11098543290725695489 v1  (Step 1 tag: html5-banner-no-mp4; re-run Step 1 to recover)
scrape-error     CR11098543290725695489 v2  (Step 1 tag: html5-banner-no-mp4; re-run Step 1 to recover)
scrape-error     CR11098543290725695489 v3  (Step 1 tag: html5-banner-no-mp4; re-run Step 1 to recover)
scrape-error     CR11457896882190155777 v0  (Step 1 tag: html5-banner-no-mp4; re-run Step 1 to recover)
scrape-error     CR11457896882190155777 v1  (Step 1 tag: html5-banner-no-mp4; re-run Step 1 to recover)
scrape-error     CR11457896882190155777 v2  (Step 1 tag: html5-banner-no-mp4; re-run Step 1 to recover)
scrape-error     CR11457896882190155777 v3  (Step 1 tag: html5-banner-no-mp4; re-run Step 1 to recover)
scrape-error     CR11555723524089839617 v0  (Step 1 tag: html5-banner-no-mp4; re-run Step 1 to recover)
scrape-error     CR11555723524089839617 v1  (Step 1 tag: html5-banner-no-mp4; re-run Step 1 to recover)
scrape-error     CR11555723524089839617 v2  (Step 1 tag: html5-banner-no-mp4; re-run Step 1 to recover)
scrape-error     CR11555723524089839617 v3  (Step 1 tag: html5-banner-no-mp4; re-run Step 1 to recover)
scrape-error     CR11565783780606083073 v0  (Step 1 tag: html5-banner-no-mp4; re-run Step 1 to recover)
scrape-error     CR11565783780606083073 v1  (Step 1 tag: html5-banner-no-mp4; re-run Step 1 to recover)
scrape-error     CR11565783780606083073 v2  (Step 1 tag: html5-banner-no-mp4; re-run Step 1 to recover)
scrape-error     CR11756424571283046401 v0  (Step 1 tag: detail-fetch: HTTPError; re-run Step 1 to recover)
scrape-error     CR11956153564297953281 v0  (Step 1 tag: html5-banner-no-mp4; re-run Step 1 to recover)
scrape-error     CR11956153564297953281 v1  (Step 1 tag: html5-banner-no-mp4; re-run Step 1 to recover)
scrape-error     CR11956153564297953281 v2  (Step 1 tag: html5-banner-no-mp4; re-run Step 1 to recover)
scrape-error     CR11956153564297953281 v3  (Step 1 tag: html5-banner-no-mp4; re-run Step 1 to recover)
scrape-error     CR12467630499340222465 v0  (Step 1 tag: html5-banner-no-mp4; re-run Step 1 to recover)
scrape-error     CR12467630499340222465 v1  (Step 1 tag: html5-banner-no-mp4; re-run Step 1 to recover)
scrape-error     CR12467630499340222465 v2  (Step 1 tag: html5-banner-no-mp4; re-run Step 1 to recover)
scrape-error     CR12467630499340222465 v3  (Step 1 tag: html5-banner-no-mp4; re-run Step 1 to recover)
scrape-error     CR12981564336064430081 v0  (Step 1 tag: html5-banner-no-mp4; re-run Step 1 to recover)
scrape-error     CR12981564336064430081 v1  (Step 1 tag: html5-banner-no-mp4; re-run Step 1 to recover)
scrape-error     CR12981564336064430081 v2  (Step 1 tag: html5-banner-no-mp4; re-run Step 1 to recover)
scrape-error     CR12981564336064430081 v3  (Step 1 tag: html5-banner-no-mp4; re-run Step 1 to recover)
scrape-error     CR12981564336064430081 v4  (Step 1 tag: html5-banner-no-mp4; re-run Step 1 to recover)
scrape-error     CR13044200859209039873 v0  (Step 1 tag: html5-banner-no-mp4; re-run Step 1 to recover)
scrape-error     CR13044200859209039873 v1  (Step 1 tag: html5-banner-no-mp4; re-run Step 1 to recover)
scrape-error     CR13044200859209039873 v2  (Step 1 tag: html5-banner-no-mp4; re-run Step 1 to recover)
scrape-error     CR13044200859209039873 v3  (Step 1 tag: html5-banner-no-mp4; re-run Step 1 to recover)
scrape-error     CR13044200859209039873 v4  (Step 1 tag: html5-banner-no-mp4; re-run Step 1 to recover)
scrape-error     CR13055875585341915137 v0  (Step 1 tag: html5-banner-no-mp4; re-run Step 1 to recover)
scrape-error     CR13055875585341915137 v1  (Step 1 tag: html5-banner-no-mp4; re-run Step 1 to recover)
scrape-error     CR13055875585341915137 v2  (Step 1 tag: html5-banner-no-mp4; re-run Step 1 to recover)
scrape-error     CR13055875585341915137 v3  (Step 1 tag: html5-banner-no-mp4; re-run Step 1 to recover)
scrape-error     CR13088316469761015809 v0  (Step 1 tag: html5-banner-no-mp4; re-run Step 1 to recover)
scrape-error     CR13088316469761015809 v1  (Step 1 tag: html5-banner-no-mp4; re-run Step 1 to recover)
scrape-error     CR13088316469761015809 v2  (Step 1 tag: html5-banner-no-mp4; re-run Step 1 to recover)
scrape-error     CR13088316469761015809 v3  (Step 1 tag: html5-banner-no-mp4; re-run Step 1 to recover)
scrape-error     CR13126932348920659969 v0  (Step 1 tag: html5-banner-no-mp4; re-run Step 1 to recover)
scrape-error     CR13126932348920659969 v1  (Step 1 tag: html5-banner-no-mp4; re-run Step 1 to recover)
scrape-error     CR13126932348920659969 v2  (Step 1 tag: html5-banner-no-mp4; re-run Step 1 to recover)
scrape-error     CR13126932348920659969 v3  (Step 1 tag: html5-banner-no-mp4; re-run Step 1 to recover)
scrape-error     CR13126932348920659969 v4  (Step 1 tag: html5-banner-no-mp4; re-run Step 1 to recover)
scrape-error     CR13210686822532775937 v0  (Step 1 tag: html5-banner-no-mp4; re-run Step 1 to recover)
scrape-error     CR13210686822532775937 v1  (Step 1 tag: html5-banner-no-mp4; re-run Step 1 to recover)
scrape-error     CR13210686822532775937 v2  (Step 1 tag: html5-banner-no-mp4; re-run Step 1 to recover)
scrape-error     CR13210686822532775937 v3  (Step 1 tag: html5-banner-no-mp4; re-run Step 1 to recover)
scrape-error     CR13352794190707163137 v0  (Step 1 tag: html5-banner-no-mp4; re-run Step 1 to recover)
scrape-error     CR13352794190707163137 v1  (Step 1 tag: html5-banner-no-mp4; re-run Step 1 to recover)
scrape-error     CR13352794190707163137 v2  (Step 1 tag: html5-banner-no-mp4; re-run Step 1 to recover)
scrape-error     CR13352794190707163137 v3  (Step 1 tag: html5-banner-no-mp4; re-run Step 1 to recover)
scrape-error     CR13360619140084137985 v0  (Step 1 tag: html5-banner-no-mp4; re-run Step 1 to recover)
scrape-error     CR13360619140084137985 v1  (Step 1 tag: html5-banner-no-mp4; re-run Step 1 to recover)
scrape-error     CR13360619140084137985 v2  (Step 1 tag: html5-banner-no-mp4; re-run Step 1 to recover)
scrape-error     CR13360619140084137985 v3  (Step 1 tag: html5-banner-no-mp4; re-run Step 1 to recover)
scrape-error     CR13360619140084137985 v4  (Step 1 tag: html5-banner-no-mp4; re-run Step 1 to recover)
scrape-error     CR13677150095131279361 v0  (Step 1 tag: detail-fetch: HTTPError; re-run Step 1 to recover)
scrape-error     CR14031019966841487361 v0  (Step 1 tag: html5-banner-no-mp4; re-run Step 1 to recover)
scrape-error     CR14031019966841487361 v1  (Step 1 tag: html5-banner-no-mp4; re-run Step 1 to recover)
scrape-error     CR14031019966841487361 v2  (Step 1 tag: html5-banner-no-mp4; re-run Step 1 to recover)
scrape-error     CR14031019966841487361 v3  (Step 1 tag: html5-banner-no-mp4; re-run Step 1 to recover)
scrape-error     CR14031019966841487361 v4  (Step 1 tag: html5-banner-no-mp4; re-run Step 1 to recover)
scrape-error     CR14071192548307632129 v0  (Step 1 tag: html5-banner-no-mp4; re-run Step 1 to recover)
scrape-error     CR14071192548307632129 v1  (Step 1 tag: html5-banner-no-mp4; re-run Step 1 to recover)
scrape-error     CR14071192548307632129 v2  (Step 1 tag: html5-banner-no-mp4; re-run Step 1 to recover)
scrape-error     CR14071192548307632129 v3  (Step 1 tag: html5-banner-no-mp4; re-run Step 1 to recover)
scrape-error     CR14198535786013392897 v0  (Step 1 tag: html5-banner-no-mp4; re-run Step 1 to recover)
scrape-error     CR14198535786013392897 v1  (Step 1 tag: html5-banner-no-mp4; re-run Step 1 to recover)
scrape-error     CR14198535786013392897 v2  (Step 1 tag: html5-banner-no-mp4; re-run Step 1 to recover)
scrape-error     CR14198535786013392897 v3  (Step 1 tag: html5-banner-no-mp4; re-run Step 1 to recover)
scrape-error     CR14533484960985120769 v0  (Step 1 tag: html5-banner-no-mp4; re-run Step 1 to recover)
scrape-error     CR14533484960985120769 v1  (Step 1 tag: html5-banner-no-mp4; re-run Step 1 to recover)
scrape-error     CR14533484960985120769 v2  (Step 1 tag: html5-banner-no-mp4; re-run Step 1 to recover)
scrape-error     CR14533484960985120769 v3  (Step 1 tag: html5-banner-no-mp4; re-run Step 1 to recover)
scrape-error     CR14533484960985120769 v4  (Step 1 tag: html5-banner-no-mp4; re-run Step 1 to recover)
scrape-error     CR14595779922560548865 v0  (Step 1 tag: html5-banner-no-mp4; re-run Step 1 to recover)
scrape-error     CR14595779922560548865 v1  (Step 1 tag: html5-banner-no-mp4; re-run Step 1 to recover)
scrape-error     CR14595779922560548865 v2  (Step 1 tag: html5-banner-no-mp4; re-run Step 1 to recover)
scrape-error     CR14600605859483484161 v0  (Step 1 tag: html5-banner-no-mp4; re-run Step 1 to recover)
scrape-error     CR14600605859483484161 v1  (Step 1 tag: html5-banner-no-mp4; re-run Step 1 to recover)
scrape-error     CR14600605859483484161 v2  (Step 1 tag: html5-banner-no-mp4; re-run Step 1 to recover)
scrape-error     CR14658114329115623425 v0  (Step 1 tag: html5-banner-no-mp4; re-run Step 1 to recover)
scrape-error     CR14658114329115623425 v1  (Step 1 tag: html5-banner-no-mp4; re-run Step 1 to recover)
scrape-error     CR14658114329115623425 v2  (Step 1 tag: html5-banner-no-mp4; re-run Step 1 to recover)
scrape-error     CR14658114329115623425 v3  (Step 1 tag: html5-banner-no-mp4; re-run Step 1 to recover)
scrape-error     CR14658114329115623425 v4  (Step 1 tag: html5-banner-no-mp4; re-run Step 1 to recover)
scrape-error     CR14749576035641065473 v0  (Step 1 tag: html5-banner-no-mp4; re-run Step 1 to recover)
scrape-error     CR14749576035641065473 v1  (Step 1 tag: html5-banner-no-mp4; re-run Step 1 to recover)
scrape-error     CR14749576035641065473 v2  (Step 1 tag: html5-banner-no-mp4; re-run Step 1 to recover)
scrape-error     CR14749576035641065473 v3  (Step 1 tag: html5-banner-no-mp4; re-run Step 1 to recover)
scrape-error     CR15286827490333425665 v0  (Step 1 tag: html5-banner-no-mp4; re-run Step 1 to recover)
scrape-error     CR15286827490333425665 v1  (Step 1 tag: html5-banner-no-mp4; re-run Step 1 to recover)
scrape-error     CR15286827490333425665 v2  (Step 1 tag: html5-banner-no-mp4; re-run Step 1 to recover)
scrape-error     CR15286827490333425665 v3  (Step 1 tag: html5-banner-no-mp4; re-run Step 1 to recover)
scrape-error     CR15286827490333425665 v4  (Step 1 tag: html5-banner-no-mp4; re-run Step 1 to recover)
scrape-error     CR15498053638353321985 v0  (Step 1 tag: html5-banner-no-mp4; re-run Step 1 to recover)
scrape-error     CR15498053638353321985 v1  (Step 1 tag: html5-banner-no-mp4; re-run Step 1 to recover)
scrape-error     CR15498053638353321985 v2  (Step 1 tag: html5-banner-no-mp4; re-run Step 1 to recover)
scrape-error     CR15564920051449462785 v0  (Step 1 tag: html5-banner-no-mp4; re-run Step 1 to recover)
scrape-error     CR15564920051449462785 v1  (Step 1 tag: html5-banner-no-mp4; re-run Step 1 to recover)
scrape-error     CR15564920051449462785 v2  (Step 1 tag: html5-banner-no-mp4; re-run Step 1 to recover)
scrape-error     CR15564920051449462785 v3  (Step 1 tag: html5-banner-no-mp4; re-run Step 1 to recover)
scrape-error     CR15689461020563079169 v0  (Step 1 tag: html5-banner-no-mp4; re-run Step 1 to recover)
scrape-error     CR15689461020563079169 v1  (Step 1 tag: html5-banner-no-mp4; re-run Step 1 to recover)
scrape-error     CR15689461020563079169 v2  (Step 1 tag: html5-banner-no-mp4; re-run Step 1 to recover)
scrape-error     CR15722062253291208705 v0  (Step 1 tag: html5-banner-no-mp4; re-run Step 1 to recover)
scrape-error     CR15722062253291208705 v1  (Step 1 tag: html5-banner-no-mp4; re-run Step 1 to recover)
scrape-error     CR15722062253291208705 v2  (Step 1 tag: html5-banner-no-mp4; re-run Step 1 to recover)
scrape-error     CR15722062253291208705 v3  (Step 1 tag: html5-banner-no-mp4; re-run Step 1 to recover)
scrape-error     CR15753942318060666881 v0  (Step 1 tag: html5-banner-no-mp4; re-run Step 1 to recover)
scrape-error     CR15753942318060666881 v1  (Step 1 tag: html5-banner-no-mp4; re-run Step 1 to recover)
scrape-error     CR15753942318060666881 v2  (Step 1 tag: html5-banner-no-mp4; re-run Step 1 to recover)
scrape-error     CR15876944683859968001 v0  (Step 1 tag: html5-banner-no-mp4; re-run Step 1 to recover)
scrape-error     CR15876944683859968001 v1  (Step 1 tag: html5-banner-no-mp4; re-run Step 1 to recover)
scrape-error     CR15876944683859968001 v2  (Step 1 tag: html5-banner-no-mp4; re-run Step 1 to recover)
scrape-error     CR15876944683859968001 v3  (Step 1 tag: html5-banner-no-mp4; re-run Step 1 to recover)
scrape-error     CR16121518744672403457 v0  (Step 1 tag: html5-banner-no-mp4; re-run Step 1 to recover)
scrape-error     CR16121518744672403457 v1  (Step 1 tag: html5-banner-no-mp4; re-run Step 1 to recover)
scrape-error     CR16121518744672403457 v2  (Step 1 tag: html5-banner-no-mp4; re-run Step 1 to recover)
scrape-error     CR16351678620361555969 v0  (Step 1 tag: html5-banner-no-mp4; re-run Step 1 to recover)
scrape-error     CR16351678620361555969 v1  (Step 1 tag: html5-banner-no-mp4; re-run Step 1 to recover)
scrape-error     CR16351678620361555969 v2  (Step 1 tag: html5-banner-no-mp4; re-run Step 1 to recover)
scrape-error     CR16351678620361555969 v3  (Step 1 tag: html5-banner-no-mp4; re-run Step 1 to recover)
scrape-error     CR16507822534364758017 v0  (Step 1 tag: html5-banner-no-mp4; re-run Step 1 to recover)
scrape-error     CR16507822534364758017 v1  (Step 1 tag: html5-banner-no-mp4; re-run Step 1 to recover)
scrape-error     CR16507822534364758017 v2  (Step 1 tag: html5-banner-no-mp4; re-run Step 1 to recover)
scrape-error     CR16507822534364758017 v3  (Step 1 tag: html5-banner-no-mp4; re-run Step 1 to recover)
scrape-error     CR16734296134113034241 v0  (Step 1 tag: html5-banner-no-mp4; re-run Step 1 to recover)
scrape-error     CR16734296134113034241 v1  (Step 1 tag: html5-banner-no-mp4; re-run Step 1 to recover)
scrape-error     CR16734296134113034241 v2  (Step 1 tag: html5-banner-no-mp4; re-run Step 1 to recover)
scrape-error     CR16734296134113034241 v3  (Step 1 tag: html5-banner-no-mp4; re-run Step 1 to recover)
scrape-error     CR16734296134113034241 v4  (Step 1 tag: html5-banner-no-mp4; re-run Step 1 to recover)
scrape-error     CR16779592602973372417 v0  (Step 1 tag: html5-banner-no-mp4; re-run Step 1 to recover)
scrape-error     CR16779592602973372417 v1  (Step 1 tag: html5-banner-no-mp4; re-run Step 1 to recover)
scrape-error     CR16779592602973372417 v2  (Step 1 tag: html5-banner-no-mp4; re-run Step 1 to recover)
scrape-error     CR16779592602973372417 v3  (Step 1 tag: html5-banner-no-mp4; re-run Step 1 to recover)
scrape-error     CR16779592602973372417 v4  (Step 1 tag: html5-banner-no-mp4; re-run Step 1 to recover)
scrape-error     CR17597573522543083521 v0  (Step 1 tag: html5-banner-no-mp4; re-run Step 1 to recover)
scrape-error     CR17597573522543083521 v1  (Step 1 tag: html5-banner-no-mp4; re-run Step 1 to recover)
scrape-error     CR17597573522543083521 v2  (Step 1 tag: html5-banner-no-mp4; re-run Step 1 to recover)
scrape-error     CR17597573522543083521 v3  (Step 1 tag: html5-banner-no-mp4; re-run Step 1 to recover)
scrape-error     CR17597573522543083521 v4  (Step 1 tag: html5-banner-no-mp4; re-run Step 1 to recover)
scrape-error     CR17713935499535581185 v0  (Step 1 tag: html5-banner-no-mp4; re-run Step 1 to recover)
scrape-error     CR17713935499535581185 v1  (Step 1 tag: html5-banner-no-mp4; re-run Step 1 to recover)
scrape-error     CR17713935499535581185 v2  (Step 1 tag: html5-banner-no-mp4; re-run Step 1 to recover)
scrape-error     CR17713935499535581185 v3  (Step 1 tag: html5-banner-no-mp4; re-run Step 1 to recover)
scrape-error     CR17734020098051538945 v0  (Step 1 tag: html5-banner-no-mp4; re-run Step 1 to recover)
scrape-error     CR17734020098051538945 v1  (Step 1 tag: html5-banner-no-mp4; re-run Step 1 to recover)
scrape-error     CR17734020098051538945 v2  (Step 1 tag: html5-banner-no-mp4; re-run Step 1 to recover)
scrape-error     CR17734020098051538945 v3  (Step 1 tag: html5-banner-no-mp4; re-run Step 1 to recover)
scrape-error     CR17734020098051538945 v4  (Step 1 tag: html5-banner-no-mp4; re-run Step 1 to recover)
scrape-error     CR17774971683505963009 v0  (Step 1 tag: html5-banner-no-mp4; re-run Step 1 to recover)
scrape-error     CR17774971683505963009 v1  (Step 1 tag: html5-banner-no-mp4; re-run Step 1 to recover)
scrape-error     CR17774971683505963009 v2  (Step 1 tag: html5-banner-no-mp4; re-run Step 1 to recover)
scrape-error     CR17774971683505963009 v3  (Step 1 tag: html5-banner-no-mp4; re-run Step 1 to recover)
scrape-error     CR17774971683505963009 v4  (Step 1 tag: html5-banner-no-mp4; re-run Step 1 to recover)
scrape-error     CR17849751393456357377 v0  (Step 1 tag: html5-banner-no-mp4; re-run Step 1 to recover)
scrape-error     CR17849751393456357377 v1  (Step 1 tag: html5-banner-no-mp4; re-run Step 1 to recover)
scrape-error     CR17849751393456357377 v2  (Step 1 tag: html5-banner-no-mp4; re-run Step 1 to recover)
scrape-error     CR17849751393456357377 v3  (Step 1 tag: html5-banner-no-mp4; re-run Step 1 to recover)
scrape-error     CR17854691954466488321 v0  (Step 1 tag: html5-banner-no-mp4; re-run Step 1 to recover)
scrape-error     CR17854691954466488321 v1  (Step 1 tag: html5-banner-no-mp4; re-run Step 1 to recover)
scrape-error     CR17854691954466488321 v2  (Step 1 tag: html5-banner-no-mp4; re-run Step 1 to recover)
scrape-error     CR17969584966744408065 v0  (Step 1 tag: html5-banner-no-mp4; re-run Step 1 to recover)
scrape-error     CR17969584966744408065 v1  (Step 1 tag: html5-banner-no-mp4; re-run Step 1 to recover)
scrape-error     CR17969584966744408065 v2  (Step 1 tag: html5-banner-no-mp4; re-run Step 1 to recover)
scrape-error     CR17990938856945352705 v0  (Step 1 tag: html5-banner-no-mp4; re-run Step 1 to recover)
scrape-error     CR17990938856945352705 v1  (Step 1 tag: html5-banner-no-mp4; re-run Step 1 to recover)
scrape-error     CR17990938856945352705 v2  (Step 1 tag: html5-banner-no-mp4; re-run Step 1 to recover)
scrape-error     CR17990938856945352705 v3  (Step 1 tag: html5-banner-no-mp4; re-run Step 1 to recover)
scrape-error     CR18102805094100631553 v0  (Step 1 tag: html5-banner-no-mp4; re-run Step 1 to recover)
scrape-error     CR18102805094100631553 v1  (Step 1 tag: html5-banner-no-mp4; re-run Step 1 to recover)
scrape-error     CR18102805094100631553 v2  (Step 1 tag: html5-banner-no-mp4; re-run Step 1 to recover)
scrape-error     CR18102805094100631553 v3  (Step 1 tag: html5-banner-no-mp4; re-run Step 1 to recover)
scrape-error     CR18102805094100631553 v4  (Step 1 tag: html5-banner-no-mp4; re-run Step 1 to recover)
scrape-error     CR18176217492622409729 v0  (Step 1 tag: html5-banner-no-mp4; re-run Step 1 to recover)
scrape-error     CR18176217492622409729 v1  (Step 1 tag: html5-banner-no-mp4; re-run Step 1 to recover)
scrape-error     CR18176217492622409729 v2  (Step 1 tag: html5-banner-no-mp4; re-run Step 1 to recover)
scrape-error     CR18176217492622409729 v3  (Step 1 tag: html5-banner-no-mp4; re-run Step 1 to recover)
scrape-error     CR18298872481466810369 v0  (Step 1 tag: html5-banner-no-mp4; re-run Step 1 to recover)
scrape-error     CR18298872481466810369 v1  (Step 1 tag: html5-banner-no-mp4; re-run Step 1 to recover)
scrape-error     CR18298872481466810369 v2  (Step 1 tag: html5-banner-no-mp4; re-run Step 1 to recover)
scrape-error     CR18298872481466810369 v3  (Step 1 tag: html5-banner-no-mp4; re-run Step 1 to recover)
scrape-error     CR18399502096333275137 v0  (Step 1 tag: html5-banner-no-mp4; re-run Step 1 to recover)
scrape-error     CR18399502096333275137 v1  (Step 1 tag: html5-banner-no-mp4; re-run Step 1 to recover)
scrape-error     CR18399502096333275137 v2  (Step 1 tag: html5-banner-no-mp4; re-run Step 1 to recover)
scrape-error     CR18399502096333275137 v3  (Step 1 tag: html5-banner-no-mp4; re-run Step 1 to recover)
