# Step 3 run log (Google pipeline)
# competitor : mysivi
# started_at : 2026-06-29T17:39:51
# input      : google/inputs/g-ads-mysivi-2026-06-29.csv
# videos     : google/videos/mysivi-2026-06-29
# images     : google/images/mysivi-2026-06-29
# master     : google/master/mysivi.csv  (updated)
# enriched   : google/inputs/g-ads-mysivi-2026-06-29_enriched.csv
# bucket     : video-ads
# public_base: https://pub-893b4a6a607b4221a894bf861da7914e.r2.dev
# dry_run    : False
#
# counts     : {'uploaded-video': 0, 'uploaded-image': 0, 'carried-forward': 16, 'text-no-asset': 0, 'asset-missing': 0, 'unsupported': 0, 'no-creative': 0, 'scrape-error': 616, 'error': 0}
#
scrape-error     CR00040292024506646529 v0  (Step 1 tag: html5-banner-no-mp4; re-run Step 1 to recover)
scrape-error     CR00040292024506646529 v1  (Step 1 tag: html5-banner-no-mp4; re-run Step 1 to recover)
scrape-error     CR00040292024506646529 v2  (Step 1 tag: html5-banner-no-mp4; re-run Step 1 to recover)
scrape-error     CR00080860868245454849 v0  (Step 1 tag: html5-banner-no-mp4; re-run Step 1 to recover)
scrape-error     CR00080860868245454849 v1  (Step 1 tag: html5-banner-no-mp4; re-run Step 1 to recover)
scrape-error     CR00080860868245454849 v2  (Step 1 tag: html5-banner-no-mp4; re-run Step 1 to recover)
scrape-error     CR00080860868245454849 v3  (Step 1 tag: html5-banner-no-mp4; re-run Step 1 to recover)
scrape-error     CR00202131314252447745 v0  (Step 1 tag: html5-banner-no-mp4; re-run Step 1 to recover)
scrape-error     CR00202131314252447745 v1  (Step 1 tag: html5-banner-no-mp4; re-run Step 1 to recover)
scrape-error     CR00202131314252447745 v2  (Step 1 tag: html5-banner-no-mp4; re-run Step 1 to recover)
scrape-error     CR00202131314252447745 v3  (Step 1 tag: html5-banner-no-mp4; re-run Step 1 to recover)
scrape-error     CR00356683599275098113 v0  (Step 1 tag: html5-banner-no-mp4; re-run Step 1 to recover)
scrape-error     CR00356683599275098113 v1  (Step 1 tag: html5-banner-no-mp4; re-run Step 1 to recover)
scrape-error     CR00356683599275098113 v2  (Step 1 tag: html5-banner-no-mp4; re-run Step 1 to recover)
scrape-error     CR00374679349036580865 v0  (Step 1 tag: html5-banner-no-mp4; re-run Step 1 to recover)
scrape-error     CR00374679349036580865 v1  (Step 1 tag: html5-banner-no-mp4; re-run Step 1 to recover)
scrape-error     CR00374679349036580865 v2  (Step 1 tag: html5-banner-no-mp4; re-run Step 1 to recover)
scrape-error     CR00426987352007639041 v0  (Step 1 tag: html5-banner-no-mp4; re-run Step 1 to recover)
scrape-error     CR00426987352007639041 v1  (Step 1 tag: html5-banner-no-mp4; re-run Step 1 to recover)
scrape-error     CR00426987352007639041 v2  (Step 1 tag: html5-banner-no-mp4; re-run Step 1 to recover)
scrape-error     CR00426987352007639041 v3  (Step 1 tag: html5-banner-no-mp4; re-run Step 1 to recover)
scrape-error     CR00521681553999265793 v0  (Step 1 tag: html5-banner-no-mp4; re-run Step 1 to recover)
scrape-error     CR00521681553999265793 v1  (Step 1 tag: html5-banner-no-mp4; re-run Step 1 to recover)
scrape-error     CR00521681553999265793 v2  (Step 1 tag: html5-banner-no-mp4; re-run Step 1 to recover)
scrape-error     CR00521681553999265793 v3  (Step 1 tag: html5-banner-no-mp4; re-run Step 1 to recover)
scrape-error     CR00703816754651987969 v0  (Step 1 tag: html5-banner-no-mp4; re-run Step 1 to recover)
scrape-error     CR00703816754651987969 v1  (Step 1 tag: html5-banner-no-mp4; re-run Step 1 to recover)
scrape-error     CR00703816754651987969 v2  (Step 1 tag: html5-banner-no-mp4; re-run Step 1 to recover)
scrape-error     CR00703816754651987969 v3  (Step 1 tag: html5-banner-no-mp4; re-run Step 1 to recover)
scrape-error     CR00726059943601373185 v0  (Step 1 tag: html5-banner-no-mp4; re-run Step 1 to recover)
scrape-error     CR00726059943601373185 v1  (Step 1 tag: html5-banner-no-mp4; re-run Step 1 to recover)
scrape-error     CR00726059943601373185 v2  (Step 1 tag: html5-banner-no-mp4; re-run Step 1 to recover)
scrape-error     CR00843402298418790401 v0  (Step 1 tag: html5-banner-no-mp4; re-run Step 1 to recover)
scrape-error     CR00843402298418790401 v1  (Step 1 tag: html5-banner-no-mp4; re-run Step 1 to recover)
scrape-error     CR00843402298418790401 v2  (Step 1 tag: html5-banner-no-mp4; re-run Step 1 to recover)
scrape-error     CR00860993548160335873 v0  (Step 1 tag: html5-banner-no-mp4; re-run Step 1 to recover)
scrape-error     CR00860993548160335873 v1  (Step 1 tag: html5-banner-no-mp4; re-run Step 1 to recover)
scrape-error     CR00860993548160335873 v2  (Step 1 tag: html5-banner-no-mp4; re-run Step 1 to recover)
scrape-error     CR01241396645493473281 v0  (Step 1 tag: html5-banner-no-mp4; re-run Step 1 to recover)
scrape-error     CR01241396645493473281 v1  (Step 1 tag: html5-banner-no-mp4; re-run Step 1 to recover)
scrape-error     CR01241396645493473281 v2  (Step 1 tag: html5-banner-no-mp4; re-run Step 1 to recover)
scrape-error     CR01241396645493473281 v3  (Step 1 tag: html5-banner-no-mp4; re-run Step 1 to recover)
carried-forward  CR01282886948695834625 v0  → https://pub-893b4a6a607b4221a894bf861da7914e.r2.dev/g_CR01282886948695834625.jpg
scrape-error     CR01304809423847292929 v0  (Step 1 tag: html5-banner-no-mp4; re-run Step 1 to recover)
scrape-error     CR01304809423847292929 v1  (Step 1 tag: html5-banner-no-mp4; re-run Step 1 to recover)
scrape-error     CR01304809423847292929 v2  (Step 1 tag: html5-banner-no-mp4; re-run Step 1 to recover)
scrape-error     CR01304809423847292929 v3  (Step 1 tag: html5-banner-no-mp4; re-run Step 1 to recover)
scrape-error     CR01304809423847292929 v4  (Step 1 tag: html5-banner-no-mp4; re-run Step 1 to recover)
carried-forward  CR01362799453802594305 v0  → https://pub-893b4a6a607b4221a894bf861da7914e.r2.dev/g_CR01362799453802594305.jpg
carried-forward  CR01362799453802594305 v1  → https://pub-893b4a6a607b4221a894bf861da7914e.r2.dev/g_CR01362799453802594305.jpg
carried-forward  CR01362799453802594305 v2  → https://pub-893b4a6a607b4221a894bf861da7914e.r2.dev/g_CR01362799453802594305.jpg
scrape-error     CR01621832135469957121 v0  (Step 1 tag: html5-banner-no-mp4; re-run Step 1 to recover)
scrape-error     CR01621832135469957121 v1  (Step 1 tag: html5-banner-no-mp4; re-run Step 1 to recover)
scrape-error     CR01621832135469957121 v2  (Step 1 tag: html5-banner-no-mp4; re-run Step 1 to recover)
scrape-error     CR01621832135469957121 v3  (Step 1 tag: html5-banner-no-mp4; re-run Step 1 to recover)
scrape-error     CR01621832135469957121 v4  (Step 1 tag: html5-banner-no-mp4; re-run Step 1 to recover)
scrape-error     CR01810583028867530753 v0  (Step 1 tag: html5-banner-no-mp4; re-run Step 1 to recover)
scrape-error     CR01810583028867530753 v1  (Step 1 tag: html5-banner-no-mp4; re-run Step 1 to recover)
scrape-error     CR01810583028867530753 v2  (Step 1 tag: html5-banner-no-mp4; re-run Step 1 to recover)
scrape-error     CR01810583028867530753 v3  (Step 1 tag: html5-banner-no-mp4; re-run Step 1 to recover)
scrape-error     CR01948288064153452545 v0  (Step 1 tag: html5-banner-no-mp4; re-run Step 1 to recover)
scrape-error     CR01948288064153452545 v1  (Step 1 tag: html5-banner-no-mp4; re-run Step 1 to recover)
scrape-error     CR01948288064153452545 v2  (Step 1 tag: html5-banner-no-mp4; re-run Step 1 to recover)
scrape-error     CR01948288064153452545 v3  (Step 1 tag: html5-banner-no-mp4; re-run Step 1 to recover)
scrape-error     CR01948288064153452545 v4  (Step 1 tag: html5-banner-no-mp4; re-run Step 1 to recover)
scrape-error     CR02000079459868213249 v0  (Step 1 tag: html5-banner-no-mp4; re-run Step 1 to recover)
scrape-error     CR02000079459868213249 v1  (Step 1 tag: html5-banner-no-mp4; re-run Step 1 to recover)
scrape-error     CR02280664888722325505 v0  (Step 1 tag: html5-banner-no-mp4; re-run Step 1 to recover)
scrape-error     CR02280664888722325505 v1  (Step 1 tag: html5-banner-no-mp4; re-run Step 1 to recover)
scrape-error     CR02280664888722325505 v2  (Step 1 tag: html5-banner-no-mp4; re-run Step 1 to recover)
scrape-error     CR02280664888722325505 v3  (Step 1 tag: html5-banner-no-mp4; re-run Step 1 to recover)
scrape-error     CR02292858000227958785 v0  (Step 1 tag: html5-banner-no-mp4; re-run Step 1 to recover)
scrape-error     CR02292858000227958785 v1  (Step 1 tag: html5-banner-no-mp4; re-run Step 1 to recover)
scrape-error     CR02292858000227958785 v2  (Step 1 tag: html5-banner-no-mp4; re-run Step 1 to recover)
scrape-error     CR02292858000227958785 v3  (Step 1 tag: html5-banner-no-mp4; re-run Step 1 to recover)
scrape-error     CR02292858000227958785 v4  (Step 1 tag: html5-banner-no-mp4; re-run Step 1 to recover)
scrape-error     CR02352052854409134081 v0  (Step 1 tag: html5-banner-no-mp4; re-run Step 1 to recover)
scrape-error     CR02352052854409134081 v1  (Step 1 tag: html5-banner-no-mp4; re-run Step 1 to recover)
scrape-error     CR02578210301614751745 v0  (Step 1 tag: html5-banner-no-mp4; re-run Step 1 to recover)
scrape-error     CR02578210301614751745 v1  (Step 1 tag: html5-banner-no-mp4; re-run Step 1 to recover)
scrape-error     CR02578210301614751745 v2  (Step 1 tag: html5-banner-no-mp4; re-run Step 1 to recover)
scrape-error     CR02719062826374135809 v0  (Step 1 tag: html5-banner-no-mp4; re-run Step 1 to recover)
scrape-error     CR02719062826374135809 v1  (Step 1 tag: html5-banner-no-mp4; re-run Step 1 to recover)
scrape-error     CR02719062826374135809 v2  (Step 1 tag: html5-banner-no-mp4; re-run Step 1 to recover)
scrape-error     CR02719062826374135809 v3  (Step 1 tag: html5-banner-no-mp4; re-run Step 1 to recover)
scrape-error     CR02719062826374135809 v4  (Step 1 tag: html5-banner-no-mp4; re-run Step 1 to recover)
scrape-error     CR02725022660433018881 v0  (Step 1 tag: html5-banner-no-mp4; re-run Step 1 to recover)
scrape-error     CR02725022660433018881 v1  (Step 1 tag: html5-banner-no-mp4; re-run Step 1 to recover)
scrape-error     CR02725022660433018881 v2  (Step 1 tag: html5-banner-no-mp4; re-run Step 1 to recover)
carried-forward  CR02944692808646131713 v0  → https://pub-893b4a6a607b4221a894bf861da7914e.r2.dev/g_CR02944692808646131713.mp4
scrape-error     CR02944692808646131713 v1  (Step 1 tag: html5-banner-no-mp4; re-run Step 1 to recover)
scrape-error     CR03041052427156455425 v0  (Step 1 tag: html5-banner-no-mp4; re-run Step 1 to recover)
scrape-error     CR03041052427156455425 v1  (Step 1 tag: html5-banner-no-mp4; re-run Step 1 to recover)
scrape-error     CR03041052427156455425 v2  (Step 1 tag: html5-banner-no-mp4; re-run Step 1 to recover)
scrape-error     CR03041052427156455425 v3  (Step 1 tag: html5-banner-no-mp4; re-run Step 1 to recover)
scrape-error     CR03359961213537615873 v0  (Step 1 tag: html5-banner-no-mp4; re-run Step 1 to recover)
scrape-error     CR03359961213537615873 v1  (Step 1 tag: html5-banner-no-mp4; re-run Step 1 to recover)
scrape-error     CR03359961213537615873 v2  (Step 1 tag: html5-banner-no-mp4; re-run Step 1 to recover)
scrape-error     CR03359961213537615873 v3  (Step 1 tag: html5-banner-no-mp4; re-run Step 1 to recover)
scrape-error     CR03359961213537615873 v4  (Step 1 tag: html5-banner-no-mp4; re-run Step 1 to recover)
scrape-error     CR03379897730171142145 v0  (Step 1 tag: html5-banner-no-mp4; re-run Step 1 to recover)
scrape-error     CR03379897730171142145 v1  (Step 1 tag: html5-banner-no-mp4; re-run Step 1 to recover)
scrape-error     CR03379897730171142145 v2  (Step 1 tag: html5-banner-no-mp4; re-run Step 1 to recover)
scrape-error     CR03379897730171142145 v3  (Step 1 tag: html5-banner-no-mp4; re-run Step 1 to recover)
scrape-error     CR03611905025913126913 v0  (Step 1 tag: html5-banner-no-mp4; re-run Step 1 to recover)
scrape-error     CR03679388926457413633 v0  (Step 1 tag: html5-banner-no-mp4; re-run Step 1 to recover)
scrape-error     CR03679388926457413633 v1  (Step 1 tag: html5-banner-no-mp4; re-run Step 1 to recover)
scrape-error     CR03679388926457413633 v2  (Step 1 tag: html5-banner-no-mp4; re-run Step 1 to recover)
scrape-error     CR03679388926457413633 v3  (Step 1 tag: html5-banner-no-mp4; re-run Step 1 to recover)
scrape-error     CR04267229787317075969 v0  (Step 1 tag: html5-banner-no-mp4; re-run Step 1 to recover)
scrape-error     CR04267229787317075969 v1  (Step 1 tag: html5-banner-no-mp4; re-run Step 1 to recover)
scrape-error     CR04267229787317075969 v2  (Step 1 tag: html5-banner-no-mp4; re-run Step 1 to recover)
scrape-error     CR04267229787317075969 v3  (Step 1 tag: html5-banner-no-mp4; re-run Step 1 to recover)
scrape-error     CR04267229787317075969 v4  (Step 1 tag: html5-banner-no-mp4; re-run Step 1 to recover)
scrape-error     CR04321392211137658881 v0  (Step 1 tag: html5-banner-no-mp4; re-run Step 1 to recover)
scrape-error     CR04321392211137658881 v1  (Step 1 tag: html5-banner-no-mp4; re-run Step 1 to recover)
scrape-error     CR04321392211137658881 v2  (Step 1 tag: html5-banner-no-mp4; re-run Step 1 to recover)
scrape-error     CR04321392211137658881 v3  (Step 1 tag: html5-banner-no-mp4; re-run Step 1 to recover)
scrape-error     CR04442344606226448385 v0  (Step 1 tag: html5-banner-no-mp4; re-run Step 1 to recover)
scrape-error     CR04442344606226448385 v1  (Step 1 tag: html5-banner-no-mp4; re-run Step 1 to recover)
scrape-error     CR04442344606226448385 v2  (Step 1 tag: html5-banner-no-mp4; re-run Step 1 to recover)
carried-forward  CR04503504528204627969 v0  → https://pub-893b4a6a607b4221a894bf861da7914e.r2.dev/g_CR04503504528204627969.mp4
scrape-error     CR04503504528204627969 v1  (Step 1 tag: html5-banner-no-mp4; re-run Step 1 to recover)
scrape-error     CR04808896356720574465 v0  (Step 1 tag: html5-banner-no-mp4; re-run Step 1 to recover)
scrape-error     CR04808896356720574465 v1  (Step 1 tag: html5-banner-no-mp4; re-run Step 1 to recover)
scrape-error     CR04808896356720574465 v2  (Step 1 tag: html5-banner-no-mp4; re-run Step 1 to recover)
scrape-error     CR04808896356720574465 v3  (Step 1 tag: html5-banner-no-mp4; re-run Step 1 to recover)
scrape-error     CR04959480521458450433 v0  (Step 1 tag: html5-banner-no-mp4; re-run Step 1 to recover)
scrape-error     CR04959480521458450433 v1  (Step 1 tag: html5-banner-no-mp4; re-run Step 1 to recover)
scrape-error     CR04959480521458450433 v2  (Step 1 tag: html5-banner-no-mp4; re-run Step 1 to recover)
scrape-error     CR04959480521458450433 v3  (Step 1 tag: html5-banner-no-mp4; re-run Step 1 to recover)
scrape-error     CR04959480521458450433 v4  (Step 1 tag: html5-banner-no-mp4; re-run Step 1 to recover)
scrape-error     CR05037975111831912449 v0  (Step 1 tag: html5-banner-no-mp4; re-run Step 1 to recover)
scrape-error     CR05037975111831912449 v1  (Step 1 tag: html5-banner-no-mp4; re-run Step 1 to recover)
scrape-error     CR05037975111831912449 v2  (Step 1 tag: html5-banner-no-mp4; re-run Step 1 to recover)
scrape-error     CR05037975111831912449 v3  (Step 1 tag: html5-banner-no-mp4; re-run Step 1 to recover)
scrape-error     CR05037975111831912449 v4  (Step 1 tag: html5-banner-no-mp4; re-run Step 1 to recover)
scrape-error     CR05056138382497808385 v0  (Step 1 tag: html5-banner-no-mp4; re-run Step 1 to recover)
scrape-error     CR05056138382497808385 v1  (Step 1 tag: html5-banner-no-mp4; re-run Step 1 to recover)
scrape-error     CR05056138382497808385 v2  (Step 1 tag: html5-banner-no-mp4; re-run Step 1 to recover)
scrape-error     CR05056138382497808385 v3  (Step 1 tag: html5-banner-no-mp4; re-run Step 1 to recover)
scrape-error     CR05074673124885135361 v0  (Step 1 tag: html5-banner-no-mp4; re-run Step 1 to recover)
scrape-error     CR05074673124885135361 v1  (Step 1 tag: html5-banner-no-mp4; re-run Step 1 to recover)
scrape-error     CR05074673124885135361 v2  (Step 1 tag: html5-banner-no-mp4; re-run Step 1 to recover)
scrape-error     CR05074673124885135361 v3  (Step 1 tag: html5-banner-no-mp4; re-run Step 1 to recover)
scrape-error     CR05132609759807012865 v0  (Step 1 tag: html5-banner-no-mp4; re-run Step 1 to recover)
scrape-error     CR05132609759807012865 v1  (Step 1 tag: html5-banner-no-mp4; re-run Step 1 to recover)
scrape-error     CR05132609759807012865 v2  (Step 1 tag: html5-banner-no-mp4; re-run Step 1 to recover)
scrape-error     CR05212164141950697473 v0  (Step 1 tag: html5-banner-no-mp4; re-run Step 1 to recover)
scrape-error     CR05212164141950697473 v1  (Step 1 tag: html5-banner-no-mp4; re-run Step 1 to recover)
scrape-error     CR05212164141950697473 v2  (Step 1 tag: html5-banner-no-mp4; re-run Step 1 to recover)
scrape-error     CR05212164141950697473 v3  (Step 1 tag: html5-banner-no-mp4; re-run Step 1 to recover)
scrape-error     CR05212164141950697473 v4  (Step 1 tag: html5-banner-no-mp4; re-run Step 1 to recover)
scrape-error     CR05286711786228154369 v0  (Step 1 tag: html5-banner-no-mp4; re-run Step 1 to recover)
scrape-error     CR05286711786228154369 v1  (Step 1 tag: html5-banner-no-mp4; re-run Step 1 to recover)
scrape-error     CR05286711786228154369 v2  (Step 1 tag: html5-banner-no-mp4; re-run Step 1 to recover)
scrape-error     CR05294247040061014017 v0  (Step 1 tag: html5-banner-no-mp4; re-run Step 1 to recover)
scrape-error     CR05294247040061014017 v1  (Step 1 tag: html5-banner-no-mp4; re-run Step 1 to recover)
scrape-error     CR05294247040061014017 v2  (Step 1 tag: html5-banner-no-mp4; re-run Step 1 to recover)
scrape-error     CR05294247040061014017 v3  (Step 1 tag: html5-banner-no-mp4; re-run Step 1 to recover)
scrape-error     CR05294247040061014017 v4  (Step 1 tag: html5-banner-no-mp4; re-run Step 1 to recover)
scrape-error     CR05345301805934837761 v0  (Step 1 tag: html5-banner-no-mp4; re-run Step 1 to recover)
scrape-error     CR05345301805934837761 v1  (Step 1 tag: html5-banner-no-mp4; re-run Step 1 to recover)
scrape-error     CR05345301805934837761 v2  (Step 1 tag: html5-banner-no-mp4; re-run Step 1 to recover)
scrape-error     CR05345301805934837761 v3  (Step 1 tag: html5-banner-no-mp4; re-run Step 1 to recover)
scrape-error     CR05345301805934837761 v4  (Step 1 tag: html5-banner-no-mp4; re-run Step 1 to recover)
scrape-error     CR05353549448813215745 v0  (Step 1 tag: html5-banner-no-mp4; re-run Step 1 to recover)
scrape-error     CR05353549448813215745 v1  (Step 1 tag: html5-banner-no-mp4; re-run Step 1 to recover)
scrape-error     CR05353549448813215745 v2  (Step 1 tag: html5-banner-no-mp4; re-run Step 1 to recover)
scrape-error     CR05353549448813215745 v3  (Step 1 tag: html5-banner-no-mp4; re-run Step 1 to recover)
scrape-error     CR05579308323053764609 v0  (Step 1 tag: html5-banner-no-mp4; re-run Step 1 to recover)
scrape-error     CR05579308323053764609 v1  (Step 1 tag: html5-banner-no-mp4; re-run Step 1 to recover)
scrape-error     CR05579308323053764609 v2  (Step 1 tag: html5-banner-no-mp4; re-run Step 1 to recover)
scrape-error     CR05579308323053764609 v3  (Step 1 tag: html5-banner-no-mp4; re-run Step 1 to recover)
scrape-error     CR05600036659857981441 v0  (Step 1 tag: html5-banner-no-mp4; re-run Step 1 to recover)
scrape-error     CR05600036659857981441 v1  (Step 1 tag: html5-banner-no-mp4; re-run Step 1 to recover)
scrape-error     CR05600036659857981441 v2  (Step 1 tag: html5-banner-no-mp4; re-run Step 1 to recover)
scrape-error     CR05600036659857981441 v3  (Step 1 tag: html5-banner-no-mp4; re-run Step 1 to recover)
scrape-error     CR05635146333875601409 v0  (Step 1 tag: html5-banner-no-mp4; re-run Step 1 to recover)
scrape-error     CR05635146333875601409 v1  (Step 1 tag: html5-banner-no-mp4; re-run Step 1 to recover)
scrape-error     CR05635146333875601409 v2  (Step 1 tag: html5-banner-no-mp4; re-run Step 1 to recover)
scrape-error     CR05635146333875601409 v3  (Step 1 tag: html5-banner-no-mp4; re-run Step 1 to recover)
scrape-error     CR05803348385742192641 v0  (Step 1 tag: html5-banner-no-mp4; re-run Step 1 to recover)
scrape-error     CR05803348385742192641 v1  (Step 1 tag: html5-banner-no-mp4; re-run Step 1 to recover)
scrape-error     CR05803348385742192641 v2  (Step 1 tag: html5-banner-no-mp4; re-run Step 1 to recover)
scrape-error     CR05803348385742192641 v3  (Step 1 tag: html5-banner-no-mp4; re-run Step 1 to recover)
scrape-error     CR06114939260815540225 v0  (Step 1 tag: html5-banner-no-mp4; re-run Step 1 to recover)
scrape-error     CR06114939260815540225 v1  (Step 1 tag: html5-banner-no-mp4; re-run Step 1 to recover)
scrape-error     CR06114939260815540225 v2  (Step 1 tag: html5-banner-no-mp4; re-run Step 1 to recover)
scrape-error     CR06118408769756987393 v0  (Step 1 tag: html5-banner-no-mp4; re-run Step 1 to recover)
scrape-error     CR06118408769756987393 v1  (Step 1 tag: html5-banner-no-mp4; re-run Step 1 to recover)
scrape-error     CR06118408769756987393 v2  (Step 1 tag: html5-banner-no-mp4; re-run Step 1 to recover)
scrape-error     CR06118408769756987393 v3  (Step 1 tag: html5-banner-no-mp4; re-run Step 1 to recover)
scrape-error     CR06118408769756987393 v4  (Step 1 tag: html5-banner-no-mp4; re-run Step 1 to recover)
scrape-error     CR06118408769756987393 v5  (Step 1 tag: html5-banner-no-mp4; re-run Step 1 to recover)
scrape-error     CR06200431649994309633 v0  (Step 1 tag: html5-banner-no-mp4; re-run Step 1 to recover)
scrape-error     CR06200431649994309633 v1  (Step 1 tag: html5-banner-no-mp4; re-run Step 1 to recover)
scrape-error     CR06200431649994309633 v2  (Step 1 tag: html5-banner-no-mp4; re-run Step 1 to recover)
scrape-error     CR06200431649994309633 v3  (Step 1 tag: html5-banner-no-mp4; re-run Step 1 to recover)
scrape-error     CR06200431649994309633 v4  (Step 1 tag: html5-banner-no-mp4; re-run Step 1 to recover)
scrape-error     CR06742815444576501761 v0  (Step 1 tag: html5-banner-no-mp4; re-run Step 1 to recover)
scrape-error     CR06742815444576501761 v1  (Step 1 tag: html5-banner-no-mp4; re-run Step 1 to recover)
scrape-error     CR06742815444576501761 v2  (Step 1 tag: html5-banner-no-mp4; re-run Step 1 to recover)
scrape-error     CR06742815444576501761 v3  (Step 1 tag: html5-banner-no-mp4; re-run Step 1 to recover)
scrape-error     CR06742815444576501761 v4  (Step 1 tag: html5-banner-no-mp4; re-run Step 1 to recover)
scrape-error     CR06848845680169975809 v0  (Step 1 tag: html5-banner-no-mp4; re-run Step 1 to recover)
scrape-error     CR06848845680169975809 v1  (Step 1 tag: html5-banner-no-mp4; re-run Step 1 to recover)
scrape-error     CR06848845680169975809 v2  (Step 1 tag: html5-banner-no-mp4; re-run Step 1 to recover)
scrape-error     CR06848845680169975809 v3  (Step 1 tag: html5-banner-no-mp4; re-run Step 1 to recover)
scrape-error     CR06894171947513413633 v0  (Step 1 tag: html5-banner-no-mp4; re-run Step 1 to recover)
scrape-error     CR06894171947513413633 v1  (Step 1 tag: html5-banner-no-mp4; re-run Step 1 to recover)
scrape-error     CR06894171947513413633 v2  (Step 1 tag: html5-banner-no-mp4; re-run Step 1 to recover)
scrape-error     CR06921612527927296001 v0  (Step 1 tag: html5-banner-no-mp4; re-run Step 1 to recover)
scrape-error     CR06921612527927296001 v1  (Step 1 tag: html5-banner-no-mp4; re-run Step 1 to recover)
scrape-error     CR06921612527927296001 v2  (Step 1 tag: html5-banner-no-mp4; re-run Step 1 to recover)
scrape-error     CR06921612527927296001 v3  (Step 1 tag: html5-banner-no-mp4; re-run Step 1 to recover)
scrape-error     CR07014545930766516225 v0  (Step 1 tag: html5-banner-no-mp4; re-run Step 1 to recover)
scrape-error     CR07014545930766516225 v1  (Step 1 tag: html5-banner-no-mp4; re-run Step 1 to recover)
scrape-error     CR07014545930766516225 v2  (Step 1 tag: html5-banner-no-mp4; re-run Step 1 to recover)
scrape-error     CR07058426752636289025 v0  (Step 1 tag: html5-banner-no-mp4; re-run Step 1 to recover)
scrape-error     CR07058426752636289025 v1  (Step 1 tag: html5-banner-no-mp4; re-run Step 1 to recover)
scrape-error     CR07058426752636289025 v2  (Step 1 tag: html5-banner-no-mp4; re-run Step 1 to recover)
scrape-error     CR07058426752636289025 v3  (Step 1 tag: html5-banner-no-mp4; re-run Step 1 to recover)
scrape-error     CR07153038491255832577 v0  (Step 1 tag: html5-banner-no-mp4; re-run Step 1 to recover)
scrape-error     CR07153038491255832577 v1  (Step 1 tag: html5-banner-no-mp4; re-run Step 1 to recover)
scrape-error     CR07153038491255832577 v2  (Step 1 tag: html5-banner-no-mp4; re-run Step 1 to recover)
scrape-error     CR07153038491255832577 v3  (Step 1 tag: html5-banner-no-mp4; re-run Step 1 to recover)
scrape-error     CR07200835636104790017 v0  (Step 1 tag: html5-banner-no-mp4; re-run Step 1 to recover)
scrape-error     CR07200835636104790017 v1  (Step 1 tag: html5-banner-no-mp4; re-run Step 1 to recover)
scrape-error     CR07200835636104790017 v2  (Step 1 tag: html5-banner-no-mp4; re-run Step 1 to recover)
scrape-error     CR07200835636104790017 v3  (Step 1 tag: html5-banner-no-mp4; re-run Step 1 to recover)
scrape-error     CR07301036192328318977 v0  (Step 1 tag: html5-banner-no-mp4; re-run Step 1 to recover)
scrape-error     CR07301036192328318977 v1  (Step 1 tag: html5-banner-no-mp4; re-run Step 1 to recover)
scrape-error     CR07301036192328318977 v2  (Step 1 tag: html5-banner-no-mp4; re-run Step 1 to recover)
scrape-error     CR07301036192328318977 v3  (Step 1 tag: html5-banner-no-mp4; re-run Step 1 to recover)
scrape-error     CR07549967987088818177 v0  (Step 1 tag: html5-banner-no-mp4; re-run Step 1 to recover)
scrape-error     CR07549967987088818177 v1  (Step 1 tag: html5-banner-no-mp4; re-run Step 1 to recover)
scrape-error     CR07549967987088818177 v2  (Step 1 tag: html5-banner-no-mp4; re-run Step 1 to recover)
scrape-error     CR07549967987088818177 v3  (Step 1 tag: html5-banner-no-mp4; re-run Step 1 to recover)
scrape-error     CR07549967987088818177 v4  (Step 1 tag: html5-banner-no-mp4; re-run Step 1 to recover)
scrape-error     CR07607579931073052673 v0  (Step 1 tag: html5-banner-no-mp4; re-run Step 1 to recover)
scrape-error     CR07607579931073052673 v1  (Step 1 tag: html5-banner-no-mp4; re-run Step 1 to recover)
scrape-error     CR07607579931073052673 v2  (Step 1 tag: html5-banner-no-mp4; re-run Step 1 to recover)
scrape-error     CR07607579931073052673 v3  (Step 1 tag: html5-banner-no-mp4; re-run Step 1 to recover)
scrape-error     CR07607579931073052673 v4  (Step 1 tag: html5-banner-no-mp4; re-run Step 1 to recover)
scrape-error     CR07649973903984427009 v0  (Step 1 tag: html5-banner-no-mp4; re-run Step 1 to recover)
scrape-error     CR07649973903984427009 v1  (Step 1 tag: html5-banner-no-mp4; re-run Step 1 to recover)
scrape-error     CR07649973903984427009 v2  (Step 1 tag: html5-banner-no-mp4; re-run Step 1 to recover)
scrape-error     CR07806690079430148097 v0  (Step 1 tag: html5-banner-no-mp4; re-run Step 1 to recover)
scrape-error     CR07806690079430148097 v1  (Step 1 tag: html5-banner-no-mp4; re-run Step 1 to recover)
scrape-error     CR07806690079430148097 v2  (Step 1 tag: html5-banner-no-mp4; re-run Step 1 to recover)
scrape-error     CR07806690079430148097 v3  (Step 1 tag: html5-banner-no-mp4; re-run Step 1 to recover)
scrape-error     CR07806690079430148097 v4  (Step 1 tag: html5-banner-no-mp4; re-run Step 1 to recover)
scrape-error     CR07912052533508440065 v0  (Step 1 tag: html5-banner-no-mp4; re-run Step 1 to recover)
scrape-error     CR07912052533508440065 v1  (Step 1 tag: html5-banner-no-mp4; re-run Step 1 to recover)
scrape-error     CR07912052533508440065 v2  (Step 1 tag: html5-banner-no-mp4; re-run Step 1 to recover)
scrape-error     CR07912052533508440065 v3  (Step 1 tag: html5-banner-no-mp4; re-run Step 1 to recover)
scrape-error     CR07912052533508440065 v4  (Step 1 tag: html5-banner-no-mp4; re-run Step 1 to recover)
scrape-error     CR07970046343034961921 v0  (Step 1 tag: html5-banner-no-mp4; re-run Step 1 to recover)
scrape-error     CR07970046343034961921 v1  (Step 1 tag: html5-banner-no-mp4; re-run Step 1 to recover)
scrape-error     CR07970046343034961921 v2  (Step 1 tag: html5-banner-no-mp4; re-run Step 1 to recover)
scrape-error     CR07970046343034961921 v3  (Step 1 tag: html5-banner-no-mp4; re-run Step 1 to recover)
scrape-error     CR07982494395209351169 v0  (Step 1 tag: html5-banner-no-mp4; re-run Step 1 to recover)
scrape-error     CR07982494395209351169 v1  (Step 1 tag: html5-banner-no-mp4; re-run Step 1 to recover)
scrape-error     CR07982494395209351169 v2  (Step 1 tag: html5-banner-no-mp4; re-run Step 1 to recover)
scrape-error     CR07982494395209351169 v3  (Step 1 tag: html5-banner-no-mp4; re-run Step 1 to recover)
scrape-error     CR08014230698833477633 v0  (Step 1 tag: html5-banner-no-mp4; re-run Step 1 to recover)
scrape-error     CR08014230698833477633 v1  (Step 1 tag: html5-banner-no-mp4; re-run Step 1 to recover)
scrape-error     CR08014230698833477633 v2  (Step 1 tag: html5-banner-no-mp4; re-run Step 1 to recover)
scrape-error     CR08014230698833477633 v3  (Step 1 tag: html5-banner-no-mp4; re-run Step 1 to recover)
scrape-error     CR08023856235939889153 v0  (Step 1 tag: html5-banner-no-mp4; re-run Step 1 to recover)
scrape-error     CR08023856235939889153 v1  (Step 1 tag: html5-banner-no-mp4; re-run Step 1 to recover)
scrape-error     CR08023856235939889153 v2  (Step 1 tag: html5-banner-no-mp4; re-run Step 1 to recover)
scrape-error     CR08023856235939889153 v3  (Step 1 tag: html5-banner-no-mp4; re-run Step 1 to recover)
scrape-error     CR08321099240185004033 v0  (Step 1 tag: html5-banner-no-mp4; re-run Step 1 to recover)
scrape-error     CR08321099240185004033 v1  (Step 1 tag: html5-banner-no-mp4; re-run Step 1 to recover)
scrape-error     CR08321099240185004033 v2  (Step 1 tag: html5-banner-no-mp4; re-run Step 1 to recover)
scrape-error     CR08321099240185004033 v3  (Step 1 tag: html5-banner-no-mp4; re-run Step 1 to recover)
scrape-error     CR08354442986859266049 v0  (Step 1 tag: html5-banner-no-mp4; re-run Step 1 to recover)
scrape-error     CR08354442986859266049 v1  (Step 1 tag: html5-banner-no-mp4; re-run Step 1 to recover)
scrape-error     CR08354442986859266049 v2  (Step 1 tag: html5-banner-no-mp4; re-run Step 1 to recover)
scrape-error     CR08354442986859266049 v3  (Step 1 tag: html5-banner-no-mp4; re-run Step 1 to recover)
scrape-error     CR08490193846385246209 v0  (Step 1 tag: html5-banner-no-mp4; re-run Step 1 to recover)
scrape-error     CR08490193846385246209 v1  (Step 1 tag: html5-banner-no-mp4; re-run Step 1 to recover)
scrape-error     CR08490193846385246209 v2  (Step 1 tag: html5-banner-no-mp4; re-run Step 1 to recover)
scrape-error     CR08490193846385246209 v3  (Step 1 tag: html5-banner-no-mp4; re-run Step 1 to recover)
scrape-error     CR08554145565825302529 v0  (Step 1 tag: html5-banner-no-mp4; re-run Step 1 to recover)
scrape-error     CR08554145565825302529 v1  (Step 1 tag: html5-banner-no-mp4; re-run Step 1 to recover)
scrape-error     CR08554145565825302529 v2  (Step 1 tag: html5-banner-no-mp4; re-run Step 1 to recover)
scrape-error     CR08554145565825302529 v3  (Step 1 tag: html5-banner-no-mp4; re-run Step 1 to recover)
scrape-error     CR08608946161656528897 v0  (Step 1 tag: html5-banner-no-mp4; re-run Step 1 to recover)
scrape-error     CR08608946161656528897 v1  (Step 1 tag: html5-banner-no-mp4; re-run Step 1 to recover)
scrape-error     CR08608946161656528897 v2  (Step 1 tag: html5-banner-no-mp4; re-run Step 1 to recover)
scrape-error     CR08646403980194217985 v0  (Step 1 tag: html5-banner-no-mp4; re-run Step 1 to recover)
scrape-error     CR08646403980194217985 v1  (Step 1 tag: html5-banner-no-mp4; re-run Step 1 to recover)
scrape-error     CR08646403980194217985 v2  (Step 1 tag: html5-banner-no-mp4; re-run Step 1 to recover)
scrape-error     CR08646403980194217985 v3  (Step 1 tag: html5-banner-no-mp4; re-run Step 1 to recover)
scrape-error     CR08646403980194217985 v4  (Step 1 tag: html5-banner-no-mp4; re-run Step 1 to recover)
scrape-error     CR08725913789167304705 v0  (Step 1 tag: html5-banner-no-mp4; re-run Step 1 to recover)
scrape-error     CR08725913789167304705 v1  (Step 1 tag: html5-banner-no-mp4; re-run Step 1 to recover)
scrape-error     CR08725913789167304705 v2  (Step 1 tag: html5-banner-no-mp4; re-run Step 1 to recover)
scrape-error     CR08817339624125890561 v0  (Step 1 tag: html5-banner-no-mp4; re-run Step 1 to recover)
scrape-error     CR08817339624125890561 v1  (Step 1 tag: html5-banner-no-mp4; re-run Step 1 to recover)
scrape-error     CR08817339624125890561 v2  (Step 1 tag: html5-banner-no-mp4; re-run Step 1 to recover)
scrape-error     CR08817339624125890561 v3  (Step 1 tag: html5-banner-no-mp4; re-run Step 1 to recover)
scrape-error     CR09345366433959247873 v0  (Step 1 tag: html5-banner-no-mp4; re-run Step 1 to recover)
scrape-error     CR09345366433959247873 v1  (Step 1 tag: html5-banner-no-mp4; re-run Step 1 to recover)
scrape-error     CR09345366433959247873 v2  (Step 1 tag: html5-banner-no-mp4; re-run Step 1 to recover)
scrape-error     CR09345366433959247873 v3  (Step 1 tag: html5-banner-no-mp4; re-run Step 1 to recover)
scrape-error     CR09459151018257285121 v0  (Step 1 tag: html5-banner-no-mp4; re-run Step 1 to recover)
scrape-error     CR09459151018257285121 v1  (Step 1 tag: html5-banner-no-mp4; re-run Step 1 to recover)
scrape-error     CR09459151018257285121 v2  (Step 1 tag: html5-banner-no-mp4; re-run Step 1 to recover)
scrape-error     CR09459151018257285121 v3  (Step 1 tag: html5-banner-no-mp4; re-run Step 1 to recover)
scrape-error     CR09479280421872074753 v0  (Step 1 tag: html5-banner-no-mp4; re-run Step 1 to recover)
scrape-error     CR09479280421872074753 v1  (Step 1 tag: html5-banner-no-mp4; re-run Step 1 to recover)
scrape-error     CR09479280421872074753 v2  (Step 1 tag: html5-banner-no-mp4; re-run Step 1 to recover)
scrape-error     CR09479280421872074753 v3  (Step 1 tag: html5-banner-no-mp4; re-run Step 1 to recover)
scrape-error     CR09499031567717105665 v0  (Step 1 tag: html5-banner-no-mp4; re-run Step 1 to recover)
scrape-error     CR09499031567717105665 v1  (Step 1 tag: html5-banner-no-mp4; re-run Step 1 to recover)
scrape-error     CR09499031567717105665 v2  (Step 1 tag: html5-banner-no-mp4; re-run Step 1 to recover)
scrape-error     CR09499031567717105665 v3  (Step 1 tag: html5-banner-no-mp4; re-run Step 1 to recover)
scrape-error     CR10031492037930385409 v0  (Step 1 tag: html5-banner-no-mp4; re-run Step 1 to recover)
scrape-error     CR10031492037930385409 v1  (Step 1 tag: html5-banner-no-mp4; re-run Step 1 to recover)
scrape-error     CR10031492037930385409 v2  (Step 1 tag: html5-banner-no-mp4; re-run Step 1 to recover)
scrape-error     CR10214324397674594305 v0  (Step 1 tag: html5-banner-no-mp4; re-run Step 1 to recover)
scrape-error     CR10214324397674594305 v1  (Step 1 tag: html5-banner-no-mp4; re-run Step 1 to recover)
scrape-error     CR10214324397674594305 v2  (Step 1 tag: html5-banner-no-mp4; re-run Step 1 to recover)
scrape-error     CR10214324397674594305 v3  (Step 1 tag: html5-banner-no-mp4; re-run Step 1 to recover)
scrape-error     CR10229427014515818497 v0  (Step 1 tag: html5-banner-no-mp4; re-run Step 1 to recover)
scrape-error     CR10229427014515818497 v1  (Step 1 tag: html5-banner-no-mp4; re-run Step 1 to recover)
scrape-error     CR10229427014515818497 v2  (Step 1 tag: html5-banner-no-mp4; re-run Step 1 to recover)
scrape-error     CR10331137543801667585 v0  (Step 1 tag: html5-banner-no-mp4; re-run Step 1 to recover)
scrape-error     CR10331137543801667585 v1  (Step 1 tag: html5-banner-no-mp4; re-run Step 1 to recover)
scrape-error     CR10331137543801667585 v2  (Step 1 tag: html5-banner-no-mp4; re-run Step 1 to recover)
scrape-error     CR10331137543801667585 v3  (Step 1 tag: html5-banner-no-mp4; re-run Step 1 to recover)
carried-forward  CR10434868451473358849 v0  → https://pub-893b4a6a607b4221a894bf861da7914e.r2.dev/g_CR10434868451473358849.jpg
carried-forward  CR10434868451473358849 v1  → https://pub-893b4a6a607b4221a894bf861da7914e.r2.dev/g_CR10434868451473358849.jpg
scrape-error     CR10579649574228459521 v0  (Step 1 tag: html5-banner-no-mp4; re-run Step 1 to recover)
scrape-error     CR10579649574228459521 v1  (Step 1 tag: html5-banner-no-mp4; re-run Step 1 to recover)
scrape-error     CR10579649574228459521 v2  (Step 1 tag: html5-banner-no-mp4; re-run Step 1 to recover)
scrape-error     CR10579649574228459521 v3  (Step 1 tag: html5-banner-no-mp4; re-run Step 1 to recover)
carried-forward  CR10723979880036302849 v0  → https://pub-893b4a6a607b4221a894bf861da7914e.r2.dev/g_CR10723979880036302849.jpg
scrape-error     CR11142920585045082113 v0  (Step 1 tag: html5-banner-no-mp4; re-run Step 1 to recover)
scrape-error     CR11142920585045082113 v1  (Step 1 tag: html5-banner-no-mp4; re-run Step 1 to recover)
scrape-error     CR11142920585045082113 v2  (Step 1 tag: html5-banner-no-mp4; re-run Step 1 to recover)
scrape-error     CR11142920585045082113 v3  (Step 1 tag: html5-banner-no-mp4; re-run Step 1 to recover)
scrape-error     CR11176165315543302145 v0  (Step 1 tag: html5-banner-no-mp4; re-run Step 1 to recover)
scrape-error     CR11176165315543302145 v1  (Step 1 tag: html5-banner-no-mp4; re-run Step 1 to recover)
scrape-error     CR11176165315543302145 v2  (Step 1 tag: html5-banner-no-mp4; re-run Step 1 to recover)
scrape-error     CR11176165315543302145 v3  (Step 1 tag: html5-banner-no-mp4; re-run Step 1 to recover)
scrape-error     CR11176165315543302145 v4  (Step 1 tag: html5-banner-no-mp4; re-run Step 1 to recover)
scrape-error     CR11203510685122166785 v0  (Step 1 tag: html5-banner-no-mp4; re-run Step 1 to recover)
scrape-error     CR11203510685122166785 v1  (Step 1 tag: html5-banner-no-mp4; re-run Step 1 to recover)
scrape-error     CR11203510685122166785 v2  (Step 1 tag: html5-banner-no-mp4; re-run Step 1 to recover)
scrape-error     CR11203510685122166785 v3  (Step 1 tag: html5-banner-no-mp4; re-run Step 1 to recover)
scrape-error     CR11383191500943785985 v0  (Step 1 tag: html5-banner-no-mp4; re-run Step 1 to recover)
scrape-error     CR11383191500943785985 v1  (Step 1 tag: html5-banner-no-mp4; re-run Step 1 to recover)
scrape-error     CR11383191500943785985 v2  (Step 1 tag: html5-banner-no-mp4; re-run Step 1 to recover)
scrape-error     CR11463094093266026497 v0  (Step 1 tag: html5-banner-no-mp4; re-run Step 1 to recover)
scrape-error     CR11463094093266026497 v1  (Step 1 tag: html5-banner-no-mp4; re-run Step 1 to recover)
scrape-error     CR11463094093266026497 v2  (Step 1 tag: html5-banner-no-mp4; re-run Step 1 to recover)
scrape-error     CR11513262970595442689 v0  (Step 1 tag: html5-banner-no-mp4; re-run Step 1 to recover)
scrape-error     CR11513262970595442689 v1  (Step 1 tag: html5-banner-no-mp4; re-run Step 1 to recover)
scrape-error     CR11513262970595442689 v2  (Step 1 tag: html5-banner-no-mp4; re-run Step 1 to recover)
scrape-error     CR11513262970595442689 v3  (Step 1 tag: html5-banner-no-mp4; re-run Step 1 to recover)
scrape-error     CR11859821227419893761 v0  (Step 1 tag: html5-banner-no-mp4; re-run Step 1 to recover)
scrape-error     CR11859821227419893761 v1  (Step 1 tag: html5-banner-no-mp4; re-run Step 1 to recover)
scrape-error     CR11859821227419893761 v2  (Step 1 tag: html5-banner-no-mp4; re-run Step 1 to recover)
scrape-error     CR11859821227419893761 v3  (Step 1 tag: html5-banner-no-mp4; re-run Step 1 to recover)
scrape-error     CR11859821227419893761 v4  (Step 1 tag: html5-banner-no-mp4; re-run Step 1 to recover)
scrape-error     CR11884472046186397697 v0  (Step 1 tag: html5-banner-no-mp4; re-run Step 1 to recover)
scrape-error     CR11884472046186397697 v1  (Step 1 tag: html5-banner-no-mp4; re-run Step 1 to recover)
scrape-error     CR11929589981846175745 v0  (Step 1 tag: html5-banner-no-mp4; re-run Step 1 to recover)
scrape-error     CR11929589981846175745 v1  (Step 1 tag: html5-banner-no-mp4; re-run Step 1 to recover)
scrape-error     CR11929589981846175745 v2  (Step 1 tag: html5-banner-no-mp4; re-run Step 1 to recover)
scrape-error     CR11929589981846175745 v3  (Step 1 tag: html5-banner-no-mp4; re-run Step 1 to recover)
scrape-error     CR12007664146460966913 v0  (Step 1 tag: html5-banner-no-mp4; re-run Step 1 to recover)
scrape-error     CR12007664146460966913 v1  (Step 1 tag: html5-banner-no-mp4; re-run Step 1 to recover)
scrape-error     CR12007664146460966913 v2  (Step 1 tag: html5-banner-no-mp4; re-run Step 1 to recover)
scrape-error     CR12007664146460966913 v3  (Step 1 tag: html5-banner-no-mp4; re-run Step 1 to recover)
scrape-error     CR12126851138192408577 v0  (Step 1 tag: html5-banner-no-mp4; re-run Step 1 to recover)
scrape-error     CR12126851138192408577 v1  (Step 1 tag: html5-banner-no-mp4; re-run Step 1 to recover)
scrape-error     CR12126851138192408577 v2  (Step 1 tag: html5-banner-no-mp4; re-run Step 1 to recover)
scrape-error     CR12126851138192408577 v3  (Step 1 tag: html5-banner-no-mp4; re-run Step 1 to recover)
scrape-error     CR12577149210450722817 v0  (Step 1 tag: html5-banner-no-mp4; re-run Step 1 to recover)
scrape-error     CR12577149210450722817 v1  (Step 1 tag: html5-banner-no-mp4; re-run Step 1 to recover)
scrape-error     CR12577149210450722817 v2  (Step 1 tag: html5-banner-no-mp4; re-run Step 1 to recover)
scrape-error     CR12577149210450722817 v3  (Step 1 tag: html5-banner-no-mp4; re-run Step 1 to recover)
scrape-error     CR12697472178082283521 v0  (Step 1 tag: html5-banner-no-mp4; re-run Step 1 to recover)
scrape-error     CR12697472178082283521 v1  (Step 1 tag: html5-banner-no-mp4; re-run Step 1 to recover)
scrape-error     CR12697472178082283521 v2  (Step 1 tag: html5-banner-no-mp4; re-run Step 1 to recover)
scrape-error     CR12697472178082283521 v3  (Step 1 tag: html5-banner-no-mp4; re-run Step 1 to recover)
scrape-error     CR12901464570383564801 v0  (Step 1 tag: html5-banner-no-mp4; re-run Step 1 to recover)
scrape-error     CR12901464570383564801 v1  (Step 1 tag: html5-banner-no-mp4; re-run Step 1 to recover)
scrape-error     CR12901464570383564801 v2  (Step 1 tag: html5-banner-no-mp4; re-run Step 1 to recover)
scrape-error     CR12901464570383564801 v3  (Step 1 tag: html5-banner-no-mp4; re-run Step 1 to recover)
scrape-error     CR12901464570383564801 v4  (Step 1 tag: html5-banner-no-mp4; re-run Step 1 to recover)
scrape-error     CR13018947619739664385 v0  (Step 1 tag: html5-banner-no-mp4; re-run Step 1 to recover)
scrape-error     CR13018947619739664385 v1  (Step 1 tag: html5-banner-no-mp4; re-run Step 1 to recover)
scrape-error     CR13018947619739664385 v2  (Step 1 tag: html5-banner-no-mp4; re-run Step 1 to recover)
scrape-error     CR13018947619739664385 v3  (Step 1 tag: html5-banner-no-mp4; re-run Step 1 to recover)
scrape-error     CR13059207337502310401 v0  (Step 1 tag: html5-banner-no-mp4; re-run Step 1 to recover)
scrape-error     CR13059207337502310401 v1  (Step 1 tag: html5-banner-no-mp4; re-run Step 1 to recover)
scrape-error     CR13059207337502310401 v2  (Step 1 tag: html5-banner-no-mp4; re-run Step 1 to recover)
scrape-error     CR13059207337502310401 v3  (Step 1 tag: html5-banner-no-mp4; re-run Step 1 to recover)
carried-forward  CR13185899114568613889 v0  → https://pub-893b4a6a607b4221a894bf861da7914e.r2.dev/g_CR13185899114568613889.jpg
carried-forward  CR13185899114568613889 v1  → https://pub-893b4a6a607b4221a894bf861da7914e.r2.dev/g_CR13185899114568613889.jpg
carried-forward  CR13185899114568613889 v2  → https://pub-893b4a6a607b4221a894bf861da7914e.r2.dev/g_CR13185899114568613889.jpg
scrape-error     CR13276385872107798529 v0  (Step 1 tag: html5-banner-no-mp4; re-run Step 1 to recover)
scrape-error     CR13276385872107798529 v1  (Step 1 tag: html5-banner-no-mp4; re-run Step 1 to recover)
scrape-error     CR13276385872107798529 v2  (Step 1 tag: html5-banner-no-mp4; re-run Step 1 to recover)
scrape-error     CR13276385872107798529 v3  (Step 1 tag: html5-banner-no-mp4; re-run Step 1 to recover)
scrape-error     CR13631751397459361793 v0  (Step 1 tag: html5-banner-no-mp4; re-run Step 1 to recover)
scrape-error     CR13631751397459361793 v1  (Step 1 tag: html5-banner-no-mp4; re-run Step 1 to recover)
scrape-error     CR13631751397459361793 v2  (Step 1 tag: html5-banner-no-mp4; re-run Step 1 to recover)
scrape-error     CR13631751397459361793 v3  (Step 1 tag: html5-banner-no-mp4; re-run Step 1 to recover)
scrape-error     CR13802194597620744193 v0  (Step 1 tag: html5-banner-no-mp4; re-run Step 1 to recover)
scrape-error     CR13802194597620744193 v1  (Step 1 tag: html5-banner-no-mp4; re-run Step 1 to recover)
scrape-error     CR13802194597620744193 v2  (Step 1 tag: html5-banner-no-mp4; re-run Step 1 to recover)
scrape-error     CR13802194597620744193 v3  (Step 1 tag: html5-banner-no-mp4; re-run Step 1 to recover)
scrape-error     CR13838613609598418945 v0  (Step 1 tag: html5-banner-no-mp4; re-run Step 1 to recover)
scrape-error     CR13838613609598418945 v1  (Step 1 tag: html5-banner-no-mp4; re-run Step 1 to recover)
scrape-error     CR13838613609598418945 v2  (Step 1 tag: html5-banner-no-mp4; re-run Step 1 to recover)
scrape-error     CR13838613609598418945 v3  (Step 1 tag: html5-banner-no-mp4; re-run Step 1 to recover)
scrape-error     CR13862778581664399361 v0  (Step 1 tag: html5-banner-no-mp4; re-run Step 1 to recover)
scrape-error     CR13862778581664399361 v1  (Step 1 tag: html5-banner-no-mp4; re-run Step 1 to recover)
scrape-error     CR13862778581664399361 v2  (Step 1 tag: html5-banner-no-mp4; re-run Step 1 to recover)
scrape-error     CR13862778581664399361 v3  (Step 1 tag: html5-banner-no-mp4; re-run Step 1 to recover)
scrape-error     CR13876541374867701761 v0  (Step 1 tag: html5-banner-no-mp4; re-run Step 1 to recover)
scrape-error     CR13876541374867701761 v1  (Step 1 tag: html5-banner-no-mp4; re-run Step 1 to recover)
scrape-error     CR13876541374867701761 v2  (Step 1 tag: html5-banner-no-mp4; re-run Step 1 to recover)
scrape-error     CR13876541374867701761 v3  (Step 1 tag: html5-banner-no-mp4; re-run Step 1 to recover)
scrape-error     CR13911443722224009217 v0  (Step 1 tag: html5-banner-no-mp4; re-run Step 1 to recover)
scrape-error     CR13911443722224009217 v1  (Step 1 tag: html5-banner-no-mp4; re-run Step 1 to recover)
scrape-error     CR13911443722224009217 v2  (Step 1 tag: html5-banner-no-mp4; re-run Step 1 to recover)
scrape-error     CR13911443722224009217 v3  (Step 1 tag: html5-banner-no-mp4; re-run Step 1 to recover)
scrape-error     CR13911443722224009217 v4  (Step 1 tag: html5-banner-no-mp4; re-run Step 1 to recover)
scrape-error     CR14038620109040254977 v0  (Step 1 tag: html5-banner-no-mp4; re-run Step 1 to recover)
scrape-error     CR14038620109040254977 v1  (Step 1 tag: html5-banner-no-mp4; re-run Step 1 to recover)
scrape-error     CR14038620109040254977 v2  (Step 1 tag: html5-banner-no-mp4; re-run Step 1 to recover)
scrape-error     CR14038620109040254977 v3  (Step 1 tag: html5-banner-no-mp4; re-run Step 1 to recover)
scrape-error     CR14079136013012172801 v0  (Step 1 tag: html5-banner-no-mp4; re-run Step 1 to recover)
scrape-error     CR14079136013012172801 v1  (Step 1 tag: html5-banner-no-mp4; re-run Step 1 to recover)
scrape-error     CR14079136013012172801 v2  (Step 1 tag: html5-banner-no-mp4; re-run Step 1 to recover)
scrape-error     CR14234614610811420673 v0  (Step 1 tag: html5-banner-no-mp4; re-run Step 1 to recover)
scrape-error     CR14234614610811420673 v1  (Step 1 tag: html5-banner-no-mp4; re-run Step 1 to recover)
scrape-error     CR14234614610811420673 v2  (Step 1 tag: html5-banner-no-mp4; re-run Step 1 to recover)
scrape-error     CR14234614610811420673 v3  (Step 1 tag: html5-banner-no-mp4; re-run Step 1 to recover)
scrape-error     CR14234614610811420673 v4  (Step 1 tag: html5-banner-no-mp4; re-run Step 1 to recover)
scrape-error     CR14315073341268951041 v0  (Step 1 tag: html5-banner-no-mp4; re-run Step 1 to recover)
scrape-error     CR14315073341268951041 v1  (Step 1 tag: html5-banner-no-mp4; re-run Step 1 to recover)
scrape-error     CR14315073341268951041 v2  (Step 1 tag: html5-banner-no-mp4; re-run Step 1 to recover)
scrape-error     CR14315073341268951041 v3  (Step 1 tag: html5-banner-no-mp4; re-run Step 1 to recover)
scrape-error     CR14375313959857160193 v0  (Step 1 tag: html5-banner-no-mp4; re-run Step 1 to recover)
scrape-error     CR14375313959857160193 v1  (Step 1 tag: html5-banner-no-mp4; re-run Step 1 to recover)
scrape-error     CR14375313959857160193 v2  (Step 1 tag: html5-banner-no-mp4; re-run Step 1 to recover)
scrape-error     CR14375313959857160193 v3  (Step 1 tag: html5-banner-no-mp4; re-run Step 1 to recover)
scrape-error     CR14394113727496454145 v0  (Step 1 tag: html5-banner-no-mp4; re-run Step 1 to recover)
scrape-error     CR14394113727496454145 v1  (Step 1 tag: html5-banner-no-mp4; re-run Step 1 to recover)
scrape-error     CR14394113727496454145 v2  (Step 1 tag: html5-banner-no-mp4; re-run Step 1 to recover)
scrape-error     CR14394113727496454145 v3  (Step 1 tag: html5-banner-no-mp4; re-run Step 1 to recover)
scrape-error     CR14429343729317838849 v0  (Step 1 tag: html5-banner-no-mp4; re-run Step 1 to recover)
scrape-error     CR14429343729317838849 v1  (Step 1 tag: html5-banner-no-mp4; re-run Step 1 to recover)
scrape-error     CR14429343729317838849 v2  (Step 1 tag: html5-banner-no-mp4; re-run Step 1 to recover)
scrape-error     CR14429343729317838849 v3  (Step 1 tag: html5-banner-no-mp4; re-run Step 1 to recover)
carried-forward  CR14743227043185426433 v0  → https://pub-893b4a6a607b4221a894bf861da7914e.r2.dev/g_CR14743227043185426433.jpg
carried-forward  CR14743227043185426433 v1  → https://pub-893b4a6a607b4221a894bf861da7914e.r2.dev/g_CR14743227043185426433.jpg
scrape-error     CR14838045395501711361 v0  (Step 1 tag: html5-banner-no-mp4; re-run Step 1 to recover)
scrape-error     CR14838045395501711361 v1  (Step 1 tag: html5-banner-no-mp4; re-run Step 1 to recover)
scrape-error     CR14838045395501711361 v2  (Step 1 tag: html5-banner-no-mp4; re-run Step 1 to recover)
scrape-error     CR14838045395501711361 v3  (Step 1 tag: html5-banner-no-mp4; re-run Step 1 to recover)
scrape-error     CR14838045395501711361 v4  (Step 1 tag: html5-banner-no-mp4; re-run Step 1 to recover)
scrape-error     CR15016091744338968577 v0  (Step 1 tag: html5-banner-no-mp4; re-run Step 1 to recover)
scrape-error     CR15016091744338968577 v1  (Step 1 tag: html5-banner-no-mp4; re-run Step 1 to recover)
scrape-error     CR15016091744338968577 v2  (Step 1 tag: html5-banner-no-mp4; re-run Step 1 to recover)
scrape-error     CR15016091744338968577 v3  (Step 1 tag: html5-banner-no-mp4; re-run Step 1 to recover)
scrape-error     CR15043846553150160897 v0  (Step 1 tag: html5-banner-no-mp4; re-run Step 1 to recover)
scrape-error     CR15043846553150160897 v1  (Step 1 tag: html5-banner-no-mp4; re-run Step 1 to recover)
scrape-error     CR15043846553150160897 v2  (Step 1 tag: html5-banner-no-mp4; re-run Step 1 to recover)
scrape-error     CR15043846553150160897 v3  (Step 1 tag: html5-banner-no-mp4; re-run Step 1 to recover)
scrape-error     CR15145950432720846849 v0  (Step 1 tag: html5-banner-no-mp4; re-run Step 1 to recover)
scrape-error     CR15145950432720846849 v1  (Step 1 tag: html5-banner-no-mp4; re-run Step 1 to recover)
scrape-error     CR15145950432720846849 v2  (Step 1 tag: html5-banner-no-mp4; re-run Step 1 to recover)
carried-forward  CR15405023091943800833 v0  → https://pub-893b4a6a607b4221a894bf861da7914e.r2.dev/g_CR15405023091943800833.jpg
scrape-error     CR15499322363102625793 v0  (Step 1 tag: html5-banner-no-mp4; re-run Step 1 to recover)
scrape-error     CR15499322363102625793 v1  (Step 1 tag: html5-banner-no-mp4; re-run Step 1 to recover)
scrape-error     CR15499322363102625793 v2  (Step 1 tag: html5-banner-no-mp4; re-run Step 1 to recover)
scrape-error     CR15499322363102625793 v3  (Step 1 tag: html5-banner-no-mp4; re-run Step 1 to recover)
scrape-error     CR15499322363102625793 v4  (Step 1 tag: html5-banner-no-mp4; re-run Step 1 to recover)
scrape-error     CR15503392411551268865 v0  (Step 1 tag: html5-banner-no-mp4; re-run Step 1 to recover)
scrape-error     CR15503392411551268865 v1  (Step 1 tag: html5-banner-no-mp4; re-run Step 1 to recover)
scrape-error     CR15503392411551268865 v2  (Step 1 tag: html5-banner-no-mp4; re-run Step 1 to recover)
scrape-error     CR15503392411551268865 v3  (Step 1 tag: html5-banner-no-mp4; re-run Step 1 to recover)
scrape-error     CR15529766646074834945 v0  (Step 1 tag: html5-banner-no-mp4; re-run Step 1 to recover)
scrape-error     CR15529766646074834945 v1  (Step 1 tag: html5-banner-no-mp4; re-run Step 1 to recover)
scrape-error     CR15529766646074834945 v2  (Step 1 tag: html5-banner-no-mp4; re-run Step 1 to recover)
scrape-error     CR15529766646074834945 v3  (Step 1 tag: html5-banner-no-mp4; re-run Step 1 to recover)
scrape-error     CR15644442616475418625 v0  (Step 1 tag: html5-banner-no-mp4; re-run Step 1 to recover)
scrape-error     CR15644442616475418625 v1  (Step 1 tag: html5-banner-no-mp4; re-run Step 1 to recover)
scrape-error     CR15644442616475418625 v2  (Step 1 tag: html5-banner-no-mp4; re-run Step 1 to recover)
scrape-error     CR15717523469291749377 v0  (Step 1 tag: html5-banner-no-mp4; re-run Step 1 to recover)
scrape-error     CR15717523469291749377 v1  (Step 1 tag: html5-banner-no-mp4; re-run Step 1 to recover)
scrape-error     CR15717523469291749377 v2  (Step 1 tag: html5-banner-no-mp4; re-run Step 1 to recover)
scrape-error     CR15717523469291749377 v3  (Step 1 tag: html5-banner-no-mp4; re-run Step 1 to recover)
scrape-error     CR15745439665794056193 v0  (Step 1 tag: html5-banner-no-mp4; re-run Step 1 to recover)
scrape-error     CR15745439665794056193 v1  (Step 1 tag: html5-banner-no-mp4; re-run Step 1 to recover)
scrape-error     CR15745439665794056193 v2  (Step 1 tag: html5-banner-no-mp4; re-run Step 1 to recover)
scrape-error     CR15745439665794056193 v3  (Step 1 tag: html5-banner-no-mp4; re-run Step 1 to recover)
scrape-error     CR15791378283804753921 v0  (Step 1 tag: html5-banner-no-mp4; re-run Step 1 to recover)
scrape-error     CR15791378283804753921 v1  (Step 1 tag: html5-banner-no-mp4; re-run Step 1 to recover)
scrape-error     CR15791378283804753921 v2  (Step 1 tag: html5-banner-no-mp4; re-run Step 1 to recover)
scrape-error     CR15791378283804753921 v3  (Step 1 tag: html5-banner-no-mp4; re-run Step 1 to recover)
scrape-error     CR15901501013345959937 v0  (Step 1 tag: html5-banner-no-mp4; re-run Step 1 to recover)
scrape-error     CR15901501013345959937 v1  (Step 1 tag: html5-banner-no-mp4; re-run Step 1 to recover)
scrape-error     CR15906167340694241281 v0  (Step 1 tag: html5-banner-no-mp4; re-run Step 1 to recover)
scrape-error     CR15906167340694241281 v1  (Step 1 tag: html5-banner-no-mp4; re-run Step 1 to recover)
scrape-error     CR15906167340694241281 v2  (Step 1 tag: html5-banner-no-mp4; re-run Step 1 to recover)
scrape-error     CR15906167340694241281 v3  (Step 1 tag: html5-banner-no-mp4; re-run Step 1 to recover)
carried-forward  CR16136154343949729793 v0  → https://pub-893b4a6a607b4221a894bf861da7914e.r2.dev/g_CR16136154343949729793.jpg
scrape-error     CR16320445558055501825 v0  (Step 1 tag: html5-banner-no-mp4; re-run Step 1 to recover)
scrape-error     CR16320445558055501825 v1  (Step 1 tag: html5-banner-no-mp4; re-run Step 1 to recover)
scrape-error     CR16320445558055501825 v2  (Step 1 tag: html5-banner-no-mp4; re-run Step 1 to recover)
scrape-error     CR16320445558055501825 v3  (Step 1 tag: html5-banner-no-mp4; re-run Step 1 to recover)
scrape-error     CR16375494909802577921 v0  (Step 1 tag: html5-banner-no-mp4; re-run Step 1 to recover)
scrape-error     CR16375494909802577921 v1  (Step 1 tag: html5-banner-no-mp4; re-run Step 1 to recover)
scrape-error     CR16375494909802577921 v2  (Step 1 tag: html5-banner-no-mp4; re-run Step 1 to recover)
scrape-error     CR16375494909802577921 v3  (Step 1 tag: html5-banner-no-mp4; re-run Step 1 to recover)
scrape-error     CR16386687732014907393 v0  (Step 1 tag: html5-banner-no-mp4; re-run Step 1 to recover)
scrape-error     CR16484542780828286977 v0  (Step 1 tag: html5-banner-no-mp4; re-run Step 1 to recover)
scrape-error     CR16484542780828286977 v1  (Step 1 tag: html5-banner-no-mp4; re-run Step 1 to recover)
scrape-error     CR16484542780828286977 v2  (Step 1 tag: html5-banner-no-mp4; re-run Step 1 to recover)
scrape-error     CR16484542780828286977 v3  (Step 1 tag: html5-banner-no-mp4; re-run Step 1 to recover)
scrape-error     CR16485149754196492289 v0  (Step 1 tag: html5-banner-no-mp4; re-run Step 1 to recover)
scrape-error     CR16485149754196492289 v1  (Step 1 tag: html5-banner-no-mp4; re-run Step 1 to recover)
scrape-error     CR16485149754196492289 v2  (Step 1 tag: html5-banner-no-mp4; re-run Step 1 to recover)
scrape-error     CR16572687054614298625 v0  (Step 1 tag: html5-banner-no-mp4; re-run Step 1 to recover)
scrape-error     CR16572687054614298625 v1  (Step 1 tag: html5-banner-no-mp4; re-run Step 1 to recover)
scrape-error     CR16572687054614298625 v2  (Step 1 tag: html5-banner-no-mp4; re-run Step 1 to recover)
scrape-error     CR16657325853402726401 v0  (Step 1 tag: html5-banner-no-mp4; re-run Step 1 to recover)
scrape-error     CR16657325853402726401 v1  (Step 1 tag: html5-banner-no-mp4; re-run Step 1 to recover)
scrape-error     CR16657325853402726401 v2  (Step 1 tag: html5-banner-no-mp4; re-run Step 1 to recover)
scrape-error     CR16700473026138865665 v0  (Step 1 tag: html5-banner-no-mp4; re-run Step 1 to recover)
scrape-error     CR16700473026138865665 v1  (Step 1 tag: html5-banner-no-mp4; re-run Step 1 to recover)
scrape-error     CR16700473026138865665 v2  (Step 1 tag: html5-banner-no-mp4; re-run Step 1 to recover)
scrape-error     CR16700473026138865665 v3  (Step 1 tag: html5-banner-no-mp4; re-run Step 1 to recover)
scrape-error     CR16724389491397099521 v0  (Step 1 tag: html5-banner-no-mp4; re-run Step 1 to recover)
scrape-error     CR16724389491397099521 v1  (Step 1 tag: html5-banner-no-mp4; re-run Step 1 to recover)
scrape-error     CR16724389491397099521 v2  (Step 1 tag: html5-banner-no-mp4; re-run Step 1 to recover)
scrape-error     CR16724389491397099521 v3  (Step 1 tag: html5-banner-no-mp4; re-run Step 1 to recover)
scrape-error     CR16790182042410156033 v0  (Step 1 tag: html5-banner-no-mp4; re-run Step 1 to recover)
scrape-error     CR16790182042410156033 v1  (Step 1 tag: html5-banner-no-mp4; re-run Step 1 to recover)
scrape-error     CR16790182042410156033 v2  (Step 1 tag: html5-banner-no-mp4; re-run Step 1 to recover)
scrape-error     CR16790182042410156033 v3  (Step 1 tag: html5-banner-no-mp4; re-run Step 1 to recover)
scrape-error     CR17178941548373475329 v0  (Step 1 tag: html5-banner-no-mp4; re-run Step 1 to recover)
scrape-error     CR17178941548373475329 v1  (Step 1 tag: html5-banner-no-mp4; re-run Step 1 to recover)
scrape-error     CR17178941548373475329 v2  (Step 1 tag: html5-banner-no-mp4; re-run Step 1 to recover)
scrape-error     CR17178941548373475329 v3  (Step 1 tag: html5-banner-no-mp4; re-run Step 1 to recover)
scrape-error     CR17226006805025390593 v0  (Step 1 tag: html5-banner-no-mp4; re-run Step 1 to recover)
scrape-error     CR17226006805025390593 v1  (Step 1 tag: html5-banner-no-mp4; re-run Step 1 to recover)
scrape-error     CR17226006805025390593 v2  (Step 1 tag: html5-banner-no-mp4; re-run Step 1 to recover)
scrape-error     CR17226006805025390593 v3  (Step 1 tag: html5-banner-no-mp4; re-run Step 1 to recover)
scrape-error     CR17226006805025390593 v4  (Step 1 tag: html5-banner-no-mp4; re-run Step 1 to recover)
scrape-error     CR17232173965745586177 v0  (Step 1 tag: html5-banner-no-mp4; re-run Step 1 to recover)
scrape-error     CR17232173965745586177 v1  (Step 1 tag: html5-banner-no-mp4; re-run Step 1 to recover)
scrape-error     CR17232173965745586177 v2  (Step 1 tag: html5-banner-no-mp4; re-run Step 1 to recover)
scrape-error     CR17232173965745586177 v3  (Step 1 tag: html5-banner-no-mp4; re-run Step 1 to recover)
scrape-error     CR17306694637628424193 v0  (Step 1 tag: html5-banner-no-mp4; re-run Step 1 to recover)
scrape-error     CR17306694637628424193 v1  (Step 1 tag: html5-banner-no-mp4; re-run Step 1 to recover)
scrape-error     CR17306694637628424193 v2  (Step 1 tag: html5-banner-no-mp4; re-run Step 1 to recover)
scrape-error     CR17306694637628424193 v3  (Step 1 tag: html5-banner-no-mp4; re-run Step 1 to recover)
scrape-error     CR17306694637628424193 v4  (Step 1 tag: html5-banner-no-mp4; re-run Step 1 to recover)
scrape-error     CR17336333176145969153 v0  (Step 1 tag: html5-banner-no-mp4; re-run Step 1 to recover)
scrape-error     CR17336333176145969153 v1  (Step 1 tag: html5-banner-no-mp4; re-run Step 1 to recover)
scrape-error     CR17336333176145969153 v2  (Step 1 tag: html5-banner-no-mp4; re-run Step 1 to recover)
scrape-error     CR17336333176145969153 v3  (Step 1 tag: html5-banner-no-mp4; re-run Step 1 to recover)
scrape-error     CR17366205189085724673 v0  (Step 1 tag: html5-banner-no-mp4; re-run Step 1 to recover)
scrape-error     CR17366205189085724673 v1  (Step 1 tag: html5-banner-no-mp4; re-run Step 1 to recover)
scrape-error     CR17366205189085724673 v2  (Step 1 tag: html5-banner-no-mp4; re-run Step 1 to recover)
scrape-error     CR17366205189085724673 v3  (Step 1 tag: html5-banner-no-mp4; re-run Step 1 to recover)
scrape-error     CR17460610314008526849 v0  (Step 1 tag: html5-banner-no-mp4; re-run Step 1 to recover)
scrape-error     CR17460610314008526849 v1  (Step 1 tag: html5-banner-no-mp4; re-run Step 1 to recover)
scrape-error     CR17460610314008526849 v2  (Step 1 tag: html5-banner-no-mp4; re-run Step 1 to recover)
scrape-error     CR17460610314008526849 v3  (Step 1 tag: html5-banner-no-mp4; re-run Step 1 to recover)
scrape-error     CR17460610314008526849 v4  (Step 1 tag: html5-banner-no-mp4; re-run Step 1 to recover)
scrape-error     CR17568883579092467713 v0  (Step 1 tag: html5-banner-no-mp4; re-run Step 1 to recover)
scrape-error     CR17568883579092467713 v1  (Step 1 tag: html5-banner-no-mp4; re-run Step 1 to recover)
scrape-error     CR17568883579092467713 v2  (Step 1 tag: html5-banner-no-mp4; re-run Step 1 to recover)
scrape-error     CR17568883579092467713 v3  (Step 1 tag: html5-banner-no-mp4; re-run Step 1 to recover)
scrape-error     CR17597063117219561473 v0  (Step 1 tag: html5-banner-no-mp4; re-run Step 1 to recover)
scrape-error     CR17597063117219561473 v1  (Step 1 tag: html5-banner-no-mp4; re-run Step 1 to recover)
scrape-error     CR17597063117219561473 v2  (Step 1 tag: html5-banner-no-mp4; re-run Step 1 to recover)
scrape-error     CR17597063117219561473 v3  (Step 1 tag: html5-banner-no-mp4; re-run Step 1 to recover)
scrape-error     CR17654615129230147585 v0  (Step 1 tag: html5-banner-no-mp4; re-run Step 1 to recover)
scrape-error     CR17654615129230147585 v1  (Step 1 tag: html5-banner-no-mp4; re-run Step 1 to recover)
scrape-error     CR17654615129230147585 v2  (Step 1 tag: html5-banner-no-mp4; re-run Step 1 to recover)
scrape-error     CR17654615129230147585 v3  (Step 1 tag: html5-banner-no-mp4; re-run Step 1 to recover)
scrape-error     CR17654615129230147585 v4  (Step 1 tag: html5-banner-no-mp4; re-run Step 1 to recover)
scrape-error     CR17654615129230147585 v5  (Step 1 tag: html5-banner-no-mp4; re-run Step 1 to recover)
scrape-error     CR17696936225136443393 v0  (Step 1 tag: html5-banner-no-mp4; re-run Step 1 to recover)
scrape-error     CR17696936225136443393 v1  (Step 1 tag: html5-banner-no-mp4; re-run Step 1 to recover)
scrape-error     CR17696936225136443393 v2  (Step 1 tag: html5-banner-no-mp4; re-run Step 1 to recover)
scrape-error     CR17696936225136443393 v3  (Step 1 tag: html5-banner-no-mp4; re-run Step 1 to recover)
scrape-error     CR17696936225136443393 v4  (Step 1 tag: html5-banner-no-mp4; re-run Step 1 to recover)
scrape-error     CR17887535672458215425 v0  (Step 1 tag: html5-banner-no-mp4; re-run Step 1 to recover)
scrape-error     CR17887535672458215425 v1  (Step 1 tag: html5-banner-no-mp4; re-run Step 1 to recover)
scrape-error     CR17887535672458215425 v2  (Step 1 tag: html5-banner-no-mp4; re-run Step 1 to recover)
scrape-error     CR17887535672458215425 v3  (Step 1 tag: html5-banner-no-mp4; re-run Step 1 to recover)
scrape-error     CR18009011254693199873 v0  (Step 1 tag: html5-banner-no-mp4; re-run Step 1 to recover)
scrape-error     CR18009011254693199873 v1  (Step 1 tag: html5-banner-no-mp4; re-run Step 1 to recover)
scrape-error     CR18009011254693199873 v2  (Step 1 tag: html5-banner-no-mp4; re-run Step 1 to recover)
scrape-error     CR18009011254693199873 v3  (Step 1 tag: html5-banner-no-mp4; re-run Step 1 to recover)
scrape-error     CR18047545778582323201 v0  (Step 1 tag: html5-banner-no-mp4; re-run Step 1 to recover)
scrape-error     CR18047545778582323201 v1  (Step 1 tag: html5-banner-no-mp4; re-run Step 1 to recover)
scrape-error     CR18047545778582323201 v2  (Step 1 tag: html5-banner-no-mp4; re-run Step 1 to recover)
scrape-error     CR18047545778582323201 v3  (Step 1 tag: html5-banner-no-mp4; re-run Step 1 to recover)
scrape-error     CR18166541077333409793 v0  (Step 1 tag: html5-banner-no-mp4; re-run Step 1 to recover)
scrape-error     CR18166541077333409793 v1  (Step 1 tag: html5-banner-no-mp4; re-run Step 1 to recover)
scrape-error     CR18166541077333409793 v2  (Step 1 tag: html5-banner-no-mp4; re-run Step 1 to recover)
scrape-error     CR18166541077333409793 v3  (Step 1 tag: html5-banner-no-mp4; re-run Step 1 to recover)
scrape-error     CR18263089863383318529 v0  (Step 1 tag: html5-banner-no-mp4; re-run Step 1 to recover)
scrape-error     CR18263089863383318529 v1  (Step 1 tag: html5-banner-no-mp4; re-run Step 1 to recover)
scrape-error     CR18263089863383318529 v2  (Step 1 tag: html5-banner-no-mp4; re-run Step 1 to recover)
scrape-error     CR18358005247600754689 v0  (Step 1 tag: html5-banner-no-mp4; re-run Step 1 to recover)
scrape-error     CR18358005247600754689 v1  (Step 1 tag: html5-banner-no-mp4; re-run Step 1 to recover)
scrape-error     CR18408405280070041601 v0  (Step 1 tag: html5-banner-no-mp4; re-run Step 1 to recover)
scrape-error     CR18408405280070041601 v1  (Step 1 tag: html5-banner-no-mp4; re-run Step 1 to recover)
scrape-error     CR18408405280070041601 v2  (Step 1 tag: html5-banner-no-mp4; re-run Step 1 to recover)
scrape-error     CR18408405280070041601 v3  (Step 1 tag: html5-banner-no-mp4; re-run Step 1 to recover)
scrape-error     CR18421546479836463105 v0  (Step 1 tag: html5-banner-no-mp4; re-run Step 1 to recover)
scrape-error     CR18421546479836463105 v1  (Step 1 tag: html5-banner-no-mp4; re-run Step 1 to recover)
scrape-error     CR18421546479836463105 v2  (Step 1 tag: html5-banner-no-mp4; re-run Step 1 to recover)
scrape-error     CR18421546479836463105 v3  (Step 1 tag: html5-banner-no-mp4; re-run Step 1 to recover)
